$TEST_TMPDIR defined, some defaults will be overridden
Another command holds the output base lock: 
pid=3298445
owner=client
cwd=/media/jefferson/11c42dee-73a3-4c2b-ab42-a0440011d9e0/.s-core-build/runs/communication-review-pb5v82w4/workspaces/560

Waiting for it to complete...
OpenJDK 64-Bit Server VM warning: Options -Xverify:none and -noverify were deprecated in JDK 13 and will likely be removed in a future release.
Computing main repo mapping: 
Computing main repo mapping: 
Computing main repo mapping: 
Computing main repo mapping: 
Computing main repo mapping: 
Computing main repo mapping: 
Computing main repo mapping: 
Computing main repo mapping: 
Computing main repo mapping: 
Loading: 
Loading: 6 packages loaded
Analyzing: 5 targets (10 packages loaded, 0 targets configured)
Analyzing: 5 targets (10 packages loaded, 0 targets configured)

Analyzing: 5 targets (101 packages loaded, 9 targets configured)

Analyzing: 5 targets (157 packages loaded, 395 targets configured)

Analyzing: 5 targets (203 packages loaded, 8996 targets configured)

Analyzing: 5 targets (359 packages loaded, 14353 targets configured)

Analyzing: 5 targets (371 packages loaded, 14951 targets configured)

INFO: Analyzed 5 targets (372 packages loaded, 19995 targets configured).
[51 / 289] checking cached actions
[269 / 316] [Prepa] Clippy //score/mw/com/impl/rust/com-api/com-api-ffi-lola:bridge_ffi_rs
INFO: From Action score/mw/com/impl/rust/com-api/com-api-ffi-lola/bridge_ffi_rs.AspectRulesLintClippy.out:
warning: this returns a `Result<_, ()>`
   --> score/mw/com/impl/rust/com-api/com-api-ffi-lola/bridge_ffi.rs:283:5
    |
283 |     fn find_service(&self, instance_specifier: InstanceSpecifier) -> Result<HandleContainer, ()>;
    |     ^^^^^^^^^^^^^^^^^^^^^^^^^^^^^^^^^^^^^^^^^^^^^^^^^^^^^^^^^^^^^^^^^^^^^^^^^^^^^^^^^^^^^^^^^^^^
    |
    = help: use a custom `Error` type instead
    = help: for further information visit https://rust-lang.github.io/rust-clippy/master/index.html#result_unit_err
    = note: `#[warn(clippy::result_unit_err)]` on by default

warning: 1 warning emitted
INFO: From Action score/mw/com/impl/rust/com-api/com-api-ffi-lola/bridge_ffi_rs.AspectRulesLintClippy.report:
Successfully wrote output to bazel-out/k8-fastbuild/bin/score/mw/com/impl/rust/com-api/com-api-ffi-lola/bridge_ffi_rs.AspectRulesLintClippy.report
INFO: From Action score/mw/com/rust/score_com_concept/score_com_concept.AspectRulesLintClippy.out:

INFO: From Action score/mw/com/rust/score_com_concept/score_com_concept.AspectRulesLintClippy.report:
Successfully wrote output to bazel-out/k8-fastbuild/bin/score/mw/com/rust/score_com_concept/score_com_concept.AspectRulesLintClippy.report
INFO: From Action score/mw/com/impl/rust/com-api/com-api-ffi-lola/bridge_ffi_lola.AspectRulesLintClippy.out:

INFO: From Action score/mw/com/impl/rust/com-api/com-api-ffi-lola/bridge_ffi_lola.AspectRulesLintClippy.report:
Successfully wrote output to bazel-out/k8-fastbuild/bin/score/mw/com/impl/rust/com-api/com-api-ffi-lola/bridge_ffi_lola.AspectRulesLintClippy.report
[310 / 316] Clippy //score/mw/com/impl/rust/com-api/com-api-runtime-lola:com-api-runtime-lola; 0s linux-sandbox ... (2 actions, 1 running)
INFO: From Action score/mw/com/rust/score_com.AspectRulesLintClippy.out:

INFO: From Action score/mw/com/rust/score_com.AspectRulesLintClippy.report:
Successfully wrote output to bazel-out/k8-fastbuild/bin/score/mw/com/rust/score_com.AspectRulesLintClippy.report
INFO: From Action score/mw/com/impl/rust/com-api/com-api-runtime-lola/com-api-runtime-lola.AspectRulesLintClippy.out:
warning: transmute used without annotations
    --> score/mw/com/impl/rust/com-api/com-api-runtime-lola/consumer.rs:1027:68
     |
1027 |         let callable = unsafe { FindServiceCallable::new(std::mem::transmute(dyn_callback)) };
     |                                                                    ^^^^^^^^^ help: consider adding missing annotations: `transmute::<std::boxed::Box<dyn std::ops::FnMut(bridge_ffi_rs::HandleContainer, bridge_ffi_rs::NativeFindServiceHandle) + std::marker::Send>, bridge_ffi_rs::FatPtr>`
     |
     = help: for further information visit https://rust-lang.github.io/rust-clippy/master/index.html#missing_transmute_annotations
     = note: `#[warn(clippy::missing_transmute_annotations)]` on by default

warning: using `clone` on type `TypeOperationsManager` which implements the `Copy` trait
    --> score/mw/com/impl/rust/com-api/com-api-runtime-lola/consumer.rs:1241:31
     |
1241 |                     type_ops: type_ops.clone(),
     |                               ^^^^^^^^^^^^^^^^ help: try dereferencing it: `*type_ops`
     |
     = help: for further information visit https://rust-lang.github.io/rust-clippy/master/index.html#clone_on_copy
     = note: `#[warn(clippy::clone_on_copy)]` on by default

warning: 2 warnings emitted
INFO: From Action score/mw/com/impl/rust/com-api/com-api-runtime-lola/com-api-runtime-lola.AspectRulesLintClippy.report:
Successfully wrote output to bazel-out/k8-fastbuild/bin/score/mw/com/impl/rust/com-api/com-api-runtime-lola/com-api-runtime-lola.AspectRulesLintClippy.report
INFO: Found 5 targets...
INFO: Elapsed time: 192.942s, Critical Path: 1.41s
INFO: 16 processes: 316 action cache hit, 1 internal, 15 linux-sandbox.
INFO: Build completed successfully, 16 total actions
