$TEST_TMPDIR defined, some defaults will be overridden
OpenJDK 64-Bit Server VM warning: Options -Xverify:none and -noverify were deprecated in JDK 13 and will likely be removed in a future release.
INFO: Invocation ID: 5dc34204-7b01-4c08-91a0-d1a7a2c90bce
Computing main repo mapping: 
Loading: 
Loading: 0 packages loaded
Analyzing: target //:docs_check (1 packages loaded)
Analyzing: target //:docs_check (1 packages loaded, 0 targets configured)
Analyzing: target //:docs_check (1 packages loaded, 0 targets configured)

Analyzing: target //:docs_check (239 packages loaded, 1567 targets configured)

Analyzing: target //:docs_check (282 packages loaded, 7154 targets configured)

INFO: Analyzed target //:docs_check (347 packages loaded, 24966 targets configured).
[1 / 1] no actions running
[30 / 146] Creating runfiles tree bazel-out/k8-fastbuild/bin/docs_check.runfiles; 0s local ... (6 actions running)
[32 / 146] Creating runfiles tree bazel-out/k8-fastbuild/bin/docs_check.runfiles; 5s local ... (7 actions, 6 running)
[34 / 146] Creating runfiles tree bazel-out/k8-fastbuild/bin/docs_check.runfiles; 7s local ... (7 actions, 6 running)
[101 / 146] Creating runfiles tree bazel-out/k8-fastbuild/bin/docs_check.runfiles; 8s local ... (10 actions, 9 running)
[120 / 146] Creating runfiles tree bazel-out/k8-fastbuild/bin/docs_check.runfiles; 9s local ... (6 actions running)
[122 / 146] Creating runfiles tree bazel-out/k8-fastbuild/bin/docs_check.runfiles; 11s local ... (8 actions, 6 running)
[124 / 146] Creating runfiles tree bazel-out/k8-fastbuild/bin/docs_check.runfiles; 12s local ... (6 actions running)
[124 / 146] Creating runfiles tree bazel-out/k8-fastbuild/bin/docs_check.runfiles; 22s local ... (6 actions running)
[134 / 146] Creating runfiles tree bazel-out/k8-fastbuild/bin/docs_check.runfiles; 40s local ... (2 actions, 1 running)
[143 / 146] Executing genrule @@score_docs_as_code+//src/extensions/score_metamodel/docs:generate_metamodel_rst [for tool]; 1s disk-cache, linux-sandbox ... (2 actions running)
INFO: Found 1 target...
Target //:docs_check up-to-date:
  bazel-bin/docs_check
  bazel-bin/docs_check.venv.pth
INFO: Elapsed time: 52.179s, Critical Path: 45.69s
INFO: 103 processes: 49 action cache hit, 7 internal, 94 linux-sandbox, 2 worker.
INFO: Build completed successfully, 103 total actions
INFO: Running command line: bazel-bin/docs_check
Running Sphinx v9.1.0
loading translations [en]... done
Cleared default Sphinx-Needs types: {'spec', 'req', 'impl', 'test', 'need'}
score_mounts: added 0 data mount(s)
score_mounts: registered 0 mount(s)
loading pickled environment... The configuration has changed (16 options: 'html_css_files', 'html_permalinks_icon', 'html_static_path', 'html_theme_options', 'mounts_manifest', ...)
done
myst v5.1.0: MdParserConfig(commonmark_only=False, gfm_only=False, enable_extensions={'colon_fence'}, disable_syntax=[], all_links_external=False, links_external_new_tab=False, url_schemes=('http', 'https', 'mailto', 'ftp'), ref_domains=None, fence_as_directive=set(), number_code_blocks=[], title_to_header=False, heading_anchors=4, heading_slug_func=<function make_id at 0x74504bbcd300>, html_meta={}, footnote_sort=True, footnote_transition=True, words_per_minute=200, substitutions={}, linkify_fuzzy_links=True, dmath_allow_labels=True, dmath_allow_space=True, dmath_allow_digits=True, dmath_double_inline=False, update_mathjax=True, mathjax_classes='tex2jax_process|mathjax_process|math|output_area', enable_checkboxes=False, strikethrough_single_tilde=False, colon_fence_exact_match=False, suppress_warnings=[], highlight_code_blocks=True)
building [mo]: targets for 0 po files that are out of date
writing output... 
building [needs]: targets for 0 source files that are out of date
updating environment: [config changed ('runfiles_dir')] 319 added, 25 changed, 0 removed
Path 'needs.flow_configs.score_config' matches pattern 'needs_flow_configs.score_config' (prefix='!include ', suffix=None)
Relativizing embedded string path at 'needs.flow_configs.score_config': !include /media/jefferson/11c42dee-73a3-4c2b-ab42-a0440011d9e0/.s-core-build/runs/score-3115-review-14n7mwek/cache/score-base/execroot/_main/bazel-out/k8-fastbuild/bin/docs_check.runfiles/score_docs_as_code+/src/extensions/score_layout/assets/puml-theme-score.puml -> !include ../cache/score-base/external/score_docs_as_code+/src/extensions/score_layout/assets/puml-theme-score.puml
Path 'needs.external_needs[0].json_path' matches pattern 'needs_external_needs[*].json_path' (prefix=None, suffix=None)
Relativizing path at 'needs.external_needs[0].json_path': /media/jefferson/11c42dee-73a3-4c2b-ab42-a0440011d9e0/.s-core-build/runs/score-3115-review-14n7mwek/cache/score-base/execroot/_main/bazel-out/k8-fastbuild/bin/docs_check.runfiles/score_docs_as_code+/needs_json/_build/needs/needs.json -> bazel-bin/external/score_docs_as_code+/needs_json/_build/needs/needs.json
Path 'needs.external_needs[1].json_path' matches pattern 'needs_external_needs[*].json_path' (prefix=None, suffix=None)
Relativizing path at 'needs.external_needs[1].json_path': /media/jefferson/11c42dee-73a3-4c2b-ab42-a0440011d9e0/.s-core-build/runs/score-3115-review-14n7mwek/cache/score-base/execroot/_main/bazel-out/k8-fastbuild/bin/docs_check.runfiles/score_process_description+/needs_json/_build/needs/needs.json -> bazel-bin/external/score_process_description+/needs_json/_build/needs/needs.json
Merged TOML configuration from '/media/jefferson/11c42dee-73a3-4c2b-ab42-a0440011d9e0/.s-core-build/runs/score-3115-review-14n7mwek/cache/score-base/execroot/_main/bazel-out/k8-fastbuild/bin/docs_check.runfiles/score_docs_as_code+/src/extensions/score_sync_toml/shared.toml'
Updated needs configuration written to '/media/jefferson/11c42dee-73a3-4c2b-ab42-a0440011d9e0/.s-core-build/runs/score-3115-review-14n7mwek/score/ubproject.toml'
reading sources... [  3%] architecture/index .. contribute/development/cpp/index
reading sources... [  6%] contribute/development/cpp/misra_2023_rule_mapping .. contribute/development/rust/certification/toolchain/compiler
reading sources... [  8%] contribute/development/rust/certification/toolchain/index .. contribute/development/rust/index
reading sources... [ 11%] contribute/development/rust/rust_api_design .. contribute/general/git
reading sources... [ 14%] contribute/general/index .. design_decisions/architecture/index
reading sources... [ 17%] design_decisions/index .. design_decisions/infrastructure/DR-008-infra
reading sources... [ 19%] design_decisions/infrastructure/DR-010-infra .. design_decisions/strategy/DR-001-strat
reading sources... [ 22%] design_decisions/strategy/DR-002-strat .. features/ai_platform/requirements/index
reading sources... [ 25%] features/baselibs/architecture/index .. features/communication/index
reading sources... [ 28%] features/communication/ipc/architecture/index .. features/communication/some_ip_gateway/architecture/index
reading sources... [ 31%] features/communication/some_ip_gateway/index .. features/diagnostics/architecture/index
reading sources... [ 33%] features/diagnostics/index .. features/frameworks/feo/requirements/aou_req
reading sources... [ 36%] features/frameworks/feo/requirements/chklst_req_inspection .. features/lifecycle/architecture/index
reading sources... [ 39%] features/lifecycle/glossary .. features/log_and_trace/logging/requirements/index
reading sources... [ 42%] features/log_and_trace/tracing/architecture/index .. features/persistency/architecture/index
reading sources... [ 44%] features/persistency/index .. features/time/requirements/aou_req
reading sources... [ 47%] features/time/requirements/index .. modules/communication/docs/release/release_note
reading sources... [ 50%] modules/communication/docs/requirements/aou_req .. modules/communication/frontent/docs/index
reading sources... [ 53%] modules/communication/index .. modules/communication/lola/docs/safety_analysis/dfa
reading sources... [ 56%] modules/communication/lola/docs/safety_analysis/fmea .. modules/feo/docs/release/release_note
reading sources... [ 58%] modules/feo/docs/safety_mgt/index .. modules/feo/feo/docs/detailed_design/chklst_dd_inspection
reading sources... [ 61%] modules/feo/feo/docs/detailed_design/component_detailed_design .. modules/feo/feo_com/docs/index
reading sources... [ 64%] modules/feo/feo_log/docs/index .. modules/orchestrator/docs/release/release_note
reading sources... [ 67%] modules/orchestrator/docs/safety_mgt/index .. modules/orchestrator/executor/docs/detailed_design/index
reading sources... [ 69%] modules/orchestrator/executor/docs/index .. modules/orchestrator/orchestrator/docs/detailed_design/index
reading sources... [ 72%] modules/orchestrator/orchestrator/docs/index .. modules/os/docs/requirements/index
reading sources... [ 75%] modules/os/index .. modules/os/operating_systems/docs/community/autosd
reading sources... [ 78%] modules/os/operating_systems/docs/community/ebclfsa .. modules/tracing/tracing/docs/architecture/index
reading sources... [ 81%] modules/tracing/tracing/docs/index .. platform_management_plan/quality_management
reading sources... [ 83%] platform_management_plan/release_management .. platform_management_plan/software_verification
reading sources... [ 86%] platform_management_plan/tool_management .. safety/fdr_reports_safety_platform_safety_plan
reading sources... [ 89%] safety/index .. score_tools/tools_compiler/gcc
reading sources... [ 92%] score_tools/tools_compiler/index .. score_tools/tools_static_analysis_code_quality/clippy
reading sources... [ 94%] score_tools/tools_static_analysis_code_quality/index .. users_guide/building_simple_application/building_source_code
reading sources... [ 97%] users_guide/building_simple_application/cicd_workflows .. users_guide/project_basics/module_structure_overview
reading sources... [100%] users_guide/project_basics/software_architecture_overview .. users_guide/whats_next/index

tests-report folder not found. Defaulting to `bazel-testlogs`. Searching for test.xml files in there
Found 3 test files in total. Parsing them now
Tests missing all properties: tools/format/format.check_YAML_with_yamlfmt
Tests missing all properties: tools/format/format.check_Starlark_with_buildifier
Tests missing all properties: tools/format/format.check_Python_with_ruff
Saving 3 test case needs to the cache `score_testcaseneeds_cache.json` in _build/.
Saving 0 parsed testcases to the cache `score_xml_parser_cache.json` in _build/.
looking for now-outdated files... none found
pickling environment... done
checking consistency... done
Schema validation completed with 0 warning(s) in 0.988 seconds. Validated 2300 needs/s.
Needs successfully exported
Traceability metrics written to: /media/jefferson/11c42dee-73a3-4c2b-ab42-a0440011d9e0/.s-core-build/runs/score-3115-review-14n7mwek/score/_build/metrics.json
build succeeded.
docs (check) finished in 13.1 seconds
