$TEST_TMPDIR defined, some defaults will be overridden
OpenJDK 64-Bit Server VM warning: Options -Xverify:none and -noverify were deprecated in JDK 13 and will likely be removed in a future release.
INFO: Invocation ID: ddafdb96-20af-45cc-9440-b2c86bf2d4d8
Computing main repo mapping: 
Loading: 
Loading: 0 packages loaded
Analyzing: target //:copyright.check (1 packages loaded)
Analyzing: target //:copyright.check (1 packages loaded, 0 targets configured)
Analyzing: target //:copyright.check (1 packages loaded, 0 targets configured)

Analyzing: target //:copyright.check (235 packages loaded, 1514 targets configured)

Analyzing: target //:copyright.check (347 packages loaded, 14401 targets configured)

INFO: Analyzed target //:copyright.check (349 packages loaded, 24979 targets configured).
[1 / 1] no actions running
WARNING: Directory artifact tools crosses package boundary into package rooted at tools/format
[147 / 148] Creating runfiles tree bazel-out/k8-fastbuild/bin/copyright.check.runfiles; 1s local
[147 / 148] Creating runfiles tree bazel-out/k8-fastbuild/bin/copyright.check.runfiles; 11s local
INFO: Found 1 target...
Target //:copyright.check up-to-date:
  bazel-bin/copyright.check
  bazel-bin/copyright.check.venv.pth
INFO: Elapsed time: 17.374s, Critical Path: 11.84s
INFO: 2 processes: 152 action cache hit, 2 internal.
INFO: Build completed successfully, 2 total actions
INFO: Running command line: bazel-bin/copyright.check -t ../score_tooling+/cr_checker/resources/templates.ini -c ../score_tooling+/cr_checker/resources/config.json ./.github ./_score_docs_cli ./tools ./BUILD ./MODULE.bazel
[32mINFO:[0m ================================================================
[32mINFO:[0m Process completed.
[32mINFO:[0m Total files without copyright: [32m0[0m
[32mINFO:[0m ================================================================
