COMMAND ["docker", "run", "--rm", "--network", "none", "--user", "1000:1000", "--cap-add", "SYS_NICE", "--ulimit", "rtprio=3:3", "-v", "/media/jefferson/11c42dee-73a3-4c2b-ab42-a0440011d9e0/threadx-contributions/744/source:/work", "-v", "/media/jefferson/11c42dee-73a3-4c2b-ab42-a0440011d9e0/threadx-contributions/744/evidence:/evidence", "-w", "/work", "threadx-contribution-checks:744", "ctest", "--test-dir", "/work/test/smp/cmake/build/disable_notify_callbacks_build", "-R", "threadx_smp_random_resume_suspend_exclusion_pt_test$", "--repeat", "until-fail:10", "--output-on-failure", "--output-junit", "/evidence/diagnostics/smp-repeat.xml"]
Internal ctest changing into directory: /work/test/smp/cmake/build/disable_notify_callbacks_build
Test project /work/test/smp/cmake/build/disable_notify_callbacks_build
    Start 67: disable_notify_callbacks_build::threadx_smp_random_resume_suspend_exclusion_pt_test
    Test #67: disable_notify_callbacks_build::threadx_smp_random_resume_suspend_exclusion_pt_test ...   Passed    1.65 sec
    Start 67: disable_notify_callbacks_build::threadx_smp_random_resume_suspend_exclusion_pt_test
    Test #67: disable_notify_callbacks_build::threadx_smp_random_resume_suspend_exclusion_pt_test ...   Passed    1.29 sec
    Start 67: disable_notify_callbacks_build::threadx_smp_random_resume_suspend_exclusion_pt_test
    Test #67: disable_notify_callbacks_build::threadx_smp_random_resume_suspend_exclusion_pt_test ...***Failed    0.45 sec
********************** ThreadX Validation/Regression Test Suite *********************************

Version: (c) 2024 Microsoft Corp. (c) 2026-present Eclipse ThreadX contributors.  *  ThreadX SMP/Linux/gcc Version 6.5.2.202603 *

Running validation/regression test:

Running SMP Random Suspensions/Resumptions/Exclusions/PT Test....... ERROR #7
**** Testing Complete ****
**** Test Summary:  Tests Passed:  0   Tests Failed:  1    System Errors:   0


0% tests passed, 1 tests failed out of 1

Total Test time (real) =   3.40 sec

The following tests FAILED:
	 67 - disable_notify_callbacks_build::threadx_smp_random_resume_suspend_exclusion_pt_test (Failed)
Errors while running CTest
