$TEST_TMPDIR defined, some defaults will be overridden
WARNING: Duplicate rc file: /media/jefferson/11c42dee-73a3-4c2b-ab42-a0440011d9e0/.s-core-build/runs/score-rust-issue-queue-ycbvxir7/workspaces/250/quality/static_analysis/static_analysis.bazelrc is read multiple times, it is a standard rc file location but must have been unnecessarily imported earlier.
OpenJDK 64-Bit Server VM warning: Options -Xverify:none and -noverify were deprecated in JDK 13 and will likely be removed in a future release.
WARNING: The following configs were expanded more than once: [linux_x64_gcc_15]. For repeatable flags, repeats are counted twice and may lead to unexpected behavior.
Computing main repo mapping: 
Computing main repo mapping: 
WARNING: The following configs were expanded more than once: [linux_x64_gcc_15]. For repeatable flags, repeats are counted twice and may lead to unexpected behavior.
Computing main repo mapping: 
Computing main repo mapping: 
Computing main repo mapping: 
Computing main repo mapping: 
Computing main repo mapping: 
Loading: 
Loading: 5 packages loaded
Analyzing: 4 targets (8 packages loaded, 0 targets configured)
Analyzing: 4 targets (8 packages loaded, 0 targets configured)

Analyzing: 4 targets (100 packages loaded, 9 targets configured)

Analyzing: 4 targets (224 packages loaded, 8728 targets configured)

Analyzing: 4 targets (362 packages loaded, 14921 targets configured)
[1 / 1] no actions running
INFO: Analyzed 4 targets (362 packages loaded, 14921 targets configured).
[7 / 12] checking cached actions
[243 / 292] [Prepa] Compiling Rust rlib sample_allocatee_ptr_rs (1 file)
[290 / 292] [Prepa] Compiling Rust rlib score_com (1 file)
INFO: Found 4 targets...
INFO: Elapsed time: 24.901s, Critical Path: 1.47s
INFO: 7 processes: 299 action cache hit, 1 internal, 6 linux-sandbox.
INFO: Build completed successfully, 7 total actions
