$TEST_TMPDIR defined, some defaults will be overridden
WARNING: Duplicate rc file: /media/jefferson/11c42dee-73a3-4c2b-ab42-a0440011d9e0/.s-core-build/runs/score-rust-issue-queue-ycbvxir7/workspaces/250/quality/static_analysis/static_analysis.bazelrc is read multiple times, it is a standard rc file location but must have been unnecessarily imported earlier.
OpenJDK 64-Bit Server VM warning: Options -Xverify:none and -noverify were deprecated in JDK 13 and will likely be removed in a future release.
WARNING: The following configs were expanded more than once: [linux_x64_gcc_15]. For repeatable flags, repeats are counted twice and may lead to unexpected behavior.
Computing main repo mapping: 
Computing main repo mapping: 
WARNING: The following configs were expanded more than once: [linux_x64_gcc_15]. For repeatable flags, repeats are counted twice and may lead to unexpected behavior.
Computing main repo mapping: 
Computing main repo mapping: 
Computing main repo mapping: 
Computing main repo mapping: 
Computing main repo mapping: 
Loading: 
Loading: 5 packages loaded
Analyzing: 2 targets (7 packages loaded, 0 targets configured)
Analyzing: 2 targets (7 packages loaded, 0 targets configured)

Analyzing: 2 targets (104 packages loaded, 24 targets configured)

WARNING: /media/jefferson/11c42dee-73a3-4c2b-ab42-a0440011d9e0/.s-core-build/runs/score-rust-issue-queue-ycbvxir7/workspaces/250/MODULE.bazel:196:20: The module extension apt defined in @rules_distroless//apt:extensions.bzl reported incorrect imports of repositories via use_repo():

Imported, but reported as indirect dependencies by the extension:
    ubuntu24_04_sysroot_resolve

Fix the use_repo calls by running 'bazel mod tidy'.
Analyzing: 2 targets (314 packages loaded, 10122 targets configured)

Analyzing: 2 targets (508 packages loaded, 15410 targets configured)

Analyzing: 2 targets (508 packages loaded, 15595 targets configured)

Analyzing: 2 targets (510 packages loaded, 15825 targets configured)

Analyzing: 2 targets (510 packages loaded, 15825 targets configured)

Analyzing: 2 targets (526 packages loaded, 17777 targets configured)

Analyzing: 2 targets (526 packages loaded, 17777 targets configured)

Analyzing: 2 targets (526 packages loaded, 17777 targets configured)

Analyzing: 2 targets (526 packages loaded, 17777 targets configured)

Analyzing: 2 targets (540 packages loaded, 17989 targets configured)

Analyzing: 2 targets (553 packages loaded, 18588 targets configured)

Analyzing: 2 targets (559 packages loaded, 18787 targets configured)

INFO: Analyzed 2 targets (560 packages loaded, 18817 targets configured).
[64 / 1,072] [Prepa] Writing file score/mw/com/test/basic_rust_api/consumer_async_apis/integration_test/_image_test_com_api_async_loader.tags.txt
[96 / 1,534] checking cached actions
[173 / 1,534] checking cached actions
[365 / 1,534] Compiling score/mw/com/com_error_domain.cpp; 0s linux-sandbox ... (2 actions, 1 running)
INFO: From Compiling score/mw/com/com_error_domain.cpp:
In file included from ./score/mw/com/com_error_domain.h:16,
                 from score/mw/com/com_error_domain.cpp:13:
./score/mw/com/impl/com_error.h: In member function 'virtual std::string_view score::mw::com::impl::ComErrorDomain::MessageFor(const score::result::ErrorCode&) const':
./score/mw/com/impl/com_error.h:186:65: warning: 'score::mw::com::impl::ComErrc::kServiceInstanceAlreadyOffered' is deprecated: Value has never been used. Calls to OfferService shall be idempotent. [-Wdeprecated-declarations]
  186 |             case static_cast<score::result::ErrorCode>(ComErrc::kServiceInstanceAlreadyOffered):
      |                                                                 ^~~~~~~~~~~~~~~~~~~~~~~~~~~~~~
./score/mw/com/impl/com_error.h:57:5: note: declared here
   57 |     kServiceInstanceAlreadyOffered
      |     ^~~~~~~~~~~~~~~~~~~~~~~~~~~~~~
[551 / 1,534] Compiling main.c [for tool]; 0s linux-sandbox ... (2 actions, 1 running)
[653 / 1,534] Compiling score/memory/shared/string.cpp; 1s linux-sandbox ... (2 actions, 1 running)
[653 / 1,534] Compiling score/memory/shared/string.cpp; 2s linux-sandbox ... (2 actions running)
[883 / 1,534] Compiling awkgram.c [for tool]; 2s linux-sandbox ... (2 actions, 1 running)
[1,169 / 1,534] Compiling score/mw/com/test/common_test_resources/big_datatype.cpp; 0s linux-sandbox ... (2 actions, 1 running)
[1,169 / 1,534] Compiling score/mw/com/test/common_test_resources/big_datatype.cpp; 2s linux-sandbox ... (2 actions running)
[1,170 / 1,534] Compiling score/mw/com/test/common_test_resources/big_datatype.cpp; 3s linux-sandbox ... (2 actions, 1 running)
[1,172 / 1,534] Compiling score/mw/com/test/common_test_resources/big_datatype.cpp; 4s linux-sandbox ... (2 actions, 1 running)
INFO: From Compiling score/mw/com/test/common_test_resources/big_datatype.cpp:
In file included from ./score/mw/com/impl/instance_identifier.h:16,
                 from ./score/mw/com/impl/handle_type.h:18,
                 from ./score/mw/com/impl/proxy_base.h:18,
                 from ./score/mw/com/impl/generic_proxy_event.h:18,
                 from ./score/mw/com/impl/generic_proxy.h:18,
                 from ./score/mw/com/types.h:24,
                 from ./score/mw/com/test/common_test_resources/big_datatype.h:20,
                 from score/mw/com/test/common_test_resources/big_datatype.cpp:14:
./score/mw/com/impl/com_error.h: In member function 'virtual std::string_view score::mw::com::impl::ComErrorDomain::MessageFor(const score::result::ErrorCode&) const':
./score/mw/com/impl/com_error.h:186:65: warning: 'score::mw::com::impl::ComErrc::kServiceInstanceAlreadyOffered' is deprecated: Value has never been used. Calls to OfferService shall be idempotent. [-Wdeprecated-declarations]
  186 |             case static_cast<score::result::ErrorCode>(ComErrc::kServiceInstanceAlreadyOffered):
      |                                                                 ^~~~~~~~~~~~~~~~~~~~~~~~~~~~~~
./score/mw/com/impl/com_error.h:57:5: note: declared here
   57 |     kServiceInstanceAlreadyOffered
      |     ^~~~~~~~~~~~~~~~~~~~~~~~~~~~~~
[1,174 / 1,534] Compiling debug.c [for tool]; 1s linux-sandbox ... (2 actions running)
[1,175 / 1,534] Compiling score/mw/com/test/basic_rust_api/bigdata_com_api_gen.cpp; 2s linux-sandbox ... (2 actions, 1 running)
[1,175 / 1,534] Compiling score/mw/com/test/basic_rust_api/bigdata_com_api_gen.cpp; 3s linux-sandbox ... (2 actions running)
[1,176 / 1,534] Compiling score/mw/com/test/basic_rust_api/bigdata_com_api_gen.cpp; 7s linux-sandbox ... (2 actions, 1 running)
[1,178 / 1,534] Compiling score/mw/com/test/basic_rust_api/bigdata_com_api_gen.cpp; 9s linux-sandbox ... (2 actions, 1 running)
[1,180 / 1,534] Compiling score/mw/com/test/basic_rust_api/bigdata_com_api_gen.cpp; 10s linux-sandbox ... (2 actions, 1 running)
[1,182 / 1,534] Compiling score/mw/com/test/basic_rust_api/bigdata_com_api_gen.cpp; 11s linux-sandbox ... (2 actions, 1 running)
[1,182 / 1,534] Compiling score/mw/com/test/basic_rust_api/bigdata_com_api_gen.cpp; 12s linux-sandbox ... (2 actions running)
[1,183 / 1,534] Compiling score/mw/com/test/basic_rust_api/bigdata_com_api_gen.cpp; 13s linux-sandbox ... (2 actions, 1 running)
INFO: From Compiling score/mw/com/test/basic_rust_api/bigdata_com_api_gen.cpp:
In file included from ./score/mw/com/impl/instance_identifier.h:16,
                 from ./score/mw/com/impl/handle_type.h:18,
                 from ./score/mw/com/impl/proxy_base.h:18,
                 from ./score/mw/com/impl/generic_proxy_event.h:18,
                 from ./score/mw/com/impl/generic_proxy.h:18,
                 from ./score/mw/com/types.h:24,
                 from ./score/mw/com/test/common_test_resources/big_datatype.h:20,
                 from ./score/mw/com/test/basic_rust_api/bigdata_com_api_gen.h:19,
                 from score/mw/com/test/basic_rust_api/bigdata_com_api_gen.cpp:14:
./score/mw/com/impl/com_error.h: In member function 'virtual std::string_view score::mw::com::impl::ComErrorDomain::MessageFor(const score::result::ErrorCode&) const':
./score/mw/com/impl/com_error.h:186:65: warning: 'score::mw::com::impl::ComErrc::kServiceInstanceAlreadyOffered' is deprecated: Value has never been used. Calls to OfferService shall be idempotent. [-Wdeprecated-declarations]
  186 |             case static_cast<score::result::ErrorCode>(ComErrc::kServiceInstanceAlreadyOffered):
      |                                                                 ^~~~~~~~~~~~~~~~~~~~~~~~~~~~~~
./score/mw/com/impl/com_error.h:57:5: note: declared here
   57 |     kServiceInstanceAlreadyOffered
      |     ^~~~~~~~~~~~~~~~~~~~~~~~~~~~~~
[1,288 / 1,534] [Scann] Compiling printf.c [for tool]
[1,326 / 1,534] Compiling printf.c [for tool]; 1s linux-sandbox ... (2 actions, 1 running)
[1,335 / 1,534] Compiling profile.c [for tool]; 0s linux-sandbox ... (2 actions, 1 running)
[1,340 / 1,534] Compiling Rust rlib clap_builder v4.6.7 (57 files); 0s linux-sandbox ... (2 actions, 1 running)
[1,343 / 1,534] Compiling Rust rlib clap_builder v4.6.7 (57 files); 2s linux-sandbox ... (2 actions running)
[1,344 / 1,534] Compiling Rust rlib clap_builder v4.6.7 (57 files); 3s linux-sandbox ... (2 actions, 1 running)
[1,352 / 1,534] Compiling Rust rlib heck v0.5.0 (9 files) [for tool]; 0s linux-sandbox ... (2 actions, 1 running)
[1,401 / 1,534] Compiling support/regex.c [for tool]; 0s linux-sandbox ... (2 actions, 1 running)
[1,401 / 1,534] Compiling support/regex.c [for tool]; 1s linux-sandbox ... (2 actions running)
[1,402 / 1,534] Compiling Rust proc-macro clap_derive v4.6.7 (16 files) [for tool]; 5s linux-sandbox ... (2 actions, 1 running)
[1,408 / 1,534] Compiling Rust proc-macro clap_derive v4.6.7 (16 files) [for tool]; 6s linux-sandbox ... (2 actions, 1 running)
[1,412 / 1,534] Compiling Rust proc-macro clap_derive v4.6.7 (16 files) [for tool]; 7s linux-sandbox ... (2 actions, 1 running)
[1,431 / 1,534] Compiling Rust proc-macro clap_derive v4.6.7 (16 files) [for tool]; 8s linux-sandbox ... (2 actions, 1 running)
[1,444 / 1,534] Executing genrule @@rules_distroless++apt+ubuntu24_04_integration_testing_binutils-x86-64-linux-gnu_2.42-4ubuntu2.10_amd64//:data; 0s linux-sandbox
[1,447 / 1,534] Compiling Rust bin bigdata-consumer (1 file); 0s linux-sandbox ... (2 actions running)
[1,455 / 1,534] Compiling Rust bin bigdata-consumer (1 file); 1s linux-sandbox ... (2 actions, 1 running)
[1,464 / 1,534] Compiling Rust bin bigdata-consumer (1 file); 2s linux-sandbox ... (2 actions, 1 running)
[1,471 / 1,534] Compiling Rust bin bigdata-consumer (1 file); 3s linux-sandbox ... (2 actions, 1 running)
[1,481 / 1,534] Compiling Rust bin bigdata-consumer (1 file); 5s linux-sandbox ... (2 actions running)
[1,495 / 1,534] Compiling Rust bin bigdata-producer (1 file); 0s linux-sandbox ... (2 actions, 1 running)
[1,502 / 1,534] Compiling Rust bin bigdata-producer (1 file); 1s linux-sandbox ... (2 actions, 1 running)
[1,506 / 1,534] Compiling Rust bin bigdata-producer (1 file); 2s linux-sandbox ... (2 actions, 1 running)
[1,525 / 1,534] Compiling Rust bin bigdata-consumer-async (1 file); 0s linux-sandbox ... (2 actions, 1 running)
[1,527 / 1,534] Compiling Rust bin bigdata-consumer-async (1 file); 2s linux-sandbox ... (2 actions running)
[1,528 / 1,534] OCI Image //score/mw/com/test/basic_rust_api/consumer_sync_apis/integration_test:_image_test_com_api_sync; 2s linux-sandbox ... (2 actions, 1 running)
[1,530 / 1,534] OCI Image //score/mw/com/test/basic_rust_api/consumer_sync_apis/integration_test:_image_test_com_api_sync; 4s linux-sandbox ... (2 actions running)
[1,532 / 1,535] OCI Image //score/mw/com/test/basic_rust_api/consumer_async_apis/integration_test:_image_test_com_api_async; 2s linux-sandbox ... (2 actions running)
[1,534 / 1,536] Testing //score/mw/com/test/basic_rust_api/consumer_sync_apis/integration_test:test_com_api_sync; 2s linux-sandbox ... (2 actions, 1 running)
[1,534 / 1,536] Testing //score/mw/com/test/basic_rust_api/consumer_sync_apis/integration_test:test_com_api_sync; 4s linux-sandbox ... (2 actions, 1 running)
[1,534 / 1,536] Testing //score/mw/com/test/basic_rust_api/consumer_sync_apis/integration_test:test_com_api_sync; 13s linux-sandbox ... (2 actions, 1 running)
[1,534 / 1,536] Testing //score/mw/com/test/basic_rust_api/consumer_sync_apis/integration_test:test_com_api_sync; 27s linux-sandbox ... (2 actions running)
[1,535 / 1,536] 1 / 2 tests; Testing //score/mw/com/test/basic_rust_api/consumer_async_apis/integration_test:test_com_api_async; 1s linux-sandbox
[1,535 / 1,536] 1 / 2 tests; Testing //score/mw/com/test/basic_rust_api/consumer_async_apis/integration_test:test_com_api_async; 11s linux-sandbox
[1,535 / 1,536] 2 / 2 tests; Testing //score/mw/com/test/basic_rust_api/consumer_async_apis/integration_test:test_com_api_async; 23s linux-sandbox
INFO: Found 2 test targets...
INFO: Elapsed time: 144.771s, Critical Path: 71.62s
INFO: 330 processes: 1220 action cache hit, 136 internal, 194 linux-sandbox.
INFO: Build completed successfully, 330 total actions
INFO: 
//score/mw/com/test/basic_rust_api/consumer_async_apis/integration_test:test_com_api_async PASSED in 23.9s
//score/mw/com/test/basic_rust_api/consumer_sync_apis/integration_test:test_com_api_sync PASSED in 26.9s

Executed 2 out of 2 tests: 2 tests pass.
There were tests whose specified size is too big. Use the --test_verbose_timeout_warnings command line option to see which ones these are.
INFO: Build Event Protocol files produced successfully.
