$TEST_TMPDIR defined, some defaults will be overridden
OpenJDK 64-Bit Server VM warning: Options -Xverify:none and -noverify were deprecated in JDK 13 and will likely be removed in a future release.
Computing main repo mapping: 
Computing main repo mapping: 
Computing main repo mapping: 
Computing main repo mapping: 
Loading: 
Loading: 5 packages loaded
Analyzing: target //:format.check (6 packages loaded, 0 targets configured)
Analyzing: target //:format.check (6 packages loaded, 0 targets configured)

Analyzing: target //:format.check (183 packages loaded, 11434 targets configured)

DEBUG: Rule '+_repo_rules3+clang_format' indicated that a canonical reproducible form can be obtained by modifying arguments integrity = "sha256-Lj6lg0XiCgKLjDWv+WT3TfFOTNF+LVJKjvwbqeztfaI="
DEBUG: Repository +_repo_rules3+clang_format instantiated at:
  <builtin>: in <toplevel>
Repository rule file defined at:
  /media/jefferson/11c42dee-73a3-4c2b-ab42-a0440011d9e0/.s-core-build/runs/score-fabric-3fhaccha/bazel-output/3f5123dc6d61824122bb8863a64ee7e0/external/download_utils+/download/file/repository.bzl:75:23: in <toplevel>
Analyzing: target //:format.check (188 packages loaded, 12636 targets configured)

Analyzing: target //:format.check (188 packages loaded, 12636 targets configured)

INFO: Analyzed target //:format.check (198 packages loaded, 14633 targets configured).
[123 / 126] [Prepa] Compiling Rust (without process_wrapper) bin process_wrapper (6 files) [for tool]
[125 / 126] [Prepa] Compiling Rust bin rustfmt (1 file)
INFO: Found 1 target...
Target //:format.check up-to-date:
  bazel-bin/format.check.bash
INFO: Elapsed time: 14.449s, Critical Path: 1.76s
INFO: 126 processes: 122 internal, 4 processwrapper-sandbox.
INFO: Build completed successfully, 126 total actions
INFO: Running command line: bazel-bin/format.check.bash
169 files already formatted
Formatted Python in 0m0.028s
Formatted Starlark in 0m0.152s
Formatted C++ in 0m14.290s
Formatted Rust in 0m0.157s
