$TEST_TMPDIR defined, some defaults will be overridden
WARNING: Duplicate rc file: /media/jefferson/11c42dee-73a3-4c2b-ab42-a0440011d9e0/.s-core-build/runs/score-rust-issue-queue-ycbvxir7/workspaces/1264/quality/static_analysis/static_analysis.bazelrc is read multiple times, it is a standard rc file location but must have been unnecessarily imported earlier.
OpenJDK 64-Bit Server VM warning: Options -Xverify:none and -noverify were deprecated in JDK 13 and will likely be removed in a future release.
WARNING: The following configs were expanded more than once: [linux_x64_gcc_15]. For repeatable flags, repeats are counted twice and may lead to unexpected behavior.
Computing main repo mapping: 
Computing main repo mapping: 
WARNING: The following configs were expanded more than once: [linux_x64_gcc_15]. For repeatable flags, repeats are counted twice and may lead to unexpected behavior.
Computing main repo mapping: 
Computing main repo mapping: 
Computing main repo mapping: 
Computing main repo mapping: 
Computing main repo mapping: 
Computing main repo mapping: 
Computing main repo mapping: 
Computing main repo mapping: 
Loading: 
Loading: 5 packages loaded
Analyzing: 2 targets (7 packages loaded, 0 targets configured)
Analyzing: 2 targets (7 packages loaded, 0 targets configured)

Analyzing: 2 targets (98 packages loaded, 9 targets configured)

Analyzing: 2 targets (98 packages loaded, 9 targets configured)

Analyzing: 2 targets (159 packages loaded, 3158 targets configured)

Analyzing: 2 targets (159 packages loaded, 3158 targets configured)

Analyzing: 2 targets (159 packages loaded, 3158 targets configured)

Analyzing: 2 targets (221 packages loaded, 9392 targets configured)

DEBUG: Rule 'score_baselibs++_repo_rules+acl-deb' indicated that a canonical reproducible form can be obtained by modifying arguments integrity = "sha256-5AjUxw54AQdOpFkYAgilQtVPVjibpIU3BDTy0A6VCYA=" and dropping ["visibility"]
DEBUG: Repository score_baselibs++_repo_rules+acl-deb instantiated at:
  <builtin>: in <toplevel>
Repository rule deb defined at:
  /media/jefferson/11c42dee-73a3-4c2b-ab42-a0440011d9e0/.s-core-build/runs/score-rust-issue-queue-ycbvxir7/bazel-output/6329fdec1bc61cc7c2a6b9214012881d/external/download_utils+/download/deb/repository.bzl:78:22: in <toplevel>
Analyzing: 2 targets (359 packages loaded, 14883 targets configured)

INFO: Analyzed 2 targets (361 packages loaded, 14912 targets configured).
[84 / 274] [Prepa] Creating symlink external/score_toolchains_rust++ferrocene_toolchain_ext+ferrocene_x86_64_unknown_linux_gnu/rust_ferrocene/lib/rustlib/x86_64-unknown-linux-gnu/lib/libstd_detect-3fee7e8158835636.rlib
[139 / 290] [Prepa] Compiling Rust (without process_wrapper) bin process_wrapper (6 files) [for tool]
[139 / 290] Compiling Rust (without process_wrapper) bin process_wrapper (6 files) [for tool]; 1s linux-sandbox
[141 / 290] Compiling Rust rlib cargo_build_script_runner (2 files) [for tool]; 0s linux-sandbox ... (2 actions, 1 running)
[144 / 290] Compiling Rust bin runner (1 file) [for tool]; 0s linux-sandbox ... (2 actions, 1 running)
[148 / 290] Compiling Rust bin runner (1 file) [for tool]; 1s linux-sandbox ... (2 actions, 1 running)
[151 / 290] Compiling Rust rlib writeable v0.5.5 (12 files) [for tool]; 0s linux-sandbox ... (2 actions, 1 running)
[154 / 290] Compiling Rust bin _bs_ (17 files) [for tool]; 1s linux-sandbox ... (2 actions, 1 running)
[162 / 290] Compiling Rust bin _bs_ (3 files) [for tool]; 0s linux-sandbox ... (2 actions, 1 running)
[167 / 290] Compiling Rust rlib winnow v0.7.2 (93 files) [for tool]; 1s linux-sandbox ... (2 actions, 1 running)
[170 / 290] Compiling Rust rlib winnow v0.7.2 (93 files) [for tool]; 2s linux-sandbox ... (2 actions running)
[172 / 290] Compiling Rust rlib hashbrown v0.15.2 (34 files) [for tool]; 0s linux-sandbox ... (2 actions running)
[179 / 290] Compiling Rust rlib indexmap v2.7.1 (30 files) [for tool]; 0s linux-sandbox ... (2 actions, 1 running)
[185 / 290] Compiling Rust rlib proc_macro2 v1.0.93 (17 files) [for tool]; 0s linux-sandbox
[187 / 290] [Prepa] Compiling Rust rlib syn v2.0.98 (96 files) [for tool]
[187 / 290] Compiling Rust rlib syn v2.0.98 (96 files) [for tool]; 1s linux-sandbox
[188 / 290] [Prepa] Compiling Rust proc-macro thiserror_impl v1.0.69 (10 files) [for tool] ... (2 actions, 0 running)
[188 / 290] Compiling Rust proc-macro thiserror_impl v1.0.69 (10 files) [for tool]; 1s linux-sandbox ... (2 actions running)
[189 / 290] Compiling Rust proc-macro serde_derive v1.0.217 (18 files) [for tool]; 4s linux-sandbox ... (2 actions, 1 running)
[190 / 290] Compiling Rust proc-macro serde_derive v1.0.217 (18 files) [for tool]; 5s linux-sandbox ... (2 actions running)
[191 / 290] Compiling Rust proc-macro serde_derive v1.0.217 (18 files) [for tool]; 7s linux-sandbox ... (2 actions, 1 running)
[191 / 290] Compiling Rust proc-macro serde_derive v1.0.217 (18 files) [for tool]; 8s linux-sandbox ... (2 actions running)
[192 / 290] Compiling Rust proc-macro serde_derive v1.0.217 (18 files) [for tool]; 10s linux-sandbox ... (2 actions, 1 running)
[193 / 290] Compiling Rust proc-macro yoke_derive v0.7.5 (3 files) [for tool]; 1s linux-sandbox ... (2 actions running)
[194 / 290] Compiling Rust rlib serde v1.0.217 (20 files) [for tool]; 3s linux-sandbox ... (2 actions, 1 running)
[194 / 290] Compiling Rust rlib serde v1.0.217 (20 files) [for tool]; 4s linux-sandbox ... (2 actions running)
[195 / 290] Compiling Rust rlib serde v1.0.217 (20 files) [for tool]; 6s linux-sandbox ... (2 actions, 1 running)
[199 / 290] Compiling Rust proc-macro zerovec_derive v0.10.3 (9 files) [for tool]; 0s linux-sandbox ... (2 actions, 1 running)
[200 / 290] Compiling Rust proc-macro zerovec_derive v0.10.3 (9 files) [for tool]; 2s linux-sandbox ... (2 actions running)
[202 / 290] Compiling Rust proc-macro zerovec_derive v0.10.3 (9 files) [for tool]; 3s linux-sandbox ... (2 actions, 1 running)
[205 / 290] Compiling Rust rlib zerovec v0.10.4 (57 files) [for tool]; 1s linux-sandbox ... (2 actions running)
[206 / 290] Compiling Rust rlib toml_edit v0.22.24 (58 files) [for tool]; 3s linux-sandbox ... (2 actions running)
[208 / 290] Compiling Rust rlib toml_edit v0.22.24 (58 files) [for tool]; 4s linux-sandbox ... (2 actions, 1 running)
[210 / 290] Compiling Rust rlib icu_locid v1.5.0 (48 files) [for tool]; 1s linux-sandbox ... (2 actions running)
[213 / 290] [Prepa] Compiling Rust rlib icu_locid_transform v1.5.0 (15 files) [for tool]
[213 / 290] Compiling Rust rlib icu_locid_transform v1.5.0 (15 files) [for tool]; 1s linux-sandbox
[214 / 290] [Prepa] Compiling Rust rlib icu_properties v1.5.1 (14 files) [for tool]
[214 / 290] Compiling Rust rlib icu_properties v1.5.1 (14 files) [for tool]; 1s linux-sandbox
[215 / 290] [Prepa] Compiling Rust rlib icu_normalizer v1.5.0 (13 files) [for tool]
[215 / 290] Compiling Rust rlib icu_normalizer v1.5.0 (13 files) [for tool]; 1s linux-sandbox
[216 / 290] [Prepa] Compiling Rust rlib idna_adapter v1.2.0 (1 file) [for tool]
[218 / 290] [Prepa] Compiling Rust rlib url v2.5.4 (9 files) [for tool]
[218 / 290] Compiling Rust rlib url v2.5.4 (9 files) [for tool]; 1s linux-sandbox
[219 / 290] Compiling Rust rlib cargo_util_schemas v0.3.1 (8 files) [for tool]; 0s linux-sandbox
[220 / 290] [Prepa] Compiling Rust bin cargo_toml_variable_extractor (1 file) [for tool]
[220 / 290] Compiling Rust bin cargo_toml_variable_extractor (1 file) [for tool]; 1s linux-sandbox
[220 / 290] Compiling Rust bin cargo_toml_variable_extractor (1 file) [for tool]; 11s linux-sandbox
[221 / 290] [Prepa] ExtractCargoTomlEnvVars external/rules_rust++crate+crate_index__libc-0.2.186/cargo_toml_env_vars.env
[232 / 290] Compiling Rust rlib libc v0.2.186 (346 files); 0s linux-sandbox ... (2 actions, 1 running)
[236 / 290] Compiling Rust rlib libc v0.2.186 (346 files); 1s linux-sandbox ... (2 actions, 1 running)
[246 / 290] Compiling Rust rlib proc_macro2 v1.0.107 (22 files) [for tool]; 1s linux-sandbox ... (2 actions, 1 running)
[261 / 290] Compiling Rust rlib quote v1.0.47 (17 files) [for tool]; 0s linux-sandbox ... (2 actions, 1 running)
[271 / 290] Compiling Rust rlib syn v3.0.6 (96 files) [for tool]; 0s linux-sandbox ... (2 actions, 1 running)
[273 / 290] Compiling Rust rlib syn v3.0.6 (96 files) [for tool]; 1s linux-sandbox ... (2 actions running)
[273 / 290] Compiling Rust rlib syn v3.0.6 (96 files) [for tool]; 10s linux-sandbox ... (2 actions running)
[274 / 290] Compiling Rust rlib syn v3.0.6 (96 files) [for tool]; 19s linux-sandbox ... (2 actions, 1 running)
[275 / 290] Compiling Rust proc-macro score_log_fmt_macro (3 files) [for tool]; 1s linux-sandbox ... (2 actions running)
[276 / 290] Compiling Rust proc-macro score_log_fmt_macro (3 files) [for tool]; 3s linux-sandbox ... (2 actions, 1 running)
[280 / 290] Compiling Rust rlib futures_util v0.3.34 (186 files); 1s linux-sandbox ... (2 actions, 1 running)
[281 / 290] Compiling Rust rlib futures_util v0.3.34 (186 files); 2s linux-sandbox ... (2 actions running)
[282 / 290] Compiling Rust proc-macro score-com-macros (1 file) [for tool]; 2s linux-sandbox ... (2 actions running)
[285 / 290] Compiling Rust proc-macro thiserror_impl v2.0.21 (11 files) [for tool]; 1s linux-sandbox
[286 / 290] [Prepa] Compiling Rust rlib thiserror v2.0.21 (57 files)
[288 / 290] Compiling Rust rlib com-api-runtime-lola (4 files); 0s linux-sandbox
INFO: Found 2 targets...
INFO: Elapsed time: 169.999s, Critical Path: 90.00s
INFO: 290 processes: 148 internal, 142 linux-sandbox.
INFO: Build completed successfully, 290 total actions
