$TEST_TMPDIR defined, some defaults will be overridden
WARNING: Duplicate rc file: /media/jefferson/11c42dee-73a3-4c2b-ab42-a0440011d9e0/.s-core-build/runs/score-rust-issue-queue-ycbvxir7/workspaces/1264/quality/static_analysis/static_analysis.bazelrc is read multiple times, it is a standard rc file location but must have been unnecessarily imported earlier.
OpenJDK 64-Bit Server VM warning: Options -Xverify:none and -noverify were deprecated in JDK 13 and will likely be removed in a future release.
WARNING: The following configs were expanded more than once: [_lint]. For repeatable flags, repeats are counted twice and may lead to unexpected behavior.
Computing main repo mapping: 
Computing main repo mapping: 
WARNING: The following configs were expanded more than once: [_lint]. For repeatable flags, repeats are counted twice and may lead to unexpected behavior.
Computing main repo mapping: 
Computing main repo mapping: 
Computing main repo mapping: 
Computing main repo mapping: 
Computing main repo mapping: 
Loading: 
Loading: 6 packages loaded
Analyzing: target //score/mw/com/rust/score_com_concept:score_com_concept (7 packages loaded, 0 targets configured)
Analyzing: target //score/mw/com/rust/score_com_concept:score_com_concept (7 packages loaded, 0 targets configured)

ERROR: aspect @@score_rust_policies+//clippy:linters.bzl%clippy_strict added more than once
Analyzing: target //score/mw/com/rust/score_com_concept:score_com_concept (95 packages loaded, 9 targets configured)

Analyzing: target //score/mw/com/rust/score_com_concept:score_com_concept (155 packages loaded, 543 targets configured)

Analyzing: target //score/mw/com/rust/score_com_concept:score_com_concept (198 packages loaded, 10025 targets configured)

INFO: Analyzed target //score/mw/com/rust/score_com_concept:score_com_concept (270 packages loaded, 12799 targets configured).
[1 / 1] no actions running
WARNING: errors encountered while analyzing target '//score/mw/com/rust/score_com_concept:score_com_concept', it will not be built.
aspect @@score_rust_policies+//clippy:linters.bzl%clippy_strict added more than once
INFO: Found 1 target...
Target //score/mw/com/rust/score_com_concept:score_com_concept up-to-date:
  bazel-bin/score/mw/com/rust/score_com_concept/libscore_com_concept-1105774421.rlib
ERROR: command succeeded, but not all targets were analyzed
INFO: Elapsed time: 19.127s, Critical Path: 0.36s
INFO: 1 process: 286 action cache hit, 1 internal.
ERROR: Build did NOT complete successfully
