+ [ -w /home/jefferson/.local/state/s-core/dk/3b6a50809333/runtime ]
+ [ -d /home/jefferson ]
+ rootlesskit=
+ command -v docker-rootlesskit
+ command -v rootlesskit
+ rootlesskit=rootlesskit
+ break
+ [ -z rootlesskit ]
+ : /home/jefferson/.local/state/s-core/dk/3b6a50809333/runtime/containerd-rootless
+ [ -e /home/jefferson/.local/state/s-core/dk/3b6a50809333/runtime/containerd-rootless ]
+ : /home/jefferson/.local/state/s-core/dk/3b6a50809333/rootlesskit-attempt1
+ : 
+ : 
+ : 
+ : auto
+ : auto
+ : 
+ : true
+ net=
+ port_driver=
+ mtu=
+ [ -z  ]
+ command -v slirp4netns
+ slirp4netns --help
+ grep -qw -- --netns-type
+ net=slirp4netns
+ [ -z slirp4netns ]
+ [ -z slirp4netns ]
+ [ -z slirp4netns ]
+ [ slirp4netns = host ]
+ [ -z  ]
+ mtu=65520
+ [ -z  ]
+ [ slirp4netns = pasta ]
+ port_driver=builtin
+ host_loopback=--disable-host-loopback
+ [  = false ]
+ dockerd=dockerd
+ [ -z  ]
+ _DOCKERD_ROOTLESS_CHILD=1
+ export _DOCKERD_ROOTLESS_CHILD
+ id -u
+ [ 1000 = 0 ]
+ command -v selinuxenabled
+ DOCKERD_ROOTLESS_ROOTLESSKIT_FLAGS=--detach-netns 
+ exec rootlesskit --state-dir=/home/jefferson/.local/state/s-core/dk/3b6a50809333/rootlesskit-attempt1 --net=slirp4netns --mtu=65520 --slirp4netns-sandbox=auto --slirp4netns-seccomp=auto --disable-host-loopback --port-driver=builtin --copy-up=/etc --copy-up=/run --propagation=rslave --detach-netns /usr/bin/dockerd-rootless.sh --config-file /home/jefferson/.local/state/s-core/fabro/score-rust-linux-integration-xfiuopbb/rust_linux_integration_docker/daemon.json --data-root /media/jefferson/11c42dee-73a3-4c2b-ab42-a0440011d9e0/.s-core-build/runs/score-rust-linux-integration-xfiuopbb/docker-data --exec-root /home/jefferson/.local/state/s-core/dk/3b6a50809333/e --pidfile /home/jefferson/.local/state/s-core/fabro/score-rust-linux-integration-xfiuopbb/rust_linux_integration_docker/dockerd.pid --host unix:///home/jefferson/.local/state/s-core/dk/3b6a50809333/runtime/docker.sock
nsenter: reassociate to namespace 'ns/net' failed: Invalid argument
[rootlesskit:parent] error: failed to setup network &{logWriter:0xd6a707d9130 binary:slirp4netns mtu:65520 ipnet:<nil> disableHostLoopback:true apiSocketPath: enableSandbox:false enableSeccomp:true enableIPv6:false ifname:tap0 infoMu:{w:{_:{} mu:{state:0 sema:0}} writerSem:0 readerSem:0 readerCount:{_:{} v:0} readerWait:{_:{} v:0}} info:<nil>}: setting up tap tap0: executing [[nsenter -t 1710886 -n/proc/1710886/root/home/jefferson/.local/state/s-core/dk/3b6a50809333/rootlesskit-attempt1/netns -m -U --preserve-credentials ip tuntap add name tap0 mode tap] [nsenter -t 1710886 -n/proc/1710886/root/home/jefferson/.local/state/s-core/dk/3b6a50809333/rootlesskit-attempt1/netns -m -U --preserve-credentials ip link set tap0 up]]: exit status 1
[rootlesskit:child ] error: EOF
