Running main() from gmock_main.cc
[==========] 42 tests from 1 test suite ran. (306 ms total)
[  PASSED  ] 42 tests.
Written output for 42 items to bazel-out/k8-fastbuild/bin/score/message_passing/dependability/component_message_passing.lobster
lobster-trlc: wrote 2 items to bazel-out/k8-fastbuild/bin/score/message_passing/dependability/assumed_system/assumed_system_requirements.lobster
LOBSTER HTML report written to bazel-out/k8-fastbuild/bin/third_party/score_baselibs/futurecpp_component_report.html
LOBSTER HTML report written to bazel-out/k8-fastbuild/bin/third_party/score_baselibs/os_component_report.html
LOBSTER HTML report written to bazel-out/k8-fastbuild/bin/third_party/score_baselibs/bitmanipulation_component_report.html
LOBSTER HTML report written to bazel-out/k8-fastbuild/bin/third_party/score_baselibs/containers_component_report.html
Running main() from gmock_main.cc
StateCallback 0
StateCallback 1
StateCallback Ready 
RefusingConnectCallback
StateCallback 2
StateCallback Stopping 4
StateCallback 3
StateCallback Stopped 4
StateCallback 0
StateCallback 1
StateCallback Ready 
RefusingConnectCallback
StateCallback 2
StateCallback Stopping 4
StateCallback 3
StateCallback Stopped 4
StateCallback 0
StateCallback 1
StateCallback Ready 
RefusingConnectCallback
StateCallback 2
StateCallback Stopping 4
StateCallback 3
StateCallback Stopped 4
StateCallback 0
StateCallback 1
StateCallback Ready 
RefusingConnectCallback
StateCallback 2
StateCallback Stopping 4
StateCallback 3
StateCallback Stopped 4
StateCallback 0
StateCallback 1
StateCallback Ready 
RefusingConnectCallback
StateCallback 2
StateCallback Stopping 4
StateCallback 3
StateCallback Stopped 4
StateCallback 0
StateCallback 1
StateCallback Ready 
RefusingConnectCallback
StateCallback 2
StateCallback Stopping 4
StateCallback 3
StateCallback Stopped 4
StateCallback 0
StateCallback 1
StateCallback Ready 
RefusingConnectCallback
StateCallback 2
StateCallback Stopping 4
StateCallback 3
StateCallback Stopped 4
StateCallback 0
StateCallback 1
StateCallback Ready 
RefusingConnectCallback
StateCallback 2
StateCallback Stopping 4
StateCallback 3
StateCallback Stopped 4
StateCallback 0
StateCallback 1
StateCallback Ready 
RefusingConnectCallback
StateCallback 2
StateCallback Stopping 4
StateCallback 3
StateCallback Stopped 4
StateCallback 0
StateCallback 1
StateCallback Ready 
RefusingConnectCallback
StateCallback 2
StateCallback Stopping 4
StateCallback 3
StateCallback Stopped 4
StateCallback 0
StateCallback 1
StateCallback Ready 
RefusingConnectCallback
StateCallback 2
StateCallback Stopping 4
StateCallback 3
StateCallback Stopped 4
StateCallback 0
StateCallback 1
StateCallback Ready 
RefusingConnectCallback
StateCallback 2
StateCallback Stopping 4
StateCallback 3
StateCallback Stopped 4
StateCallback 0
StateCallback 1
StateCallback Ready 
RefusingConnectCallback
StateCallback 2
StateCallback Stopping 4
StateCallback 3
StateCallback Stopped 4
StateCallback 0
StateCallback 1
StateCallback Ready 
RefusingConnectCallback
StateCallback 2
StateCallback Stopping 4
StateCallback 3
StateCallback Stopped 4
StateCallback 0
StateCallback 1
StateCallback Ready 
EchoConnectCallback 0x7d6fd4001920
StateCallback 2
StateCallback Stopping 2
StateCallback 3
EchoDisconnectCallback StateCallback Stopped 2
0x7d6fd4001920
StateCallback 0
StateCallback 1
StateCallback Ready 
EchoConnectCallback 0x7d6fd4001d30
StateCallback 2
StateCallback Stopping 2
StateCallback 3
StateCallback Stopped 2
EchoDisconnectCallback 0x7d6fd4001d30
StateCallback 0
StateCallback 1
StateCallback Ready 
EchoConnectCallback 0x7d6fd4001920
EchoSentWithReplyCallback 0x7d6fd4001920
EchoSentWithReplyCallback 0x7d6fd4001920
StateCallback 2
StateCallback Stopping 2
EchoDisconnectCallback 0x7d6fd4001920
StateCallback 3
StateCallback Stopped 2
StateCallback 0
StateCallback 1
StateCallback Ready 
EchoConnectCallback 0x7d6fd4001d30
EchoSentWithReplyCallback 0x7d6fd4001d30
EchoSentWithReplyCallback 0x7d6fd4001d30
StateCallback 2
StateCallback Stopping 2
StateCallback 3
StateCallback Stopped 2
EchoDisconnectCallback 0x7d6fd4001d30
StateCallback 0
StateCallback 1
StateCallback Ready 
EchoConnectCallback 0x7d6fcc001800
EchoSentWithReplyCallback 0x7d6fcc001800
EchoSentWithReplyCallback 0x7d6fcc001800
StateCallback 2
StateCallback Stopping 2
EchoDisconnectCallback 0x7d6fcc001800
StateCallback 3
StateCallback Stopped 2
StateCallback 0
StateCallback 1
StateCallback Ready 
EchoConnectCallback 0x7d6fcc001800
EchoSentWithReplyCallback 0x7d6fcc001800
EchoSentWithReplyCallback 0x7d6fcc001800
StateCallback 2
StateCallback Stopping 2
EchoDisconnectCallback 0x7d6fcc001800
StateCallback 3
StateCallback Stopped 2
StateCallback 0
StateCallback 1
StateCallback Ready 
EchoConnectCallback 0x7d6fcc001c70
EchoSentWithReplyCallback 0x7d6fcc001c70
EchoSentWithReplyCallback 0x7d6fcc001c70
StateCallback 2
StateCallback Stopping 2
StateCallback 3
StateCallback Stopped 2
EchoDisconnectCallback 0x7d6fcc001c70
StateCallback 0
StateCallback 1
StateCallback Ready 
EchoConnectCallback 0x7d6fcc001c70
EchoSentWithReplyCallback 0x7d6fcc001c70
EchoSentWithReplyCallback 0x7d6fcc001c70
StateCallback 2
StateCallback Stopping 2
StateCallback 3
StateCallback Stopped 2
EchoDisconnectCallback 0x7d6fcc001c70
[==========] 17 tests from 2 test suites ran. (981 ms total)
[  PASSED  ] 17 tests.
Written output for 17 items to bazel-out/k8-fastbuild/bin/score/message_passing/dependability/dispatch.lobster
lobster-trlc: wrote 29 items to bazel-out/k8-fastbuild/bin/score/message_passing/dependability/requirements/component_requirements.lobster
lobster-trlc: wrote 11 items to bazel-out/k8-fastbuild/bin/score/message_passing/dependability/requirements/feature_requirements.lobster
lobster-trlc: wrote 27 items to bazel-out/k8-fastbuild/bin/score/message_passing/dependability/safety_analysis/message_passing_safety_analysis/fta_root_causes.lobster
lobster-trlc: wrote 0 items to bazel-out/k8-fastbuild/bin/score/message_passing/dependability/safety_analysis/message_passing_safety_analysis/safetymeasures.lobster
LOBSTER RST report written to bazel-out/k8-fastbuild/bin/score/message_passing/dependability/dependable_element_message_passing_index/traceability_report/ (9 files)
lobster-trlc: wrote 37 items to bazel-out/k8-fastbuild/bin/score/mw/com/dependability/safety_analysis/mw_com_safety_analysis/safetymeasures.lobster
lobster-trlc: wrote 139 items to bazel-out/k8-fastbuild/bin/score/mw/com/dependability/safety_analysis/mw_com_safety_analysis/fta_root_causes.lobster
LOBSTER RST report written to bazel-out/k8-fastbuild/bin/score/mw/com/dependability/mw_com_index/traceability_report/ (5 files)
LOBSTER HTML report written to bazel-out/k8-fastbuild/bin/score/mw/com/dependability/safety_analysis/mw_com_dependability_analysis_report.html
