[out] Traceback (most recent call last):
[out]   File "/media/jefferson/11c42dee-73a3-4c2b-ab42-a0440011d9e0/.s-core-build/runs/score-fabric-3t71eiin/collector.py", line 63, in <module>
[out]     if __name__=='__main__':sys.exit(verify() if sys.argv[1]=='verify' else export())
[out]                                                                             ^^^^^^^^
[out]   File "/media/jefferson/11c42dee-73a3-4c2b-ab42-a0440011d9e0/.s-core-build/runs/score-fabric-3t71eiin/collector.py", line 59, in export
[out]     bind();report=json.loads((ROOT/'verification-results.json').read_text())
[out]     ^^^^^^
[out]   File "/media/jefferson/11c42dee-73a3-4c2b-ab42-a0440011d9e0/.s-core-build/runs/score-fabric-3t71eiin/collector.py", line 13, in bind
[out]     validate_run_root(ROOT)
[out]   File "/home/jefferson/s-core_sw_fabric/src/score_sw_fabric/storage.py", line 350, in validate_run_root
[out]     mount = kernel_image_mount(image)
[out]             ^^^^^^^^^^^^^^^^^^^^^^^^^
[out]   File "/home/jefferson/s-core_sw_fabric/src/score_sw_fabric/storage.py", line 133, in kernel_image_mount
[out]     matches = devices()
[out]               ^^^^^^^^^
[out]   File "/home/jefferson/s-core_sw_fabric/src/score_sw_fabric/storage.py", line 125, in devices
[out]     subprocess.check_output(
[out]   File "/home/jefferson/.local/share/uv/python/cpython-3.12.14-linux-x86_64-gnu/lib/python3.12/subprocess.py", line 466, in check_output
[out]     return run(*popenargs, stdout=PIPE, timeout=timeout, check=True,
[out]            ^^^^^^^^^^^^^^^^^^^^^^^^^^^^^^^^^^^^^^^^^^^^^^^^^^^^^^^^^
[out]   File "/home/jefferson/.local/share/uv/python/cpython-3.12.14-linux-x86_64-gnu/lib/python3.12/subprocess.py", line 548, in run
[out]     with Popen(*popenargs, **kwargs) as process:
[out]          ^^^^^^^^^^^^^^^^^^^^^^^^^^^
[out]   File "/home/jefferson/.local/share/uv/python/cpython-3.12.14-linux-x86_64-gnu/lib/python3.12/subprocess.py", line 1026, in __init__
[out]     self._execute_child(args, executable, preexec_fn, close_fds,
[out]   File "/home/jefferson/.local/share/uv/python/cpython-3.12.14-linux-x86_64-gnu/lib/python3.12/subprocess.py", line 1955, in _execute_child
[out]     raise child_exception_type(errno_num, err_msg, err_filename)
[out] FileNotFoundError: [Errno 2] No such file or directory: 'losetup'
