$TEST_TMPDIR defined, some defaults will be overridden
WARNING: Duplicate rc file: /media/jefferson/11c42dee-73a3-4c2b-ab42-a0440011d9e0/.s-core-build/runs/score-rust-issue-queue-ycbvxir7/workspaces/1062/quality/static_analysis/static_analysis.bazelrc is read multiple times, it is a standard rc file location but must have been unnecessarily imported earlier.
OpenJDK 64-Bit Server VM warning: Options -Xverify:none and -noverify were deprecated in JDK 13 and will likely be removed in a future release.
WARNING: The following configs were expanded more than once: [linux_x64_gcc_15]. For repeatable flags, repeats are counted twice and may lead to unexpected behavior.
Computing main repo mapping: 
Computing main repo mapping: 
WARNING: The following configs were expanded more than once: [linux_x64_gcc_15]. For repeatable flags, repeats are counted twice and may lead to unexpected behavior.
Computing main repo mapping: 
Computing main repo mapping: 
Computing main repo mapping: 
Computing main repo mapping: 
Computing main repo mapping: 
Loading: 
Loading: 5 packages loaded
Analyzing: target //docs/sphinx:sphinx_doc (6 packages loaded, 0 targets configured)
Analyzing: target //docs/sphinx:sphinx_doc (6 packages loaded, 0 targets configured)

Analyzing: target //docs/sphinx:sphinx_doc (96 packages loaded, 7 targets configured)

Analyzing: target //docs/sphinx:sphinx_doc (226 packages loaded, 3477 targets configured)

WARNING: /media/jefferson/11c42dee-73a3-4c2b-ab42-a0440011d9e0/.s-core-build/runs/score-rust-issue-queue-ycbvxir7/workspaces/1062/MODULE.bazel:196:20: The module extension apt defined in @rules_distroless//apt:extensions.bzl reported incorrect imports of repositories via use_repo():

Imported, but reported as indirect dependencies by the extension:
    ubuntu24_04_sysroot_resolve

Fix the use_repo calls by running 'bazel mod tidy'.
Analyzing: target //docs/sphinx:sphinx_doc (448 packages loaded, 14539 targets configured)

Analyzing: target //docs/sphinx:sphinx_doc (776 packages loaded, 24964 targets configured)

Analyzing: target //docs/sphinx:sphinx_doc (1011 packages loaded, 40600 targets configured)

DEBUG: /media/jefferson/11c42dee-73a3-4c2b-ab42-a0440011d9e0/.s-core-build/runs/score-rust-issue-queue-ycbvxir7/bazel-output/fe72dfe230df2ca6596663a0512df014/external/score_tooling+/bazel/rules/rules_score/private/dependable_element.bzl:1359:26: WARNING: Not in certified scope @@score_baselibs+//score/utils:static_destruction_guard, stopping at utils
INFO: Analyzed target //docs/sphinx:sphinx_doc (1012 packages loaded, 40926 targets configured).
[14 / 158] checking cached actions
INFO: Found 1 target...
Target //docs/sphinx:sphinx_doc up-to-date:
  bazel-bin/docs/sphinx/sphinx_doc/html
INFO: Elapsed time: 28.947s, Critical Path: 1.74s
INFO: 1 process: 1482 action cache hit, 1 internal.
INFO: Build completed successfully, 1 total action
