$TEST_TMPDIR defined, some defaults will be overridden
OpenJDK 64-Bit Server VM warning: Options -Xverify:none and -noverify were deprecated in JDK 13 and will likely be removed in a future release.
Computing main repo mapping: 
Computing main repo mapping: 
Loading: 
Loading: 2 packages loaded
Analyzing: 306 targets (82 packages loaded, 0 targets configured)
Analyzing: 306 targets (82 packages loaded, 0 targets configured)

Analyzing: 306 targets (217 packages loaded, 1353 targets configured)
[51 / 51] no actions running
Analyzing: 306 targets (267 packages loaded, 11779 targets configured)
[52 / 57] checking cached actions
DEBUG: /media/jefferson/11c42dee-73a3-4c2b-ab42-a0440011d9e0/.s-core-build/runs/score-someip84-full-6w80fgob/bazel-output/16df730b0babb9c4a4b46d33742bb204/external/score_bazel_tools_python+/quality/private/python/python_tool_aspect.bzl:32:18: Python tools integration does not offer the feature "external_include_paths", but it will still be considered in the build.
Analyzing: 306 targets (299 packages loaded, 21108 targets configured)
[66 / 70] checking cached actions
Analyzing: 306 targets (317 packages loaded, 21437 targets configured)
[115 / 120] [Prepa] Writing script .llm_tmp/apply-check/format.fix_C++_with_clang-format.bash
Analyzing: 306 targets (338 packages loaded, 21658 targets configured)
[144 / 144] no actions running
Analyzing: 306 targets (462 packages loaded, 32857 targets configured)
[160 / 160] no actions running
Analyzing: 306 targets (557 packages loaded, 38256 targets configured)
[160 / 160] no actions running
WARNING: /media/jefferson/11c42dee-73a3-4c2b-ab42-a0440011d9e0/.s-core-build/runs/score-someip84-full-6w80fgob/bazel-output/16df730b0babb9c4a4b46d33742bb204/external/score_baselibs+/score/json/internal/model/BUILD:17:11: in cc_library rule @@score_baselibs+//score/json/internal/model:model: target '@@score_baselibs+//score/json/internal/model:model' depends on deprecated target '@@score_baselibs+//score/memory:string_comparison_adaptor': This target is deprecated. Use @score_baselibs//score/string_manipulation:string_comparison_adaptor instead.
ERROR: /media/jefferson/11c42dee-73a3-4c2b-ab42-a0440011d9e0/.s-core-build/runs/score-someip84-full-6w80fgob/native/.llm_tmp/apply-check/tests/tc8_conformance/BUILD.bazel:134:11: in py_library rule //.llm_tmp/apply-check/tests/tc8_conformance:tc8-itf-lib: Visibility error:
target '//tests/common:capture' is not visible from
target '//.llm_tmp/apply-check/tests/tc8_conformance:tc8-itf-lib'
Recommendation: modify the visibility declaration if you think the dependency is legitimate. For more info see https://bazel.build/concepts/visibility
ERROR: /media/jefferson/11c42dee-73a3-4c2b-ab42-a0440011d9e0/.s-core-build/runs/score-someip84-full-6w80fgob/native/.llm_tmp/apply-check/tests/tc8_conformance/BUILD.bazel:134:11: Analysis of target '//.llm_tmp/apply-check/tests/tc8_conformance:tc8-itf-lib' (config: 4d538af) failed
Analyzing: 306 targets (610 packages loaded, 53280 targets configured)
[162 / 180] checking cached actions
Analyzing: 306 targets (610 packages loaded, 53280 targets configured)
[162 / 180] checking cached actions
Use --verbose_failures to see the command lines of failed build steps.
ERROR: Analysis of target '//.llm_tmp/apply-check/tests/tc8_conformance:tc8-itf-lib' failed; build aborted
INFO: Elapsed time: 14.292s, Critical Path: 0.46s
INFO: 78 processes: 101 action cache hit, 78 internal.
ERROR: Build did NOT complete successfully
