$TEST_TMPDIR defined, some defaults will be overridden
OpenJDK 64-Bit Server VM warning: Options -Xverify:none and -noverify were deprecated in JDK 13 and will likely be removed in a future release.
Computing main repo mapping: 
Computing main repo mapping: 
Loading: 
Loading: 2 packages loaded
Analyzing: 463 targets (122 packages loaded, 0 targets configured)
Analyzing: 463 targets (122 packages loaded, 0 targets configured)

Analyzing: 463 targets (245 packages loaded, 483 targets configured)
[68 / 68] no actions running
Analyzing: 463 targets (297 packages loaded, 9873 targets configured)
[68 / 68] no actions running
DEBUG: /media/jefferson/11c42dee-73a3-4c2b-ab42-a0440011d9e0/.s-core-build/runs/score-someip84-full-6w80fgob/bazel-output/16df730b0babb9c4a4b46d33742bb204/external/score_bazel_tools_python+/quality/private/python/python_tool_aspect.bzl:32:18: Python tools integration does not offer the feature "external_include_paths", but it will still be considered in the build.
Analyzing: 463 targets (437 packages loaded, 22241 targets configured)
[103 / 108] checking cached actions
Analyzing: 463 targets (488 packages loaded, 31198 targets configured)
[166 / 173] checking cached actions
Analyzing: 463 targets (550 packages loaded, 34939 targets configured)
[219 / 222] checking cached actions
Analyzing: 463 targets (633 packages loaded, 49012 targets configured)
[229 / 229] no actions running
ERROR: /media/jefferson/11c42dee-73a3-4c2b-ab42-a0440011d9e0/.s-core-build/runs/score-someip84-full-6w80fgob/native/.llm_tmp/mapping-apply-check/tests/tc8_conformance/BUILD.bazel:134:11: in py_library rule //.llm_tmp/mapping-apply-check/tests/tc8_conformance:tc8-itf-lib: Visibility error:
target '//tests/common:capture' is not visible from
target '//.llm_tmp/mapping-apply-check/tests/tc8_conformance:tc8-itf-lib'
Recommendation: modify the visibility declaration if you think the dependency is legitimate. For more info see https://bazel.build/concepts/visibility
ERROR: /media/jefferson/11c42dee-73a3-4c2b-ab42-a0440011d9e0/.s-core-build/runs/score-someip84-full-6w80fgob/native/.llm_tmp/mapping-apply-check/tests/tc8_conformance/BUILD.bazel:134:11: Analysis of target '//.llm_tmp/mapping-apply-check/tests/tc8_conformance:tc8-itf-lib' (config: 4d538af) failed
ERROR: Analysis of target '//.llm_tmp/mapping-apply-check/tests/tc8_conformance:tc8-itf-lib' failed; build aborted
INFO: Elapsed time: 10.899s, Critical Path: 0.22s
INFO: 75 processes: 188 action cache hit, 75 internal.
ERROR: Build did NOT complete successfully
