$TEST_TMPDIR defined, some defaults will be overridden
OpenJDK 64-Bit Server VM warning: Options -Xverify:none and -noverify were deprecated in JDK 13 and will likely be removed in a future release.
Computing main repo mapping: 
Computing main repo mapping: 
Computing main repo mapping: 
Computing main repo mapping: 
Computing main repo mapping: 
Loading: 
Loading: 2 packages loaded
Analyzing: target //:docs (3 packages loaded, 0 targets configured)
Analyzing: target //:docs (3 packages loaded, 0 targets configured)

Analyzing: target //:docs (27 packages loaded, 8 targets configured)

Analyzing: target //:docs (157 packages loaded, 3184 targets configured)

Analyzing: target //:docs (289 packages loaded, 9474 targets configured)

Analyzing: target //:docs (355 packages loaded, 17237 targets configured)

Analyzing: target //:docs (381 packages loaded, 39869 targets configured)

INFO: Analyzed target //:docs (382 packages loaded, 39928 targets configured).
[2 / 53] checking cached actions
INFO: Found 1 target...
Target //:_score_docs_cli up-to-date:
  bazel-bin/_score_docs_cli
  bazel-bin/_score_docs_cli.venv.pth
INFO: Elapsed time: 97.028s, Critical Path: 2.29s
INFO: 1 process: 102 action cache hit, 1 internal.
INFO: Build completed successfully, 1 total action
INFO: Running command line: bazel-bin/_score_docs_cli
/media/jefferson/11c42dee-73a3-4c2b-ab42-a0440011d9e0/.s-core-build/runs/score-someip84-full-6w80fgob/native/docs/requirements/stakeholder.rst:53: WARNING: Title underline too short.

SOCom version selection proposal
------------------------------- [docutils]
requirements/feature/service_versions.rst:29: WARNING: feat_req__some_ip_gateway__local_version_selection.id (feat_req__some_ip_gateway__local_version_selection): exceeds the maximum allowed length of 45 characters (current length: 50). [score_metamodel]
requirements/feature/service_versions.rst:29: WARNING: feat_req__some_ip_gateway__local_version_selection.id (feat_req__some_ip_gateway__local_version_selection): Feature part 'some', 'ip', 'gateway' not found in path 'requirements/feature'. 
How can you fix this:
=>rename the feature part to match a segment of 'requirements/feature'
=> use correct abbreviation 'sig'
=> Add an allowed part to `required_in_id` in conf.py (currently: []).
 [score_metamodel]
requirements/component/socom.rst:110: WARNING: comp_req__socom__bounded_discovery.id (comp_req__socom__bounded_discovery): Feature part 'socom' not found in path 'requirements/component'. 
How can you fix this:
=>rename the feature part to match a segment of 'requirements/component'
=> Add an allowed part to `required_in_id` in conf.py (currently: []).
 [score_metamodel]
requirements/component/socom.rst:71: WARNING: comp_req__socom__registration_identity.id (comp_req__socom__registration_identity): Feature part 'socom' not found in path 'requirements/component'. 
How can you fix this:
=>rename the feature part to match a segment of 'requirements/component'
=> Add an allowed part to `required_in_id` in conf.py (currently: []).
 [score_metamodel]
requirements/component/socom.rst:32: WARNING: comp_req__socom__canonical_identity.id (comp_req__socom__canonical_identity): Feature part 'socom' not found in path 'requirements/component'. 
How can you fix this:
=>rename the feature part to match a segment of 'requirements/component'
=> Add an allowed part to `required_in_id` in conf.py (currently: []).
 [score_metamodel]
requirements/component/socom.rst:58: WARNING: comp_req__socom__connector_compatibility.id (comp_req__socom__connector_compatibility): Feature part 'socom' not found in path 'requirements/component'. 
How can you fix this:
=>rename the feature part to match a segment of 'requirements/component'
=> Add an allowed part to `required_in_id` in conf.py (currently: []).
 [score_metamodel]
requirements/component/socom.rst:45: WARNING: comp_req__socom__instance_identity.id (comp_req__socom__instance_identity): Feature part 'socom' not found in path 'requirements/component'. 
How can you fix this:
=>rename the feature part to match a segment of 'requirements/component'
=> Add an allowed part to `required_in_id` in conf.py (currently: []).
 [score_metamodel]
requirements/component/socom.rst:84: WARNING: comp_req__socom__discovery_filters.id (comp_req__socom__discovery_filters): Feature part 'socom' not found in path 'requirements/component'. 
How can you fix this:
=>rename the feature part to match a segment of 'requirements/component'
=> Add an allowed part to `required_in_id` in conf.py (currently: []).
 [score_metamodel]
requirements/component/socom.rst:97: WARNING: comp_req__socom__available_offers.id (comp_req__socom__available_offers): Feature part 'socom' not found in path 'requirements/component'. 
How can you fix this:
=>rename the feature part to match a segment of 'requirements/component'
=> Add an allowed part to `required_in_id` in conf.py (currently: []).
 [score_metamodel]
requirements/component/socom.rst:123: WARNING: comp_req__socom__discovery_synchronization.id (comp_req__socom__discovery_synchronization): Feature part 'socom' not found in path 'requirements/component'. 
How can you fix this:
=>rename the feature part to match a segment of 'requirements/component'
=> Add an allowed part to `required_in_id` in conf.py (currently: []).
 [score_metamodel]
WARNING: 10 needs have issues. See the log for more information.
