$TEST_TMPDIR defined, some defaults will be overridden
OpenJDK 64-Bit Server VM warning: Options -Xverify:none and -noverify were deprecated in JDK 13 and will likely be removed in a future release.
INFO: Invocation ID: b096d2bf-3428-4827-b1cb-438a95a8df76
Computing main repo mapping: 
Loading: 
Loading: 0 packages loaded
Analyzing: target //:docs_check (1 packages loaded)
Analyzing: target //:docs_check (1 packages loaded, 0 targets configured)
Analyzing: target //:docs_check (1 packages loaded, 0 targets configured)

Analyzing: target //:docs_check (130 packages loaded, 1418 targets configured)

Analyzing: target //:docs_check (281 packages loaded, 6930 targets configured)

Analyzing: target //:docs_check (346 packages loaded, 24862 targets configured)

INFO: Analyzed target //:docs_check (347 packages loaded, 24966 targets configured).
[8 / 84] checking cached actions
INFO: Found 1 target...
Target //:docs_check up-to-date:
  bazel-bin/docs_check
  bazel-bin/docs_check.venv.pth
INFO: Elapsed time: 13.226s, Critical Path: 0.97s
INFO: 1 process: 151 action cache hit, 1 internal.
INFO: Build completed successfully, 1 total action
INFO: Running command line: bazel-bin/docs_check
Previous build had warnings or the hash changed. Removing _build to ensure a clean build.
Running Sphinx v9.1.0
loading translations [en]... done
Cleared default Sphinx-Needs types: {'need', 'test', 'spec', 'impl', 'req'}
score_mounts: added 0 data mount(s)
score_mounts: registered 0 mount(s)
myst v5.1.0: MdParserConfig(commonmark_only=False, gfm_only=False, enable_extensions={'colon_fence'}, disable_syntax=[], all_links_external=False, links_external_new_tab=False, url_schemes=('http', 'https', 'mailto', 'ftp'), ref_domains=None, fence_as_directive=set(), number_code_blocks=[], title_to_header=False, heading_anchors=4, heading_slug_func=<function make_id at 0x710104eed3a0>, html_meta={}, footnote_sort=True, footnote_transition=True, words_per_minute=200, substitutions={}, linkify_fuzzy_links=True, dmath_allow_labels=True, dmath_allow_space=True, dmath_allow_digits=True, dmath_double_inline=False, update_mathjax=True, mathjax_classes='tex2jax_process|mathjax_process|math|output_area', enable_checkboxes=False, strikethrough_single_tilde=False, colon_fence_exact_match=False, suppress_warnings=[], highlight_code_blocks=True)
building [mo]: targets for 0 po files that are out of date
writing output... 
building [needs]: targets for 0 source files that are out of date
updating environment: [new config] 319 added, 0 changed, 0 removed
Path 'needs.flow_configs.score_config' matches pattern 'needs_flow_configs.score_config' (prefix='!include ', suffix=None)
Relativizing embedded string path at 'needs.flow_configs.score_config': !include /media/jefferson/11c42dee-73a3-4c2b-ab42-a0440011d9e0/.s-core-build/runs/score-3115-upstream-p_lepjsx/cache/score-base/execroot/_main/bazel-out/k8-fastbuild/bin/docs_check.runfiles/score_docs_as_code+/src/extensions/score_layout/assets/puml-theme-score.puml -> !include ../cache/score-base/external/score_docs_as_code+/src/extensions/score_layout/assets/puml-theme-score.puml
Path 'needs.external_needs[0].json_path' matches pattern 'needs_external_needs[*].json_path' (prefix=None, suffix=None)
Relativizing path at 'needs.external_needs[0].json_path': /media/jefferson/11c42dee-73a3-4c2b-ab42-a0440011d9e0/.s-core-build/runs/score-3115-upstream-p_lepjsx/cache/score-base/execroot/_main/bazel-out/k8-fastbuild/bin/docs_check.runfiles/score_docs_as_code+/needs_json/_build/needs/needs.json -> bazel-bin/external/score_docs_as_code+/needs_json/_build/needs/needs.json
Path 'needs.external_needs[1].json_path' matches pattern 'needs_external_needs[*].json_path' (prefix=None, suffix=None)
Relativizing path at 'needs.external_needs[1].json_path': /media/jefferson/11c42dee-73a3-4c2b-ab42-a0440011d9e0/.s-core-build/runs/score-3115-upstream-p_lepjsx/cache/score-base/execroot/_main/bazel-out/k8-fastbuild/bin/docs_check.runfiles/score_process_description+/needs_json/_build/needs/needs.json -> bazel-bin/external/score_process_description+/needs_json/_build/needs/needs.json
Merged TOML configuration from '/media/jefferson/11c42dee-73a3-4c2b-ab42-a0440011d9e0/.s-core-build/runs/score-3115-upstream-p_lepjsx/cache/score-base/execroot/_main/bazel-out/k8-fastbuild/bin/docs_check.runfiles/score_docs_as_code+/src/extensions/score_sync_toml/shared.toml'
Needs configuration unchanged - not rewriting '/media/jefferson/11c42dee-73a3-4c2b-ab42-a0440011d9e0/.s-core-build/runs/score-3115-upstream-p_lepjsx/score/ubproject.toml'
reading sources... [  3%] architecture/index .. contribute/development/cpp/index
reading sources... [  6%] contribute/development/cpp/misra_2023_rule_mapping .. contribute/development/rust/certification/toolchain/compiler
reading sources... [  8%] contribute/development/rust/certification/toolchain/index .. contribute/development/rust/index
reading sources... [ 11%] contribute/development/rust/rust_api_design .. contribute/general/git
reading sources... [ 14%] contribute/general/index .. design_decisions/architecture/index
reading sources... [ 17%] design_decisions/index .. design_decisions/infrastructure/DR-008-infra
reading sources... [ 19%] design_decisions/infrastructure/DR-010-infra .. design_decisions/strategy/DR-001-strat
reading sources... [ 22%] design_decisions/strategy/DR-002-strat .. features/ai_platform/requirements/index
reading sources... [ 25%] features/baselibs/architecture/index .. features/communication/index
reading sources... [ 28%] features/communication/ipc/architecture/index .. features/communication/some_ip_gateway/architecture/index
reading sources... [ 31%] features/communication/some_ip_gateway/index .. features/diagnostics/architecture/index
reading sources... [ 33%] features/diagnostics/index .. features/frameworks/feo/requirements/aou_req
reading sources... [ 36%] features/frameworks/feo/requirements/chklst_req_inspection .. features/lifecycle/architecture/index
reading sources... [ 39%] features/lifecycle/glossary .. features/log_and_trace/logging/requirements/index
reading sources... [ 42%] features/log_and_trace/tracing/architecture/index .. features/persistency/architecture/index
reading sources... [ 44%] features/persistency/index .. features/time/requirements/aou_req
reading sources... [ 47%] features/time/requirements/index .. modules/communication/docs/release/release_note
reading sources... [ 50%] modules/communication/docs/requirements/aou_req .. modules/communication/frontent/docs/index
reading sources... [ 53%] modules/communication/index .. modules/communication/lola/docs/safety_analysis/dfa
reading sources... [ 56%] modules/communication/lola/docs/safety_analysis/fmea .. modules/feo/docs/release/release_note
reading sources... [ 58%] modules/feo/docs/safety_mgt/index .. modules/feo/feo/docs/detailed_design/chklst_dd_inspection
reading sources... [ 61%] modules/feo/feo/docs/detailed_design/component_detailed_design .. modules/feo/feo_com/docs/index
reading sources... [ 64%] modules/feo/feo_log/docs/index .. modules/orchestrator/docs/release/release_note
reading sources... [ 67%] modules/orchestrator/docs/safety_mgt/index .. modules/orchestrator/executor/docs/detailed_design/index
reading sources... [ 69%] modules/orchestrator/executor/docs/index .. modules/orchestrator/orchestrator/docs/detailed_design/index
reading sources... [ 72%] modules/orchestrator/orchestrator/docs/index .. modules/os/docs/requirements/index
reading sources... [ 75%] modules/os/index .. modules/os/operating_systems/docs/community/autosd
reading sources... [ 78%] modules/os/operating_systems/docs/community/ebclfsa .. modules/tracing/tracing/docs/architecture/index
reading sources... [ 81%] modules/tracing/tracing/docs/index .. platform_management_plan/quality_management
reading sources... [ 83%] platform_management_plan/release_management .. platform_management_plan/software_verification
reading sources... [ 86%] platform_management_plan/tool_management .. safety/fdr_reports_safety_platform_safety_plan
reading sources... [ 89%] safety/index .. score_tools/tools_compiler/gcc
reading sources... [ 92%] score_tools/tools_compiler/index .. score_tools/tools_static_analysis_code_quality/clippy
reading sources... [ 94%] score_tools/tools_static_analysis_code_quality/index .. users_guide/building_simple_application/building_source_code
reading sources... [ 97%] users_guide/building_simple_application/cicd_workflows .. users_guide/project_basics/module_structure_overview
reading sources... [100%] users_guide/project_basics/software_architecture_overview .. users_guide/whats_next/index

tests-report folder not found. Defaulting to `bazel-testlogs`. Searching for test.xml files in there
Found 0 test files in total. Parsing them now
Did not find any test.xml files. If you expected xml files to be found, please ensure that you have ran your tests and put all testfiles either in tests-reports or bazel-testlogs.
Saving 0 test case needs to the cache `score_testcaseneeds_cache.json` in _build/.
Saving 0 parsed testcases to the cache `score_xml_parser_cache.json` in _build/.
/media/jefferson/11c42dee-73a3-4c2b-ab42-a0440011d9e0/.s-core-build/runs/score-3115-upstream-p_lepjsx/score/docs/design_decisions/infrastructure/DR-010-infra.rst:14: WARNING: Title underline too short.

DR-010-Infra: Evaluate AI tooling through a bounded native-process pilot
====================================================================== [docutils]
looking for now-outdated files... none found
pickling environment... done
checking consistency... done
/media/jefferson/11c42dee-73a3-4c2b-ab42-a0440011d9e0/.s-core-build/runs/score-3115-upstream-p_lepjsx/score/docs/features/lifecycle/architecture/index.rst:75: WARNING: Need 'logic_arc_int__lifecycle__report_running_if' has unknown outgoing link 'feat_req__lifecycle__switch_run_targets' in field 'fulfils' [needs.link_outgoing]
Schema validation completed with 0 warning(s) in 1.192 seconds. Validated 1904 needs/s.
============ 1 non-fatal warnings (will become fatal in the future) ============
features/lifecycle/architecture/index.rst:75: logic_arc_int__lifecycle__report_running_if: is valid but links to invalid need(s): {'feat_req__lifecycle__switch_run_targets'}

The 1 warnings above are non fatal for now. They will become fatal in the future. Please fix them as soon as possible.

Needs successfully exported
Traceability metrics written to: /media/jefferson/11c42dee-73a3-4c2b-ab42-a0440011d9e0/.s-core-build/runs/score-3115-upstream-p_lepjsx/score/_build/metrics.json
build finished with problems, 2 warnings (with warnings treated as errors).
docs (check) finished in 13.3 seconds
