$TEST_TMPDIR defined, some defaults will be overridden
OpenJDK 64-Bit Server VM warning: Options -Xverify:none and -noverify were deprecated in JDK 13 and will likely be removed in a future release.
WARNING: The following configs were expanded more than once: [linux_x64_gcc_15]. For repeatable flags, repeats are counted twice and may lead to unexpected behavior.
Computing main repo mapping: 
Computing main repo mapping: 
WARNING: The following configs were expanded more than once: [linux_x64_gcc_15]. For repeatable flags, repeats are counted twice and may lead to unexpected behavior.
Computing main repo mapping: 
Computing main repo mapping: 
Computing main repo mapping: 
Computing main repo mapping: 
Computing main repo mapping: 
Computing main repo mapping: 
Computing main repo mapping: 
Computing main repo mapping: 
Loading: 
Loading: 5 packages loaded
Analyzing: target //score/mw/com/rust/score_com_concept:score_com_concept-macros-tests (6 packages loaded)
Analyzing: target //score/mw/com/rust/score_com_concept:score_com_concept-macros-tests (6 packages loaded, 0 targets configured)
Analyzing: target //score/mw/com/rust/score_com_concept:score_com_concept-macros-tests (6 packages loaded, 0 targets configured)

Analyzing: target //score/mw/com/rust/score_com_concept:score_com_concept-macros-tests (12 packages loaded, 8 targets configured)

Analyzing: target //score/mw/com/rust/score_com_concept:score_com_concept-macros-tests (52 packages loaded, 8 targets configured)

Analyzing: target //score/mw/com/rust/score_com_concept:score_com_concept-macros-tests (97 packages loaded, 8 targets configured)

Analyzing: target //score/mw/com/rust/score_com_concept:score_com_concept-macros-tests (98 packages loaded, 35 targets configured)

Analyzing: target //score/mw/com/rust/score_com_concept:score_com_concept-macros-tests (158 packages loaded, 1186 targets configured)

Analyzing: target //score/mw/com/rust/score_com_concept:score_com_concept-macros-tests (195 packages loaded, 7579 targets configured)

Analyzing: target //score/mw/com/rust/score_com_concept:score_com_concept-macros-tests (224 packages loaded, 10381 targets configured)

Analyzing: target //score/mw/com/rust/score_com_concept:score_com_concept-macros-tests (323 packages loaded, 12971 targets configured)

Analyzing: target //score/mw/com/rust/score_com_concept:score_com_concept-macros-tests (365 packages loaded, 14938 targets configured)

INFO: Analyzed target //score/mw/com/rust/score_com_concept:score_com_concept-macros-tests (365 packages loaded, 14938 targets configured).
[7 / 13] checking cached actions
