$TEST_TMPDIR defined, some defaults will be overridden
OpenJDK 64-Bit Server VM warning: Options -Xverify:none and -noverify were deprecated in JDK 13 and will likely be removed in a future release.
WARNING: The following configs were expanded more than once: [linux_x64_gcc_15]. For repeatable flags, repeats are counted twice and may lead to unexpected behavior.
Computing main repo mapping: 
Computing main repo mapping: 
Computing main repo mapping: 
WARNING: The following configs were expanded more than once: [linux_x64_gcc_15]. For repeatable flags, repeats are counted twice and may lead to unexpected behavior.
Computing main repo mapping: 
Computing main repo mapping: 
Computing main repo mapping: 
Computing main repo mapping: 
Computing main repo mapping: 
Computing main repo mapping: 
Computing main repo mapping: 
Computing main repo mapping: 
Computing main repo mapping: 
Computing main repo mapping: 
Computing main repo mapping: 
Computing main repo mapping: 
Loading: 
Loading: 5 packages loaded
Analyzing: 5 targets (9 packages loaded)
Analyzing: 5 targets (9 packages loaded)
Analyzing: 5 targets (9 packages loaded, 0 targets configured)
Analyzing: 5 targets (9 packages loaded, 0 targets configured)

Analyzing: 5 targets (10 packages loaded, 0 targets configured)

Analyzing: 5 targets (17 packages loaded, 12 targets configured)

Analyzing: 5 targets (27 packages loaded, 13 targets configured)

Analyzing: 5 targets (52 packages loaded, 26 targets configured)

Analyzing: 5 targets (101 packages loaded, 26 targets configured)

Analyzing: 5 targets (103 packages loaded, 26 targets configured)

Analyzing: 5 targets (147 packages loaded, 469 targets configured)

Analyzing: 5 targets (160 packages loaded, 1495 targets configured)

Analyzing: 5 targets (163 packages loaded, 3259 targets configured)

Analyzing: 5 targets (163 packages loaded, 6266 targets configured)

Analyzing: 5 targets (265 packages loaded, 10683 targets configured)

Analyzing: 5 targets (334 packages loaded, 12722 targets configured)

Analyzing: 5 targets (379 packages loaded, 14775 targets configured)

Analyzing: 5 targets (379 packages loaded, 15248 targets configured)
[1 / 1] no actions running
INFO: Analyzed 5 targets (379 packages loaded, 15249 targets configured).
[3 / 356] checking cached actions
[1,917 / 1,957] [Prepa] Testing //score/mw/com/impl/configuration:configuration_test
[1,936 / 1,957] Testing //score/mw/com/impl/configuration:configuration_test; 1s linux-sandbox
[1,950 / 1,957] Testing //score/mw/com/impl/configuration:configuration_test; 3s linux-sandbox ... (2 actions, 1 running)
[1,953 / 1,957] 2 / 5 tests; [Prepa] Compiling Rust rlib score_com (1 file)
[1,954 / 1,957] 2 / 5 tests; Compiling Rust bin com-api-runtime-lola-tests (5 files); 1s linux-sandbox ... (2 actions running)
[1,955 / 1,958] 2 / 5 tests; Compiling Rust bin com-api-runtime-lola-tests (5 files); 4s linux-sandbox ... (2 actions, 1 running)
[1,955 / 1,958] 2 / 5 tests; Compiling Rust bin com-api-runtime-lola-tests (5 files); 6s linux-sandbox ... (2 actions running)
[1,956 / 1,959] 2 / 5 tests; Compiling Rust bin score_com_concept-macros-unit-tests_linux (1 file); 2s linux-sandbox ... (2 actions, 1 running)
[1,958 / 1,959] 4 / 5 tests; Compiling Rust bin score_com_concept-macros-unit-tests_linux (1 file); 4s linux-sandbox
INFO: Found 5 test targets...
INFO: Elapsed time: 127.261s, Critical Path: 12.25s
INFO: 11 processes: 1969 action cache hit, 13 linux-sandbox.
INFO: Build completed successfully, 11 total actions
INFO: 
//score/mw/com/impl:runtime_test                                         PASSED in 0.4s
//score/mw/com/impl/configuration:configuration_test                     PASSED in 3.4s
//score/mw/com/impl/rust/com-api/com-api-runtime-lola:com-api-runtime-lola-tests PASSED in 0.0s
//score/mw/com/rust/score_com_concept:score_com_concept-macros-unit-tests PASSED in 0.0s
//score/mw/com/rust/score_com_concept:score_com_concept-test             PASSED in 0.0s

Executed 5 out of 5 tests: 5 tests pass.
There were tests whose specified size is too big. Use the --test_verbose_timeout_warnings command line option to see which ones these are.
INFO: Build Event Protocol files produced successfully.
