Using Python 3.12.14 environment at: /home/jefferson/s-core_bot/.venv
annotated-doc==0.0.5
annotated-types==0.8.0
anyio==4.15.1
ast-serialize==0.11.2
certifi==2026.7.22
click==8.5.0
coverage==7.16.2
docutils==0.23
fastapi==0.141.1
h11==0.16.0
httpcore==1.0.9
httpx==0.28.1
idna==3.20
iniconfig==2.3.0
librt==0.15.0
markdown-it-py==4.2.0
mdurl==0.1.2
mypy==2.3.1
mypy-extensions==1.1.0
numpy==2.5.3
packaging==26.3
pathspec==1.1.1
pip-licenses==5.5.5
pluggy==1.6.0
prettytable==3.18.0
psutil==7.2.2
pydantic==2.13.5
pydantic-core==2.46.5
pygments==2.21.0
pytest==9.1.1
pytest-cov==7.1.0
pyyaml==6.0.3
rich==15.0.0
ruff==0.16.9
-e file:///home/jefferson/s-core_bot
shellingham==1.5.4
starlette==1.7.0
typer==0.27.2
types-docutils==0.23.0.20260923
types-psutil==7.2.2.20260906
types-pyyaml==6.0.12.20260906
typing-extensions==4.16.0
typing-inspection==0.4.4
uvicorn==0.54.0
wcwidth==0.9.1
