[T+0.003s] run 20260925T155143Z start
[T+0.025s] path A: reset
[T+3.040s] PASS  [A] gateway serves the cruise resources: expected=vehicle_speed,cruise_state,speed_sensor_fault_status,speed_sensor_stuck observed=vehicle_speed,cruise_state,speed_sensor_fault_status,speed_sensor_stuck
[T+3.045s] PASS  [A] no demo.* ids left: expected=0 observed=0
[T+3.055s] PASS  [A] fault status before injection: expected=passed observed=passed
[T+3.066s] PASS  [A] cruise control engaged: expected=active observed=active
[T+3.070s] path A: inject stuck speed sensor over SOVD
[T+3.079s] PASS  [A] injection accepted: expected=204 observed=204
[T+3.088s] PASS  [A] status right after injection: expected=prefailed observed=prefailed
[T+8.323s] PASS  [A] status after debounce: expected=failed observed=failed
[T+8.327s] path A: debounce qualified after 5.22s
[T+8.346s] PASS  [A] cruise control reacts (their logic): expected=unavailable observed=unavailable
[T+8.349s] path A: clear
[T+10.449s] PASS  [A] status after clear: expected=passed observed=passed
[T+10.460s] path A: cruise control now standby (waits for the driver)
[T+10.469s] path B: clear ECU fault memory
[T+10.486s] PASS  [B] active faults before injection: expected= observed=
[T+10.489s] path B: inject DTC 0x01E240 status 0x2F into the simulator
[T+10.499s] PASS  [B] injection accepted: expected=201 observed=201
[T+10.510s] PASS  [B] CDA reports the DTC over SOVD: expected=01E240/2F observed=01E240/2F
[T+10.514s] path B: clear
[T+10.534s] PASS  [B] active faults after clear: expected= observed=
[T+10.539s] run 20260925T155143Z done: 13/13 passed
