$TEST_TMPDIR defined, some defaults will be overridden
Extracting Bazel installation...
OpenJDK 64-Bit Server VM warning: Options -Xverify:none and -noverify were deprecated in JDK 13 and will likely be removed in a future release.
WARNING: The following configs were expanded more than once: [linux_x64_gcc_15]. For repeatable flags, repeats are counted twice and may lead to unexpected behavior.
Computing main repo mapping: 
Computing main repo mapping: 
WARNING: The following configs were expanded more than once: [linux_x64_gcc_15]. For repeatable flags, repeats are counted twice and may lead to unexpected behavior.
Computing main repo mapping: 
Computing main repo mapping: 
Computing main repo mapping: 
Computing main repo mapping: 
Computing main repo mapping: 
Loading: 
Loading: 5 packages loaded
Analyzing: target //score/mw/com/test/basic_rust_api/consumer_any_apis/integration_test:test_com_api_any (6 packages loaded, 0 targets configured)
Analyzing: target //score/mw/com/test/basic_rust_api/consumer_any_apis/integration_test:test_com_api_any (6 packages loaded, 0 targets configured)

Analyzing: target //score/mw/com/test/basic_rust_api/consumer_any_apis/integration_test:test_com_api_any (102 packages loaded, 22 targets configured)

Analyzing: target //score/mw/com/test/basic_rust_api/consumer_any_apis/integration_test:test_com_api_any (102 packages loaded, 22 targets configured)

Analyzing: target //score/mw/com/test/basic_rust_api/consumer_any_apis/integration_test:test_com_api_any (161 packages loaded, 3164 targets configured)

Analyzing: target //score/mw/com/test/basic_rust_api/consumer_any_apis/integration_test:test_com_api_any (161 packages loaded, 3164 targets configured)

Analyzing: target //score/mw/com/test/basic_rust_api/consumer_any_apis/integration_test:test_com_api_any (161 packages loaded, 3164 targets configured)

WARNING: /media/jefferson/11c42dee-73a3-4c2b-ab42-a0440011d9e0/.s-core-build/runs/score-rust-discovery-575c85n6/workspaces/250/MODULE.bazel:196:20: The module extension apt defined in @rules_distroless//apt:extensions.bzl reported incorrect imports of repositories via use_repo():

Imported, but reported as indirect dependencies by the extension:
    ubuntu24_04_sysroot_resolve

Fix the use_repo calls by running 'bazel mod tidy'.
DEBUG: Rule 'score_baselibs++_repo_rules+acl-deb' indicated that a canonical reproducible form can be obtained by modifying arguments integrity = "sha256-5AjUxw54AQdOpFkYAgilQtVPVjibpIU3BDTy0A6VCYA=" and dropping ["visibility"]
DEBUG: Repository score_baselibs++_repo_rules+acl-deb instantiated at:
  <builtin>: in <toplevel>
Repository rule deb defined at:
  /media/jefferson/11c42dee-73a3-4c2b-ab42-a0440011d9e0/.s-core-build/runs/score-rust-discovery-575c85n6/bazel-output/ddcda656a402a2b8c406a119501fbade/external/download_utils+/download/deb/repository.bzl:78:22: in <toplevel>
Analyzing: target //score/mw/com/test/basic_rust_api/consumer_any_apis/integration_test:test_com_api_any (506 packages loaded, 15586 targets configured)

Analyzing: target //score/mw/com/test/basic_rust_api/consumer_any_apis/integration_test:test_com_api_any (508 packages loaded, 15819 targets configured)

Analyzing: target //score/mw/com/test/basic_rust_api/consumer_any_apis/integration_test:test_com_api_any (524 packages loaded, 17767 targets configured)

Analyzing: target //score/mw/com/test/basic_rust_api/consumer_any_apis/integration_test:test_com_api_any (524 packages loaded, 17767 targets configured)

Analyzing: target //score/mw/com/test/basic_rust_api/consumer_any_apis/integration_test:test_com_api_any (537 packages loaded, 17971 targets configured)

Analyzing: target //score/mw/com/test/basic_rust_api/consumer_any_apis/integration_test:test_com_api_any (552 packages loaded, 18252 targets configured)

Analyzing: target //score/mw/com/test/basic_rust_api/consumer_any_apis/integration_test:test_com_api_any (556 packages loaded, 18666 targets configured)

Analyzing: target //score/mw/com/test/basic_rust_api/consumer_any_apis/integration_test:test_com_api_any (557 packages loaded, 18685 targets configured)

INFO: Analyzed target //score/mw/com/test/basic_rust_api/consumer_any_apis/integration_test:test_com_api_any (558 packages loaded, 18805 targets configured).
[124 / 1,447] [Prepa] Expanding template external/rules_pkg+/pkg/private/tar/build_tar [for tool]
[193 / 1,447] Compiling score/concurrency/destruction_guard.cpp; 0s linux-sandbox ... (2 actions, 1 running)
[231 / 1,447] Compiling score/result/error.cpp; 0s linux-sandbox ... (2 actions, 1 running)
[253 / 1,447] Compiling support/dfa.c [for tool]; 0s linux-sandbox ... (2 actions running)
[264 / 1,447] Compiling support/regex.c [for tool]; 1s linux-sandbox ... (2 actions, 1 running)
[272 / 1,447] Compiling awkgram.c [for tool]; 0s linux-sandbox ... (2 actions, 1 running)
[276 / 1,447] Compiling builtin.c [for tool]; 0s linux-sandbox ... (2 actions, 1 running)
[283 / 1,447] Compiling field.c [for tool]; 0s linux-sandbox ... (2 actions, 1 running)
[286 / 1,447] Compiling eval.c [for tool]; 0s linux-sandbox ... (2 actions, 1 running)
[302 / 1,447] Compiling Rust (without process_wrapper) rlib tinyjson (4 files) [for tool]; 0s linux-sandbox ... (2 actions, 1 running)
[320 / 1,447] Compiling Rust (without process_wrapper) bin process_wrapper (6 files) [for tool]; 0s linux-sandbox ... (2 actions running)
[350 / 1,447] Compiling Rust rlib cargo_build_script_runner (2 files) [for tool]; 0s linux-sandbox ... (2 actions, 1 running)
[366 / 1,447] Compiling Rust bin runner (1 file) [for tool]; 0s linux-sandbox ... (2 actions, 1 running)
[393 / 1,447] Compiling score/os/utils/interprocess/interprocess_mutex.cpp; 0s linux-sandbox ... (2 actions, 1 running)
[408 / 1,447] Compiling score/mw/log/log_common.cpp; 0s linux-sandbox ... (2 actions, 1 running)
[429 / 1,447] Compiling score/concurrency/interruptible_interprocess_condition_variable.cpp; 0s linux-sandbox ... (2 actions, 1 running)
[440 / 1,447] Compiling Rust rlib winnow v0.7.2 (93 files) [for tool]; 0s linux-sandbox ... (2 actions, 1 running)
[446 / 1,447] Compiling score/memory/shared/flock/flock_mutex_and_lock.cpp; 0s linux-sandbox ... (2 actions, 1 running)
[454 / 1,447] Compiling Rust rlib indexmap v2.7.1 (30 files) [for tool]; 0s linux-sandbox ... (2 actions, 1 running)
[463 / 1,447] [Prepa] Linking external/score_baselibs+/score/language/safecpp/scoped_function/details/liballocator_aware_erased_type.a
[472 / 1,447] Compiling Rust rlib syn v2.0.98 (96 files) [for tool]; 0s linux-sandbox ... (2 actions, 1 running)
[477 / 1,447] Compiling Rust rlib syn v2.0.98 (96 files) [for tool]; 1s linux-sandbox ... (2 actions running)
[479 / 1,447] Compiling Rust rlib syn v2.0.98 (96 files) [for tool]; 2s linux-sandbox ... (2 actions running)
[485 / 1,447] Compiling Rust proc-macro displaydoc v0.2.5 (21 files) [for tool]; 0s linux-sandbox ... (2 actions, 1 running)
[494 / 1,447] Compiling Rust proc-macro serde_derive v1.0.217 (18 files) [for tool]; 0s linux-sandbox ... (2 actions, 1 running)
[504 / 1,447] Compiling Rust proc-macro serde_derive v1.0.217 (18 files) [for tool]; 1s linux-sandbox ... (2 actions, 1 running)
[513 / 1,447] Compiling Rust proc-macro serde_derive v1.0.217 (18 files) [for tool]; 2s linux-sandbox ... (2 actions running)
[518 / 1,447] Compiling Rust proc-macro serde_derive v1.0.217 (18 files) [for tool]; 3s linux-sandbox ... (2 actions, 1 running)
[529 / 1,447] Compiling Rust rlib serde v1.0.217 (20 files) [for tool]; 0s linux-sandbox ... (2 actions, 1 running)
[539 / 1,447] Compiling score/mw/com/impl/bindings/lola/methods/method_error.cpp; 0s linux-sandbox ... (2 actions, 1 running)
[548 / 1,447] Compiling Rust rlib toml_edit v0.22.24 (58 files) [for tool]; 0s linux-sandbox ... (2 actions, 1 running)
[556 / 1,447] Compiling Rust rlib toml_edit v0.22.24 (58 files) [for tool]; 2s linux-sandbox ... (2 actions, 1 running)
[560 / 1,447] Compiling Rust rlib toml v0.8.20 (29 files) [for tool]; 0s linux-sandbox ... (2 actions running)
[571 / 1,447] Compiling score/concurrency/executor.cpp; 0s linux-sandbox ... (2 actions, 1 running)
[581 / 1,447] Compiling score/concurrency/task.cpp; 0s linux-sandbox ... (2 actions, 1 running)
[593 / 1,447] Compiling Rust proc-macro zerovec_derive v0.10.3 (9 files) [for tool]; 0s linux-sandbox ... (2 actions, 1 running)
[597 / 1,447] Compiling Rust proc-macro zerovec_derive v0.10.3 (9 files) [for tool]; 1s linux-sandbox ... (2 actions, 1 running)
[600 / 1,447] Compiling Rust rlib synstructure v0.13.1 (2 files) [for tool]; 1s linux-sandbox ... (2 actions, 1 running)
[603 / 1,447] Compiling Rust proc-macro yoke_derive v0.7.5 (3 files) [for tool]; 0s linux-sandbox ... (2 actions running)
[605 / 1,447] Compiling Rust proc-macro zerofrom_derive v0.1.5 (3 files) [for tool]; 0s linux-sandbox ... (2 actions running)
[607 / 1,447] Compiling Rust proc-macro zerofrom_derive v0.1.5 (3 files) [for tool]; 1s linux-sandbox ... (2 actions, 1 running)
[615 / 1,447] Compiling Rust rlib zerovec v0.10.4 (57 files) [for tool]; 0s linux-sandbox ... (2 actions, 1 running)
[622 / 1,447] Compiling Rust proc-macro icu_provider_macros v1.5.0 (2 files) [for tool]; 0s linux-sandbox ... (2 actions, 1 running)
[626 / 1,447] Compiling score/analysis/tracing/generic_trace_library/interface_types/chunk_list/shm_data_chunk_list.cpp; 0s linux-sandbox ... (2 actions, 1 running)
[635 / 1,447] Compiling Rust rlib icu_locid v1.5.0 (48 files) [for tool]; 0s linux-sandbox ... (2 actions, 1 running)
INFO: From Compiling score/mw/com/com_error_domain.cpp:
In file included from ./score/mw/com/com_error_domain.h:16,
                 from score/mw/com/com_error_domain.cpp:13:
./score/mw/com/impl/com_error.h: In member function 'virtual std::string_view score::mw::com::impl::ComErrorDomain::MessageFor(const score::result::ErrorCode&) const':
./score/mw/com/impl/com_error.h:186:65: warning: 'score::mw::com::impl::ComErrc::kServiceInstanceAlreadyOffered' is deprecated: Value has never been used. Calls to OfferService shall be idempotent. [-Wdeprecated-declarations]
  186 |             case static_cast<score::result::ErrorCode>(ComErrc::kServiceInstanceAlreadyOffered):
      |                                                                 ^~~~~~~~~~~~~~~~~~~~~~~~~~~~~~
./score/mw/com/impl/com_error.h:57:5: note: declared here
   57 |     kServiceInstanceAlreadyOffered
      |     ^~~~~~~~~~~~~~~~~~~~~~~~~~~~~~
[644 / 1,447] Compiling Rust rlib icu_locid_transform v1.5.0 (15 files) [for tool]; 0s linux-sandbox ... (2 actions, 1 running)
INFO: From Compiling score/mw/com/impl/data_type_meta_info.cpp:
In file included from score/mw/com/impl/data_type_meta_info.cpp:15:
./score/mw/com/impl/com_error.h: In member function 'virtual std::string_view score::mw::com::impl::ComErrorDomain::MessageFor(const score::result::ErrorCode&) const':
./score/mw/com/impl/com_error.h:186:65: warning: 'score::mw::com::impl::ComErrc::kServiceInstanceAlreadyOffered' is deprecated: Value has never been used. Calls to OfferService shall be idempotent. [-Wdeprecated-declarations]
  186 |             case static_cast<score::result::ErrorCode>(ComErrc::kServiceInstanceAlreadyOffered):
      |                                                                 ^~~~~~~~~~~~~~~~~~~~~~~~~~~~~~
./score/mw/com/impl/com_error.h:57:5: note: declared here
   57 |     kServiceInstanceAlreadyOffered
      |     ^~~~~~~~~~~~~~~~~~~~~~~~~~~~~~
INFO: From Compiling score/mw/com/impl/error_serializer.cpp:
In file included from score/mw/com/impl/error_serializer.cpp:16:
./score/mw/com/impl/com_error.h: In member function 'virtual std::string_view score::mw::com::impl::ComErrorDomain::MessageFor(const score::result::ErrorCode&) const':
./score/mw/com/impl/com_error.h:186:65: warning: 'score::mw::com::impl::ComErrc::kServiceInstanceAlreadyOffered' is deprecated: Value has never been used. Calls to OfferService shall be idempotent. [-Wdeprecated-declarations]
  186 |             case static_cast<score::result::ErrorCode>(ComErrc::kServiceInstanceAlreadyOffered):
      |                                                                 ^~~~~~~~~~~~~~~~~~~~~~~~~~~~~~
./score/mw/com/impl/com_error.h:57:5: note: declared here
   57 |     kServiceInstanceAlreadyOffered
      |     ^~~~~~~~~~~~~~~~~~~~~~~~~~~~~~
INFO: From Compiling score/mw/com/impl/com_error.cpp:
In file included from score/mw/com/impl/com_error.cpp:13:
./score/mw/com/impl/com_error.h: In member function 'virtual std::string_view score::mw::com::impl::ComErrorDomain::MessageFor(const score::result::ErrorCode&) const':
./score/mw/com/impl/com_error.h:186:65: warning: 'score::mw::com::impl::ComErrc::kServiceInstanceAlreadyOffered' is deprecated: Value has never been used. Calls to OfferService shall be idempotent. [-Wdeprecated-declarations]
  186 |             case static_cast<score::result::ErrorCode>(ComErrc::kServiceInstanceAlreadyOffered):
      |                                                                 ^~~~~~~~~~~~~~~~~~~~~~~~~~~~~~
./score/mw/com/impl/com_error.h:57:5: note: declared here
   57 |     kServiceInstanceAlreadyOffered
      |     ^~~~~~~~~~~~~~~~~~~~~~~~~~~~~~
[650 / 1,447] Compiling Rust rlib icu_properties v1.5.1 (14 files) [for tool]; 0s linux-sandbox ... (2 actions, 1 running)
[660 / 1,447] Compiling Rust rlib icu_properties v1.5.1 (14 files) [for tool]; 1s linux-sandbox ... (2 actions, 1 running)
[670 / 1,447] Compiling Rust rlib icu_normalizer v1.5.0 (13 files) [for tool]; 0s linux-sandbox ... (2 actions, 1 running)
[676 / 1,447] Compiling score/language/safecpp/safe_math/safe_math.cpp; 0s linux-sandbox ... (2 actions, 1 running)
[684 / 1,447] Compiling score/language/safecpp/safe_math/details/cast/cast.cpp; 0s linux-sandbox ... (2 actions, 1 running)
[694 / 1,447] Compiling Rust rlib url v2.5.4 (9 files) [for tool]; 0s linux-sandbox ... (2 actions running)
[696 / 1,447] Compiling Rust proc-macro thiserror_impl v1.0.69 (10 files) [for tool]; 1s linux-sandbox ... (2 actions, 1 running)
[703 / 1,447] Compiling score/json/internal/parser/nlohmann/nlohmann_parser.cpp; 0s linux-sandbox ... (2 actions, 1 running)
[707 / 1,447] Compiling Rust rlib cargo_util_schemas v0.3.1 (8 files) [for tool]; 0s linux-sandbox ... (2 actions running)
[712 / 1,447] Compiling score/json/internal/writer/json_serialize/json_serialize.cpp; 0s linux-sandbox ... (2 actions running)
[715 / 1,447] Compiling Rust bin cargo_toml_variable_extractor (1 file) [for tool]; 1s linux-sandbox ... (2 actions, 1 running)
[718 / 1,447] Compiling Rust bin cargo_toml_variable_extractor (1 file) [for tool]; 2s linux-sandbox ... (2 actions, 1 running)
[720 / 1,447] Compiling Rust bin cargo_toml_variable_extractor (1 file) [for tool]; 4s linux-sandbox ... (2 actions running)
[724 / 1,447] Compiling Rust bin cargo_toml_variable_extractor (1 file) [for tool]; 5s linux-sandbox ... (2 actions running)
[731 / 1,447] Compiling Rust bin cargo_toml_variable_extractor (1 file) [for tool]; 6s linux-sandbox ... (2 actions, 1 running)
[736 / 1,447] Compiling Rust bin cargo_toml_variable_extractor (1 file) [for tool]; 7s linux-sandbox ... (2 actions, 1 running)
[739 / 1,447] Compiling score/mw/log/logging.cpp; 0s linux-sandbox ... (2 actions, 1 running)
[761 / 1,447] Compiling score/mw/log/detail/text_recorder/imessage_builder.cpp; 0s linux-sandbox ... (2 actions, 1 running)
[777 / 1,447] Compiling score/mw/log/detail/log_record.cpp; 0s linux-sandbox ... (2 actions running)
[801 / 1,447] Compiling score/mw/log/configuration/itarget_config_reader.cpp; 0s linux-sandbox ... (2 actions, 1 running)
[808 / 1,447] Compiling score/mw/log/configuration/configuration.cpp; 0s linux-sandbox ... (2 actions, 1 running)
[824 / 1,447] Compiling Rust rlib clap_builder v4.6.7 (57 files); 0s linux-sandbox ... (2 actions, 1 running)
[827 / 1,447] Compiling score/message_passing/timed_command_queue.cpp; 0s linux-sandbox ... (2 actions, 1 running)
[840 / 1,447] Compiling Rust rlib quote v1.0.47 (17 files) [for tool]; 0s linux-sandbox ... (2 actions, 1 running)
[847 / 1,447] Compiling Rust rlib syn v3.0.6 (96 files) [for tool]; 1s linux-sandbox ... (2 actions, 1 running)
[852 / 1,447] Compiling Rust rlib syn v3.0.6 (96 files) [for tool]; 2s linux-sandbox ... (2 actions, 1 running)
[858 / 1,447] Compiling Rust rlib syn v3.0.6 (96 files) [for tool]; 3s linux-sandbox ... (2 actions, 1 running)
[859 / 1,447] Compiling Rust rlib syn v3.0.6 (96 files) [for tool]; 4s linux-sandbox ... (2 actions running)
[861 / 1,447] Compiling Rust rlib syn v3.0.6 (96 files) [for tool]; 6s linux-sandbox ... (2 actions running)
[864 / 1,447] Compiling Rust rlib syn v3.0.6 (96 files) [for tool]; 7s linux-sandbox ... (2 actions, 1 running)
[870 / 1,447] Compiling Rust proc-macro clap_derive v4.6.7 (16 files) [for tool]; 0s linux-sandbox ... (2 actions, 1 running)
[874 / 1,447] Compiling Rust proc-macro clap_derive v4.6.7 (16 files) [for tool]; 1s linux-sandbox ... (2 actions, 1 running)
[878 / 1,447] Compiling Rust proc-macro clap_derive v4.6.7 (16 files) [for tool]; 3s linux-sandbox ... (2 actions, 1 running)
[887 / 1,447] Compiling Rust proc-macro futures_macro v0.3.34 (5 files) [for tool]; 0s linux-sandbox ... (2 actions, 1 running)
[893 / 1,447] Compiling Rust proc-macro futures_macro v0.3.34 (5 files) [for tool]; 1s linux-sandbox ... (2 actions, 1 running)
[898 / 1,447] Compiling Rust rlib futures_util v0.3.34 (186 files); 0s linux-sandbox ... (2 actions running)
[904 / 1,447] Compiling score/message_passing/unix_domain/unix_domain_client_factory.cpp; 0s linux-sandbox ... (2 actions, 1 running)
[911 / 1,447] Compiling Rust rlib libc v0.2.186 (346 files); 0s linux-sandbox ... (2 actions, 1 running)
[914 / 1,447] Compiling Rust rlib syn v2.0.119 (97 files) [for tool]; 0s linux-sandbox ... (2 actions, 1 running)
[918 / 1,447] Compiling Rust rlib syn v2.0.119 (97 files) [for tool]; 2s linux-sandbox ... (2 actions running)
[924 / 1,447] Compiling Rust rlib syn v2.0.119 (97 files) [for tool]; 3s linux-sandbox ... (2 actions, 1 running)
[927 / 1,447] Compiling Rust rlib syn v2.0.119 (97 files) [for tool]; 5s linux-sandbox ... (2 actions running)
[929 / 1,447] Compiling Rust rlib syn v2.0.119 (97 files) [for tool]; 6s linux-sandbox ... (2 actions running)
[933 / 1,447] Compiling Rust rlib syn v2.0.119 (97 files) [for tool]; 8s linux-sandbox ... (2 actions running)
[938 / 1,447] Compiling score/mw/log/configuration/target_config_reader.cpp; 1s linux-sandbox ... (2 actions, 1 running)
[940 / 1,447] Compiling Rust proc-macro thiserror_impl v2.0.21 (11 files) [for tool]; 0s linux-sandbox ... (2 actions running)
[943 / 1,447] Compiling Rust proc-macro thiserror_impl v2.0.21 (11 files) [for tool]; 2s linux-sandbox ... (2 actions, 1 running)
[945 / 1,447] Compiling score/filesystem/details/standard_filesystem.cpp; 0s linux-sandbox ... (2 actions, 1 running)
[951 / 1,447] Compiling Rust proc-macro score_log_fmt_macro (3 files) [for tool]; 0s linux-sandbox ... (2 actions, 1 running)
[952 / 1,447] Compiling Rust proc-macro score_log_fmt_macro (3 files) [for tool]; 1s linux-sandbox ... (2 actions running)
[962 / 1,447] Compiling score/filesystem/file_status.cpp; 0s linux-sandbox ... (2 actions, 1 running)
ERROR: /media/jefferson/11c42dee-73a3-4c2b-ab42-a0440011d9e0/.s-core-build/runs/score-rust-discovery-575c85n6/workspaces/250/score/mw/com/impl/rust/com-api/com-api-runtime-lola/BUILD:16:13: Compiling Rust rlib com-api-runtime-lola (4 files) failed: (Exit 1): process_wrapper failed: error executing Rustc command (from target //score/mw/com/impl/rust/com-api/com-api-runtime-lola:com-api-runtime-lola) bazel-out/k8-opt-exec-ST-d57f47055a04/bin/external/rules_rust+/util/process_wrapper/process_wrapper --arg-file ... (remaining 66 arguments skipped)

Use --sandbox_debug to see verbose messages from the sandbox and retain the sandbox build root for debugging
error[E0560]: struct `ServiceDiscoveryFuture<_, _>` has no field named `find_guard`
    --> score/mw/com/impl/rust/com-api/com-api-runtime-lola/consumer.rs:1018:17
     |
1018 |                 find_guard,
     |                 ^^^^^^^^^^ unknown field
     |
help: a field with a similar name exists
     |
1018 |                 _find_guard,
     |                 +

error: aborting due to 1 previous error

For more information about this error, try `rustc --explain E0560`.
Target //score/mw/com/test/basic_rust_api/consumer_any_apis/integration_test:test_com_api_any failed to build
Use --verbose_failures to see the command lines of failed build steps.
INFO: Elapsed time: 157.468s, Critical Path: 45.10s
INFO: 968 processes: 215 internal, 753 linux-sandbox.
ERROR: Build did NOT complete successfully
FAILED: 
//score/mw/com/test/basic_rust_api/consumer_any_apis/integration_test:test_com_api_any FAILED TO BUILD

Executed 0 out of 1 test: 1 fails to build.
INFO: Build Event Protocol files produced successfully.
