$TEST_TMPDIR defined, some defaults will be overridden
WARNING: Duplicate rc file: /media/jefferson/11c42dee-73a3-4c2b-ab42-a0440011d9e0/.s-core-build/runs/score-rust-issue-queue-ycbvxir7/workspaces/173/quality/static_analysis/static_analysis.bazelrc is read multiple times, it is a standard rc file location but must have been unnecessarily imported earlier.
OpenJDK 64-Bit Server VM warning: Options -Xverify:none and -noverify were deprecated in JDK 13 and will likely be removed in a future release.
WARNING: The following configs were expanded more than once: [linux_x64_gcc_15]. For repeatable flags, repeats are counted twice and may lead to unexpected behavior.
Computing main repo mapping: 
WARNING: The following configs were expanded more than once: [linux_x64_gcc_15]. For repeatable flags, repeats are counted twice and may lead to unexpected behavior.
Computing main repo mapping: 
Computing main repo mapping: 
Computing main repo mapping: 
Computing main repo mapping: 
Computing main repo mapping: 
Computing main repo mapping: 
Computing main repo mapping: 
Computing main repo mapping: 
Loading: 
Loading: 5 packages loaded
Analyzing: target //score/mw/com/rust:score_com (6 packages loaded, 0 targets configured)
Analyzing: target //score/mw/com/rust:score_com (6 packages loaded, 0 targets configured)

Analyzing: target //score/mw/com/rust:score_com (98 packages loaded, 10 targets configured)

Analyzing: target //score/mw/com/rust:score_com (204 packages loaded, 7100 targets configured)

Analyzing: target //score/mw/com/rust:score_com (360 packages loaded, 14696 targets configured)

DEBUG: Rule 'score_baselibs++_repo_rules+acl-deb' indicated that a canonical reproducible form can be obtained by modifying arguments integrity = "sha256-5AjUxw54AQdOpFkYAgilQtVPVjibpIU3BDTy0A6VCYA=" and dropping ["visibility"]
DEBUG: Repository score_baselibs++_repo_rules+acl-deb instantiated at:
  <builtin>: in <toplevel>
Repository rule deb defined at:
  /media/jefferson/11c42dee-73a3-4c2b-ab42-a0440011d9e0/.s-core-build/runs/score-rust-issue-queue-ycbvxir7/bazel-output/3d2bcd8aae5f4af719c508ebbc08a50f/external/download_utils+/download/deb/repository.bzl:78:22: in <toplevel>
INFO: Analyzed target //score/mw/com/rust:score_com (361 packages loaded, 14912 targets configured).
[7 / 11] checking cached actions
[112 / 290] checking cached actions
[261 / 290] Compiling Rust bin _bs_ (346 files) [for tool]; 0s linux-sandbox
[280 / 290] [Prepa] Creating symlink external/rules_rust++crate+crate_index__libc-0.2.186/_bs-
[282 / 290] Compiling Rust rlib libc v0.2.186 (346 files); 0s linux-sandbox
[284 / 290] Compiling Rust rlib sample_allocatee_ptr_rs (1 file); 0s linux-sandbox ... (2 actions running)
[289 / 290] [Prepa] Compiling Rust rlib score_com (1 file)
INFO: Found 1 target...
Target //score/mw/com/rust:score_com up-to-date:
  bazel-bin/score/mw/com/rust/libscore_com-340770749.rlib
INFO: Elapsed time: 27.271s, Critical Path: 5.83s
INFO: 17 processes: 286 action cache hit, 5 internal, 12 linux-sandbox.
INFO: Build completed successfully, 17 total actions
