$TEST_TMPDIR defined, some defaults will be overridden
WARNING: Duplicate rc file: /media/jefferson/11c42dee-73a3-4c2b-ab42-a0440011d9e0/.s-core-build/runs/score-rust-issue-queue-ycbvxir7/workspaces/173/quality/static_analysis/static_analysis.bazelrc is read multiple times, it is a standard rc file location but must have been unnecessarily imported earlier.
OpenJDK 64-Bit Server VM warning: Options -Xverify:none and -noverify were deprecated in JDK 13 and will likely be removed in a future release.
WARNING: The following configs were expanded more than once: [linux_x64_gcc_15]. For repeatable flags, repeats are counted twice and may lead to unexpected behavior.
Computing main repo mapping: 
Computing main repo mapping: 
WARNING: The following configs were expanded more than once: [linux_x64_gcc_15]. For repeatable flags, repeats are counted twice and may lead to unexpected behavior.
Computing main repo mapping: 
Computing main repo mapping: 
Computing main repo mapping: 
Computing main repo mapping: 
Computing main repo mapping: 
Computing main repo mapping: 
Computing main repo mapping: 
Loading: 
Loading: 5 packages loaded
Analyzing: target //score/mw/com/rust/score_com_macros:score-com-macros (6 packages loaded, 0 targets configured)
Analyzing: target //score/mw/com/rust/score_com_macros:score-com-macros (6 packages loaded, 0 targets configured)

Analyzing: target //score/mw/com/rust/score_com_macros:score-com-macros (98 packages loaded, 9 targets configured)

Analyzing: target //score/mw/com/rust/score_com_macros:score-com-macros (182 packages loaded, 9644 targets configured)

INFO: Analyzed target //score/mw/com/rust/score_com_macros:score-com-macros (246 packages loaded, 11943 targets configured).
[51 / 220] [Prepa] Writing repo mapping manifest for @@rules_rust++crate+crate_index__proc-macro2-1.0.107//:_bs-
[171 / 230] checking cached actions
[225 / 230] Compiling Rust rlib unicode_ident v1.0.26 (11 files); 0s linux-sandbox
[226 / 230] Compiling Rust rlib proc_macro2 v1.0.107 (22 files); 0s linux-sandbox
[228 / 230] Compiling Rust rlib syn v2.0.119 (97 files); 1s linux-sandbox
[229 / 230] [Prepa] Compiling Rust proc-macro score-com-macros (1 file)
INFO: Found 1 target...
Target //score/mw/com/rust/score_com_macros:score-com-macros up-to-date:
  bazel-bin/score/mw/com/rust/score_com_macros/libscore_com_macros-2226840396.so
INFO: Elapsed time: 28.650s, Critical Path: 12.17s
INFO: 20 processes: 220 action cache hit, 9 internal, 11 linux-sandbox.
INFO: Build completed successfully, 20 total actions
