$TEST_TMPDIR defined, some defaults will be overridden
OpenJDK 64-Bit Server VM warning: Options -Xverify:none and -noverify were deprecated in JDK 13 and will likely be removed in a future release.
WARNING: The following configs were expanded more than once: [linux_x64_gcc_15]. For repeatable flags, repeats are counted twice and may lead to unexpected behavior.
Computing main repo mapping: 
Computing main repo mapping: 
WARNING: The following configs were expanded more than once: [linux_x64_gcc_15]. For repeatable flags, repeats are counted twice and may lead to unexpected behavior.
Computing main repo mapping: 
Computing main repo mapping: 
Computing main repo mapping: 
Computing main repo mapping: 
Computing main repo mapping: 
Computing main repo mapping: 
Computing main repo mapping: 
Loading: 
Loading: 5 packages loaded
Analyzing: 4 targets (9 packages loaded, 0 targets configured)
Analyzing: 4 targets (9 packages loaded, 0 targets configured)

Analyzing: 4 targets (113 packages loaded, 47 targets configured)

Analyzing: 4 targets (172 packages loaded, 6290 targets configured)

WARNING: /media/jefferson/11c42dee-73a3-4c2b-ab42-a0440011d9e0/.s-core-build/runs/communication-review-pb5v82w4/workspaces/1261/MODULE.bazel:196:20: The module extension apt defined in @rules_distroless//apt:extensions.bzl reported incorrect imports of repositories via use_repo():

Imported, but reported as indirect dependencies by the extension:
    ubuntu24_04_sysroot_resolve

Fix the use_repo calls by running 'bazel mod tidy'.
Analyzing: 4 targets (330 packages loaded, 11112 targets configured)

Analyzing: 4 targets (566 packages loaded, 19633 targets configured)

Analyzing: 4 targets (567 packages loaded, 19866 targets configured)

Analyzing: 4 targets (568 packages loaded, 20096 targets configured)

Analyzing: 4 targets (571 packages loaded, 22001 targets configured)

Analyzing: 4 targets (571 packages loaded, 22001 targets configured)

Analyzing: 4 targets (585 packages loaded, 22213 targets configured)

Analyzing: 4 targets (585 packages loaded, 22213 targets configured)

Analyzing: 4 targets (596 packages loaded, 22759 targets configured)

Analyzing: 4 targets (596 packages loaded, 22759 targets configured)

Analyzing: 4 targets (599 packages loaded, 22923 targets configured)

Analyzing: 4 targets (602 packages loaded, 22979 targets configured)

Analyzing: 4 targets (604 packages loaded, 23011 targets configured)

INFO: Analyzed 4 targets (605 packages loaded, 23045 targets configured).
[9 / 59] checking cached actions
[23 / 607] [Prepa] Writing file score/mw/com/test/basic_rust_api/all_services_stream/integration_test/_oci_filesystem_test_com_api_all_services_stream.manifest
[71 / 1,518] [Prepa] Writing file score/mw/com/test/basic_rust_api/consumer_async_apis/integration_test/_image_test_com_api_async_loader.tags.txt
[122 / 1,565] checking cached actions
[150 / 1,652] [Prepa] Expanding template score/mw/com/test/basic_rust_api/consumer_sync_apis/integration_test/test_com_api_sync.test_binary [for tool]
[191 / 1,750] checking cached actions
[212 / 1,750] [Prepa] Creating symlink external/gawk+/config/config.h [for tool]
[224 / 1,750] Compiling score/mw/com/test/find_any_semantics/client.cpp; 1s linux-sandbox ... (2 actions, 1 running)
[224 / 1,750] Compiling score/mw/com/test/find_any_semantics/client.cpp; 2s linux-sandbox ... (2 actions running)
[225 / 1,750] Compiling score/mw/com/test/find_any_semantics/client.cpp; 3s linux-sandbox ... (2 actions, 1 running)
INFO: From Compiling score/mw/com/test/find_any_semantics/client.cpp:
In file included from ./score/mw/com/impl/instance_identifier.h:16,
                 from ./score/mw/com/impl/handle_type.h:18,
                 from ./score/mw/com/impl/proxy_base.h:18,
                 from ./score/mw/com/impl/generic_proxy_event.h:18,
                 from ./score/mw/com/impl/generic_proxy.h:18,
                 from ./score/mw/com/types.h:24,
                 from ./score/mw/com/test/find_any_semantics/test_datatype.h:17,
                 from score/mw/com/test/find_any_semantics/client.cpp:15:
./score/mw/com/impl/com_error.h: In member function 'virtual std::string_view score::mw::com::impl::ComErrorDomain::MessageFor(const score::result::ErrorCode&) const':
./score/mw/com/impl/com_error.h:186:65: warning: 'score::mw::com::impl::ComErrc::kServiceInstanceAlreadyOffered' is deprecated: Value has never been used. Calls to OfferService shall be idempotent. [-Wdeprecated-declarations]
  186 |             case static_cast<score::result::ErrorCode>(ComErrc::kServiceInstanceAlreadyOffered):
      |                                                                 ^~~~~~~~~~~~~~~~~~~~~~~~~~~~~~
./score/mw/com/impl/com_error.h:57:5: note: declared here
   57 |     kServiceInstanceAlreadyOffered
      |     ^~~~~~~~~~~~~~~~~~~~~~~~~~~~~~
[227 / 1,750] Compiling score/mw/com/test/find_any_semantics/service.cpp; 0s linux-sandbox ... (2 actions, 1 running)
[228 / 1,750] Compiling score/mw/com/test/find_any_semantics/service.cpp; 2s linux-sandbox ... (2 actions running)
[229 / 1,750] Compiling score/mw/com/test/find_any_semantics/service.cpp; 3s linux-sandbox ... (2 actions running)
INFO: From Compiling score/mw/com/test/find_any_semantics/service.cpp:
In file included from ./score/mw/com/impl/instance_identifier.h:16,
                 from ./score/mw/com/impl/handle_type.h:18,
                 from ./score/mw/com/impl/proxy_base.h:18,
                 from ./score/mw/com/impl/generic_proxy_event.h:18,
                 from ./score/mw/com/impl/generic_proxy.h:18,
                 from ./score/mw/com/types.h:24,
                 from ./score/mw/com/test/find_any_semantics/test_datatype.h:17,
                 from score/mw/com/test/find_any_semantics/service.cpp:15:
./score/mw/com/impl/com_error.h: In member function 'virtual std::string_view score::mw::com::impl::ComErrorDomain::MessageFor(const score::result::ErrorCode&) const':
./score/mw/com/impl/com_error.h:186:65: warning: 'score::mw::com::impl::ComErrc::kServiceInstanceAlreadyOffered' is deprecated: Value has never been used. Calls to OfferService shall be idempotent. [-Wdeprecated-declarations]
  186 |             case static_cast<score::result::ErrorCode>(ComErrc::kServiceInstanceAlreadyOffered):
      |                                                                 ^~~~~~~~~~~~~~~~~~~~~~~~~~~~~~
./score/mw/com/impl/com_error.h:57:5: note: declared here
   57 |     kServiceInstanceAlreadyOffered
      |     ^~~~~~~~~~~~~~~~~~~~~~~~~~~~~~
[231 / 1,750] Compiling eval.c [for tool]; 0s linux-sandbox ... (2 actions, 1 running)
[231 / 1,750] Compiling eval.c [for tool]; 2s linux-sandbox ... (2 actions running)
[233 / 1,750] Compiling score/mw/com/test/find_any_semantics/test_datatype.cpp; 2s linux-sandbox ... (2 actions, 1 running)
INFO: From Compiling score/mw/com/test/find_any_semantics/test_datatype.cpp:
In file included from ./score/mw/com/impl/instance_identifier.h:16,
                 from ./score/mw/com/impl/handle_type.h:18,
                 from ./score/mw/com/impl/proxy_base.h:18,
                 from ./score/mw/com/impl/generic_proxy_event.h:18,
                 from ./score/mw/com/impl/generic_proxy.h:18,
                 from ./score/mw/com/types.h:24,
                 from ./score/mw/com/test/find_any_semantics/test_datatype.h:17,
                 from score/mw/com/test/find_any_semantics/test_datatype.cpp:14:
./score/mw/com/impl/com_error.h: In member function 'virtual std::string_view score::mw::com::impl::ComErrorDomain::MessageFor(const score::result::ErrorCode&) const':
./score/mw/com/impl/com_error.h:186:65: warning: 'score::mw::com::impl::ComErrc::kServiceInstanceAlreadyOffered' is deprecated: Value has never been used. Calls to OfferService shall be idempotent. [-Wdeprecated-declarations]
  186 |             case static_cast<score::result::ErrorCode>(ComErrc::kServiceInstanceAlreadyOffered):
      |                                                                 ^~~~~~~~~~~~~~~~~~~~~~~~~~~~~~
./score/mw/com/impl/com_error.h:57:5: note: declared here
   57 |     kServiceInstanceAlreadyOffered
      |     ^~~~~~~~~~~~~~~~~~~~~~~~~~~~~~
[236 / 1,750] Compiling score/mw/com/test/common_test_resources/sctf_test_runner.cpp; 0s linux-sandbox ... (2 actions, 1 running)
[240 / 1,750] Compiling score/mw/com/test/common_test_resources/sctf_test_runner.cpp; 1s linux-sandbox ... (2 actions, 1 running)
[240 / 1,750] Compiling score/mw/com/test/common_test_resources/sctf_test_runner.cpp; 3s linux-sandbox ... (2 actions running)
[244 / 1,750] Compiling score/mw/com/test/common_test_resources/sctf_test_runner.cpp; 4s linux-sandbox ... (2 actions, 1 running)
INFO: From Compiling score/mw/com/test/common_test_resources/sctf_test_runner.cpp:
In file included from ./score/mw/com/impl/instance_identifier.h:16,
                 from ./score/mw/com/impl/handle_type.h:18,
                 from ./score/mw/com/impl/proxy_base.h:18,
                 from ./score/mw/com/impl/generic_proxy_event.h:18,
                 from ./score/mw/com/impl/generic_proxy.h:18,
                 from ./score/mw/com/types.h:24,
                 from ./score/mw/com/mocking/i_runtime.h:17,
                 from ./score/mw/com/runtime.h:24,
                 from score/mw/com/test/common_test_resources/sctf_test_runner.cpp:16:
./score/mw/com/impl/com_error.h: In member function 'virtual std::string_view score::mw::com::impl::ComErrorDomain::MessageFor(const score::result::ErrorCode&) const':
./score/mw/com/impl/com_error.h:186:65: warning: 'score::mw::com::impl::ComErrc::kServiceInstanceAlreadyOffered' is deprecated: Value has never been used. Calls to OfferService shall be idempotent. [-Wdeprecated-declarations]
  186 |             case static_cast<score::result::ErrorCode>(ComErrc::kServiceInstanceAlreadyOffered):
      |                                                                 ^~~~~~~~~~~~~~~~~~~~~~~~~~~~~~
./score/mw/com/impl/com_error.h:57:5: note: declared here
   57 |     kServiceInstanceAlreadyOffered
      |     ^~~~~~~~~~~~~~~~~~~~~~~~~~~~~~
[247 / 1,750] Compiling score/mw/com/test/common_test_resources/command_line_parser.cpp; 1s linux-sandbox ... (2 actions running)
[252 / 1,750] Compiling str_array.c [for tool]; 0s linux-sandbox ... (2 actions running)
[254 / 1,750] Compiling symbol.c [for tool]; 0s linux-sandbox ... (2 actions, 1 running)
[260 / 1,750] Compiling src/cmdline.cpp; 1s linux-sandbox ... (2 actions running)
[261 / 1,750] Compiling src/cmdline.cpp; 2s linux-sandbox ... (2 actions, 1 running)
[264 / 1,750] Compiling src/cmdline.cpp; 4s linux-sandbox ... (2 actions running)
[269 / 1,750] Compiling src/config_file.cpp; 0s linux-sandbox ... (2 actions running)
[270 / 1,750] Compiling src/config_file.cpp; 1s linux-sandbox ... (2 actions running)
[272 / 1,750] Compiling support/regex.c [for tool]; 1s linux-sandbox ... (2 actions running)
[273 / 1,750] Compiling support/regex.c [for tool]; 3s linux-sandbox ... (2 actions, 1 running)
[273 / 1,750] Compiling support/regex.c [for tool]; 4s linux-sandbox ... (2 actions running)
[274 / 1,750] Compiling src/options_description.cpp; 6s linux-sandbox ... (2 actions, 1 running)
[275 / 1,750] Compiling support/pma.c [for tool]; 1s linux-sandbox ... (2 actions running)
[277 / 1,750] Compiling src/parsers.cpp; 2s linux-sandbox
[279 / 1,750] Compiling src/positional_options.cpp; 0s linux-sandbox
[303 / 1,750] Compiling src/split.cpp; 0s linux-sandbox
[338 / 1,750] [Scann] Compiling src/utf8_codecvt_facet.cpp
[351 / 1,750] Compiling src/utf8_codecvt_facet.cpp; 1s linux-sandbox
[365 / 1,750] Compiling src/value_semantic.cpp; 0s linux-sandbox ... (2 actions running)
[374 / 1,750] Compiling src/value_semantic.cpp; 1s linux-sandbox ... (2 actions running)
[375 / 1,750] Compiling Rust rlib heck v0.5.0 (9 files) [for tool]; 2s linux-sandbox ... (2 actions, 1 running)
[376 / 1,750] Compiling Rust rlib heck v0.5.0 (9 files) [for tool]; 3s linux-sandbox
[376 / 1,750] Compiling Rust rlib heck v0.5.0 (9 files) [for tool]; 4s linux-sandbox ... (2 actions running)
[417 / 1,750] Compiling src/winmain.cpp; 1s linux-sandbox
[420 / 1,750] Compiling Rust proc-macro clap_derive v4.6.7 (16 files) [for tool]; 1s linux-sandbox ... (2 actions, 1 running)
[421 / 1,750] Compiling Rust proc-macro clap_derive v4.6.7 (16 files) [for tool]; 2s linux-sandbox ... (2 actions running)
[422 / 1,750] Compiling Rust proc-macro clap_derive v4.6.7 (16 files) [for tool]; 6s linux-sandbox ... (2 actions, 1 running)
[423 / 1,750] Compiling Rust proc-macro clap_derive v4.6.7 (16 files) [for tool]; 7s linux-sandbox ... (2 actions running)
[424 / 1,750] Compiling Rust proc-macro clap_derive v4.6.7 (16 files) [for tool]; 9s linux-sandbox ... (2 actions, 1 running)
[425 / 1,750] Compiling Rust proc-macro clap_derive v4.6.7 (16 files) [for tool]; 10s linux-sandbox ... (2 actions running)
[426 / 1,750] Compiling Rust proc-macro clap_derive v4.6.7 (16 files) [for tool]; 16s linux-sandbox ... (2 actions, 1 running)
[434 / 1,750] Compiling score/os/utils/interprocess/interprocess_notification.cpp; 1s linux-sandbox ... (2 actions running)
[440 / 1,750] Compiling score/mw/com/test/common_test_resources/child_process_guard.cpp; 0s linux-sandbox ... (2 actions, 1 running)
[448 / 1,750] Compiling score/mw/com/test/common_test_resources/shared_memory_object_guard.cpp; 0s linux-sandbox ... (2 actions running)
[449 / 1,750] Compiling score/mw/com/test/common_test_resources/shared_memory_object_guard.cpp; 1s linux-sandbox ... (2 actions running)
[454 / 1,750] Compiling score/mw/com/test/common_test_resources/shared_memory_object_creator.cpp; 0s linux-sandbox ... (2 actions running)
[461 / 1,750] Compiling score/mw/com/test/common_test_resources/shared_memory_object_creator.cpp; 1s linux-sandbox ... (2 actions, 1 running)
[467 / 1,750] Executing genrule @@rules_distroless++apt+ubuntu24_04_integration_testing_mawk_1.3.4.20240123-1build1_amd64//:data; 1s linux-sandbox ... (2 actions running)
[476 / 1,750] Compiling score/mw/com/test/common_test_resources/stop_token_sig_term_handler.cpp; 2s linux-sandbox ... (2 actions running)
[483 / 1,750] Compiling score/mw/com/test/common_test_resources/stop_token_sig_term_handler.cpp; 3s linux-sandbox ... (2 actions running)
[487 / 1,750] Compiling score/mw/com/test/common_test_resources/stop_token_sig_term_handler.cpp; 4s linux-sandbox ... (2 actions running)
[493 / 1,750] Compiling Rust rlib utf8parse v0.2.2 (3 files); 0s linux-sandbox ... (2 actions running)
[496 / 1,750] Executing genrule @@rules_distroless++apt+ubuntu24_04_integration_testing_binutils-x86-64-linux-gnu_2.42-4ubuntu2.10_amd64//:data; 1s linux-sandbox ... (2 actions, 1 running)
[501 / 1,750] Compiling Rust rlib is_terminal_polyfill v1.70.2 (1 file); 0s linux-sandbox ... (2 actions, 1 running)
[510 / 1,750] Compiling Rust rlib anstream v1.0.0 (13 files); 1s linux-sandbox ... (2 actions running)
[511 / 1,750] Compiling Rust rlib anstream v1.0.0 (13 files); 2s linux-sandbox ... (2 actions running)
[516 / 1,750] Compiling Rust rlib anstream v1.0.0 (13 files); 3s linux-sandbox ... (2 actions, 1 running)
[532 / 1,750] Executing genrule @@rules_distroless++apt+ubuntu24_04_integration_testing_libgprofng0_2.42-4ubuntu2.10_amd64//:data; 0s linux-sandbox ... (2 actions, 1 running)
[538 / 1,750] Compiling Rust rlib strsim v0.11.1 (3 files); 1s linux-sandbox ... (2 actions, 1 running)
[548 / 1,750] Compiling Rust rlib clap_builder v4.6.7 (57 files); 0s linux-sandbox ... (2 actions, 1 running)
[555 / 1,750] Compiling Rust rlib clap_builder v4.6.7 (57 files); 1s linux-sandbox ... (2 actions, 1 running)
[563 / 1,750] Compiling Rust rlib clap_builder v4.6.7 (57 files); 2s linux-sandbox ... (2 actions running)
[566 / 1,750] Compiling Rust rlib clap_builder v4.6.7 (57 files); 4s linux-sandbox ... (2 actions, 1 running)
[574 / 1,750] Compiling Rust rlib clap_builder v4.6.7 (57 files); 5s linux-sandbox ... (2 actions, 1 running)
[584 / 1,750] Compiling Rust rlib clap_builder v4.6.7 (57 files); 6s linux-sandbox ... (2 actions, 1 running)
[594 / 1,750] Compiling Rust rlib clap_builder v4.6.7 (57 files); 7s linux-sandbox ... (2 actions, 1 running)
[598 / 1,750] Compiling Rust rlib clap_builder v4.6.7 (57 files); 8s linux-sandbox ... (2 actions running)
[606 / 1,750] [Prepa] Executing genrule @@rules_distroless++apt+ubuntu24_04_integration_testing_tar_1.35-p-dfsg-3build1_amd64//:data
[635 / 1,750] [Prepa] OCI Descriptor external/rules_distroless++apt+ubuntu24_04_integration_testing_liblzma5_5.6.1-p-really5.4.5-1ubuntu0.2_amd64/layer.tar.gz
[651 / 1,750] Compiling Rust rlib bigdata_com_api_gen_rs (1 file); 0s linux-sandbox ... (2 actions, 1 running)
[673 / 1,750] Compiling score/mw/com/test/basic_rust_api/bigdata_com_api_gen.cpp; 1s linux-sandbox
[687 / 1,750] Compiling score/mw/com/test/basic_rust_api/bigdata_com_api_gen.cpp; 2s linux-sandbox ... (2 actions, 1 running)
[726 / 1,750] Compiling score/mw/com/test/basic_rust_api/bigdata_com_api_gen.cpp; 4s linux-sandbox
[760 / 1,750] Compiling score/mw/com/test/basic_rust_api/bigdata_com_api_gen.cpp; 6s linux-sandbox
[780 / 1,750] Compiling score/mw/com/test/basic_rust_api/bigdata_com_api_gen.cpp; 9s linux-sandbox ... (2 actions, 1 running)
[815 / 1,750] Compiling score/mw/com/test/basic_rust_api/bigdata_com_api_gen.cpp; 10s linux-sandbox
[842 / 1,750] Compiling score/mw/com/test/basic_rust_api/bigdata_com_api_gen.cpp; 11s linux-sandbox
[845 / 1,750] Compiling score/mw/com/test/basic_rust_api/bigdata_com_api_gen.cpp; 13s linux-sandbox ... (2 actions, 1 running)
[903 / 1,750] Compiling score/mw/com/test/basic_rust_api/bigdata_com_api_gen.cpp; 14s linux-sandbox ... (2 actions, 1 running)
[930 / 1,750] Compiling score/mw/com/test/basic_rust_api/bigdata_com_api_gen.cpp; 15s linux-sandbox
[948 / 1,750] Compiling score/mw/com/test/basic_rust_api/bigdata_com_api_gen.cpp; 18s linux-sandbox ... (2 actions, 1 running)
[989 / 1,750] Compiling score/mw/com/test/basic_rust_api/bigdata_com_api_gen.cpp; 19s linux-sandbox
[1,060 / 1,750] Compiling score/mw/com/test/basic_rust_api/bigdata_com_api_gen.cpp; 25s linux-sandbox ... (2 actions, 1 running)
[1,082 / 1,750] Compiling score/mw/com/test/basic_rust_api/bigdata_com_api_gen.cpp; 26s linux-sandbox
[1,165 / 1,750] Compiling score/mw/com/test/basic_rust_api/bigdata_com_api_gen.cpp; 29s linux-sandbox ... (2 actions, 1 running)
[1,189 / 1,750] Compiling score/mw/com/test/basic_rust_api/bigdata_com_api_gen.cpp; 31s linux-sandbox
[1,208 / 1,750] Compiling score/mw/com/test/basic_rust_api/bigdata_com_api_gen.cpp; 33s linux-sandbox ... (2 actions, 1 running)
[1,245 / 1,750] Compiling score/mw/com/test/basic_rust_api/bigdata_com_api_gen.cpp; 34s linux-sandbox ... (2 actions, 1 running)
[1,286 / 1,750] Compiling score/mw/com/test/basic_rust_api/bigdata_com_api_gen.cpp; 35s linux-sandbox
INFO: From Compiling score/mw/com/test/basic_rust_api/bigdata_com_api_gen.cpp:
In file included from ./score/mw/com/impl/instance_identifier.h:16,
                 from ./score/mw/com/impl/handle_type.h:18,
                 from ./score/mw/com/impl/proxy_base.h:18,
                 from ./score/mw/com/impl/generic_proxy_event.h:18,
                 from ./score/mw/com/impl/generic_proxy.h:18,
                 from ./score/mw/com/types.h:24,
                 from ./score/mw/com/test/common_test_resources/big_datatype.h:20,
                 from ./score/mw/com/test/basic_rust_api/bigdata_com_api_gen.h:19,
                 from score/mw/com/test/basic_rust_api/bigdata_com_api_gen.cpp:14:
./score/mw/com/impl/com_error.h: In member function 'virtual std::string_view score::mw::com::impl::ComErrorDomain::MessageFor(const score::result::ErrorCode&) const':
./score/mw/com/impl/com_error.h:186:65: warning: 'score::mw::com::impl::ComErrc::kServiceInstanceAlreadyOffered' is deprecated: Value has never been used. Calls to OfferService shall be idempotent. [-Wdeprecated-declarations]
  186 |             case static_cast<score::result::ErrorCode>(ComErrc::kServiceInstanceAlreadyOffered):
      |                                                                 ^~~~~~~~~~~~~~~~~~~~~~~~~~~~~~
./score/mw/com/impl/com_error.h:57:5: note: declared here
   57 |     kServiceInstanceAlreadyOffered
      |     ^~~~~~~~~~~~~~~~~~~~~~~~~~~~~~
[1,312 / 1,750] [Prepa] Linking score/mw/com/test/basic_rust_api/libbigdata_com_api_gen_cpp.lo
[1,340 / 1,750] Compiling score/mw/com/test/common_test_resources/big_datatype.cpp; 1s linux-sandbox
INFO: From Compiling score/mw/com/test/common_test_resources/big_datatype.cpp:
In file included from ./score/mw/com/impl/instance_identifier.h:16,
                 from ./score/mw/com/impl/handle_type.h:18,
                 from ./score/mw/com/impl/proxy_base.h:18,
                 from ./score/mw/com/impl/generic_proxy_event.h:18,
                 from ./score/mw/com/impl/generic_proxy.h:18,
                 from ./score/mw/com/types.h:24,
                 from ./score/mw/com/test/common_test_resources/big_datatype.h:20,
                 from score/mw/com/test/common_test_resources/big_datatype.cpp:14:
./score/mw/com/impl/com_error.h: In member function 'virtual std::string_view score::mw::com::impl::ComErrorDomain::MessageFor(const score::result::ErrorCode&) const':
./score/mw/com/impl/com_error.h:186:65: warning: 'score::mw::com::impl::ComErrc::kServiceInstanceAlreadyOffered' is deprecated: Value has never been used. Calls to OfferService shall be idempotent. [-Wdeprecated-declarations]
  186 |             case static_cast<score::result::ErrorCode>(ComErrc::kServiceInstanceAlreadyOffered):
      |                                                                 ^~~~~~~~~~~~~~~~~~~~~~~~~~~~~~
./score/mw/com/impl/com_error.h:57:5: note: declared here
   57 |     kServiceInstanceAlreadyOffered
      |     ^~~~~~~~~~~~~~~~~~~~~~~~~~~~~~
[1,374 / 1,750] [Prepa] Linking score/mw/com/test/common_test_resources/libbigdata_type.a
[1,394 / 1,750] Compiling score/memory/shared/string.cpp; 0s linux-sandbox ... (2 actions, 1 running)
[1,428 / 1,750] [Scann] Compiling score/mw/com/com_error_domain.cpp
[1,461 / 1,750] Compiling score/mw/com/com_error_domain.cpp; 1s linux-sandbox ... (2 actions, 1 running)
[1,496 / 1,750] Compiling score/mw/com/com_error_domain.cpp; 2s linux-sandbox ... (2 actions, 1 running)
[1,532 / 1,750] Compiling score/mw/com/com_error_domain.cpp; 3s linux-sandbox
[1,603 / 1,750] Compiling score/mw/com/com_error_domain.cpp; 5s linux-sandbox
[1,709 / 1,750] Compiling score/mw/com/com_error_domain.cpp; 9s linux-sandbox ... (2 actions, 1 running)
[1,723 / 1,750] Compiling score/mw/com/com_error_domain.cpp; 11s linux-sandbox ... (2 actions running)
[1,723 / 1,750] Compiling score/mw/com/com_error_domain.cpp; 20s linux-sandbox ... (2 actions running)
INFO: From Compiling score/mw/com/com_error_domain.cpp:
In file included from ./score/mw/com/com_error_domain.h:16,
                 from score/mw/com/com_error_domain.cpp:13:
./score/mw/com/impl/com_error.h: In member function 'virtual std::string_view score::mw::com::impl::ComErrorDomain::MessageFor(const score::result::ErrorCode&) const':
./score/mw/com/impl/com_error.h:186:65: warning: 'score::mw::com::impl::ComErrc::kServiceInstanceAlreadyOffered' is deprecated: Value has never been used. Calls to OfferService shall be idempotent. [-Wdeprecated-declarations]
  186 |             case static_cast<score::result::ErrorCode>(ComErrc::kServiceInstanceAlreadyOffered):
      |                                                                 ^~~~~~~~~~~~~~~~~~~~~~~~~~~~~~
./score/mw/com/impl/com_error.h:57:5: note: declared here
   57 |     kServiceInstanceAlreadyOffered
      |     ^~~~~~~~~~~~~~~~~~~~~~~~~~~~~~
[1,724 / 1,750] Compiling score/mw/com/rust/score_com_cpp_bridge/register_interface.cpp; 14s linux-sandbox ... (2 actions, 1 running)
[1,725 / 1,750] Compiling score/mw/com/rust/score_com_cpp_bridge/register_interface.cpp; 15s linux-sandbox ... (2 actions running)
INFO: From Compiling score/mw/com/rust/score_com_cpp_bridge/register_interface.cpp:
In file included from ./score/mw/com/impl/instance_identifier.h:16,
                 from ./score/mw/com/impl/handle_type.h:18,
                 from ./score/mw/com/impl/proxy_base.h:18,
                 from ./score/mw/com/impl/rust/com-api/com-api-ffi-lola/registry_bridge_macro.h:68,
                 from ./score/mw/com/rust/score_com_cpp_bridge/register_interface.h:45,
                 from score/mw/com/rust/score_com_cpp_bridge/register_interface.cpp:14:
./score/mw/com/impl/com_error.h: In member function 'virtual std::string_view score::mw::com::impl::ComErrorDomain::MessageFor(const score::result::ErrorCode&) const':
./score/mw/com/impl/com_error.h:186:65: warning: 'score::mw::com::impl::ComErrc::kServiceInstanceAlreadyOffered' is deprecated: Value has never been used. Calls to OfferService shall be idempotent. [-Wdeprecated-declarations]
  186 |             case static_cast<score::result::ErrorCode>(ComErrc::kServiceInstanceAlreadyOffered):
      |                                                                 ^~~~~~~~~~~~~~~~~~~~~~~~~~~~~~
./score/mw/com/impl/com_error.h:57:5: note: declared here
   57 |     kServiceInstanceAlreadyOffered
      |     ^~~~~~~~~~~~~~~~~~~~~~~~~~~~~~
[1,726 / 1,750] Linking score/mw/com/test/find_any_semantics/client; 3s linux-sandbox ... (2 actions, 1 running)
[1,727 / 1,750] Linking score/mw/com/test/find_any_semantics/client; 4s linux-sandbox ... (2 actions running)
[1,728 / 1,750] Compiling Rust bin bigdata-consumer (1 file); 8s linux-sandbox ... (2 actions, 1 running)
[1,728 / 1,750] Compiling Rust bin bigdata-consumer (1 file); 9s linux-sandbox ... (2 actions running)
[1,729 / 1,750] Compiling Rust bin bigdata-consumer (1 file); 12s linux-sandbox ... (2 actions, 1 running)
[1,730 / 1,750] Compiling Rust bin bigdata-consumer (1 file); 13s linux-sandbox ... (2 actions, 1 running)
[1,731 / 1,750] Compiling Rust bin bigdata-consumer (1 file); 14s linux-sandbox ... (2 actions running)
[1,732 / 1,750] OCI Image //score/mw/com/test/find_any_semantics/integration_test:_image_test_find_any_semantics; 4s linux-sandbox
[1,732 / 1,750] OCI Image //score/mw/com/test/find_any_semantics/integration_test:_image_test_find_any_semantics; 5s linux-sandbox ... (2 actions running)
[1,733 / 1,750] Compiling Rust bin bigdata-consumer-async (1 file); 4s linux-sandbox ... (2 actions, 1 running)
[1,734 / 1,751] Compiling Rust bin bigdata-consumer-async (1 file); 5s linux-sandbox ... (2 actions running)
[1,735 / 1,751] Compiling Rust bin bigdata-producer (1 file); 3s linux-sandbox ... (2 actions, 1 running)
[1,735 / 1,751] Compiling Rust bin bigdata-producer (1 file); 4s linux-sandbox ... (2 actions running)
[1,738 / 1,751] Compiling Rust bin all-services-consumer (1 file); 2s linux-sandbox ... (2 actions running)
[1,739 / 1,751] OCI Image //score/mw/com/test/basic_rust_api/consumer_sync_apis/integration_test:_image_test_com_api_sync; 2s linux-sandbox ... (2 actions, 1 running)
[1,739 / 1,751] OCI Image //score/mw/com/test/basic_rust_api/consumer_sync_apis/integration_test:_image_test_com_api_sync; 4s linux-sandbox ... (2 actions running)
[1,743 / 1,752] Compiling Rust bin all-services-provider (1 file); 2s linux-sandbox ... (2 actions, 1 running)
[1,743 / 1,752] Compiling Rust bin all-services-provider (1 file); 3s linux-sandbox ... (2 actions running)
[1,744 / 1,752] OCI Image //score/mw/com/test/basic_rust_api/consumer_async_apis/integration_test:_image_test_com_api_async; 2s linux-sandbox ... (2 actions, 1 running)
[1,746 / 1,752] OCI Image //score/mw/com/test/basic_rust_api/consumer_async_apis/integration_test:_image_test_com_api_async; 4s linux-sandbox ... (2 actions running)
[1,747 / 1,752] OCI Image //score/mw/com/test/basic_rust_api/all_services_stream/integration_test:_image_test_com_api_all_services_stream; 2s linux-sandbox ... (2 actions, 1 running)
[1,748 / 1,753] OCI Image //score/mw/com/test/basic_rust_api/all_services_stream/integration_test:_image_test_com_api_all_services_stream; 4s linux-sandbox ... (2 actions running)
[1,749 / 1,753] Testing //score/mw/com/test/basic_rust_api/consumer_async_apis/integration_test:test_com_api_async; 2s linux-sandbox ... (2 actions, 1 running)
[1,750 / 1,754] Testing //score/mw/com/test/basic_rust_api/consumer_async_apis/integration_test:test_com_api_async; 4s linux-sandbox ... (2 actions, 1 running)
[1,750 / 1,754] Testing //score/mw/com/test/basic_rust_api/consumer_async_apis/integration_test:test_com_api_async; 14s linux-sandbox ... (2 actions, 1 running)
[1,750 / 1,754] Testing //score/mw/com/test/basic_rust_api/consumer_async_apis/integration_test:test_com_api_async; 44s linux-sandbox ... (2 actions, 1 running)
[1,750 / 1,754] Testing //score/mw/com/test/basic_rust_api/consumer_async_apis/integration_test:test_com_api_async; 104s linux-sandbox ... (2 actions, 1 running)
[1,750 / 1,754] Testing //score/mw/com/test/basic_rust_api/consumer_async_apis/integration_test:test_com_api_async; 164s linux-sandbox ... (2 actions, 1 running)
[1,750 / 1,754] Testing //score/mw/com/test/basic_rust_api/consumer_async_apis/integration_test:test_com_api_async; 211s linux-sandbox ... (2 actions running)
[1,751 / 1,754] 1 / 4 tests; Testing //score/mw/com/test/find_any_semantics/integration_test:test_find_any_semantics; 1s linux-sandbox ... (2 actions, 1 running)
[1,751 / 1,754] 1 / 4 tests; Testing //score/mw/com/test/find_any_semantics/integration_test:test_find_any_semantics; 11s linux-sandbox ... (2 actions, 1 running)
[1,751 / 1,754] 1 / 4 tests; Testing //score/mw/com/test/find_any_semantics/integration_test:test_find_any_semantics; 41s linux-sandbox ... (2 actions, 1 running)
[1,751 / 1,754] 1 / 4 tests; Testing //score/mw/com/test/find_any_semantics/integration_test:test_find_any_semantics; 58s linux-sandbox ... (2 actions running)
[1,752 / 1,754] 2 / 4 tests; Testing //score/mw/com/test/basic_rust_api/consumer_sync_apis/integration_test:test_com_api_sync; 1s linux-sandbox ... (2 actions, 1 running)
[1,752 / 1,754] 2 / 4 tests; Testing //score/mw/com/test/basic_rust_api/consumer_sync_apis/integration_test:test_com_api_sync; 11s linux-sandbox ... (2 actions, 1 running)
[1,752 / 1,754] 2 / 4 tests; Testing //score/mw/com/test/basic_rust_api/consumer_sync_apis/integration_test:test_com_api_sync; 41s linux-sandbox ... (2 actions, 1 running)
[1,752 / 1,754] 2 / 4 tests; Testing //score/mw/com/test/basic_rust_api/consumer_sync_apis/integration_test:test_com_api_sync; 51s linux-sandbox ... (2 actions running)
[1,753 / 1,754] 3 / 4 tests; Testing //score/mw/com/test/basic_rust_api/all_services_stream/integration_test:test_com_api_all_services_stream; 1s linux-sandbox
[1,753 / 1,754] 3 / 4 tests; Testing //score/mw/com/test/basic_rust_api/all_services_stream/integration_test:test_com_api_all_services_stream; 11s linux-sandbox
[1,753 / 1,754] 4 / 4 tests; Testing //score/mw/com/test/basic_rust_api/all_services_stream/integration_test:test_com_api_all_services_stream; 21s linux-sandbox
INFO: Found 4 test targets...
INFO: Elapsed time: 622.246s, Critical Path: 312.09s
INFO: 550 processes: 1218 action cache hit, 228 internal, 322 linux-sandbox.
INFO: Build completed successfully, 550 total actions
INFO: 
//score/mw/com/test/basic_rust_api/all_services_stream/integration_test:test_com_api_all_services_stream PASSED in 21.6s
//score/mw/com/test/basic_rust_api/consumer_async_apis/integration_test:test_com_api_async PASSED in 211.1s
//score/mw/com/test/basic_rust_api/consumer_sync_apis/integration_test:test_com_api_sync PASSED in 51.7s
//score/mw/com/test/find_any_semantics/integration_test:test_find_any_semantics PASSED in 55.9s

Executed 4 out of 4 tests: 4 tests pass.
There were tests whose specified size is too big. Use the --test_verbose_timeout_warnings command line option to see which ones these are.
INFO: Build Event Protocol files produced successfully.
