$TEST_TMPDIR defined, some defaults will be overridden
OpenJDK 64-Bit Server VM warning: Options -Xverify:none and -noverify were deprecated in JDK 13 and will likely be removed in a future release.
INFO: Invocation ID: d53f10b2-bcb9-45e0-bd56-6546ca5e86b2
Computing main repo mapping: 
Computing main repo mapping: 
Loading: 
Loading: 0 packages loaded
Loading: 0 packages loaded
Loading: 0 packages loaded
    currently loading: 
Loading: 0 packages loaded
    currently loading: 
Loading: 0 packages loaded
    currently loading: 
Analyzing: target //:docs (1 packages loaded)
Analyzing: target //:docs (1 packages loaded, 0 targets configured)
Analyzing: target //:docs (1 packages loaded, 0 targets configured)

Analyzing: target //:docs (16 packages loaded, 8 targets configured)

Analyzing: target //:docs (75 packages loaded, 8 targets configured)

Analyzing: target //:docs (82 packages loaded, 13 targets configured)

Analyzing: target //:docs (177 packages loaded, 1428 targets configured)

Analyzing: target //:docs (264 packages loaded, 5212 targets configured)

Analyzing: target //:docs (314 packages loaded, 9121 targets configured)

Analyzing: target //:docs (346 packages loaded, 14625 targets configured)

INFO: Analyzed target //:docs (347 packages loaded, 24967 targets configured).
[1 / 1] no actions running
INFO: Found 1 target...
Target //:_score_docs_cli up-to-date:
  bazel-bin/_score_docs_cli
  bazel-bin/_score_docs_cli.venv.pth
INFO: Elapsed time: 47.833s, Critical Path: 6.67s
INFO: 1 process: 151 action cache hit, 1 internal.
INFO: Build completed successfully, 1 total action
INFO: Running command line: bazel-bin/_score_docs_cli
Running Sphinx v9.1.0
loading translations [en]... done
Cleared default Sphinx-Needs types: {'need', 'impl', 'test', 'spec', 'req'}
score_mounts: added 0 data mount(s)
score_mounts: registered 0 mount(s)
loading pickled environment... The configuration has changed (12 options: 'html_static_path', 'mounts_manifest', 'needs_external_needs', 'needs_flow_configs', 'needs_layouts', ...)
done
myst v5.1.0: MdParserConfig(commonmark_only=False, gfm_only=False, enable_extensions={'colon_fence'}, disable_syntax=[], all_links_external=False, links_external_new_tab=False, url_schemes=('http', 'https', 'mailto', 'ftp'), ref_domains=None, fence_as_directive=set(), number_code_blocks=[], title_to_header=False, heading_anchors=4, heading_slug_func=<function make_id at 0x7e99fbdb9300>, html_meta={}, footnote_sort=True, footnote_transition=True, words_per_minute=200, substitutions={}, linkify_fuzzy_links=True, dmath_allow_labels=True, dmath_allow_space=True, dmath_allow_digits=True, dmath_double_inline=False, update_mathjax=True, mathjax_classes='tex2jax_process|mathjax_process|math|output_area', enable_checkboxes=False, strikethrough_single_tilde=False, colon_fence_exact_match=False, suppress_warnings=[], highlight_code_blocks=True)
building [mo]: targets for 0 po files that are out of date
writing output... 
building [html]: targets for 319 source files that are out of date
updating environment: [config changed ('runfiles_dir')] 319 added, 25 changed, 0 removed
Path 'needs.flow_configs.score_config' matches pattern 'needs_flow_configs.score_config' (prefix='!include ', suffix=None)
Relativizing embedded string path at 'needs.flow_configs.score_config': !include /media/jefferson/11c42dee-73a3-4c2b-ab42-a0440011d9e0/.s-core-build/runs/score-3115-review-14n7mwek/cache/score-base/execroot/_main/bazel-out/k8-fastbuild/bin/_score_docs_cli.runfiles/score_docs_as_code+/src/extensions/score_layout/assets/puml-theme-score.puml -> !include ../cache/score-base/external/score_docs_as_code+/src/extensions/score_layout/assets/puml-theme-score.puml
Path 'needs.external_needs[0].json_path' matches pattern 'needs_external_needs[*].json_path' (prefix=None, suffix=None)
Relativizing path at 'needs.external_needs[0].json_path': /media/jefferson/11c42dee-73a3-4c2b-ab42-a0440011d9e0/.s-core-build/runs/score-3115-review-14n7mwek/cache/score-base/execroot/_main/bazel-out/k8-fastbuild/bin/_score_docs_cli.runfiles/score_docs_as_code+/needs_json/_build/needs/needs.json -> bazel-bin/external/score_docs_as_code+/needs_json/_build/needs/needs.json
Path 'needs.external_needs[1].json_path' matches pattern 'needs_external_needs[*].json_path' (prefix=None, suffix=None)
Relativizing path at 'needs.external_needs[1].json_path': /media/jefferson/11c42dee-73a3-4c2b-ab42-a0440011d9e0/.s-core-build/runs/score-3115-review-14n7mwek/cache/score-base/execroot/_main/bazel-out/k8-fastbuild/bin/_score_docs_cli.runfiles/score_process_description+/needs_json/_build/needs/needs.json -> bazel-bin/external/score_process_description+/needs_json/_build/needs/needs.json
Merged TOML configuration from '/media/jefferson/11c42dee-73a3-4c2b-ab42-a0440011d9e0/.s-core-build/runs/score-3115-review-14n7mwek/cache/score-base/execroot/_main/bazel-out/k8-fastbuild/bin/_score_docs_cli.runfiles/score_docs_as_code+/src/extensions/score_sync_toml/shared.toml'
Updated needs configuration written to '/media/jefferson/11c42dee-73a3-4c2b-ab42-a0440011d9e0/.s-core-build/runs/score-3115-review-14n7mwek/score/ubproject.toml'
reading sources... [  3%] architecture/index .. contribute/development/cpp/index
reading sources... [  6%] contribute/development/cpp/misra_2023_rule_mapping .. contribute/development/rust/certification/toolchain/compiler
reading sources... [  8%] contribute/development/rust/certification/toolchain/index .. contribute/development/rust/index
reading sources... [ 11%] contribute/development/rust/rust_api_design .. contribute/general/git
reading sources... [ 14%] contribute/general/index .. design_decisions/architecture/index
reading sources... [ 17%] design_decisions/index .. design_decisions/infrastructure/DR-008-infra
reading sources... [ 19%] design_decisions/infrastructure/DR-010-infra .. design_decisions/strategy/DR-001-strat
reading sources... [ 22%] design_decisions/strategy/DR-002-strat .. features/ai_platform/requirements/index
reading sources... [ 25%] features/baselibs/architecture/index .. features/communication/index
reading sources... [ 28%] features/communication/ipc/architecture/index .. features/communication/some_ip_gateway/architecture/index
reading sources... [ 31%] features/communication/some_ip_gateway/index .. features/diagnostics/architecture/index
reading sources... [ 33%] features/diagnostics/index .. features/frameworks/feo/requirements/aou_req
reading sources... [ 36%] features/frameworks/feo/requirements/chklst_req_inspection .. features/lifecycle/architecture/index
reading sources... [ 39%] features/lifecycle/glossary .. features/log_and_trace/logging/requirements/index
reading sources... [ 42%] features/log_and_trace/tracing/architecture/index .. features/persistency/architecture/index
reading sources... [ 44%] features/persistency/index .. features/time/requirements/aou_req
reading sources... [ 47%] features/time/requirements/index .. modules/communication/docs/release/release_note
reading sources... [ 50%] modules/communication/docs/requirements/aou_req .. modules/communication/frontent/docs/index
reading sources... [ 53%] modules/communication/index .. modules/communication/lola/docs/safety_analysis/dfa
reading sources... [ 56%] modules/communication/lola/docs/safety_analysis/fmea .. modules/feo/docs/release/release_note
reading sources... [ 58%] modules/feo/docs/safety_mgt/index .. modules/feo/feo/docs/detailed_design/chklst_dd_inspection
reading sources... [ 61%] modules/feo/feo/docs/detailed_design/component_detailed_design .. modules/feo/feo_com/docs/index
reading sources... [ 64%] modules/feo/feo_log/docs/index .. modules/orchestrator/docs/release/release_note
reading sources... [ 67%] modules/orchestrator/docs/safety_mgt/index .. modules/orchestrator/executor/docs/detailed_design/index
reading sources... [ 69%] modules/orchestrator/executor/docs/index .. modules/orchestrator/orchestrator/docs/detailed_design/index
reading sources... [ 72%] modules/orchestrator/orchestrator/docs/index .. modules/os/docs/requirements/index
reading sources... [ 75%] modules/os/index .. modules/os/operating_systems/docs/community/autosd
reading sources... [ 78%] modules/os/operating_systems/docs/community/ebclfsa .. modules/tracing/tracing/docs/architecture/index
reading sources... [ 81%] modules/tracing/tracing/docs/index .. platform_management_plan/quality_management
reading sources... [ 83%] platform_management_plan/release_management .. platform_management_plan/software_verification
reading sources... [ 86%] platform_management_plan/tool_management .. safety/fdr_reports_safety_platform_safety_plan
reading sources... [ 89%] safety/index .. score_tools/tools_compiler/gcc
reading sources... [ 92%] score_tools/tools_compiler/index .. score_tools/tools_static_analysis_code_quality/clippy
reading sources... [ 94%] score_tools/tools_static_analysis_code_quality/index .. users_guide/building_simple_application/building_source_code
reading sources... [ 97%] users_guide/building_simple_application/cicd_workflows .. users_guide/project_basics/module_structure_overview
reading sources... [100%] users_guide/project_basics/software_architecture_overview .. users_guide/whats_next/index

Copying static files for sphinx-data-viewer support
Copying static files for sphinx-needs datatables support
Copying static style files for sphinx-needs
tests-report folder not found. Defaulting to `bazel-testlogs`. Searching for test.xml files in there
Found 0 test files in total. Parsing them now
Did not find any test.xml files. If you expected xml files to be found, please ensure that you have ran your tests and put all testfiles either in tests-reports or bazel-testlogs.
Saving 0 test case needs to the cache `score_testcaseneeds_cache.json` in _build/.
Saving 0 parsed testcases to the cache `score_xml_parser_cache.json` in _build/.
looking for now-outdated files... none found
pickling environment... done
checking consistency... done
Schema validation completed with 0 warning(s) in 6.906 seconds. Validated 329 needs/s.
preparing documents... done
copying assets... 
copying static files... 
Writing evaluated template result to /media/jefferson/11c42dee-73a3-4c2b-ab42-a0440011d9e0/.s-core-build/runs/score-3115-review-14n7mwek/score/_build/_static/language_data.js
Writing evaluated template result to /media/jefferson/11c42dee-73a3-4c2b-ab42-a0440011d9e0/.s-core-build/runs/score-3115-review-14n7mwek/score/_build/_static/basic.css
Writing evaluated template result to /media/jefferson/11c42dee-73a3-4c2b-ab42-a0440011d9e0/.s-core-build/runs/score-3115-review-14n7mwek/score/_build/_static/documentation_options.js
copying static files: done
copying extra files... 
copying extra files: done
copying assets: done
writing output... [  3%] contribute/ci/index .. contribute/development/development_environment
writing output... [  6%] contribute/development/ide/clion .. contribute/development/rust/certification/toolchain/libstd
writing output... [  9%] contribute/development/rust/certification/tools/coverage .. contribute/documentation/index
logic_arc_int__log_cpp__logging: Implementing Component not specified!
logic_arc_int__log_cpp__logging: No implementing component defined
logic_arc_int__baselibs__json: Implementing Component not specified!
logic_arc_int__baselibs__json: No implementing component defined
logic_arc_int__baselibs__memory_shared: Implementing Component not specified!
logic_arc_int__baselibs__memory_shared: No implementing component defined
writing output... [ 12%] contribute/fork/index .. design_decisions/architecture/DR-001-arch
FIXME: feat_arc_sta__orchestration__static_view: Module for interface logic_arc_int__orchestration__deployment -> comp__orch_deployment_impl is empty.
FIXME: feat_arc_sta__orchestration__static_view: Module for interface logic_arc_int__orchestration__design -> comp__orch_design_impl is empty.
logic_arc_int__log_cpp__logging: Implementing Component not specified!
logic_arc_int__log_cpp__logging: No implementing component defined
writing output... [ 16%] design_decisions/architecture/DR-002-arch .. design_decisions/infrastructure/DR-004-infra
logic_arc_int__log_cpp__logging: Implementing Component not specified!
logic_arc_int__log_cpp__logging: No implementing component defined
logic_arc_int__baselibs__json: Implementing Component not specified!
logic_arc_int__baselibs__json: No implementing component defined
logic_arc_int__baselibs__memory_shared: Implementing Component not specified!
logic_arc_int__baselibs__memory_shared: No implementing component defined
logic_arc_int__log_cpp__logging: Implementing Component not specified!
logic_arc_int__log_cpp__logging: No implementing component defined
writing output... [ 19%] design_decisions/infrastructure/DR-006-infra .. design_decisions/process/DR-003-proc
writing output... [ 22%] design_decisions/process/index .. features/ai_platform/index
writing output... [ 25%] features/ai_platform/requirements/index .. features/communication/index
writing output... [ 28%] features/communication/ipc/architecture/index .. features/communication/some_ip_gateway/index
writing output... [ 31%] features/communication/some_ip_gateway/requirements/index .. features/diagnostics/requirements/index
writing output... [ 34%] features/frameworks/daal/architecture/index .. features/frameworks/feo/safety_analysis/chklst_safety_analysis_inspection
writing output... [ 38%] features/frameworks/feo/safety_analysis/feature_dfa .. features/log_and_trace/index
writing output... [ 41%] features/log_and_trace/logging/architecture/index .. features/orchestration/requirements/index
writing output... [ 44%] features/orchestration/safety_analysis/dfa .. features/security_crypto/requirements/index
writing output... [ 47%] features/time/architecture/index .. modules/communication/docs/manual/index
writing output... [ 50%] modules/communication/docs/manual/safety_manual .. modules/communication/frontent/docs/architecture/index
writing output... [ 53%] modules/communication/frontent/docs/index .. modules/communication/lola/docs/safety_analysis/dfa
writing output... [ 56%] modules/communication/lola/docs/safety_analysis/fmea .. modules/feo/docs/safety_mgt/index
writing output... [ 59%] modules/feo/docs/safety_mgt/module_safety_package_fdr .. modules/feo/feo/docs/index
writing output... [ 62%] modules/feo/feo/docs/requirements/aou_req .. modules/feo/feo_tracing/docs/index
writing output... [ 66%] modules/feo/index .. modules/orchestrator/docs/safety_mgt/module_safety_plan
writing output... [ 69%] modules/orchestrator/docs/safety_mgt/module_safety_plan_fdr .. modules/orchestrator/executor/docs/safety_analysis/fmea
writing output... [ 72%] modules/orchestrator/index .. modules/os/docs/index
writing output... [ 75%] modules/os/docs/requirements/aou_req .. modules/os/message_passing/docs/index
writing output... [ 78%] modules/os/operating_systems/docs/certifiable/index .. modules/tracing/index
writing output... [ 81%] modules/tracing/tracing/docs/architecture/index .. platform_management_plan/quality_management
writing output... [ 84%] platform_management_plan/release_management .. platform_management_plan/tool_management
writing output... [ 88%] platform_management_plan/vulnerability_management .. safety/platform_dfa
writing output... [ 91%] safety/platform_safety_manual .. score_tools/tools_documentation/doc_as_code
writing output... [ 94%] score_tools/tools_documentation/index .. score_tools/tools_testing_frameworks/index
writing output... [ 97%] score_tools/tools_testing_frameworks/itf .. users_guide/building_simple_application/reference_integration
writing output... [100%] users_guide/index .. users_guide/whats_next/index

generating indices... genindex done
writing additional pages... search done
copying images... [  1%] architecture/_assets/platform_architecture.drawio.svg
copying images... [  2%] contribute/contribution_request/_assets/score_contribution_request_simple.drawio.svg
copying images... [  4%] contribute/contribution_request/_assets/score_contribution_request_standard.drawio.svg
copying images... [  5%] contribute/contribution_request/_assets/score_discussion_request_options.drawio.svg
copying images... [  6%] contribute/development/assets/example_rust_source_code_link.png
copying images... [  7%] contribute/documentation/assets/docs-as-code/drawio-editing.png
copying images... [  8%] contribute/documentation/assets/docs-as-code/example.drawio.svg
copying images... [ 10%] contribute/fork/assets/internal-first-workflow.drawio.svg
copying images... [ 11%] contribute/general/_assets/Github_release_button.png
copying images... [ 12%] contribute/general/_assets/Releases_other_way.png
copying images... [ 13%] contribute/general/_assets/Releases_other_way_button.png
copying images... [ 14%] contribute/general/_assets/Release_select_tag.png
copying images... [ 15%] contribute/general/_assets/Create_tag_on_publish.png
copying images... [ 17%] contribute/general/_assets/Generate_release_notes_button.png
copying images... [ 18%] contribute/general/_assets/Generated_release_notes.png
copying images... [ 19%] contribute/general/_assets/Overview_before_release.png
copying images... [ 20%] design_decisions/infrastructure/img/DR-004-example.png
copying images... [ 21%] design_decisions/infrastructure/img/DR-004-backlinking.png
copying images... [ 23%] design_decisions/integration/_assets/DR-008-int-option3_infographic.svg
copying images... [ 24%] design_decisions/process/_assets/DR-001-proc-breakdown.drawio.svg
copying images... [ 25%] design_decisions/process/_assets/DR-001-proc-new_score_building_blocks_meta_model.drawio.svg
copying images... [ 26%] design_decisions/process/_assets/DR-001-proc-current_score_building_blocks_meta_model.drawio.svg
copying images... [ 27%] design_decisions/process/_assets/DR-001-proc-PoC_logging.drawio.svg
copying images... [ 29%] features/ai_platform/gen_ai/_assets/score-aip-genai.drawio.svg
copying images... [ 30%] features/ai_platform/_assets/score-aip-qnx.drawio.svg
copying images... [ 31%] features/ai_platform/_assets/score-aip-linux.drawio.svg
copying images... [ 32%] features/ai_platform/_assets/score-aip-abstraction.drawio.svg
copying images... [ 33%] features/communication/_assets/lola_layers.drawio.svg
copying images... [ 35%] features/communication/ipc/architecture/_assets/lola_mixed_crit_1_n.drawio.svg
copying images... [ 36%] features/communication/ipc/architecture/_assets/lola_slots.drawio.svg
copying images... [ 37%] features/communication/ipc/architecture/_assets/lola_message_passing.drawio.svg
copying images... [ 38%] features/communication/some_ip_gateway/assets/some_ip_gateway_architecture.drawio.svg
copying images... [ 39%] features/communication/some_ip_gateway/assets/some_ip_gateway_details.drawio.svg
copying images... [ 40%] features/communication/some_ip_gateway/assets/e2e_state_machine_on_client_side.drawio.svg
copying images... [ 42%] features/communication/some_ip_gateway/assets/e2e_state_machine_in_gateway.drawio.svg
copying images... [ 43%] features/configuration/config_mgmt/_assets/config_mgmt_application_view.png
copying images... [ 44%] features/diagnostics/_assets/score-diagnostics.drawio.svg
copying images... [ 45%] features/diagnostics/_assets/score-diagnostics-distributed.drawio.svg
copying images... [ 46%] features/frameworks/feo/_assets/example_task_chain.png
copying images... [ 48%] features/frameworks/feo/_assets/example_task_chain_5_threads.png
copying images... [ 49%] features/frameworks/feo/_assets/example_task_chain_3_threads_optimized.png
copying images... [ 50%] features/frameworks/feo/_assets/example_task_chain_3_threads_dynamic.png
copying images... [ 51%] features/time/_assets/timesync-external.drawio.svg
copying images... [ 52%] features/time/_assets/timesync-vehicle.drawio.svg
copying images... [ 54%] features/time/_assets/timesync-chain.drawio.svg
copying images... [ 55%] modules/_assets/module_architecture.drawio.svg
copying images... [ 56%] modules/os/operating_systems/docs/community/_assets/autosd-mco.png
copying images... [ 57%] platform_management_plan/_assets/score_change_request_overview_simple.drawio.svg
copying images... [ 58%] platform_management_plan/_assets/score_change_request_change.drawio.svg
copying images... [ 60%] platform_management_plan/_assets/score_change_request_overview_complex.drawio.svg
copying images... [ 61%] platform_management_plan/_assets/score_change_request_workflow_simple.drawio.svg
copying images... [ 62%] platform_management_plan/_assets/score_problem_resolution_overview.drawio.svg
copying images... [ 63%] platform_management_plan/_assets/score_problem_resolution_report.drawio.svg
copying images... [ 64%] platform_management_plan/_assets/score_problem_resolution_workflow_simple.drawio.svg
copying images... [ 65%] platform_management_plan/_assets/score_project_management_organization_orgchart.drawio.svg
copying images... [ 67%] platform_management_plan/_assets/score_project_management_issue_types.drawio.svg
copying images... [ 68%] platform_management_plan/_assets/score_project_management_issue_status_flow.drawio.svg
copying images... [ 69%] platform_management_plan/_assets/score_project_management_planning_overview.drawio.svg
copying images... [ 70%] platform_management_plan/_assets/score_project_management_kanban.drawio.svg
copying images... [ 71%] platform_management_plan/_assets/score_project_management_process_issue_overview.drawio.svg
copying images... [ 73%] platform_management_plan/_assets/score_project_organisation.drawio.svg
copying images... [ 74%] platform_management_plan/_assets/score_tool_management_overview.drawio.svg
copying images... [ 75%] platform_management_plan/_assets/score_tool_management_evaluation.drawio.svg
copying images... [ 76%] score_tools/tools_build_development/_assets/bazel.drawio.svg
copying images... [ 77%] score_tools/tools_compiler/_assets/gcc.drawio.svg
copying images... [ 79%] score_tools/tools_compiler/_assets/gcc-instrumentation.drawio.svg
copying images... [ 80%] score_tools/tools_compiler/_assets/qcc.drawio.svg
copying images... [ 81%] score_tools/tools_compiler/_assets/qcc-instrumentation.drawio.svg
copying images... [ 82%] score_tools/tools_static_analysis_code_quality/_assets/clangformat.drawio.svg
copying images... [ 83%] score_tools/tools_static_analysis_code_quality/_assets/clang-tidy.drawio.svg
copying images... [ 85%] score_tools/tools_static_analysis_code_quality/_assets/clippy.drawio.svg
copying images... [ 86%] score_tools/tools_static_analysis_code_quality/_assets/rustfmt.drawio.svg
copying images... [ 87%] score_tools/tools_testing_frameworks/_assets/gtest.drawio.svg
copying images... [ 88%] score_tools/tools_testing_frameworks/_assets/itf.drawio.svg
copying images... [ 89%] score_tools/tools_testing_frameworks/_assets/pytest.drawio.svg
copying images... [ 90%] users_guide/_assets/initial_module_rst_content.png
copying images... [ 92%] users_guide/_assets/repository_layout.png
copying images... [ 93%] users_guide/_assets/release_integration_concept.drawio.svg
copying images... [ 94%] users_guide/_assets/module_deps.drawio.svg
copying images... [ 95%] users_guide/_assets/generated_doc_in_score_github.png
copying images... [ 96%] users_guide/_assets/process_areas.png
copying images... [ 98%] users_guide/_assets/architecture_0_6.drawio.svg
copying images... [ 99%] users_guide/_assets/score_tooling.drawio.svg
copying images... [100%] users_guide/_assets/release_verification.png

dumping search index in English (code: en)... done
dumping object inventory... done
Needs successfully exported
Traceability metrics written to: /media/jefferson/11c42dee-73a3-4c2b-ab42-a0440011d9e0/.s-core-build/runs/score-3115-review-14n7mwek/score/_build/metrics.json
build succeeded.

The HTML pages are in ../../../../../../../../../score/_build.
docs (incremental) finished in 208.2 seconds
