$TEST_TMPDIR defined, some defaults will be overridden
WARNING: Running Bazel server needs to be killed, because the following startup options are different:
  - Only in old server: --noshutdown_on_low_sys_mem
  - Only in new server: --batch
OpenJDK 64-Bit Server VM warning: Options -Xverify:none and -noverify were deprecated in JDK 13 and will likely be removed in a future release.
Computing main repo mapping: 
Computing main repo mapping: 
Computing main repo mapping: 
Loading: 
Loading: 3 packages loaded
Analyzing: 12 targets (8 packages loaded, 0 targets configured)
Analyzing: 12 targets (8 packages loaded, 0 targets configured)

Analyzing: 12 targets (138 packages loaded, 633 targets configured)
[1 / 1] no actions running
Analyzing: 12 targets (165 packages loaded, 6442 targets configured)
[1 / 1] no actions running
Analyzing: 12 targets (309 packages loaded, 8691 targets configured)
[1 / 1] no actions running
Analyzing: 12 targets (376 packages loaded, 24677 targets configured)
[1 / 1] no actions running
WARNING: /media/jefferson/11c42dee-73a3-4c2b-ab42-a0440011d9e0/.s-core-build/runs/score-someip84-full-6w80fgob/bazel-output/16df730b0babb9c4a4b46d33742bb204/external/score_baselibs+/score/mw/log/detail/wait_free_stack/BUILD:23:11: in cc_library rule @@score_baselibs+//score/mw/log/detail/wait_free_stack:wait_free_stack: target '@@score_baselibs+//score/mw/log/detail/wait_free_stack:wait_free_stack' depends on deprecated target '@@score_baselibs+//score/memory/shared:atomic_indirector': This target is deprecated. Use @score_baselibs//score/concurrency:atomic_indirector instead.
WARNING: /media/jefferson/11c42dee-73a3-4c2b-ab42-a0440011d9e0/.s-core-build/runs/score-someip84-full-6w80fgob/bazel-output/16df730b0babb9c4a4b46d33742bb204/external/score_baselibs+/score/json/internal/model/BUILD:17:11: in cc_library rule @@score_baselibs+//score/json/internal/model:model: target '@@score_baselibs+//score/json/internal/model:model' depends on deprecated target '@@score_baselibs+//score/memory:string_comparison_adaptor': This target is deprecated. Use @score_baselibs//score/string_manipulation:string_comparison_adaptor instead.
WARNING: /media/jefferson/11c42dee-73a3-4c2b-ab42-a0440011d9e0/.s-core-build/runs/score-someip84-full-6w80fgob/bazel-output/16df730b0babb9c4a4b46d33742bb204/external/score_baselibs+/score/mw/log/detail/text_recorder/BUILD:23:11: in cc_library rule @@score_baselibs+//score/mw/log/detail/text_recorder:text_recorder: target '@@score_baselibs+//score/mw/log/detail/text_recorder:text_recorder' depends on deprecated target '@@score_baselibs+//score/os/utils:high_resolution_steady_clock': Deprecated, please use //platform/aas/mw/time/HighPrecisionLocalSteadyClock instead
Analyzing: 12 targets (409 packages loaded, 41673 targets configured)
[1 / 1] no actions running
WARNING: /media/jefferson/11c42dee-73a3-4c2b-ab42-a0440011d9e0/.s-core-build/runs/score-someip84-full-6w80fgob/bazel-output/16df730b0babb9c4a4b46d33742bb204/external/score_baselibs+/score/mw/log/configuration/BUILD:63:11: in cc_library rule @@score_baselibs+//score/mw/log/configuration:configuration_parser: target '@@score_baselibs+//score/mw/log/configuration:configuration_parser' depends on deprecated target '@@score_baselibs+//score/memory:split_string_view': This target is deprecated. Use @score_baselibs//score/string_manipulation:split_string_view instead.
INFO: Analyzed 12 targets (410 packages loaded, 41724 targets configured).
[2 / 138] checking cached actions
[117 / 356] [Prepa] Writing file external/score_docs_as_code+/scripts_bazel/generate_sourcelinks.venv.pth [for tool]
[119 / 357] Creating source manifest for @@score_docs_as_code+//scripts_bazel:generate_sourcelinks [for tool]; 0s local
[120 / 357] Creating runfiles tree bazel-out/k8-opt-exec-ST-d57f47055a04/bin/external/score_docs_as_code+/scripts_bazel/generate_sourcelinks.runfiles [for tool]; 1s local
[121 / 390] checking cached actions
[122 / 391] [Prepa] Writing file score/socom/docs/docs_bundle.__internal__.local_manifest.json
[125 / 391] checking cached actions
[296 / 418] [Scann] Compiling score/socom/test/stress/client_multi_threading_tests.cpp
[298 / 418] Compiling score/socom/test/stress/client_multi_threading_tests.cpp; 1s linux-sandbox
[319 / 418] Compiling score/socom/test/stress/client_multi_threading_tests.cpp; 2s linux-sandbox ... (2 actions, 1 running)
[322 / 418] Compiling score/socom/test/stress/connection_multi_threading_tests.cpp; 1s linux-sandbox
[323 / 418] [Scann] Compiling score/socom/test/stress/runtime_multi_threading_tests.cpp
[323 / 418] Compiling score/socom/test/stress/runtime_multi_threading_tests.cpp; 1s linux-sandbox ... (2 actions running)
[334 / 418] Linting //score/socom:socom:client_connector_impl.cpp with clang-tidy; 2s linux-sandbox ... (2 actions, 1 running)
[338 / 419] Linting //score/socom:socom:client_connector_impl.cpp with clang-tidy; 4s linux-sandbox
[338 / 419] Linting //score/socom:socom:client_connector_impl.cpp with clang-tidy; 5s linux-sandbox ... (2 actions running)
[339 / 419] GenerateCodeTargetSourcelinks score/socom/docs/docs_bundle.__internal__.sourcelinks_json.json; 5s linux-sandbox ... (2 actions, 1 running)
INFO: From GenerateCodeTargetSourcelinks score/socom/docs/docs_bundle.__internal__.sourcelinks_json.json:
Found 9 need references in 3 files
[348 / 419] Linting //score/socom:socom:method.cpp with clang-tidy; 0s linux-sandbox
[359 / 420] Linting //score/socom/test/framework:socom_test_framework:vector_payload.cpp with clang-tidy; 1s linux-sandbox ... (2 actions, 1 running)
[362 / 420] Linting //score/socom/test/framework:socom_test_framework:utilities.cpp with clang-tidy; 0s linux-sandbox ... (2 actions, 1 running)
[362 / 420] Linting //score/socom/test/framework:socom_test_framework:utilities.cpp with clang-tidy; 1s linux-sandbox ... (2 actions running)
[363 / 420] Linting //score/socom:socom:runtime_impl.cpp with clang-tidy; 2s linux-sandbox ... (2 actions running)
[364 / 420] Linting //score/socom:socom:runtime_impl.cpp with clang-tidy; 4s linux-sandbox ... (2 actions running)
[366 / 420] Linting //score/socom:socom:runtime_impl.cpp with clang-tidy; 6s linux-sandbox ... (2 actions, 1 running)
[366 / 420] Linting //score/socom:socom:runtime_impl.cpp with clang-tidy; 8s linux-sandbox ... (2 actions running)
[366 / 420] Linting //score/socom:socom:runtime_impl.cpp with clang-tidy; 17s linux-sandbox ... (2 actions running)
[367 / 420] Linting //score/socom/test/framework:socom_test_framework:socom_mocks.cpp with clang-tidy; 12s linux-sandbox ... (2 actions running)
[367 / 420] Linting //score/socom/test/framework:socom_test_framework:socom_mocks.cpp with clang-tidy; 23s linux-sandbox ... (2 actions running)
[368 / 420] Linting //score/socom/test/framework:socom_test_framework:socom_mocks.cpp with clang-tidy; 25s linux-sandbox ... (2 actions, 1 running)
[369 / 420] Linting //score/socom/test/framework:socom_test_framework:socom_mocks.cpp with clang-tidy; 26s linux-sandbox ... (2 actions running)
[370 / 420] Linting //score/socom/test/framework:socom_test_framework:socom_mocks.cpp with clang-tidy; 27s linux-sandbox
[372 / 420] Linting //score/socom/test/framework:socom_test_framework:socom_mocks.cpp with clang-tidy; 29s linux-sandbox ... (2 actions, 1 running)
[372 / 420] Linting //score/socom/test/framework:socom_test_framework:socom_mocks.cpp with clang-tidy; 30s linux-sandbox ... (2 actions running)
[374 / 420] Linting //score/socom/test/framework:socom_test_framework:socom_mocks.cpp with clang-tidy; 37s linux-sandbox ... (2 actions, 1 running)
[376 / 420] Linting //score/socom/test/framework:socom_test_framework:socom_mocks.cpp with clang-tidy; 38s linux-sandbox ... (2 actions running)
[378 / 420] Linting //score/socom/test/framework:socom_test_framework:socom_mocks.cpp with clang-tidy; 39s linux-sandbox ... (2 actions running)
[382 / 420] Linting //score/socom/test/framework:socom_test_framework:socom_mocks.cpp with clang-tidy; 41s linux-sandbox ... (2 actions, 1 running)
[382 / 420] Linting //score/socom/test/framework:socom_test_framework:socom_mocks.cpp with clang-tidy; 42s linux-sandbox ... (2 actions running)
[384 / 420] Linting //score/socom:socom:runtime_impl.cpp with clang-tidy; 5s linux-sandbox ... (2 actions, 1 running)
[384 / 420] Linting //score/socom:socom:runtime_impl.cpp with clang-tidy; 6s linux-sandbox ... (2 actions running)
[386 / 420] Linting //score/socom:socom:runtime_impl.cpp with clang-tidy; 7s linux-sandbox ... (2 actions, 1 running)
[386 / 420] Linting //score/socom:socom:runtime_impl.cpp with clang-tidy; 9s linux-sandbox ... (2 actions running)
[388 / 420] Linting //score/socom/test/framework:socom_test_framework:server_t.cpp with clang-tidy; 7s linux-sandbox ... (2 actions, 1 running)
[388 / 420] Linting //score/socom/test/framework:socom_test_framework:server_t.cpp with clang-tidy; 9s linux-sandbox ... (2 actions running)
[389 / 420] Linting //score/socom/test/framework:socom_test_framework:server_t.cpp with clang-tidy; 17s linux-sandbox ... (2 actions, 1 running)
[394 / 420] Linting //score/socom/test/framework:socom_test_framework:server_t.cpp with clang-tidy; 19s linux-sandbox ... (2 actions, 1 running)
[398 / 420] Linting //score/socom/test/framework:socom_test_framework:server_t.cpp with clang-tidy; 20s linux-sandbox ... (2 actions, 1 running)
[398 / 420] Linting //score/socom/test/framework:socom_test_framework:server_t.cpp with clang-tidy; 21s linux-sandbox ... (2 actions running)
[399 / 420] Linting //score/socom/test/framework:socom_test_framework:server_t.cpp with clang-tidy; 25s linux-sandbox ... (2 actions, 1 running)
[400 / 420] Linting //score/socom/test/framework:socom_test_framework:clients_t.cpp with clang-tidy; 1s linux-sandbox ... (2 actions, 1 running)
[401 / 420] Linting //score/socom/test/framework:socom_test_framework:clients_t.cpp with clang-tidy; 2s linux-sandbox ... (2 actions running)
[402 / 420] Linting //score/socom/test/framework:socom_test_framework:clients_t.cpp with clang-tidy; 6s linux-sandbox ... (2 actions, 1 running)
[403 / 420] Linting //score/socom/test/framework:socom_test_framework:clients_t.cpp with clang-tidy; 8s linux-sandbox ... (2 actions running)
[403 / 420] Linting //score/socom/test/framework:socom_test_framework:clients_t.cpp with clang-tidy; 18s linux-sandbox ... (2 actions running)
[405 / 420] Linting //score/socom/test/framework:socom_test_framework:clients_t.cpp with clang-tidy; 27s linux-sandbox ... (2 actions, 1 running)
[405 / 420] Linting //score/socom/test/framework:socom_test_framework:clients_t.cpp with clang-tidy; 28s linux-sandbox ... (2 actions running)
[406 / 420] Linting //score/socom/test/framework:socom_test_framework:clients_t.cpp with clang-tidy; 7s linux-sandbox ... (2 actions, 1 running)
[406 / 420] Linting //score/socom/test/framework:socom_test_framework:clients_t.cpp with clang-tidy; 8s linux-sandbox ... (2 actions running)
[406 / 420] Linting //score/socom/test/framework:socom_test_framework:clients_t.cpp with clang-tidy; 19s linux-sandbox ... (2 actions running)
[407 / 420] Linting //score/socom/test/framework:socom_test_framework:clients_t.cpp with clang-tidy; 27s linux-sandbox ... (2 actions, 1 running)
[407 / 420] Linting //score/socom/test/framework:socom_test_framework:clients_t.cpp with clang-tidy; 29s linux-sandbox ... (2 actions running)
[408 / 420] Linting //score/socom/test/framework:socom_test_framework:clients_t.cpp with clang-tidy; 32s linux-sandbox ... (2 actions, 1 running)
[409 / 420] Linting //score/socom/test/framework:socom_test_framework:server_t.cpp with clang-tidy; 1s linux-sandbox ... (2 actions, 1 running)
[410 / 420] Linting //score/socom/test/framework:socom_test_framework:server_t.cpp with clang-tidy; 2s linux-sandbox ... (2 actions running)
[411 / 420] Linting //score/socom/test/framework:socom_test_framework:server_t.cpp with clang-tidy; 7s linux-sandbox ... (2 actions, 1 running)
[413 / 420] Linting //score/socom/test/framework:socom_test_framework:server_t.cpp with clang-tidy; 8s linux-sandbox ... (2 actions running)
[414 / 420] Linting //score/socom/test/framework:socom_test_framework:server_t.cpp with clang-tidy; 9s linux-sandbox ... (2 actions, 1 running)
[414 / 420] Linting //score/socom/test/framework:socom_test_framework:server_t.cpp with clang-tidy; 11s linux-sandbox ... (2 actions running)
[415 / 420] Linting //score/socom/test/framework:socom_test_framework:server_t.cpp with clang-tidy; 13s linux-sandbox ... (2 actions running)
[415 / 420] Linting //score/socom/test/framework:socom_test_framework:server_t.cpp with clang-tidy; 23s linux-sandbox ... (2 actions running)
[416 / 420] Linting //score/socom/test/framework:socom_test_framework:socom_mocks.cpp with clang-tidy; 12s linux-sandbox ... (2 actions, 1 running)
[416 / 420] Linting //score/socom/test/framework:socom_test_framework:socom_mocks.cpp with clang-tidy; 13s linux-sandbox ... (2 actions running)
[417 / 420] Linting //score/socom/test/framework:socom_test_framework:socom_mocks.cpp with clang-tidy; 14s linux-sandbox ... (2 actions running)
[417 / 420] 1 / 2 tests; Linting //score/socom/test/framework:socom_test_framework:socom_mocks.cpp with clang-tidy; 16s linux-sandbox ... (2 actions running)
[418 / 420] 1 / 2 tests; Linting //score/socom/test/framework:socom_test_framework:socom_mocks.cpp with clang-tidy; 17s linux-sandbox ... (2 actions running)
[418 / 420] 2 / 2 tests; Linting //score/socom/test/framework:socom_test_framework:socom_mocks.cpp with clang-tidy; 22s linux-sandbox ... (2 actions running)
[419 / 420] 2 / 2 tests; Linting //score/socom/test/framework:socom_test_framework:socom_mocks.cpp with clang-tidy; 23s linux-sandbox
INFO: Found 10 targets and 2 test targets...
INFO: Elapsed time: 260.572s, Critical Path: 46.53s
INFO: 65 processes: 358 action cache hit, 7 internal, 58 linux-sandbox.
INFO: Build completed successfully, 65 total actions
