$TEST_TMPDIR defined, some defaults will be overridden
OpenJDK 64-Bit Server VM warning: Options -Xverify:none and -noverify were deprecated in JDK 13 and will likely be removed in a future release.
Computing main repo mapping: 
Computing main repo mapping: 
Loading: 
Loading: 2 packages loaded
Analyzing: target //:traceability_gate (3 packages loaded, 0 targets configured)
Analyzing: target //:traceability_gate (3 packages loaded, 0 targets configured)

Analyzing: target //:traceability_gate (199 packages loaded, 3199 targets configured)

Analyzing: target //:traceability_gate (333 packages loaded, 16351 targets configured)

INFO: Analyzed target //:traceability_gate (334 packages loaded, 26659 targets configured).
[1 / 1] no actions running
INFO: Found 1 target...
Target @@score_docs_as_code+//scripts_bazel:traceability_gate up-to-date:
  bazel-bin/external/score_docs_as_code+/scripts_bazel/traceability_gate
  bazel-bin/external/score_docs_as_code+/scripts_bazel/traceability_gate.venv.pth
INFO: Elapsed time: 6.790s, Critical Path: 0.11s
INFO: 1 process: 48 action cache hit, 1 internal.
INFO: Build completed successfully, 1 total action
INFO: Running command line: bazel-bin/external/score_docs_as_code+/scripts_bazel/traceability_gate <args omitted>
