$TEST_TMPDIR defined, some defaults will be overridden
OpenJDK 64-Bit Server VM warning: Options -Xverify:none and -noverify were deprecated in JDK 13 and will likely be removed in a future release.
Computing main repo mapping: 
Computing main repo mapping: 
Loading: 
Loading: 2 packages loaded
Analyzing: target //:docs (3 packages loaded, 0 targets configured)
Analyzing: target //:docs (3 packages loaded, 0 targets configured)

Analyzing: target //:docs (158 packages loaded, 3204 targets configured)

Analyzing: target //:docs (345 packages loaded, 11072 targets configured)

Analyzing: target //:docs (382 packages loaded, 39853 targets configured)

INFO: Analyzed target //:docs (383 packages loaded, 39937 targets configured).
[1 / 1] no actions running
[15 / 107] checking cached actions
INFO: Found 1 target...
Target //:_score_docs_cli up-to-date:
  bazel-bin/_score_docs_cli
  bazel-bin/_score_docs_cli.venv.pth
INFO: Elapsed time: 13.567s, Critical Path: 0.62s
INFO: 2 processes: 107 action cache hit, 2 internal.
INFO: Build completed successfully, 2 total actions
INFO: Running command line: bazel-bin/_score_docs_cli
