$TEST_TMPDIR defined, some defaults will be overridden
Another command holds the output base lock: 
pid=2909772
owner=client
cwd=/media/jefferson/11c42dee-73a3-4c2b-ab42-a0440011d9e0/.s-core-build/runs/communication-review-pb5v82w4/workspaces/560

Waiting for it to complete...
OpenJDK 64-Bit Server VM warning: Options -Xverify:none and -noverify were deprecated in JDK 13 and will likely be removed in a future release.
WARNING: The following configs were expanded more than once: [linux_x64_gcc_15]. For repeatable flags, repeats are counted twice and may lead to unexpected behavior.
Computing main repo mapping: 
Computing main repo mapping: 
Computing main repo mapping: 
WARNING: The following configs were expanded more than once: [linux_x64_gcc_15]. For repeatable flags, repeats are counted twice and may lead to unexpected behavior.
Computing main repo mapping: 
Computing main repo mapping: 
Computing main repo mapping: 
Computing main repo mapping: 
Computing main repo mapping: 
Computing main repo mapping: 
Computing main repo mapping: 
Computing main repo mapping: 
Computing main repo mapping: 
Computing main repo mapping: 
Computing main repo mapping: 
Computing main repo mapping: 
Computing main repo mapping: 
Loading: 
Loading: 5 packages loaded
Analyzing: 3 targets (8 packages loaded)
Analyzing: 3 targets (8 packages loaded)
Analyzing: 3 targets (8 packages loaded, 0 targets configured)
Analyzing: 3 targets (8 packages loaded, 0 targets configured)

Analyzing: 3 targets (30 packages loaded, 43 targets configured)

Analyzing: 3 targets (59 packages loaded, 46 targets configured)

Analyzing: 3 targets (110 packages loaded, 46 targets configured)

Analyzing: 3 targets (118 packages loaded, 582 targets configured)

Analyzing: 3 targets (203 packages loaded, 9441 targets configured)

WARNING: /media/jefferson/11c42dee-73a3-4c2b-ab42-a0440011d9e0/.s-core-build/runs/communication-review-pb5v82w4/workspaces/560/MODULE.bazel:196:20: The module extension apt defined in @rules_distroless//apt:extensions.bzl reported incorrect imports of repositories via use_repo():

Imported, but reported as indirect dependencies by the extension:
    ubuntu24_04_sysroot_resolve

Fix the use_repo calls by running 'bazel mod tidy'.
Analyzing: 3 targets (497 packages loaded, 15494 targets configured)

Analyzing: 3 targets (562 packages loaded, 18685 targets configured)

Analyzing: 3 targets (562 packages loaded, 18830 targets configured)
[1 / 1] no actions running
INFO: Analyzed 3 targets (562 packages loaded, 18830 targets configured).
[9 / 59] checking cached actions
[1,617 / 1,623] [Prepa] Testing //score/mw/com/test/basic_rust_api/consumer_async_apis/integration_test:test_com_api_async
[1,621 / 1,624] Testing //score/mw/com/test/basic_rust_api/consumer_async_apis/integration_test:test_com_api_async; 0s linux-sandbox ... (2 actions, 1 running)
[1,621 / 1,624] Testing //score/mw/com/test/basic_rust_api/consumer_async_apis/integration_test:test_com_api_async; 11s linux-sandbox ... (2 actions, 1 running)
[1,621 / 1,624] Testing //score/mw/com/test/basic_rust_api/consumer_async_apis/integration_test:test_com_api_async; 41s linux-sandbox ... (2 actions, 1 running)
[1,621 / 1,624] Testing //score/mw/com/test/basic_rust_api/consumer_async_apis/integration_test:test_com_api_async; 74s linux-sandbox ... (2 actions running)
[1,622 / 1,624] 1 / 3 tests; Testing //score/mw/com/test/basic_rust_api/subscription_state_apis/integration_test:test_subscription_state_apis; 1s linux-sandbox ... (2 actions, 1 running)
[1,622 / 1,624] 1 / 3 tests; Testing //score/mw/com/test/basic_rust_api/subscription_state_apis/integration_test:test_subscription_state_apis; 11s linux-sandbox ... (2 actions, 1 running)
[1,622 / 1,624] 1 / 3 tests; Testing //score/mw/com/test/basic_rust_api/subscription_state_apis/integration_test:test_subscription_state_apis; 41s linux-sandbox ... (2 actions, 1 running)
[1,622 / 1,624] 1 / 3 tests; Testing //score/mw/com/test/basic_rust_api/subscription_state_apis/integration_test:test_subscription_state_apis; 76s linux-sandbox ... (2 actions running)
[1,623 / 1,624] 2 / 3 tests; Testing //score/mw/com/test/basic_rust_api/consumer_sync_apis/integration_test:test_com_api_sync; 1s linux-sandbox
[1,623 / 1,624] 2 / 3 tests; Testing //score/mw/com/test/basic_rust_api/consumer_sync_apis/integration_test:test_com_api_sync; 11s linux-sandbox
[1,623 / 1,624] 2 / 3 tests; Testing //score/mw/com/test/basic_rust_api/consumer_sync_apis/integration_test:test_com_api_sync; 41s linux-sandbox
[1,623 / 1,624] 2 / 3 tests; Testing //score/mw/com/test/basic_rust_api/consumer_sync_apis/integration_test:test_com_api_sync; 101s linux-sandbox
[1,623 / 1,624] 3 / 3 tests; Testing //score/mw/com/test/basic_rust_api/consumer_sync_apis/integration_test:test_com_api_sync; 119s linux-sandbox
INFO: Found 3 test targets...
[1,624 / 1,624] 3 / 3 tests; no actions running
INFO: Elapsed time: 429.283s, Critical Path: 199.99s
INFO: 4 processes: 1639 action cache hit, 1 internal, 3 linux-sandbox.
INFO: Build completed successfully, 4 total actions
INFO: 
//score/mw/com/test/basic_rust_api/consumer_async_apis/integration_test:test_com_api_async PASSED in 74.3s
//score/mw/com/test/basic_rust_api/consumer_sync_apis/integration_test:test_com_api_sync PASSED in 118.1s
//score/mw/com/test/basic_rust_api/subscription_state_apis/integration_test:test_subscription_state_apis PASSED in 75.2s

Executed 3 out of 3 tests: 3 tests pass.
INFO: Build Event Protocol files produced successfully.
