OpenJDK 64-Bit Server VM warning: Options -Xverify:none and -noverify were deprecated in JDK 13 and will likely be removed in a future release.
Computing main repo mapping: 
Computing main repo mapping: 
Computing main repo mapping: 
Computing main repo mapping: 
Loading: 
Loading: 5 packages loaded
Analyzing: target //score/mw/com/dependability/safety_analysis:aous (6 packages loaded, 0 targets configured)
Analyzing: target //score/mw/com/dependability/safety_analysis:aous (6 packages loaded, 0 targets configured)

Analyzing: target //score/mw/com/dependability/safety_analysis:aous (129 packages loaded, 113 targets configured)

Analyzing: target //score/mw/com/dependability/safety_analysis:aous (129 packages loaded, 113 targets configured)

Analyzing: target //score/mw/com/dependability/safety_analysis:aous (188 packages loaded, 3259 targets configured)

Analyzing: target //score/mw/com/dependability/safety_analysis:aous (188 packages loaded, 3259 targets configured)

Analyzing: target //score/mw/com/dependability/safety_analysis:aous (233 packages loaded, 4178 targets configured)

Analyzing: target //score/mw/com/dependability/safety_analysis:aous (377 packages loaded, 11649 targets configured)

Analyzing: target //score/mw/com/dependability/safety_analysis:aous (380 packages loaded, 13546 targets configured)

INFO: Analyzed target //score/mw/com/dependability/safety_analysis:aous (383 packages loaded, 13627 targets configured).
[140 / 497] Creating runfiles tree bazel-out/k8-opt-exec-ST-d57f47055a04/bin/external/rules_rust++crate+crates__libc-0.2.190/_bs-.runfiles [for tool]; 0s local ... (3 actions, 1 running)
[251 / 547] Compiling src/code_generators.cpp [for tool]; 0s processwrapper-sandbox ... (8 actions, 7 running)
[255 / 547] Compiling src/idl_gen_fbs.cpp [for tool]; 1s processwrapper-sandbox ... (8 actions, 7 running)
[270 / 547] Compiling src/idl_parser.cpp [for tool]; 3s processwrapper-sandbox ... (8 actions, 7 running)
[278 / 547] Compiling src/idl_parser.cpp [for tool]; 4s processwrapper-sandbox ... (8 actions, 7 running)
[289 / 547] Compiling src/idl_parser.cpp [for tool]; 5s processwrapper-sandbox ... (8 actions, 7 running)
[297 / 547] Compiling src/idl_parser.cpp [for tool]; 6s processwrapper-sandbox ... (8 actions, 7 running)
[302 / 547] Compiling src/idl_parser.cpp [for tool]; 7s processwrapper-sandbox ... (8 actions running)
[307 / 547] Compiling src/idl_parser.cpp [for tool]; 8s processwrapper-sandbox ... (8 actions running)
[309 / 547] Compiling src/idl_parser.cpp [for tool]; 9s processwrapper-sandbox ... (8 actions running)
[312 / 547] Compiling src/idl_parser.cpp [for tool]; 10s processwrapper-sandbox ... (8 actions, 7 running)
[316 / 547] Compiling src/idl_parser.cpp [for tool]; 11s processwrapper-sandbox ... (8 actions, 7 running)
[319 / 547] Compiling src/idl_parser.cpp [for tool]; 13s processwrapper-sandbox ... (8 actions, 7 running)
[323 / 547] Compiling src/idl_gen_rust.cpp [for tool]; 6s processwrapper-sandbox ... (8 actions running)
[331 / 547] Compiling src/idl_gen_cpp.cpp [for tool]; 6s processwrapper-sandbox ... (7 actions, 6 running)
[337 / 547] Compiling src/idl_gen_cpp.cpp [for tool]; 7s processwrapper-sandbox ... (8 actions running)
[342 / 547] Compiling src/idl_gen_cpp.cpp [for tool]; 8s processwrapper-sandbox ... (6 actions running)
[345 / 547] Compiling src/idl_gen_java.cpp [for tool]; 5s processwrapper-sandbox ... (4 actions running)
[347 / 547] Compiling src/idl_gen_csharp.cpp [for tool]; 3s processwrapper-sandbox ... (2 actions running)
[348 / 547] Compiling src/idl_gen_csharp.cpp [for tool]; 4s processwrapper-sandbox ... (7 actions, 1 running)
[355 / 547] Compiling Rust proc-macro thiserror_impl v1.0.69 (10 files) [for tool]; 1s processwrapper-sandbox ... (6 actions running)
[358 / 547] Compiling Rust proc-macro thiserror_impl v1.0.69 (10 files) [for tool]; 2s processwrapper-sandbox ... (5 actions, 3 running)
[361 / 547] Compiling Rust proc-macro serde_derive v1.0.217 (18 files) [for tool]; 4s processwrapper-sandbox ... (3 actions running)
[363 / 547] Compiling Rust proc-macro serde_derive v1.0.217 (18 files) [for tool]; 5s processwrapper-sandbox ... (2 actions, 1 running)
[366 / 547] Compiling Rust proc-macro serde_derive v1.0.217 (18 files) [for tool]; 7s processwrapper-sandbox ... (3 actions, 1 running)
[370 / 547] Compiling Rust rlib serde v1.0.217 (20 files) [for tool]; 0s processwrapper-sandbox ... (2 actions, 1 running)
[371 / 547] Compiling Rust rlib serde v1.0.217 (20 files) [for tool]; 2s processwrapper-sandbox ... (2 actions running)
[379 / 547] Compiling Rust rlib icu_properties v1.5.1 (14 files) [for tool]; 1s processwrapper-sandbox ... (2 actions running)
[380 / 547] Compiling Rust rlib toml_edit v0.22.24 (58 files) [for tool]; 2s processwrapper-sandbox ... (2 actions running)
[382 / 547] Compiling Rust rlib toml v0.8.20 (29 files) [for tool]; 0s processwrapper-sandbox ... (2 actions, 1 running)
[385 / 547] Compiling Rust rlib url v2.5.4 (9 files) [for tool]; 0s processwrapper-sandbox
[386 / 547] Compiling Rust rlib cargo_util_schemas v0.3.1 (8 files) [for tool]; 0s processwrapper-sandbox
[387 / 547] Compiling Rust bin cargo_toml_variable_extractor (1 file) [for tool]; 1s processwrapper-sandbox
[388 / 547] [Prepa] ExtractCargoTomlEnvVars external/rules_rust++crate+crates__utf8parse-0.2.2/cargo_toml_env_vars.env [for tool] ... (6 actions, 0 running)
[441 / 547] Compiling Rust rlib memchr v2.8.3 (45 files) [for tool]; 0s processwrapper-sandbox ... (8 actions, 7 running)
[471 / 547] Compiling Rust rlib proc_macro2 v1.0.107 (22 files) [for tool]; 1s processwrapper-sandbox ... (8 actions, 7 running)
[482 / 547] Compiling Rust rlib pest v2.9.2 (28 files) [for tool]; 1s processwrapper-sandbox ... (8 actions running)
[491 / 547] Compiling Rust rlib serde_core v1.0.229 (20 files) [for tool]; 3s processwrapper-sandbox ... (8 actions, 7 running)
[498 / 547] Compiling Rust rlib aho_corasick v1.1.5 (32 files) [for tool]; 3s processwrapper-sandbox ... (8 actions, 7 running)
[503 / 547] Compiling Rust rlib syn v3.0.6 (96 files) [for tool]; 3s processwrapper-sandbox ... (5 actions running)
[504 / 547] Compiling Rust rlib syn v3.0.6 (96 files) [for tool]; 5s processwrapper-sandbox ... (4 actions running)
[505 / 547] Compiling Rust rlib syn v3.0.6 (96 files) [for tool]; 7s processwrapper-sandbox ... (4 actions, 3 running)
[505 / 547] Compiling Rust rlib syn v3.0.6 (96 files) [for tool]; 8s processwrapper-sandbox ... (5 actions running)
[506 / 547] Compiling Rust rlib syn v3.0.6 (96 files) [for tool]; 10s processwrapper-sandbox ... (4 actions running)
[512 / 547] Compiling Rust proc-macro clap_derive v4.6.7 (16 files) [for tool]; 0s processwrapper-sandbox ... (3 actions running)
[514 / 547] Compiling Rust proc-macro clap_derive v4.6.7 (16 files) [for tool]; 2s processwrapper-sandbox ... (2 actions running)
[515 / 547] Compiling Rust proc-macro serde_derive v1.0.229 (28 files) [for tool]; 4s processwrapper-sandbox ... (2 actions, 1 running)
[519 / 547] Compiling Rust rlib activity_diagram (1 file) [for tool]; 0s processwrapper-sandbox ... (5 actions, 2 running)
[529 / 547] Compiling Rust rlib puml_parser_core (5 files) [for tool]; 1s processwrapper-sandbox
[529 / 547] Compiling Rust rlib puml_parser_core (5 files) [for tool]; 12s processwrapper-sandbox
[530 / 547] [Prepa] Compiling Rust rlib include_preprocessor (5 files) [for tool] ... (6 actions, 0 running)
[531 / 547] Compiling Rust rlib include_preprocessor (5 files) [for tool]; 1s processwrapper-sandbox ... (6 actions, 5 running)
[541 / 547] Compiling Rust rlib puml_parser_class (5 files) [for tool]; 2s processwrapper-sandbox
[545 / 547] Compiling Rust bin puml_cli (1 file) [for tool]; 0s processwrapper-sandbox
[546 / 547] [Prepa] Processing root cause FTA diagrams for mw_com_safety_analysis
INFO: From Processing root cause FTA diagrams for mw_com_safety_analysis:
[2026-10-06T12:36:13Z WARN  puml_fta] FTA map_containing_nonexistent_events_fta.puml: failure mode(s) ["Communication.MapContainingNonexistentEvents"] have no root cause; they stay uncovered in the traceability report
[2026-10-06T12:36:13Z WARN  puml_fta] FTA sends_to_wrong_consumer_fta.puml: failure mode(s) ["Communication.SendingEventSendsToWrongConsumer"] have no root cause; they stay uncovered in the traceability report
INFO: Found 1 target...
Target //score/mw/com/dependability/safety_analysis:aous_internal up-to-date:
  bazel-bin/score/mw/com/dependability/safety_analysis/mw_com_safety_analysis/fta_events.trlc
INFO: Elapsed time: 120.175s, Critical Path: 77.85s
INFO: 547 processes: 262 internal, 285 processwrapper-sandbox.
INFO: Build completed successfully, 547 total actions
