Extracting Bazel installation...
OpenJDK 64-Bit Server VM warning: Options -Xverify:none and -noverify were deprecated in JDK 13 and will likely be removed in a future release.
 no actions running
 no actions running
 no actions running
 no actions running
 no actions running
 no actions running
 no actions running
 no actions running
 no actions running
 no actions running
 no actions running
 no actions running
 no actions running
 no actions running
 no actions running
 no actions running
 no actions running
 no actions running
Loading: 0 packages loaded
Loading: 0 packages loaded
Loading: 22 packages loaded
    currently loading: score/mw/com/dependability/safety_analysis ... (2 packages)
Loading: 22 packages loaded
    currently loading: score/mw/com/dependability/safety_analysis ... (2 packages)
Loading: 22 packages loaded
    currently loading: score/mw/com/dependability/safety_analysis ... (2 packages)
