$TEST_TMPDIR defined, some defaults will be overridden
OpenJDK 64-Bit Server VM warning: Options -Xverify:none and -noverify were deprecated in JDK 13 and will likely be removed in a future release.
WARNING: The following configs were expanded more than once: [linux_x64_gcc_15]. For repeatable flags, repeats are counted twice and may lead to unexpected behavior.
Computing main repo mapping: 
WARNING: The following configs were expanded more than once: [linux_x64_gcc_15]. For repeatable flags, repeats are counted twice and may lead to unexpected behavior.
Computing main repo mapping: 
Computing main repo mapping: 
Computing main repo mapping: 
Computing main repo mapping: 
Computing main repo mapping: 
Loading: 
Loading: 5 packages loaded
Analyzing: target //score/mw/com/test/basic_rust_api/all_services_stream/integration_test:test_com_api_all_services_stream (6 packages loaded, 0 targets configured)
Analyzing: target //score/mw/com/test/basic_rust_api/all_services_stream/integration_test:test_com_api_all_services_stream (6 packages loaded, 0 targets configured)

Analyzing: target //score/mw/com/test/basic_rust_api/all_services_stream/integration_test:test_com_api_all_services_stream (114 packages loaded, 383 targets configured)

WARNING: /media/jefferson/11c42dee-73a3-4c2b-ab42-a0440011d9e0/.s-core-build/runs/communication-complete-3c7jhdey/workspaces/integrated/MODULE.bazel:196:20: The module extension apt defined in @rules_distroless//apt:extensions.bzl reported incorrect imports of repositories via use_repo():

Imported, but reported as indirect dependencies by the extension:
    ubuntu24_04_sysroot_resolve

Fix the use_repo calls by running 'bazel mod tidy'.
Analyzing: target //score/mw/com/test/basic_rust_api/all_services_stream/integration_test:test_com_api_all_services_stream (454 packages loaded, 12966 targets configured)

INFO: Analyzed target //score/mw/com/test/basic_rust_api/all_services_stream/integration_test:test_com_api_all_services_stream (545 packages loaded, 18466 targets configured).
[1 / 1] no actions running
[629 / 1,475] checking cached actions
[1,469 / 1,475] Compiling Rust bin all-services-consumer (1 file); 1s linux-sandbox ... (2 actions running)
[1,473 / 1,475] OCI Image //score/mw/com/test/basic_rust_api/all_services_stream/integration_test:_image_test_com_api_all_services_stream; 0s linux-sandbox
[1,474 / 1,475] [Prepa] OCITarballManifest score/mw/com/test/basic_rust_api/all_services_stream/integration_test/_image_test_com_api_all_services_stream_loader/tarball.spec
[1,475 / 1,476] Testing //score/mw/com/test/basic_rust_api/all_services_stream/integration_test:test_com_api_all_services_stream; 1s linux-sandbox
[1,475 / 1,476] Testing //score/mw/com/test/basic_rust_api/all_services_stream/integration_test:test_com_api_all_services_stream; 11s linux-sandbox
[1,475 / 1,476] 1 / 1 tests; Testing //score/mw/com/test/basic_rust_api/all_services_stream/integration_test:test_com_api_all_services_stream; 19s linux-sandbox
INFO: Found 1 test target...
Target //score/mw/com/test/basic_rust_api/all_services_stream/integration_test:test_com_api_all_services_stream up-to-date:
  bazel-bin/score/mw/com/test/basic_rust_api/all_services_stream/integration_test/test_com_api_all_services_stream
INFO: Elapsed time: 35.787s, Critical Path: 23.77s
INFO: 10 processes: 1481 action cache hit, 3 internal, 7 linux-sandbox.
INFO: Build completed successfully, 10 total actions
INFO: 
//score/mw/com/test/basic_rust_api/all_services_stream/integration_test:test_com_api_all_services_stream PASSED in 19.3s

Executed 1 out of 1 test: 1 test passes.
There were tests whose specified size is too big. Use the --test_verbose_timeout_warnings command line option to see which ones these are.
INFO: Build Event Protocol files produced successfully.
