mw::log initialization error: Error No logging configuration files could be found. occurred with context information: Failed to load configuration files. Fallback to console logging.
2026/09/25 15:05:16.1516892 46879574 000 ECU1 NONE DFLT log error verbose 4 Error: No serialization config found for service_type= window_control  element= window_control 
mw::log initialization error: Error No logging configuration files could be found. occurred with context information: Failed to load configuration files. Fallback to console logging.
2026/09/25 15:05:16.1516892 46879575 000 ECU1 NONE DFLT log warn verbose 5 [gatewayd] No serializer for  window_control :: window_control , using maximum slot size 
ProcessStateChange 0
ClientConnection::DoRestart 0 someipd_gatewayd_ipc
TryOpenClientConnection someipd_gatewayd_ipc
TryOpenClientConnection someipd_gatewayd_ipc
TryOpenClientConnection someipd_gatewayd_ipc
TryOpenClientConnection someipd_gatewayd_ipc
TryOpenClientConnection someipd_gatewayd_ipc
TryOpenClientConnection someipd_gatewayd_ipc
TryOpenClientConnection someipd_gatewayd_ipc
TryOpenClientConnection someipd_gatewayd_ipc
TryOpenClientConnection someipd_gatewayd_ipc
TryOpenClientConnection someipd_gatewayd_ipc
TryOpenClientConnection someipd_gatewayd_ipc
ProcessStateChange 1
[gatewayd] IPC connection to someipd established
Creating local service instance: window_control (service_id=0x1, instance_id=0x1, specifier=gatewayd/application_window_control)
Creating local service instance: echo_request (service_id=0x1234, instance_id=0x5678, specifier=gatewayd/application_echo_request)
Creating remote service instance: echo_response (service_id=0x4321, instance_id=0x5678, specifier=benchmark/echo_response)
[gatewayd] RemoteServiceInstance created for instance specifier: benchmark/echo_response
Gateway started, waiting for shutdown signal...
[gatewayd] RemoteServiceInstance - client_connector on_service_state_change: new state=1
[gatewayd] RemoteServiceInstance - client_connector on_service_state_change: service is now available, subscribing to events
Received termination signal. Initiating graceful shutdown...
Shutting down gateway...
TrySetStopReason 2
ProcessStateChange 2
ProcessStateChange 3
