.llm_tmp/identity_compile.cpp: In function ‘void check_api()’:
.llm_tmp/identity_compile.cpp:6:5: error: ‘Service_interface’ was not declared in this scope
    6 |     Service_interface const configuration{std::string_view{"service"}, {1U, 2U}};
      |     ^~~~~~~~~~~~~~~~~
.llm_tmp/identity_compile.cpp:7:80: error: no matching function for call to ‘score::socom::Service_interface_identifier::Service_interface_identifier(<brace-enclosed initializer list>)’
    7 |     Service_interface_identifier const identity{std::string_view{"service"}, 1U};
      |                                                                                ^
In file included from .llm_tmp/identity_compile.cpp:1:
/media/jefferson/11c42dee-73a3-4c2b-ab42-a0440011d9e0/.s-core-build/runs/score-someip84-compliance-959u7rde/native/score/socom/service_interface_identifier.hpp:121:5: note: candidate: ‘score::socom::Service_interface_identifier::Service_interface_identifier(std::string&&, Version)’
  121 |     Service_interface_identifier(std::string&& new_id, Version new_version)
      |     ^~~~~~~~~~~~~~~~~~~~~~~~~~~~
/media/jefferson/11c42dee-73a3-4c2b-ab42-a0440011d9e0/.s-core-build/runs/score-someip84-compliance-959u7rde/native/score/socom/service_interface_identifier.hpp:121:48: note:   no known conversion for argument 1 from ‘std::string_view’ {aka ‘std::basic_string_view<char>’} to ‘std::string&&’ {aka ‘std::__cxx11::basic_string<char>&&’}
  121 |     Service_interface_identifier(std::string&& new_id, Version new_version)
      |                                  ~~~~~~~~~~~~~~^~~~~~
/media/jefferson/11c42dee-73a3-4c2b-ab42-a0440011d9e0/.s-core-build/runs/score-someip84-compliance-959u7rde/native/score/socom/service_interface_identifier.hpp:113:5: note: candidate: ‘score::socom::Service_interface_identifier::Service_interface_identifier(std::string_view, score::socom::Literal_tag, Version)’
  113 |     Service_interface_identifier(std::string_view new_id, Literal_tag is_static_string_literal,
      |     ^~~~~~~~~~~~~~~~~~~~~~~~~~~~
/media/jefferson/11c42dee-73a3-4c2b-ab42-a0440011d9e0/.s-core-build/runs/score-someip84-compliance-959u7rde/native/score/socom/service_interface_identifier.hpp:113:5: note:   candidate expects 3 arguments, 2 provided
/media/jefferson/11c42dee-73a3-4c2b-ab42-a0440011d9e0/.s-core-build/runs/score-someip84-compliance-959u7rde/native/score/socom/service_interface_identifier.hpp:105:5: note: candidate: ‘score::socom::Service_interface_identifier::Service_interface_identifier(std::string_view, Version)’
  105 |     Service_interface_identifier(std::string_view new_id, Version new_version)
      |     ^~~~~~~~~~~~~~~~~~~~~~~~~~~~
/media/jefferson/11c42dee-73a3-4c2b-ab42-a0440011d9e0/.s-core-build/runs/score-someip84-compliance-959u7rde/native/score/socom/service_interface_identifier.hpp:105:67: note:   no known conversion for argument 2 from ‘unsigned int’ to ‘score::socom::Service_interface_identifier::Version’
  105 |     Service_interface_identifier(std::string_view new_id, Version new_version)
      |                                                           ~~~~~~~~^~~~~~~~~~~
/media/jefferson/11c42dee-73a3-4c2b-ab42-a0440011d9e0/.s-core-build/runs/score-someip84-compliance-959u7rde/native/score/socom/service_interface_identifier.hpp:99:5: note: candidate: ‘score::socom::Service_interface_identifier::Service_interface_identifier(Id, Version)’
   99 |     Service_interface_identifier(Id new_id, Version new_version) noexcept
      |     ^~~~~~~~~~~~~~~~~~~~~~~~~~~~
/media/jefferson/11c42dee-73a3-4c2b-ab42-a0440011d9e0/.s-core-build/runs/score-someip84-compliance-959u7rde/native/score/socom/service_interface_identifier.hpp:99:37: note:   no known conversion for argument 1 from ‘std::string_view’ {aka ‘std::basic_string_view<char>’} to ‘score::socom::Service_interface_identifier::Id’ {aka ‘score::socom::Registry_string_view’}
   99 |     Service_interface_identifier(Id new_id, Version new_version) noexcept
      |                                  ~~~^~~~~~
/media/jefferson/11c42dee-73a3-4c2b-ab42-a0440011d9e0/.s-core-build/runs/score-someip84-compliance-959u7rde/native/score/socom/service_interface_identifier.hpp:74:8: note: candidate: ‘constexpr score::socom::Service_interface_identifier::Service_interface_identifier(const score::socom::Service_interface_identifier&)’
   74 | struct Service_interface_identifier {
      |        ^~~~~~~~~~~~~~~~~~~~~~~~~~~~
/media/jefferson/11c42dee-73a3-4c2b-ab42-a0440011d9e0/.s-core-build/runs/score-someip84-compliance-959u7rde/native/score/socom/service_interface_identifier.hpp:74:8: note:   candidate expects 1 argument, 2 provided
/media/jefferson/11c42dee-73a3-4c2b-ab42-a0440011d9e0/.s-core-build/runs/score-someip84-compliance-959u7rde/native/score/socom/service_interface_identifier.hpp:74:8: note: candidate: ‘constexpr score::socom::Service_interface_identifier::Service_interface_identifier(score::socom::Service_interface_identifier&&)’
/media/jefferson/11c42dee-73a3-4c2b-ab42-a0440011d9e0/.s-core-build/runs/score-someip84-compliance-959u7rde/native/score/socom/service_interface_identifier.hpp:74:8: note:   candidate expects 1 argument, 2 provided
.llm_tmp/identity_compile.cpp:8:5: error: ‘Service_instance_identifier’ was not declared in this scope
    8 |     Service_instance_identifier const offer{identity, 2U, Service_instance{std::string_view{"instance"}}};
      |     ^~~~~~~~~~~~~~~~~~~~~~~~~~~
.llm_tmp/identity_compile.cpp:9:5: error: ‘Find_service_request’ was not declared in this scope
    9 |     Find_service_request const request{identity, 2U, std::nullopt};
      |     ^~~~~~~~~~~~~~~~~~~~
.llm_tmp/identity_compile.cpp:10:63: error: ‘configuration’ was not declared in this scope
   10 |     std::unordered_set<Service_interface_identifier> services{configuration.get_identifier()};
      |                                                               ^~~~~~~~~~~~~
.llm_tmp/identity_compile.cpp:10:93: error: no matching function for call to ‘std::unordered_set<score::socom::Service_interface_identifier>::unordered_set(<brace-enclosed initializer list>)’
   10 |     std::unordered_set<Service_interface_identifier> services{configuration.get_identifier()};
      |                                                                                             ^
In file included from /usr/include/c++/12/unordered_set:47,
                 from /media/jefferson/11c42dee-73a3-4c2b-ab42-a0440011d9e0/.s-core-build/runs/score-someip84-compliance-959u7rde/native/score/socom/string_registry.hpp:22,
                 from /media/jefferson/11c42dee-73a3-4c2b-ab42-a0440011d9e0/.s-core-build/runs/score-someip84-compliance-959u7rde/native/score/socom/service_interface_identifier.hpp:23:
/usr/include/c++/12/bits/unordered_set.h:246:9: note: candidate: ‘template<class _InputIterator> std::unordered_set<_Value, _Hash, _Pred, _Alloc>::unordered_set(_InputIterator, _InputIterator, size_type, const hasher&, const allocator_type&) [with _Value = score::socom::Service_interface_identifier; _Hash = std::hash<score::socom::Service_interface_identifier>; _Pred = std::equal_to<score::socom::Service_interface_identifier>; _Alloc = std::allocator<score::socom::Service_interface_identifier>]’
  246 |         unordered_set(_InputIterator __first, _InputIterator __last,
      |         ^~~~~~~~~~~~~
/usr/include/c++/12/bits/unordered_set.h:246:9: note:   template argument deduction/substitution failed:
/usr/include/c++/12/bits/unordered_set.h:239:9: note: candidate: ‘template<class _InputIterator> std::unordered_set<_Value, _Hash, _Pred, _Alloc>::unordered_set(_InputIterator, _InputIterator, size_type, const allocator_type&) [with _Value = score::socom::Service_interface_identifier; _Hash = std::hash<score::socom::Service_interface_identifier>; _Pred = std::equal_to<score::socom::Service_interface_identifier>; _Alloc = std::allocator<score::socom::Service_interface_identifier>]’
  239 |         unordered_set(_InputIterator __first, _InputIterator __last,
      |         ^~~~~~~~~~~~~
/usr/include/c++/12/bits/unordered_set.h:239:9: note:   template argument deduction/substitution failed:
/usr/include/c++/12/bits/unordered_set.h:166:9: note: candidate: ‘template<class _InputIterator> std::unordered_set<_Value, _Hash, _Pred, _Alloc>::unordered_set(_InputIterator, _InputIterator, size_type, const hasher&, const key_equal&, const allocator_type&) [with _Value = score::socom::Service_interface_identifier; _Hash = std::hash<score::socom::Service_interface_identifier>; _Pred = std::equal_to<score::socom::Service_interface_identifier>; _Alloc = std::allocator<score::socom::Service_interface_identifier>]’
  166 |         unordered_set(_InputIterator __first, _InputIterator __last,
      |         ^~~~~~~~~~~~~
/usr/include/c++/12/bits/unordered_set.h:166:9: note:   template argument deduction/substitution failed:
/usr/include/c++/12/bits/unordered_set.h:258:7: note: candidate: ‘std::unordered_set<_Value, _Hash, _Pred, _Alloc>::unordered_set(std::initializer_list<typename std::_Hashtable<_Value, _Value, _Alloc, std::__detail::_Identity, _Pred, _Hash, std::__detail::_Mod_range_hashing, std::__detail::_Default_ranged_hash, std::__detail::_Prime_rehash_policy, std::__detail::_Hashtable_traits<std::__not_<std::__and_<std::__is_fast_hash<_Hash>, std::__is_nothrow_invocable<const _Hash&, const _Tp&> > >::value, true, true> >::value_type>, size_type, const hasher&, const allocator_type&) [with _Value = score::socom::Service_interface_identifier; _Hash = std::hash<score::socom::Service_interface_identifier>; _Pred = std::equal_to<score::socom::Service_interface_identifier>; _Alloc = std::allocator<score::socom::Service_interface_identifier>; typename std::_Hashtable<_Value, _Value, _Alloc, std::__detail::_Identity, _Pred, _Hash, std::__detail::_Mod_range_hashing, std::__detail::_Default_ranged_hash, std::__detail::_Prime_rehash_policy, std::__detail::_Hashtable_traits<std::__not_<std::__and_<std::__is_fast_hash<_Hash>, std::__is_nothrow_invocable<const _Hash&, const _Tp&> > >::value, true, true> >::value_type = score::socom::Service_interface_identifier; size_type = long unsigned int; hasher = std::hash<score::socom::Service_interface_identifier>; allocator_type = std::allocator<score::socom::Service_interface_identifier>]’
  258 |       unordered_set(initializer_list<value_type> __l,
      |       ^~~~~~~~~~~~~
/usr/include/c++/12/bits/unordered_set.h:258:7: note:   candidate expects 4 arguments, 1 provided
/usr/include/c++/12/bits/unordered_set.h:252:7: note: candidate: ‘std::unordered_set<_Value, _Hash, _Pred, _Alloc>::unordered_set(std::initializer_list<typename std::_Hashtable<_Value, _Value, _Alloc, std::__detail::_Identity, _Pred, _Hash, std::__detail::_Mod_range_hashing, std::__detail::_Default_ranged_hash, std::__detail::_Prime_rehash_policy, std::__detail::_Hashtable_traits<std::__not_<std::__and_<std::__is_fast_hash<_Hash>, std::__is_nothrow_invocable<const _Hash&, const _Tp&> > >::value, true, true> >::value_type>, size_type, const allocator_type&) [with _Value = score::socom::Service_interface_identifier; _Hash = std::hash<score::socom::Service_interface_identifier>; _Pred = std::equal_to<score::socom::Service_interface_identifier>; _Alloc = std::allocator<score::socom::Service_interface_identifier>; typename std::_Hashtable<_Value, _Value, _Alloc, std::__detail::_Identity, _Pred, _Hash, std::__detail::_Mod_range_hashing, std::__detail::_Default_ranged_hash, std::__detail::_Prime_rehash_policy, std::__detail::_Hashtable_traits<std::__not_<std::__and_<std::__is_fast_hash<_Hash>, std::__is_nothrow_invocable<const _Hash&, const _Tp&> > >::value, true, true> >::value_type = score::socom::Service_interface_identifier; size_type = long unsigned int; allocator_type = std::allocator<score::socom::Service_interface_identifier>]’
  252 |       unordered_set(initializer_list<value_type> __l,
      |       ^~~~~~~~~~~~~
/usr/include/c++/12/bits/unordered_set.h:252:7: note:   candidate expects 3 arguments, 1 provided
/usr/include/c++/12/bits/unordered_set.h:233:7: note: candidate: ‘std::unordered_set<_Value, _Hash, _Pred, _Alloc>::unordered_set(size_type, const hasher&, const allocator_type&) [with _Value = score::socom::Service_interface_identifier; _Hash = std::hash<score::socom::Service_interface_identifier>; _Pred = std::equal_to<score::socom::Service_interface_identifier>; _Alloc = std::allocator<score::socom::Service_interface_identifier>; size_type = long unsigned int; hasher = std::hash<score::socom::Service_interface_identifier>; allocator_type = std::allocator<score::socom::Service_interface_identifier>]’
  233 |       unordered_set(size_type __n, const hasher& __hf,
      |       ^~~~~~~~~~~~~
/usr/include/c++/12/bits/unordered_set.h:233:7: note:   candidate expects 3 arguments, 1 provided
/usr/include/c++/12/bits/unordered_set.h:229:7: note: candidate: ‘std::unordered_set<_Value, _Hash, _Pred, _Alloc>::unordered_set(size_type, const allocator_type&) [with _Value = score::socom::Service_interface_identifier; _Hash = std::hash<score::socom::Service_interface_identifier>; _Pred = std::equal_to<score::socom::Service_interface_identifier>; _Alloc = std::allocator<score::socom::Service_interface_identifier>; size_type = long unsigned int; allocator_type = std::allocator<score::socom::Service_interface_identifier>]’
  229 |       unordered_set(size_type __n, const allocator_type& __a)
      |       ^~~~~~~~~~~~~
/usr/include/c++/12/bits/unordered_set.h:229:7: note:   candidate expects 2 arguments, 1 provided
/usr/include/c++/12/bits/unordered_set.h:221:7: note: candidate: ‘std::unordered_set<_Value, _Hash, _Pred, _Alloc>::unordered_set(std::initializer_list<typename std::_Hashtable<_Value, _Value, _Alloc, std::__detail::_Identity, _Pred, _Hash, std::__detail::_Mod_range_hashing, std::__detail::_Default_ranged_hash, std::__detail::_Prime_rehash_policy, std::__detail::_Hashtable_traits<std::__not_<std::__and_<std::__is_fast_hash<_Hash>, std::__is_nothrow_invocable<const _Hash&, const _Tp&> > >::value, true, true> >::value_type>, size_type, const hasher&, const key_equal&, const allocator_type&) [with _Value = score::socom::Service_interface_identifier; _Hash = std::hash<score::socom::Service_interface_identifier>; _Pred = std::equal_to<score::socom::Service_interface_identifier>; _Alloc = std::allocator<score::socom::Service_interface_identifier>; typename std::_Hashtable<_Value, _Value, _Alloc, std::__detail::_Identity, _Pred, _Hash, std::__detail::_Mod_range_hashing, std::__detail::_Default_ranged_hash, std::__detail::_Prime_rehash_policy, std::__detail::_Hashtable_traits<std::__not_<std::__and_<std::__is_fast_hash<_Hash>, std::__is_nothrow_invocable<const _Hash&, const _Tp&> > >::value, true, true> >::value_type = score::socom::Service_interface_identifier; size_type = long unsigned int; hasher = std::hash<score::socom::Service_interface_identifier>; key_equal = std::equal_to<score::socom::Service_interface_identifier>; allocator_type = std::allocator<score::socom::Service_interface_identifier>]’
  221 |       unordered_set(initializer_list<value_type> __l,
      |       ^~~~~~~~~~~~~
/usr/include/c++/12/bits/unordered_set.h:221:7: note:   conversion of argument 1 would be ill-formed:
/usr/include/c++/12/bits/unordered_set.h:204:7: note: candidate: ‘std::unordered_set<_Value, _Hash, _Pred, _Alloc>::unordered_set(std::unordered_set<_Value, _Hash, _Pred, _Alloc>&&, const allocator_type&) [with _Value = score::socom::Service_interface_identifier; _Hash = std::hash<score::socom::Service_interface_identifier>; _Pred = std::equal_to<score::socom::Service_interface_identifier>; _Alloc = std::allocator<score::socom::Service_interface_identifier>; allocator_type = std::allocator<score::socom::Service_interface_identifier>]’
  204 |       unordered_set(unordered_set&& __uset,
      |       ^~~~~~~~~~~~~
/usr/include/c++/12/bits/unordered_set.h:204:7: note:   candidate expects 2 arguments, 1 provided
/usr/include/c++/12/bits/unordered_set.h:194:7: note: candidate: ‘std::unordered_set<_Value, _Hash, _Pred, _Alloc>::unordered_set(const std::unordered_set<_Value, _Hash, _Pred, _Alloc>&, const allocator_type&) [with _Value = score::socom::Service_interface_identifier; _Hash = std::hash<score::socom::Service_interface_identifier>; _Pred = std::equal_to<score::socom::Service_interface_identifier>; _Alloc = std::allocator<score::socom::Service_interface_identifier>; allocator_type = std::allocator<score::socom::Service_interface_identifier>]’
  194 |       unordered_set(const unordered_set& __uset,
      |       ^~~~~~~~~~~~~
/usr/include/c++/12/bits/unordered_set.h:194:7: note:   candidate expects 2 arguments, 1 provided
/usr/include/c++/12/bits/unordered_set.h:185:7: note: candidate: ‘std::unordered_set<_Value, _Hash, _Pred, _Alloc>::unordered_set(const allocator_type&) [with _Value = score::socom::Service_interface_identifier; _Hash = std::hash<score::socom::Service_interface_identifier>; _Pred = std::equal_to<score::socom::Service_interface_identifier>; _Alloc = std::allocator<score::socom::Service_interface_identifier>; allocator_type = std::allocator<score::socom::Service_interface_identifier>]’
  185 |       unordered_set(const allocator_type& __a)
      |       ^~~~~~~~~~~~~
/usr/include/c++/12/bits/unordered_set.h:185:7: note:   conversion of argument 1 would be ill-formed:
/usr/include/c++/12/bits/unordered_set.h:178:7: note: candidate: ‘std::unordered_set<_Value, _Hash, _Pred, _Alloc>::unordered_set(std::unordered_set<_Value, _Hash, _Pred, _Alloc>&&) [with _Value = score::socom::Service_interface_identifier; _Hash = std::hash<score::socom::Service_interface_identifier>; _Pred = std::equal_to<score::socom::Service_interface_identifier>; _Alloc = std::allocator<score::socom::Service_interface_identifier>]’
  178 |       unordered_set(unordered_set&&) = default;
      |       ^~~~~~~~~~~~~
/usr/include/c++/12/bits/unordered_set.h:178:7: note:   conversion of argument 1 would be ill-formed:
/usr/include/c++/12/bits/unordered_set.h:175:7: note: candidate: ‘std::unordered_set<_Value, _Hash, _Pred, _Alloc>::unordered_set(const std::unordered_set<_Value, _Hash, _Pred, _Alloc>&) [with _Value = score::socom::Service_interface_identifier; _Hash = std::hash<score::socom::Service_interface_identifier>; _Pred = std::equal_to<score::socom::Service_interface_identifier>; _Alloc = std::allocator<score::socom::Service_interface_identifier>]’
  175 |       unordered_set(const unordered_set&) = default;
      |       ^~~~~~~~~~~~~
/usr/include/c++/12/bits/unordered_set.h:175:7: note:   conversion of argument 1 would be ill-formed:
/usr/include/c++/12/bits/unordered_set.h:145:7: note: candidate: ‘std::unordered_set<_Value, _Hash, _Pred, _Alloc>::unordered_set(size_type, const hasher&, const key_equal&, const allocator_type&) [with _Value = score::socom::Service_interface_identifier; _Hash = std::hash<score::socom::Service_interface_identifier>; _Pred = std::equal_to<score::socom::Service_interface_identifier>; _Alloc = std::allocator<score::socom::Service_interface_identifier>; size_type = long unsigned int; hasher = std::hash<score::socom::Service_interface_identifier>; key_equal = std::equal_to<score::socom::Service_interface_identifier>; allocator_type = std::allocator<score::socom::Service_interface_identifier>]’
  145 |       unordered_set(size_type __n,
      |       ^~~~~~~~~~~~~
/usr/include/c++/12/bits/unordered_set.h:145:7: note:   conversion of argument 1 would be ill-formed:
/usr/include/c++/12/bits/unordered_set.h:135:7: note: candidate: ‘std::unordered_set<_Value, _Hash, _Pred, _Alloc>::unordered_set() [with _Value = score::socom::Service_interface_identifier; _Hash = std::hash<score::socom::Service_interface_identifier>; _Pred = std::equal_to<score::socom::Service_interface_identifier>; _Alloc = std::allocator<score::socom::Service_interface_identifier>]’
  135 |       unordered_set() = default;
      |       ^~~~~~~~~~~~~
/usr/include/c++/12/bits/unordered_set.h:135:7: note:   candidate expects 0 arguments, 1 provided
.llm_tmp/identity_compile.cpp:11:51: error: template argument 2 is invalid
   11 |     std::unordered_set<Service_instance_identifier> instances{offer};
      |                                                   ^
.llm_tmp/identity_compile.cpp:11:51: error: template argument 3 is invalid
.llm_tmp/identity_compile.cpp:11:51: error: template argument 4 is invalid
.llm_tmp/identity_compile.cpp:11:63: error: ‘offer’ was not declared in this scope
   11 |     std::unordered_set<Service_instance_identifier> instances{offer};
      |                                                               ^~~~~
.llm_tmp/identity_compile.cpp:12:11: error: ‘request’ was not declared in this scope
   12 |     (void)request.matches(offer);
      |           ^~~~~~~
.llm_tmp/identity_compile.cpp:7:40: error: unused variable ‘identity’ [-Werror=unused-variable]
    7 |     Service_interface_identifier const identity{std::string_view{"service"}, 1U};
      |                                        ^~~~~~~~
cc1plus: all warnings being treated as errors
