$TEST_TMPDIR defined, some defaults will be overridden
OpenJDK 64-Bit Server VM warning: Options -Xverify:none and -noverify were deprecated in JDK 13 and will likely be removed in a future release.
Computing main repo mapping: 
Computing main repo mapping: 
Loading: 
Loading: 2 packages loaded
Analyzing: target //:format.fix (3 packages loaded, 0 targets configured)
Analyzing: target //:format.fix (3 packages loaded, 0 targets configured)

Analyzing: target //:format.fix (162 packages loaded, 3187 targets configured)

INFO: Analyzed target //:format.fix (192 packages loaded, 17480 targets configured).
[20 / 20] no actions running
INFO: Found 1 target...
Target //:format.fix up-to-date:
  bazel-bin/format.fix.bash
INFO: Elapsed time: 5.937s, Critical Path: 0.12s
INFO: 1 process: 20 action cache hit, 1 internal.
INFO: Build completed successfully, 1 total action
INFO: Running command line: bazel-bin/format.fix.bash
38 files left unchanged
Formatted Python in 0m0.018s
Formatted Starlark in 0m0.024s
Formatted C++ in 0m0.687s
Formatted YAML in 0m0.017s
