$TEST_TMPDIR defined, some defaults will be overridden
OpenJDK 64-Bit Server VM warning: Options -Xverify:none and -noverify were deprecated in JDK 13 and will likely be removed in a future release.
Computing main repo mapping: 
Computing main repo mapping: 
Loading: 
Loading: 3 packages loaded
Analyzing: target //score/socom:socom (4 packages loaded, 0 targets configured)
Analyzing: target //score/socom:socom (4 packages loaded, 0 targets configured)

Analyzing: target //score/socom:socom (170 packages loaded, 3258 targets configured)

WARNING: /media/jefferson/11c42dee-73a3-4c2b-ab42-a0440011d9e0/.s-core-build/runs/score-someip84-full-6w80fgob/bazel-output/16df730b0babb9c4a4b46d33742bb204/external/score_baselibs+/score/mw/log/detail/wait_free_stack/BUILD:23:11: in cc_library rule @@score_baselibs+//score/mw/log/detail/wait_free_stack:wait_free_stack: target '@@score_baselibs+//score/mw/log/detail/wait_free_stack:wait_free_stack' depends on deprecated target '@@score_baselibs+//score/memory/shared:atomic_indirector': This target is deprecated. Use @score_baselibs//score/concurrency:atomic_indirector instead.
WARNING: /media/jefferson/11c42dee-73a3-4c2b-ab42-a0440011d9e0/.s-core-build/runs/score-someip84-full-6w80fgob/bazel-output/16df730b0babb9c4a4b46d33742bb204/external/score_baselibs+/score/json/internal/model/BUILD:17:11: in cc_library rule @@score_baselibs+//score/json/internal/model:model: target '@@score_baselibs+//score/json/internal/model:model' depends on deprecated target '@@score_baselibs+//score/memory:string_comparison_adaptor': This target is deprecated. Use @score_baselibs//score/string_manipulation:string_comparison_adaptor instead.
WARNING: /media/jefferson/11c42dee-73a3-4c2b-ab42-a0440011d9e0/.s-core-build/runs/score-someip84-full-6w80fgob/bazel-output/16df730b0babb9c4a4b46d33742bb204/external/score_baselibs+/score/mw/log/detail/text_recorder/BUILD:23:11: in cc_library rule @@score_baselibs+//score/mw/log/detail/text_recorder:text_recorder: target '@@score_baselibs+//score/mw/log/detail/text_recorder:text_recorder' depends on deprecated target '@@score_baselibs+//score/os/utils:high_resolution_steady_clock': Deprecated, please use //platform/aas/mw/time/HighPrecisionLocalSteadyClock instead
WARNING: /media/jefferson/11c42dee-73a3-4c2b-ab42-a0440011d9e0/.s-core-build/runs/score-someip84-full-6w80fgob/bazel-output/16df730b0babb9c4a4b46d33742bb204/external/score_baselibs+/score/mw/log/configuration/BUILD:63:11: in cc_library rule @@score_baselibs+//score/mw/log/configuration:configuration_parser: target '@@score_baselibs+//score/mw/log/configuration:configuration_parser' depends on deprecated target '@@score_baselibs+//score/memory:split_string_view': This target is deprecated. Use @score_baselibs//score/string_manipulation:split_string_view instead.
Analyzing: target //score/socom:socom (217 packages loaded, 16133 targets configured)
[1 / 1] no actions running
Analyzing: target //score/socom:socom (222 packages loaded, 16151 targets configured)
[5 / 129] checking cached actions
Analyzing: target //score/socom:socom (223 packages loaded, 16153 targets configured)
[5 / 129] checking cached actions
Analyzing: target //score/socom:socom (224 packages loaded, 16159 targets configured)
[97 / 220] checking cached actions
Analyzing: target //score/socom:socom (224 packages loaded, 16159 targets configured)
[99 / 220] checking cached actions
Analyzing: target //score/socom:socom (224 packages loaded, 16159 targets configured)
[153 / 220] checking cached actions
Analyzing: target //score/socom:socom (224 packages loaded, 16159 targets configured)
[217 / 220] Compiling score/socom/impl/runtime_impl.cpp; 0s linux-sandbox
Analyzing: target //score/socom:socom (224 packages loaded, 16159 targets configured)
[220 / 220] no actions running
Analyzing: target //score/socom:socom (224 packages loaded, 16159 targets configured)
[220 / 220] no actions running
INFO: Analyzed target //score/socom:socom (225 packages loaded, 21202 targets configured).
[222 / 255] checking cached actions
[222 / 257] [Prepa] Writing repo mapping manifest for @@toolchains_llvm++llvm+llvm_toolchain//:clang-tidy [for tool]
[228 / 261] checking cached actions
[228 / 261] [Prepa] Linting //score/socom:socom:error.cpp with clang-tidy
[228 / 261] Linting //score/socom:socom:client_connector_impl.cpp with clang-tidy; 1s linux-sandbox ... (2 actions running)
[229 / 261] Linting //score/socom:socom:client_connector_impl.cpp with clang-tidy; 6s linux-sandbox ... (2 actions, 1 running)
[231 / 261] Linting //score/socom:socom:client_connector_impl.cpp with clang-tidy; 8s linux-sandbox ... (2 actions, 1 running)
[232 / 261] Linting //score/socom:socom:client_connector_impl.cpp with clang-tidy; 9s linux-sandbox ... (2 actions, 1 running)
[232 / 261] Linting //score/socom:socom:client_connector_impl.cpp with clang-tidy; 10s linux-sandbox ... (2 actions running)
[233 / 261] Linting //score/socom:socom:runtime_impl.cpp with clang-tidy; 3s linux-sandbox ... (2 actions, 1 running)
[236 / 261] Linting //score/socom:socom:runtime_impl.cpp with clang-tidy; 4s linux-sandbox ... (2 actions, 1 running)
[238 / 261] Linting //score/socom:socom:runtime_impl.cpp with clang-tidy; 5s linux-sandbox ... (2 actions, 1 running)
[241 / 261] Linting //score/socom:socom:runtime_impl.cpp with clang-tidy; 7s linux-sandbox ... (2 actions running)
[242 / 261] Linting //score/socom:socom:server_connector_impl.cpp with clang-tidy; 7s linux-sandbox ... (2 actions, 1 running)
[242 / 261] Linting //score/socom:socom:server_connector_impl.cpp with clang-tidy; 9s linux-sandbox ... (2 actions running)
[244 / 261] Linting //score/socom:socom:server_connector_impl.cpp with clang-tidy; 3s linux-sandbox ... (2 actions running)
[245 / 261] Linting //score/socom:socom:runtime_impl.cpp with clang-tidy; 7s linux-sandbox ... (2 actions, 1 running)
[247 / 261] Linting //score/socom:socom:runtime_impl.cpp with clang-tidy; 8s linux-sandbox ... (2 actions, 1 running)
[249 / 261] Linting //score/socom:socom:runtime_impl.cpp with clang-tidy; 9s linux-sandbox ... (2 actions, 1 running)
[249 / 261] Linting //score/socom:socom:runtime_impl.cpp with clang-tidy; 11s linux-sandbox ... (2 actions running)
[250 / 261] Linting //score/socom:socom:client_connector_impl.cpp with clang-tidy; 3s linux-sandbox ... (2 actions, 1 running)
[252 / 261] Linting //score/socom:socom:client_connector_impl.cpp with clang-tidy; 4s linux-sandbox ... (2 actions, 1 running)
[255 / 261] Linting //score/socom:socom:client_connector_impl.cpp with clang-tidy; 5s linux-sandbox ... (2 actions running)
[260 / 261] [Prepa] Parsing machine-readable report to SARIF for //score/socom:socom
INFO: Found 1 target and 0 test targets...
INFO: Elapsed time: 83.662s, Critical Path: 14.56s
INFO: 45 processes: 216 action cache hit, 9 internal, 36 linux-sandbox.
INFO: Build completed successfully, 45 total actions
ERROR: No test targets were found, yet testing was requested
