$TEST_TMPDIR defined, some defaults will be overridden
OpenJDK 64-Bit Server VM warning: Options -Xverify:none and -noverify were deprecated in JDK 13 and will likely be removed in a future release.
Computing main repo mapping: 
Computing main repo mapping: 
Loading: 
Loading: 2 packages loaded
Analyzing: target //:docs (3 packages loaded, 0 targets configured)
Analyzing: target //:docs (3 packages loaded, 0 targets configured)

Analyzing: target //:docs (156 packages loaded, 1159 targets configured)

Analyzing: target //:docs (285 packages loaded, 7127 targets configured)

Analyzing: target //:docs (376 packages loaded, 34436 targets configured)

Analyzing: target //:docs (376 packages loaded, 39588 targets configured)

Analyzing: target //:docs (377 packages loaded, 39645 targets configured)

Analyzing: target //:docs (377 packages loaded, 39645 targets configured)

Analyzing: target //:docs (377 packages loaded, 39645 targets configured)

Analyzing: target //:docs (377 packages loaded, 39645 targets configured)

Analyzing: target //:docs (377 packages loaded, 39645 targets configured)

Analyzing: target //:docs (377 packages loaded, 39645 targets configured)

Analyzing: target //:docs (377 packages loaded, 39645 targets configured)

Analyzing: target //:docs (377 packages loaded, 39645 targets configured)

Analyzing: target //:docs (377 packages loaded, 39645 targets configured)

Analyzing: target //:docs (377 packages loaded, 39645 targets configured)

Analyzing: target //:docs (377 packages loaded, 39645 targets configured)

Analyzing: target //:docs (377 packages loaded, 39645 targets configured)

Analyzing: target //:docs (377 packages loaded, 39645 targets configured)

Analyzing: target //:docs (378 packages loaded, 39646 targets configured)

Analyzing: target //:docs (379 packages loaded, 39666 targets configured)

Analyzing: target //:docs (379 packages loaded, 39666 targets configured)

Analyzing: target //:docs (379 packages loaded, 39666 targets configured)

Analyzing: target //:docs (379 packages loaded, 39666 targets configured)

Analyzing: target //:docs (379 packages loaded, 39666 targets configured)

Analyzing: target //:docs (379 packages loaded, 39666 targets configured)

Analyzing: target //:docs (379 packages loaded, 39666 targets configured)

Analyzing: target //:docs (379 packages loaded, 39666 targets configured)

Analyzing: target //:docs (379 packages loaded, 39666 targets configured)

Analyzing: target //:docs (379 packages loaded, 39666 targets configured)

Analyzing: target //:docs (379 packages loaded, 39666 targets configured)

Analyzing: target //:docs (379 packages loaded, 39666 targets configured)

Analyzing: target //:docs (379 packages loaded, 39666 targets configured)

Analyzing: target //:docs (379 packages loaded, 39666 targets configured)

Analyzing: target //:docs (380 packages loaded, 39666 targets configured)

Analyzing: target //:docs (380 packages loaded, 39674 targets configured)

Analyzing: target //:docs (380 packages loaded, 39674 targets configured)

Analyzing: target //:docs (380 packages loaded, 39674 targets configured)

Analyzing: target //:docs (380 packages loaded, 39674 targets configured)

Analyzing: target //:docs (380 packages loaded, 39674 targets configured)

Analyzing: target //:docs (380 packages loaded, 39674 targets configured)

Analyzing: target //:docs (380 packages loaded, 39674 targets configured)

Analyzing: target //:docs (380 packages loaded, 39674 targets configured)

Analyzing: target //:docs (380 packages loaded, 39674 targets configured)

Analyzing: target //:docs (380 packages loaded, 39674 targets configured)

Analyzing: target //:docs (380 packages loaded, 39674 targets configured)

Analyzing: target //:docs (380 packages loaded, 39674 targets configured)

Analyzing: target //:docs (380 packages loaded, 39674 targets configured)

Analyzing: target //:docs (380 packages loaded, 39674 targets configured)

Analyzing: target //:docs (380 packages loaded, 39674 targets configured)

Analyzing: target //:docs (380 packages loaded, 39674 targets configured)

Analyzing: target //:docs (380 packages loaded, 39674 targets configured)

Analyzing: target //:docs (380 packages loaded, 39674 targets configured)

Analyzing: target //:docs (380 packages loaded, 39674 targets configured)

Analyzing: target //:docs (380 packages loaded, 39674 targets configured)

Analyzing: target //:docs (380 packages loaded, 39674 targets configured)

Analyzing: target //:docs (380 packages loaded, 39674 targets configured)

Analyzing: target //:docs (380 packages loaded, 39674 targets configured)

Analyzing: target //:docs (380 packages loaded, 39674 targets configured)

Analyzing: target //:docs (380 packages loaded, 39674 targets configured)

Analyzing: target //:docs (380 packages loaded, 39674 targets configured)

Analyzing: target //:docs (380 packages loaded, 39674 targets configured)

Analyzing: target //:docs (380 packages loaded, 39674 targets configured)

Analyzing: target //:docs (380 packages loaded, 39674 targets configured)

Analyzing: target //:docs (380 packages loaded, 39674 targets configured)

Analyzing: target //:docs (380 packages loaded, 39674 targets configured)

Analyzing: target //:docs (380 packages loaded, 39674 targets configured)

Analyzing: target //:docs (380 packages loaded, 39674 targets configured)

Analyzing: target //:docs (380 packages loaded, 39674 targets configured)

Analyzing: target //:docs (380 packages loaded, 39674 targets configured)

Analyzing: target //:docs (380 packages loaded, 39674 targets configured)

Analyzing: target //:docs (380 packages loaded, 39674 targets configured)

Analyzing: target //:docs (380 packages loaded, 39674 targets configured)

Analyzing: target //:docs (380 packages loaded, 39674 targets configured)

Analyzing: target //:docs (380 packages loaded, 39674 targets configured)

Analyzing: target //:docs (380 packages loaded, 39674 targets configured)

Analyzing: target //:docs (380 packages loaded, 39674 targets configured)

Analyzing: target //:docs (380 packages loaded, 39674 targets configured)

Analyzing: target //:docs (380 packages loaded, 39674 targets configured)

Analyzing: target //:docs (380 packages loaded, 39674 targets configured)

Analyzing: target //:docs (380 packages loaded, 39674 targets configured)

Analyzing: target //:docs (380 packages loaded, 39674 targets configured)

Analyzing: target //:docs (380 packages loaded, 39674 targets configured)

Analyzing: target //:docs (380 packages loaded, 39674 targets configured)

Analyzing: target //:docs (380 packages loaded, 39674 targets configured)

Analyzing: target //:docs (380 packages loaded, 39674 targets configured)

Analyzing: target //:docs (380 packages loaded, 39674 targets configured)

Analyzing: target //:docs (380 packages loaded, 39674 targets configured)

Analyzing: target //:docs (380 packages loaded, 39674 targets configured)

Analyzing: target //:docs (380 packages loaded, 39674 targets configured)

Analyzing: target //:docs (380 packages loaded, 39674 targets configured)

Analyzing: target //:docs (380 packages loaded, 39674 targets configured)

Analyzing: target //:docs (380 packages loaded, 39674 targets configured)

Analyzing: target //:docs (380 packages loaded, 39674 targets configured)

Analyzing: target //:docs (380 packages loaded, 39674 targets configured)

Analyzing: target //:docs (380 packages loaded, 39674 targets configured)

Analyzing: target //:docs (380 packages loaded, 39674 targets configured)

Analyzing: target //:docs (380 packages loaded, 39674 targets configured)

Analyzing: target //:docs (380 packages loaded, 39674 targets configured)

Analyzing: target //:docs (380 packages loaded, 39674 targets configured)

Analyzing: target //:docs (380 packages loaded, 39674 targets configured)

Analyzing: target //:docs (380 packages loaded, 39674 targets configured)

Analyzing: target //:docs (380 packages loaded, 39674 targets configured)

Analyzing: target //:docs (381 packages loaded, 39798 targets configured)

Analyzing: target //:docs (381 packages loaded, 39798 targets configured)

INFO: Analyzed target //:docs (382 packages loaded, 39926 targets configured).
[4 / 99] checking cached actions
[12 / 101] checking cached actions
[12 / 101] [Prepa] Expanding template external/score_docs_as_code+/src/plantuml
[13 / 101] checking cached actions
[55 / 101] [Prepa] Creating symlink external/rules_python++pip+docs_as_code_hub_env_312_debugpy/site-packages/debugpy/_vendored/pydevd/__init__.py
[100 / 101] [Prepa] Building external/score_docs_as_code+/src/plantuml.jar ()
INFO: Found 1 target...
Target //:_score_docs_cli up-to-date:
  bazel-bin/_score_docs_cli
  bazel-bin/_score_docs_cli.venv.pth
INFO: Elapsed time: 154.065s, Critical Path: 2.33s
INFO: 52 processes: 50 action cache hit, 49 internal, 2 linux-sandbox, 1 worker.
INFO: Build completed successfully, 52 total actions
INFO: Running command line: bazel-bin/_score_docs_cli
/media/jefferson/11c42dee-73a3-4c2b-ab42-a0440011d9e0/.s-core-build/runs/score-someip84-full-6w80fgob/native/score/socom/docs/version_handling.rst:19: WARNING: Title underline too short.

Service identity, versions and discovery
======================================= [docutils]
