//tests/benchmarks:e2e_benchmarks                                       SKIPPED
//tests/benchmarks:e2e_benchmarks_profiling                             SKIPPED
//tests/integration_test:test_gateway_startup                           SKIPPED
//tests/integration_test:test_score_test_applications                   SKIPPED
//tests/integration_test:test_someipd_sends_someip-sd_message           SKIPPED
//tests/integration_test:test_someipd_started_by_test                   SKIPPED
//tests/integration_test:test_someipd_startup                           SKIPPED
//tests/integration_test:test_tcpdump                                   SKIPPED
//:python_requirements.test                                              PASSED in 10.8s
//bazel/tools:config_schema.update_test                                  PASSED in 0.0s
//score/config:config_file_test                                          PASSED in 0.0s
//score/gateway_ipc_binding/test:gateway_ipc_binding_test                PASSED in 4.8s
//score/gatewayd:mw_com_config_schema_valid                              PASSED in 0.1s
//score/serializer:null_serializer_test                                  PASSED in 0.1s
//score/socom/test/stress:socom_stress_test                              PASSED in 6.9s
//score/socom/test/unit:socom_test                                       PASSED in 6.2s
//score/someipd/test:someipd_test                                        PASSED in 0.3s
//tests/benchmarks:bench_config_file_test                                PASSED in 0.0s
//tests/benchmarks:bench_mw_com_config_schema_valid                      PASSED in 0.0s
//tests/benchmarks:echo_config_file_test                                 PASSED in 0.0s
//tests/benchmarks:echo_mw_com_config_schema_valid                       PASSED in 0.1s
//tests/common:test_capture                                              PASSED in 6.6s
//tests/tc8_conformance:tc8_someipd_config_schema_valid                  PASSED in 0.1s
//tests/tc8_conformance:tc8_someipd_config_test                          PASSED in 0.0s
//tests/tc8_conformance:tc8_someipd_multi_schema_valid                   PASSED in 0.1s
//tests/tc8_conformance:tc8_someipd_sd_schema_valid                      PASSED in 0.0s
//tests/tc8_conformance:tc8_someipd_service_schema_valid                 PASSED in 0.0s
//tests/tc8_conformance:test_golden_vectors                              PASSED in 5.3s
//tests/tc8_conformance:test_helper_regressions                          PASSED in 5.4s

Executed 21 out of 29 tests: 21 tests pass and 8 were skipped.
There were tests whose specified size is too big. Use the --test_verbose_timeout_warnings command line option to see which ones these are.
