$TEST_TMPDIR defined, some defaults will be overridden
OpenJDK 64-Bit Server VM warning: Options -Xverify:none and -noverify were deprecated in JDK 13 and will likely be removed in a future release.
Computing main repo mapping: 
Computing main repo mapping: 
Computing main repo mapping: 
Computing main repo mapping: 
Loading: 
Loading: 2 packages loaded
Analyzing: 29 targets (42 packages loaded, 0 targets configured)
Analyzing: 29 targets (42 packages loaded, 0 targets configured)

Analyzing: 29 targets (152 packages loaded, 799 targets configured)

Analyzing: 29 targets (222 packages loaded, 6498 targets configured)

DEBUG: /media/jefferson/11c42dee-73a3-4c2b-ab42-a0440011d9e0/.s-core-build/runs/score-someip84-full-6w80fgob/bazel-output/16df730b0babb9c4a4b46d33742bb204/external/score_bazel_tools_python+/quality/private/python/python_tool_aspect.bzl:32:18: Python tools integration does not offer the feature "external_include_paths", but it will still be considered in the build.
Analyzing: 29 targets (358 packages loaded, 9586 targets configured)

Analyzing: 29 targets (410 packages loaded, 19337 targets configured)

WARNING: /media/jefferson/11c42dee-73a3-4c2b-ab42-a0440011d9e0/.s-core-build/runs/score-someip84-full-6w80fgob/bazel-output/16df730b0babb9c4a4b46d33742bb204/external/score_baselibs+/score/mw/log/detail/wait_free_stack/BUILD:23:11: in cc_library rule @@score_baselibs+//score/mw/log/detail/wait_free_stack:wait_free_stack: target '@@score_baselibs+//score/mw/log/detail/wait_free_stack:wait_free_stack' depends on deprecated target '@@score_baselibs+//score/memory/shared:atomic_indirector': This target is deprecated. Use @score_baselibs//score/concurrency:atomic_indirector instead.
Analyzing: 29 targets (432 packages loaded, 27888 targets configured)

WARNING: /media/jefferson/11c42dee-73a3-4c2b-ab42-a0440011d9e0/.s-core-build/runs/score-someip84-full-6w80fgob/bazel-output/16df730b0babb9c4a4b46d33742bb204/external/score_baselibs+/score/json/internal/model/BUILD:17:11: in cc_library rule @@score_baselibs+//score/json/internal/model:model: target '@@score_baselibs+//score/json/internal/model:model' depends on deprecated target '@@score_baselibs+//score/memory:string_comparison_adaptor': This target is deprecated. Use @score_baselibs//score/string_manipulation:string_comparison_adaptor instead.
WARNING: /media/jefferson/11c42dee-73a3-4c2b-ab42-a0440011d9e0/.s-core-build/runs/score-someip84-full-6w80fgob/bazel-output/16df730b0babb9c4a4b46d33742bb204/external/score_baselibs+/score/mw/log/detail/text_recorder/BUILD:23:11: in cc_library rule @@score_baselibs+//score/mw/log/detail/text_recorder:text_recorder: target '@@score_baselibs+//score/mw/log/detail/text_recorder:text_recorder' depends on deprecated target '@@score_baselibs+//score/os/utils:high_resolution_steady_clock': Deprecated, please use //platform/aas/mw/time/HighPrecisionLocalSteadyClock instead
WARNING: /media/jefferson/11c42dee-73a3-4c2b-ab42-a0440011d9e0/.s-core-build/runs/score-someip84-full-6w80fgob/bazel-output/16df730b0babb9c4a4b46d33742bb204/external/score_baselibs+/score/mw/log/configuration/BUILD:63:11: in cc_library rule @@score_baselibs+//score/mw/log/configuration:configuration_parser: target '@@score_baselibs+//score/mw/log/configuration:configuration_parser' depends on deprecated target '@@score_baselibs+//score/memory:split_string_view': This target is deprecated. Use @score_baselibs//score/string_manipulation:split_string_view instead.
Analyzing: 29 targets (446 packages loaded, 44839 targets configured)
[18 / 21] checking cached actions
Analyzing: 29 targets (447 packages loaded, 44872 targets configured)
[18 / 21] checking cached actions
INFO: Analyzed 29 targets (447 packages loaded, 83897 targets configured).
[44 / 226] checking cached actions
[101 / 251] checking cached actions
[1,413 / 1,574] [Prepa] Testing //score/gateway_ipc_binding/test:gateway_ipc_binding_test
[1,488 / 1,574] Testing //score/gateway_ipc_binding/test:gateway_ipc_binding_test; 1s linux-sandbox
[1,498 / 1,574] Testing //score/gateway_ipc_binding/test:gateway_ipc_binding_test; 3s linux-sandbox ... (2 actions running)
[1,498 / 1,574] 1 / 29 tests; Testing //score/gateway_ipc_binding/test:gateway_ipc_binding_test; 4s linux-sandbox ... (2 actions running)
[1,499 / 1,574] 1 / 29 tests; Testing //:python_requirements.test; 4s local ... (2 actions running)
[1,499 / 1,574] 2 / 29 tests; Testing //:python_requirements.test; 9s local ... (2 actions running)
[1,500 / 1,574] 2 / 29 tests; Testing //:python_requirements.test; 10s local ... (2 actions running)
[1,501 / 1,574] 3 / 29 tests; Testing //score/socom/test/stress:socom_stress_test; 2s linux-sandbox ... (2 actions running)
[1,501 / 1,574] 3 / 29 tests; Testing //score/socom/test/stress:socom_stress_test; 6s linux-sandbox ... (2 actions running)
[1,509 / 1,574] 12 / 29 tests; Testing //tests/tc8_conformance:test_helper_regressions; 0s linux-sandbox ... (2 actions running)
[1,539 / 1,574] 18 / 29 tests; Testing //tests/tc8_conformance:test_helper_regressions; 2s linux-sandbox
[1,572 / 1,575] 18 / 29 tests; Testing //tests/tc8_conformance:test_helper_regressions; 3s linux-sandbox ... (2 actions, 1 running)
[1,572 / 1,575] 18 / 29 tests; Testing //tests/tc8_conformance:test_helper_regressions; 5s linux-sandbox ... (2 actions running)
[1,574 / 1,575] 20 / 29 tests; Testing //tests/common:test_capture; 2s linux-sandbox
[1,574 / 1,575] 21 / 29 tests; Testing //tests/common:test_capture; 7s linux-sandbox
INFO: Found 29 test targets...
INFO: Elapsed time: 109.586s, Critical Path: 10.87s
INFO: 22 processes: 1575 action cache hit, 35 linux-sandbox, 2 local.
INFO: Build completed successfully, 22 total actions
