$TEST_TMPDIR defined, some defaults will be overridden
OpenJDK 64-Bit Server VM warning: Options -Xverify:none and -noverify were deprecated in JDK 13 and will likely be removed in a future release.
Computing main repo mapping: 
Computing main repo mapping: 
Loading: 
Loading: 2 packages loaded
Analyzing: target //:docs (3 packages loaded, 0 targets configured)
Analyzing: target //:docs (3 packages loaded, 0 targets configured)

Analyzing: target //:docs (157 packages loaded, 3184 targets configured)

Analyzing: target //:docs (304 packages loaded, 7851 targets configured)

Analyzing: target //:docs (358 packages loaded, 15702 targets configured)

Analyzing: target //:docs (382 packages loaded, 39926 targets configured)

INFO: Analyzed target //:docs (382 packages loaded, 39926 targets configured).
[6 / 99] checking cached actions
INFO: Found 1 target...
Target //:_score_docs_cli up-to-date:
  bazel-bin/_score_docs_cli
  bazel-bin/_score_docs_cli.venv.pth
INFO: Elapsed time: 14.537s, Critical Path: 0.40s
INFO: 1 process: 102 action cache hit, 1 internal.
INFO: Build completed successfully, 1 total action
INFO: Running command line: bazel-bin/_score_docs_cli
