OpenJDK 64-Bit Server VM warning: Options -Xverify:none and -noverify were deprecated in JDK 13 and will likely be removed in a future release.
Computing main repo mapping: 
Computing main repo mapping: 
Computing main repo mapping: 
Computing main repo mapping: 
Computing main repo mapping: 
Computing main repo mapping: 
Computing main repo mapping: 
WARNING: For repository 'platforms', the root module requires module version platforms@1.0.0, but got platforms@1.1.0 in the resolved dependency graph. Please update the version in your MODULE.bazel or set --check_direct_dependencies=off
WARNING: For repository 'rules_rust', the root module requires module version rules_rust@0.68.1-score, but got rules_rust@0.68.2-score in the resolved dependency graph. Please update the version in your MODULE.bazel or set --check_direct_dependencies=off
WARNING: For repository 'rules_cc', the root module requires module version rules_cc@0.2.17, but got rules_cc@0.2.22 in the resolved dependency graph. Please update the version in your MODULE.bazel or set --check_direct_dependencies=off
WARNING: For repository 'aspect_rules_lint', the root module requires module version aspect_rules_lint@2.3.0, but got aspect_rules_lint@2.5.0 in the resolved dependency graph. Please update the version in your MODULE.bazel or set --check_direct_dependencies=off
WARNING: For repository 'grpc-java', the root module requires module version grpc-java@1.70.0, but got grpc-java@1.78.0 in the resolved dependency graph. Please update the version in your MODULE.bazel or set --check_direct_dependencies=off
Computing main repo mapping: 
Computing main repo mapping: 
Computing main repo mapping: 
Computing main repo mapping: 
Computing main repo mapping: 
Computing main repo mapping: 
Computing main repo mapping: 
Computing main repo mapping: 
Computing main repo mapping: 
Computing main repo mapping: 
Computing main repo mapping: 
Computing main repo mapping: 
Computing main repo mapping: 
Computing main repo mapping: 
Computing main repo mapping: 
Loading: 
Loading: 3 packages loaded
Analyzing: 3 targets (6 packages loaded, 0 targets configured)
Analyzing: 3 targets (6 packages loaded, 0 targets configured)

Analyzing: 3 targets (69 packages loaded, 56 targets configured)

Analyzing: 3 targets (110 packages loaded, 58 targets configured)

Analyzing: 3 targets (138 packages loaded, 863 targets configured)

Analyzing: 3 targets (163 packages loaded, 2129 targets configured)

Analyzing: 3 targets (169 packages loaded, 5731 targets configured)

Analyzing: 3 targets (238 packages loaded, 6631 targets configured)

Analyzing: 3 targets (244 packages loaded, 6663 targets configured)

Analyzing: 3 targets (260 packages loaded, 6682 targets configured)

Analyzing: 3 targets (260 packages loaded, 6682 targets configured)

Analyzing: 3 targets (260 packages loaded, 6682 targets configured)

Analyzing: 3 targets (264 packages loaded, 6734 targets configured)

Analyzing: 3 targets (264 packages loaded, 6734 targets configured)

Analyzing: 3 targets (268 packages loaded, 6900 targets configured)

Analyzing: 3 targets (269 packages loaded, 6900 targets configured)

Analyzing: 3 targets (306 packages loaded, 6978 targets configured)

Analyzing: 3 targets (311 packages loaded, 6998 targets configured)

Analyzing: 3 targets (317 packages loaded, 7006 targets configured)

Analyzing: 3 targets (319 packages loaded, 7014 targets configured)

Analyzing: 3 targets (322 packages loaded, 7820 targets configured)

Analyzing: 3 targets (322 packages loaded, 7820 targets configured)

Analyzing: 3 targets (325 packages loaded, 7846 targets configured)

Analyzing: 3 targets (325 packages loaded, 7846 targets configured)

Analyzing: 3 targets (325 packages loaded, 7846 targets configured)

Analyzing: 3 targets (325 packages loaded, 7846 targets configured)

Analyzing: 3 targets (325 packages loaded, 7846 targets configured)

Analyzing: 3 targets (325 packages loaded, 7846 targets configured)

Analyzing: 3 targets (325 packages loaded, 7846 targets configured)

Analyzing: 3 targets (325 packages loaded, 7846 targets configured)

Analyzing: 3 targets (325 packages loaded, 7846 targets configured)

Analyzing: 3 targets (325 packages loaded, 7846 targets configured)

Analyzing: 3 targets (325 packages loaded, 7846 targets configured)

Analyzing: 3 targets (325 packages loaded, 7846 targets configured)

Analyzing: 3 targets (326 packages loaded, 7847 targets configured)

Analyzing: 3 targets (327 packages loaded, 8013 targets configured)

Analyzing: 3 targets (327 packages loaded, 8013 targets configured)

Analyzing: 3 targets (327 packages loaded, 8013 targets configured)

Analyzing: 3 targets (331 packages loaded, 8133 targets configured)

Analyzing: 3 targets (340 packages loaded, 10607 targets configured)

Analyzing: 3 targets (344 packages loaded, 10633 targets configured)

Analyzing: 3 targets (346 packages loaded, 10641 targets configured)

Analyzing: 3 targets (349 packages loaded, 10681 targets configured)

Analyzing: 3 targets (351 packages loaded, 10702 targets configured)

Analyzing: 3 targets (353 packages loaded, 10703 targets configured)

Analyzing: 3 targets (354 packages loaded, 10707 targets configured)

Analyzing: 3 targets (355 packages loaded, 11407 targets configured)

Analyzing: 3 targets (355 packages loaded, 11407 targets configured)

Analyzing: 3 targets (358 packages loaded, 12104 targets configured)

Analyzing: 3 targets (358 packages loaded, 12104 targets configured)

Analyzing: 3 targets (377 packages loaded, 12179 targets configured)

Analyzing: 3 targets (381 packages loaded, 12187 targets configured)

Analyzing: 3 targets (452 packages loaded, 12239 targets configured)

Analyzing: 3 targets (455 packages loaded, 12937 targets configured)

Analyzing: 3 targets (462 packages loaded, 13027 targets configured)

    Updating crates.io index
Analyzing: 3 targets (479 packages loaded, 13059 targets configured)

Analyzing: 3 targets (479 packages loaded, 13059 targets configured)

Analyzing: 3 targets (479 packages loaded, 13059 targets configured)

Analyzing: 3 targets (481 packages loaded, 13137 targets configured)

Analyzing: 3 targets (481 packages loaded, 13137 targets configured)

Analyzing: 3 targets (507 packages loaded, 13147 targets configured)

Analyzing: 3 targets (507 packages loaded, 13219 targets configured)

Analyzing: 3 targets (507 packages loaded, 13219 targets configured)

Analyzing: 3 targets (507 packages loaded, 13219 targets configured)

Analyzing: 3 targets (511 packages loaded, 13344 targets configured)

Analyzing: 3 targets (513 packages loaded, 13348 targets configured)

Analyzing: 3 targets (516 packages loaded, 13356 targets configured)

Analyzing: 3 targets (516 packages loaded, 13356 targets configured)

Analyzing: 3 targets (517 packages loaded, 13568 targets configured)

Analyzing: 3 targets (519 packages loaded, 13576 targets configured)

Analyzing: 3 targets (519 packages loaded, 13576 targets configured)

Analyzing: 3 targets (519 packages loaded, 13576 targets configured)

Analyzing: 3 targets (520 packages loaded, 13607 targets configured)

Analyzing: 3 targets (522 packages loaded, 13734 targets configured)

Analyzing: 3 targets (523 packages loaded, 13758 targets configured)

Analyzing: 3 targets (524 packages loaded, 13876 targets configured)

Analyzing: 3 targets (528 packages loaded, 13912 targets configured)

Analyzing: 3 targets (530 packages loaded, 14281 targets configured)

Analyzing: 3 targets (531 packages loaded, 15400 targets configured)

Analyzing: 3 targets (531 packages loaded, 15400 targets configured)

Analyzing: 3 targets (531 packages loaded, 15400 targets configured)

Analyzing: 3 targets (539 packages loaded, 15574 targets configured)

Analyzing: 3 targets (541 packages loaded, 15680 targets configured)

Analyzing: 3 targets (544 packages loaded, 15698 targets configured)

Analyzing: 3 targets (563 packages loaded, 15941 targets configured)

Analyzing: 3 targets (564 packages loaded, 15957 targets configured)

Analyzing: 3 targets (568 packages loaded, 15967 targets configured)

Analyzing: 3 targets (570 packages loaded, 16317 targets configured)

Analyzing: 3 targets (594 packages loaded, 16354 targets configured)

Analyzing: 3 targets (599 packages loaded, 16374 targets configured)

Analyzing: 3 targets (604 packages loaded, 16389 targets configured)

Analyzing: 3 targets (608 packages loaded, 16411 targets configured)

Analyzing: 3 targets (611 packages loaded, 16426 targets configured)

Analyzing: 3 targets (616 packages loaded, 16467 targets configured)

Analyzing: 3 targets (623 packages loaded, 16590 targets configured)

Analyzing: 3 targets (626 packages loaded, 16605 targets configured)

Analyzing: 3 targets (629 packages loaded, 16620 targets configured)

Analyzing: 3 targets (635 packages loaded, 16956 targets configured)

Analyzing: 3 targets (642 packages loaded, 18883 targets configured)

Analyzing: 3 targets (647 packages loaded, 18908 targets configured)

Analyzing: 3 targets (651 packages loaded, 19125 targets configured)

Analyzing: 3 targets (653 packages loaded, 19178 targets configured)

Analyzing: 3 targets (655 packages loaded, 19766 targets configured)

Analyzing: 3 targets (659 packages loaded, 21096 targets configured)

Analyzing: 3 targets (659 packages loaded, 21197 targets configured)

Analyzing: 3 targets (677 packages loaded, 21414 targets configured)

Analyzing: 3 targets (678 packages loaded, 21414 targets configured)

Analyzing: 3 targets (678 packages loaded, 21534 targets configured)

 Downloading crates ...
Analyzing: 3 targets (682 packages loaded, 21776 targets configured)

  Downloaded adler2 v2.0.0
  Downloaded gix-negotiate v0.18.0
  Downloaded block-buffer v0.10.4
  Downloaded autocfg v1.1.0
  Downloaded anstyle-query v1.0.0
  Downloaded anstyle v1.0.10
  Downloaded gix-ignore v0.13.0
  Downloaded crypto-common v0.1.6
  Downloaded utf16_iter v1.0.5
  Downloaded unicode-linebreak v0.1.5
  Downloaded gix-glob v0.18.0
  Downloaded errno v0.3.11
  Downloaded filetime v0.2.22
  Downloaded cfg-if v1.0.0
  Downloaded gix-hashtable v0.7.0
  Downloaded gix-lock v16.0.0
  Downloaded gix-validate v0.9.3
  Downloaded gix-actor v0.33.2
  Downloaded utf8_iter v1.0.4
  Downloaded gix-bitmap v0.2.14
  Downloaded generic-array v0.14.7
  Downloaded gix-utils v0.1.14
  Downloaded form_urlencoded v1.2.1
  Downloaded gix-sec v0.10.11
  Downloaded gix-hash v0.16.0
  Downloaded gix-date v0.9.3
  Downloaded gix-config-value v0.14.11
  Downloaded gix-chunk v0.4.11
  Downloaded fnv v1.0.7
  Downloaded fastrand v2.1.1
  Downloaded cfg_aliases v0.2.1
  Downloaded faster-hex v0.9.0
  Downloaded equivalent v1.0.1
  Downloaded colorchoice v1.0.0
  Downloaded cargo-platform v0.1.9
  Downloaded gix-url v0.29.0
  Downloaded gix-trace v0.1.12
  Downloaded gix-shallow v0.2.0
  Downloaded gix-prompt v0.9.1
  Downloaded arrayvec v0.7.4
  Downloaded walkdir v2.5.0
  Downloaded utf8parse v0.2.1
  Downloaded gix-refspec v0.28.0
  Downloaded scopeguard v1.2.0
  Downloaded unicode-bom v2.0.3
  Downloaded gix-discover v0.38.0
  Downloaded gix-command v0.4.1
  Downloaded cpufeatures v0.2.9
  Downloaded gix-fs v0.13.0
  Downloaded unic-char-range v0.9.0
  Downloaded same-file v1.0.6
  Downloaded zerofrom-derive v0.1.5
  Downloaded strsim v0.11.1
  Downloaded smawk v0.3.2
  Downloaded anstyle-parse v0.2.1
  Downloaded gix-packetline v0.18.3
  Downloaded gix-path v0.10.14
  Downloaded serde_spanned v0.6.8
Analyzing: 3 targets (686 packages loaded, 21946 targets configured)

  Downloaded itoa v1.0.8
  Downloaded sha1_smol v1.0.0
  Downloaded unic-common v0.9.0
  Downloaded idna_adapter v1.2.0
  Downloaded home v0.5.5
  Downloaded zerofrom v0.1.5
  Downloaded gix-features v0.40.0
  Downloaded gix-quote v0.4.15
  Downloaded displaydoc v0.2.5
  Downloaded gix-packetline-blocking v0.18.2
  Downloaded gix-commitgraph v0.26.0
  Downloaded either v1.9.0
  Downloaded gix-revision v0.32.0
  Downloaded clap_lex v0.7.4
  Downloaded gix-credentials v0.27.0
  Downloaded yoke-derive v0.7.5
  Downloaded gix-tempfile v16.0.0
  Downloaded heck v0.5.0
  Downloaded gix-submodule v0.17.0
  Downloaded glob v0.3.2
  Downloaded gix-worktree v0.39.0
  Downloaded gix-traverse v0.44.0
  Downloaded ahash v0.8.11
  Downloaded gix-pathspec v0.9.0
  Downloaded cfg-expr v0.20.4
  Downloaded thiserror-impl v1.0.50
  Downloaded thread_local v1.1.4
  Downloaded gix-attributes v0.24.0
  Downloaded tinyvec_macros v0.1.1
  Downloaded shell-words v1.1.0
  Downloaded stable_deref_trait v1.2.0
  Downloaded uluru v3.0.0
  Downloaded cargo_metadata v0.19.2
  Downloaded percent-encoding v2.3.1
  Downloaded gix-revwalk v0.18.0
  Downloaded globset v0.4.11
  Downloaded smol_str v0.3.2
  Downloaded thiserror v2.0.4
  Downloaded toml_datetime v0.6.9
  Downloaded tinystr v0.7.6
Analyzing: 3 targets (687 packages loaded, 21951 targets configured)

  Downloaded tracing-log v0.2.0
  Downloaded smallvec v1.15.0
  Downloaded borsh v1.5.3
  Downloaded pin-project-lite v0.2.13
  Downloaded parking_lot_core v0.9.9
  Downloaded unic-char-property v0.9.0
  Downloaded gix-odb v0.67.0
  Downloaded gix-index v0.38.0
  Downloaded crates-index v3.7.0
  Downloaded sharded-slab v0.1.7
  Downloaded gix-transport v0.45.0
  Downloaded tempfile v3.19.1
  Downloaded arc-swap v1.6.0
  Downloaded pest_derive v2.7.0
  Downloaded maybe-async v0.2.7
  Downloaded kstring v2.0.2
  Downloaded write16 v1.0.0
  Downloaded version_check v0.9.4
  Downloaded globwalk v0.9.1
  Downloaded gix-ref v0.50.0
  Downloaded gix-filter v0.17.0
  Downloaded getrandom v0.3.2
  Downloaded digest v0.10.7
  Downloaded clru v0.6.1
  Downloaded clap_derive v4.5.32
  Downloaded typenum v1.16.0
  Downloaded icu_locid_transform v1.5.0
  Downloaded clap v4.5.37
  Downloaded cargo_toml v0.22.1
  Downloaded cargo-lock v10.1.0
  Downloaded camino v1.1.9
  Downloaded bitflags v2.4.1
  Downloaded anyhow v1.0.98
  Downloaded anstream v0.6.18
  Downloaded overload v0.1.1
  Downloaded zerovec-derive v0.10.3
  Downloaded allocator-api2 v0.2.18
  Downloaded yoke v0.7.5
  Downloaded toml_write v0.1.0
  Downloaded synstructure v0.13.1
  Downloaded thiserror-impl v2.0.4
  Downloaded is_terminal_polyfill v1.70.1
  Downloaded thiserror v1.0.50
  Downloaded serde_starlark v0.1.17
  Downloaded semver v1.0.26
  Downloaded rustc-stable-hash v0.1.1
  Downloaded tinyvec v1.6.0
  Downloaded rustc-hash v2.0.0
  Downloaded pathdiff v0.2.3
  Downloaded lazy_static v1.4.0
  Downloaded icu_provider_macros v1.5.0
  Downloaded hex v0.4.3
  Downloaded unic-ucd-version v0.9.0
  Downloaded gix-protocol v0.48.0
  Downloaded sha2 v0.10.8
  Downloaded gix-object v0.47.0
  Downloaded lock_api v0.4.11
  Downloaded gix-diff v0.50.0
  Downloaded gix-config v0.43.0
  Downloaded crossbeam-utils v0.8.16
  Downloaded crc32fast v1.3.2
  Downloaded ucd-trie v0.1.6
  Downloaded gix-pack v0.57.0
Analyzing: 3 targets (687 packages loaded, 21951 targets configured)

  Downloaded crossbeam-channel v0.5.8
  Downloaded textwrap v0.16.2
  Downloaded toml v0.8.21
  Downloaded quote v1.0.37
  Downloaded nu-ansi-term v0.46.0
  Downloaded parking_lot v0.12.1
  Downloaded unicode-ident v1.0.10
  Downloaded tracing v0.1.41
  Downloaded flate2 v1.0.35
  Downloaded litemap v0.7.4
  Downloaded pest_generator v2.7.0
  Downloaded memmap2 v0.9.5
  Downloaded unic-ucd-segment v0.9.0
Analyzing: 3 targets (690 packages loaded, 21970 targets configured)

  Downloaded static_assertions v1.1.0
  Downloaded indoc v2.0.6
  Downloaded log v0.4.19
  Downloaded once_cell v1.21.3
  Downloaded tera v1.20.0
  Downloaded normpath v1.3.0
  Downloaded icu_locid_transform_data v1.5.0
  Downloaded unic-segment v0.9.0
  Downloaded pest_meta v2.7.0
  Downloaded writeable v0.5.5
  Downloaded toml_edit v0.22.25
  Downloaded clap_builder v4.5.37
  Downloaded aho-corasick v1.0.2
Analyzing: 3 targets (693 packages loaded, 22120 targets configured)

  Downloaded tracing-subscriber v0.3.19
  Downloaded ryu v1.0.14
  Downloaded tracing-attributes v0.1.28
  Downloaded miniz_oxide v0.8.0
  Downloaded proc-macro2 v1.0.92
  Downloaded icu_locid v1.5.0
Analyzing: 3 targets (696 packages loaded, 22212 targets configured)

  Downloaded icu_provider v1.5.0
  Downloaded icu_normalizer v1.5.0
  Downloaded ignore v0.4.18
  Downloaded syn v1.0.109
Analyzing: 3 targets (703 packages loaded, 22366 targets configured)

  Downloaded serde_derive v1.0.219
  Downloaded gix v0.70.0
  Downloaded syn v2.0.90
  Downloaded bstr v1.6.0
Analyzing: 3 targets (709 packages loaded, 22477 targets configured)

  Downloaded url v2.5.4
  Downloaded icu_normalizer_data v1.5.0
Analyzing: 3 targets (713 packages loaded, 22517 targets configured)

  Downloaded tracing-core v0.1.33
  Downloaded serde v1.0.219
Analyzing: 3 targets (714 packages loaded, 22534 targets configured)

  Downloaded prodash v29.0.0
  Downloaded icu_collections v1.5.0
Analyzing: 3 targets (714 packages loaded, 22534 targets configured)

Analyzing: 3 targets (714 packages loaded, 22534 targets configured)

  Downloaded icu_properties v1.5.1
  Downloaded indexmap v2.6.0
  Downloaded pest v2.7.0
Analyzing: 3 targets (714 packages loaded, 22534 targets configured)

  Downloaded memchr v2.6.4
  Downloaded spdx v0.10.8
Analyzing: 3 targets (715 packages loaded, 22881 targets configured)

  Downloaded hashbrown v0.15.0
  Downloaded encoding_rs v0.8.33
  Downloaded zerovec v0.10.4
  Downloaded unicode-normalization v0.1.22
  Downloaded idna v1.0.3
Analyzing: 3 targets (715 packages loaded, 22881 targets configured)

  Downloaded hashbrown v0.14.3
  Downloaded itertools v0.14.0
  Downloaded serde_json v1.0.140
  Downloaded winnow v0.6.20
  Downloaded winnow v0.7.7
Analyzing: 3 targets (715 packages loaded, 22881 targets configured)

  Downloaded zerocopy v0.7.35
  Downloaded icu_properties_data v1.5.0
Analyzing: 3 targets (715 packages loaded, 22881 targets configured)

  Downloaded regex v1.11.1
  Downloaded unicode-width v0.2.0
Analyzing: 3 targets (715 packages loaded, 22881 targets configured)

  Downloaded regex-syntax v0.8.5
  Downloaded rustix v0.38.41
  Downloaded rustix v1.0.5
Analyzing: 3 targets (715 packages loaded, 22881 targets configured)

  Downloaded regex-automata v0.3.3
  Downloaded jiff v0.1.13
  Downloaded regex-automata v0.4.8
Analyzing: 3 targets (715 packages loaded, 22881 targets configured)

  Downloaded libc v0.2.172
Analyzing: 3 targets (715 packages loaded, 22881 targets configured)

  Downloaded linux-raw-sys v0.4.14
Analyzing: 3 targets (715 packages loaded, 22881 targets configured)

  Downloaded linux-raw-sys v0.9.4
Analyzing: 3 targets (716 packages loaded, 24005 targets configured)

   Compiling proc-macro2 v1.0.92
   Compiling unicode-ident v1.0.10
   Compiling serde v1.0.219
   Compiling cfg-if v1.0.0
   Compiling memchr v2.6.4
   Compiling thiserror v2.0.4
   Compiling once_cell v1.21.3
   Compiling libc v0.2.172
   Compiling smallvec v1.15.0
   Compiling regex-automata v0.3.3
Analyzing: 3 targets (717 packages loaded, 24150 targets configured)

   Compiling autocfg v1.1.0
   Compiling log v0.4.19
   Compiling parking_lot_core v0.9.9
   Compiling gix-trace v0.1.12
   Compiling crossbeam-utils v0.8.16
   Compiling tinyvec_macros v0.1.1
   Compiling scopeguard v1.2.0
   Compiling lock_api v0.4.11
   Compiling tinyvec v1.6.0
   Compiling fastrand v2.1.1
Analyzing: 3 targets (717 packages loaded, 24150 targets configured)

   Compiling quote v1.0.37
   Compiling same-file v1.0.6
   Compiling syn v2.0.90
Analyzing: 3 targets (717 packages loaded, 24150 targets configured)

   Compiling bstr v1.6.0
   Compiling walkdir v2.5.0
   Compiling unicode-normalization v0.1.22
   Compiling parking_lot v0.12.1
   Compiling crc32fast v1.3.2
   Compiling adler2 v2.0.0
Analyzing: 3 targets (717 packages loaded, 24150 targets configured)

   Compiling miniz_oxide v0.8.0
   Compiling gix-utils v0.1.14
   Compiling bitflags v2.4.1
   Compiling prodash v29.0.0
Analyzing: 3 targets (717 packages loaded, 24150 targets configured)

   Compiling crossbeam-channel v0.5.8
   Compiling sha1_smol v1.0.0
Analyzing: 3 targets (717 packages loaded, 24150 targets configured)

   Compiling version_check v0.9.4
   Compiling flate2 v1.0.35
   Compiling home v0.5.5
   Compiling itoa v1.0.8
   Compiling ahash v0.8.11
   Compiling zerocopy v0.7.35
   Compiling jiff v0.1.13
Analyzing: 3 targets (717 packages loaded, 24150 targets configured)

   Compiling allocator-api2 v0.2.18
   Compiling winnow v0.6.20
   Compiling stable_deref_trait v1.2.0
   Compiling memmap2 v0.9.5
   Compiling getrandom v0.3.2
Analyzing: 3 targets (717 packages loaded, 24150 targets configured)

   Compiling rustix v1.0.5
   Compiling linux-raw-sys v0.9.4
   Compiling hashbrown v0.14.3
   Compiling writeable v0.5.5
   Compiling litemap v0.7.4
Analyzing: 3 targets (717 packages loaded, 24150 targets configured)

   Compiling synstructure v0.13.1
Analyzing: 3 targets (717 packages loaded, 24150 targets configured)

   Compiling icu_locid_transform_data v1.5.0
   Compiling icu_properties_data v1.5.0
   Compiling utf8_iter v1.0.4
   Compiling utf16_iter v1.0.5
   Compiling write16 v1.0.0
   Compiling icu_normalizer_data v1.5.0
   Compiling percent-encoding v2.3.1
Analyzing: 3 targets (717 packages loaded, 24150 targets configured)

   Compiling thiserror v1.0.50
   Compiling unicode-bom v2.0.3
   Compiling form_urlencoded v1.2.1
   Compiling rustix v0.38.41
   Compiling gix-sec v0.10.11
   Compiling linux-raw-sys v0.4.14
Analyzing: 3 targets (717 packages loaded, 24150 targets configured)

   Compiling fnv v1.0.7
   Compiling static_assertions v1.1.0
   Compiling shell-words v1.1.0
   Compiling kstring v2.0.2
   Compiling typenum v1.16.0
   Compiling generic-array v0.14.7
   Compiling aho-corasick v1.0.2
Analyzing: 3 targets (717 packages loaded, 24150 targets configured)

   Compiling syn v1.0.109
   Compiling serde_derive v1.0.219
   Compiling thiserror-impl v2.0.4
   Compiling zerofrom-derive v0.1.5
   Compiling yoke-derive v0.7.5
Analyzing: 3 targets (717 packages loaded, 24150 targets configured)

Analyzing: 3 targets (717 packages loaded, 24150 targets configured)

Analyzing: 3 targets (717 packages loaded, 24150 targets configured)

   Compiling zerovec-derive v0.10.3
   Compiling displaydoc v0.2.5
Analyzing: 3 targets (717 packages loaded, 24150 targets configured)

   Compiling gix-path v0.10.14
   Compiling zerofrom v0.1.5
Analyzing: 3 targets (717 packages loaded, 24150 targets configured)

   Compiling gix-date v0.9.3
   Compiling gix-actor v0.33.2
Analyzing: 3 targets (717 packages loaded, 24150 targets configured)

   Compiling yoke v0.7.5
   Compiling gix-validate v0.9.3
   Compiling zerovec v0.10.4
   Compiling icu_provider_macros v1.5.0
Analyzing: 3 targets (717 packages loaded, 24150 targets configured)

   Compiling gix-chunk v0.4.11
   Compiling tempfile v3.19.1
Analyzing: 3 targets (717 packages loaded, 24150 targets configured)

   Compiling gix-quote v0.4.15
   Compiling gix-config-value v0.14.11
   Compiling thiserror-impl v1.0.50
Analyzing: 3 targets (717 packages loaded, 24150 targets configured)

   Compiling gix-command v0.4.1
   Compiling tinystr v0.7.6
   Compiling icu_locid v1.5.0
   Compiling icu_collections v1.5.0
Analyzing: 3 targets (717 packages loaded, 24150 targets configured)

   Compiling regex-syntax v0.8.5
   Compiling hashbrown v0.15.0
   Compiling equivalent v1.0.1
   Compiling icu_provider v1.5.0
Analyzing: 3 targets (717 packages loaded, 24150 targets configured)

Analyzing: 3 targets (717 packages loaded, 24150 targets configured)

   Compiling faster-hex v0.9.0
   Compiling icu_locid_transform v1.5.0
   Compiling indexmap v2.6.0
   Compiling gix-hash v0.16.0
   Compiling gix-features v0.40.0
   Compiling gix-hashtable v0.7.0
Analyzing: 3 targets (717 packages loaded, 24150 targets configured)

   Compiling regex-automata v0.4.8
   Compiling toml_datetime v0.6.9
   Compiling gix-object v0.47.0
   Compiling gix-fs v0.13.0
   Compiling icu_properties v1.5.1
Analyzing: 3 targets (717 packages loaded, 24150 targets configured)

Analyzing: 3 targets (717 packages loaded, 24150 targets configured)

   Compiling gix-tempfile v16.0.0
Analyzing: 3 targets (717 packages loaded, 24150 targets configured)

   Compiling gix-commitgraph v0.26.0
   Compiling gix-lock v16.0.0
Analyzing: 3 targets (717 packages loaded, 24150 targets configured)

Analyzing: 3 targets (717 packages loaded, 24150 targets configured)

   Compiling icu_normalizer v1.5.0
   Compiling gix-revwalk v0.18.0
Analyzing: 3 targets (717 packages loaded, 24150 targets configured)

   Compiling gix-glob v0.18.0
   Compiling gix-ref v0.50.0
   Compiling gix-revision v0.32.0
Analyzing: 3 targets (717 packages loaded, 24150 targets configured)

   Compiling idna_adapter v1.2.0
   Compiling idna v1.0.3
   Compiling gix-attributes v0.24.0
Analyzing: 3 targets (717 packages loaded, 24150 targets configured)

Analyzing: 3 targets (717 packages loaded, 24150 targets configured)

   Compiling url v2.5.4
Analyzing: 3 targets (717 packages loaded, 24150 targets configured)

Analyzing: 3 targets (717 packages loaded, 24150 targets configured)

   Compiling gix-url v0.29.0
   Compiling serde_spanned v0.6.8
Analyzing: 3 targets (718 packages loaded, 24267 targets configured)

   Compiling ucd-trie v0.1.6
   Compiling arrayvec v0.7.4
   Compiling serde_json v1.0.140
   Compiling semver v1.0.26
Analyzing: 3 targets (718 packages loaded, 24268 targets configured)

   Compiling toml_write v0.1.0
   Compiling lazy_static v1.4.0
   Compiling winnow v0.7.7
   Compiling uluru v3.0.0
   Compiling pest v2.7.0
Analyzing: 3 targets (718 packages loaded, 24268 targets configured)

   Compiling gix-refspec v0.28.0
   Compiling gix-traverse v0.44.0
Analyzing: 3 targets (718 packages loaded, 24268 targets configured)

   Compiling regex v1.11.1
Analyzing: 3 targets (718 packages loaded, 24268 targets configured)

   Compiling gix-packetline v0.18.3
Analyzing: 3 targets (718 packages loaded, 24268 targets configured)

   Compiling gix-prompt v0.9.1
   Compiling toml_edit v0.22.25
   Compiling gix-bitmap v0.2.14
Analyzing: 3 targets (718 packages loaded, 24268 targets configured)

   Compiling filetime v0.2.22
   Compiling thread_local v1.1.4
   Compiling unic-common v0.9.0
   Compiling ryu v1.0.14
Analyzing: 3 targets (718 packages loaded, 24268 targets configured)

   Compiling utf8parse v0.2.1
   Compiling unic-char-range v0.9.0
   Compiling clru v0.6.1
   Compiling unic-char-property v0.9.0
   Compiling pest_meta v2.7.0
   Compiling anstyle-parse v0.2.1
   Compiling unic-ucd-version v0.9.0
   Compiling gix-credentials v0.27.0
Analyzing: 3 targets (718 packages loaded, 24268 targets configured)

   Compiling gix-pack v0.57.0
   Compiling gix-index v0.38.0
Analyzing: 3 targets (718 packages loaded, 24268 targets configured)

Analyzing: 3 targets (718 packages loaded, 24268 targets configured)

   Compiling maybe-async v0.2.7
Analyzing: 3 targets (718 packages loaded, 24268 targets configured)

   Compiling gix-transport v0.45.0
   Compiling globset v0.4.11
Analyzing: 3 targets (718 packages loaded, 24268 targets configured)

   Compiling toml v0.8.21
Analyzing: 3 targets (718 packages loaded, 24268 targets configured)

Analyzing: 3 targets (718 packages loaded, 24268 targets configured)

Analyzing: 3 targets (718 packages loaded, 24268 targets configured)

Analyzing: 3 targets (718 packages loaded, 24268 targets configured)

   Compiling gix-pathspec v0.9.0
   Compiling gix-config v0.43.0
Analyzing: 3 targets (718 packages loaded, 24268 targets configured)

   Compiling gix-ignore v0.13.0
   Compiling gix-negotiate v0.18.0
Analyzing: 3 targets (718 packages loaded, 24268 targets configured)

   Compiling gix-shallow v0.2.0
   Compiling gix-packetline-blocking v0.18.2
Analyzing: 3 targets (718 packages loaded, 24268 targets configured)

Analyzing: 3 targets (718 packages loaded, 24268 targets configured)

   Compiling tracing-core v0.1.33
   Compiling encoding_rs v0.8.33
   Compiling anstyle-query v1.0.0
   Compiling camino v1.1.9
Analyzing: 3 targets (718 packages loaded, 24268 targets configured)

   Compiling colorchoice v1.0.0
   Compiling is_terminal_polyfill v1.70.1
   Compiling arc-swap v1.6.0
   Compiling anstyle v1.0.10
   Compiling gix-odb v0.67.0
   Compiling anstream v0.6.18
Analyzing: 3 targets (718 packages loaded, 24268 targets configured)

   Compiling gix-submodule v0.17.0
   Compiling gix-protocol v0.48.0
   Compiling gix-worktree v0.39.0
Analyzing: 3 targets (718 packages loaded, 24268 targets configured)

Analyzing: 3 targets (718 packages loaded, 24268 targets configured)

   Compiling gix-filter v0.17.0
Analyzing: 3 targets (718 packages loaded, 24268 targets configured)

   Compiling ignore v0.4.18
Analyzing: 3 targets (718 packages loaded, 24268 targets configured)

   Compiling pest_generator v2.7.0
Analyzing: 3 targets (718 packages loaded, 24268 targets configured)

Analyzing: 3 targets (718 packages loaded, 24268 targets configured)

   Compiling unic-ucd-segment v0.9.0
   Compiling block-buffer v0.10.4
   Compiling crypto-common v0.1.6
Analyzing: 3 targets (718 packages loaded, 24268 targets configured)

   Compiling gix-discover v0.38.0
   Compiling gix-diff v0.50.0
   Compiling clap_lex v0.7.4
   Compiling strsim v0.11.1
   Compiling heck v0.5.0
Analyzing: 3 targets (718 packages loaded, 24268 targets configured)

   Compiling anyhow v1.0.98
   Compiling overload v0.1.1
   Compiling nu-ansi-term v0.46.0
   Compiling clap_derive v4.5.32
Analyzing: 3 targets (718 packages loaded, 24268 targets configured)

   Compiling clap_builder v4.5.37
   Compiling gix v0.70.0
   Compiling digest v0.10.7
Analyzing: 3 targets (718 packages loaded, 24268 targets configured)

   Compiling unic-segment v0.9.0
   Compiling pest_derive v2.7.0
   Compiling globwalk v0.9.1
Analyzing: 3 targets (718 packages loaded, 24268 targets configured)

   Compiling tracing-log v0.2.0
   Compiling sharded-slab v0.1.7
Analyzing: 3 targets (718 packages loaded, 24268 targets configured)

   Compiling cargo-platform v0.1.9
   Compiling smol_str v0.3.2
   Compiling hex v0.4.3
Analyzing: 3 targets (718 packages loaded, 24268 targets configured)

   Compiling tracing-attributes v0.1.28
   Compiling unicode-linebreak v0.1.5
   Compiling rustc-stable-hash v0.1.1
   Compiling cpufeatures v0.2.9
   Compiling unicode-width v0.2.0
   Compiling rustc-hash v2.0.0
   Compiling smawk v0.3.2
   Compiling either v1.9.0
   Compiling pin-project-lite v0.2.13
   Compiling tracing-subscriber v0.3.19
   Compiling textwrap v0.16.2
   Compiling itertools v0.14.0
   Compiling sha2 v0.10.8
Analyzing: 3 targets (718 packages loaded, 24268 targets configured)

   Compiling clap v4.5.37
   Compiling cargo_metadata v0.19.2
Analyzing: 3 targets (718 packages loaded, 24268 targets configured)

   Compiling tracing v0.1.41
Analyzing: 3 targets (718 packages loaded, 24268 targets configured)

   Compiling tera v1.20.0
Analyzing: 3 targets (718 packages loaded, 24268 targets configured)

   Compiling cargo-lock v10.1.0
   Compiling cargo_toml v0.22.1
Analyzing: 3 targets (718 packages loaded, 24268 targets configured)

   Compiling serde_starlark v0.1.17
Analyzing: 3 targets (718 packages loaded, 24268 targets configured)

   Compiling crates-index v3.7.0
Analyzing: 3 targets (718 packages loaded, 24268 targets configured)

   Compiling spdx v0.10.8
Analyzing: 3 targets (718 packages loaded, 24268 targets configured)

Analyzing: 3 targets (718 packages loaded, 24268 targets configured)

   Compiling cfg-expr v0.20.4
Analyzing: 3 targets (718 packages loaded, 24268 targets configured)

Analyzing: 3 targets (718 packages loaded, 24268 targets configured)

   Compiling glob v0.3.2
   Compiling indoc v2.0.6
Analyzing: 3 targets (718 packages loaded, 24268 targets configured)

   Compiling pathdiff v0.2.3
   Compiling normpath v1.3.0
   Compiling cargo-bazel v0.17.0 (/media/jefferson/11c42dee-73a3-4c2b-ab42-a0440011d9e0/.s-core-build/runs/score-communication-followup-pivi6gt7/bazel-output/b657b5ff18becf5f09f49fcbb33c430b/external/rules_rust+/crate_universe)
Analyzing: 3 targets (718 packages loaded, 24268 targets configured)

Analyzing: 3 targets (718 packages loaded, 24268 targets configured)

Analyzing: 3 targets (718 packages loaded, 24268 targets configured)

Analyzing: 3 targets (718 packages loaded, 24268 targets configured)

Analyzing: 3 targets (718 packages loaded, 24268 targets configured)

Analyzing: 3 targets (718 packages loaded, 24268 targets configured)

Analyzing: 3 targets (718 packages loaded, 24268 targets configured)

Analyzing: 3 targets (718 packages loaded, 24268 targets configured)

Analyzing: 3 targets (718 packages loaded, 24268 targets configured)

Analyzing: 3 targets (718 packages loaded, 24268 targets configured)

Analyzing: 3 targets (718 packages loaded, 24268 targets configured)

Analyzing: 3 targets (718 packages loaded, 24268 targets configured)

Analyzing: 3 targets (718 packages loaded, 24268 targets configured)

Analyzing: 3 targets (718 packages loaded, 24268 targets configured)

Analyzing: 3 targets (718 packages loaded, 24268 targets configured)

Analyzing: 3 targets (718 packages loaded, 24268 targets configured)

Analyzing: 3 targets (718 packages loaded, 24268 targets configured)

Analyzing: 3 targets (718 packages loaded, 24268 targets configured)

Analyzing: 3 targets (718 packages loaded, 24268 targets configured)

Analyzing: 3 targets (718 packages loaded, 24268 targets configured)

Analyzing: 3 targets (718 packages loaded, 24268 targets configured)

Analyzing: 3 targets (718 packages loaded, 24268 targets configured)

Analyzing: 3 targets (718 packages loaded, 24268 targets configured)

Analyzing: 3 targets (718 packages loaded, 24268 targets configured)

Analyzing: 3 targets (718 packages loaded, 24268 targets configured)

Analyzing: 3 targets (718 packages loaded, 24268 targets configured)

Analyzing: 3 targets (718 packages loaded, 24268 targets configured)

Analyzing: 3 targets (718 packages loaded, 24268 targets configured)

Analyzing: 3 targets (718 packages loaded, 24268 targets configured)

Analyzing: 3 targets (718 packages loaded, 24268 targets configured)

Analyzing: 3 targets (718 packages loaded, 24268 targets configured)

Analyzing: 3 targets (718 packages loaded, 24268 targets configured)

Analyzing: 3 targets (718 packages loaded, 24268 targets configured)

Analyzing: 3 targets (718 packages loaded, 24268 targets configured)

Analyzing: 3 targets (718 packages loaded, 24268 targets configured)

Analyzing: 3 targets (718 packages loaded, 24268 targets configured)

Analyzing: 3 targets (718 packages loaded, 24268 targets configured)

Analyzing: 3 targets (718 packages loaded, 24268 targets configured)

Analyzing: 3 targets (718 packages loaded, 24268 targets configured)

Analyzing: 3 targets (718 packages loaded, 24268 targets configured)

Analyzing: 3 targets (718 packages loaded, 24268 targets configured)

Analyzing: 3 targets (718 packages loaded, 24268 targets configured)

Analyzing: 3 targets (718 packages loaded, 24268 targets configured)

Analyzing: 3 targets (718 packages loaded, 24268 targets configured)

Analyzing: 3 targets (718 packages loaded, 24268 targets configured)

Analyzing: 3 targets (718 packages loaded, 24268 targets configured)

Analyzing: 3 targets (718 packages loaded, 24268 targets configured)

Analyzing: 3 targets (718 packages loaded, 24268 targets configured)

Analyzing: 3 targets (718 packages loaded, 24268 targets configured)

    Finished `release` profile [optimized] target(s) in 3m 41s
Analyzing: 3 targets (718 packages loaded, 24268 targets configured)

Analyzing: 3 targets (718 packages loaded, 24268 targets configured)

Analyzing: 3 targets (718 packages loaded, 24268 targets configured)

Analyzing: 3 targets (718 packages loaded, 24268 targets configured)

Analyzing: 3 targets (718 packages loaded, 24268 targets configured)

Analyzing: 3 targets (718 packages loaded, 24268 targets configured)

Analyzing: 3 targets (718 packages loaded, 24268 targets configured)

Analyzing: 3 targets (718 packages loaded, 24268 targets configured)

Analyzing: 3 targets (718 packages loaded, 24268 targets configured)

Analyzing: 3 targets (718 packages loaded, 24268 targets configured)

Analyzing: 3 targets (718 packages loaded, 24268 targets configured)

Analyzing: 3 targets (718 packages loaded, 24268 targets configured)

Analyzing: 3 targets (718 packages loaded, 24268 targets configured)

Analyzing: 3 targets (718 packages loaded, 24268 targets configured)

Analyzing: 3 targets (718 packages loaded, 24268 targets configured)

Analyzing: 3 targets (718 packages loaded, 24268 targets configured)

Analyzing: 3 targets (718 packages loaded, 24268 targets configured)

Analyzing: 3 targets (718 packages loaded, 24268 targets configured)

Analyzing: 3 targets (718 packages loaded, 24268 targets configured)

Analyzing: 3 targets (718 packages loaded, 24268 targets configured)

Analyzing: 3 targets (718 packages loaded, 24268 targets configured)

Analyzing: 3 targets (718 packages loaded, 24268 targets configured)

Analyzing: 3 targets (718 packages loaded, 24268 targets configured)

Analyzing: 3 targets (718 packages loaded, 24268 targets configured)

Analyzing: 3 targets (718 packages loaded, 24268 targets configured)

Analyzing: 3 targets (718 packages loaded, 24268 targets configured)

Analyzing: 3 targets (718 packages loaded, 24268 targets configured)

Analyzing: 3 targets (718 packages loaded, 24268 targets configured)

Analyzing: 3 targets (718 packages loaded, 24268 targets configured)

Analyzing: 3 targets (718 packages loaded, 24268 targets configured)

Analyzing: 3 targets (718 packages loaded, 24268 targets configured)

Analyzing: 3 targets (718 packages loaded, 24268 targets configured)

Analyzing: 3 targets (718 packages loaded, 24268 targets configured)

Analyzing: 3 targets (718 packages loaded, 24268 targets configured)

Analyzing: 3 targets (718 packages loaded, 24268 targets configured)

Analyzing: 3 targets (718 packages loaded, 24268 targets configured)

Analyzing: 3 targets (718 packages loaded, 24268 targets configured)

Analyzing: 3 targets (718 packages loaded, 24268 targets configured)

Analyzing: 3 targets (718 packages loaded, 24268 targets configured)

Analyzing: 3 targets (718 packages loaded, 24268 targets configured)

Analyzing: 3 targets (718 packages loaded, 24268 targets configured)

Analyzing: 3 targets (718 packages loaded, 24268 targets configured)

Analyzing: 3 targets (718 packages loaded, 24268 targets configured)

Analyzing: 3 targets (718 packages loaded, 24268 targets configured)

Analyzing: 3 targets (718 packages loaded, 24268 targets configured)

Analyzing: 3 targets (718 packages loaded, 24268 targets configured)

Analyzing: 3 targets (718 packages loaded, 24268 targets configured)

Analyzing: 3 targets (718 packages loaded, 24268 targets configured)

Analyzing: 3 targets (718 packages loaded, 24268 targets configured)

Analyzing: 3 targets (718 packages loaded, 24268 targets configured)

Analyzing: 3 targets (718 packages loaded, 24268 targets configured)

Analyzing: 3 targets (718 packages loaded, 24268 targets configured)

Analyzing: 3 targets (718 packages loaded, 24268 targets configured)

Analyzing: 3 targets (718 packages loaded, 24268 targets configured)

Analyzing: 3 targets (718 packages loaded, 24268 targets configured)

Analyzing: 3 targets (718 packages loaded, 24268 targets configured)

Analyzing: 3 targets (718 packages loaded, 24268 targets configured)

Analyzing: 3 targets (718 packages loaded, 24268 targets configured)

Analyzing: 3 targets (718 packages loaded, 24268 targets configured)

Analyzing: 3 targets (718 packages loaded, 24268 targets configured)

Analyzing: 3 targets (718 packages loaded, 24268 targets configured)

Analyzing: 3 targets (718 packages loaded, 24268 targets configured)

Analyzing: 3 targets (718 packages loaded, 24268 targets configured)

Analyzing: 3 targets (718 packages loaded, 24268 targets configured)

Analyzing: 3 targets (718 packages loaded, 24268 targets configured)

Analyzing: 3 targets (718 packages loaded, 24268 targets configured)

Analyzing: 3 targets (718 packages loaded, 24268 targets configured)

Analyzing: 3 targets (718 packages loaded, 24268 targets configured)

Analyzing: 3 targets (718 packages loaded, 24268 targets configured)

Analyzing: 3 targets (718 packages loaded, 24268 targets configured)

Analyzing: 3 targets (718 packages loaded, 24268 targets configured)

Analyzing: 3 targets (718 packages loaded, 24268 targets configured)

Analyzing: 3 targets (718 packages loaded, 24268 targets configured)

Analyzing: 3 targets (718 packages loaded, 24268 targets configured)

Analyzing: 3 targets (718 packages loaded, 24268 targets configured)

Analyzing: 3 targets (718 packages loaded, 24268 targets configured)

Analyzing: 3 targets (718 packages loaded, 24268 targets configured)

Analyzing: 3 targets (718 packages loaded, 24268 targets configured)

Analyzing: 3 targets (718 packages loaded, 24268 targets configured)

Analyzing: 3 targets (718 packages loaded, 24268 targets configured)

Analyzing: 3 targets (718 packages loaded, 24268 targets configured)

Analyzing: 3 targets (718 packages loaded, 24268 targets configured)

Analyzing: 3 targets (718 packages loaded, 24268 targets configured)

Analyzing: 3 targets (718 packages loaded, 24268 targets configured)

Analyzing: 3 targets (718 packages loaded, 24268 targets configured)

Analyzing: 3 targets (718 packages loaded, 24268 targets configured)

Analyzing: 3 targets (718 packages loaded, 24268 targets configured)

Analyzing: 3 targets (718 packages loaded, 24268 targets configured)

Analyzing: 3 targets (718 packages loaded, 24268 targets configured)

Analyzing: 3 targets (718 packages loaded, 24268 targets configured)

Analyzing: 3 targets (718 packages loaded, 24268 targets configured)

Analyzing: 3 targets (719 packages loaded, 24268 targets configured)

Analyzing: 3 targets (763 packages loaded, 25562 targets configured)

Analyzing: 3 targets (774 packages loaded, 26313 targets configured)

Analyzing: 3 targets (776 packages loaded, 26423 targets configured)

Analyzing: 3 targets (826 packages loaded, 28327 targets configured)

Analyzing: 3 targets (826 packages loaded, 28327 targets configured)

Analyzing: 3 targets (826 packages loaded, 28327 targets configured)

Analyzing: 3 targets (826 packages loaded, 28327 targets configured)

Analyzing: 3 targets (826 packages loaded, 28327 targets configured)

Analyzing: 3 targets (826 packages loaded, 28327 targets configured)

Analyzing: 3 targets (826 packages loaded, 28327 targets configured)

Analyzing: 3 targets (826 packages loaded, 28327 targets configured)

Analyzing: 3 targets (826 packages loaded, 28327 targets configured)

Analyzing: 3 targets (826 packages loaded, 28327 targets configured)

Analyzing: 3 targets (826 packages loaded, 28327 targets configured)

Analyzing: 3 targets (826 packages loaded, 28327 targets configured)

Analyzing: 3 targets (826 packages loaded, 28327 targets configured)

Analyzing: 3 targets (826 packages loaded, 28327 targets configured)

Analyzing: 3 targets (826 packages loaded, 28327 targets configured)

Analyzing: 3 targets (826 packages loaded, 28327 targets configured)

Analyzing: 3 targets (826 packages loaded, 28327 targets configured)

Analyzing: 3 targets (826 packages loaded, 28327 targets configured)

Analyzing: 3 targets (826 packages loaded, 28327 targets configured)

Analyzing: 3 targets (826 packages loaded, 28327 targets configured)

Analyzing: 3 targets (826 packages loaded, 28327 targets configured)

Analyzing: 3 targets (826 packages loaded, 28327 targets configured)

Analyzing: 3 targets (826 packages loaded, 28327 targets configured)

Analyzing: 3 targets (826 packages loaded, 28327 targets configured)

Analyzing: 3 targets (826 packages loaded, 28327 targets configured)

Analyzing: 3 targets (826 packages loaded, 28327 targets configured)

Analyzing: 3 targets (826 packages loaded, 28327 targets configured)

Analyzing: 3 targets (826 packages loaded, 28327 targets configured)

Analyzing: 3 targets (826 packages loaded, 28327 targets configured)

Analyzing: 3 targets (826 packages loaded, 28327 targets configured)

Analyzing: 3 targets (826 packages loaded, 28327 targets configured)

Analyzing: 3 targets (826 packages loaded, 28327 targets configured)

Analyzing: 3 targets (826 packages loaded, 28327 targets configured)

Analyzing: 3 targets (826 packages loaded, 28327 targets configured)

Analyzing: 3 targets (826 packages loaded, 28327 targets configured)

Analyzing: 3 targets (826 packages loaded, 28327 targets configured)

Analyzing: 3 targets (826 packages loaded, 28327 targets configured)

Analyzing: 3 targets (826 packages loaded, 28327 targets configured)

Analyzing: 3 targets (826 packages loaded, 28327 targets configured)

Analyzing: 3 targets (826 packages loaded, 28327 targets configured)

Analyzing: 3 targets (826 packages loaded, 28327 targets configured)

Analyzing: 3 targets (826 packages loaded, 28327 targets configured)

Analyzing: 3 targets (826 packages loaded, 28327 targets configured)

Analyzing: 3 targets (826 packages loaded, 28327 targets configured)

Analyzing: 3 targets (826 packages loaded, 28327 targets configured)

Analyzing: 3 targets (826 packages loaded, 28327 targets configured)

Analyzing: 3 targets (826 packages loaded, 28327 targets configured)

Analyzing: 3 targets (826 packages loaded, 28327 targets configured)

Analyzing: 3 targets (826 packages loaded, 28327 targets configured)

Analyzing: 3 targets (826 packages loaded, 28327 targets configured)

Analyzing: 3 targets (826 packages loaded, 28327 targets configured)

Analyzing: 3 targets (826 packages loaded, 28327 targets configured)

Analyzing: 3 targets (826 packages loaded, 28327 targets configured)

Analyzing: 3 targets (826 packages loaded, 28327 targets configured)

Analyzing: 3 targets (826 packages loaded, 28327 targets configured)

Analyzing: 3 targets (826 packages loaded, 28327 targets configured)

Analyzing: 3 targets (826 packages loaded, 28327 targets configured)

Analyzing: 3 targets (826 packages loaded, 28327 targets configured)

Analyzing: 3 targets (826 packages loaded, 28327 targets configured)

Analyzing: 3 targets (826 packages loaded, 28327 targets configured)

Analyzing: 3 targets (826 packages loaded, 28327 targets configured)

Analyzing: 3 targets (826 packages loaded, 28327 targets configured)

Analyzing: 3 targets (826 packages loaded, 28327 targets configured)

Analyzing: 3 targets (826 packages loaded, 28327 targets configured)

Analyzing: 3 targets (826 packages loaded, 28327 targets configured)

Analyzing: 3 targets (826 packages loaded, 28327 targets configured)

Analyzing: 3 targets (826 packages loaded, 28327 targets configured)

Analyzing: 3 targets (826 packages loaded, 28327 targets configured)

Analyzing: 3 targets (826 packages loaded, 28327 targets configured)

Analyzing: 3 targets (826 packages loaded, 28327 targets configured)

Analyzing: 3 targets (826 packages loaded, 28327 targets configured)

Analyzing: 3 targets (826 packages loaded, 28327 targets configured)

Analyzing: 3 targets (826 packages loaded, 28327 targets configured)

Analyzing: 3 targets (826 packages loaded, 28327 targets configured)

Analyzing: 3 targets (826 packages loaded, 28327 targets configured)

Analyzing: 3 targets (826 packages loaded, 28327 targets configured)

Analyzing: 3 targets (826 packages loaded, 28327 targets configured)

Analyzing: 3 targets (826 packages loaded, 28327 targets configured)

Analyzing: 3 targets (826 packages loaded, 28327 targets configured)

Analyzing: 3 targets (826 packages loaded, 28327 targets configured)

Analyzing: 3 targets (826 packages loaded, 28327 targets configured)

Analyzing: 3 targets (826 packages loaded, 28327 targets configured)

Analyzing: 3 targets (826 packages loaded, 28327 targets configured)

Analyzing: 3 targets (826 packages loaded, 28327 targets configured)

Analyzing: 3 targets (826 packages loaded, 28327 targets configured)

Analyzing: 3 targets (826 packages loaded, 28327 targets configured)

Analyzing: 3 targets (826 packages loaded, 28327 targets configured)

Analyzing: 3 targets (826 packages loaded, 28327 targets configured)

Analyzing: 3 targets (826 packages loaded, 28327 targets configured)

Analyzing: 3 targets (826 packages loaded, 28327 targets configured)

Analyzing: 3 targets (826 packages loaded, 28327 targets configured)

Analyzing: 3 targets (826 packages loaded, 28327 targets configured)

Analyzing: 3 targets (826 packages loaded, 28327 targets configured)

Analyzing: 3 targets (826 packages loaded, 28327 targets configured)

Analyzing: 3 targets (826 packages loaded, 28327 targets configured)

Analyzing: 3 targets (826 packages loaded, 28327 targets configured)

Analyzing: 3 targets (826 packages loaded, 28327 targets configured)

Analyzing: 3 targets (826 packages loaded, 28327 targets configured)

Analyzing: 3 targets (826 packages loaded, 28327 targets configured)

Analyzing: 3 targets (826 packages loaded, 28327 targets configured)

Analyzing: 3 targets (826 packages loaded, 28327 targets configured)

Analyzing: 3 targets (826 packages loaded, 28327 targets configured)

Analyzing: 3 targets (826 packages loaded, 28327 targets configured)

Analyzing: 3 targets (826 packages loaded, 28327 targets configured)

Analyzing: 3 targets (826 packages loaded, 28327 targets configured)

Analyzing: 3 targets (826 packages loaded, 28327 targets configured)

Analyzing: 3 targets (826 packages loaded, 28327 targets configured)

Analyzing: 3 targets (826 packages loaded, 28327 targets configured)

Analyzing: 3 targets (826 packages loaded, 28327 targets configured)

Analyzing: 3 targets (826 packages loaded, 28327 targets configured)

Analyzing: 3 targets (826 packages loaded, 28327 targets configured)

Analyzing: 3 targets (826 packages loaded, 28327 targets configured)

Analyzing: 3 targets (826 packages loaded, 28327 targets configured)

Analyzing: 3 targets (826 packages loaded, 28327 targets configured)

Analyzing: 3 targets (826 packages loaded, 28327 targets configured)

Analyzing: 3 targets (826 packages loaded, 28327 targets configured)

Analyzing: 3 targets (826 packages loaded, 28327 targets configured)

Analyzing: 3 targets (826 packages loaded, 28327 targets configured)

Analyzing: 3 targets (826 packages loaded, 28327 targets configured)

Analyzing: 3 targets (826 packages loaded, 28327 targets configured)

Analyzing: 3 targets (826 packages loaded, 28327 targets configured)

Analyzing: 3 targets (826 packages loaded, 28327 targets configured)

Analyzing: 3 targets (826 packages loaded, 28327 targets configured)

Analyzing: 3 targets (826 packages loaded, 28327 targets configured)

Analyzing: 3 targets (826 packages loaded, 28327 targets configured)

Analyzing: 3 targets (826 packages loaded, 28327 targets configured)

Analyzing: 3 targets (826 packages loaded, 28327 targets configured)

Analyzing: 3 targets (826 packages loaded, 28327 targets configured)

Analyzing: 3 targets (826 packages loaded, 28327 targets configured)

Analyzing: 3 targets (826 packages loaded, 28327 targets configured)

Analyzing: 3 targets (826 packages loaded, 28327 targets configured)

Analyzing: 3 targets (826 packages loaded, 28327 targets configured)

Analyzing: 3 targets (826 packages loaded, 28327 targets configured)

Analyzing: 3 targets (826 packages loaded, 28327 targets configured)

Analyzing: 3 targets (826 packages loaded, 28327 targets configured)

Analyzing: 3 targets (826 packages loaded, 28327 targets configured)

Analyzing: 3 targets (826 packages loaded, 28327 targets configured)

Analyzing: 3 targets (826 packages loaded, 28327 targets configured)

Analyzing: 3 targets (826 packages loaded, 28327 targets configured)

Analyzing: 3 targets (826 packages loaded, 28327 targets configured)

Analyzing: 3 targets (826 packages loaded, 28327 targets configured)

Analyzing: 3 targets (826 packages loaded, 28327 targets configured)

Analyzing: 3 targets (826 packages loaded, 28327 targets configured)

Analyzing: 3 targets (826 packages loaded, 28327 targets configured)

Analyzing: 3 targets (826 packages loaded, 28327 targets configured)

Analyzing: 3 targets (826 packages loaded, 28327 targets configured)

Analyzing: 3 targets (826 packages loaded, 28327 targets configured)

Analyzing: 3 targets (826 packages loaded, 28327 targets configured)

Analyzing: 3 targets (826 packages loaded, 28327 targets configured)

Analyzing: 3 targets (826 packages loaded, 28327 targets configured)

Analyzing: 3 targets (826 packages loaded, 28327 targets configured)

Analyzing: 3 targets (826 packages loaded, 28327 targets configured)

Analyzing: 3 targets (826 packages loaded, 28327 targets configured)

Analyzing: 3 targets (826 packages loaded, 28327 targets configured)

Analyzing: 3 targets (826 packages loaded, 28327 targets configured)

Analyzing: 3 targets (826 packages loaded, 28327 targets configured)

Analyzing: 3 targets (826 packages loaded, 28327 targets configured)

Analyzing: 3 targets (826 packages loaded, 28327 targets configured)

Analyzing: 3 targets (826 packages loaded, 28327 targets configured)

Analyzing: 3 targets (826 packages loaded, 28327 targets configured)

Analyzing: 3 targets (826 packages loaded, 28327 targets configured)

Analyzing: 3 targets (826 packages loaded, 28327 targets configured)

Analyzing: 3 targets (826 packages loaded, 28327 targets configured)

Analyzing: 3 targets (826 packages loaded, 28327 targets configured)

Analyzing: 3 targets (826 packages loaded, 28327 targets configured)

Analyzing: 3 targets (826 packages loaded, 28327 targets configured)

Analyzing: 3 targets (826 packages loaded, 28327 targets configured)

Analyzing: 3 targets (826 packages loaded, 28327 targets configured)

Analyzing: 3 targets (826 packages loaded, 28327 targets configured)

Analyzing: 3 targets (826 packages loaded, 28327 targets configured)

Analyzing: 3 targets (826 packages loaded, 28327 targets configured)

Analyzing: 3 targets (826 packages loaded, 28327 targets configured)

Analyzing: 3 targets (826 packages loaded, 28327 targets configured)

Analyzing: 3 targets (826 packages loaded, 28327 targets configured)

Analyzing: 3 targets (826 packages loaded, 28327 targets configured)

Analyzing: 3 targets (826 packages loaded, 28327 targets configured)

Analyzing: 3 targets (826 packages loaded, 28327 targets configured)

Analyzing: 3 targets (826 packages loaded, 28327 targets configured)

Analyzing: 3 targets (826 packages loaded, 28327 targets configured)

Analyzing: 3 targets (826 packages loaded, 28327 targets configured)

Analyzing: 3 targets (826 packages loaded, 28327 targets configured)

Analyzing: 3 targets (826 packages loaded, 28327 targets configured)

Analyzing: 3 targets (826 packages loaded, 28327 targets configured)

Analyzing: 3 targets (826 packages loaded, 28327 targets configured)

Analyzing: 3 targets (826 packages loaded, 28327 targets configured)

Analyzing: 3 targets (826 packages loaded, 28327 targets configured)

Analyzing: 3 targets (826 packages loaded, 28327 targets configured)

Analyzing: 3 targets (826 packages loaded, 28327 targets configured)

Analyzing: 3 targets (826 packages loaded, 28327 targets configured)

Analyzing: 3 targets (826 packages loaded, 28327 targets configured)

Analyzing: 3 targets (826 packages loaded, 28327 targets configured)

Analyzing: 3 targets (826 packages loaded, 28327 targets configured)

Analyzing: 3 targets (826 packages loaded, 28327 targets configured)

Analyzing: 3 targets (826 packages loaded, 28327 targets configured)

Analyzing: 3 targets (826 packages loaded, 28327 targets configured)

Analyzing: 3 targets (826 packages loaded, 28327 targets configured)

Analyzing: 3 targets (826 packages loaded, 28327 targets configured)

Analyzing: 3 targets (826 packages loaded, 28327 targets configured)

Analyzing: 3 targets (826 packages loaded, 28327 targets configured)

Analyzing: 3 targets (826 packages loaded, 28327 targets configured)

Analyzing: 3 targets (826 packages loaded, 28327 targets configured)

Analyzing: 3 targets (826 packages loaded, 28327 targets configured)

Analyzing: 3 targets (826 packages loaded, 28327 targets configured)

Analyzing: 3 targets (826 packages loaded, 28327 targets configured)

Analyzing: 3 targets (826 packages loaded, 28327 targets configured)

Analyzing: 3 targets (826 packages loaded, 28327 targets configured)

Analyzing: 3 targets (826 packages loaded, 28327 targets configured)

Analyzing: 3 targets (826 packages loaded, 28327 targets configured)

Analyzing: 3 targets (826 packages loaded, 28327 targets configured)

Analyzing: 3 targets (826 packages loaded, 28327 targets configured)

Analyzing: 3 targets (826 packages loaded, 28327 targets configured)

Analyzing: 3 targets (826 packages loaded, 28327 targets configured)

Analyzing: 3 targets (826 packages loaded, 28327 targets configured)

Analyzing: 3 targets (826 packages loaded, 28327 targets configured)

Analyzing: 3 targets (826 packages loaded, 28327 targets configured)

Analyzing: 3 targets (826 packages loaded, 28327 targets configured)

Analyzing: 3 targets (826 packages loaded, 28327 targets configured)

Analyzing: 3 targets (826 packages loaded, 28327 targets configured)

Analyzing: 3 targets (826 packages loaded, 28327 targets configured)

Analyzing: 3 targets (826 packages loaded, 28327 targets configured)

Analyzing: 3 targets (826 packages loaded, 28327 targets configured)

Analyzing: 3 targets (826 packages loaded, 28327 targets configured)

Analyzing: 3 targets (826 packages loaded, 28327 targets configured)

Analyzing: 3 targets (826 packages loaded, 28327 targets configured)

Analyzing: 3 targets (826 packages loaded, 28327 targets configured)

Analyzing: 3 targets (826 packages loaded, 28327 targets configured)

Analyzing: 3 targets (826 packages loaded, 28327 targets configured)

Analyzing: 3 targets (826 packages loaded, 28327 targets configured)

Analyzing: 3 targets (826 packages loaded, 28327 targets configured)

Analyzing: 3 targets (826 packages loaded, 28327 targets configured)

Analyzing: 3 targets (826 packages loaded, 28327 targets configured)

Analyzing: 3 targets (826 packages loaded, 28327 targets configured)

Analyzing: 3 targets (826 packages loaded, 28327 targets configured)

Analyzing: 3 targets (826 packages loaded, 28327 targets configured)

Analyzing: 3 targets (826 packages loaded, 28327 targets configured)

Analyzing: 3 targets (826 packages loaded, 28327 targets configured)

Analyzing: 3 targets (826 packages loaded, 28327 targets configured)

Analyzing: 3 targets (826 packages loaded, 28327 targets configured)

Analyzing: 3 targets (826 packages loaded, 28327 targets configured)

Analyzing: 3 targets (826 packages loaded, 28327 targets configured)

Analyzing: 3 targets (826 packages loaded, 28327 targets configured)

Analyzing: 3 targets (826 packages loaded, 28327 targets configured)

Analyzing: 3 targets (826 packages loaded, 28327 targets configured)

Analyzing: 3 targets (826 packages loaded, 28327 targets configured)

Analyzing: 3 targets (826 packages loaded, 28327 targets configured)

Analyzing: 3 targets (826 packages loaded, 28327 targets configured)

Analyzing: 3 targets (826 packages loaded, 28327 targets configured)

Analyzing: 3 targets (826 packages loaded, 28327 targets configured)

Analyzing: 3 targets (826 packages loaded, 28327 targets configured)

Analyzing: 3 targets (826 packages loaded, 28327 targets configured)

Analyzing: 3 targets (826 packages loaded, 28327 targets configured)

Analyzing: 3 targets (826 packages loaded, 28327 targets configured)

Analyzing: 3 targets (826 packages loaded, 28327 targets configured)

Analyzing: 3 targets (826 packages loaded, 28327 targets configured)

Analyzing: 3 targets (826 packages loaded, 28327 targets configured)

Analyzing: 3 targets (826 packages loaded, 28327 targets configured)

Analyzing: 3 targets (826 packages loaded, 28327 targets configured)

Analyzing: 3 targets (826 packages loaded, 28327 targets configured)

Analyzing: 3 targets (826 packages loaded, 28327 targets configured)

Analyzing: 3 targets (826 packages loaded, 28327 targets configured)

Analyzing: 3 targets (826 packages loaded, 28327 targets configured)

Analyzing: 3 targets (826 packages loaded, 28327 targets configured)

Analyzing: 3 targets (826 packages loaded, 28327 targets configured)

Analyzing: 3 targets (826 packages loaded, 28327 targets configured)

Analyzing: 3 targets (826 packages loaded, 28327 targets configured)

Analyzing: 3 targets (826 packages loaded, 28327 targets configured)

Analyzing: 3 targets (826 packages loaded, 28327 targets configured)

Analyzing: 3 targets (826 packages loaded, 28327 targets configured)

Analyzing: 3 targets (826 packages loaded, 28327 targets configured)

Analyzing: 3 targets (826 packages loaded, 28327 targets configured)

Analyzing: 3 targets (826 packages loaded, 28327 targets configured)

Analyzing: 3 targets (826 packages loaded, 28327 targets configured)

Analyzing: 3 targets (826 packages loaded, 28327 targets configured)

Analyzing: 3 targets (826 packages loaded, 28327 targets configured)

Analyzing: 3 targets (826 packages loaded, 28327 targets configured)

Analyzing: 3 targets (826 packages loaded, 28327 targets configured)

Analyzing: 3 targets (826 packages loaded, 28327 targets configured)

Analyzing: 3 targets (826 packages loaded, 28327 targets configured)

Analyzing: 3 targets (826 packages loaded, 28327 targets configured)

Analyzing: 3 targets (826 packages loaded, 28327 targets configured)

Analyzing: 3 targets (826 packages loaded, 28327 targets configured)

Analyzing: 3 targets (826 packages loaded, 28327 targets configured)

Analyzing: 3 targets (826 packages loaded, 28327 targets configured)

Analyzing: 3 targets (826 packages loaded, 28327 targets configured)

Analyzing: 3 targets (826 packages loaded, 28327 targets configured)

Analyzing: 3 targets (826 packages loaded, 28327 targets configured)

Analyzing: 3 targets (826 packages loaded, 28327 targets configured)

Analyzing: 3 targets (826 packages loaded, 28327 targets configured)

Analyzing: 3 targets (826 packages loaded, 28327 targets configured)

Analyzing: 3 targets (826 packages loaded, 28327 targets configured)

Analyzing: 3 targets (826 packages loaded, 28327 targets configured)

Analyzing: 3 targets (826 packages loaded, 28327 targets configured)

Analyzing: 3 targets (826 packages loaded, 28327 targets configured)

Analyzing: 3 targets (826 packages loaded, 28327 targets configured)

Analyzing: 3 targets (826 packages loaded, 28327 targets configured)

Analyzing: 3 targets (826 packages loaded, 28327 targets configured)

Analyzing: 3 targets (826 packages loaded, 28327 targets configured)

Analyzing: 3 targets (826 packages loaded, 28327 targets configured)

Analyzing: 3 targets (826 packages loaded, 28327 targets configured)

Analyzing: 3 targets (826 packages loaded, 28327 targets configured)

Analyzing: 3 targets (826 packages loaded, 28327 targets configured)

Analyzing: 3 targets (826 packages loaded, 28327 targets configured)

Analyzing: 3 targets (826 packages loaded, 28327 targets configured)

Analyzing: 3 targets (826 packages loaded, 28327 targets configured)

Analyzing: 3 targets (826 packages loaded, 28327 targets configured)

Analyzing: 3 targets (826 packages loaded, 28327 targets configured)

Analyzing: 3 targets (826 packages loaded, 28327 targets configured)

Analyzing: 3 targets (826 packages loaded, 28327 targets configured)

Analyzing: 3 targets (826 packages loaded, 28327 targets configured)

Analyzing: 3 targets (826 packages loaded, 28327 targets configured)

Analyzing: 3 targets (826 packages loaded, 28327 targets configured)

Analyzing: 3 targets (826 packages loaded, 28327 targets configured)

Analyzing: 3 targets (826 packages loaded, 28327 targets configured)

Analyzing: 3 targets (826 packages loaded, 28327 targets configured)

Analyzing: 3 targets (826 packages loaded, 28327 targets configured)

Analyzing: 3 targets (826 packages loaded, 28327 targets configured)

Analyzing: 3 targets (826 packages loaded, 28327 targets configured)

Analyzing: 3 targets (826 packages loaded, 28327 targets configured)

Analyzing: 3 targets (826 packages loaded, 28327 targets configured)

Analyzing: 3 targets (826 packages loaded, 28327 targets configured)

Analyzing: 3 targets (826 packages loaded, 28327 targets configured)

Analyzing: 3 targets (826 packages loaded, 28327 targets configured)

Analyzing: 3 targets (826 packages loaded, 28327 targets configured)

Analyzing: 3 targets (826 packages loaded, 28327 targets configured)

Analyzing: 3 targets (826 packages loaded, 28327 targets configured)

Analyzing: 3 targets (826 packages loaded, 28327 targets configured)

Analyzing: 3 targets (826 packages loaded, 28327 targets configured)

Analyzing: 3 targets (826 packages loaded, 28327 targets configured)

Analyzing: 3 targets (826 packages loaded, 28327 targets configured)

Analyzing: 3 targets (826 packages loaded, 28327 targets configured)

Analyzing: 3 targets (826 packages loaded, 28327 targets configured)

Analyzing: 3 targets (827 packages loaded, 30388 targets configured)
[1 / 1] no actions running
INFO: Analyzed 3 targets (830 packages loaded, 30754 targets configured).
[8 / 55] [Prepa] Writing file external/lobster+/_lobster-ci-report.venv/lib/python3.12/site-packages/bazel.pth [for tool]
[22 / 64] Creating runfiles tree bazel-out/k8-opt-exec-ST-d57f47055a04/bin/external/score_tooling+/bazel/rules/rules_score/arch_to_reqs_from_lobster.runfiles [for tool]; 0s local ... (3 actions running)
[42 / 73] checking cached actions
[42 / 73] [Prepa] Expanding template score/config_management/dependability/config_management_index/de_traceability_config
[130 / 560] [Prepa] Writing repo mapping manifest for @@rules_rust++crate+crates__flatbuffers-25.12.19//:_bs- [for tool]
[178 / 856] Creating source manifest for @@score_tooling+//bazel/rules/rules_score:raw_build; 0s local
[178 / 859] Creating source manifest for @@score_tooling+//bazel/rules/rules_score:raw_build; 1s local ... (2 actions running)
[188 / 901] Creating runfiles tree bazel-out/k8-fastbuild/bin/external/score_tooling+/bazel/rules/rules_score/raw_build.runfiles; 1s local
[189 / 901] checking cached actions
[192 / 901] [Prepa] Expanding template external/toolchains_llvm++llvm+llvm_toolchain/module-x86_64-linux.modulemap [for tool]
[213 / 901] [Prepa] Creating symlink external/rules_python++pip+pip_rules_score_312_sphinxcontrib_plantuml/site-packages/sphinxcontrib/__init__.py
[214 / 901] [Prepa] Expanding template external/score_tooling+/bazel/rules/rules_score/_raw_build_stage2_bootstrap.py
[225 / 901] [Prepa] Expanding template external/score_tooling+/third_party/docs_runtime/dot [for tool]
[227 / 901] checking cached actions
[227 / 901] [Prepa] lobster-gtest bazel-out/k8-fastbuild/bin/score/config_management/dependability/config_provider_component.lobster
[227 / 901] lobster-gtest bazel-out/k8-fastbuild/bin/score/config_management/dependability/config_provider_component.lobster; 0s processwrapper-sandbox ... (2 actions, 1 running)
INFO: From lobster-gtest bazel-out/k8-fastbuild/bin/score/config_management/dependability/config_provider_component.lobster:
INFO: From lobster-gtest bazel-out/k8-fastbuild/bin/score/config_management/dependability/config_daemon_component.lobster:
[277 / 901] lobster-trlc bazel-out/k8-fastbuild/bin/requirements/component_requirements/config_provider/component_requirements.lobster; 0s processwrapper-sandbox
INFO: From lobster-trlc bazel-out/k8-fastbuild/bin/requirements/component_requirements/config_provider/component_requirements.lobster:
[278 / 901] [Prepa] Generating architecture lobster for @@//score/config_management/dependability:config_provider_component
[279 / 901] lobster-trlc bazel-out/k8-fastbuild/bin/requirements/component_requirements/config_daemon/component_requirements.lobster; 0s processwrapper-sandbox
INFO: From lobster-trlc bazel-out/k8-fastbuild/bin/requirements/component_requirements/config_daemon/component_requirements.lobster:
INFO: From lobster-trlc bazel-out/k8-fastbuild/bin/requirements/feature_requirements/feature_requirements.lobster:
[282 / 901] [Prepa] lobster-trlc bazel-out/k8-fastbuild/bin/requirements/assumed_system_requirements/assumed_system_requirements.lobster
INFO: From lobster-trlc bazel-out/k8-fastbuild/bin/requirements/assumed_system_requirements/assumed_system_requirements.lobster:
[286 / 901] lobster-trlc bazel-out/k8-fastbuild/bin/requirements/safety_analysis/fmea/failuremodes.lobster; 0s processwrapper-sandbox ... (2 actions, 1 running)
INFO: From lobster-trlc bazel-out/k8-fastbuild/bin/requirements/safety_analysis/fmea/failuremodes.lobster:
[299 / 901] lobster-report bazel-out/k8-fastbuild/bin/score/config_management/dependability/config_management_index_report.json; 0s processwrapper-sandbox ... (3 actions, 1 running)
[302 / 901] [Prepa] Symlinking Sphinx source score/config_management/dependability/config_management_index_report.json to score/config_management/dependability/config_management_doc/score/config_management/dependability/config_management_index_report.json
INFO: From lobster-html-report bazel-out/k8-fastbuild/bin/score/config_management/dependability/config_management_index_report.html:
Fontconfig error: No writable cache directories
INFO: From lobster-rst-report (pages) config_management_index:
[308 / 901] [Prepa] Symlinking Sphinx source score/config_management/dependability/config_management_index/traceability_report to score/config_management/dependability/config_management_doc/score/config_management/dependability/config_management_index/traceability_report
[309 / 901] [Prepa] Rendering TRLC to RST for @@//requirements/feature_requirements:feature_requirements
[359 / 901] Rendering TRLC to RST for @@//requirements/feature_requirements:feature_requirements; 0s processwrapper-sandbox ... (2 actions, 1 running)
[401 / 901] Rendering TRLC to RST for @@//requirements/assumed_system_requirements:assumed_system_requirements; 0s processwrapper-sandbox ... (2 actions, 1 running)
[420 / 901] checking cached actions
[420 / 901] [Prepa] JavaToolchainCompileClasses external/rules_java+/toolchains/platformclasspath_classes [for tool]
[420 / 901] JavaToolchainCompileClasses external/rules_java+/toolchains/platformclasspath_classes [for tool]; 1s processwrapper-sandbox ... (2 actions running)
[423 / 901] JavaToolchainCompileClasses external/rules_java+/toolchains/platformclasspath_classes [for tool]; 2s processwrapper-sandbox ... (4 actions running)
[427 / 901] Compiling src/bfbs_gen_lua.cpp [for tool]; 3s processwrapper-sandbox ... (3 actions running)
[428 / 901] Compiling src/bfbs_gen_lua.cpp [for tool]; 4s processwrapper-sandbox ... (4 actions running)
[439 / 901] Compiling src/bfbs_gen_lua.cpp [for tool]; 5s processwrapper-sandbox ... (5 actions running)
[446 / 901] Compiling src/bfbs_gen_lua.cpp [for tool]; 6s processwrapper-sandbox ... (5 actions, 4 running)
[473 / 901] Compiling src/bfbs_gen_lua.cpp [for tool]; 8s processwrapper-sandbox ... (5 actions, 4 running)
[479 / 901] Compiling src/bfbs_gen_lua.cpp [for tool]; 9s processwrapper-sandbox ... (6 actions, 5 running)
[486 / 901] Compiling src/bfbs_gen_lua.cpp [for tool]; 10s processwrapper-sandbox ... (5 actions running)
[488 / 901] Compiling src/bfbs_gen_lua.cpp [for tool]; 11s processwrapper-sandbox ... (5 actions running)
[492 / 901] Compiling src/bfbs_gen_lua.cpp [for tool]; 12s processwrapper-sandbox ... (5 actions, 4 running)
[498 / 901] Compiling builtin.c [for tool]; 1s processwrapper-sandbox ... (5 actions, 4 running)
[501 / 901] Compiling src/bfbs_gen_nim.cpp [for tool]; 1s processwrapper-sandbox ... (5 actions, 4 running)
[501 / 901] Compiling src/bfbs_gen_nim.cpp [for tool]; 3s processwrapper-sandbox ... (5 actions running)
[502 / 901] Compiling src/bfbs_gen_nim.cpp [for tool]; 4s processwrapper-sandbox ... (5 actions running)
[503 / 901] Compiling src/bfbs_gen_nim.cpp [for tool]; 5s processwrapper-sandbox ... (6 actions running)
[509 / 901] Compiling src/bfbs_gen_nim.cpp [for tool]; 6s processwrapper-sandbox ... (6 actions running)
[514 / 901] Compiling src/bfbs_gen_nim.cpp [for tool]; 7s processwrapper-sandbox ... (6 actions, 5 running)
[527 / 901] Compiling src/bfbs_gen_nim.cpp [for tool]; 8s processwrapper-sandbox ... (6 actions, 5 running)
[537 / 901] Compiling src/bfbs_gen_nim.cpp [for tool]; 9s processwrapper-sandbox ... (6 actions, 5 running)
[550 / 901] Compiling src/bfbs_gen_nim.cpp [for tool]; 10s processwrapper-sandbox ... (7 actions, 6 running)
[562 / 901] Compiling src/bfbs_gen_nim.cpp [for tool]; 11s processwrapper-sandbox ... (8 actions, 7 running)
[582 / 901] Compiling src/idl_parser.cpp [for tool]; 3s processwrapper-sandbox ... (8 actions, 7 running)
[600 / 901] Compiling src/idl_parser.cpp [for tool]; 4s processwrapper-sandbox ... (7 actions, 6 running)
[613 / 901] Compiling src/idl_parser.cpp [for tool]; 6s processwrapper-sandbox ... (8 actions running)
[614 / 901] Compiling src/idl_parser.cpp [for tool]; 7s processwrapper-sandbox ... (8 actions, 7 running)
[618 / 901] Compiling src/idl_parser.cpp [for tool]; 8s processwrapper-sandbox ... (8 actions, 7 running)
[624 / 901] Compiling src/idl_parser.cpp [for tool]; 9s processwrapper-sandbox ... (8 actions, 7 running)
[628 / 901] Compiling src/idl_parser.cpp [for tool]; 11s processwrapper-sandbox ... (8 actions, 7 running)
[628 / 901] Compiling src/idl_parser.cpp [for tool]; 12s processwrapper-sandbox ... (8 actions running)
[629 / 901] Compiling src/idl_parser.cpp [for tool]; 13s processwrapper-sandbox ... (8 actions running)
[634 / 901] Compiling src/idl_parser.cpp [for tool]; 14s processwrapper-sandbox ... (8 actions, 7 running)
[639 / 901] Compiling src/idl_parser.cpp [for tool]; 15s processwrapper-sandbox ... (8 actions, 7 running)
[640 / 901] Compiling src/idl_parser.cpp [for tool]; 16s processwrapper-sandbox ... (8 actions, 7 running)
[645 / 901] Compiling src/idl_parser.cpp [for tool]; 18s processwrapper-sandbox ... (8 actions, 7 running)
[646 / 901] Compiling src/idl_parser.cpp [for tool]; 19s processwrapper-sandbox ... (8 actions, 7 running)
[650 / 901] Compiling src/idl_parser.cpp [for tool]; 20s processwrapper-sandbox ... (8 actions running)
[652 / 901] Compiling src/idl_parser.cpp [for tool]; 21s processwrapper-sandbox ... (8 actions running)
[654 / 901] Compiling src/idl_parser.cpp [for tool]; 22s processwrapper-sandbox ... (8 actions, 7 running)
[657 / 901] Compiling src/idl_parser.cpp [for tool]; 23s processwrapper-sandbox ... (8 actions, 7 running)
[660 / 901] Compiling src/idl_parser.cpp [for tool]; 25s processwrapper-sandbox ... (8 actions, 7 running)
[665 / 901] Compiling src/idl_parser.cpp [for tool]; 26s processwrapper-sandbox ... (8 actions running)
[672 / 901] Compiling src/idl_parser.cpp [for tool]; 27s processwrapper-sandbox ... (8 actions, 7 running)
[674 / 901] Compiling src/idl_gen_cpp.cpp [for tool]; 8s processwrapper-sandbox ... (8 actions, 7 running)
[678 / 901] Compiling src/idl_gen_cpp.cpp [for tool]; 9s processwrapper-sandbox ... (8 actions running)
[680 / 901] Compiling src/idl_gen_cpp.cpp [for tool]; 10s processwrapper-sandbox ... (8 actions running)
[681 / 901] Compiling src/idl_gen_cpp.cpp [for tool]; 14s processwrapper-sandbox ... (8 actions, 7 running)
[682 / 901] Compiling src/idl_gen_ts.cpp [for tool]; 9s processwrapper-sandbox ... (8 actions running)
[683 / 901] Compiling src/idl_gen_ts.cpp [for tool]; 15s processwrapper-sandbox ... (8 actions, 7 running)
[685 / 901] Compiling src/idl_gen_ts.cpp [for tool]; 17s processwrapper-sandbox ... (8 actions running)
[686 / 901] Compiling src/idl_gen_rust.cpp [for tool]; 16s processwrapper-sandbox ... (8 actions running)
[687 / 901] Compiling src/idl_gen_rust.cpp [for tool]; 18s processwrapper-sandbox ... (8 actions, 7 running)
[690 / 901] Compiling src/idl_gen_rust.cpp [for tool]; 20s processwrapper-sandbox ... (8 actions running)
[692 / 901] Compiling src/idl_gen_csharp.cpp [for tool]; 15s processwrapper-sandbox ... (8 actions, 7 running)
[693 / 901] Compiling src/idl_gen_csharp.cpp [for tool]; 17s processwrapper-sandbox ... (8 actions running)
[694 / 901] Compiling src/idl_gen_csharp.cpp [for tool]; 18s processwrapper-sandbox ... (8 actions running)
[696 / 901] Compiling src/idl_gen_kotlin_kmp.cpp [for tool]; 12s processwrapper-sandbox ... (8 actions running)
[697 / 901] Compiling src/idl_gen_kotlin_kmp.cpp [for tool]; 14s processwrapper-sandbox ... (8 actions, 7 running)
[697 / 901] Compiling src/idl_gen_kotlin_kmp.cpp [for tool]; 15s processwrapper-sandbox ... (8 actions running)
[698 / 901] Compiling src/idl_gen_kotlin_kmp.cpp [for tool]; 17s processwrapper-sandbox ... (8 actions, 7 running)
[698 / 901] Compiling src/idl_gen_kotlin_kmp.cpp [for tool]; 18s processwrapper-sandbox ... (8 actions running)
[703 / 901] Compiling src/idl_gen_kotlin.cpp [for tool]; 25s processwrapper-sandbox ... (3 actions running)
[705 / 901] Compiling src/idl_gen_kotlin.cpp [for tool]; 26s processwrapper-sandbox ... (3 actions, 2 running)
[709 / 901] Compiling Rust rlib zerovec v0.10.4 (57 files) [for tool]; 1s processwrapper-sandbox ... (6 actions, 2 running)
[713 / 901] Compiling Rust rlib zerovec v0.10.4 (57 files) [for tool]; 2s processwrapper-sandbox ... (2 actions running)
[715 / 901] Compiling Rust rlib serde v1.0.217 (20 files) [for tool]; 3s processwrapper-sandbox ... (3 actions, 2 running)
[716 / 901] Compiling Rust rlib serde v1.0.217 (20 files) [for tool]; 4s processwrapper-sandbox ... (2 actions running)
[718 / 901] Compiling Rust rlib semver v1.0.25 (17 files) [for tool]; 0s processwrapper-sandbox ... (6 actions, 5 running)
[723 / 901] Compiling Rust rlib icu_provider v1.5.0 (20 files) [for tool]; 1s processwrapper-sandbox ... (3 actions, 2 running)
[725 / 901] Compiling Rust rlib toml_edit v0.22.24 (58 files) [for tool]; 2s processwrapper-sandbox ... (2 actions running)
[726 / 901] Compiling Rust rlib toml_edit v0.22.24 (58 files) [for tool]; 3s processwrapper-sandbox ... (2 actions running)
[727 / 901] Compiling Rust rlib icu_properties v1.5.1 (14 files) [for tool]; 5s processwrapper-sandbox ... (2 actions, 1 running)
[728 / 901] Compiling Rust rlib toml v0.8.20 (29 files) [for tool]; 1s processwrapper-sandbox ... (2 actions running)
[730 / 901] [Prepa] Compiling Rust rlib idna_adapter v1.2.0 (1 file) [for tool]
[731 / 901] Compiling Rust rlib idna v1.0.3 (11 files) [for tool]; 0s processwrapper-sandbox
[732 / 901] Compiling Rust rlib url v2.5.4 (9 files) [for tool]; 1s processwrapper-sandbox
[733 / 901] [Prepa] Compiling Rust rlib cargo_util_schemas v0.3.1 (8 files) [for tool]
[733 / 901] Compiling Rust rlib cargo_util_schemas v0.3.1 (8 files) [for tool]; 1s processwrapper-sandbox
[734 / 901] Compiling Rust bin cargo_toml_variable_extractor (1 file) [for tool]; 1s processwrapper-sandbox
[734 / 901] Compiling Rust bin cargo_toml_variable_extractor (1 file) [for tool]; 11s processwrapper-sandbox
[748 / 901] Compiling Rust bin _bs_ (9 files) [for tool]; 0s processwrapper-sandbox ... (8 actions, 7 running)
[767 / 901] Compiling Rust rlib memchr v2.8.3 (45 files) [for tool]; 1s processwrapper-sandbox ... (8 actions, 7 running)
[777 / 901] Compiling Rust rlib memchr v2.8.3 (45 files) [for tool]; 2s processwrapper-sandbox ... (8 actions, 7 running)
[793 / 901] Running Cargo build script serde_json [for tool]; 3s processwrapper-sandbox ... (8 actions, 7 running)
[798 / 901] Running Cargo build script serde_json [for tool]; 4s processwrapper-sandbox ... (8 actions, 7 running)
[810 / 901] Compiling Rust rlib pest v2.9.2 (28 files) [for tool]; 3s processwrapper-sandbox ... (8 actions running)
[828 / 901] Compiling Rust rlib pest v2.9.2 (28 files) [for tool]; 4s processwrapper-sandbox ... (8 actions running)
[834 / 901] Compiling Rust rlib pest v2.9.2 (28 files) [for tool]; 5s processwrapper-sandbox ... (8 actions running)
[838 / 901] Compiling Rust rlib pest v2.9.2 (28 files) [for tool]; 6s processwrapper-sandbox ... (8 actions, 7 running)
[843 / 901] Compiling Rust rlib aho_corasick v1.1.5 (32 files) [for tool]; 4s processwrapper-sandbox ... (5 actions running)
[844 / 901] Compiling Rust rlib syn v2.0.119 (97 files) [for tool]; 4s processwrapper-sandbox ... (5 actions, 4 running)
[844 / 901] Compiling Rust rlib syn v2.0.119 (97 files) [for tool]; 6s processwrapper-sandbox ... (5 actions running)
[845 / 901] Compiling Rust rlib syn v2.0.119 (97 files) [for tool]; 7s processwrapper-sandbox ... (4 actions running)
[846 / 901] Compiling Rust rlib syn v3.0.6 (96 files) [for tool]; 8s processwrapper-sandbox ... (4 actions, 3 running)
[846 / 901] Compiling Rust rlib syn v3.0.6 (96 files) [for tool]; 10s processwrapper-sandbox ... (5 actions running)
[846 / 901] Compiling Rust rlib syn v3.0.6 (96 files) [for tool]; 20s processwrapper-sandbox ... (5 actions running)
[847 / 901] Compiling Rust rlib syn v3.0.6 (96 files) [for tool]; 22s processwrapper-sandbox ... (5 actions, 4 running)
[847 / 901] Compiling Rust rlib syn v3.0.6 (96 files) [for tool]; 24s processwrapper-sandbox ... (5 actions running)
[848 / 901] Compiling Rust rlib syn v3.0.6 (96 files) [for tool]; 25s processwrapper-sandbox ... (4 actions running)
[850 / 901] Compiling Rust rlib syn v3.0.6 (96 files) [for tool]; 26s processwrapper-sandbox ... (3 actions running)
[851 / 901] Compiling Rust rlib syn v3.0.6 (96 files) [for tool]; 27s processwrapper-sandbox ... (2 actions running)
[852 / 901] Compiling Rust rlib syn v3.0.6 (96 files) [for tool]; 28s processwrapper-sandbox ... (2 actions, 1 running)
[852 / 901] Compiling Rust rlib syn v3.0.6 (96 files) [for tool]; 30s processwrapper-sandbox ... (2 actions running)
[854 / 901] Compiling Rust proc-macro clap_derive v4.6.7 (16 files) [for tool]; 0s processwrapper-sandbox ... (3 actions running)
[855 / 901] Compiling Rust proc-macro clap_derive v4.6.7 (16 files) [for tool]; 2s processwrapper-sandbox ... (2 actions running)
[855 / 901] Compiling Rust proc-macro clap_derive v4.6.7 (16 files) [for tool]; 13s processwrapper-sandbox ... (2 actions running)
[856 / 901] Compiling Rust proc-macro serde_derive v1.0.229 (28 files) [for tool]; 15s processwrapper-sandbox ... (2 actions, 1 running)
[858 / 901] [Prepa] Compiling Rust rlib serde v1.0.229 (25 files) [for tool]
[858 / 901] Compiling Rust rlib serde v1.0.229 (25 files) [for tool]; 1s processwrapper-sandbox
[861 / 901] Compiling Rust rlib activity_diagram (1 file) [for tool]; 0s processwrapper-sandbox ... (6 actions running)
[865 / 901] Compiling Rust bin linker (1 file) [for tool]; 1s processwrapper-sandbox ... (7 actions, 6 running)
[868 / 901] Compiling Rust bin linker (1 file) [for tool]; 3s processwrapper-sandbox ... (5 actions running)
[870 / 901] Compiling Rust bin linker (1 file) [for tool]; 4s processwrapper-sandbox ... (3 actions running)
[871 / 901] Compiling Rust rlib puml_parser_core (4 files) [for tool]; 5s processwrapper-sandbox ... (2 actions running)
[872 / 901] Compiling Rust rlib puml_parser_core (4 files) [for tool]; 12s processwrapper-sandbox ... (2 actions, 1 running)
[872 / 901] Compiling Rust rlib puml_parser_core (4 files) [for tool]; 14s processwrapper-sandbox ... (2 actions running)
[873 / 901] Compiling Rust rlib puml_parser_core (4 files) [for tool]; 16s processwrapper-sandbox
[873 / 901] Compiling Rust rlib puml_parser_core (4 files) [for tool]; 27s processwrapper-sandbox
[874 / 901] [Prepa] Compiling Rust rlib puml_parser_sequence (3 files) [for tool] ... (6 actions, 0 running)
[874 / 901] Compiling Rust rlib puml_parser_activity (4 files) [for tool]; 1s processwrapper-sandbox ... (6 actions running)
[875 / 901] Compiling Rust rlib procedure_preprocessor (4 files) [for tool]; 4s processwrapper-sandbox ... (6 actions, 5 running)
[876 / 901] Compiling Rust rlib procedure_preprocessor (4 files) [for tool]; 6s processwrapper-sandbox ... (5 actions running)
[877 / 901] Compiling Rust rlib puml_parser_component (3 files) [for tool]; 7s processwrapper-sandbox ... (5 actions, 4 running)
[878 / 901] Compiling Rust rlib puml_parser_component (3 files) [for tool]; 9s processwrapper-sandbox ... (4 actions running)
[879 / 901] Compiling Rust rlib puml_parser_sequence (3 files) [for tool]; 13s processwrapper-sandbox ... (4 actions, 3 running)
[882 / 901] Compiling Rust rlib puml_parser_class (5 files) [for tool]; 15s processwrapper-sandbox ... (3 actions running)
[884 / 901] Compiling Rust rlib puml_parser_class (5 files) [for tool]; 17s processwrapper-sandbox
[886 / 901] Compiling Rust rlib puml_resolver_class (2 files) [for tool]; 0s processwrapper-sandbox
[887 / 901] [Prepa] Compiling Rust rlib puml_resolver (1 file) [for tool]
[888 / 901] Compiling Rust bin puml_cli (1 file) [for tool]; 1s processwrapper-sandbox
[889 / 901] [Prepa] Parsing PlantUML diagram: score/config_management/dependability/software_architectural_design/static_design.puml
INFO: From Running dependable-element validation: config_management_index:
[2026-10-07T14:19:42Z WARN  validation_cli::report] Verification FAILED (2 error(s)):
    
      [1] Extra unit in PlantUML not in Bazel:
    Alias          : "config_daemon_app_unit"
    Parent         : config_daemon_component
    Action         : Remove this unit or add to Bazel
    
      [2] Extra unit in PlantUML not in Bazel:
    Alias          : "config_provider_details_unit"
    Parent         : config_provider_component
    Action         : Remove this unit or add to Bazel
[899 / 901] Building HTML: config_management_doc; 1s processwrapper-sandbox
[899 / 901] Building HTML: config_management_doc; 11s processwrapper-sandbox
INFO: From Building HTML: config_management_doc:
[SPHINX_STDERR]: WARNING: score_metamodel not available; using minimal needs_types fallback
[SPHINX_STDERR]: WARNING: dot code 'digraph tracing_policy {\n   rankdir=TB;\n   node [shape=box, style=filled, fontname="Helvetica", margin="0.3,0.1"];\n   edge [arrowhead=open];\n\n   "Feature Requirements" [fillcolor="#2196F3", fontcolor="white"];\n   "Forwarded AoUs" [fillcolor="#2196F3", fontcolor="white"];\n   "Component Requirements" [fillcolor="#2196F3", fontcolor="white"];\n   "Unit Test" [fillcolor="#FF9800", fontcolor="white"];\n   "Architecture" [fillcolor="#4CAF50", fontcolor="white"];\n   "Public API" [fillcolor="#4CAF50", fontcolor="white"];\n   "Failure Modes" [fillcolor="#2196F3", fontcolor="white"];\n   "Control Measures" [fillcolor="#2196F3", fontcolor="white"];\n   "Root Causes" [fillcolor="#FF9800", fontcolor="white"];\n   "Component Requirements" -> "Feature Requirements";\n   "Architecture" -> "Component Requirements";\n   "Failure Modes" -> "Public API";\n   "Root Causes" -> "Failure Modes";\n   "Root Causes" -> "Control Measures";\n}': dot exited with error:
[stderr]
b'Error: Could not open "/media/jefferson/11c42dee-73a3-4c2b-ab42-a0440011d9e0/.s-core-build/runs/score-communication-followup-pivi6gt7/bazel-output/b657b5ff18becf5f09f49fcbb33c430b/sandbox/processwrapper-sandbox/442/execroot/_main/bazel-out/k8-fastbuild/bin/score/config_management/dependability/config_management_doc/_html/_images/graphviz-934b0c5317ded99e191d12061066b73beb0dde68.svg" for writing : No such file or directory\n'
[stdout]
b''
[900 / 901] [Prepa] Merging HTML with dependencies for config_management_doc
INFO: Found 3 targets...
Target //score/config_management/dependability:config_management up-to-date:
  bazel-bin/score/config_management/dependability/config_management_doc/html
  bazel-bin/score/config_management/dependability/config_management_index_report.json
  bazel-bin/score/config_management/dependability/config_management_index_report.html
INFO: Elapsed time: 1434.544s, Critical Path: 233.19s
INFO: 901 processes: 458 internal, 439 processwrapper-sandbox, 4 worker.
INFO: Build completed successfully, 901 total actions
