OpenJDK 64-Bit Server VM warning: Options -Xverify:none and -noverify were deprecated in JDK 13 and will likely be removed in a future release.
Computing main repo mapping: 
Computing main repo mapping: 
Computing main repo mapping: 
Computing main repo mapping: 
Computing main repo mapping: 
Computing main repo mapping: 
Loading: 
Loading: 5 packages loaded
Analyzing: target //quality/static_analysis:codeql_lint (6 packages loaded, 0 targets configured)
Analyzing: target //quality/static_analysis:codeql_lint (6 packages loaded, 0 targets configured)

Analyzing: target //quality/static_analysis:codeql_lint (41 packages loaded, 10 targets configured)

Analyzing: target //quality/static_analysis:codeql_lint (157 packages loaded, 1108 targets configured)

Analyzing: target //quality/static_analysis:codeql_lint (168 packages loaded, 6253 targets configured)

Analyzing: target //quality/static_analysis:codeql_lint (173 packages loaded, 13316 targets configured)

Analyzing: target //quality/static_analysis:codeql_lint (200 packages loaded, 19917 targets configured)

INFO: Analyzed target //quality/static_analysis:codeql_lint (201 packages loaded, 50723 targets configured).
[25 / 29] checking cached actions
INFO: Found 1 target...
Target //quality/static_analysis:codeql_lint up-to-date:
  bazel-bin/quality/static_analysis/codeql_lint
INFO: Elapsed time: 25.125s, Critical Path: 0.67s
INFO: 1 process: 29 action cache hit, 1 internal.
INFO: Build completed successfully, 1 total action
INFO: Running command line: bazel-bin/quality/static_analysis/codeql_lint '--codeql_path=../+_repo_rules4+codeql_bundle/codeql_cli' '--config_path=quality/static_analysis/config.yaml' '--analysis_report_path=../+_repo_rules4+codeql_coding_standards/analysis_report' '--guideline_recategorize_path=../+_repo_rules4+codeql_coding_standards/guideline_recategorize' <args omitted>
Calculating baseline information in /media/jefferson/11c42dee-73a3-4c2b-ab42-a0440011d9e0/.s-core-build/runs/score-communication-followup-pivi6gt7/candidate
Running command in /media/jefferson/11c42dee-73a3-4c2b-ab42-a0440011d9e0/.s-core-build/runs/score-communication-followup-pivi6gt7/candidate: [/media/jefferson/11c42dee-73a3-4c2b-ab42-a0440011d9e0/.s-core-build/runs/score-communication-followup-pivi6gt7/bazel-output/4b9334f3199c06dc7413ff31e3d2964d/external/+_repo_rules4+codeql_bundle/codeql/javascript/tools/configure-baseline.sh]
Calculated baseline information for languages: cpp, javascript, python (181ms).
Resolving extractor cpp.
Successfully loaded extractor C/C++ (cpp) from /media/jefferson/11c42dee-73a3-4c2b-ab42-a0440011d9e0/.s-core-build/runs/score-communication-followup-pivi6gt7/bazel-output/4b9334f3199c06dc7413ff31e3d2964d/external/+_repo_rules4+codeql_bundle/codeql/cpp.
Created skeleton CodeQL database at /media/jefferson/11c42dee-73a3-4c2b-ab42-a0440011d9e0/.s-core-build/runs/score-communication-followup-pivi6gt7/build-error-db-six-helpers. This in-progress database is ready to be populated by an extractor.
WARNING: ignoring LD_PRELOAD in environment.
OpenJDK 64-Bit Server VM warning: Options -Xverify:none and -noverify were deprecated in JDK 13 and will likely be removed in a future release.
Computing main repo mapping: 
Computing main repo mapping: 
Loading: 
Loading: 5 packages loaded
Analyzing: target @@+_repo_rules4+codeql_coding_standards//:process_coding_standards_config (6 packages loaded, 0 targets configured)
Analyzing: target @@+_repo_rules4+codeql_coding_standards//:process_coding_standards_config (6 packages loaded, 0 targets configured)

Analyzing: target @@+_repo_rules4+codeql_coding_standards//:process_coding_standards_config (44 packages loaded, 10 targets configured)

Analyzing: target @@+_repo_rules4+codeql_coding_standards//:process_coding_standards_config (160 packages loaded, 3162 targets configured)

INFO: Analyzed target @@+_repo_rules4+codeql_coding_standards//:process_coding_standards_config (176 packages loaded, 11301 targets configured).
[1 / 1] no actions running
INFO: Found 1 target...
Target @@+_repo_rules4+codeql_coding_standards//:process_coding_standards_config up-to-date:
  bazel-bin/external/+_repo_rules4+codeql_coding_standards/process_coding_standards_config
INFO: Elapsed time: 8.537s, Critical Path: 0.06s
INFO: 1 process: 10 action cache hit, 1 internal.
INFO: Build completed successfully, 1 total action
INFO: Running command line: bazel-bin/external/+_repo_rules4+codeql_coding_standards/process_coding_standards_config <args omitted>
Scanning for files in /media/jefferson/11c42dee-73a3-4c2b-ab42-a0440011d9e0/.s-core-build/runs/score-communication-followup-pivi6gt7/candidate...
/media/jefferson/11c42dee-73a3-4c2b-ab42-a0440011d9e0/.s-core-build/runs/score-communication-followup-pivi6gt7/build-error-db-six-helpers: Indexing files in in /media/jefferson/11c42dee-73a3-4c2b-ab42-a0440011d9e0/.s-core-build/runs/score-communication-followup-pivi6gt7/candidate...
Running command in /media/jefferson/11c42dee-73a3-4c2b-ab42-a0440011d9e0/.s-core-build/runs/score-communication-followup-pivi6gt7/candidate: [/media/jefferson/11c42dee-73a3-4c2b-ab42-a0440011d9e0/.s-core-build/runs/score-communication-followup-pivi6gt7/bazel-output/4b9334f3199c06dc7413ff31e3d2964d/external/+_repo_rules4+codeql_bundle/codeql/xml/tools/index-files.sh, /media/jefferson/11c42dee-73a3-4c2b-ab42-a0440011d9e0/.s-core-build/runs/score-communication-followup-pivi6gt7/build-error-db-six-helpers/working/files-to-index10709099541633289009.list]
WARNING: ignoring LD_PRELOAD in environment.
OpenJDK 64-Bit Server VM warning: Options -Xverify:none and -noverify were deprecated in JDK 13 and will likely be removed in a future release.
Computing main repo mapping: 
Computing main repo mapping: 
Loading: 
Loading: 5 packages loaded
Analyzing: 3 targets (7 packages loaded, 0 targets configured)
Analyzing: 3 targets (7 packages loaded, 0 targets configured)

Analyzing: 3 targets (38 packages loaded, 34 targets configured)

Analyzing: 3 targets (113 packages loaded, 131 targets configured)

Analyzing: 3 targets (164 packages loaded, 1975 targets configured)

Analyzing: 3 targets (186 packages loaded, 6663 targets configured)

WARNING: /media/jefferson/11c42dee-73a3-4c2b-ab42-a0440011d9e0/.s-core-build/runs/score-communication-followup-pivi6gt7/candidate/MODULE.bazel:196:20: The module extension apt defined in @rules_distroless//apt:extensions.bzl reported incorrect imports of repositories via use_repo():

Imported, but reported as indirect dependencies by the extension:
    ubuntu24_04_sysroot_resolve

Fix the use_repo calls by running 'bazel mod tidy'.
Analyzing: 3 targets (188 packages loaded, 15726 targets configured)
[1 / 1] no actions running
INFO: Analyzed 3 targets (188 packages loaded, 15726 targets configured).
[19 / 51] checking cached actions
[19 / 51] [Prepa] Expanding template external/toolchains_llvm++llvm+llvm_toolchain/module-x86_64-linux.modulemap
[20 / 51] checking cached actions
[20 / 52] [Prepa] Writing file score/mw/com/impl/util/test/arithmetic_utils_multiplication_build_error_test__0/p_cem/compile_stderr/0
[22 / 52] checking cached actions
[22 / 52] [Scann] Compiling score/mw/com/impl/util/arithmetic_utils.cpp ... (5 actions, 0 running)
[22 / 52] Compiling score/mw/com/impl/util/arithmetic_utils.cpp; 1s processwrapper-sandbox ... (8 actions running)
[25 / 52] Compiling score/language/futurecpp/src/memory_resource.cpp; 3s processwrapper-sandbox ... (6 actions, 5 running)
[31 / 52] Compiling score/language/futurecpp/src/memory_resource.cpp; 4s processwrapper-sandbox ... (8 actions, 7 running)
[37 / 52] Compiling score/language/futurecpp/src/memory_resource.cpp; 5s processwrapper-sandbox ... (8 actions, 7 running)
INFO: From Compiling score/mw/com/impl/com_error.cpp:
In file included from score/mw/com/impl/com_error.cpp:13:
./score/mw/com/impl/com_error.h:186:65: warning: 'kServiceInstanceAlreadyOffered' is deprecated: Value has never been used. Calls to OfferService shall be idempotent. [-Wdeprecated-declarations]
  186 |             case static_cast<score::result::ErrorCode>(ComErrc::kServiceInstanceAlreadyOffered):
      |                                                                 ^
./score/mw/com/impl/com_error.h:58:11: note: 'kServiceInstanceAlreadyOffered' has been explicitly marked deprecated here
   58 |         [[deprecated("Value has never been used. Calls to OfferService shall be idempotent.")]],
      |           ^
1 warning generated.
[49 / 52] Compiling score/language/futurecpp/src/string.cpp; 2s processwrapper-sandbox ... (3 actions running)
INFO: Found 3 targets...
INFO: Elapsed time: 43.871s, Critical Path: 6.41s
INFO: 52 processes: 23 internal, 29 processwrapper-sandbox.
INFO: Build completed successfully, 52 total actions
Running pre-finalize script /media/jefferson/11c42dee-73a3-4c2b-ab42-a0440011d9e0/.s-core-build/runs/score-communication-followup-pivi6gt7/bazel-output/4b9334f3199c06dc7413ff31e3d2964d/external/+_repo_rules4+codeql_bundle/codeql/cpp/tools/pre-finalize.sh in /media/jefferson/11c42dee-73a3-4c2b-ab42-a0440011d9e0/.s-core-build/runs/score-communication-followup-pivi6gt7/candidate.
Running command in /media/jefferson/11c42dee-73a3-4c2b-ab42-a0440011d9e0/.s-core-build/runs/score-communication-followup-pivi6gt7/candidate: [/media/jefferson/11c42dee-73a3-4c2b-ab42-a0440011d9e0/.s-core-build/runs/score-communication-followup-pivi6gt7/bazel-output/4b9334f3199c06dc7413ff31e3d2964d/external/+_repo_rules4+codeql_bundle/codeql/cpp/tools/pre-finalize.sh]
Running TRAP import for CodeQL database at /media/jefferson/11c42dee-73a3-4c2b-ab42-a0440011d9e0/.s-core-build/runs/score-communication-followup-pivi6gt7/build-error-db-six-helpers...
Grouping TRAP files by link target
Grouping unlinked TRAP files together
Scanning TRAP files
Importing TRAP files
Merging relations
Finished writing database (relations: 3.68 MiB; string pool: 4.78 MiB).
TRAP import complete (7.3s).
Finished zipping source archive (1.21 MiB).
