OpenJDK 64-Bit Server VM warning: Options -Xverify:none and -noverify were deprecated in JDK 13 and will likely be removed in a future release.
Computing main repo mapping: 
Computing main repo mapping: 
Computing main repo mapping: 
Computing main repo mapping: 
Computing main repo mapping: 
Computing main repo mapping: 
Computing main repo mapping: 
Computing main repo mapping: 
Computing main repo mapping: 
Loading: 
Loading: 5 packages loaded
Analyzing: 269 targets (30 packages loaded, 0 targets configured)
Analyzing: 269 targets (59 packages loaded, 12 targets configured)
Analyzing: 269 targets (85 packages loaded, 12 targets configured)
Analyzing: 269 targets (171 packages loaded, 552 targets configured)
Analyzing: 269 targets (242 packages loaded, 4329 targets configured)
WARNING: /media/jefferson/11c42dee-73a3-4c2b-ab42-a0440011d9e0/.s-core-build/runs/score-communication-followup-pivi6gt7/candidate/MODULE.bazel:196:20: The module extension apt defined in @rules_distroless//apt:extensions.bzl reported incorrect imports of repositories via use_repo():

Imported, but reported as indirect dependencies by the extension:
    ubuntu24_04_sysroot_resolve

Fix the use_repo calls by running 'bazel mod tidy'.
Analyzing: 269 targets (262 packages loaded, 13749 targets configured)
INFO: Analyzed 269 targets (262 packages loaded, 14107 targets configured).
INFO: Found 269 targets...
 no actions running
INFO: Elapsed time: 22.429s, Critical Path: 0.00s
INFO: 0 processes.
INFO: Build completed successfully, 0 total actions
