OpenJDK 64-Bit Server VM warning: Options -Xverify:none and -noverify were deprecated in JDK 13 and will likely be removed in a future release.
Computing main repo mapping: 
Computing main repo mapping: 
Computing main repo mapping: 
Computing main repo mapping: 
Computing main repo mapping: 
Computing main repo mapping: 
Computing main repo mapping: 
Computing main repo mapping: 
Computing main repo mapping: 
Computing main repo mapping: 
Computing main repo mapping: 
Loading: 
Loading: 5 packages loaded
Analyzing: 2 targets (7 packages loaded)
Analyzing: 2 targets (7 packages loaded, 0 targets configured)
Analyzing: 2 targets (20 packages loaded, 8 targets configured)
Analyzing: 2 targets (38 packages loaded, 8 targets configured)
Analyzing: 2 targets (98 packages loaded, 8 targets configured)
Analyzing: 2 targets (106 packages loaded, 372 targets configured)
Analyzing: 2 targets (158 packages loaded, 1183 targets configured)
Analyzing: 2 targets (191 packages loaded, 3552 targets configured)
WARNING: /media/jefferson/11c42dee-73a3-4c2b-ab42-a0440011d9e0/.s-core-build/runs/score-communication-followup-pivi6gt7/candidate/MODULE.bazel:196:20: The module extension apt defined in @rules_distroless//apt:extensions.bzl reported incorrect imports of repositories via use_repo():

Imported, but reported as indirect dependencies by the extension:
    ubuntu24_04_sysroot_resolve

Fix the use_repo calls by running 'bazel mod tidy'.
Analyzing: 2 targets (259 packages loaded, 4600 targets configured)
DEBUG: Rule 'score_baselibs++_repo_rules+acl-deb' indicated that a canonical reproducible form can be obtained by modifying arguments integrity = "sha256-5AjUxw54AQdOpFkYAgilQtVPVjibpIU3BDTy0A6VCYA=" and dropping ["visibility"]
DEBUG: Repository score_baselibs++_repo_rules+acl-deb instantiated at:
  <builtin>: in <toplevel>
Repository rule deb defined at:
  /media/jefferson/11c42dee-73a3-4c2b-ab42-a0440011d9e0/.s-core-build/runs/score-communication-followup-pivi6gt7/bazel-output/4b9334f3199c06dc7413ff31e3d2964d/external/download_utils+/download/deb/repository.bzl:78:22: in <toplevel>
Analyzing: 2 targets (260 packages loaded, 4603 targets configured)
Analyzing: 2 targets (260 packages loaded, 4603 targets configured)
Analyzing: 2 targets (260 packages loaded, 4603 targets configured)
Analyzing: 2 targets (260 packages loaded, 4603 targets configured)
Analyzing: 2 targets (260 packages loaded, 4603 targets configured)
Analyzing: 2 targets (260 packages loaded, 4603 targets configured)
Analyzing: 2 targets (260 packages loaded, 4603 targets configured)
Analyzing: 2 targets (260 packages loaded, 4603 targets configured)
Analyzing: 2 targets (260 packages loaded, 4603 targets configured)
Analyzing: 2 targets (260 packages loaded, 4603 targets configured)
Analyzing: 2 targets (260 packages loaded, 4603 targets configured)
Analyzing: 2 targets (260 packages loaded, 4603 targets configured)
Analyzing: 2 targets (260 packages loaded, 4603 targets configured)
Analyzing: 2 targets (260 packages loaded, 4603 targets configured)
Analyzing: 2 targets (260 packages loaded, 4603 targets configured)
Analyzing: 2 targets (260 packages loaded, 4603 targets configured)
Analyzing: 2 targets (260 packages loaded, 4603 targets configured)
Analyzing: 2 targets (260 packages loaded, 4603 targets configured)
Analyzing: 2 targets (260 packages loaded, 4603 targets configured)
Analyzing: 2 targets (260 packages loaded, 4603 targets configured)
Analyzing: 2 targets (260 packages loaded, 4603 targets configured)
Analyzing: 2 targets (260 packages loaded, 4603 targets configured)
Analyzing: 2 targets (260 packages loaded, 4603 targets configured)
Analyzing: 2 targets (260 packages loaded, 4603 targets configured)
Analyzing: 2 targets (260 packages loaded, 4603 targets configured)
Analyzing: 2 targets (260 packages loaded, 4603 targets configured)
Analyzing: 2 targets (260 packages loaded, 4603 targets configured)
Analyzing: 2 targets (260 packages loaded, 4603 targets configured)
Analyzing: 2 targets (260 packages loaded, 4603 targets configured)
Analyzing: 2 targets (260 packages loaded, 4603 targets configured)
Analyzing: 2 targets (260 packages loaded, 4603 targets configured)
Analyzing: 2 targets (260 packages loaded, 4603 targets configured)
Analyzing: 2 targets (260 packages loaded, 4603 targets configured)
Analyzing: 2 targets (260 packages loaded, 4603 targets configured)
Analyzing: 2 targets (260 packages loaded, 4603 targets configured)
Analyzing: 2 targets (260 packages loaded, 4603 targets configured)
Analyzing: 2 targets (260 packages loaded, 4603 targets configured)
Analyzing: 2 targets (260 packages loaded, 4603 targets configured)
Analyzing: 2 targets (260 packages loaded, 4603 targets configured)
Analyzing: 2 targets (260 packages loaded, 4603 targets configured)
Analyzing: 2 targets (260 packages loaded, 4603 targets configured)
Analyzing: 2 targets (260 packages loaded, 4603 targets configured)
Analyzing: 2 targets (260 packages loaded, 4603 targets configured)
Analyzing: 2 targets (260 packages loaded, 4603 targets configured)
Analyzing: 2 targets (260 packages loaded, 4603 targets configured)
Analyzing: 2 targets (260 packages loaded, 4603 targets configured)
Analyzing: 2 targets (261 packages loaded, 4609 targets configured)
Analyzing: 2 targets (261 packages loaded, 4609 targets configured)
Analyzing: 2 targets (262 packages loaded, 13646 targets configured)
INFO: Analyzed 2 targets (262 packages loaded, 14106 targets configured).
 no actions running
INFO: Found 2 targets...
INFO: Elapsed time: 532.845s, Critical Path: 0.00s
INFO: 0 processes.
INFO: Build completed successfully, 0 total actions
