OpenJDK 64-Bit Server VM warning: Options -Xverify:none and -noverify were deprecated in JDK 13 and will likely be removed in a future release.
Computing main repo mapping: 
Computing main repo mapping: 
Computing main repo mapping: 
Computing main repo mapping: 
Computing main repo mapping: 
Computing main repo mapping: 
Computing main repo mapping: 
Computing main repo mapping: 
Computing main repo mapping: 
Computing main repo mapping: 
Computing main repo mapping: 
Computing main repo mapping: 
Loading: 
Loading: 5 packages loaded
Analyzing: target //tools/lint/buildifier:buildifier_lint (6 packages loaded, 0 targets configured)
Analyzing: target //tools/lint/buildifier:buildifier_lint (6 packages loaded, 0 targets configured)

Analyzing: target //tools/lint/buildifier:buildifier_lint (31 packages loaded, 10 targets configured)

Analyzing: target //tools/lint/buildifier:buildifier_lint (100 packages loaded, 10 targets configured)

Analyzing: target //tools/lint/buildifier:buildifier_lint (159 packages loaded, 1447 targets configured)

Analyzing: target //tools/lint/buildifier:buildifier_lint (173 packages loaded, 11243 targets configured)

INFO: Analyzed target //tools/lint/buildifier:buildifier_lint (176 packages loaded, 11282 targets configured).
[11 / 11] no actions running
INFO: Found 1 target...
Target //tools/lint/buildifier:buildifier_lint up-to-date:
  bazel-bin/tools/lint/buildifier/buildifier_lint
INFO: Elapsed time: 40.763s, Critical Path: 0.40s
INFO: 10 processes: 1 action cache hit, 10 internal.
INFO: Build completed successfully, 10 total actions
INFO: Running command line: bazel-bin/tools/lint/buildifier/buildifier_lint <args omitted>
