Running main() from gmock_main.cc
[==========] 42 tests from 1 test suite ran. (305 ms total)
[  PASSED  ] 42 tests.
Running main() from gmock_main.cc
StateCallback 0
StateCallback 1
StateCallback Ready 
RefusingConnectCallback
StateCallback 2
StateCallback Stopping 4
StateCallback 3
StateCallback Stopped 4
StateCallback 0
StateCallback 1
StateCallback Ready 
RefusingConnectCallback
StateCallback 2
StateCallback Stopping 4
StateCallback 3
StateCallback Stopped 4
StateCallback 0
StateCallback 1
StateCallback Ready 
RefusingConnectCallback
StateCallback 2
StateCallback Stopping 4
StateCallback 3
StateCallback Stopped 4
StateCallback 0
StateCallback 1
StateCallback Ready 
RefusingConnectCallback
StateCallback 2
StateCallback Stopping 4
StateCallback 3
StateCallback Stopped 4
StateCallback 0
StateCallback 1
StateCallback Ready 
RefusingConnectCallback
StateCallback 2
StateCallback Stopping 4
StateCallback 3
StateCallback Stopped 4
StateCallback 0
StateCallback 1
StateCallback Ready 
RefusingConnectCallback
StateCallback 2
StateCallback Stopping 4
StateCallback 3
StateCallback Stopped 4
StateCallback 0
StateCallback 1
StateCallback Ready 
RefusingConnectCallback
StateCallback 2
StateCallback Stopping 4
StateCallback 3
StateCallback Stopped 4
StateCallback 0
StateCallback 1
StateCallback Ready 
RefusingConnectCallback
StateCallback 2
StateCallback Stopping 4
StateCallback 3
StateCallback Stopped 4
StateCallback 0
StateCallback 1
StateCallback Ready 
RefusingConnectCallback
StateCallback 2
StateCallback Stopping 4
StateCallback 3
StateCallback Stopped 4
StateCallback 0
StateCallback 1
StateCallback Ready 
RefusingConnectCallback
StateCallback 2
StateCallback Stopping 4
StateCallback 3
StateCallback Stopped 4
StateCallback 0
StateCallback 1
StateCallback Ready 
RefusingConnectCallback
StateCallback 2
StateCallback Stopping 4
StateCallback 3
StateCallback Stopped 4
StateCallback 0
StateCallback 1
StateCallback Ready 
RefusingConnectCallback
StateCallback 2
StateCallback Stopping 4
StateCallback 3
StateCallback Stopped 4
StateCallback 0
StateCallback 1
StateCallback Ready 
RefusingConnectCallback
StateCallback 2
StateCallback Stopping 4
StateCallback 3
StateCallback Stopped 4
StateCallback 0
StateCallback 1
StateCallback Ready 
RefusingConnectCallback
StateCallback 2
StateCallback Stopping 4
StateCallback 3
StateCallback Stopped 4
StateCallback 0
StateCallback 1
StateCallback Ready 
EchoConnectCallback 0x7c0908001920
StateCallback 2
StateCallback Stopping 2
EchoDisconnectCallback 0x7c0908001920
StateCallback 3
StateCallback Stopped 2
StateCallback 0
StateCallback 1
StateCallback Ready 
EchoConnectCallback StateCallback 0x2
StateCallback Stopping 0x2
0x7c0908001d30
StateCallback 3
StateCallback Stopped 2
EchoDisconnectCallback 0x7c0908001d30
StateCallback 0
StateCallback 1
StateCallback Ready 
EchoConnectCallback 0x7c0900001800
EchoSentWithReplyCallback 0x7c0900001800
EchoSentWithReplyCallback 0x7c0900001800
StateCallback 2
StateCallback Stopping 2
EchoDisconnectCallback 0x7c0900001800
StateCallback 3
StateCallback Stopped 2
StateCallback 0
StateCallback 1
StateCallback Ready 
EchoConnectCallback 0x7c0900001c70
EchoSentWithReplyCallback 0x7c0900001c70
EchoSentWithReplyCallback 0x7c0900001c70
StateCallback 2
StateCallback Stopping 2
StateCallback 3
StateCallback Stopped 2
EchoDisconnectCallback 0x7c0900001c70
StateCallback 0
StateCallback 1
StateCallback Ready 
EchoConnectCallback 0x7c0908001920
EchoSentWithReplyCallback 0x7c0908001920
EchoSentWithReplyCallback 0x7c0908001920
StateCallback 2
StateCallback Stopping 2
StateCallback 3
StateCallback Stopped 2
StateCallback 0
EchoDisconnectCallback 0x7c0908001920
StateCallback 1
StateCallback Ready 
EchoConnectCallback 0x7c0908001920
EchoSentWithReplyCallback 0x7c0908001920
EchoSentWithReplyCallback 0x7c0908001920
StateCallback 2
StateCallback Stopping 2
EchoDisconnectCallback StateCallback 0x7c09080019200x3

StateCallback Stopped 2
StateCallback 0
StateCallback 1
StateCallback Ready 
EchoConnectCallback 0x7c0908001d30
EchoSentWithReplyCallback 0x7c0908001d30
EchoSentWithReplyCallback 0x7c0908001d30
StateCallback 2
StateCallback Stopping 2
StateCallback 3
StateCallback Stopped 2
EchoDisconnectCallback 0x7c0908001d30
StateCallback 0
StateCallback 1
StateCallback Ready 
EchoConnectCallback 0x7c0908001d30
EchoSentWithReplyCallback 0x7c0908001d30
EchoSentWithReplyCallback 0x7c0908001d30
StateCallback 2
StateCallback Stopping 2
StateCallback 3
StateCallback Stopped 2
EchoDisconnectCallback 0x7c0908001d30
[==========] 17 tests from 2 test suites ran. (612 ms total)
[  PASSED  ] 17 tests.
Written output for 17 items to bazel-out/k8-fastbuild/bin/score/message_passing/dependability/dispatch.lobster
Written output for 42 items to bazel-out/k8-fastbuild/bin/score/message_passing/dependability/component_message_passing.lobster
lobster-trlc: wrote 11 items to bazel-out/k8-fastbuild/bin/score/message_passing/dependability/requirements/feature_requirements.lobster
lobster-trlc: wrote 29 items to bazel-out/k8-fastbuild/bin/score/message_passing/dependability/requirements/component_requirements.lobster
lobster-trlc: wrote 8 items to bazel-out/k8-fastbuild/bin/score/message_passing/dependability/safety_analysis/message_passing_safety_analysis/failuremodes.lobster
Generated 4 RST files with 61 API items
lobster-trlc: wrote 0 items to bazel-out/k8-fastbuild/bin/score/message_passing/dependability/safety_analysis/message_passing_safety_analysis/safetymeasures.lobster
lobster-trlc: wrote 27 items to bazel-out/k8-fastbuild/bin/score/message_passing/dependability/safety_analysis/message_passing_safety_analysis/fta_root_causes.lobster
lobster-trlc: wrote 2 items to bazel-out/k8-fastbuild/bin/score/message_passing/dependability/assumed_system/assumed_system_requirements.lobster
LOBSTER RST report written to bazel-out/k8-fastbuild/bin/score/message_passing/dependability/dependable_element_message_passing_index/traceability_report/ (9 files)
