OpenJDK 64-Bit Server VM warning: Options -Xverify:none and -noverify were deprecated in JDK 13 and will likely be removed in a future release.
Computing main repo mapping: 
Computing main repo mapping: 
Computing main repo mapping: 
Computing main repo mapping: 
Computing main repo mapping: 
Computing main repo mapping: 
Computing main repo mapping: 
Loading: 
Loading: 5 packages loaded
WARNING: /media/jefferson/11c42dee-73a3-4c2b-ab42-a0440011d9e0/.s-core-build/runs/score-communication-followup-pivi6gt7/candidate/score/memory/shared/BUILD:437:11: target '//score/memory/shared:types' is deprecated: This aggregation target is deprecated and pulls in the unmaintained/broken ':map' target on some platforms. Depend directly on the specific score/memory/shared sub-targets you need (e.g. ':offset_ptr', ':vector', ':string', ...) instead.
WARNING: /media/jefferson/11c42dee-73a3-4c2b-ab42-a0440011d9e0/.s-core-build/runs/score-communication-followup-pivi6gt7/candidate/score/mw/service/BUILD:269:24: target '//score/mw/service:clang_tidy_extra_checks' is deprecated: NOT YET SUPPORTED
WARNING: /media/jefferson/11c42dee-73a3-4c2b-ab42-a0440011d9e0/.s-core-build/runs/score-communication-followup-pivi6gt7/candidate/third_party/codeql/BUILD:15:25: target '//third_party/codeql:pip_requirements_test' is deprecated: Use 'pip_requirements.test' instead. The '*_test' target will be removed in the next major release.
WARNING: /media/jefferson/11c42dee-73a3-4c2b-ab42-a0440011d9e0/.s-core-build/runs/score-communication-followup-pivi6gt7/candidate/tools/review-checklists/BUILD:15:25: target '//tools/review-checklists:requirements_test' is deprecated: Use 'requirements.test' instead. The '*_test' target will be removed in the next major release.
WARNING: /media/jefferson/11c42dee-73a3-4c2b-ab42-a0440011d9e0/.s-core-build/runs/score-communication-followup-pivi6gt7/candidate/BUILD:43:25: target '//:pip_requirements_test' is deprecated: Use 'pip_requirements.test' instead. The '*_test' target will be removed in the next major release.
Analyzing: 6016 targets (312 packages loaded, 0 targets configured)
Analyzing: 6016 targets (365 packages loaded, 825 targets configured)
Analyzing: 6016 targets (399 packages loaded, 1181 targets configured)
WARNING: /media/jefferson/11c42dee-73a3-4c2b-ab42-a0440011d9e0/.s-core-build/runs/score-communication-followup-pivi6gt7/candidate/MODULE.bazel:196:20: The module extension apt defined in @rules_distroless//apt:extensions.bzl reported incorrect imports of repositories via use_repo():

Imported, but reported as indirect dependencies by the extension:
    ubuntu24_04_sysroot_resolve

Fix the use_repo calls by running 'bazel mod tidy'.
Analyzing: 6016 targets (448 packages loaded, 1469 targets configured)
Analyzing: 6016 targets (478 packages loaded, 2164 targets configured)
Analyzing: 6016 targets (523 packages loaded, 12034 targets configured)
Analyzing: 6016 targets (578 packages loaded, 27845 targets configured)
Analyzing: 6016 targets (592 packages loaded, 28273 targets configured)
Analyzing: 6016 targets (620 packages loaded, 30777 targets configured)
Analyzing: 6016 targets (712 packages loaded, 37756 targets configured)
Analyzing: 6016 targets (850 packages loaded, 44292 targets configured)
Analyzing: 6016 targets (970 packages loaded, 47148 targets configured)
Analyzing: 6016 targets (1109 packages loaded, 52139 targets configured)
Analyzing: 6016 targets (1163 packages loaded, 53126 targets configured)
WARNING: /media/jefferson/11c42dee-73a3-4c2b-ab42-a0440011d9e0/.s-core-build/runs/score-communication-followup-pivi6gt7/candidate/score/mw/com/test/api/BUILD:18:11: in cc_library rule //score/mw/com/test/api:api: target '//score/mw/com/test/api:api' depends on deprecated target '//score/memory/shared:types': This aggregation target is deprecated and pulls in the unmaintained/broken ':map' target on some platforms. Depend directly on the specific score/memory/shared sub-targets you need (e.g. ':offset_ptr', ':vector', ':string', ...) instead.
Analyzing: 6016 targets (1252 packages loaded, 55427 targets configured)
Analyzing: 6016 targets (1392 packages loaded, 68178 targets configured)
Analyzing: 6016 targets (1558 packages loaded, 99710 targets configured)
Analyzing: 6016 targets (1643 packages loaded, 104606 targets configured)
DEBUG: /media/jefferson/11c42dee-73a3-4c2b-ab42-a0440011d9e0/.s-core-build/runs/score-communication-followup-pivi6gt7/bazel-output/4b9334f3199c06dc7413ff31e3d2964d/external/score_tooling+/bazel/rules/rules_score/private/dependable_element.bzl:1359:26: WARNING: Not in certified scope @@score_baselibs+//score/utils:static_destruction_guard, stopping at utils
Analyzing: 6016 targets (1676 packages loaded, 106557 targets configured)
Analyzing: 6016 targets (1680 packages loaded, 106593 targets configured)
Analyzing: 6016 targets (1681 packages loaded, 106619 targets configured)
Analyzing: 6016 targets (1682 packages loaded, 106633 targets configured)
Analyzing: 6016 targets (1682 packages loaded, 106633 targets configured)
Analyzing: 6016 targets (1684 packages loaded, 106661 targets configured)
INFO: Analyzed 6016 targets (1687 packages loaded, 106704 targets configured).
 no actions running
INFO: Found 6016 targets...
INFO: Elapsed time: 43.687s, Critical Path: 0.00s
INFO: 0 processes.
INFO: Build completed successfully, 0 total actions
