OpenJDK 64-Bit Server VM warning: Options -Xverify:none and -noverify were deprecated in JDK 13 and will likely be removed in a future release.
Computing main repo mapping: 
Computing main repo mapping: 
Computing main repo mapping: 
WARNING: For repository 'platforms', the root module requires module version platforms@1.0.0, but got platforms@1.1.0 in the resolved dependency graph. Please update the version in your MODULE.bazel or set --check_direct_dependencies=off
WARNING: For repository 'rules_rust', the root module requires module version rules_rust@0.68.1-score, but got rules_rust@0.68.2-score in the resolved dependency graph. Please update the version in your MODULE.bazel or set --check_direct_dependencies=off
WARNING: For repository 'rules_cc', the root module requires module version rules_cc@0.2.17, but got rules_cc@0.2.22 in the resolved dependency graph. Please update the version in your MODULE.bazel or set --check_direct_dependencies=off
WARNING: For repository 'score_rust_policies', the root module requires module version score_rust_policies@0.0.2, but got score_rust_policies@0.0.5 in the resolved dependency graph. Please update the version in your MODULE.bazel or set --check_direct_dependencies=off
WARNING: For repository 'aspect_rules_lint', the root module requires module version aspect_rules_lint@2.3.0, but got aspect_rules_lint@2.5.0 in the resolved dependency graph. Please update the version in your MODULE.bazel or set --check_direct_dependencies=off
WARNING: For repository 'grpc-java', the root module requires module version grpc-java@1.70.0, but got grpc-java@1.78.0 in the resolved dependency graph. Please update the version in your MODULE.bazel or set --check_direct_dependencies=off
Computing main repo mapping: 
Loading: 
Loading: 3 packages loaded
Analyzing: 4 targets (4 packages loaded, 0 targets configured)
Analyzing: 4 targets (4 packages loaded, 0 targets configured)

Analyzing: 4 targets (145 packages loaded, 299 targets configured)

Analyzing: 4 targets (183 packages loaded, 5230 targets configured)

Analyzing: 4 targets (192 packages loaded, 11182 targets configured)
[16 / 16] no actions running
Analyzing: 4 targets (192 packages loaded, 11182 targets configured)
[16 / 16] no actions running
INFO: Analyzed 4 targets (193 packages loaded, 11278 targets configured).
[16 / 16] no actions running
ERROR: /media/jefferson/11c42dee-73a3-4c2b-ab42-a0440011d9e0/.s-core-build/runs/score-communication-followup-pivi6gt7/config-management-consumer-candidate/bazel/format/BUILD:18:10: Creating symlink bazel/format/rustfmt_with_policies failed: failed to create symbolic link 'bazel-out/k8-fastbuild/bin/bazel/format/rustfmt_with_policies': file 'bazel/format/rustfmt_with_policies.sh' is not executable
INFO: Elapsed time: 21.379s, Critical Path: 0.05s
INFO: 21 processes: 6 action cache hit, 21 internal.
ERROR: Build did NOT complete successfully
