flag provided but not defined: -recursive
Usage of buildifier:
  -add_tables string
    	path to JSON file with custom table definitions which will be merged with the built-in tables
  -allowsort value
    	additional sort contexts to treat as safe
  -buildifier_disable value
    	list of buildifier rewrites to disable
  -config string
    	path to .buildifier.json config file
  -d	alias for -mode=diff
  -diff_command string
    	command to run when the formatting mode is diff (default uses the BUILDIFIER_DIFF, BUILDIFIER_MULTIDIFF, and DISPLAY environment variables to create the diff command)
  -format string
    	diagnostics format: text or json (default text)
  -help
    	print usage information
  -lint string
    	lint mode: off, warn, or fix (default off)
  -mode string
    	formatting mode: check, diff, or fix (default fix)
  -multi_diff
    	the command specified by the -diff_command flag can diff multiple files in the style of tkdiff (default false)
  -path string
    	assume BUILD file has this path relative to the workspace directory
  -r	find starlark files recursively
  -tables string
    	path to JSON file with custom table definitions which will replace the built-in tables
  -type string
    	Input file type: build (for BUILD files), bzl (for .bzl files), workspace (for WORKSPACE files), module (for MODULE.bazel files), default (for generic Starlark files) or auto (default, based on the filename) (default "auto")
  -v	print verbose information to standard error
  -version
    	print the version of buildifier
  -warnings string
    	comma-separated warnings used in the lint mode or "all"
