$TEST_TMPDIR defined, some defaults will be overridden
OpenJDK 64-Bit Server VM warning: Options -Xverify:none and -noverify were deprecated in JDK 13 and will likely be removed in a future release.
Computing main repo mapping: 
Computing main repo mapping: 
Computing main repo mapping: 
Computing main repo mapping: 
Loading: 
Loading: 5 packages loaded
Analyzing: target //third_party/codeql:pip_requirements.test (6 packages loaded, 0 targets configured)
Analyzing: target //third_party/codeql:pip_requirements.test (6 packages loaded, 0 targets configured)

Analyzing: target //third_party/codeql:pip_requirements.test (185 packages loaded, 12470 targets configured)

INFO: Analyzed target //third_party/codeql:pip_requirements.test (190 packages loaded, 12525 targets configured).
[10 / 11] [Sched] Testing //third_party/codeql:pip_requirements.test
[10 / 11] Testing //third_party/codeql:pip_requirements.test; 1s local
[10 / 11] Testing //third_party/codeql:pip_requirements.test; 3s local
INFO: Found 1 test target...
Target //third_party/codeql:pip_requirements.test up-to-date:
  bazel-bin/third_party/codeql/pip_requirements.test
INFO: Elapsed time: 9.899s, Critical Path: 3.47s
INFO: 11 processes: 9 internal, 2 local.
INFO: Build completed successfully, 11 total actions
