$TEST_TMPDIR defined, some defaults will be overridden
WARNING: Duplicate rc file: /media/jefferson/11c42dee-73a3-4c2b-ab42-a0440011d9e0/.s-core-build/runs/score-rust-issue-queue-ycbvxir7/workspaces/794/quality/static_analysis/static_analysis.bazelrc is read multiple times, it is a standard rc file location but must have been unnecessarily imported earlier.
OpenJDK 64-Bit Server VM warning: Options -Xverify:none and -noverify were deprecated in JDK 13 and will likely be removed in a future release.
 no actions running
 no actions running
Loading: 0 packages loaded
Loading: 0 packages loaded
rust_library rule //score/mw/com/rust/score_com_concept:score_com_concept
rust_doc_test rule //score/mw/com/rust/score_com_concept:score_com_concept-macros-tests
_forwarding_test rule //score/mw/com/rust/score_com_concept:score_com_concept-macros-unit-tests
rust_test rule //score/mw/com/rust/score_com_concept:score_com_concept-macros-unit-tests_linux
sh_test rule //score/mw/com/rust/score_com_concept:score_com_concept-macros-unit-tests_qnx
genrule rule //score/mw/com/rust/score_com_concept:score_com_concept-macros-unit-tests_qnx_excluded_tests_filter
pkg_files rule //score/mw/com/rust/score_com_concept:score_com_concept-macros-unit-tests_qnx_filter_file
pkg_filegroup rule //score/mw/com/rust/score_com_concept:score_com_concept-macros-unit-tests_qnx_pkg
pkg_tar_impl rule //score/mw/com/rust/score_com_concept:score_com_concept-macros-unit-tests_qnx_pkg_tar
sh_binary rule //score/mw/com/rust/score_com_concept:score_com_concept-macros-unit-tests_qnx_shell
_get_so_libs rule //score/mw/com/rust/score_com_concept:score_com_concept-macros-unit-tests_qnx_so_libs
pkg_files rule //score/mw/com/rust/score_com_concept:score_com_concept-macros-unit-tests_qnx_so_libs_pkg
_get_test_and_data rule //score/mw/com/rust/score_com_concept:score_com_concept-macros-unit-tests_qnx_test_and_data
pkg_files rule //score/mw/com/rust/score_com_concept:score_com_concept-macros-unit-tests_qnx_test_and_runfiles
rust_test rule //score/mw/com/rust/score_com_concept:score_com_concept-test
