$TEST_TMPDIR defined, some defaults will be overridden
WARNING: Duplicate rc file: /media/jefferson/11c42dee-73a3-4c2b-ab42-a0440011d9e0/.s-core-build/runs/score-rust-issue-queue-ycbvxir7/workspaces/794/quality/static_analysis/static_analysis.bazelrc is read multiple times, it is a standard rc file location but must have been unnecessarily imported earlier.
OpenJDK 64-Bit Server VM warning: Options -Xverify:none and -noverify were deprecated in JDK 13 and will likely be removed in a future release.
WARNING: The following configs were expanded more than once: [linux_x64_gcc_15]. For repeatable flags, repeats are counted twice and may lead to unexpected behavior.
Computing main repo mapping: 
WARNING: The following configs were expanded more than once: [linux_x64_gcc_15]. For repeatable flags, repeats are counted twice and may lead to unexpected behavior.
Computing main repo mapping: 
Computing main repo mapping: 
Computing main repo mapping: 
Loading: 
Loading: 5 packages loaded
Analyzing: target //score/mw/com/example/com-api-example:com-api-example-lib (6 packages loaded, 0 targets configured)
Analyzing: target //score/mw/com/example/com-api-example:com-api-example-lib (6 packages loaded, 0 targets configured)

Analyzing: target //score/mw/com/example/com-api-example:com-api-example-lib (98 packages loaded, 9 targets configured)

Analyzing: target //score/mw/com/example/com-api-example:com-api-example-lib (273 packages loaded, 11002 targets configured)

INFO: Analyzed target //score/mw/com/example/com-api-example:com-api-example-lib (377 packages loaded, 15320 targets configured).
[1 / 1] no actions running
[230 / 318] [Prepa] ExtractCargoTomlEnvVars external/rules_rust++crate+crate_index__utf8parse-0.2.2/cargo_toml_env_vars.env
[310 / 318] Compiling Rust rlib clap_lex v1.1.1 (2 files); 0s linux-sandbox ... (2 actions, 1 running)
[314 / 318] Compiling Rust proc-macro clap_derive v4.6.7 (16 files) [for tool]; 1s linux-sandbox ... (2 actions running)
[315 / 318] Compiling Rust proc-macro clap_derive v4.6.7 (16 files) [for tool]; 3s linux-sandbox
[316 / 318] [Prepa] Compiling Rust rlib clap v4.6.7 (85 files)
INFO: Found 1 target...
Target //score/mw/com/example/com-api-example:com-api-example-lib up-to-date:
  bazel-bin/score/mw/com/example/com-api-example/libcom_api_example-2129963938.rlib
INFO: Elapsed time: 16.758s, Critical Path: 5.80s
INFO: 27 processes: 305 action cache hit, 1 internal, 26 linux-sandbox.
INFO: Build completed successfully, 27 total actions
