$TEST_TMPDIR defined, some defaults will be overridden
WARNING: Duplicate rc file: /media/jefferson/11c42dee-73a3-4c2b-ab42-a0440011d9e0/.s-core-build/runs/score-rust-issue-queue-ycbvxir7/workspaces/794/quality/static_analysis/static_analysis.bazelrc is read multiple times, it is a standard rc file location but must have been unnecessarily imported earlier.
OpenJDK 64-Bit Server VM warning: Options -Xverify:none and -noverify were deprecated in JDK 13 and will likely be removed in a future release.
WARNING: The following configs were expanded more than once: [linux_x64_gcc_15]. For repeatable flags, repeats are counted twice and may lead to unexpected behavior.
Computing main repo mapping: 
Computing main repo mapping: 
WARNING: The following configs were expanded more than once: [linux_x64_gcc_15]. For repeatable flags, repeats are counted twice and may lead to unexpected behavior.
Computing main repo mapping: 
Computing main repo mapping: 
Computing main repo mapping: 
Computing main repo mapping: 
Computing main repo mapping: 
Computing main repo mapping: 
Computing main repo mapping: 
Computing main repo mapping: 
Loading: 
Loading: 5 packages loaded
Analyzing: target //score/mw/com/impl/rust/com-api/com-api-runtime-lola:com-api-runtime-lola-tests (6 packages loaded, 0 targets configured)
Analyzing: target //score/mw/com/impl/rust/com-api/com-api-runtime-lola:com-api-runtime-lola-tests (6 packages loaded, 0 targets configured)

Analyzing: target //score/mw/com/impl/rust/com-api/com-api-runtime-lola:com-api-runtime-lola-tests (98 packages loaded, 9 targets configured)

Analyzing: target //score/mw/com/impl/rust/com-api/com-api-runtime-lola:com-api-runtime-lola-tests (203 packages loaded, 8516 targets configured)

Analyzing: target //score/mw/com/impl/rust/com-api/com-api-runtime-lola:com-api-runtime-lola-tests (370 packages loaded, 15115 targets configured)

INFO: Analyzed target //score/mw/com/impl/rust/com-api/com-api-runtime-lola:com-api-runtime-lola-tests (373 packages loaded, 15138 targets configured).
[43 / 1,141] [Prepa] Writing repo mapping manifest for @@rules_rust++crate+crate_index__mockall_derive-0.14.0//:_bs- [for tool]
[152 / 1,272] [Prepa] Creating symlink to ambiguous lib: bazel-out/k8-fastbuild/bin/score/mw/com/impl/libflag_owner.a
[452 / 1,272] [Prepa] Creating symlink to ambiguous lib: bazel-out/k8-fastbuild/bin/external/score_baselibs+/score/concurrency/libdelayed_task.a
[771 / 1,272] checking cached actions
[999 / 1,272] checking cached actions
[1,217 / 1,272] Compiling Rust bin _bs_ (3 files) [for tool]; 0s linux-sandbox ... (2 actions, 1 running)
[1,241 / 1,272] Compiling Rust rlib predicates v3.1.4 (25 files); 0s linux-sandbox ... (2 actions, 1 running)
[1,268 / 1,272] Compiling Rust proc-macro mockall_derive v0.14.0 (9 files) [for tool]; 1s linux-sandbox
[1,269 / 1,272] [Prepa] Compiling Rust rlib mockall v0.14.0 (3 files)
[1,270 / 1,272] Compiling Rust rlib bridge_ffi_mock (1 file); 1s linux-sandbox
[1,271 / 1,272] Compiling Rust bin com-api-runtime-lola-tests (4 files); 0s linux-sandbox
[1,272 / 1,273] [Prepa] Testing //score/mw/com/impl/rust/com-api/com-api-runtime-lola:com-api-runtime-lola-tests
INFO: Found 1 test target...
Target //score/mw/com/impl/rust/com-api/com-api-runtime-lola:com-api-runtime-lola-tests up-to-date:
  bazel-bin/score/mw/com/impl/rust/com-api/com-api-runtime-lola/test-54569430/com-api-runtime-lola-tests
INFO: Elapsed time: 38.888s, Critical Path: 13.30s
INFO: 72 processes: 1215 action cache hit, 41 internal, 31 linux-sandbox.
INFO: Build completed successfully, 72 total actions
INFO: 
//score/mw/com/impl/rust/com-api/com-api-runtime-lola:com-api-runtime-lola-tests PASSED in 0.0s

Executed 1 out of 1 test: 1 test passes.
There were tests whose specified size is too big. Use the --test_verbose_timeout_warnings command line option to see which ones these are.
INFO: Build Event Protocol files produced successfully.
