$TEST_TMPDIR defined, some defaults will be overridden
WARNING: Duplicate rc file: /media/jefferson/11c42dee-73a3-4c2b-ab42-a0440011d9e0/.s-core-build/runs/score-rust-issue-queue-ycbvxir7/workspaces/1263/quality/static_analysis/static_analysis.bazelrc is read multiple times, it is a standard rc file location but must have been unnecessarily imported earlier.
OpenJDK 64-Bit Server VM warning: Options -Xverify:none and -noverify were deprecated in JDK 13 and will likely be removed in a future release.
WARNING: The following configs were expanded more than once: [linux_x64_gcc_15]. For repeatable flags, repeats are counted twice and may lead to unexpected behavior.
Computing main repo mapping: 
WARNING: The following configs were expanded more than once: [linux_x64_gcc_15]. For repeatable flags, repeats are counted twice and may lead to unexpected behavior.
Computing main repo mapping: 
Computing main repo mapping: 
Computing main repo mapping: 
Computing main repo mapping: 
Loading: 
Loading: 5 packages loaded
Analyzing: 2 targets (6 packages loaded, 0 targets configured)
Analyzing: 2 targets (6 packages loaded, 0 targets configured)

Analyzing: 2 targets (98 packages loaded, 9 targets configured)

Analyzing: 2 targets (267 packages loaded, 10145 targets configured)

Analyzing: 2 targets (378 packages loaded, 15329 targets configured)
[1 / 1] no actions running
INFO: Analyzed 2 targets (378 packages loaded, 15329 targets configured).
[88 / 1,270] [Prepa] Symlinking virtual headers for @score_baselibs//score/static_reflection_with_serialization/visitor:visitor
[144 / 1,270] Compiling score/language/safecpp/string_view/zstring_view.cpp; 0s linux-sandbox ... (2 actions, 1 running)
[171 / 1,270] Compiling score/mw/com/impl/subscription_state_change_handler.cpp; 0s linux-sandbox ... (2 actions, 1 running)
[188 / 1,270] Compiling score/mw/com/impl/tracing/configuration/hash_helper_utility.cpp; 0s linux-sandbox ... (2 actions running)
[201 / 1,270] Compiling score/containers/intrusive_list.cpp; 0s linux-sandbox ... (2 actions running)
[212 / 1,270] Compiling score/language/safecpp/string_view/details/zspan.cpp; 0s linux-sandbox ... (2 actions running)
[228 / 1,270] Compiling score/mw/log/detail/logging_identifier.cpp; 0s linux-sandbox ... (2 actions, 1 running)
[236 / 1,270] Compiling score/concurrency/interruptible_interprocess_condition_variable.cpp; 0s linux-sandbox ... (2 actions, 1 running)
[248 / 1,270] Compiling score/concurrency/interruptible_wait.cpp; 0s linux-sandbox ... (2 actions, 1 running)
[260 / 1,270] Compiling score/concurrency/condition_variable.cpp; 0s linux-sandbox ... (2 actions, 1 running)
[269 / 1,270] Compiling score/language/safecpp/scoped_function/details/allocator_aware_type_erasure_pointer.cpp; 0s linux-sandbox ... (2 actions, 1 running)
[279 / 1,270] Compiling score/concurrency/synchronized_queue.cpp; 0s linux-sandbox ... (2 actions running)
[285 / 1,270] Compiling score/concurrency/notification.cpp; 0s linux-sandbox ... (2 actions, 1 running)
[396 / 1,270] Compiling score/language/safecpp/scoped_function/details/invoker.cpp; 0s linux-sandbox ... (2 actions, 1 running)
[449 / 1,270] Compiling score/language/safecpp/scoped_function/scope.cpp; 0s linux-sandbox ... (2 actions, 1 running)
[454 / 1,270] Compiling score/language/safecpp/scoped_function/details/scope_state.cpp; 0s linux-sandbox ... (2 actions, 1 running)
[457 / 1,270] Compiling Rust proc-macro clap_derive v4.6.7 (16 files) [for tool]; 1s linux-sandbox ... (2 actions, 1 running)
[458 / 1,270] Compiling Rust proc-macro clap_derive v4.6.7 (16 files) [for tool]; 2s linux-sandbox ... (2 actions running)
[462 / 1,270] Compiling Rust proc-macro clap_derive v4.6.7 (16 files) [for tool]; 3s linux-sandbox ... (2 actions running)
[463 / 1,270] Compiling Rust proc-macro clap_derive v4.6.7 (16 files) [for tool]; 5s linux-sandbox ... (2 actions, 1 running)
[468 / 1,270] Compiling Rust proc-macro clap_derive v4.6.7 (16 files) [for tool]; 6s linux-sandbox ... (2 actions running)
[477 / 1,270] [Prepa] Compiling Rust rlib is_terminal_polyfill v1.70.2 (1 file)
[486 / 1,270] Compiling Rust rlib clap_builder v4.6.7 (57 files); 0s linux-sandbox ... (2 actions, 1 running)
[492 / 1,270] Compiling Rust rlib clap_builder v4.6.7 (57 files); 1s linux-sandbox ... (2 actions, 1 running)
[498 / 1,270] Compiling Rust rlib clap_builder v4.6.7 (57 files); 2s linux-sandbox ... (2 actions, 1 running)
[511 / 1,270] Compiling score/filesystem/path.cpp; 0s linux-sandbox ... (2 actions, 1 running)
[532 / 1,270] Compiling score/language/futurecpp/src/string.cpp; 0s linux-sandbox ... (2 actions, 1 running)
[539 / 1,270] Compiling score/mw/com/impl/mocking/i_skeleton_base.cpp; 0s linux-sandbox ... (2 actions, 1 running)
[544 / 1,270] Compiling score/language/futurecpp/src/jthread.cpp; 0s linux-sandbox ... (2 actions running)
[550 / 1,270] Compiling score/mw/com/impl/bindings/lola/methods/method_error.cpp; 0s linux-sandbox ... (2 actions running)
[556 / 1,270] Compiling score/concurrency/delayed_task.cpp; 1s linux-sandbox ... (2 actions, 1 running)
[562 / 1,270] Compiling score/concurrency/periodic_task.cpp; 0s linux-sandbox ... (2 actions, 1 running)
[565 / 1,270] Compiling score/os/glob_impl.cpp; 1s linux-sandbox ... (2 actions running)
[570 / 1,270] Compiling score/message_passing/client_connection.cpp; 1s linux-sandbox ... (2 actions running)
[573 / 1,270] Compiling score/message_passing/timed_command_queue.cpp; 0s linux-sandbox ... (2 actions running)
[576 / 1,270] Compiling score/message_passing/common_headers.cpp; 0s linux-sandbox ... (2 actions, 1 running)
[579 / 1,270] Compiling score/concurrency/timed_executor/periodic_task.cpp; 1s linux-sandbox ... (2 actions running)
[583 / 1,270] Compiling score/concurrency/timed_executor/timed_task.cpp; 1s linux-sandbox ... (2 actions running)
[588 / 1,270] Compiling score/concurrency/executor.cpp; 0s linux-sandbox ... (2 actions, 1 running)
[591 / 1,270] Compiling score/os/grp.cpp; 0s linux-sandbox ... (2 actions, 1 running)
[593 / 1,270] Compiling score/concurrency/simple_task.cpp; 1s linux-sandbox ... (2 actions, 1 running)
[596 / 1,270] Compiling score/concurrency/task.cpp; 0s linux-sandbox ... (2 actions, 1 running)
[598 / 1,270] Compiling score/concurrency/task.cpp; 1s linux-sandbox ... (2 actions, 1 running)
[605 / 1,270] Compiling score/os/sys_poll.cpp; 0s linux-sandbox ... (2 actions, 1 running)
[607 / 1,270] Compiling score/concurrency/shared_task_result.cpp; 1s linux-sandbox ... (2 actions running)
[612 / 1,270] Compiling score/concurrency/thread_pool.cpp; 0s linux-sandbox ... (2 actions, 1 running)
[614 / 1,270] Compiling score/concurrency/thread_pool.cpp; 2s linux-sandbox ... (2 actions running)
[616 / 1,270] Compiling score/concurrency/future/base_interruptible_promise.cpp; 1s linux-sandbox ... (2 actions running)
[618 / 1,270] Compiling score/concurrency/long_running_threads_container.cpp; 1s linux-sandbox ... (2 actions, 1 running)
[622 / 1,270] Compiling score/concurrency/future/interruptible_future.cpp; 0s linux-sandbox ... (2 actions, 1 running)
[625 / 1,270] Compiling score/concurrency/future/interruptible_promise.cpp; 0s linux-sandbox ... (2 actions running)
[627 / 1,270] Compiling score/concurrency/future/interruptible_promise.cpp; 1s linux-sandbox ... (2 actions running)
[631 / 1,270] Compiling score/concurrency/future/interruptible_shared_future.cpp; 0s linux-sandbox ... (2 actions, 1 running)
[635 / 1,270] Compiling score/concurrency/future/interruptible_state.cpp; 1s linux-sandbox ... (2 actions, 1 running)
[642 / 1,270] Compiling score/analysis/tracing/common/interface_types/shared_memory_chunk.cpp; 1s linux-sandbox ... (2 actions running)
[646 / 1,270] Compiling score/analysis/tracing/common/interface_types/shared_memory_location.cpp; 1s linux-sandbox ... (2 actions, 1 running)
[651 / 1,270] Compiling score/os/libgen_impl.cpp; 0s linux-sandbox ... (2 actions, 1 running)
[653 / 1,270] Compiling score/analysis/tracing/generic_trace_library/stub_implementation/generic_trace_api_stub.cpp; 1s linux-sandbox ... (2 actions, 1 running)
[659 / 1,270] Compiling score/message_passing/unix_domain/unix_domain_client_factory.cpp; 0s linux-sandbox ... (2 actions, 1 running)
[660 / 1,270] Compiling score/analysis/tracing/generic_trace_library/interface_types/chunk_list/shm_data_chunk_list.cpp; 1s linux-sandbox ... (2 actions running)
[666 / 1,270] Compiling score/message_passing/unix_domain/unix_domain_engine.cpp; 1s linux-sandbox ... (2 actions running)
[672 / 1,270] Compiling score/message_passing/unix_domain/unix_domain_server.cpp; 1s linux-sandbox ... (2 actions, 1 running)
INFO: From Compiling score/mw/com/impl/data_type_meta_info.cpp:
In file included from score/mw/com/impl/data_type_meta_info.cpp:15:
./score/mw/com/impl/com_error.h: In member function 'virtual std::string_view score::mw::com::impl::ComErrorDomain::MessageFor(const score::result::ErrorCode&) const':
./score/mw/com/impl/com_error.h:186:65: warning: 'score::mw::com::impl::ComErrc::kServiceInstanceAlreadyOffered' is deprecated: Value has never been used. Calls to OfferService shall be idempotent. [-Wdeprecated-declarations]
  186 |             case static_cast<score::result::ErrorCode>(ComErrc::kServiceInstanceAlreadyOffered):
      |                                                                 ^~~~~~~~~~~~~~~~~~~~~~~~~~~~~~
./score/mw/com/impl/com_error.h:57:5: note: declared here
   57 |     kServiceInstanceAlreadyOffered
      |     ^~~~~~~~~~~~~~~~~~~~~~~~~~~~~~
[678 / 1,270] Linking score/message_passing/libmessage_passing_unix_domain.a; 0s linux-sandbox ... (2 actions, 1 running)
INFO: From Compiling score/mw/com/impl/error_serializer.cpp:
In file included from score/mw/com/impl/error_serializer.cpp:16:
./score/mw/com/impl/com_error.h: In member function 'virtual std::string_view score::mw::com::impl::ComErrorDomain::MessageFor(const score::result::ErrorCode&) const':
./score/mw/com/impl/com_error.h:186:65: warning: 'score::mw::com::impl::ComErrc::kServiceInstanceAlreadyOffered' is deprecated: Value has never been used. Calls to OfferService shall be idempotent. [-Wdeprecated-declarations]
  186 |             case static_cast<score::result::ErrorCode>(ComErrc::kServiceInstanceAlreadyOffered):
      |                                                                 ^~~~~~~~~~~~~~~~~~~~~~~~~~~~~~
./score/mw/com/impl/com_error.h:57:5: note: declared here
   57 |     kServiceInstanceAlreadyOffered
      |     ^~~~~~~~~~~~~~~~~~~~~~~~~~~~~~
INFO: From Compiling score/mw/com/impl/com_error.cpp:
In file included from score/mw/com/impl/com_error.cpp:13:
./score/mw/com/impl/com_error.h: In member function 'virtual std::string_view score::mw::com::impl::ComErrorDomain::MessageFor(const score::result::ErrorCode&) const':
./score/mw/com/impl/com_error.h:186:65: warning: 'score::mw::com::impl::ComErrc::kServiceInstanceAlreadyOffered' is deprecated: Value has never been used. Calls to OfferService shall be idempotent. [-Wdeprecated-declarations]
  186 |             case static_cast<score::result::ErrorCode>(ComErrc::kServiceInstanceAlreadyOffered):
      |                                                                 ^~~~~~~~~~~~~~~~~~~~~~~~~~~~~~
./score/mw/com/impl/com_error.h:57:5: note: declared here
   57 |     kServiceInstanceAlreadyOffered
      |     ^~~~~~~~~~~~~~~~~~~~~~~~~~~~~~
[687 / 1,270] Compiling score/filesystem/error.cpp; 0s linux-sandbox ... (2 actions, 1 running)
[694 / 1,270] Compiling score/language/safecpp/safe_math/details/floating_point_environment.cpp; 0s linux-sandbox ... (2 actions running)
[700 / 1,270] Compiling score/os/unistd.cpp; 0s linux-sandbox ... (2 actions, 1 running)
[706 / 1,270] Compiling score/filesystem/details/standard_filesystem.cpp; 1s linux-sandbox ... (2 actions, 1 running)
[712 / 1,270] Compiling score/filesystem/iterator/directory_entry.cpp; 0s linux-sandbox ... (2 actions, 1 running)
[715 / 1,270] Compiling score/filesystem/iterator/directory_iterator.cpp; 0s linux-sandbox ... (2 actions, 1 running)
[719 / 1,270] Compiling score/filesystem/iterator/recursive_directory_iterator.cpp; 0s linux-sandbox ... (2 actions running)
[728 / 1,270] Compiling score/memory/shared/flock/shared_flock_mutex.cpp; 0s linux-sandbox ... (2 actions, 1 running)
[736 / 1,270] Compiling score/json/internal/parser/nlohmann/json_builder.cpp; 1s linux-sandbox ... (2 actions running)
[737 / 1,270] Compiling score/json/internal/parser/nlohmann/json_builder.cpp; 2s linux-sandbox ... (2 actions running)
[742 / 1,270] Compiling score/json/json_parser.cpp; 0s linux-sandbox ... (2 actions, 1 running)
[744 / 1,270] Compiling score/filesystem/file_utils/file_utils.cpp; 1s linux-sandbox ... (2 actions, 1 running)
[747 / 1,270] Compiling score/json/internal/parser/nlohmann/nlohmann_parser.cpp; 1s linux-sandbox ... (2 actions, 1 running)
[749 / 1,270] Compiling score/json/internal/parser/nlohmann/nlohmann_parser.cpp; 2s linux-sandbox ... (2 actions, 1 running)
[756 / 1,270] Compiling score/os/mman.cpp; 0s linux-sandbox ... (2 actions running)
[761 / 1,270] Compiling score/filesystem/filestream/file_buf.cpp; 0s linux-sandbox ... (2 actions, 1 running)
[766 / 1,270] Compiling score/json/json_writer.cpp; 0s linux-sandbox ... (2 actions, 1 running)
[770 / 1,270] Compiling score/filesystem/filestream/i_file_factory.cpp; 0s linux-sandbox ... (2 actions, 1 running)
[775 / 1,270] Compiling score/os/fcntl_impl.cpp; 0s linux-sandbox ... (2 actions, 1 running)
[779 / 1,270] Compiling score/json/internal/model/any.cpp; 1s linux-sandbox ... (2 actions, 1 running)
[783 / 1,270] Compiling score/json/internal/model/lossless_cast.cpp; 0s linux-sandbox ... (2 actions running)
[790 / 1,270] Compiling score/json/internal/model/number.cpp; 0s linux-sandbox ... (2 actions, 1 running)
[795 / 1,270] Compiling score/mw/log/detail/initialization_reporter.cpp; 0s linux-sandbox ... (2 actions, 1 running)
[801 / 1,270] Compiling score/memory/shared/i_shared_memory_factory.cpp; 0s linux-sandbox ... (2 actions, 1 running)
[810 / 1,270] Compiling score/os/errno_logging.cpp; 0s linux-sandbox ... (2 actions running)
[815 / 1,270] Compiling score/memory/shared/flock/flock_mutex.cpp; 1s linux-sandbox ... (2 actions, 1 running)
[819 / 1,270] Compiling score/memory/shared/typedshm/utils/typed_memory_utils.cpp; 1s linux-sandbox ... (2 actions, 1 running)
[823 / 1,270] Compiling score/mw/log/log_stream.cpp; 0s linux-sandbox ... (2 actions running)
[825 / 1,270] Compiling score/mw/log/log_common.cpp; 1s linux-sandbox ... (2 actions, 1 running)
[827 / 1,270] Compiling score/mw/log/log_stream_error.cpp; 1s linux-sandbox ... (2 actions running)
[828 / 1,270] Compiling score/mw/log/configuration/configuration_file_discoverer.cpp; 2s linux-sandbox ... (2 actions, 1 running)
[830 / 1,270] Compiling score/mw/log/detail/empty_recorder.cpp; 1s linux-sandbox ... (2 actions running)
[832 / 1,270] Compiling score/mw/log/configuration/target_config_reader.cpp; 2s linux-sandbox ... (2 actions running)
[833 / 1,270] Compiling score/mw/log/configuration/target_config_reader.cpp; 4s linux-sandbox ... (2 actions, 1 running)
[837 / 1,270] Compiling score/mw/log/logger_container.cpp; 0s linux-sandbox ... (2 actions, 1 running)
[840 / 1,270] Compiling score/mw/log/logging.cpp; 1s linux-sandbox ... (2 actions running)
[844 / 1,270] Compiling score/mw/log/configuration/configuration.cpp; 0s linux-sandbox ... (2 actions, 1 running)
[850 / 1,270] Compiling score/mw/log/detail/registry_aware_recorder_factory.cpp; 0s linux-sandbox ... (2 actions, 1 running)
[855 / 1,270] Compiling score/mw/log/detail/registry_aware_recorder_factory.cpp; 1s linux-sandbox ... (2 actions running)
[859 / 1,270] Compiling score/mw/log/detail/composite_recorder.cpp; 0s linux-sandbox ... (2 actions running)
[866 / 1,270] Compiling score/mw/log/detail/text_recorder/slot_drainer.cpp; 0s linux-sandbox ... (2 actions, 1 running)
[871 / 1,270] Compiling score/mw/log/detail/text_recorder/file_output_backend.cpp; 0s linux-sandbox ... (2 actions, 1 running)
[874 / 1,270] Compiling score/mw/log/detail/text_recorder/text_recorder.cpp; 0s linux-sandbox ... (2 actions, 1 running)
[876 / 1,270] Compiling score/mw/log/detail/text_recorder/text_recorder.cpp; 1s linux-sandbox ... (2 actions, 1 running)
[878 / 1,270] Compiling score/mw/com/impl/tracing/configuration/trace_point_key.cpp; 0s linux-sandbox ... (2 actions, 1 running)
[880 / 1,270] Compiling score/mw/log/detail/text_recorder/text_message_builder.cpp; 1s linux-sandbox ... (2 actions running)
[885 / 1,270] Compiling score/mw/log/detail/text_recorder/console_recorder_factory.cpp; 0s linux-sandbox ... (2 actions, 1 running)
[890 / 1,270] Compiling score/mw/log/detail/console_registrant.cpp; 0s linux-sandbox ... (2 actions running)
[895 / 1,270] Compiling score/mw/com/impl/tracing/configuration/service_element_identifier.cpp; 0s linux-sandbox ... (2 actions, 1 running)
[899 / 1,270] Compiling score/memory/shared/new_delete_delegate_resource.cpp; 1s linux-sandbox ... (2 actions, 1 running)
[902 / 1,270] Compiling score/memory/shared/new_delete_delegate_resource.cpp; 2s linux-sandbox ... (2 actions running)
[906 / 1,270] Compiling score/memory/shared/shared_memory_factory.cpp; 1s linux-sandbox ... (2 actions running)
INFO: From Compiling score/mw/com/impl/instance_specifier.cpp:
In file included from score/mw/com/impl/instance_specifier.cpp:15:
./score/mw/com/impl/com_error.h: In member function 'virtual std::string_view score::mw::com::impl::ComErrorDomain::MessageFor(const score::result::ErrorCode&) const':
./score/mw/com/impl/com_error.h:186:65: warning: 'score::mw::com::impl::ComErrc::kServiceInstanceAlreadyOffered' is deprecated: Value has never been used. Calls to OfferService shall be idempotent. [-Wdeprecated-declarations]
  186 |             case static_cast<score::result::ErrorCode>(ComErrc::kServiceInstanceAlreadyOffered):
      |                                                                 ^~~~~~~~~~~~~~~~~~~~~~~~~~~~~~
./score/mw/com/impl/com_error.h:57:5: note: declared here
   57 |     kServiceInstanceAlreadyOffered
      |     ^~~~~~~~~~~~~~~~~~~~~~~~~~~~~~
[910 / 1,270] Compiling score/memory/shared/shared_memory_factory_impl.cpp; 0s linux-sandbox ... (2 actions running)
[913 / 1,270] Compiling score/mw/com/impl/configuration/lola_service_instance_deployment.cpp; 1s linux-sandbox
[914 / 1,270] Compiling score/mw/com/impl/configuration/lola_service_instance_deployment.cpp; 2s linux-sandbox ... (2 actions running)
[915 / 1,270] Compiling score/memory/shared/shared_memory_resource.cpp; 2s linux-sandbox ... (2 actions, 1 running)
[917 / 1,270] Compiling score/mw/com/impl/configuration/lola_field_instance_deployment.cpp; 1s linux-sandbox ... (2 actions, 1 running)
[918 / 1,270] Compiling score/mw/com/impl/configuration/lola_field_instance_deployment.cpp; 2s linux-sandbox ... (2 actions running)
[922 / 1,270] Compiling score/mw/com/impl/configuration/lola_event_instance_deployment.cpp; 0s linux-sandbox ... (2 actions running)
[923 / 1,270] Compiling score/mw/com/impl/configuration/lola_event_instance_deployment.cpp; 2s linux-sandbox ... (2 actions, 1 running)
[925 / 1,270] Compiling score/mw/com/impl/configuration/lola_event_instance_deployment.cpp; 3s linux-sandbox ... (2 actions, 1 running)
[928 / 1,270] Compiling score/mw/com/impl/util/type_erased_storage.cpp; 1s linux-sandbox ... (2 actions running)
[931 / 1,270] Compiling score/memory/shared/memory_resource_proxy.cpp; 1s linux-sandbox ... (2 actions, 1 running)
[935 / 1,270] Compiling score/mw/com/impl/configuration/service_instance_deployment.cpp; 1s linux-sandbox ... (2 actions, 1 running)
INFO: From Compiling score/mw/com/impl/configuration/service_instance_deployment.cpp:
In file included from ./score/mw/com/impl/configuration/service_instance_deployment.h:17,
                 from score/mw/com/impl/configuration/service_instance_deployment.cpp:13:
./score/mw/com/impl/com_error.h: In member function 'virtual std::string_view score::mw::com::impl::ComErrorDomain::MessageFor(const score::result::ErrorCode&) const':
./score/mw/com/impl/com_error.h:186:65: warning: 'score::mw::com::impl::ComErrc::kServiceInstanceAlreadyOffered' is deprecated: Value has never been used. Calls to OfferService shall be idempotent. [-Wdeprecated-declarations]
  186 |             case static_cast<score::result::ErrorCode>(ComErrc::kServiceInstanceAlreadyOffered):
      |                                                                 ^~~~~~~~~~~~~~~~~~~~~~~~~~~~~~
./score/mw/com/impl/com_error.h:57:5: note: declared here
   57 |     kServiceInstanceAlreadyOffered
      |     ^~~~~~~~~~~~~~~~~~~~~~~~~~~~~~
[938 / 1,270] Compiling score/mw/com/impl/bindings/lola/event_data_storage.cpp; 1s linux-sandbox ... (2 actions running)
[941 / 1,270] Compiling score/mw/com/impl/bindings/lola/linear_search_map.cpp; 1s linux-sandbox ... (2 actions, 1 running)
[944 / 1,270] Compiling score/mw/com/impl/configuration/service_instance_id.cpp; 1s linux-sandbox ... (2 actions running)
[948 / 1,270] Compiling score/mw/com/impl/bindings/lola/event_data_control.cpp; 0s linux-sandbox ... (2 actions running)
[949 / 1,270] Compiling score/mw/com/impl/configuration/lola_service_instance_id.cpp; 1s linux-sandbox ... (2 actions, 1 running)
[953 / 1,270] Compiling score/mw/com/impl/bindings/lola/methods/method_data.cpp; 0s linux-sandbox ... (2 actions, 1 running)
[955 / 1,270] Compiling score/mw/com/impl/bindings/lola/sample_allocatee_ptr.cpp; 1s linux-sandbox ... (2 actions, 1 running)
[959 / 1,270] Compiling score/mw/com/impl/bindings/lola/partial_restart_path_builder.cpp; 1s linux-sandbox ... (2 actions running)
[962 / 1,270] Compiling score/mw/com/impl/bindings/lola/event_data_control_composite.cpp; 1s linux-sandbox ... (2 actions, 1 running)
[966 / 1,270] Compiling score/mw/com/impl/bindings/lola/sample_ptr.cpp; 0s linux-sandbox ... (2 actions, 1 running)
[972 / 1,270] Compiling score/mw/com/impl/bindings/lola/slot_decrementer.cpp; 0s linux-sandbox ... (2 actions running)
[976 / 1,270] Compiling score/mw/com/impl/bindings/lola/skeleton_instance_identifier.cpp; 0s linux-sandbox ... (2 actions running)
[979 / 1,270] Compiling score/mw/com/impl/bindings/lola/methods/method_resource_map.cpp; 0s linux-sandbox ... (2 actions, 1 running)
[980 / 1,270] Compiling score/mw/com/impl/bindings/lola/methods/method_resource_map.cpp; 2s linux-sandbox ... (2 actions running)
INFO: From Compiling score/mw/com/impl/bindings/lola/transaction_log_local_view.cpp:
In file included from score/mw/com/impl/bindings/lola/transaction_log_local_view.cpp:19:
./score/mw/com/impl/com_error.h: In member function 'virtual std::string_view score::mw::com::impl::ComErrorDomain::MessageFor(const score::result::ErrorCode&) const':
./score/mw/com/impl/com_error.h:186:65: warning: 'score::mw::com::impl::ComErrc::kServiceInstanceAlreadyOffered' is deprecated: Value has never been used. Calls to OfferService shall be idempotent. [-Wdeprecated-declarations]
  186 |             case static_cast<score::result::ErrorCode>(ComErrc::kServiceInstanceAlreadyOffered):
      |                                                                 ^~~~~~~~~~~~~~~~~~~~~~~~~~~~~~
./score/mw/com/impl/com_error.h:57:5: note: declared here
   57 |     kServiceInstanceAlreadyOffered
      |     ^~~~~~~~~~~~~~~~~~~~~~~~~~~~~~
[984 / 1,270] Compiling score/mw/com/impl/bindings/lola/shm_path_builder.cpp; 0s linux-sandbox ... (2 actions running)
[987 / 1,270] Compiling score/mw/com/impl/bindings/lola/transaction_log.cpp; 1s linux-sandbox ... (2 actions, 1 running)
[991 / 1,270] Compiling score/memory/shared/polymorphic_offset_ptr_allocator.cpp; 0s linux-sandbox ... (2 actions, 1 running)
[995 / 1,270] Compiling score/memory/shared/offset_ptr.cpp; 0s linux-sandbox ... (2 actions, 1 running)
[1,000 / 1,270] Compiling score/mw/com/impl/bindings/lola/messaging/method_call_registration_guard.cpp; 0s linux-sandbox ... (2 actions, 1 running)
[1,003 / 1,270] Compiling score/mw/com/impl/bindings/lola/messaging/method_subscription_registration_guard.cpp; 0s linux-sandbox ... (2 actions, 1 running)
[1,004 / 1,270] Compiling score/mw/com/impl/bindings/lola/messaging/method_subscription_registration_guard.cpp; 1s linux-sandbox ... (2 actions running)
[1,007 / 1,270] Compiling score/mw/com/impl/bindings/lola/messaging/method_unsubscription_registration_guard.cpp; 1s linux-sandbox ... (2 actions running)
[1,011 / 1,270] Compiling score/mw/com/impl/configuration/configuration_common_resources.cpp; 0s linux-sandbox ... (2 actions running)
[1,014 / 1,270] Compiling score/mw/com/impl/bindings/lola/proxy_instance_identifier.cpp; 0s linux-sandbox ... (2 actions, 1 running)
[1,020 / 1,270] Compiling score/mw/com/impl/bindings/lola/messaging/message_passing_service.cpp; 1s linux-sandbox ... (2 actions, 1 running)
[1,025 / 1,270] Compiling score/mw/com/impl/bindings/lola/messaging/message_passing_service_instance_factory.cpp; 0s linux-sandbox ... (2 actions running)
[1,029 / 1,270] Compiling score/mw/com/impl/configuration/service_type_deployment.cpp; 0s linux-sandbox ... (2 actions running)
