$TEST_TMPDIR defined, some defaults will be overridden
Extracting Bazel installation...
OpenJDK 64-Bit Server VM warning: Options -Xverify:none and -noverify were deprecated in JDK 13 and will likely be removed in a future release.
Computing main repo mapping: 
Computing main repo mapping: 
Computing main repo mapping: 
Computing main repo mapping: 
Computing main repo mapping: 
Computing main repo mapping: 
Computing main repo mapping: 
Computing main repo mapping: 
Computing main repo mapping: 
Computing main repo mapping: 
Computing main repo mapping: 
Computing main repo mapping: 
Computing main repo mapping: 
Computing main repo mapping: 
Computing main repo mapping: 
Computing main repo mapping: 
Computing main repo mapping: 
Computing main repo mapping: 
Computing main repo mapping: 
Computing main repo mapping: 
Computing main repo mapping: 
Computing main repo mapping: 
Computing main repo mapping: 
Computing main repo mapping: 
Computing main repo mapping: 
Computing main repo mapping: 
Computing main repo mapping: 
Computing main repo mapping: 
Computing main repo mapping: 
Computing main repo mapping: 
Computing main repo mapping: 
Computing main repo mapping: 
Computing main repo mapping: 
Computing main repo mapping: 
Computing main repo mapping: 
Computing main repo mapping: 
Computing main repo mapping: 
Computing main repo mapping: 
Computing main repo mapping: 
Computing main repo mapping: 
Computing main repo mapping: 
Computing main repo mapping: 
Computing main repo mapping: 
Computing main repo mapping: 
Computing main repo mapping: 
Computing main repo mapping: 
Loading: 
Loading: 2 packages loaded
Loading: 2 packages loaded
    currently loading: 
Analyzing: 4 targets (3 packages loaded, 0 targets configured)
Analyzing: 4 targets (3 packages loaded, 0 targets configured)

Analyzing: 4 targets (73 packages loaded, 7 targets configured)

Analyzing: 4 targets (84 packages loaded, 7 targets configured)

Analyzing: 4 targets (91 packages loaded, 7 targets configured)

Analyzing: 4 targets (94 packages loaded, 7 targets configured)

Analyzing: 4 targets (94 packages loaded, 7 targets configured)

Analyzing: 4 targets (94 packages loaded, 7 targets configured)

Analyzing: 4 targets (94 packages loaded, 7 targets configured)

Analyzing: 4 targets (94 packages loaded, 7 targets configured)

Analyzing: 4 targets (95 packages loaded, 7 targets configured)

Analyzing: 4 targets (95 packages loaded, 7 targets configured)

Analyzing: 4 targets (95 packages loaded, 7 targets configured)

Analyzing: 4 targets (95 packages loaded, 7 targets configured)

Analyzing: 4 targets (95 packages loaded, 7 targets configured)

Analyzing: 4 targets (95 packages loaded, 7 targets configured)

Analyzing: 4 targets (95 packages loaded, 7 targets configured)

Analyzing: 4 targets (95 packages loaded, 7 targets configured)

Analyzing: 4 targets (95 packages loaded, 7 targets configured)

Analyzing: 4 targets (95 packages loaded, 7 targets configured)

Analyzing: 4 targets (95 packages loaded, 7 targets configured)

Analyzing: 4 targets (162 packages loaded, 3195 targets configured)

Analyzing: 4 targets (162 packages loaded, 3195 targets configured)

Analyzing: 4 targets (164 packages loaded, 6334 targets configured)
[7 / 7] 1 / 1 tests; no actions running
Analyzing: 4 targets (164 packages loaded, 6334 targets configured)
[7 / 7] 1 / 1 tests; no actions running
Analyzing: 4 targets (165 packages loaded, 6340 targets configured)
[13 / 13] 2 / 2 tests; no actions running
Analyzing: 4 targets (165 packages loaded, 6340 targets configured)
[13 / 13] 2 / 2 tests; no actions running
Analyzing: 4 targets (165 packages loaded, 6340 targets configured)
[13 / 13] 2 / 2 tests; no actions running
Analyzing: 4 targets (166 packages loaded, 6345 targets configured)
[19 / 19] 3 / 3 tests; no actions running
Analyzing: 4 targets (166 packages loaded, 6345 targets configured)
[19 / 19] 3 / 3 tests; no actions running
Analyzing: 4 targets (166 packages loaded, 6345 targets configured)
[19 / 19] 3 / 3 tests; no actions running
Analyzing: 4 targets (166 packages loaded, 6345 targets configured)
[19 / 19] 3 / 3 tests; no actions running
Analyzing: 4 targets (166 packages loaded, 6345 targets configured)
[19 / 19] 3 / 3 tests; no actions running
Analyzing: 4 targets (166 packages loaded, 6345 targets configured)
[19 / 19] 3 / 3 tests; no actions running
Analyzing: 4 targets (166 packages loaded, 6345 targets configured)
[19 / 19] 3 / 3 tests; no actions running
Analyzing: 4 targets (166 packages loaded, 6345 targets configured)
[19 / 19] 3 / 3 tests; no actions running
Analyzing: 4 targets (166 packages loaded, 6345 targets configured)
[19 / 19] 3 / 3 tests; no actions running
Analyzing: 4 targets (166 packages loaded, 6345 targets configured)
[19 / 19] 3 / 3 tests; no actions running
Analyzing: 4 targets (166 packages loaded, 6345 targets configured)
[19 / 19] 3 / 3 tests; no actions running
Analyzing: 4 targets (166 packages loaded, 6345 targets configured)
[19 / 19] 3 / 3 tests; no actions running
Analyzing: 4 targets (166 packages loaded, 6345 targets configured)
[19 / 19] 3 / 3 tests; no actions running
Analyzing: 4 targets (166 packages loaded, 6345 targets configured)
[19 / 19] 3 / 3 tests; no actions running
Analyzing: 4 targets (166 packages loaded, 6345 targets configured)
[19 / 19] 3 / 3 tests; no actions running
Analyzing: 4 targets (166 packages loaded, 6345 targets configured)
[19 / 19] 3 / 3 tests; no actions running
Analyzing: 4 targets (166 packages loaded, 6345 targets configured)
[19 / 19] 3 / 3 tests; no actions running
Analyzing: 4 targets (166 packages loaded, 6345 targets configured)
[19 / 19] 3 / 3 tests; no actions running
Analyzing: 4 targets (166 packages loaded, 6345 targets configured)
[19 / 19] 3 / 3 tests; no actions running
Analyzing: 4 targets (166 packages loaded, 6345 targets configured)
[19 / 19] 3 / 3 tests; no actions running
Analyzing: 4 targets (166 packages loaded, 6345 targets configured)
[19 / 19] 3 / 3 tests; no actions running
Analyzing: 4 targets (166 packages loaded, 6345 targets configured)
[19 / 19] 3 / 3 tests; no actions running
Analyzing: 4 targets (166 packages loaded, 6345 targets configured)
[19 / 19] 3 / 3 tests; no actions running
Analyzing: 4 targets (166 packages loaded, 6345 targets configured)
[19 / 19] 3 / 3 tests; no actions running
Analyzing: 4 targets (166 packages loaded, 6345 targets configured)
[19 / 19] 3 / 3 tests; no actions running
Analyzing: 4 targets (166 packages loaded, 6345 targets configured)
[19 / 19] 3 / 3 tests; no actions running
Analyzing: 4 targets (166 packages loaded, 6345 targets configured)
[19 / 19] 3 / 3 tests; no actions running
Analyzing: 4 targets (166 packages loaded, 6345 targets configured)
[19 / 19] 3 / 3 tests; no actions running
Analyzing: 4 targets (166 packages loaded, 6345 targets configured)
[19 / 19] 3 / 3 tests; no actions running
Analyzing: 4 targets (166 packages loaded, 6345 targets configured)
[19 / 19] 3 / 3 tests; no actions running
Analyzing: 4 targets (166 packages loaded, 6345 targets configured)
[19 / 19] 3 / 3 tests; no actions running
Analyzing: 4 targets (166 packages loaded, 6345 targets configured)
[19 / 19] 3 / 3 tests; no actions running
Analyzing: 4 targets (166 packages loaded, 6345 targets configured)
[19 / 19] 3 / 3 tests; no actions running
Analyzing: 4 targets (166 packages loaded, 6345 targets configured)
[19 / 19] 3 / 3 tests; no actions running
Analyzing: 4 targets (166 packages loaded, 6345 targets configured)
[19 / 19] 3 / 3 tests; no actions running
Analyzing: 4 targets (166 packages loaded, 6345 targets configured)
[19 / 19] 3 / 3 tests; no actions running
Analyzing: 4 targets (166 packages loaded, 6345 targets configured)
[19 / 19] 3 / 3 tests; no actions running
Analyzing: 4 targets (166 packages loaded, 6345 targets configured)
[19 / 19] 3 / 3 tests; no actions running
Analyzing: 4 targets (166 packages loaded, 6345 targets configured)
[19 / 19] 3 / 3 tests; no actions running
Analyzing: 4 targets (166 packages loaded, 6345 targets configured)
[19 / 19] 3 / 3 tests; no actions running
Analyzing: 4 targets (166 packages loaded, 6345 targets configured)
[19 / 19] 3 / 3 tests; no actions running
Analyzing: 4 targets (166 packages loaded, 6345 targets configured)
[19 / 19] 3 / 3 tests; no actions running
Analyzing: 4 targets (166 packages loaded, 6345 targets configured)
[19 / 19] 3 / 3 tests; no actions running
Analyzing: 4 targets (166 packages loaded, 6345 targets configured)
[19 / 19] 3 / 3 tests; no actions running
Analyzing: 4 targets (166 packages loaded, 6345 targets configured)
[19 / 19] 3 / 3 tests; no actions running
Analyzing: 4 targets (166 packages loaded, 6345 targets configured)
[19 / 19] 3 / 3 tests; no actions running
Analyzing: 4 targets (166 packages loaded, 6345 targets configured)
[19 / 19] 3 / 3 tests; no actions running
Analyzing: 4 targets (166 packages loaded, 6345 targets configured)
[19 / 19] 3 / 3 tests; no actions running
Analyzing: 4 targets (166 packages loaded, 6345 targets configured)
[19 / 19] 3 / 3 tests; no actions running
Analyzing: 4 targets (166 packages loaded, 6345 targets configured)
[19 / 19] 3 / 3 tests; no actions running
Analyzing: 4 targets (166 packages loaded, 6345 targets configured)
[19 / 19] 3 / 3 tests; no actions running
Analyzing: 4 targets (166 packages loaded, 6345 targets configured)
[19 / 19] 3 / 3 tests; no actions running
Analyzing: 4 targets (166 packages loaded, 6345 targets configured)
[19 / 19] 3 / 3 tests; no actions running
Analyzing: 4 targets (166 packages loaded, 6345 targets configured)
[19 / 19] 3 / 3 tests; no actions running
Analyzing: 4 targets (166 packages loaded, 6345 targets configured)
[19 / 19] 3 / 3 tests; no actions running
Analyzing: 4 targets (166 packages loaded, 6345 targets configured)
[19 / 19] 3 / 3 tests; no actions running
Analyzing: 4 targets (166 packages loaded, 6345 targets configured)
[19 / 19] 3 / 3 tests; no actions running
Analyzing: 4 targets (166 packages loaded, 6345 targets configured)
[19 / 19] 3 / 3 tests; no actions running
Analyzing: 4 targets (166 packages loaded, 6345 targets configured)
[19 / 19] 3 / 3 tests; no actions running
Analyzing: 4 targets (166 packages loaded, 6345 targets configured)
[19 / 19] 3 / 3 tests; no actions running
Analyzing: 4 targets (166 packages loaded, 6345 targets configured)
[19 / 19] 3 / 3 tests; no actions running
Analyzing: 4 targets (166 packages loaded, 6345 targets configured)
[19 / 19] 3 / 3 tests; no actions running
Analyzing: 4 targets (166 packages loaded, 6345 targets configured)
[19 / 19] 3 / 3 tests; no actions running
Analyzing: 4 targets (166 packages loaded, 6345 targets configured)
[19 / 19] 3 / 3 tests; no actions running
Analyzing: 4 targets (166 packages loaded, 6345 targets configured)
[19 / 19] 3 / 3 tests; no actions running
Analyzing: 4 targets (166 packages loaded, 6345 targets configured)
[19 / 19] 3 / 3 tests; no actions running
Analyzing: 4 targets (166 packages loaded, 6345 targets configured)
[19 / 19] 3 / 3 tests; no actions running
Analyzing: 4 targets (166 packages loaded, 6345 targets configured)
[19 / 19] 3 / 3 tests; no actions running
Analyzing: 4 targets (166 packages loaded, 6345 targets configured)
[19 / 19] 3 / 3 tests; no actions running
Analyzing: 4 targets (166 packages loaded, 6345 targets configured)
[19 / 19] 3 / 3 tests; no actions running
Analyzing: 4 targets (166 packages loaded, 6345 targets configured)
[19 / 19] 3 / 3 tests; no actions running
Analyzing: 4 targets (166 packages loaded, 6345 targets configured)
[19 / 19] 3 / 3 tests; no actions running
Analyzing: 4 targets (166 packages loaded, 6345 targets configured)
[19 / 19] 3 / 3 tests; no actions running
Analyzing: 4 targets (166 packages loaded, 6345 targets configured)
[19 / 19] 3 / 3 tests; no actions running
Analyzing: 4 targets (166 packages loaded, 6345 targets configured)
[19 / 19] 3 / 3 tests; no actions running
Analyzing: 4 targets (166 packages loaded, 6345 targets configured)
[19 / 19] 3 / 3 tests; no actions running
Analyzing: 4 targets (166 packages loaded, 6345 targets configured)
[19 / 19] 3 / 3 tests; no actions running
Analyzing: 4 targets (166 packages loaded, 6345 targets configured)
[19 / 19] 3 / 3 tests; no actions running
Analyzing: 4 targets (166 packages loaded, 6345 targets configured)
[19 / 19] 3 / 3 tests; no actions running
Analyzing: 4 targets (166 packages loaded, 6345 targets configured)
[19 / 19] 3 / 3 tests; no actions running
Analyzing: 4 targets (166 packages loaded, 6345 targets configured)
[19 / 19] 3 / 3 tests; no actions running
Analyzing: 4 targets (166 packages loaded, 6345 targets configured)
[19 / 19] 3 / 3 tests; no actions running
Analyzing: 4 targets (166 packages loaded, 6345 targets configured)
[19 / 19] 3 / 3 tests; no actions running
Analyzing: 4 targets (166 packages loaded, 6345 targets configured)
[19 / 19] 3 / 3 tests; no actions running
Analyzing: 4 targets (166 packages loaded, 6345 targets configured)
[19 / 19] 3 / 3 tests; no actions running
Analyzing: 4 targets (166 packages loaded, 6345 targets configured)
[19 / 19] 3 / 3 tests; no actions running
Analyzing: 4 targets (166 packages loaded, 6345 targets configured)
[19 / 19] 3 / 3 tests; no actions running
Analyzing: 4 targets (166 packages loaded, 6345 targets configured)
[19 / 19] 3 / 3 tests; no actions running
Analyzing: 4 targets (166 packages loaded, 6345 targets configured)
[19 / 19] 3 / 3 tests; no actions running
Analyzing: 4 targets (166 packages loaded, 6345 targets configured)
[19 / 19] 3 / 3 tests; no actions running
Analyzing: 4 targets (166 packages loaded, 6345 targets configured)
[19 / 19] 3 / 3 tests; no actions running
Analyzing: 4 targets (166 packages loaded, 6345 targets configured)
[19 / 19] 3 / 3 tests; no actions running
Analyzing: 4 targets (166 packages loaded, 6345 targets configured)
[19 / 19] 3 / 3 tests; no actions running
Analyzing: 4 targets (166 packages loaded, 6345 targets configured)
[19 / 19] 3 / 3 tests; no actions running
Analyzing: 4 targets (166 packages loaded, 6345 targets configured)
[19 / 19] 3 / 3 tests; no actions running
Analyzing: 4 targets (166 packages loaded, 6345 targets configured)
[19 / 19] 3 / 3 tests; no actions running
Analyzing: 4 targets (166 packages loaded, 6345 targets configured)
[19 / 19] 3 / 3 tests; no actions running
Analyzing: 4 targets (166 packages loaded, 6345 targets configured)
[19 / 19] 3 / 3 tests; no actions running
Analyzing: 4 targets (166 packages loaded, 6345 targets configured)
[19 / 19] 3 / 3 tests; no actions running
Analyzing: 4 targets (166 packages loaded, 6345 targets configured)
[19 / 19] 3 / 3 tests; no actions running
Analyzing: 4 targets (166 packages loaded, 6345 targets configured)
[19 / 19] 3 / 3 tests; no actions running
Analyzing: 4 targets (166 packages loaded, 6345 targets configured)
[19 / 19] 3 / 3 tests; no actions running
Analyzing: 4 targets (166 packages loaded, 6345 targets configured)
[19 / 19] 3 / 3 tests; no actions running
Analyzing: 4 targets (166 packages loaded, 6345 targets configured)
[19 / 19] 3 / 3 tests; no actions running
Analyzing: 4 targets (166 packages loaded, 6345 targets configured)
[19 / 19] 3 / 3 tests; no actions running
Analyzing: 4 targets (166 packages loaded, 6345 targets configured)
[19 / 19] 3 / 3 tests; no actions running
Analyzing: 4 targets (166 packages loaded, 6345 targets configured)
[19 / 19] 3 / 3 tests; no actions running
Analyzing: 4 targets (166 packages loaded, 6345 targets configured)
[19 / 19] 3 / 3 tests; no actions running
Analyzing: 4 targets (166 packages loaded, 6345 targets configured)
[19 / 19] 3 / 3 tests; no actions running
Analyzing: 4 targets (166 packages loaded, 6345 targets configured)
[19 / 19] 3 / 3 tests; no actions running
Analyzing: 4 targets (166 packages loaded, 6345 targets configured)
[19 / 19] 3 / 3 tests; no actions running
Analyzing: 4 targets (166 packages loaded, 6345 targets configured)
[19 / 19] 3 / 3 tests; no actions running
Analyzing: 4 targets (166 packages loaded, 6345 targets configured)
[19 / 19] 3 / 3 tests; no actions running
Analyzing: 4 targets (166 packages loaded, 6345 targets configured)
[19 / 19] 3 / 3 tests; no actions running
Analyzing: 4 targets (166 packages loaded, 6345 targets configured)
[19 / 19] 3 / 3 tests; no actions running
Analyzing: 4 targets (166 packages loaded, 6345 targets configured)
[19 / 19] 3 / 3 tests; no actions running
Analyzing: 4 targets (166 packages loaded, 6345 targets configured)
[19 / 19] 3 / 3 tests; no actions running
Analyzing: 4 targets (166 packages loaded, 6345 targets configured)
[19 / 19] 3 / 3 tests; no actions running
Analyzing: 4 targets (166 packages loaded, 6345 targets configured)
[19 / 19] 3 / 3 tests; no actions running
Analyzing: 4 targets (166 packages loaded, 6345 targets configured)
[19 / 19] 3 / 3 tests; no actions running
Analyzing: 4 targets (166 packages loaded, 6345 targets configured)
[19 / 19] 3 / 3 tests; no actions running
Analyzing: 4 targets (166 packages loaded, 6345 targets configured)
[19 / 19] 3 / 3 tests; no actions running
Analyzing: 4 targets (166 packages loaded, 6345 targets configured)
[19 / 19] 3 / 3 tests; no actions running
Analyzing: 4 targets (166 packages loaded, 6345 targets configured)
[19 / 19] 3 / 3 tests; no actions running
Analyzing: 4 targets (166 packages loaded, 6345 targets configured)
[19 / 19] 3 / 3 tests; no actions running
Analyzing: 4 targets (166 packages loaded, 6345 targets configured)
[19 / 19] 3 / 3 tests; no actions running
Analyzing: 4 targets (166 packages loaded, 6345 targets configured)
[19 / 19] 3 / 3 tests; no actions running
Analyzing: 4 targets (166 packages loaded, 6345 targets configured)
[19 / 19] 3 / 3 tests; no actions running
Analyzing: 4 targets (166 packages loaded, 6345 targets configured)
[19 / 19] 3 / 3 tests; no actions running
Analyzing: 4 targets (166 packages loaded, 6345 targets configured)
[19 / 19] 3 / 3 tests; no actions running
Analyzing: 4 targets (166 packages loaded, 6345 targets configured)
[19 / 19] 3 / 3 tests; no actions running
Analyzing: 4 targets (166 packages loaded, 6345 targets configured)
[19 / 19] 3 / 3 tests; no actions running
Analyzing: 4 targets (166 packages loaded, 6345 targets configured)
[19 / 19] 3 / 3 tests; no actions running
Analyzing: 4 targets (166 packages loaded, 6345 targets configured)
[19 / 19] 3 / 3 tests; no actions running
Analyzing: 4 targets (166 packages loaded, 6345 targets configured)
[19 / 19] 3 / 3 tests; no actions running
Analyzing: 4 targets (166 packages loaded, 6345 targets configured)
[19 / 19] 3 / 3 tests; no actions running
Analyzing: 4 targets (166 packages loaded, 6345 targets configured)
[19 / 19] 3 / 3 tests; no actions running
Analyzing: 4 targets (166 packages loaded, 6345 targets configured)
[19 / 19] 3 / 3 tests; no actions running
Analyzing: 4 targets (166 packages loaded, 6345 targets configured)
[19 / 19] 3 / 3 tests; no actions running
Analyzing: 4 targets (166 packages loaded, 6345 targets configured)
[19 / 19] 3 / 3 tests; no actions running
Analyzing: 4 targets (166 packages loaded, 6345 targets configured)
[19 / 19] 3 / 3 tests; no actions running
Analyzing: 4 targets (166 packages loaded, 6345 targets configured)
[19 / 19] 3 / 3 tests; no actions running
Analyzing: 4 targets (166 packages loaded, 6345 targets configured)
[19 / 19] 3 / 3 tests; no actions running
Analyzing: 4 targets (166 packages loaded, 6345 targets configured)
[19 / 19] 3 / 3 tests; no actions running
Analyzing: 4 targets (166 packages loaded, 6345 targets configured)
[19 / 19] 3 / 3 tests; no actions running
Analyzing: 4 targets (166 packages loaded, 6345 targets configured)
[19 / 19] 3 / 3 tests; no actions running
Analyzing: 4 targets (166 packages loaded, 6345 targets configured)
[19 / 19] 3 / 3 tests; no actions running
Analyzing: 4 targets (166 packages loaded, 6345 targets configured)
[19 / 19] 3 / 3 tests; no actions running
Analyzing: 4 targets (166 packages loaded, 6345 targets configured)
[19 / 19] 3 / 3 tests; no actions running
Analyzing: 4 targets (166 packages loaded, 6345 targets configured)
[19 / 19] 3 / 3 tests; no actions running
Analyzing: 4 targets (166 packages loaded, 6345 targets configured)
[19 / 19] 3 / 3 tests; no actions running
Analyzing: 4 targets (166 packages loaded, 6345 targets configured)
[19 / 19] 3 / 3 tests; no actions running
Analyzing: 4 targets (166 packages loaded, 6345 targets configured)
[19 / 19] 3 / 3 tests; no actions running
Analyzing: 4 targets (166 packages loaded, 6345 targets configured)
[19 / 19] 3 / 3 tests; no actions running
Analyzing: 4 targets (166 packages loaded, 6345 targets configured)
[19 / 19] 3 / 3 tests; no actions running
Analyzing: 4 targets (166 packages loaded, 6345 targets configured)
[19 / 19] 3 / 3 tests; no actions running
Analyzing: 4 targets (166 packages loaded, 6345 targets configured)
[19 / 19] 3 / 3 tests; no actions running
Analyzing: 4 targets (166 packages loaded, 6345 targets configured)
[19 / 19] 3 / 3 tests; no actions running
Analyzing: 4 targets (166 packages loaded, 6345 targets configured)
[19 / 19] 3 / 3 tests; no actions running
Analyzing: 4 targets (166 packages loaded, 6345 targets configured)
[19 / 19] 3 / 3 tests; no actions running
Analyzing: 4 targets (166 packages loaded, 6345 targets configured)
[19 / 19] 3 / 3 tests; no actions running
Analyzing: 4 targets (166 packages loaded, 6345 targets configured)
[19 / 19] 3 / 3 tests; no actions running
Analyzing: 4 targets (166 packages loaded, 6345 targets configured)
[19 / 19] 3 / 3 tests; no actions running
Analyzing: 4 targets (166 packages loaded, 6345 targets configured)
[19 / 19] 3 / 3 tests; no actions running
Analyzing: 4 targets (166 packages loaded, 6345 targets configured)
[19 / 19] 3 / 3 tests; no actions running
Analyzing: 4 targets (166 packages loaded, 6345 targets configured)
[19 / 19] 3 / 3 tests; no actions running
Analyzing: 4 targets (166 packages loaded, 6345 targets configured)
[19 / 19] 3 / 3 tests; no actions running
Analyzing: 4 targets (166 packages loaded, 6345 targets configured)
[19 / 19] 3 / 3 tests; no actions running
Analyzing: 4 targets (166 packages loaded, 6345 targets configured)
[19 / 19] 3 / 3 tests; no actions running
Analyzing: 4 targets (166 packages loaded, 6345 targets configured)
[19 / 19] 3 / 3 tests; no actions running
Analyzing: 4 targets (166 packages loaded, 6345 targets configured)
[19 / 19] 3 / 3 tests; no actions running
Analyzing: 4 targets (166 packages loaded, 6345 targets configured)
[19 / 19] 3 / 3 tests; no actions running
Analyzing: 4 targets (166 packages loaded, 6345 targets configured)
[19 / 19] 3 / 3 tests; no actions running
Analyzing: 4 targets (166 packages loaded, 6345 targets configured)
[19 / 19] 3 / 3 tests; no actions running
Analyzing: 4 targets (166 packages loaded, 6345 targets configured)
[19 / 19] 3 / 3 tests; no actions running
Analyzing: 4 targets (166 packages loaded, 6345 targets configured)
[19 / 19] 3 / 3 tests; no actions running
Analyzing: 4 targets (166 packages loaded, 6345 targets configured)
[19 / 19] 3 / 3 tests; no actions running
Analyzing: 4 targets (166 packages loaded, 6345 targets configured)
[19 / 19] 3 / 3 tests; no actions running
Analyzing: 4 targets (166 packages loaded, 6345 targets configured)
[19 / 19] 3 / 3 tests; no actions running
Analyzing: 4 targets (166 packages loaded, 6345 targets configured)
[19 / 19] 3 / 3 tests; no actions running
Analyzing: 4 targets (166 packages loaded, 6345 targets configured)
[19 / 19] 3 / 3 tests; no actions running
Analyzing: 4 targets (166 packages loaded, 6345 targets configured)
[19 / 19] 3 / 3 tests; no actions running
Analyzing: 4 targets (166 packages loaded, 6345 targets configured)
[19 / 19] 3 / 3 tests; no actions running
Analyzing: 4 targets (166 packages loaded, 6345 targets configured)
[19 / 19] 3 / 3 tests; no actions running
Analyzing: 4 targets (166 packages loaded, 6345 targets configured)
[19 / 19] 3 / 3 tests; no actions running
Analyzing: 4 targets (166 packages loaded, 6345 targets configured)
[19 / 19] 3 / 3 tests; no actions running
Analyzing: 4 targets (166 packages loaded, 6345 targets configured)
[19 / 19] 3 / 3 tests; no actions running
Analyzing: 4 targets (166 packages loaded, 6345 targets configured)
[19 / 19] 3 / 3 tests; no actions running
Analyzing: 4 targets (166 packages loaded, 6345 targets configured)
[19 / 19] 3 / 3 tests; no actions running
Analyzing: 4 targets (166 packages loaded, 6345 targets configured)
[19 / 19] 3 / 3 tests; no actions running
Analyzing: 4 targets (166 packages loaded, 6345 targets configured)
[19 / 19] 3 / 3 tests; no actions running
Analyzing: 4 targets (166 packages loaded, 6345 targets configured)
[19 / 19] 3 / 3 tests; no actions running
Analyzing: 4 targets (166 packages loaded, 6345 targets configured)
[19 / 19] 3 / 3 tests; no actions running
Analyzing: 4 targets (166 packages loaded, 6345 targets configured)
[19 / 19] 3 / 3 tests; no actions running
Analyzing: 4 targets (166 packages loaded, 6345 targets configured)
[19 / 19] 3 / 3 tests; no actions running
Analyzing: 4 targets (166 packages loaded, 6345 targets configured)
[19 / 19] 3 / 3 tests; no actions running
Analyzing: 4 targets (166 packages loaded, 6345 targets configured)
[19 / 19] 3 / 3 tests; no actions running
Analyzing: 4 targets (166 packages loaded, 6345 targets configured)
[19 / 19] 3 / 3 tests; no actions running
Analyzing: 4 targets (166 packages loaded, 6345 targets configured)
[19 / 19] 3 / 3 tests; no actions running
Analyzing: 4 targets (166 packages loaded, 6345 targets configured)
[19 / 19] 3 / 3 tests; no actions running
Analyzing: 4 targets (166 packages loaded, 6345 targets configured)
[19 / 19] 3 / 3 tests; no actions running
Analyzing: 4 targets (166 packages loaded, 6345 targets configured)
[19 / 19] 3 / 3 tests; no actions running
Analyzing: 4 targets (166 packages loaded, 6345 targets configured)
[19 / 19] 3 / 3 tests; no actions running
Analyzing: 4 targets (166 packages loaded, 6345 targets configured)
[19 / 19] 3 / 3 tests; no actions running
Analyzing: 4 targets (166 packages loaded, 6345 targets configured)
[19 / 19] 3 / 3 tests; no actions running
Analyzing: 4 targets (166 packages loaded, 6345 targets configured)
[19 / 19] 3 / 3 tests; no actions running
Analyzing: 4 targets (166 packages loaded, 6345 targets configured)
[19 / 19] 3 / 3 tests; no actions running
Analyzing: 4 targets (166 packages loaded, 6345 targets configured)
[19 / 19] 3 / 3 tests; no actions running
Analyzing: 4 targets (166 packages loaded, 6345 targets configured)
[19 / 19] 3 / 3 tests; no actions running
Analyzing: 4 targets (166 packages loaded, 6345 targets configured)
[19 / 19] 3 / 3 tests; no actions running
Analyzing: 4 targets (166 packages loaded, 6345 targets configured)
[19 / 19] 3 / 3 tests; no actions running
Analyzing: 4 targets (166 packages loaded, 6345 targets configured)
[19 / 19] 3 / 3 tests; no actions running
Analyzing: 4 targets (166 packages loaded, 6345 targets configured)
[19 / 19] 3 / 3 tests; no actions running
Analyzing: 4 targets (166 packages loaded, 6345 targets configured)
[19 / 19] 3 / 3 tests; no actions running
Analyzing: 4 targets (166 packages loaded, 6345 targets configured)
[19 / 19] 3 / 3 tests; no actions running
Analyzing: 4 targets (166 packages loaded, 6345 targets configured)
[19 / 19] 3 / 3 tests; no actions running
Analyzing: 4 targets (166 packages loaded, 6345 targets configured)
[19 / 19] 3 / 3 tests; no actions running
Analyzing: 4 targets (166 packages loaded, 6345 targets configured)
[19 / 19] 3 / 3 tests; no actions running
Analyzing: 4 targets (166 packages loaded, 6345 targets configured)
[19 / 19] 3 / 3 tests; no actions running
Analyzing: 4 targets (166 packages loaded, 6345 targets configured)
[19 / 19] 3 / 3 tests; no actions running
Analyzing: 4 targets (166 packages loaded, 6345 targets configured)
[19 / 19] 3 / 3 tests; no actions running
Analyzing: 4 targets (166 packages loaded, 6345 targets configured)
[19 / 19] 3 / 3 tests; no actions running
Analyzing: 4 targets (166 packages loaded, 6345 targets configured)
[19 / 19] 3 / 3 tests; no actions running
Analyzing: 4 targets (166 packages loaded, 6345 targets configured)
[19 / 19] 3 / 3 tests; no actions running
Analyzing: 4 targets (166 packages loaded, 6345 targets configured)
[19 / 19] 3 / 3 tests; no actions running
Analyzing: 4 targets (166 packages loaded, 6345 targets configured)
[19 / 19] 3 / 3 tests; no actions running
Analyzing: 4 targets (166 packages loaded, 6345 targets configured)
[19 / 19] 3 / 3 tests; no actions running
Analyzing: 4 targets (166 packages loaded, 6345 targets configured)
[19 / 19] 3 / 3 tests; no actions running
Analyzing: 4 targets (166 packages loaded, 6345 targets configured)
[19 / 19] 3 / 3 tests; no actions running
Analyzing: 4 targets (166 packages loaded, 6345 targets configured)
[19 / 19] 3 / 3 tests; no actions running
Analyzing: 4 targets (166 packages loaded, 6345 targets configured)
[19 / 19] 3 / 3 tests; no actions running
Analyzing: 4 targets (166 packages loaded, 6345 targets configured)
[19 / 19] 3 / 3 tests; no actions running
Analyzing: 4 targets (166 packages loaded, 6345 targets configured)
[19 / 19] 3 / 3 tests; no actions running
Analyzing: 4 targets (166 packages loaded, 6345 targets configured)
[19 / 19] 3 / 3 tests; no actions running
Analyzing: 4 targets (166 packages loaded, 6345 targets configured)
[19 / 19] 3 / 3 tests; no actions running
Analyzing: 4 targets (166 packages loaded, 6345 targets configured)
[19 / 19] 3 / 3 tests; no actions running
Analyzing: 4 targets (166 packages loaded, 6345 targets configured)
[19 / 19] 3 / 3 tests; no actions running
Analyzing: 4 targets (166 packages loaded, 6345 targets configured)
[19 / 19] 3 / 3 tests; no actions running
Analyzing: 4 targets (166 packages loaded, 6345 targets configured)
[19 / 19] 3 / 3 tests; no actions running
Analyzing: 4 targets (166 packages loaded, 6345 targets configured)
[19 / 19] 3 / 3 tests; no actions running
Analyzing: 4 targets (166 packages loaded, 6345 targets configured)
[19 / 19] 3 / 3 tests; no actions running
Analyzing: 4 targets (166 packages loaded, 6345 targets configured)
[19 / 19] 3 / 3 tests; no actions running
Analyzing: 4 targets (166 packages loaded, 6345 targets configured)
[19 / 19] 3 / 3 tests; no actions running
Analyzing: 4 targets (166 packages loaded, 6345 targets configured)
[19 / 19] 3 / 3 tests; no actions running
Analyzing: 4 targets (166 packages loaded, 6345 targets configured)
[19 / 19] 3 / 3 tests; no actions running
Analyzing: 4 targets (166 packages loaded, 6345 targets configured)
[19 / 19] 3 / 3 tests; no actions running
Analyzing: 4 targets (166 packages loaded, 6345 targets configured)
[19 / 19] 3 / 3 tests; no actions running
Analyzing: 4 targets (166 packages loaded, 6345 targets configured)
[19 / 19] 3 / 3 tests; no actions running
Analyzing: 4 targets (166 packages loaded, 6345 targets configured)
[19 / 19] 3 / 3 tests; no actions running
Analyzing: 4 targets (166 packages loaded, 6345 targets configured)
[19 / 19] 3 / 3 tests; no actions running
Analyzing: 4 targets (166 packages loaded, 6345 targets configured)
[19 / 19] 3 / 3 tests; no actions running
Analyzing: 4 targets (166 packages loaded, 6345 targets configured)
[19 / 19] 3 / 3 tests; no actions running
Analyzing: 4 targets (166 packages loaded, 6345 targets configured)
[19 / 19] 3 / 3 tests; no actions running
Analyzing: 4 targets (166 packages loaded, 6345 targets configured)
[19 / 19] 3 / 3 tests; no actions running
Analyzing: 4 targets (166 packages loaded, 6345 targets configured)
[19 / 19] 3 / 3 tests; no actions running
Analyzing: 4 targets (166 packages loaded, 6345 targets configured)
[19 / 19] 3 / 3 tests; no actions running
Analyzing: 4 targets (166 packages loaded, 6345 targets configured)
[19 / 19] 3 / 3 tests; no actions running
Analyzing: 4 targets (166 packages loaded, 6345 targets configured)
[19 / 19] 3 / 3 tests; no actions running
Analyzing: 4 targets (166 packages loaded, 6345 targets configured)
[19 / 19] 3 / 3 tests; no actions running
Analyzing: 4 targets (166 packages loaded, 6345 targets configured)
[19 / 19] 3 / 3 tests; no actions running
Analyzing: 4 targets (166 packages loaded, 6345 targets configured)
[19 / 19] 3 / 3 tests; no actions running
Analyzing: 4 targets (166 packages loaded, 6345 targets configured)
[19 / 19] 3 / 3 tests; no actions running
Analyzing: 4 targets (166 packages loaded, 6345 targets configured)
[19 / 19] 3 / 3 tests; no actions running
Analyzing: 4 targets (166 packages loaded, 6345 targets configured)
[19 / 19] 3 / 3 tests; no actions running
Analyzing: 4 targets (166 packages loaded, 6345 targets configured)
[19 / 19] 3 / 3 tests; no actions running
Analyzing: 4 targets (166 packages loaded, 6345 targets configured)
[19 / 19] 3 / 3 tests; no actions running
Analyzing: 4 targets (166 packages loaded, 6345 targets configured)
[19 / 19] 3 / 3 tests; no actions running
Analyzing: 4 targets (166 packages loaded, 6345 targets configured)
[19 / 19] 3 / 3 tests; no actions running
Analyzing: 4 targets (166 packages loaded, 6345 targets configured)
[19 / 19] 3 / 3 tests; no actions running
Analyzing: 4 targets (166 packages loaded, 6345 targets configured)
[19 / 19] 3 / 3 tests; no actions running
Analyzing: 4 targets (166 packages loaded, 6345 targets configured)
[19 / 19] 3 / 3 tests; no actions running
Analyzing: 4 targets (166 packages loaded, 6345 targets configured)
[19 / 19] 3 / 3 tests; no actions running
Analyzing: 4 targets (166 packages loaded, 6345 targets configured)
[19 / 19] 3 / 3 tests; no actions running
Analyzing: 4 targets (166 packages loaded, 6345 targets configured)
[19 / 19] 3 / 3 tests; no actions running
Analyzing: 4 targets (166 packages loaded, 6345 targets configured)
[19 / 19] 3 / 3 tests; no actions running
Analyzing: 4 targets (166 packages loaded, 6345 targets configured)
[19 / 19] 3 / 3 tests; no actions running
Analyzing: 4 targets (166 packages loaded, 6345 targets configured)
[19 / 19] 3 / 3 tests; no actions running
Analyzing: 4 targets (166 packages loaded, 6345 targets configured)
[19 / 19] 3 / 3 tests; no actions running
Analyzing: 4 targets (166 packages loaded, 6345 targets configured)
[19 / 19] 3 / 3 tests; no actions running
Analyzing: 4 targets (166 packages loaded, 6345 targets configured)
[19 / 19] 3 / 3 tests; no actions running
Analyzing: 4 targets (166 packages loaded, 6345 targets configured)
[19 / 19] 3 / 3 tests; no actions running
Analyzing: 4 targets (166 packages loaded, 6345 targets configured)
[19 / 19] 3 / 3 tests; no actions running
Analyzing: 4 targets (166 packages loaded, 6345 targets configured)
[19 / 19] 3 / 3 tests; no actions running
Analyzing: 4 targets (166 packages loaded, 6345 targets configured)
[19 / 19] 3 / 3 tests; no actions running
Analyzing: 4 targets (166 packages loaded, 6345 targets configured)
[19 / 19] 3 / 3 tests; no actions running
Analyzing: 4 targets (166 packages loaded, 6345 targets configured)
[19 / 19] 3 / 3 tests; no actions running
Analyzing: 4 targets (166 packages loaded, 6345 targets configured)
[19 / 19] 3 / 3 tests; no actions running
Analyzing: 4 targets (166 packages loaded, 6345 targets configured)
[19 / 19] 3 / 3 tests; no actions running
Analyzing: 4 targets (166 packages loaded, 6345 targets configured)
[19 / 19] 3 / 3 tests; no actions running
Analyzing: 4 targets (166 packages loaded, 6345 targets configured)
[19 / 19] 3 / 3 tests; no actions running
Analyzing: 4 targets (166 packages loaded, 6345 targets configured)
[19 / 19] 3 / 3 tests; no actions running
Analyzing: 4 targets (166 packages loaded, 6345 targets configured)
[19 / 19] 3 / 3 tests; no actions running
Analyzing: 4 targets (166 packages loaded, 6345 targets configured)
[19 / 19] 3 / 3 tests; no actions running
Analyzing: 4 targets (166 packages loaded, 6345 targets configured)
[19 / 19] 3 / 3 tests; no actions running
Analyzing: 4 targets (166 packages loaded, 6345 targets configured)
[19 / 19] 3 / 3 tests; no actions running
Analyzing: 4 targets (166 packages loaded, 6345 targets configured)
[19 / 19] 3 / 3 tests; no actions running
Analyzing: 4 targets (166 packages loaded, 6345 targets configured)
[19 / 19] 3 / 3 tests; no actions running
Analyzing: 4 targets (166 packages loaded, 6345 targets configured)
[19 / 19] 3 / 3 tests; no actions running
Analyzing: 4 targets (166 packages loaded, 6345 targets configured)
[19 / 19] 3 / 3 tests; no actions running
Analyzing: 4 targets (166 packages loaded, 6345 targets configured)
[19 / 19] 3 / 3 tests; no actions running
Analyzing: 4 targets (166 packages loaded, 6345 targets configured)
[19 / 19] 3 / 3 tests; no actions running
Analyzing: 4 targets (166 packages loaded, 6345 targets configured)
[19 / 19] 3 / 3 tests; no actions running
Analyzing: 4 targets (166 packages loaded, 6345 targets configured)
[19 / 19] 3 / 3 tests; no actions running
Analyzing: 4 targets (166 packages loaded, 6345 targets configured)
[19 / 19] 3 / 3 tests; no actions running
Analyzing: 4 targets (166 packages loaded, 6345 targets configured)
[19 / 19] 3 / 3 tests; no actions running
Analyzing: 4 targets (166 packages loaded, 6345 targets configured)
[19 / 19] 3 / 3 tests; no actions running
Analyzing: 4 targets (166 packages loaded, 6345 targets configured)
[19 / 19] 3 / 3 tests; no actions running
Analyzing: 4 targets (166 packages loaded, 6345 targets configured)
[19 / 19] 3 / 3 tests; no actions running
Analyzing: 4 targets (166 packages loaded, 6345 targets configured)
[19 / 19] 3 / 3 tests; no actions running
Analyzing: 4 targets (166 packages loaded, 6345 targets configured)
[19 / 19] 3 / 3 tests; no actions running
Analyzing: 4 targets (166 packages loaded, 6345 targets configured)
[19 / 19] 3 / 3 tests; no actions running
Analyzing: 4 targets (166 packages loaded, 6345 targets configured)
[19 / 19] 3 / 3 tests; no actions running
Analyzing: 4 targets (166 packages loaded, 6345 targets configured)
[19 / 19] 3 / 3 tests; no actions running
Analyzing: 4 targets (166 packages loaded, 6345 targets configured)
[19 / 19] 3 / 3 tests; no actions running
Analyzing: 4 targets (166 packages loaded, 6345 targets configured)
[19 / 19] 3 / 3 tests; no actions running
Analyzing: 4 targets (166 packages loaded, 6345 targets configured)
[19 / 19] 3 / 3 tests; no actions running
Analyzing: 4 targets (166 packages loaded, 6345 targets configured)
[19 / 19] 3 / 3 tests; no actions running
Analyzing: 4 targets (166 packages loaded, 6345 targets configured)
[19 / 19] 3 / 3 tests; no actions running
Analyzing: 4 targets (166 packages loaded, 6345 targets configured)
[19 / 19] 3 / 3 tests; no actions running
Analyzing: 4 targets (166 packages loaded, 6345 targets configured)
[19 / 19] 3 / 3 tests; no actions running
Analyzing: 4 targets (166 packages loaded, 6345 targets configured)
[19 / 19] 3 / 3 tests; no actions running
Analyzing: 4 targets (166 packages loaded, 6345 targets configured)
[19 / 19] 3 / 3 tests; no actions running
Analyzing: 4 targets (166 packages loaded, 6345 targets configured)
[19 / 19] 3 / 3 tests; no actions running
Analyzing: 4 targets (166 packages loaded, 6345 targets configured)
[19 / 19] 3 / 3 tests; no actions running
Analyzing: 4 targets (166 packages loaded, 6345 targets configured)
[19 / 19] 3 / 3 tests; no actions running
Analyzing: 4 targets (166 packages loaded, 6345 targets configured)
[19 / 19] 3 / 3 tests; no actions running
Analyzing: 4 targets (166 packages loaded, 6345 targets configured)
[19 / 19] 3 / 3 tests; no actions running
Analyzing: 4 targets (166 packages loaded, 6345 targets configured)
[19 / 19] 3 / 3 tests; no actions running
Analyzing: 4 targets (166 packages loaded, 6345 targets configured)
[19 / 19] 3 / 3 tests; no actions running
Analyzing: 4 targets (166 packages loaded, 6345 targets configured)
[19 / 19] 3 / 3 tests; no actions running
Analyzing: 4 targets (166 packages loaded, 6345 targets configured)
[19 / 19] 3 / 3 tests; no actions running
Analyzing: 4 targets (166 packages loaded, 6345 targets configured)
[19 / 19] 3 / 3 tests; no actions running
Analyzing: 4 targets (166 packages loaded, 6345 targets configured)
[19 / 19] 3 / 3 tests; no actions running
Analyzing: 4 targets (166 packages loaded, 6345 targets configured)
[19 / 19] 3 / 3 tests; no actions running
Analyzing: 4 targets (166 packages loaded, 6345 targets configured)
[19 / 19] 3 / 3 tests; no actions running
Analyzing: 4 targets (166 packages loaded, 6345 targets configured)
[19 / 19] 3 / 3 tests; no actions running
Analyzing: 4 targets (166 packages loaded, 6345 targets configured)
[19 / 19] 3 / 3 tests; no actions running
Analyzing: 4 targets (166 packages loaded, 6345 targets configured)
[19 / 19] 3 / 3 tests; no actions running
Analyzing: 4 targets (166 packages loaded, 6345 targets configured)
[19 / 19] 3 / 3 tests; no actions running
Analyzing: 4 targets (166 packages loaded, 6345 targets configured)
[19 / 19] 3 / 3 tests; no actions running
Analyzing: 4 targets (166 packages loaded, 6345 targets configured)
[19 / 19] 3 / 3 tests; no actions running
Analyzing: 4 targets (166 packages loaded, 6345 targets configured)
[19 / 19] 3 / 3 tests; no actions running
Analyzing: 4 targets (166 packages loaded, 6345 targets configured)
[19 / 19] 3 / 3 tests; no actions running
Analyzing: 4 targets (166 packages loaded, 6345 targets configured)
[19 / 19] 3 / 3 tests; no actions running
Analyzing: 4 targets (166 packages loaded, 6345 targets configured)
[19 / 19] 3 / 3 tests; no actions running
Analyzing: 4 targets (166 packages loaded, 6345 targets configured)
[19 / 19] 3 / 3 tests; no actions running
Analyzing: 4 targets (166 packages loaded, 6345 targets configured)
[19 / 19] 3 / 3 tests; no actions running
Analyzing: 4 targets (166 packages loaded, 6345 targets configured)
[19 / 19] 3 / 3 tests; no actions running
Analyzing: 4 targets (166 packages loaded, 6345 targets configured)
[19 / 19] 3 / 3 tests; no actions running
Analyzing: 4 targets (166 packages loaded, 6345 targets configured)
[19 / 19] 3 / 3 tests; no actions running
Analyzing: 4 targets (166 packages loaded, 6345 targets configured)
[19 / 19] 3 / 3 tests; no actions running
Analyzing: 4 targets (166 packages loaded, 6345 targets configured)
[19 / 19] 3 / 3 tests; no actions running
Analyzing: 4 targets (166 packages loaded, 6345 targets configured)
[19 / 19] 3 / 3 tests; no actions running
Analyzing: 4 targets (166 packages loaded, 6345 targets configured)
[19 / 19] 3 / 3 tests; no actions running
Analyzing: 4 targets (166 packages loaded, 6345 targets configured)
[19 / 19] 3 / 3 tests; no actions running
Analyzing: 4 targets (166 packages loaded, 6345 targets configured)
[19 / 19] 3 / 3 tests; no actions running
Analyzing: 4 targets (166 packages loaded, 6345 targets configured)
[19 / 19] 3 / 3 tests; no actions running
Analyzing: 4 targets (166 packages loaded, 6345 targets configured)
[19 / 19] 3 / 3 tests; no actions running
Analyzing: 4 targets (166 packages loaded, 6345 targets configured)
[19 / 19] 3 / 3 tests; no actions running
Analyzing: 4 targets (166 packages loaded, 6345 targets configured)
[19 / 19] 3 / 3 tests; no actions running
Analyzing: 4 targets (166 packages loaded, 6345 targets configured)
[19 / 19] 3 / 3 tests; no actions running
Analyzing: 4 targets (166 packages loaded, 6345 targets configured)
[19 / 19] 3 / 3 tests; no actions running
Analyzing: 4 targets (166 packages loaded, 6345 targets configured)
[19 / 19] 3 / 3 tests; no actions running
Analyzing: 4 targets (166 packages loaded, 6345 targets configured)
[19 / 19] 3 / 3 tests; no actions running
Analyzing: 4 targets (166 packages loaded, 6345 targets configured)
[19 / 19] 3 / 3 tests; no actions running
Analyzing: 4 targets (166 packages loaded, 6345 targets configured)
[19 / 19] 3 / 3 tests; no actions running
Analyzing: 4 targets (166 packages loaded, 6345 targets configured)
[19 / 19] 3 / 3 tests; no actions running
Analyzing: 4 targets (166 packages loaded, 6345 targets configured)
[19 / 19] 3 / 3 tests; no actions running
Analyzing: 4 targets (166 packages loaded, 6345 targets configured)
[19 / 19] 3 / 3 tests; no actions running
Analyzing: 4 targets (166 packages loaded, 6345 targets configured)
[19 / 19] 3 / 3 tests; no actions running
Analyzing: 4 targets (166 packages loaded, 6345 targets configured)
[19 / 19] 3 / 3 tests; no actions running
Analyzing: 4 targets (166 packages loaded, 6345 targets configured)
[19 / 19] 3 / 3 tests; no actions running
Analyzing: 4 targets (166 packages loaded, 6345 targets configured)
[19 / 19] 3 / 3 tests; no actions running
Analyzing: 4 targets (166 packages loaded, 6345 targets configured)
[19 / 19] 3 / 3 tests; no actions running
Analyzing: 4 targets (166 packages loaded, 6345 targets configured)
[19 / 19] 3 / 3 tests; no actions running
Analyzing: 4 targets (166 packages loaded, 6345 targets configured)
[19 / 19] 3 / 3 tests; no actions running
Analyzing: 4 targets (166 packages loaded, 6345 targets configured)
[19 / 19] 3 / 3 tests; no actions running
Analyzing: 4 targets (166 packages loaded, 6345 targets configured)
[19 / 19] 3 / 3 tests; no actions running
Analyzing: 4 targets (166 packages loaded, 6345 targets configured)
[19 / 19] 3 / 3 tests; no actions running
Analyzing: 4 targets (166 packages loaded, 6345 targets configured)
[19 / 19] 3 / 3 tests; no actions running
Analyzing: 4 targets (166 packages loaded, 6345 targets configured)
[19 / 19] 3 / 3 tests; no actions running
Analyzing: 4 targets (166 packages loaded, 6345 targets configured)
[19 / 19] 3 / 3 tests; no actions running
Analyzing: 4 targets (166 packages loaded, 6345 targets configured)
[19 / 19] 3 / 3 tests; no actions running
Analyzing: 4 targets (166 packages loaded, 6345 targets configured)
[19 / 19] 3 / 3 tests; no actions running
Analyzing: 4 targets (166 packages loaded, 6345 targets configured)
[19 / 19] 3 / 3 tests; no actions running
Analyzing: 4 targets (166 packages loaded, 6345 targets configured)
[19 / 19] 3 / 3 tests; no actions running
Analyzing: 4 targets (166 packages loaded, 6345 targets configured)
[19 / 19] 3 / 3 tests; no actions running
Analyzing: 4 targets (166 packages loaded, 6345 targets configured)
[19 / 19] 3 / 3 tests; no actions running
Analyzing: 4 targets (166 packages loaded, 6345 targets configured)
[19 / 19] 3 / 3 tests; no actions running
Analyzing: 4 targets (166 packages loaded, 6345 targets configured)
[19 / 19] 3 / 3 tests; no actions running
Analyzing: 4 targets (166 packages loaded, 6345 targets configured)
[19 / 19] 3 / 3 tests; no actions running
Analyzing: 4 targets (166 packages loaded, 6345 targets configured)
[19 / 19] 3 / 3 tests; no actions running
Analyzing: 4 targets (166 packages loaded, 6345 targets configured)
[19 / 19] 3 / 3 tests; no actions running
Analyzing: 4 targets (166 packages loaded, 6345 targets configured)
[19 / 19] 3 / 3 tests; no actions running
Analyzing: 4 targets (166 packages loaded, 6345 targets configured)
[19 / 19] 3 / 3 tests; no actions running
Analyzing: 4 targets (166 packages loaded, 6345 targets configured)
[19 / 19] 3 / 3 tests; no actions running
Analyzing: 4 targets (166 packages loaded, 6345 targets configured)
[19 / 19] 3 / 3 tests; no actions running
Analyzing: 4 targets (166 packages loaded, 6345 targets configured)
[19 / 19] 3 / 3 tests; no actions running
Analyzing: 4 targets (166 packages loaded, 6345 targets configured)
[19 / 19] 3 / 3 tests; no actions running
Analyzing: 4 targets (166 packages loaded, 6345 targets configured)
[19 / 19] 3 / 3 tests; no actions running
Analyzing: 4 targets (166 packages loaded, 6345 targets configured)
[19 / 19] 3 / 3 tests; no actions running
Analyzing: 4 targets (166 packages loaded, 6345 targets configured)
[19 / 19] 3 / 3 tests; no actions running
Analyzing: 4 targets (166 packages loaded, 6345 targets configured)
[19 / 19] 3 / 3 tests; no actions running
Analyzing: 4 targets (166 packages loaded, 6345 targets configured)
[19 / 19] 3 / 3 tests; no actions running
Analyzing: 4 targets (166 packages loaded, 6345 targets configured)
[19 / 19] 3 / 3 tests; no actions running
Analyzing: 4 targets (166 packages loaded, 6345 targets configured)
[19 / 19] 3 / 3 tests; no actions running
Analyzing: 4 targets (166 packages loaded, 6345 targets configured)
[19 / 19] 3 / 3 tests; no actions running
Analyzing: 4 targets (166 packages loaded, 6345 targets configured)
[19 / 19] 3 / 3 tests; no actions running
Analyzing: 4 targets (166 packages loaded, 6345 targets configured)
[19 / 19] 3 / 3 tests; no actions running
Analyzing: 4 targets (166 packages loaded, 6345 targets configured)
[19 / 19] 3 / 3 tests; no actions running
Analyzing: 4 targets (166 packages loaded, 6345 targets configured)
[19 / 19] 3 / 3 tests; no actions running
Analyzing: 4 targets (166 packages loaded, 6345 targets configured)
[19 / 19] 3 / 3 tests; no actions running
Analyzing: 4 targets (166 packages loaded, 6345 targets configured)
[19 / 19] 3 / 3 tests; no actions running
Analyzing: 4 targets (166 packages loaded, 6345 targets configured)
[19 / 19] 3 / 3 tests; no actions running
Analyzing: 4 targets (166 packages loaded, 6345 targets configured)
[19 / 19] 3 / 3 tests; no actions running
Analyzing: 4 targets (166 packages loaded, 6345 targets configured)
[19 / 19] 3 / 3 tests; no actions running
Analyzing: 4 targets (166 packages loaded, 6345 targets configured)
[19 / 19] 3 / 3 tests; no actions running
Analyzing: 4 targets (166 packages loaded, 6345 targets configured)
[19 / 19] 3 / 3 tests; no actions running
Analyzing: 4 targets (166 packages loaded, 6345 targets configured)
[19 / 19] 3 / 3 tests; no actions running
Analyzing: 4 targets (166 packages loaded, 6345 targets configured)
[19 / 19] 3 / 3 tests; no actions running
Analyzing: 4 targets (166 packages loaded, 6345 targets configured)
[19 / 19] 3 / 3 tests; no actions running
Analyzing: 4 targets (166 packages loaded, 6345 targets configured)
[19 / 19] 3 / 3 tests; no actions running
Analyzing: 4 targets (166 packages loaded, 6345 targets configured)
[19 / 19] 3 / 3 tests; no actions running
Analyzing: 4 targets (166 packages loaded, 6345 targets configured)
[19 / 19] 3 / 3 tests; no actions running
Analyzing: 4 targets (166 packages loaded, 6345 targets configured)
[19 / 19] 3 / 3 tests; no actions running
Analyzing: 4 targets (166 packages loaded, 6345 targets configured)
[19 / 19] 3 / 3 tests; no actions running
Analyzing: 4 targets (166 packages loaded, 6345 targets configured)
[19 / 19] 3 / 3 tests; no actions running
Analyzing: 4 targets (166 packages loaded, 6345 targets configured)
[19 / 19] 3 / 3 tests; no actions running
Analyzing: 4 targets (166 packages loaded, 6345 targets configured)
[19 / 19] 3 / 3 tests; no actions running
Analyzing: 4 targets (166 packages loaded, 6345 targets configured)
[19 / 19] 3 / 3 tests; no actions running
Analyzing: 4 targets (166 packages loaded, 6345 targets configured)
[19 / 19] 3 / 3 tests; no actions running
Analyzing: 4 targets (166 packages loaded, 6345 targets configured)
[19 / 19] 3 / 3 tests; no actions running
Analyzing: 4 targets (166 packages loaded, 6345 targets configured)
[19 / 19] 3 / 3 tests; no actions running
Analyzing: 4 targets (166 packages loaded, 6345 targets configured)
[19 / 19] 3 / 3 tests; no actions running
Analyzing: 4 targets (166 packages loaded, 6345 targets configured)
[19 / 19] 3 / 3 tests; no actions running
Analyzing: 4 targets (166 packages loaded, 6345 targets configured)
[19 / 19] 3 / 3 tests; no actions running
Analyzing: 4 targets (166 packages loaded, 6345 targets configured)
[19 / 19] 3 / 3 tests; no actions running
Analyzing: 4 targets (166 packages loaded, 6345 targets configured)
[19 / 19] 3 / 3 tests; no actions running
Analyzing: 4 targets (166 packages loaded, 6345 targets configured)
[19 / 19] 3 / 3 tests; no actions running
Analyzing: 4 targets (166 packages loaded, 6345 targets configured)
[19 / 19] 3 / 3 tests; no actions running
Analyzing: 4 targets (166 packages loaded, 6345 targets configured)
[19 / 19] 3 / 3 tests; no actions running
Analyzing: 4 targets (166 packages loaded, 6345 targets configured)
[19 / 19] 3 / 3 tests; no actions running
Analyzing: 4 targets (166 packages loaded, 6345 targets configured)
[19 / 19] 3 / 3 tests; no actions running
Analyzing: 4 targets (166 packages loaded, 6345 targets configured)
[19 / 19] 3 / 3 tests; no actions running
Analyzing: 4 targets (166 packages loaded, 6345 targets configured)
[19 / 19] 3 / 3 tests; no actions running
Analyzing: 4 targets (166 packages loaded, 6345 targets configured)
[19 / 19] 3 / 3 tests; no actions running
Analyzing: 4 targets (166 packages loaded, 6345 targets configured)
[19 / 19] 3 / 3 tests; no actions running
Analyzing: 4 targets (166 packages loaded, 6345 targets configured)
[19 / 19] 3 / 3 tests; no actions running
Analyzing: 4 targets (166 packages loaded, 6345 targets configured)
[19 / 19] 3 / 3 tests; no actions running
Analyzing: 4 targets (166 packages loaded, 6345 targets configured)
[19 / 19] 3 / 3 tests; no actions running
Analyzing: 4 targets (166 packages loaded, 6345 targets configured)
[19 / 19] 3 / 3 tests; no actions running
Analyzing: 4 targets (166 packages loaded, 6345 targets configured)
[19 / 19] 3 / 3 tests; no actions running
Analyzing: 4 targets (166 packages loaded, 6345 targets configured)
[19 / 19] 3 / 3 tests; no actions running
Analyzing: 4 targets (166 packages loaded, 6345 targets configured)
[19 / 19] 3 / 3 tests; no actions running
Analyzing: 4 targets (166 packages loaded, 6345 targets configured)
[19 / 19] 3 / 3 tests; no actions running
Analyzing: 4 targets (166 packages loaded, 6345 targets configured)
[19 / 19] 3 / 3 tests; no actions running
Analyzing: 4 targets (166 packages loaded, 6345 targets configured)
[19 / 19] 3 / 3 tests; no actions running
Analyzing: 4 targets (166 packages loaded, 6345 targets configured)
[19 / 19] 3 / 3 tests; no actions running
Analyzing: 4 targets (166 packages loaded, 6345 targets configured)
[19 / 19] 3 / 3 tests; no actions running
Analyzing: 4 targets (166 packages loaded, 6345 targets configured)
[19 / 19] 3 / 3 tests; no actions running
Analyzing: 4 targets (166 packages loaded, 6345 targets configured)
[19 / 19] 3 / 3 tests; no actions running
Analyzing: 4 targets (166 packages loaded, 6345 targets configured)
[19 / 19] 3 / 3 tests; no actions running
Analyzing: 4 targets (166 packages loaded, 6345 targets configured)
[19 / 19] 3 / 3 tests; no actions running
Analyzing: 4 targets (166 packages loaded, 6345 targets configured)
[19 / 19] 3 / 3 tests; no actions running
Analyzing: 4 targets (166 packages loaded, 6345 targets configured)
[19 / 19] 3 / 3 tests; no actions running
Analyzing: 4 targets (166 packages loaded, 6345 targets configured)
[19 / 19] 3 / 3 tests; no actions running
Analyzing: 4 targets (166 packages loaded, 6345 targets configured)
[19 / 19] 3 / 3 tests; no actions running
Analyzing: 4 targets (166 packages loaded, 6345 targets configured)
[19 / 19] 3 / 3 tests; no actions running
Analyzing: 4 targets (166 packages loaded, 6345 targets configured)
[19 / 19] 3 / 3 tests; no actions running
Analyzing: 4 targets (166 packages loaded, 6345 targets configured)
[19 / 19] 3 / 3 tests; no actions running
Analyzing: 4 targets (166 packages loaded, 6345 targets configured)
[19 / 19] 3 / 3 tests; no actions running
Analyzing: 4 targets (166 packages loaded, 6345 targets configured)
[19 / 19] 3 / 3 tests; no actions running
Analyzing: 4 targets (166 packages loaded, 6345 targets configured)
[19 / 19] 3 / 3 tests; no actions running
Analyzing: 4 targets (166 packages loaded, 6345 targets configured)
[19 / 19] 3 / 3 tests; no actions running
Analyzing: 4 targets (166 packages loaded, 6345 targets configured)
[19 / 19] 3 / 3 tests; no actions running
Analyzing: 4 targets (166 packages loaded, 6345 targets configured)
[19 / 19] 3 / 3 tests; no actions running
Analyzing: 4 targets (166 packages loaded, 6345 targets configured)
[19 / 19] 3 / 3 tests; no actions running
Analyzing: 4 targets (166 packages loaded, 6345 targets configured)
[19 / 19] 3 / 3 tests; no actions running
Analyzing: 4 targets (166 packages loaded, 6345 targets configured)
[19 / 19] 3 / 3 tests; no actions running
Analyzing: 4 targets (166 packages loaded, 6345 targets configured)
[19 / 19] 3 / 3 tests; no actions running
Analyzing: 4 targets (166 packages loaded, 6345 targets configured)
[19 / 19] 3 / 3 tests; no actions running
Analyzing: 4 targets (166 packages loaded, 6345 targets configured)
[19 / 19] 3 / 3 tests; no actions running
Analyzing: 4 targets (166 packages loaded, 6345 targets configured)
[19 / 19] 3 / 3 tests; no actions running
Analyzing: 4 targets (166 packages loaded, 6345 targets configured)
[19 / 19] 3 / 3 tests; no actions running
Analyzing: 4 targets (166 packages loaded, 6345 targets configured)
[19 / 19] 3 / 3 tests; no actions running
Analyzing: 4 targets (166 packages loaded, 6345 targets configured)
[19 / 19] 3 / 3 tests; no actions running
Analyzing: 4 targets (166 packages loaded, 6345 targets configured)
[19 / 19] 3 / 3 tests; no actions running
Analyzing: 4 targets (166 packages loaded, 6345 targets configured)
[19 / 19] 3 / 3 tests; no actions running
Analyzing: 4 targets (166 packages loaded, 6345 targets configured)
[19 / 19] 3 / 3 tests; no actions running
Analyzing: 4 targets (166 packages loaded, 6345 targets configured)
[19 / 19] 3 / 3 tests; no actions running
Analyzing: 4 targets (166 packages loaded, 6345 targets configured)
[19 / 19] 3 / 3 tests; no actions running
Analyzing: 4 targets (166 packages loaded, 6345 targets configured)
[19 / 19] 3 / 3 tests; no actions running
Analyzing: 4 targets (166 packages loaded, 6345 targets configured)
[19 / 19] 3 / 3 tests; no actions running
Analyzing: 4 targets (166 packages loaded, 6345 targets configured)
[19 / 19] 3 / 3 tests; no actions running
Analyzing: 4 targets (166 packages loaded, 6345 targets configured)
[19 / 19] 3 / 3 tests; no actions running
Analyzing: 4 targets (166 packages loaded, 6345 targets configured)
[19 / 19] 3 / 3 tests; no actions running
Analyzing: 4 targets (166 packages loaded, 6345 targets configured)
[19 / 19] 3 / 3 tests; no actions running
Analyzing: 4 targets (166 packages loaded, 6345 targets configured)
[19 / 19] 3 / 3 tests; no actions running
Analyzing: 4 targets (166 packages loaded, 6345 targets configured)
[19 / 19] 3 / 3 tests; no actions running
Analyzing: 4 targets (166 packages loaded, 6345 targets configured)
[19 / 19] 3 / 3 tests; no actions running
INFO: Analyzed 4 targets (167 packages loaded, 6348 targets configured).
INFO: Found 4 test targets...
INFO: Elapsed time: 770.468s, Critical Path: 0.62s
INFO: 25 processes: 17 internal, 8 local.
INFO: Build completed successfully, 25 total actions
