[INFO] Initializing environment for https://github.com/pre-commit/pre-commit-hooks.
[INFO] Initializing environment for https://github.com/eclipse-score/tools.
[INFO] Initializing environment for https://codeberg.org/fsfe/reuse-tool.
[INFO] Initializing environment for https://codeberg.org/fsfe/reuse-tool:.[charset-normalizer,chardet].
[INFO] Installing environment for https://github.com/pre-commit/pre-commit-hooks.
[INFO] Once installed this environment will be reused.
[INFO] This may take a few minutes...
[INFO] Installing environment for https://codeberg.org/fsfe/reuse-tool.
[INFO] Once installed this environment will be reused.
[INFO] This may take a few minutes...
fix end of files.........................................................Passed
trim trailing whitespace.................................................Passed
check that scripts with shebangs are executable..........................Passed
check that executables have shebangs.....................................Passed
check for added large files..............................................Passed
Check and fix copyright headers with cr_checker..........................Passed
reuse lint-file..........................................................Passed
bazel mod tidy...........................................................Passed
bazel mod deps lockfile check............................................Passed
shellcheck...............................................................Passed
yamlfmt..................................................................Passed
