[
  {
    "id": "two-real-peers",
    "status": "passed"
  },
  {
    "id": "one-real-cluster",
    "status": "passed"
  },
  {
    "id": "managed-bridge-a",
    "status": "passed"
  },
  {
    "id": "managed-bridge-b",
    "status": "passed"
  },
  {
    "id": "startup-unknown",
    "status": "passed"
  },
  {
    "id": "fault-startup-not-healthy",
    "status": "passed"
  },
  {
    "id": "receiver-through-opendut",
    "status": "passed"
  },
  {
    "id": "actual-controller-artifact",
    "status": "passed"
  },
  {
    "id": "baseline-timing-measured",
    "status": "passed"
  },
  {
    "id": "native-dfm-nominal",
    "status": "passed"
  },
  {
    "id": "data-only-fault-exposure",
    "status": "passed"
  },
  {
    "id": "engagement-preserved",
    "status": "passed"
  },
  {
    "id": "control-return-through-opendut",
    "status": "passed"
  },
  {
    "id": "diagnostic-stall-control-continues",
    "status": "passed"
  },
  {
    "id": "diagnostic-stall-recovery",
    "status": "passed"
  },
  {
    "id": "execution",
    "status": "failed",
    "reason": "runner interrupted by signal 15"
  },
  {
    "id": "restore-tunnel",
    "status": "passed"
  },
  {
    "id": "stop-capture-a-sdv-net-563bac0526-dut.pid",
    "status": "passed"
  },
  {
    "id": "stop-capture-a-sdv-net-563bac0526-gre.pid",
    "status": "passed"
  },
  {
    "id": "stop-capture-b-sdv-net-563bac0526-dut.pid",
    "status": "passed"
  },
  {
    "id": "stop-capture-b-sdv-net-563bac0526-gre.pid",
    "status": "passed"
  },
  {
    "id": "read-capture-a-dut",
    "status": "passed"
  },
  {
    "id": "read-capture-a-gre",
    "status": "passed"
  },
  {
    "id": "read-capture-b-dut",
    "status": "passed"
  },
  {
    "id": "read-capture-b-gre",
    "status": "passed"
  },
  {
    "id": "cleanup-sdv-net-563bac0526-bridge",
    "status": "passed"
  },
  {
    "id": "cleanup-sdv-net-563bac0526-score",
    "status": "passed"
  },
  {
    "id": "cleanup-sdv-net-563bac0526-diag",
    "status": "passed"
  },
  {
    "id": "restore-private-directory-owner",
    "status": "passed"
  }
]
