$TEST_TMPDIR defined, some defaults will be overridden
WARNING: Duplicate rc file: /media/jefferson/11c42dee-73a3-4c2b-ab42-a0440011d9e0/.s-core-build/runs/score-rust-issue-queue-ycbvxir7/workspaces/1062/quality/static_analysis/static_analysis.bazelrc is read multiple times, it is a standard rc file location but must have been unnecessarily imported earlier.
OpenJDK 64-Bit Server VM warning: Options -Xverify:none and -noverify were deprecated in JDK 13 and will likely be removed in a future release.
WARNING: The following configs were expanded more than once: [linux_x64_gcc_15]. For repeatable flags, repeats are counted twice and may lead to unexpected behavior.
Computing main repo mapping: 
Computing main repo mapping: 
WARNING: The following configs were expanded more than once: [linux_x64_gcc_15]. For repeatable flags, repeats are counted twice and may lead to unexpected behavior.
Computing main repo mapping: 
Computing main repo mapping: 
Computing main repo mapping: 
Computing main repo mapping: 
Computing main repo mapping: 
Loading: 
Loading: 5 packages loaded
Analyzing: 2 targets (6 packages loaded, 0 targets configured)
Analyzing: 2 targets (6 packages loaded, 0 targets configured)

Analyzing: 2 targets (63 packages loaded, 10 targets configured)

Analyzing: 2 targets (98 packages loaded, 10 targets configured)

Analyzing: 2 targets (188 packages loaded, 5333 targets configured)

Analyzing: 2 targets (338 packages loaded, 13588 targets configured)

Analyzing: 2 targets (364 packages loaded, 14942 targets configured)

INFO: Analyzed 2 targets (364 packages loaded, 14942 targets configured).
[130 / 1,272] checking cached actions
[1,272 / 1,274] [Prepa] Testing //score/mw/com/rust/score_com_concept:score_com_concept-test ... (2 actions, 0 running)
INFO: Found 2 test targets...
INFO: Elapsed time: 21.819s, Critical Path: 0.76s
INFO: 3 processes: 1287 action cache hit, 4 linux-sandbox.
INFO: Build completed successfully, 3 total actions
INFO: 
//score/mw/com/rust/score_com_concept:score_com_concept-macros-unit-tests PASSED in 0.2s
//score/mw/com/rust/score_com_concept:score_com_concept-test             PASSED in 0.1s

Executed 2 out of 2 tests: 2 tests pass.
There were tests whose specified size is too big. Use the --test_verbose_timeout_warnings command line option to see which ones these are.
INFO: Build Event Protocol files produced successfully.
