[T+0.003s] run 20260922T192617Z start
[T+0.026s] path A: reset
[T+3.042s] PASS  [A] gateway serves diag_api resources: expected=cabin_temp,sensor_fault_status,sensor_stuck observed=cabin_temp,sensor_fault_status,sensor_stuck
[T+3.047s] PASS  [A] no demo.* ids left: expected=0 observed=0
[T+3.057s] PASS  [A] fault status before injection: expected=passed observed=passed
[T+3.060s] path A: inject stuck sensor over SOVD
[T+3.068s] PASS  [A] injection accepted: expected=204 observed=204
[T+3.077s] PASS  [A] status right after injection: expected=prefailed observed=prefailed
[T+8.318s] PASS  [A] status after debounce: expected=failed observed=failed
[T+8.321s] path A: debounce qualified after 5.23s
[T+9.340s] PASS  [A] stuck reading is frozen: expected=21.4 observed=21.4
[T+9.344s] path A: clear
[T+11.418s] PASS  [A] status after clear: expected=passed observed=passed
[T+11.427s] path B: clear ECU fault memory
[T+11.443s] PASS  [B] active faults before injection: expected= observed=
[T+11.446s] path B: inject DTC 0x01E240 status 0x2F into the simulator
[T+11.458s] PASS  [B] injection accepted: expected=201 observed=201
[T+11.468s] PASS  [B] CDA reports the DTC over SOVD: expected=01E240/2F observed=01E240/2F
[T+11.472s] path B: clear
[T+11.485s] PASS  [B] active faults after clear: expected= observed=
[T+11.490s] run 20260922T192617Z done: 12/12 passed
