$TEST_TMPDIR defined, some defaults will be overridden
OpenJDK 64-Bit Server VM warning: Options -Xverify:none and -noverify were deprecated in JDK 13 and will likely be removed in a future release.
WARNING: The following configs were expanded more than once: [linux_x64_gcc_15]. For repeatable flags, repeats are counted twice and may lead to unexpected behavior.
Computing main repo mapping: 
Computing main repo mapping: 
Computing main repo mapping: 
Computing main repo mapping: 
Computing main repo mapping: 
Computing main repo mapping: 
Computing main repo mapping: 
Computing main repo mapping: 
Computing main repo mapping: 
Computing main repo mapping: 
Computing main repo mapping: 
Computing main repo mapping: 
Computing main repo mapping: 
Computing main repo mapping: 
Computing main repo mapping: 
Computing main repo mapping: 
Computing main repo mapping: 
Computing main repo mapping: 
Computing main repo mapping: 
Computing main repo mapping: 
Computing main repo mapping: 
Computing main repo mapping: 
Computing main repo mapping: 
WARNING: The following configs were expanded more than once: [linux_x64_gcc_15]. For repeatable flags, repeats are counted twice and may lead to unexpected behavior.
Computing main repo mapping: 
Computing main repo mapping: 
Computing main repo mapping: 
Computing main repo mapping: 
Computing main repo mapping: 
Loading: 
Loading: 5 packages loaded
Analyzing: 4 targets (9 packages loaded, 0 targets configured)
Analyzing: 4 targets (9 packages loaded, 0 targets configured)

Analyzing: 4 targets (101 packages loaded, 12 targets configured)

Analyzing: 4 targets (292 packages loaded, 8589 targets configured)

Analyzing: 4 targets (378 packages loaded, 14998 targets configured)

INFO: Analyzed 4 targets (379 packages loaded, 15297 targets configured).
[15 / 1,428] checking cached actions
[2,118 / 2,262] [Prepa] Testing //score/mw/com/impl:runtime_test
[2,257 / 2,262] 2 / 4 tests; Compiling Rust rlib com-api-runtime-lola (5 files); 0s linux-sandbox ... (2 actions running)
[2,260 / 2,262] 2 / 4 tests; Compiling Rust bin com-api-runtime-lola-tests (5 files); 0s linux-sandbox ... (2 actions running)
[2,261 / 2,263] 2 / 4 tests; Compiling Rust bin com-api-runtime-lola-tests (5 files); 3s linux-sandbox ... (2 actions, 1 running)
INFO: Found 4 test targets...
INFO: Elapsed time: 46.359s, Critical Path: 5.32s
INFO: 9 processes: 2274 action cache hit, 10 linux-sandbox.
INFO: Build completed successfully, 9 total actions
INFO: 
//score/mw/com/impl:runtime_test                                         PASSED in 0.5s
//score/mw/com/impl/rust/com-api/com-api-ffi-lola:callback_ownership_test PASSED in 0.5s
//score/mw/com/impl/rust/com-api/com-api-runtime-lola:com-api-runtime-lola-tests PASSED in 0.1s
//score/mw/com/rust/score_com_concept:score_com_concept-test             PASSED in 0.0s

Executed 4 out of 4 tests: 4 tests pass.
There were tests whose specified size is too big. Use the --test_verbose_timeout_warnings command line option to see which ones these are.
INFO: Build Event Protocol files produced successfully.
