[T+0.003s] run 20260925T154721Z start
[T+0.022s] path A: reset
[T+3.038s] PASS  [A] gateway serves the cruise resources: expected=vehicle_speed,cruise_state,speed_sensor_fault_status,speed_sensor_stuck observed=vehicle_speed,cruise_state,speed_sensor_fault_status,speed_sensor_stuck
[T+3.043s] PASS  [A] no demo.* ids left: expected=0 observed=0
[T+3.053s] PASS  [A] fault status before injection: expected=passed observed=passed
[T+3.062s] PASS  [A] cruise control engaged: expected=active observed=active
[T+3.066s] path A: inject stuck speed sensor over SOVD
[T+3.072s] PASS  [A] injection accepted: expected=204 observed=204
[T+3.081s] PASS  [A] status right after injection: expected=prefailed observed=prefailed
[T+8.312s] PASS  [A] status after debounce: expected=failed observed=failed
[T+8.316s] path A: debounce qualified after 5.22s
[T+8.335s] PASS  [A] cruise control reacts (their logic): expected=unavailable observed=unavailable
[T+8.338s] path A: clear
[T+10.441s] PASS  [A] status after clear: expected=passed observed=passed
[T+10.451s] path A: cruise control now standby (waits for the driver)
[T+10.459s] path B: clear ECU fault memory
[T+10.473s] PASS  [B] active faults before injection: expected= observed=
[T+10.477s] path B: inject DTC 0x01E240 status 0x2F into the simulator
[T+10.487s] PASS  [B] injection accepted: expected=201 observed=201
[T+10.496s] PASS  [B] CDA reports the DTC over SOVD: expected=01E240/2F observed=01E240/2F
[T+10.500s] path B: clear
[T+10.514s] PASS  [B] active faults after clear: expected= observed=
[T+10.520s] run 20260925T154721Z done: 13/13 passed
