+ [ -w /home/jefferson/.local/state/s-core/dk/3b6a50809333_state/runtime ]
+ [ -d /home/jefferson ]
+ rootlesskit=
+ command -v docker-rootlesskit
+ command -v rootlesskit
+ rootlesskit=rootlesskit
+ break
+ [ -z rootlesskit ]
+ : /home/jefferson/.local/state/s-core/dk/3b6a50809333_state/runtime/containerd-rootless
+ [ -e /home/jefferson/.local/state/s-core/dk/3b6a50809333_state/runtime/containerd-rootless ]
+ : /home/jefferson/.local/state/s-core/dk/3b6a50809333_state/rootlesskit
+ : 
+ : 
+ : 
+ : auto
+ : auto
+ : 
+ : true
+ net=
+ port_driver=
+ mtu=
+ [ -z  ]
+ command -v slirp4netns
+ slirp4netns --help
+ grep -qw -- --netns-type
+ net=slirp4netns
+ [ -z slirp4netns ]
+ [ -z slirp4netns ]
+ [ -z slirp4netns ]
+ [ slirp4netns = host ]
+ [ -z  ]
+ mtu=65520
+ [ -z  ]
+ [ slirp4netns = pasta ]
+ port_driver=builtin
+ host_loopback=--disable-host-loopback
+ [  = false ]
+ dockerd=dockerd
+ [ -z  ]
+ _DOCKERD_ROOTLESS_CHILD=1
+ export _DOCKERD_ROOTLESS_CHILD
+ id -u
+ [ 1000 = 0 ]
+ command -v selinuxenabled
+ DOCKERD_ROOTLESS_ROOTLESSKIT_FLAGS=--detach-netns 
+ exec rootlesskit --state-dir=/home/jefferson/.local/state/s-core/dk/3b6a50809333_state/rootlesskit --net=slirp4netns --mtu=65520 --slirp4netns-sandbox=auto --slirp4netns-seccomp=auto --disable-host-loopback --port-driver=builtin --copy-up=/etc --copy-up=/run --propagation=rslave --detach-netns /usr/bin/dockerd-rootless.sh --config-file /home/jefferson/.local/state/s-core/fabro/score-rust-linux-integration-xfiuopbb/rust_linux_integration_docker/daemon.json --data-root /media/jefferson/11c42dee-73a3-4c2b-ab42-a0440011d9e0/.s-core-build/runs/score-rust-linux-integration-xfiuopbb/docker-data --exec-root /home/jefferson/.local/state/s-core/dk/3b6a50809333_state/e --pidfile /home/jefferson/.local/state/s-core/fabro/score-rust-linux-integration-xfiuopbb/rust_linux_integration_docker/dockerd.pid --host unix:///home/jefferson/.local/state/s-core/dk/3b6a50809333_state/runtime/docker.sock
+ [ -w /home/jefferson/.local/state/s-core/dk/3b6a50809333_state/runtime ]
+ [ -d /home/jefferson ]
+ rootlesskit=
+ command -v docker-rootlesskit
+ command -v rootlesskit
+ rootlesskit=rootlesskit
+ break
+ [ -z rootlesskit ]
+ : /home/jefferson/.local/state/s-core/dk/3b6a50809333_state/runtime/containerd-rootless
+ [ -e /home/jefferson/.local/state/s-core/dk/3b6a50809333_state/runtime/containerd-rootless ]
+ : /home/jefferson/.local/state/s-core/dk/3b6a50809333_state/rootlesskit
+ : 
+ : 
+ : 
+ : auto
+ : auto
+ : 
+ : true
+ net=
+ port_driver=
+ mtu=
+ [ -z  ]
+ command -v slirp4netns
+ slirp4netns --help
+ grep -qw -- --netns-type
+ net=slirp4netns
+ [ -z slirp4netns ]
+ [ -z slirp4netns ]
+ [ -z slirp4netns ]
+ [ slirp4netns = host ]
+ [ -z  ]
+ mtu=65520
+ [ -z  ]
+ [ slirp4netns = pasta ]
+ port_driver=builtin
+ host_loopback=--disable-host-loopback
+ [  = false ]
+ dockerd=dockerd
+ [ -z 1 ]
+ [ 1 = 1 ]
+ rm -f /run/docker /run/containerd /run/xtables.lock
+ [ -n  ]
+ stat -c %T -f /etc
+ [ tmpfs = tmpfs ]
+ [ -L /etc/ssl ]
+ mount_directory /etc/ssl --rbind
+ [ -z 1 ]
+ DIRECTORY=/etc/ssl
+ [ ! -d /etc/ssl ]
+ realpath /etc/ssl
+ DIRECTORY_REALPATH=/etc/.ro1955252711/ssl
+ MOUNT_OPTIONS=--rbind
+ rm -rf /etc/ssl
+ mkdir -p /etc/ssl
+ mount --rbind /etc/.ro1955252711/ssl /etc/ssl
+ netns=/proc/self/ns/net
+ netns=/home/jefferson/.local/state/s-core/dk/3b6a50809333_state/rootlesskit/netns
+ nsenter -n/home/jefferson/.local/state/s-core/dk/3b6a50809333_state/rootlesskit/netns sysctl -w net.ipv4.ip_forward=1
net.ipv4.ip_forward = 1
+ nsenter -n/home/jefferson/.local/state/s-core/dk/3b6a50809333_state/rootlesskit/netns sysctl -w net.ipv6.conf.all.forwarding=1
net.ipv6.conf.all.forwarding = 1
+ exec dockerd --config-file /home/jefferson/.local/state/s-core/fabro/score-rust-linux-integration-xfiuopbb/rust_linux_integration_docker/daemon.json --data-root /media/jefferson/11c42dee-73a3-4c2b-ab42-a0440011d9e0/.s-core-build/runs/score-rust-linux-integration-xfiuopbb/docker-data --exec-root /home/jefferson/.local/state/s-core/dk/3b6a50809333_state/e --pidfile /home/jefferson/.local/state/s-core/fabro/score-rust-linux-integration-xfiuopbb/rust_linux_integration_docker/dockerd.pid --host unix:///home/jefferson/.local/state/s-core/dk/3b6a50809333_state/runtime/docker.sock
time="2026-10-06T10:04:52.433357972+01:00" level=info msg="Starting up"
time="2026-10-06T10:04:52.433724341+01:00" level=warning msg="Running in rootless mode. This mode has feature limitations."
time="2026-10-06T10:04:52.433729031+01:00" level=info msg="Running with RootlessKit integration"
time="2026-10-06T10:04:52.433815290+01:00" level=info msg="containerd not running, starting managed containerd"
time="2026-10-06T10:04:52.435072916+01:00" level=info msg="started new containerd process" address=/home/jefferson/.local/state/s-core/dk/3b6a50809333_state/e/containerd/containerd.sock binary=/usr/bin/containerd module=supervisor pid=1715089
time="2026-10-06T10:04:52+01:00" level=warning msg="Configuration migrated from version 2, use `containerd config migrate` to avoid migration" t="9.55µs"
time="2026-10-06T10:04:52.479053752+01:00" level=info msg="starting containerd" revision=ee2735368117d2eb259779949d5e75cdafec9761 version=v2.3.6
time="2026-10-06T10:04:52.479852025+01:00" level=info msg="loading plugin" id=io.containerd.content.v1.content type=io.containerd.content.v1
time="2026-10-06T10:04:52.480213695+01:00" level=warning msg="failed check for fsverity support" error="enable fsverity failed: operation not supported" path=/media/jefferson/11c42dee-73a3-4c2b-ab42-a0440011d9e0/.s-core-build/runs/score-rust-linux-integration-xfiuopbb/docker-data/containerd/daemon/io.containerd.content.v1.content
time="2026-10-06T10:04:52.480255837+01:00" level=info msg="loading plugin" id=io.containerd.image-verifier.v1.bindir type=io.containerd.image-verifier.v1
time="2026-10-06T10:04:52.480277132+01:00" level=info msg="loading plugin" id=io.containerd.internal.v1.opt type=io.containerd.internal.v1
time="2026-10-06T10:04:52.480330425+01:00" level=info msg="loading plugin" id=io.containerd.warning.v1.deprecations type=io.containerd.warning.v1
time="2026-10-06T10:04:52.480349885+01:00" level=info msg="loading plugin" id=io.containerd.event.v1.exchange type=io.containerd.event.v1
time="2026-10-06T10:04:52.480623773+01:00" level=info msg="loading plugin" id=io.containerd.mount-handler.v1.erofs type=io.containerd.mount-handler.v1
time="2026-10-06T10:04:52.480646586+01:00" level=info msg="loading plugin" id=io.containerd.snapshotter.v1.blockfile type=io.containerd.snapshotter.v1
time="2026-10-06T10:04:52.480742727+01:00" level=info msg="skip loading plugin" error="no scratch file generator: skip plugin" id=io.containerd.snapshotter.v1.blockfile type=io.containerd.snapshotter.v1
time="2026-10-06T10:04:52.480761440+01:00" level=info msg="loading plugin" id=io.containerd.snapshotter.v1.btrfs type=io.containerd.snapshotter.v1
time="2026-10-06T10:04:52.481200571+01:00" level=info msg="skip loading plugin" error="path /media/jefferson/11c42dee-73a3-4c2b-ab42-a0440011d9e0/.s-core-build/runs/score-rust-linux-integration-xfiuopbb/docker-data/containerd/daemon/io.containerd.snapshotter.v1.btrfs (ext4) must be a btrfs filesystem to be used with the btrfs snapshotter: skip plugin" id=io.containerd.snapshotter.v1.btrfs type=io.containerd.snapshotter.v1
time="2026-10-06T10:04:52.481228751+01:00" level=info msg="loading plugin" id=io.containerd.snapshotter.v1.devmapper type=io.containerd.snapshotter.v1
time="2026-10-06T10:04:52.481247985+01:00" level=info msg="skip loading plugin" error="devmapper not configured: skip plugin" id=io.containerd.snapshotter.v1.devmapper type=io.containerd.snapshotter.v1
time="2026-10-06T10:04:52.481261824+01:00" level=info msg="loading plugin" id=io.containerd.snapshotter.v1.erofs type=io.containerd.snapshotter.v1
time="2026-10-06T10:04:52.481489724+01:00" level=info msg="skip loading plugin" error="EROFS unsupported, please `modprobe erofs`: skip plugin" id=io.containerd.snapshotter.v1.erofs type=io.containerd.snapshotter.v1
time="2026-10-06T10:04:52.481510219+01:00" level=info msg="loading plugin" id=io.containerd.snapshotter.v1.native type=io.containerd.snapshotter.v1
time="2026-10-06T10:04:52.481639297+01:00" level=info msg="loading plugin" id=io.containerd.snapshotter.v1.overlayfs type=io.containerd.snapshotter.v1
time="2026-10-06T10:04:52.481906560+01:00" level=info msg="loading plugin" id=io.containerd.snapshotter.v1.zfs type=io.containerd.snapshotter.v1
time="2026-10-06T10:04:52.481974328+01:00" level=info msg="skip loading plugin" error="lstat /media/jefferson/11c42dee-73a3-4c2b-ab42-a0440011d9e0/.s-core-build/runs/score-rust-linux-integration-xfiuopbb/docker-data/containerd/daemon/io.containerd.snapshotter.v1.zfs: no such file or directory: skip plugin" id=io.containerd.snapshotter.v1.zfs type=io.containerd.snapshotter.v1
time="2026-10-06T10:04:52.481993245+01:00" level=info msg="loading plugin" id=io.containerd.monitor.task.v1.cgroups type=io.containerd.monitor.task.v1
time="2026-10-06T10:04:52.482652897+01:00" level=info msg="loading plugin" id=io.containerd.metadata.v1.bolt type=io.containerd.metadata.v1
time="2026-10-06T10:04:52.482743729+01:00" level=info msg="metadata content store policy set" policy=shared
time="2026-10-06T10:04:52.494207530+01:00" level=info msg="loading plugin" id=io.containerd.gc.v1.scheduler type=io.containerd.gc.v1
time="2026-10-06T10:04:52.494272701+01:00" level=info msg="loading plugin" id=io.containerd.server.v1.metrics type=io.containerd.server.v1
time="2026-10-06T10:04:52.494304220+01:00" level=info msg="skip loading plugin" error="skip plugin" id=io.containerd.server.v1.metrics type=io.containerd.server.v1
time="2026-10-06T10:04:52.494319106+01:00" level=info msg="loading plugin" id=io.containerd.tracing.processor.v1.otlp type=io.containerd.tracing.processor.v1
time="2026-10-06T10:04:52.494338539+01:00" level=info msg="skip loading plugin" error="skip plugin: tracing endpoint not configured" id=io.containerd.tracing.processor.v1.otlp type=io.containerd.tracing.processor.v1
time="2026-10-06T10:04:52.494351170+01:00" level=info msg="loading plugin" id=io.containerd.internal.v1.tracing type=io.containerd.internal.v1
time="2026-10-06T10:04:52.494365305+01:00" level=info msg="skip loading plugin" error="skip plugin: tracing endpoint not configured" id=io.containerd.internal.v1.tracing type=io.containerd.internal.v1
time="2026-10-06T10:04:52.494377140+01:00" level=info msg="loading plugin" id=io.containerd.nri.v1.nri type=io.containerd.nri.v1
time="2026-10-06T10:04:52.494485132+01:00" level=info msg="built-in NRI default validator is disabled"
time="2026-10-06T10:04:52.494497847+01:00" level=info msg="runtime interface created"
time="2026-10-06T10:04:52.494505563+01:00" level=info msg="created NRI interface"
time="2026-10-06T10:04:52.494514859+01:00" level=info msg="loading plugin" id=io.containerd.ttrpc.v1.otelttrpc type=io.containerd.ttrpc.v1
time="2026-10-06T10:04:52.494529154+01:00" level=info msg="loading plugin" id=io.containerd.service.v1.containers-service type=io.containerd.service.v1
time="2026-10-06T10:04:52.494546763+01:00" level=info msg="loading plugin" id=io.containerd.service.v1.content-service type=io.containerd.service.v1
time="2026-10-06T10:04:52.494560446+01:00" level=info msg="loading plugin" id=io.containerd.differ.v1.erofs type=io.containerd.differ.v1
time="2026-10-06T10:04:52.494842477+01:00" level=info msg="skip loading plugin" error="failed to check mkfs.erofs availability: failed to run mkfs.erofs --help: exec: \"mkfs.erofs\": executable file not found in $PATH: skip plugin" id=io.containerd.differ.v1.erofs type=io.containerd.differ.v1
time="2026-10-06T10:04:52.494862772+01:00" level=info msg="loading plugin" id=io.containerd.mount-manager.v1.bolt type=io.containerd.mount-manager.v1
time="2026-10-06T10:04:52.505408688+01:00" level=info msg="loading plugin" id=io.containerd.differ.v1.walking type=io.containerd.differ.v1
time="2026-10-06T10:04:52.505444828+01:00" level=info msg="loading plugin" id=io.containerd.service.v1.diff-service type=io.containerd.service.v1
time="2026-10-06T10:04:52.505463494+01:00" level=info msg="loading plugin" id=io.containerd.service.v1.images-service type=io.containerd.service.v1
time="2026-10-06T10:04:52.505494076+01:00" level=info msg="loading plugin" id=io.containerd.service.v1.introspection-service type=io.containerd.service.v1
time="2026-10-06T10:04:52.505509977+01:00" level=info msg="loading plugin" id=io.containerd.service.v1.namespaces-service type=io.containerd.service.v1
time="2026-10-06T10:04:52.505523834+01:00" level=info msg="loading plugin" id=io.containerd.service.v1.snapshots-service type=io.containerd.service.v1
time="2026-10-06T10:04:52.505537549+01:00" level=info msg="loading plugin" id=io.containerd.shim.v1.manager type=io.containerd.shim.v1
time="2026-10-06T10:04:52.505554974+01:00" level=info msg="loading plugin" id=io.containerd.runtime.v2.task type=io.containerd.runtime.v2
time="2026-10-06T10:04:52.505739244+01:00" level=info msg="loading plugin" id=io.containerd.service.v1.tasks-service type=io.containerd.service.v1
time="2026-10-06T10:04:52.505776399+01:00" level=info msg="loading plugin" id=io.containerd.grpc.v1.containers type=io.containerd.grpc.v1
time="2026-10-06T10:04:52.505794062+01:00" level=info msg="loading plugin" id=io.containerd.grpc.v1.content type=io.containerd.grpc.v1
time="2026-10-06T10:04:52.505807575+01:00" level=info msg="loading plugin" id=io.containerd.grpc.v1.diff type=io.containerd.grpc.v1
time="2026-10-06T10:04:52.505821372+01:00" level=info msg="loading plugin" id=io.containerd.grpc.v1.events type=io.containerd.grpc.v1
time="2026-10-06T10:04:52.505835777+01:00" level=info msg="loading plugin" id=io.containerd.grpc.v1.images type=io.containerd.grpc.v1
time="2026-10-06T10:04:52.505861196+01:00" level=info msg="loading plugin" id=io.containerd.grpc.v1.introspection type=io.containerd.grpc.v1
time="2026-10-06T10:04:52.505877255+01:00" level=info msg="loading plugin" id=io.containerd.lease.v1.manager type=io.containerd.lease.v1
time="2026-10-06T10:04:52.505893656+01:00" level=info msg="loading plugin" id=io.containerd.grpc.v1.leases type=io.containerd.grpc.v1
time="2026-10-06T10:04:52.505912163+01:00" level=info msg="loading plugin" id=io.containerd.grpc.v1.mounts type=io.containerd.grpc.v1
time="2026-10-06T10:04:52.505926325+01:00" level=info msg="loading plugin" id=io.containerd.grpc.v1.namespaces type=io.containerd.grpc.v1
time="2026-10-06T10:04:52.505950558+01:00" level=info msg="loading plugin" id=io.containerd.sandbox.controller.v1.shim type=io.containerd.sandbox.controller.v1
time="2026-10-06T10:04:52.506096561+01:00" level=info msg="loading plugin" id=io.containerd.grpc.v1.sandbox-controllers type=io.containerd.grpc.v1
time="2026-10-06T10:04:52.506130782+01:00" level=info msg="loading plugin" id=io.containerd.sandbox.store.v1.local type=io.containerd.sandbox.store.v1
time="2026-10-06T10:04:52.506148471+01:00" level=info msg="loading plugin" id=io.containerd.grpc.v1.sandboxes type=io.containerd.grpc.v1
time="2026-10-06T10:04:52.506172878+01:00" level=info msg="loading plugin" id=io.containerd.grpc.v1.snapshots type=io.containerd.grpc.v1
time="2026-10-06T10:04:52.506186044+01:00" level=info msg="loading plugin" id=io.containerd.streaming.v1.manager type=io.containerd.streaming.v1
time="2026-10-06T10:04:52.506200133+01:00" level=info msg="loading plugin" id=io.containerd.grpc.v1.streaming type=io.containerd.grpc.v1
time="2026-10-06T10:04:52.506214173+01:00" level=info msg="loading plugin" id=io.containerd.grpc.v1.tasks type=io.containerd.grpc.v1
time="2026-10-06T10:04:52.506230615+01:00" level=info msg="loading plugin" id=io.containerd.transfer.v1.local type=io.containerd.transfer.v1
time="2026-10-06T10:04:52.506301067+01:00" level=info msg="loading plugin" id=io.containerd.grpc.v1.transfer type=io.containerd.grpc.v1
time="2026-10-06T10:04:52.506319866+01:00" level=info msg="loading plugin" id=io.containerd.grpc.v1.version type=io.containerd.grpc.v1
time="2026-10-06T10:04:52.506333165+01:00" level=info msg="loading plugin" id=io.containerd.grpc.v1.healthcheck type=io.containerd.grpc.v1
time="2026-10-06T10:04:52.506353962+01:00" level=info msg="loading plugin" id=io.containerd.server.v1.ttrpc type=io.containerd.server.v1
time="2026-10-06T10:04:52.506440533+01:00" level=info msg="loading plugin" id=io.containerd.monitor.container.v1.restart type=io.containerd.monitor.container.v1
time="2026-10-06T10:04:52.506766204+01:00" level=info msg="loading plugin" id=io.containerd.metrics.v1.grpc-prometheus type=io.containerd.metrics.v1
time="2026-10-06T10:04:52.506833050+01:00" level=info msg="loading plugin" id=io.containerd.metrics.v1.grpc-otel type=io.containerd.metrics.v1
time="2026-10-06T10:04:52.506865673+01:00" level=info msg="loading plugin" id=io.containerd.server.v1.grpc type=io.containerd.server.v1
time="2026-10-06T10:04:52.510071322+01:00" level=info msg="loading plugin" id=io.containerd.server.v1.grpc-tcp type=io.containerd.server.v1
time="2026-10-06T10:04:52.510099874+01:00" level=info msg="skip loading plugin" error="skip plugin" id=io.containerd.server.v1.grpc-tcp type=io.containerd.server.v1
time="2026-10-06T10:04:52.510110752+01:00" level=info msg="loading plugin" id=io.containerd.http.v1.pprof type=io.containerd.http.v1
time="2026-10-06T10:04:52.510159638+01:00" level=info msg="loading plugin" id=io.containerd.server.v1.debug type=io.containerd.server.v1
time="2026-10-06T10:04:52.510835214+01:00" level=info msg=serving... address=/home/jefferson/.local/state/s-core/dk/3b6a50809333_state/e/containerd/containerd.sock.ttrpc
time="2026-10-06T10:04:52.510853887+01:00" level=info msg="starting GRPC server" address=/home/jefferson/.local/state/s-core/dk/3b6a50809333_state/e/containerd/containerd.sock gid=0 uid=0
time="2026-10-06T10:04:52.510885798+01:00" level=info msg=serving... address=/home/jefferson/.local/state/s-core/dk/3b6a50809333_state/e/containerd/containerd.sock
time="2026-10-06T10:04:52.510914827+01:00" level=info msg=serving... address=/home/jefferson/.local/state/s-core/dk/3b6a50809333_state/e/containerd/containerd-debug.sock
time="2026-10-06T10:04:52.510927732+01:00" level=info msg="containerd successfully booted in 0.033434s"
time="2026-10-06T10:04:52.521945501+01:00" level=info msg="started managed containerd" binary=/usr/bin/containerd module=supervisor pid=1715089
time="2026-10-06T10:04:52.522341965+01:00" level=info msg="OTEL tracing is not configured, using no-op tracer provider"
time="2026-10-06T10:04:52.522662535+01:00" level=info msg="CDI directory does not exist, skipping" dir=/etc/cdi
time="2026-10-06T10:04:52.522671745+01:00" level=info msg="CDI directory does not exist, skipping" dir=/var/run/cdi
time="2026-10-06T10:04:52.522675834+01:00" level=info msg="CDI directory does not exist, skipping" dir=/home/jefferson/.local/state/s-core/fabro/score-rust-linux-integration-xfiuopbb/rust_linux_integration_docker/config/cdi
time="2026-10-06T10:04:52.522680149+01:00" level=info msg="CDI directory does not exist, skipping" dir=/home/jefferson/.local/state/s-core/dk/3b6a50809333_state/runtime/cdi
time="2026-10-06T10:04:52.522919817+01:00" level=info msg="detected 127.0.0.53 nameserver, assuming systemd-resolved, so using resolv.conf: /run/systemd/resolve/resolv.conf"
time="2026-10-06T10:04:52.542536877+01:00" level=info msg="loaded extension" extension=org.mobyproject.namesgenerator.legacy.v1 origin=builtin providers="[org.mobyproject.extension.containernamegenerator.v0 org.mobyproject.extension.servicenamegenerator.v0]"
time="2026-10-06T10:04:52.543636776+01:00" level=info msg="Creating a containerd client" address=/home/jefferson/.local/state/s-core/dk/3b6a50809333_state/e/containerd/containerd.sock timeout=1m0s
time="2026-10-06T10:04:52.544451748+01:00" level=warning msg="failed check for fsverity support" error="enable fsverity failed: operation not supported" path=/media/jefferson/11c42dee-73a3-4c2b-ab42-a0440011d9e0/.s-core-build/runs/score-rust-linux-integration-xfiuopbb/docker-data/plugins/storage
time="2026-10-06T10:04:52.562070792+01:00" level=info msg="Loading containers: start."
time="2026-10-06T10:04:52.562128424+01:00" level=info msg="NRI is disabled"
time="2026-10-06T10:04:52.562135323+01:00" level=info msg="Starting daemon with containerd snapshotter integration enabled"
time="2026-10-06T10:04:52.573203161+01:00" level=info msg="Restoring containers: start."
time="2026-10-06T10:04:52.603762410+01:00" level=info msg="Deleting nftables IPv4 rules" error="running nft: /dev/stdin:1:17-30: Error: Could not process rule: No such file or directory\ndelete table ip docker-bridges\n                ^^^^^^^^^^^^^^\n exit status 1"
time="2026-10-06T10:04:52.625674192+01:00" level=info msg="Deleting nftables IPv6 rules" error="running nft: /dev/stdin:1:18-31: Error: Could not process rule: No such file or directory\ndelete table ip6 docker-bridges\n                 ^^^^^^^^^^^^^^\n exit status 1"
time="2026-10-06T10:04:52.625717860+01:00" level=info msg="skipping firewalld management for rootless mode"
time="2026-10-06T10:04:53.064960048+01:00" level=info msg="Loading containers: done."
time="2026-10-06T10:04:53.076721534+01:00" level=warning msg="WARNING: No cpu cfs quota support"
time="2026-10-06T10:04:53.076751717+01:00" level=warning msg="WARNING: No cpu cfs period support"
time="2026-10-06T10:04:53.076756919+01:00" level=warning msg="WARNING: No cpu shares support"
time="2026-10-06T10:04:53.076760709+01:00" level=warning msg="WARNING: No cpuset support"
time="2026-10-06T10:04:53.076764090+01:00" level=warning msg="WARNING: No io.weight support"
time="2026-10-06T10:04:53.076768785+01:00" level=warning msg="WARNING: No io.weight (per device) support"
time="2026-10-06T10:04:53.076773110+01:00" level=warning msg="WARNING: No io.max (rbps) support"
time="2026-10-06T10:04:53.076776529+01:00" level=warning msg="WARNING: No io.max (wbps) support"
time="2026-10-06T10:04:53.076779785+01:00" level=warning msg="WARNING: No io.max (riops) support"
time="2026-10-06T10:04:53.076783290+01:00" level=warning msg="WARNING: No io.max (wiops) support"
time="2026-10-06T10:04:53.076799190+01:00" level=info msg="Docker daemon" commit=8af9fe3 containerd-snapshotter=true storage-driver=overlayfs version=29.8.2
time="2026-10-06T10:04:53.076919409+01:00" level=info msg="Initializing buildkit"
time="2026-10-06T10:04:53.296272579+01:00" level=info msg="Completed buildkit initialization"
time="2026-10-06T10:04:53.307617295+01:00" level=info msg="Daemon has completed initialization"
time="2026-10-06T10:04:53.307740396+01:00" level=info msg="API listen on /home/jefferson/.local/state/s-core/dk/3b6a50809333_state/runtime/docker.sock"
time="2026-10-06T10:13:46.810685382+01:00" level=info msg="connecting to shim fd192a6327fff599c5f25e95904e503ecbbc253916fe200db3528b693d950295" address="unix:///run/containerd/s/902aeb84123bd8e27fbbff2cd16c6aeb9852180414113566b9d2d098fd371737" namespace=moby protocol=ttrpc version=3
time="2026-10-06T10:14:37.201754112+01:00" level=error msg="failed to delete task" error="rpc error: code = NotFound desc = container not created: not found" id=fd192a6327fff599c5f25e95904e503ecbbc253916fe200db3528b693d950295
time="2026-10-06T10:14:37.202656844+01:00" level=info msg="shim disconnected" id=fd192a6327fff599c5f25e95904e503ecbbc253916fe200db3528b693d950295 namespace=moby
time="2026-10-06T10:14:37.202715108+01:00" level=info msg="cleaning up after shim disconnected" id=fd192a6327fff599c5f25e95904e503ecbbc253916fe200db3528b693d950295 namespace=moby
time="2026-10-06T10:14:37.202727558+01:00" level=info msg="cleaning up dead shim" id=fd192a6327fff599c5f25e95904e503ecbbc253916fe200db3528b693d950295 namespace=moby
time="2026-10-06T10:14:37.214855175+01:00" level=warning msg="warnings while cleaning up dead shim" id=fd192a6327fff599c5f25e95904e503ecbbc253916fe200db3528b693d950295 namespace=moby warnings="time=\"2026-10-06T10:14:37+01:00\" level=warning msg=\"failed to read init pid file\" error=\"open /home/jefferson/.local/state/s-core/dk/3b6a50809333_state/e/containerd/daemon/io.containerd.runtime.v2.task/moby/fd192a6327fff599c5f25e95904e503ecbbc253916fe200db3528b693d950295/init.pid: no such file or directory\" runtime=io.containerd.runc.v2\n"
time="2026-10-06T10:14:37.215765427+01:00" level=error msg="copy shim log" error="read /proc/self/fd/18: file already closed" namespace=moby
time="2026-10-06T10:14:37.216373531+01:00" level=error msg="copy stream failed" error="reading from a closed fifo" stream=stderr
time="2026-10-06T10:14:37.216436099+01:00" level=error msg="copy stream failed" error="reading from a closed fifo" stream=stdout
time="2026-10-06T10:14:37.256359152+01:00" level=error msg="Handler for POST /containers/{name:.*}/start returned error" error-response="failed to create task for container: failed to create shim task: OCI runtime create failed: runc create failed: unable to start container process: unable to apply cgroup configuration: unable to start unit \"docker-fd192a6327fff599c5f25e95904e503ecbbc253916fe200db3528b693d950295.scope\" (properties [{Name:Description Value:\"libcontainer container fd192a6327fff599c5f25e95904e503ecbbc253916fe200db3528b693d950295\"} {Name:Slice Value:\"user.slice\"} {Name:Delegate Value:true} {Name:PIDs Value:@au [1797949]} {Name:MemoryAccounting Value:true} {Name:CPUAccounting Value:true} {Name:IOAccounting Value:true} {Name:TasksAccounting Value:true} {Name:DefaultDependencies Value:false}]): Interactive authentication required." method=POST module=api request-url=/v1.56/containers/fd192a6327fff599c5f25e95904e503ecbbc253916fe200db3528b693d950295/start status=500 vars="map[name:fd192a6327fff599c5f25e95904e503ecbbc253916fe200db3528b693d950295 version:1.56]"
time="2026-10-06T10:14:38.951231241+01:00" level=info msg="connecting to shim a4cba7c80566a4abc50824808270cb744f012f187d592c32983b16c167398509" address="unix:///run/containerd/s/b1fea66a3e52e775c770417b57f0967427843e0c0fca659d49378a0941d511e8" namespace=moby protocol=ttrpc version=3
time="2026-10-06T10:15:29.450633644+01:00" level=error msg="failed to delete task" error="rpc error: code = NotFound desc = container not created: not found" id=a4cba7c80566a4abc50824808270cb744f012f187d592c32983b16c167398509
time="2026-10-06T10:15:29.451270011+01:00" level=info msg="shim disconnected" id=a4cba7c80566a4abc50824808270cb744f012f187d592c32983b16c167398509 namespace=moby
time="2026-10-06T10:15:29.451338184+01:00" level=info msg="cleaning up after shim disconnected" id=a4cba7c80566a4abc50824808270cb744f012f187d592c32983b16c167398509 namespace=moby
time="2026-10-06T10:15:29.451358085+01:00" level=info msg="cleaning up dead shim" id=a4cba7c80566a4abc50824808270cb744f012f187d592c32983b16c167398509 namespace=moby
time="2026-10-06T10:15:29.464792919+01:00" level=warning msg="warnings while cleaning up dead shim" id=a4cba7c80566a4abc50824808270cb744f012f187d592c32983b16c167398509 namespace=moby warnings="time=\"2026-10-06T10:15:29+01:00\" level=warning msg=\"failed to read init pid file\" error=\"open /home/jefferson/.local/state/s-core/dk/3b6a50809333_state/e/containerd/daemon/io.containerd.runtime.v2.task/moby/a4cba7c80566a4abc50824808270cb744f012f187d592c32983b16c167398509/init.pid: no such file or directory\" runtime=io.containerd.runc.v2\n"
time="2026-10-06T10:15:29.465667148+01:00" level=error msg="copy shim log" error="read /proc/self/fd/18: file already closed" namespace=moby
time="2026-10-06T10:15:29.466350327+01:00" level=error msg="copy stream failed" error="reading from a closed fifo" stream=stderr
time="2026-10-06T10:15:29.466381581+01:00" level=error msg="copy stream failed" error="reading from a closed fifo" stream=stdout
time="2026-10-06T10:15:29.561688238+01:00" level=error msg="Handler for POST /containers/{name:.*}/start returned error" error-response="failed to create task for container: failed to create shim task: OCI runtime create failed: runc create failed: unable to start container process: unable to apply cgroup configuration: unable to start unit \"docker-a4cba7c80566a4abc50824808270cb744f012f187d592c32983b16c167398509.scope\" (properties [{Name:Description Value:\"libcontainer container a4cba7c80566a4abc50824808270cb744f012f187d592c32983b16c167398509\"} {Name:Slice Value:\"user.slice\"} {Name:Delegate Value:true} {Name:PIDs Value:@au [1798835]} {Name:MemoryAccounting Value:true} {Name:CPUAccounting Value:true} {Name:IOAccounting Value:true} {Name:TasksAccounting Value:true} {Name:DefaultDependencies Value:false}]): Interactive authentication required." method=POST module=api request-url=/v1.56/containers/a4cba7c80566a4abc50824808270cb744f012f187d592c32983b16c167398509/start status=500 vars="map[name:a4cba7c80566a4abc50824808270cb744f012f187d592c32983b16c167398509 version:1.56]"
time="2026-10-06T10:15:31.087891118+01:00" level=info msg="connecting to shim ca1b4e79f7650310e60fd97c26ff982e49c103a4f407091fcb0e7c3611d1e49f" address="unix:///run/containerd/s/2b24239b7456b574b4c94e21d8c1b675a9fe3f801c48cac4f610663342b0a0d3" namespace=moby protocol=ttrpc version=3
time="2026-10-06T10:16:21.450418867+01:00" level=error msg="failed to delete task" error="rpc error: code = NotFound desc = container not created: not found" id=ca1b4e79f7650310e60fd97c26ff982e49c103a4f407091fcb0e7c3611d1e49f
time="2026-10-06T10:16:21.451054923+01:00" level=info msg="shim disconnected" id=ca1b4e79f7650310e60fd97c26ff982e49c103a4f407091fcb0e7c3611d1e49f namespace=moby
time="2026-10-06T10:16:21.451094307+01:00" level=info msg="cleaning up after shim disconnected" id=ca1b4e79f7650310e60fd97c26ff982e49c103a4f407091fcb0e7c3611d1e49f namespace=moby
time="2026-10-06T10:16:21.451129836+01:00" level=info msg="cleaning up dead shim" id=ca1b4e79f7650310e60fd97c26ff982e49c103a4f407091fcb0e7c3611d1e49f namespace=moby
time="2026-10-06T10:16:21.464180751+01:00" level=warning msg="warnings while cleaning up dead shim" id=ca1b4e79f7650310e60fd97c26ff982e49c103a4f407091fcb0e7c3611d1e49f namespace=moby warnings="time=\"2026-10-06T10:16:21+01:00\" level=warning msg=\"failed to read init pid file\" error=\"open /home/jefferson/.local/state/s-core/dk/3b6a50809333_state/e/containerd/daemon/io.containerd.runtime.v2.task/moby/ca1b4e79f7650310e60fd97c26ff982e49c103a4f407091fcb0e7c3611d1e49f/init.pid: no such file or directory\" runtime=io.containerd.runc.v2\n"
time="2026-10-06T10:16:21.465284236+01:00" level=error msg="copy shim log" error="read /proc/self/fd/18: file already closed" namespace=moby
time="2026-10-06T10:16:21.466021719+01:00" level=error msg="copy stream failed" error="reading from a closed fifo" stream=stderr
time="2026-10-06T10:16:21.466019547+01:00" level=error msg="copy stream failed" error="reading from a closed fifo" stream=stdout
time="2026-10-06T10:16:21.510415826+01:00" level=error msg="Handler for POST /containers/{name:.*}/start returned error" error-response="failed to create task for container: failed to create shim task: OCI runtime create failed: runc create failed: unable to start container process: unable to apply cgroup configuration: unable to start unit \"docker-ca1b4e79f7650310e60fd97c26ff982e49c103a4f407091fcb0e7c3611d1e49f.scope\" (properties [{Name:Description Value:\"libcontainer container ca1b4e79f7650310e60fd97c26ff982e49c103a4f407091fcb0e7c3611d1e49f\"} {Name:Slice Value:\"user.slice\"} {Name:Delegate Value:true} {Name:PIDs Value:@au [1799550]} {Name:MemoryAccounting Value:true} {Name:CPUAccounting Value:true} {Name:IOAccounting Value:true} {Name:TasksAccounting Value:true} {Name:DefaultDependencies Value:false}]): Interactive authentication required." method=POST module=api request-url=/v1.56/containers/ca1b4e79f7650310e60fd97c26ff982e49c103a4f407091fcb0e7c3611d1e49f/start status=500 vars="map[name:ca1b4e79f7650310e60fd97c26ff982e49c103a4f407091fcb0e7c3611d1e49f version:1.56]"
time="2026-10-06T10:16:25.483068439+01:00" level=info msg="connecting to shim 62a6fcca4c3c90665389eef7605c02a01e94420b5a3dcbdb377e3cfea0502161" address="unix:///run/containerd/s/46f41a458192b953d5d24175acfe3f8a30f0f8df4cf8570f38f1f7cf1ad3f875" namespace=moby protocol=ttrpc version=3
time="2026-10-06T10:17:15.951858249+01:00" level=error msg="failed to delete task" error="rpc error: code = NotFound desc = container not created: not found" id=62a6fcca4c3c90665389eef7605c02a01e94420b5a3dcbdb377e3cfea0502161
time="2026-10-06T10:17:15.952563579+01:00" level=info msg="shim disconnected" id=62a6fcca4c3c90665389eef7605c02a01e94420b5a3dcbdb377e3cfea0502161 namespace=moby
time="2026-10-06T10:17:15.952640992+01:00" level=info msg="cleaning up after shim disconnected" id=62a6fcca4c3c90665389eef7605c02a01e94420b5a3dcbdb377e3cfea0502161 namespace=moby
time="2026-10-06T10:17:15.952684572+01:00" level=info msg="cleaning up dead shim" id=62a6fcca4c3c90665389eef7605c02a01e94420b5a3dcbdb377e3cfea0502161 namespace=moby
time="2026-10-06T10:17:15.967194235+01:00" level=warning msg="warnings while cleaning up dead shim" id=62a6fcca4c3c90665389eef7605c02a01e94420b5a3dcbdb377e3cfea0502161 namespace=moby warnings="time=\"2026-10-06T10:17:15+01:00\" level=warning msg=\"failed to read init pid file\" error=\"open /home/jefferson/.local/state/s-core/dk/3b6a50809333_state/e/containerd/daemon/io.containerd.runtime.v2.task/moby/62a6fcca4c3c90665389eef7605c02a01e94420b5a3dcbdb377e3cfea0502161/init.pid: no such file or directory\" runtime=io.containerd.runc.v2\n"
time="2026-10-06T10:17:15.968247120+01:00" level=error msg="copy shim log" error="read /proc/self/fd/18: file already closed" namespace=moby
time="2026-10-06T10:17:15.968984179+01:00" level=error msg="copy stream failed" error="reading from a closed fifo" stream=stdout
time="2026-10-06T10:17:15.968999018+01:00" level=error msg="copy stream failed" error="reading from a closed fifo" stream=stderr
time="2026-10-06T10:17:15.990339001+01:00" level=error msg="Handler for POST /containers/{name:.*}/start returned error" error-response="failed to create task for container: failed to create shim task: OCI runtime create failed: runc create failed: unable to start container process: unable to apply cgroup configuration: unable to start unit \"docker-62a6fcca4c3c90665389eef7605c02a01e94420b5a3dcbdb377e3cfea0502161.scope\" (properties [{Name:Description Value:\"libcontainer container 62a6fcca4c3c90665389eef7605c02a01e94420b5a3dcbdb377e3cfea0502161\"} {Name:Slice Value:\"user.slice\"} {Name:Delegate Value:true} {Name:PIDs Value:@au [1800524]} {Name:MemoryAccounting Value:true} {Name:CPUAccounting Value:true} {Name:IOAccounting Value:true} {Name:TasksAccounting Value:true} {Name:DefaultDependencies Value:false}]): Interactive authentication required." method=POST module=api request-url=/v1.56/containers/62a6fcca4c3c90665389eef7605c02a01e94420b5a3dcbdb377e3cfea0502161/start status=500 vars="map[name:62a6fcca4c3c90665389eef7605c02a01e94420b5a3dcbdb377e3cfea0502161 version:1.56]"
time="2026-10-06T10:17:17.636080480+01:00" level=info msg="connecting to shim 10c28ba283b202d11a0c754c11ba28f6a51353fc685ce65be1d4f8e377d08462" address="unix:///run/containerd/s/1ac6982e6ef24d0733b2870f282cc1e928852e5dd9da460ed50a494a434c2e84" namespace=moby protocol=ttrpc version=3
time="2026-10-06T10:18:08.201761517+01:00" level=error msg="failed to delete task" error="rpc error: code = NotFound desc = container not created: not found" id=10c28ba283b202d11a0c754c11ba28f6a51353fc685ce65be1d4f8e377d08462
time="2026-10-06T10:18:08.202810825+01:00" level=info msg="shim disconnected" id=10c28ba283b202d11a0c754c11ba28f6a51353fc685ce65be1d4f8e377d08462 namespace=moby
time="2026-10-06T10:18:08.202882383+01:00" level=info msg="cleaning up after shim disconnected" id=10c28ba283b202d11a0c754c11ba28f6a51353fc685ce65be1d4f8e377d08462 namespace=moby
time="2026-10-06T10:18:08.202894665+01:00" level=info msg="cleaning up dead shim" id=10c28ba283b202d11a0c754c11ba28f6a51353fc685ce65be1d4f8e377d08462 namespace=moby
time="2026-10-06T10:18:08.215790643+01:00" level=warning msg="warnings while cleaning up dead shim" id=10c28ba283b202d11a0c754c11ba28f6a51353fc685ce65be1d4f8e377d08462 namespace=moby warnings="time=\"2026-10-06T10:18:08+01:00\" level=warning msg=\"failed to read init pid file\" error=\"open /home/jefferson/.local/state/s-core/dk/3b6a50809333_state/e/containerd/daemon/io.containerd.runtime.v2.task/moby/10c28ba283b202d11a0c754c11ba28f6a51353fc685ce65be1d4f8e377d08462/init.pid: no such file or directory\" runtime=io.containerd.runc.v2\n"
time="2026-10-06T10:18:08.216609646+01:00" level=error msg="copy shim log" error="read /proc/self/fd/18: file already closed" namespace=moby
time="2026-10-06T10:18:08.217319756+01:00" level=error msg="copy stream failed" error="reading from a closed fifo" stream=stdout
time="2026-10-06T10:18:08.217307663+01:00" level=error msg="copy stream failed" error="reading from a closed fifo" stream=stderr
time="2026-10-06T10:18:08.250774553+01:00" level=error msg="Handler for POST /containers/{name:.*}/start returned error" error-response="failed to create task for container: failed to create shim task: OCI runtime create failed: runc create failed: unable to start container process: unable to apply cgroup configuration: unable to start unit \"docker-10c28ba283b202d11a0c754c11ba28f6a51353fc685ce65be1d4f8e377d08462.scope\" (properties [{Name:Description Value:\"libcontainer container 10c28ba283b202d11a0c754c11ba28f6a51353fc685ce65be1d4f8e377d08462\"} {Name:Slice Value:\"user.slice\"} {Name:Delegate Value:true} {Name:PIDs Value:@au [1801357]} {Name:MemoryAccounting Value:true} {Name:CPUAccounting Value:true} {Name:IOAccounting Value:true} {Name:TasksAccounting Value:true} {Name:DefaultDependencies Value:false}]): Interactive authentication required." method=POST module=api request-url=/v1.56/containers/10c28ba283b202d11a0c754c11ba28f6a51353fc685ce65be1d4f8e377d08462/start status=500 vars="map[name:10c28ba283b202d11a0c754c11ba28f6a51353fc685ce65be1d4f8e377d08462 version:1.56]"
time="2026-10-06T10:18:09.790293089+01:00" level=info msg="connecting to shim fbae16ea6cfff04d6cd90b375e3dc0a65bcac27b68154612c6d8ab3b31d94476" address="unix:///run/containerd/s/4c5bdbe386b21fbf7a9d3ca917c8a6a38cacb5efe6a13c2c77e7aa5fb4c278c5" namespace=moby protocol=ttrpc version=3
time="2026-10-06T10:19:00.200814367+01:00" level=error msg="failed to delete task" error="rpc error: code = NotFound desc = container not created: not found" id=fbae16ea6cfff04d6cd90b375e3dc0a65bcac27b68154612c6d8ab3b31d94476
time="2026-10-06T10:19:00.201346612+01:00" level=info msg="shim disconnected" id=fbae16ea6cfff04d6cd90b375e3dc0a65bcac27b68154612c6d8ab3b31d94476 namespace=moby
time="2026-10-06T10:19:00.201402286+01:00" level=info msg="cleaning up after shim disconnected" id=fbae16ea6cfff04d6cd90b375e3dc0a65bcac27b68154612c6d8ab3b31d94476 namespace=moby
time="2026-10-06T10:19:00.201424570+01:00" level=info msg="cleaning up dead shim" id=fbae16ea6cfff04d6cd90b375e3dc0a65bcac27b68154612c6d8ab3b31d94476 namespace=moby
time="2026-10-06T10:19:00.215593881+01:00" level=warning msg="warnings while cleaning up dead shim" id=fbae16ea6cfff04d6cd90b375e3dc0a65bcac27b68154612c6d8ab3b31d94476 namespace=moby warnings="time=\"2026-10-06T10:19:00+01:00\" level=warning msg=\"failed to read init pid file\" error=\"open /home/jefferson/.local/state/s-core/dk/3b6a50809333_state/e/containerd/daemon/io.containerd.runtime.v2.task/moby/fbae16ea6cfff04d6cd90b375e3dc0a65bcac27b68154612c6d8ab3b31d94476/init.pid: no such file or directory\" runtime=io.containerd.runc.v2\n"
time="2026-10-06T10:19:00.216657521+01:00" level=error msg="copy shim log" error="read /proc/self/fd/18: file already closed" namespace=moby
time="2026-10-06T10:19:00.217380351+01:00" level=error msg="copy stream failed" error="reading from a closed fifo" stream=stdout
time="2026-10-06T10:19:00.217451703+01:00" level=error msg="copy stream failed" error="reading from a closed fifo" stream=stderr
time="2026-10-06T10:19:00.240708544+01:00" level=error msg="Handler for POST /containers/{name:.*}/start returned error" error-response="failed to create task for container: failed to create shim task: OCI runtime create failed: runc create failed: unable to start container process: unable to apply cgroup configuration: unable to start unit \"docker-fbae16ea6cfff04d6cd90b375e3dc0a65bcac27b68154612c6d8ab3b31d94476.scope\" (properties [{Name:Description Value:\"libcontainer container fbae16ea6cfff04d6cd90b375e3dc0a65bcac27b68154612c6d8ab3b31d94476\"} {Name:Slice Value:\"user.slice\"} {Name:Delegate Value:true} {Name:PIDs Value:@au [1802058]} {Name:MemoryAccounting Value:true} {Name:CPUAccounting Value:true} {Name:IOAccounting Value:true} {Name:TasksAccounting Value:true} {Name:DefaultDependencies Value:false}]): Interactive authentication required." method=POST module=api request-url=/v1.56/containers/fbae16ea6cfff04d6cd90b375e3dc0a65bcac27b68154612c6d8ab3b31d94476/start status=500 vars="map[name:fbae16ea6cfff04d6cd90b375e3dc0a65bcac27b68154612c6d8ab3b31d94476 version:1.56]"
time="2026-10-06T10:19:03.639339059+01:00" level=info msg="Processing signal 'terminated'"
time="2026-10-06T10:19:03.639471798+01:00" level=info msg="Processing signal 'terminated'"
time="2026-10-06T10:19:03.639660676+01:00" level=info msg="Processing signal 'terminated'"
time="2026-10-06T10:19:03.649417906+01:00" level=info msg="stopping event stream following graceful shutdown" error="<nil>" module=libcontainerd namespace=moby
time="2026-10-06T10:19:03.650123531+01:00" level=info msg="stopping containerd healthcheck following graceful shutdown" binary=/usr/bin/containerd module=supervisor pid=1715089
time="2026-10-06T10:19:03.650154248+01:00" level=info msg="stopping event stream following graceful shutdown" error="context canceled" module=libcontainerd namespace=plugins.moby
time="2026-10-06T10:19:04.651803878+01:00" level=info msg="Daemon shutdown complete"
