error: .github/score/.copier-answers.yml: No such file or directory
error: .github/workflows/test.yml: No such file or directory
error: patch failed: BUILD:26
error: BUILD: patch does not apply
error: copier.yml: No such file or directory
error: patch failed: docs/concepts/index.rst:23
error: docs/concepts/index.rst: patch does not apply
error: prepare_commit.sh: No such file or directory
error: score_harness/BUILD: No such file or directory
error: score_harness/README.md: No such file or directory
error: score_harness/common.py: No such file or directory
error: score_harness/harness/BUILD: No such file or directory
error: score_harness/harness/base_harness.py: No such file or directory
error: score_harness/harness/rule_retrieval_harness.py: No such file or directory
error: score_harness/outer_loop.py: No such file or directory
error: score_harness/query_runs.py: No such file or directory
error: score_harness/tests/BUILD: No such file or directory
error: score_harness/tests/validate_candidate_test.py: No such file or directory
error: score_harness/validate_candidate.py: No such file or directory
error: patch failed: scripts_bazel/BUILD:49
error: scripts_bazel/BUILD: patch does not apply
