$TEST_TMPDIR defined, some defaults will be overridden
OpenJDK 64-Bit Server VM warning: Options -Xverify:none and -noverify were deprecated in JDK 13 and will likely be removed in a future release.
WARNING: The following configs were expanded more than once: [linux_x64_gcc_15]. For repeatable flags, repeats are counted twice and may lead to unexpected behavior.
Computing main repo mapping: 
Computing main repo mapping: 
WARNING: The following configs were expanded more than once: [linux_x64_gcc_15]. For repeatable flags, repeats are counted twice and may lead to unexpected behavior.
Computing main repo mapping: 
Computing main repo mapping: 
Computing main repo mapping: 
Computing main repo mapping: 
Loading: 
Loading: 5 packages loaded
Analyzing: target //:format.check (6 packages loaded, 0 targets configured)
Analyzing: target //:format.check (6 packages loaded, 0 targets configured)

Analyzing: target //:format.check (103 packages loaded, 12 targets configured)

Analyzing: target //:format.check (184 packages loaded, 3890 targets configured)

Analyzing: target //:format.check (196 packages loaded, 12746 targets configured)

INFO: Analyzed target //:format.check (198 packages loaded, 14633 targets configured).
[24 / 31] checking cached actions
INFO: Found 1 target...
Target //:format.check up-to-date:
  bazel-bin/format.check.bash
INFO: Elapsed time: 19.601s, Critical Path: 0.25s
INFO: 10 processes: 118 action cache hit, 10 internal.
INFO: Build completed successfully, 10 total actions
INFO: Running command line: bazel-bin/format.check.bash <args omitted>
3 files already formatted
Formatted Python in 0m0.028s
Formatted Starlark in 0m0.021s
Formatted C++ in 0m0.293s
Formatted Rust in 0m0.291s
