OpenJDK 64-Bit Server VM warning: Options -Xverify:none and -noverify were deprecated in JDK 13 and will likely be removed in a future release.
Computing main repo mapping: 
Computing main repo mapping: 
Loading: 
Loading: 0 packages loaded
Loading: 0 packages loaded
Loading: 0 packages loaded
    currently loading: 
Loading: 0 packages loaded
    currently loading: 
Loading: 0 packages loaded
    currently loading: 
Analyzing: target //:ide_support (1 packages loaded)
Analyzing: target //:ide_support (1 packages loaded, 0 targets configured)
Analyzing: target //:ide_support (1 packages loaded, 0 targets configured)

Analyzing: target //:ide_support (17 packages loaded, 8 targets configured)

Analyzing: target //:ide_support (69 packages loaded, 8 targets configured)

Analyzing: target //:ide_support (99 packages loaded, 279 targets configured)

Analyzing: target //:ide_support (119 packages loaded, 891 targets configured)

Analyzing: target //:ide_support (201 packages loaded, 970 targets configured)

Analyzing: target //:ide_support (211 packages loaded, 2838 targets configured)

Analyzing: target //:ide_support (224 packages loaded, 2839 targets configured)

Analyzing: target //:ide_support (240 packages loaded, 4910 targets configured)

Analyzing: target //:ide_support (250 packages loaded, 5391 targets configured)

Analyzing: target //:ide_support (264 packages loaded, 6156 targets configured)

Analyzing: target //:ide_support (281 packages loaded, 8867 targets configured)

Analyzing: target //:ide_support (288 packages loaded, 15345 targets configured)

Analyzing: target //:ide_support (296 packages loaded, 22043 targets configured)

Analyzing: target //:ide_support (296 packages loaded, 22154 targets configured)

Analyzing: target //:ide_support (297 packages loaded, 22203 targets configured)

Analyzing: target //:ide_support (297 packages loaded, 22244 targets configured)

Analyzing: target //:ide_support (297 packages loaded, 22244 targets configured)

Analyzing: target //:ide_support (297 packages loaded, 22244 targets configured)

Analyzing: target //:ide_support (297 packages loaded, 22244 targets configured)

Analyzing: target //:ide_support (297 packages loaded, 22244 targets configured)

Analyzing: target //:ide_support (298 packages loaded, 22245 targets configured)

Analyzing: target //:ide_support (298 packages loaded, 22245 targets configured)

Analyzing: target //:ide_support (298 packages loaded, 22245 targets configured)

Analyzing: target //:ide_support (298 packages loaded, 22245 targets configured)

Analyzing: target //:ide_support (298 packages loaded, 22245 targets configured)

Analyzing: target //:ide_support (298 packages loaded, 22245 targets configured)

Analyzing: target //:ide_support (298 packages loaded, 22245 targets configured)

Analyzing: target //:ide_support (298 packages loaded, 22245 targets configured)

Analyzing: target //:ide_support (298 packages loaded, 22245 targets configured)

Analyzing: target //:ide_support (298 packages loaded, 22245 targets configured)

Analyzing: target //:ide_support (298 packages loaded, 22245 targets configured)

Analyzing: target //:ide_support (298 packages loaded, 22245 targets configured)

Analyzing: target //:ide_support (298 packages loaded, 22245 targets configured)

Analyzing: target //:ide_support (298 packages loaded, 22245 targets configured)

Analyzing: target //:ide_support (298 packages loaded, 22245 targets configured)

Analyzing: target //:ide_support (298 packages loaded, 22245 targets configured)

Analyzing: target //:ide_support (298 packages loaded, 22245 targets configured)

Analyzing: target //:ide_support (298 packages loaded, 22245 targets configured)

Analyzing: target //:ide_support (298 packages loaded, 22245 targets configured)

Analyzing: target //:ide_support (298 packages loaded, 22245 targets configured)

Analyzing: target //:ide_support (298 packages loaded, 22245 targets configured)

Analyzing: target //:ide_support (298 packages loaded, 22245 targets configured)

Analyzing: target //:ide_support (298 packages loaded, 22245 targets configured)

Analyzing: target //:ide_support (298 packages loaded, 22245 targets configured)

Analyzing: target //:ide_support (298 packages loaded, 22245 targets configured)

Analyzing: target //:ide_support (298 packages loaded, 22245 targets configured)

Analyzing: target //:ide_support (298 packages loaded, 22245 targets configured)

Analyzing: target //:ide_support (298 packages loaded, 22245 targets configured)

Analyzing: target //:ide_support (298 packages loaded, 22245 targets configured)

Analyzing: target //:ide_support (298 packages loaded, 22245 targets configured)

Analyzing: target //:ide_support (298 packages loaded, 22245 targets configured)

Analyzing: target //:ide_support (298 packages loaded, 22245 targets configured)

Analyzing: target //:ide_support (298 packages loaded, 22245 targets configured)

Analyzing: target //:ide_support (298 packages loaded, 22245 targets configured)

Analyzing: target //:ide_support (298 packages loaded, 22245 targets configured)

Analyzing: target //:ide_support (298 packages loaded, 22245 targets configured)

Analyzing: target //:ide_support (298 packages loaded, 22245 targets configured)

Analyzing: target //:ide_support (298 packages loaded, 22245 targets configured)

Analyzing: target //:ide_support (298 packages loaded, 22245 targets configured)

Analyzing: target //:ide_support (298 packages loaded, 22245 targets configured)

Analyzing: target //:ide_support (298 packages loaded, 22245 targets configured)

Analyzing: target //:ide_support (298 packages loaded, 22245 targets configured)

Analyzing: target //:ide_support (298 packages loaded, 22245 targets configured)

Analyzing: target //:ide_support (298 packages loaded, 22245 targets configured)

Analyzing: target //:ide_support (306 packages loaded, 23213 targets configured)

Analyzing: target //:ide_support (306 packages loaded, 23277 targets configured)

Analyzing: target //:ide_support (306 packages loaded, 23277 targets configured)

Analyzing: target //:ide_support (306 packages loaded, 23277 targets configured)

Analyzing: target //:ide_support (306 packages loaded, 23277 targets configured)

Analyzing: target //:ide_support (306 packages loaded, 23277 targets configured)

Analyzing: target //:ide_support (307 packages loaded, 23297 targets configured)

Analyzing: target //:ide_support (307 packages loaded, 23297 targets configured)

Analyzing: target //:ide_support (307 packages loaded, 23297 targets configured)

Analyzing: target //:ide_support (307 packages loaded, 23297 targets configured)

Analyzing: target //:ide_support (307 packages loaded, 23297 targets configured)

Analyzing: target //:ide_support (307 packages loaded, 23297 targets configured)

Analyzing: target //:ide_support (307 packages loaded, 23297 targets configured)

Analyzing: target //:ide_support (307 packages loaded, 23297 targets configured)

Analyzing: target //:ide_support (307 packages loaded, 23297 targets configured)

Analyzing: target //:ide_support (307 packages loaded, 23297 targets configured)

Analyzing: target //:ide_support (307 packages loaded, 23297 targets configured)

Analyzing: target //:ide_support (307 packages loaded, 23297 targets configured)

Analyzing: target //:ide_support (307 packages loaded, 23297 targets configured)

Analyzing: target //:ide_support (308 packages loaded, 23305 targets configured)

Analyzing: target //:ide_support (308 packages loaded, 23305 targets configured)

Analyzing: target //:ide_support (308 packages loaded, 23305 targets configured)

Analyzing: target //:ide_support (308 packages loaded, 23305 targets configured)

Analyzing: target //:ide_support (308 packages loaded, 23305 targets configured)

Analyzing: target //:ide_support (308 packages loaded, 23305 targets configured)

Analyzing: target //:ide_support (308 packages loaded, 23305 targets configured)

Analyzing: target //:ide_support (308 packages loaded, 23305 targets configured)

Analyzing: target //:ide_support (308 packages loaded, 23305 targets configured)

Analyzing: target //:ide_support (308 packages loaded, 23305 targets configured)

Analyzing: target //:ide_support (308 packages loaded, 23305 targets configured)

Analyzing: target //:ide_support (308 packages loaded, 23305 targets configured)

Analyzing: target //:ide_support (308 packages loaded, 23305 targets configured)

Analyzing: target //:ide_support (308 packages loaded, 23305 targets configured)

Analyzing: target //:ide_support (308 packages loaded, 23305 targets configured)

Analyzing: target //:ide_support (308 packages loaded, 23305 targets configured)

Analyzing: target //:ide_support (308 packages loaded, 23305 targets configured)

Analyzing: target //:ide_support (308 packages loaded, 23305 targets configured)

Analyzing: target //:ide_support (308 packages loaded, 23305 targets configured)

Analyzing: target //:ide_support (308 packages loaded, 23305 targets configured)

Analyzing: target //:ide_support (308 packages loaded, 23305 targets configured)

Analyzing: target //:ide_support (308 packages loaded, 23305 targets configured)

Analyzing: target //:ide_support (308 packages loaded, 23305 targets configured)

Analyzing: target //:ide_support (308 packages loaded, 23305 targets configured)

Analyzing: target //:ide_support (308 packages loaded, 23305 targets configured)

Analyzing: target //:ide_support (308 packages loaded, 23305 targets configured)

Analyzing: target //:ide_support (308 packages loaded, 23305 targets configured)

Analyzing: target //:ide_support (308 packages loaded, 23305 targets configured)

Analyzing: target //:ide_support (308 packages loaded, 23305 targets configured)

Analyzing: target //:ide_support (308 packages loaded, 23305 targets configured)

Analyzing: target //:ide_support (308 packages loaded, 23305 targets configured)

Analyzing: target //:ide_support (308 packages loaded, 23305 targets configured)

Analyzing: target //:ide_support (308 packages loaded, 23305 targets configured)

Analyzing: target //:ide_support (308 packages loaded, 23305 targets configured)

Analyzing: target //:ide_support (308 packages loaded, 23305 targets configured)

Analyzing: target //:ide_support (308 packages loaded, 23305 targets configured)

Analyzing: target //:ide_support (308 packages loaded, 23305 targets configured)

Analyzing: target //:ide_support (308 packages loaded, 23305 targets configured)

Analyzing: target //:ide_support (308 packages loaded, 23305 targets configured)

Analyzing: target //:ide_support (308 packages loaded, 23305 targets configured)

Analyzing: target //:ide_support (308 packages loaded, 23305 targets configured)

Analyzing: target //:ide_support (308 packages loaded, 23305 targets configured)

Analyzing: target //:ide_support (308 packages loaded, 23305 targets configured)

Analyzing: target //:ide_support (308 packages loaded, 23305 targets configured)

Analyzing: target //:ide_support (308 packages loaded, 23305 targets configured)

Analyzing: target //:ide_support (308 packages loaded, 23305 targets configured)

Analyzing: target //:ide_support (308 packages loaded, 23305 targets configured)

Analyzing: target //:ide_support (308 packages loaded, 23305 targets configured)

Analyzing: target //:ide_support (308 packages loaded, 23305 targets configured)

Analyzing: target //:ide_support (308 packages loaded, 23305 targets configured)

Analyzing: target //:ide_support (308 packages loaded, 23305 targets configured)

Analyzing: target //:ide_support (308 packages loaded, 23305 targets configured)

Analyzing: target //:ide_support (308 packages loaded, 23305 targets configured)

Analyzing: target //:ide_support (308 packages loaded, 23305 targets configured)

Analyzing: target //:ide_support (308 packages loaded, 23305 targets configured)

Analyzing: target //:ide_support (308 packages loaded, 23305 targets configured)

Analyzing: target //:ide_support (308 packages loaded, 23305 targets configured)

Analyzing: target //:ide_support (308 packages loaded, 23305 targets configured)

INFO: Analyzed target //:ide_support (309 packages loaded, 23432 targets configured).
[1 / 10] Writing repo mapping manifest for //:ide_support; 0s local ... (4 actions, 2 running)
[5 / 52] checking cached actions
[5 / 52] Creating runfiles tree bazel-out/k8-fastbuild/bin/ide_support.runfiles; 0s local
[6 / 52] checking cached actions
[6 / 52] [Prepa] Expanding template src/plantuml
[7 / 52] checking cached actions
[49 / 52] [Prepa] JavaToolchainCompileClasses external/rules_java+/toolchains/platformclasspath_classes
[49 / 52] JavaToolchainCompileClasses external/rules_java+/toolchains/platformclasspath_classes; 1s processwrapper-sandbox
[50 / 52] [Prepa] JavaToolchainCompileBootClasspath external/rules_java+/toolchains/platformclasspath.jar
[50 / 52] JavaToolchainCompileBootClasspath external/rules_java+/toolchains/platformclasspath.jar; 1s processwrapper-sandbox
[51 / 52] [Prepa] Building src/plantuml.jar ()
[51 / 52] Building src/plantuml.jar (); 1s multiplex-worker
INFO: Found 1 target...
Target //:ide_support up-to-date:
  bazel-bin/ide_support
  bazel-bin/ide_support.venv.pth
INFO: Elapsed time: 212.921s, Critical Path: 10.63s
INFO: 10 processes: 42 action cache hit, 7 internal, 2 processwrapper-sandbox, 1 worker.
INFO: Build completed successfully, 10 total actions
INFO: Running command line: bazel-bin/ide_support
