[
  {
    "run": "001/baseline",
    "task": "search-cr1-01",
    "gate_verdict": "fail",
    "matches_expectation": true,
    "trace": "001/baseline/traces/search-cr1-01/score.json"
  },
  {
    "run": "001/baseline",
    "task": "search-cr1-02",
    "gate_verdict": "fail",
    "matches_expectation": true,
    "trace": "001/baseline/traces/search-cr1-02/score.json"
  },
  {
    "run": "001/baseline",
    "task": "search-cr1-03",
    "gate_verdict": "fail",
    "matches_expectation": true,
    "trace": "001/baseline/traces/search-cr1-03/score.json"
  },
  {
    "run": "001/baseline",
    "task": "search-cr1-04",
    "gate_verdict": "fail",
    "matches_expectation": true,
    "trace": "001/baseline/traces/search-cr1-04/score.json"
  },
  {
    "run": "001/baseline",
    "task": "search-cr3-01",
    "gate_verdict": "fail",
    "matches_expectation": true,
    "trace": "001/baseline/traces/search-cr3-01/score.json"
  },
  {
    "run": "001/baseline",
    "task": "search-cr3-02",
    "gate_verdict": "fail",
    "matches_expectation": true,
    "trace": "001/baseline/traces/search-cr3-02/score.json"
  },
  {
    "run": "001/baseline",
    "task": "search-cr3-03",
    "gate_verdict": "fail",
    "matches_expectation": true,
    "trace": "001/baseline/traces/search-cr3-03/score.json"
  },
  {
    "run": "001/baseline",
    "task": "search-cr3-04",
    "gate_verdict": "fail",
    "matches_expectation": true,
    "trace": "001/baseline/traces/search-cr3-04/score.json"
  },
  {
    "run": "001/baseline",
    "task": "search-cr5-01",
    "gate_verdict": "fail",
    "matches_expectation": true,
    "trace": "001/baseline/traces/search-cr5-01/score.json"
  },
  {
    "run": "001/baseline",
    "task": "search-cr5-04",
    "gate_verdict": "fail",
    "matches_expectation": true,
    "trace": "001/baseline/traces/search-cr5-04/score.json"
  },
  {
    "run": "001/baseline",
    "task": "search-snapshot-01",
    "gate_verdict": "fail",
    "matches_expectation": true,
    "trace": "001/baseline/traces/search-snapshot-01/score.json"
  },
  {
    "run": "001/baseline",
    "task": "search-snapshot-03",
    "gate_verdict": "fail",
    "matches_expectation": true,
    "trace": "001/baseline/traces/search-snapshot-03/score.json"
  },
  {
    "run": "001/baseline",
    "task": "search-snapshot-05",
    "gate_verdict": "fail",
    "matches_expectation": true,
    "trace": "001/baseline/traces/search-snapshot-05/score.json"
  },
  {
    "run": "001/baseline",
    "task": "search-snapshot-07",
    "gate_verdict": "fail",
    "matches_expectation": true,
    "trace": "001/baseline/traces/search-snapshot-07/score.json"
  },
  {
    "run": "001/baseline",
    "task": "search-snapshot-09",
    "gate_verdict": "fail",
    "matches_expectation": true,
    "trace": "001/baseline/traces/search-snapshot-09/score.json"
  },
  {
    "run": "002/baseline",
    "task": "heldout-cr1-01",
    "gate_verdict": "fail",
    "matches_expectation": true,
    "trace": "002/baseline/traces/heldout-cr1-01/score.json"
  },
  {
    "run": "002/baseline",
    "task": "heldout-cr1-02",
    "gate_verdict": "fail",
    "matches_expectation": true,
    "trace": "002/baseline/traces/heldout-cr1-02/score.json"
  },
  {
    "run": "002/baseline",
    "task": "heldout-cr3-01",
    "gate_verdict": "fail",
    "matches_expectation": true,
    "trace": "002/baseline/traces/heldout-cr3-01/score.json"
  },
  {
    "run": "002/baseline",
    "task": "heldout-cr3-02",
    "gate_verdict": "fail",
    "matches_expectation": true,
    "trace": "002/baseline/traces/heldout-cr3-02/score.json"
  },
  {
    "run": "002/baseline",
    "task": "heldout-cr5-01",
    "gate_verdict": "fail",
    "matches_expectation": true,
    "trace": "002/baseline/traces/heldout-cr5-01/score.json"
  }
]
