OpenJDK 64-Bit Server VM warning: Options -Xverify:none and -noverify were deprecated in JDK 13 and will likely be removed in a future release.
Computing main repo mapping: 
Computing main repo mapping: 
Loading: 
Loading: 1 packages loaded
Analyzing: target //assurance:evaluate (2 packages loaded, 0 targets configured)
Analyzing: target //assurance:evaluate (2 packages loaded, 0 targets configured)

Analyzing: target //assurance:evaluate (100 packages loaded, 891 targets configured)

Analyzing: target //assurance:evaluate (212 packages loaded, 3017 targets configured)

Analyzing: target //assurance:evaluate (256 packages loaded, 3042 targets configured)

Analyzing: target //assurance:evaluate (279 packages loaded, 22302 targets configured)

INFO: Analyzed target //assurance:evaluate (280 packages loaded, 22372 targets configured).
[4 / 48] [Prepa] Copying files
[50 / 50] no actions running
INFO: Found 1 target...
Target //assurance:evaluate up-to-date:
  bazel-bin/assurance/evaluate
  bazel-bin/assurance/evaluate.venv.pth
INFO: Elapsed time: 13.549s, Critical Path: 0.58s
INFO: 44 processes: 6 action cache hit, 2 internal, 42 processwrapper-sandbox.
INFO: Build completed successfully, 44 total actions
INFO: Running command line: bazel-bin/assurance/evaluate <args omitted>
