OpenJDK 64-Bit Server VM warning: Options -Xverify:none and -noverify were deprecated in JDK 13 and will likely be removed in a future release.
Computing main repo mapping: 
Computing main repo mapping: 
Loading: 
Loading: 1 packages loaded
DEBUG: /media/jefferson/11c42dee-73a3-4c2b-ab42-a0440011d9e0/.s-core-build/runs/score-assessment-fixes-_g8_rb47/docs-as-code/docs.bzl:705:14: INFO: ⚠️ DEPRECATED: Passing a Needs inventory through docs(data = [...]) is deprecated!!! Move it to external_needs = [...] instead.
DEBUG: /media/jefferson/11c42dee-73a3-4c2b-ab42-a0440011d9e0/.s-core-build/runs/score-assessment-fixes-_g8_rb47/docs-as-code/docs.bzl:705:14: INFO: ⚠️ DEPRECATED: Passing a Needs inventory through docs(data = [...]) is deprecated!!! Move it to external_needs = [...] instead.
Loading: 48 packages loaded
Analyzing: 99 targets (48 packages loaded)
Analyzing: 99 targets (48 packages loaded, 0 targets configured)
Analyzing: 99 targets (48 packages loaded, 0 targets configured)

Analyzing: 99 targets (165 packages loaded, 438 targets configured)
[2 / 2] no actions running
Analyzing: 99 targets (253 packages loaded, 527 targets configured)
[2 / 2] no actions running
Analyzing: 99 targets (276 packages loaded, 1074 targets configured)
[2 / 2] no actions running
Analyzing: 99 targets (324 packages loaded, 2833 targets configured)
[2 / 2] no actions running
Analyzing: 99 targets (350 packages loaded, 13049 targets configured)
[16 / 16] no actions running
Analyzing: 99 targets (355 packages loaded, 24250 targets configured)
[24 / 25] Creating runfiles tree bazel-out/k8-fastbuild/bin/scripts_bazel/merge_needs_json.runfiles; 0s local
Analyzing: 99 targets (357 packages loaded, 24753 targets configured)
[24 / 25] Creating runfiles tree bazel-out/k8-fastbuild/bin/scripts_bazel/merge_needs_json.runfiles; 1s local
INFO: Analyzed 99 targets (357 packages loaded, 24827 targets configured).
[46 / 101] [Prepa] Creating source manifest for //scripts_bazel:generate_sourcelinks
[54 / 115] Creating runfiles tree bazel-out/k8-fastbuild/bin/scripts_bazel/generate_sourcelinks.runfiles; 0s local ... (5 actions, 4 running)
[61 / 164] Creating runfiles tree bazel-out/k8-fastbuild/bin/scripts_bazel/generate_sourcelinks.runfiles; 2s local ... (5 actions running)
[65 / 169] Creating runfiles tree bazel-out/k8-fastbuild/bin/scripts_bazel/generate_sourcelinks.runfiles; 3s local ... (6 actions, 5 running)
[69 / 174] Creating runfiles tree bazel-out/k8-fastbuild/bin/scripts_bazel/generate_sourcelinks.runfiles; 5s local ... (7 actions running)
[127 / 241] Creating runfiles tree bazel-out/k8-opt-exec-ST-d57f47055a04/bin/src/extensions/score_metamodel/docs/generate_metamodel_rst_bin.runfiles [for tool]; 12s local ... (3 actions running)
[132 / 242] Creating runfiles tree bazel-out/k8-fastbuild/bin/assurance/query.runfiles; 11s local ... (2 actions running)
[236 / 330] Creating runfiles tree bazel-out/k8-fastbuild/bin/assurance/query.runfiles; 13s local ... (3 actions, 2 running)
[240 / 334] Creating runfiles tree bazel-out/k8-fastbuild/bin/assurance/query.runfiles; 14s local ... (3 actions running)
[327 / 337] Creating runfiles tree bazel-out/k8-fastbuild/bin/assurance/query.runfiles; 16s local ... (3 actions, 2 running)
[331 / 341] Creating runfiles tree bazel-out/k8-opt-exec-ST-d57f47055a04/bin/scripts_bazel/generate_sourcelinks.runfiles [for tool]; 6s local ... (2 actions running)
[332 / 341] Creating runfiles tree bazel-out/k8-opt-exec-ST-d57f47055a04/bin/scripts_bazel/generate_sourcelinks.runfiles [for tool]; 6s local ... (2 actions, 1 running)
[333 / 342] Creating runfiles tree bazel-out/k8-opt-exec-ST-d57f47055a04/bin/scripts_bazel/generate_sourcelinks.runfiles [for tool]; 7s local ... (3 actions, 2 running)
[333 / 342] Creating runfiles tree bazel-out/k8-opt-exec-ST-d57f47055a04/bin/scripts_bazel/generate_sourcelinks.runfiles [for tool]; 9s local ... (4 actions running)
[334 / 342] Creating runfiles tree bazel-out/k8-opt-exec-ST-d57f47055a04/bin/scripts_bazel/generate_sourcelinks.runfiles [for tool]; 10s local ... (3 actions running)
[334 / 342] Creating runfiles tree bazel-out/k8-opt-exec-ST-d57f47055a04/bin/scripts_bazel/generate_sourcelinks.runfiles [for tool]; 12s local ... (4 actions, 3 running)
[335 / 342] Creating runfiles tree bazel-out/k8-opt-exec-ST-d57f47055a04/bin/scripts_bazel/generate_sourcelinks.runfiles [for tool]; 14s local ... (4 actions, 3 running)
[337 / 342] Creating runfiles tree bazel-out/k8-opt-exec-ST-d57f47055a04/bin/scripts_bazel/generate_sourcelinks.runfiles [for tool]; 15s local ... (2 actions running)
[338 / 342] Creating runfiles tree bazel-out/k8-opt-exec-ST-d57f47055a04/bin/scripts_bazel/merge_sourcelinks.runfiles [for tool]; 10s local ... (2 actions, 1 running)
[338 / 342] Creating runfiles tree bazel-out/k8-opt-exec-ST-d57f47055a04/bin/scripts_bazel/merge_sourcelinks.runfiles [for tool]; 11s local ... (3 actions running)
[339 / 342] GenerateCodeTargetSourcelinks src/tests/docs_bzl/scenarios/nested_bundles/child.__internal__.sourcelinks_json.json; 3s processwrapper-sandbox ... (2 actions running)
INFO: From GenerateCodeTargetSourcelinks src/tests/docs_bzl/scenarios/nested_bundles/child.__internal__.sourcelinks_json.json:
Found 3 need references in 4 files
[340 / 342] GenerateCodeTargetSourcelinks docs_bundle.__internal__.sourcelinks_json.json; 7s processwrapper-sandbox
INFO: From GenerateCodeTargetSourcelinks docs_bundle.__internal__.sourcelinks_json.json:
Found 205 need references in 3742 files
[341 / 342] [Prepa] MergeBundleSourcelinks sourcelinks_json.json
[341 / 342] MergeBundleSourcelinks sourcelinks_json.json; 1s processwrapper-sandbox
INFO: From MergeBundleSourcelinks sourcelinks_json.json:
Merged 2 files into 208 total references
INFO: Found 99 targets...
INFO: Elapsed time: 71.300s, Critical Path: 32.70s
INFO: 49 processes: 323 action cache hit, 42 internal, 6 processwrapper-sandbox, 1 worker.
INFO: Build completed successfully, 49 total actions
