OpenJDK 64-Bit Server VM warning: Options -Xverify:none and -noverify were deprecated in JDK 13 and will likely be removed in a future release.
Computing main repo mapping: 
Computing main repo mapping: 
Loading: 
Loading: 1 packages loaded
DEBUG: /media/jefferson/11c42dee-73a3-4c2b-ab42-a0440011d9e0/.s-core-build/runs/score-assessment-fixes-_g8_rb47/docs-as-code/docs.bzl:705:14: INFO: ⚠️ DEPRECATED: Passing a Needs inventory through docs(data = [...]) is deprecated!!! Move it to external_needs = [...] instead.
DEBUG: /media/jefferson/11c42dee-73a3-4c2b-ab42-a0440011d9e0/.s-core-build/runs/score-assessment-fixes-_g8_rb47/docs-as-code/docs.bzl:705:14: INFO: ⚠️ DEPRECATED: Passing a Needs inventory through docs(data = [...]) is deprecated!!! Move it to external_needs = [...] instead.
Loading: 48 packages loaded
Analyzing: 99 targets (48 packages loaded)
Analyzing: 99 targets (48 packages loaded, 0 targets configured)
Analyzing: 99 targets (48 packages loaded, 0 targets configured)

Analyzing: 99 targets (199 packages loaded, 432 targets configured)
[1 / 2] Writing file src/extensions/docs/extensions.__internal__.local_manifest.json; 0s local
Analyzing: 99 targets (215 packages loaded, 479 targets configured)
[2 / 2] no actions running
Analyzing: 99 targets (278 packages loaded, 2092 targets configured)
[2 / 2] no actions running
Analyzing: 99 targets (329 packages loaded, 7397 targets configured)
[2 / 2] no actions running
Analyzing: 99 targets (350 packages loaded, 10710 targets configured)
[10 / 10] no actions running
Analyzing: 99 targets (355 packages loaded, 24411 targets configured)
[15 / 15] no actions running
Analyzing: 99 targets (355 packages loaded, 24776 targets configured)
[19 / 22] checking cached actions
Analyzing: 99 targets (355 packages loaded, 24815 targets configured)
[28 / 122] [Prepa] Creating source manifest for //src/extensions/score_metamodel/docs:generate_metamodel_rst_bin ... (3 actions, 2 running)
Analyzing: 99 targets (355 packages loaded, 24815 targets configured)
[36 / 132] Creating runfiles tree bazel-out/k8-fastbuild/bin/scripts_bazel/merge_sourcelinks.runfiles; 0s local ... (4 actions, 3 running)
Analyzing: 99 targets (356 packages loaded, 24821 targets configured)
[70 / 184] Creating runfiles tree bazel-out/k8-fastbuild/bin/scripts_bazel/merge_sourcelinks.runfiles; 1s local ... (5 actions running)
INFO: Analyzed 99 targets (357 packages loaded, 24827 targets configured).
[74 / 191] Creating runfiles tree bazel-out/k8-fastbuild/bin/scripts_bazel/merge_sourcelinks.runfiles; 2s local ... (6 actions running)
[74 / 192] Creating runfiles tree bazel-out/k8-fastbuild/bin/scripts_bazel/merge_sourcelinks.runfiles; 3s local ... (7 actions running)
[75 / 192] Creating runfiles tree bazel-out/k8-fastbuild/bin/scripts_bazel/merge_sourcelinks.runfiles; 6s local ... (6 actions running)
[75 / 194] Creating runfiles tree bazel-out/k8-fastbuild/bin/scripts_bazel/merge_sourcelinks.runfiles; 7s local ... (7 actions, 6 running)
[81 / 201] Creating runfiles tree bazel-out/k8-fastbuild/bin/scripts_bazel/merge_sourcelinks.runfiles; 9s local ... (8 actions, 7 running)
[81 / 201] Creating runfiles tree bazel-out/k8-fastbuild/bin/scripts_bazel/merge_sourcelinks.runfiles; 10s local ... (8 actions running)
[138 / 209] Creating runfiles tree bazel-out/k8-fastbuild/bin/src/extensions/score_metamodel/docs/generate_metamodel_rst_bin.runfiles; 11s local ... (8 actions, 7 running)
[139 / 209] Creating runfiles tree bazel-out/k8-fastbuild/bin/src/extensions/score_metamodel/docs/generate_metamodel_rst_bin.runfiles; 13s local ... (8 actions running)
[199 / 253] Creating runfiles tree bazel-out/k8-fastbuild/bin/assurance/evaluate.runfiles; 14s local ... (4 actions running)
[244 / 254] Creating runfiles tree bazel-out/k8-fastbuild/bin/scripts_bazel/traceability_gate.runfiles; 8s local ... (3 actions, 2 running)
[247 / 254] checking cached actions
[253 / 264] [Prepa] JavaToolchainCompileClasses external/rules_java+/toolchains/platformclasspath_classes
[323 / 341] JavaToolchainCompileClasses external/rules_java+/toolchains/platformclasspath_classes; 1s processwrapper-sandbox ... (3 actions, 2 running)
[333 / 342] JavaToolchainCompileClasses external/rules_java+/toolchains/platformclasspath_classes; 2s processwrapper-sandbox ... (3 actions running)
[333 / 342] JavaToolchainCompileClasses external/rules_java+/toolchains/platformclasspath_classes; 3s processwrapper-sandbox ... (5 actions, 4 running)
[334 / 342] Creating runfiles tree bazel-out/k8-fastbuild/bin/scripts_bazel/generate_sourcelinks.runfiles; 5s local ... (5 actions running)
[334 / 342] Creating runfiles tree bazel-out/k8-fastbuild/bin/scripts_bazel/generate_sourcelinks.runfiles; 8s local ... (6 actions, 5 running)
[336 / 342] GenerateCodeTargetSourcelinks src/tests/docs_bzl/scenarios/nested_bundles/child.__internal__.sourcelinks_json.json; 6s processwrapper-sandbox ... (4 actions running)
[337 / 342] GenerateCodeTargetSourcelinks src/tests/docs_bzl/scenarios/nested_bundles/child.__internal__.sourcelinks_json.json; 10s processwrapper-sandbox ... (4 actions, 3 running)
[337 / 342] GenerateCodeTargetSourcelinks src/tests/docs_bzl/scenarios/nested_bundles/child.__internal__.sourcelinks_json.json; 11s processwrapper-sandbox ... (4 actions running)
[338 / 342] GenerateCodeTargetSourcelinks src/tests/docs_bzl/scenarios/nested_bundles/child.__internal__.sourcelinks_json.json; 13s processwrapper-sandbox ... (3 actions running)
[339 / 342] GenerateCodeTargetSourcelinks src/tests/docs_bzl/scenarios/nested_bundles/child.__internal__.sourcelinks_json.json; 17s processwrapper-sandbox ... (2 actions running)
INFO: From GenerateCodeTargetSourcelinks src/tests/docs_bzl/scenarios/nested_bundles/child.__internal__.sourcelinks_json.json:
Found 3 need references in 4 files
[340 / 342] GenerateCodeTargetSourcelinks docs_bundle.__internal__.sourcelinks_json.json; 17s processwrapper-sandbox
INFO: From GenerateCodeTargetSourcelinks docs_bundle.__internal__.sourcelinks_json.json:
Found 205 need references in 3742 files
[341 / 342] [Prepa] MergeBundleSourcelinks sourcelinks_json.json
[341 / 342] MergeBundleSourcelinks sourcelinks_json.json; 1s processwrapper-sandbox
INFO: From MergeBundleSourcelinks sourcelinks_json.json:
Merged 2 files into 208 total references
INFO: Found 99 targets...
INFO: Elapsed time: 78.639s, Critical Path: 45.66s
INFO: 113 processes: 255 action cache hit, 63 internal, 49 processwrapper-sandbox, 1 worker.
INFO: Build completed successfully, 113 total actions
