OpenJDK 64-Bit Server VM warning: Options -Xverify:none and -noverify were deprecated in JDK 13 and will likely be removed in a future release.
Computing main repo mapping: 
Computing main repo mapping: 
Loading: 
Loading: 1 packages loaded
Analyzing: target //assurance:evaluate (2 packages loaded, 0 targets configured)
Analyzing: target //assurance:evaluate (2 packages loaded, 0 targets configured)

Analyzing: target //assurance:evaluate (195 packages loaded, 1128 targets configured)

Analyzing: target //assurance:evaluate (199 packages loaded, 3261 targets configured)

Analyzing: target //assurance:evaluate (222 packages loaded, 5639 targets configured)

Analyzing: target //assurance:evaluate (279 packages loaded, 22327 targets configured)

INFO: Analyzed target //assurance:evaluate (280 packages loaded, 22415 targets configured).
[4 / 48] checking cached actions
[49 / 50] Creating runfiles tree bazel-out/k8-fastbuild/bin/assurance/evaluate.runfiles; 1s local
[49 / 50] Creating runfiles tree bazel-out/k8-fastbuild/bin/assurance/evaluate.runfiles; 10s local
INFO: Found 1 target...
Target //assurance:evaluate up-to-date:
  bazel-bin/assurance/evaluate
  bazel-bin/assurance/evaluate.venv.pth
INFO: Elapsed time: 19.208s, Critical Path: 11.78s
INFO: 8 processes: 42 action cache hit, 8 internal.
INFO: Build completed successfully, 8 total actions
INFO: Running command line: bazel-bin/assurance/evaluate <args omitted>
