Previous build had warnings or the hash changed. Removing _build to ensure a clean build.
Running Sphinx v9.1.0
loading translations [en]... done
Cleared default Sphinx-Needs types: {'need', 'spec', 'req', 'impl', 'test'}
score_mounts: added 1 data mount(s)
score_mounts: registered 6 mount(s)
myst v5.1.0: MdParserConfig(commonmark_only=False, gfm_only=False, enable_extensions={'colon_fence'}, disable_syntax=[], all_links_external=False, links_external_new_tab=False, url_schemes=('http', 'https', 'mailto', 'ftp'), ref_domains=None, fence_as_directive=set(), number_code_blocks=[], title_to_header=False, heading_anchors=4, heading_slug_func=<function make_id at 0x7bc2fffc1620>, html_meta={}, footnote_sort=True, footnote_transition=True, words_per_minute=200, substitutions={}, linkify_fuzzy_links=True, dmath_allow_labels=True, dmath_allow_space=True, dmath_allow_digits=True, dmath_double_inline=False, update_mathjax=True, mathjax_classes='tex2jax_process|mathjax_process|math|output_area', enable_checkboxes=False, strikethrough_single_tilde=False, colon_fence_exact_match=False, suppress_warnings=[], highlight_code_blocks=True)
sphinx-mounts: installed mount-aware project with 6 mount(s)
building [mo]: targets for 0 po files that are out of date
writing output... 
building [html]: targets for 37 source files that are out of date
updating environment: [new config] 49 added, 0 changed, 0 removed
Path 'needs.flow_configs.score_config' matches pattern 'needs_flow_configs.score_config' (prefix='!include ', suffix=None)
Relativizing embedded string path at 'needs.flow_configs.score_config': !include /media/jefferson/11c42dee-73a3-4c2b-ab42-a0440011d9e0/.s-core-build/runs/score-assessment-fixes-_g8_rb47/bazel-docs-as-code/6d72c850c39c48169b0c62b3e7a6aedc/execroot/_main/bazel-out/k8-fastbuild/bin/_score_docs_cli.runfiles/_main/src/extensions/score_layout/assets/puml-theme-score.puml -> !include src/extensions/score_layout/assets/puml-theme-score.puml
Path 'needs.external_needs[0].json_path' matches pattern 'needs_external_needs[*].json_path' (prefix=None, suffix=None)
Relativizing path at 'needs.external_needs[0].json_path': /media/jefferson/11c42dee-73a3-4c2b-ab42-a0440011d9e0/.s-core-build/runs/score-assessment-fixes-_g8_rb47/bazel-docs-as-code/6d72c850c39c48169b0c62b3e7a6aedc/execroot/_main/bazel-out/k8-fastbuild/bin/_score_docs_cli.runfiles/score_process_description+/needs.json -> bazel-bin/external/score_process_description+/needs.json
Merged TOML configuration from '/media/jefferson/11c42dee-73a3-4c2b-ab42-a0440011d9e0/.s-core-build/runs/score-assessment-fixes-_g8_rb47/bazel-docs-as-code/6d72c850c39c48169b0c62b3e7a6aedc/execroot/_main/bazel-out/k8-fastbuild/bin/_score_docs_cli.runfiles/_main/src/extensions/score_sync_toml/shared.toml'
Merged TOML configuration from '/media/jefferson/11c42dee-73a3-4c2b-ab42-a0440011d9e0/.s-core-build/runs/score-assessment-fixes-_g8_rb47/tool-tmp/score_sync_toml_mfx1ty86/score_mounts.toml'
Needs configuration unchanged - not rewriting '/media/jefferson/11c42dee-73a3-4c2b-ab42-a0440011d9e0/.s-core-build/runs/score-assessment-fixes-_g8_rb47/docs-as-code/ubproject.toml'
sphinx-mounts: wired ['how-to/bundles/examples/nested/index'] into toctree of 'how-to/bundles/examples'
sphinx-mounts: wired ['how-to/bundles/examples/generated-data/index'] into toctree of 'how-to/bundles/examples'
reading sources... [  2%] concepts/bidirectional_traceability
reading sources... [  4%] concepts/cross_module_compatibility
reading sources... [  6%] concepts/docs_deps
reading sources... [  8%] concepts/index
reading sources... [ 10%] concepts/mounts/index
reading sources... [ 12%] how-to/add_extensions
reading sources... [ 14%] how-to/bundles/examples
reading sources... [ 16%] how-to/bundles/examples/generated-data/index
reading sources... [ 18%] how-to/bundles/examples/nested/child/index
reading sources... [ 20%] how-to/bundles/examples/nested/child/landing
sphinx-mounts: wired ['how-to/bundles/examples/nested/child/landing'] into toctree of 'how-to/bundles/examples/nested/index'
reading sources... [ 22%] how-to/bundles/examples/nested/index
reading sources... [ 24%] how-to/bundles/index
reading sources... [ 27%] how-to/cross_module_compatibility
reading sources... [ 29%] how-to/dashboards_and_quality_gates
reading sources... [ 31%] how-to/generated_docs
reading sources... [ 33%] how-to/get_started
reading sources... [ 35%] how-to/index
reading sources... [ 37%] how-to/mounts/index
reading sources... [ 39%] how-to/other_modules
reading sources... [ 41%] how-to/perform_tool_verification
reading sources... [ 43%] how-to/setup
reading sources... [ 45%] how-to/source_to_doc_links
reading sources... [ 47%] how-to/test_to_doc_links
reading sources... [ 49%] how-to/write_docs
reading sources... [ 51%] index
reading sources... [ 53%] internals/assurance_harness
reading sources... [ 55%] internals/benchmark_results
reading sources... [ 57%] internals/decisions/001-test-results-in-workflow
reading sources... [ 59%] internals/decisions/index
reading sources... [ 61%] internals/extensions/extension_guide
reading sources... [ 63%] internals/extensions/index
reading sources... [ 65%] internals/extensions/metamodel
reading sources... [ 67%] internals/extensions/mounts_internals
sphinx-mounts: wired ['reference/metamodel/index'] into toctree of 'reference/index'
reading sources... [ 69%] internals/extensions/rst_filebased_testing
reading sources... [ 71%] internals/extensions/source_code_linker
reading sources... [ 73%] internals/extensions/sync_toml
reading sources... [ 76%] internals/index
reading sources... [ 78%] internals/requirements/capabilities
reading sources... [ 80%] internals/requirements/index
reading sources... [ 82%] internals/requirements/process_overview
reading sources... [ 84%] internals/requirements/requirement_coverage
reading sources... [ 86%] internals/requirements/requirements
reading sources... [ 88%] internals/requirements/tool_verification
reading sources... [ 90%] internals/requirements/tooling_verification
sphinx-mounts: wired ['internals/extensions/index'] into toctree of 'internals/index'
reading sources... [ 92%] internals/testing
reading sources... [ 94%] reference/bazel_macros
reading sources... [ 96%] reference/commands
reading sources... [ 98%] reference/index
reading sources... [100%] reference/metamodel/index

Copying static files for sphinx-data-viewer support
Copying static files for sphinx-needs datatables support
Copying static style files for sphinx-needs
tests-report folder not found. Defaulting to `bazel-testlogs`. Searching for test.xml files in there
Found 26 test files in total. Parsing them now
Tests missing all properties: merge_sourcelinks_test__test_merge_sourcelinks_basic, merge_sourcelinks_test__test_merge_sourcelinks_deduplicates_identical_references, merge_sourcelinks_test__test_merge_sourcelinks_with_one_empty_file, merge_sourcelinks_test__test_merge_sourcelinks_wrong_schema, merge_sourcelinks_test__test_merge_sourcelinks_with_known_good, merge_sourcelinks_test__test_merge_sourcelinks_without_known_good_preserves_external_metadata
Tests missing all properties: generate_sourcelinks_cli_test__test_clean_external_prefix[input_path0-expected_output0], generate_sourcelinks_cli_test__test_clean_external_prefix[input_path1-expected_output1], generate_sourcelinks_cli_test__test_clean_external_prefix[input_path2-expected_output2], generate_sourcelinks_cli_test__test_clean_external_prefix[input_path3-expected_output3], generate_sourcelinks_cli_test__test_clean_external_prefix[input_path4-expected_output4], generate_sourcelinks_cli_test__test_generate_sourcelinks_cli_basic, generate_sourcelinks_cli_test__test_generate_sourcelinks_cli_parses_cpp_traceability_tag, generate_sourcelinks_cli_test__test_generate_sourcelinks_cli_parse_external_module, generate_sourcelinks_cli_test__test_generate_sourcelinks_cli_file_not_exists
Tests missing all properties: merge_needs_json_tests__test_merges_all_needs_and_ignores_version_keys, merge_needs_json_tests__test_identical_duplicate_need_is_ignored, merge_needs_json_tests__test_conflicting_need_returns_error_without_writing_output, merge_needs_json_tests__test_json_comparison_distinguishes_booleans_from_numbers[True-1], merge_needs_json_tests__test_json_comparison_distinguishes_booleans_from_numbers[False-0], merge_needs_json_tests__test_ignores_version_metadata_and_recalculates_needs_amount, merge_needs_json_tests__test_rejects_invalid_schema[payload0-field 'versions' must be an object], merge_needs_json_tests__test_rejects_invalid_schema[payload1-field 'versions' must contain exactly one entry, got 0], merge_needs_json_tests__test_rejects_invalid_schema[payload2-field 'versions' must contain exactly one entry, got 2], merge_needs_json_tests__test_rejects_invalid_schema[payload3-version '1.0' must contain object 'needs'], merge_needs_json_tests__test_rejects_invalid_schema[payload4-Need 'REQ-1' in version '1.0' must be an object], merge_needs_json_tests__test_rejects_invalid_json, merge_needs_json_tests__test_rejects_non_canonical_json[{"versions": {"v": {"needs": {}}}, "versions": {"other": {"needs": {}}}}-duplicate object key 'versions'], merge_needs_json_tests__test_rejects_non_canonical_json[{"versions": {"v": {"needs": {"REQ-1": {"score": NaN}}}}}-non-standard JSON constant 'NaN' is not allowed], merge_needs_json_tests__test_failed_output_serialization_keeps_existing_file
Tests missing all properties: traceability_gate_test__test_gate_passes_when_thresholds_met, traceability_gate_test__test_gate_fails_when_threshold_not_met, traceability_gate_test__test_gate_require_all_links_fails, traceability_gate_test__test_gate_fail_on_broken_test_refs, traceability_gate_test__test_gate_specific_need_type_only, traceability_gate_test__test_gate_unknown_need_type_fails, traceability_gate_test__test_gate_unsupported_schema_version, traceability_gate_test__test_gate_missing_file_returns_error, traceability_gate_test__test_gate_missing_metrics_by_type_returns_error, traceability_gate_test__test_gate_missing_tests_section_returns_error
Tests missing all properties: bzl/tests/basics_tests_test_0.sh
Tests missing all properties: bzl/tests/basics_tests_test_1.sh
Tests missing all properties: module_verification_reports_test__test_cache_path_defaults_inside_the_workspace, module_verification_reports_test__test_profiles_and_filters_are_validated, module_verification_reports_test__test_pinned_profile_rejects_non_immutable_revisions, module_verification_reports_test__test_need_and_module_override_use_the_current_template_selector, module_verification_reports_test__test_injection_is_reversible, module_verification_reports_test__test_missing_graph_is_a_structural_failure, module_verification_reports_test__test_component_without_a_feature_link_is_a_structural_failure, module_verification_reports_test__test_feature_resolved_only_through_external_needs_is_not_a_failure, module_verification_reports_test__test_checkout_clone_refresh_pinned_selection_and_cleanup, module_verification_reports_test__test_cached_checkout_rejects_a_remote_mismatch, module_verification_reports_test__test_local_fake_downstream_build_populates_gallery_and_assets, module_verification_reports_test__test_local_fake_downstream_runs_the_real_docs_target, module_verification_reports_test__test_main_is_partial_but_pinned_is_strict_on_build_failure, module_verification_reports_test__test_pinned_golden_comparison_is_byte_for_byte
Tests missing all properties: main_test__test_build_action_selects_sphinx_builder[incremental-html], main_test__test_build_action_selects_sphinx_builder[check-needs], main_test__test_build_action_selects_sphinx_builder[linkcheck-linkcheck], main_test__test_build_action_selects_sphinx_builder[build_needs_json-needs], main_test__test_failed_build_returns_exit_code_and_forces_next_build_clean, main_test__test_live_preview_uses_port_and_bundle_watches, main_test__test_bazel_configuration_resolves_runfiles_and_preserves_repo_relative_edit_path, main_test__test_configuration_free_build_forwards_structured_sphinx_options, main_test__test_bazel_build_resolves_mount_manifest_from_execroot, main_test__test_bazel_needs_action_uses_external_needs_labels_channel, main_test__test_direct_invocation_resolves_paths_relative_to_cwd
Tests missing all properties: dirty_build_test__test_clean_removes_build_dir_when_previous_build_had_warnings, dirty_build_test__test_clean_keeps_build_dir_when_warnings_txt_is_empty, dirty_build_test__test_clean_is_noop_when_warnings_txt_is_absent, dirty_build_test__test_clean_is_noop_when_build_dir_is_absent, dirty_build_test__test_module_changed_removes_build_dir_when_one_sentinel_file_changed, dirty_build_test__test_module_changed_keeps_build_dir_when_all_sentinel_files_unchanged, dirty_build_test__test_module_change_after_successful_build_forces_clean, dirty_build_test__test_missing_hash_file_triggers_clean, dirty_build_test__test_successful_build_reuses_output_until_module_changes[incremental-html], dirty_build_test__test_successful_build_reuses_output_until_module_changes[check-needs], dirty_build_test__test_successful_build_reuses_output_until_module_changes[linkcheck-linkcheck], dirty_build_test__test_mounted_watch_dirs_match_sphinx_mount_paths, dirty_build_test__test_mounted_watch_dirs_use_data_directories_for_pure_data_bundles
Tests missing all properties: test_compatibility__test_reporter_records_external_owner_and_writes_report, test_compatibility__test_setup_skips_version_precheck_when_version_compatibility_is_disabled, test_compatibility__test_setup_registers_version_precheck_when_version_compatibility_is_enabled, test_compatibility__test_setup_registers_reporting_hooks_for_non_version_compatibility, test_compatibility__test_reporter_requires_each_category_to_be_enabled, test_compatibility__test_reporter_recognizes_an_external_bundle_mounted_at_the_root, test_compatibility__test_cross_module_version_condition_is_reported_and_neutralized, test_compatibility__test_local_version_condition_remains_strict, test_compatibility__test_external_version_condition_remains_strict_by_default
Tests missing all properties: test_sphinx_filters__test_generic_pie_linked_items_matches_source_by_id_prefix, test_sphinx_filters__test_generic_pie_items_by_tag_matches_source_by_id_prefix, test_sphinx_filters__test_get_key_values_raises_key_error_when_global_is_empty, test_sphinx_filters__test_get_key_values_appends_values_when_metrics_loaded, test_sphinx_filters__test_get_metrics_with_overall_total_considered_when_metrics_loaded, test_sphinx_filters__test_get_metrics_with_custom_type_total_considered_with_total_suffix, test_sphinx_filters__test_get_metrics_with_custom_type_total_considered_without_total_suffix, test_sphinx_filters__test_get_just_metrics_appends_values_when_metrics_loaded, test_sphinx_filters__test_get_metrics_with_custom_type_total_considered_empty_kwargs_raises_index_error, test_traceability_metrics__test_need
Tests missing all properties: test_data_mounts__test_missing_data_file_raises, test_data_mounts__test_existing_data_file_resolved, test_data_mounts__test_root_bundle_srcs_are_a_positive_allowlist, test_data_mounts__test_root_bundle_data_is_not_mounted_but_child_data_is, test_data_mounts__test_data_mount_documents_do_not_get_a_bundle, test_data_mounts__test_mounted_documents_get_their_declaring_bundle, test_data_mounts__test_root_bundle_source_is_not_a_runtime_mount_but_child_source_is, test_data_mounts__test_mount_entry_uses_canonical_directory_for_symlinked_bundle, test_data_mounts__test_canonical_mount_dir_in_tree_sandbox_bundle, test_data_mounts__test_canonical_mount_dir_empty_bundle_fallback, test_data_mounts__test_mount_entry_uses_canonical_directory_for_generated_data_bundle, test_excludes__test_nested_mount_pattern_only_matches_descendants, test_excludes__test_mount_exclusions_calculate_primary_and_nested_boundaries, test_excludes__test_mount_entry_serializes_child_exclusions, test_resolver__test_load_single_entry, test_resolver__test_load_entry_with_attach_to_and_entry_doc, test_resolver__test_load_bundle_metadata_and_direct_targets, test_resolver__test_load_entry_with_toctree_index, test_resolver__test_load_entry_without_toctree_index_defaults_to_zero, test_resolver__test_external_mount_keeps_execroot_and_runfiles_locations, test_resolver__test_external_mount_uses_execroot_path_in_sandbox, test_resolver__test_external_mount_uses_runfiles_root_under_bazel_run, test_resolver__test_generated_source_mount_uses_bazel_bin_under_bazel_run, test_resolver__test_generated_root_source_mount_uses_bazel_bin_under_bazel_run, test_resolver__test_explicit_source_files_resolve_below_original_root, test_resolver__test_generated_source_mount_uses_execroot_in_sandbox
Tests missing all properties: test_mounted_source_controls__test_local_page_keeps_all_source_controls, test_mounted_source_controls__test_mounted_page_keeps_page_toc
Tests missing all properties: test_needs_templates__test_backlinks_merge_indexed_and_new_outgoing_links, test_needs_templates__test_parse_version_pads_missing_patch, test_needs_templates__test_req_in_report_version_unscoped_report_version_always_true, test_needs_templates__test_req_in_report_version_direct_valid_from_boundary, test_needs_templates__test_req_in_report_version_malformed_valid_from_is_excluded, test_needs_templates__test_req_in_report_version_missing_valid_from_without_derived_from_is_excluded, test_needs_templates__test_req_in_report_version_comp_req_inherits_via_derived_from, test_needs_templates__test_any_req_in_report_version_unscoped_true_even_for_empty_list, test_needs_templates__test_any_req_in_report_version_scoped_empty_list_is_excluded, test_needs_templates__test_any_req_in_report_version_true_if_at_least_one_requirement_matches, test_needs_templates__test_any_req_in_report_version_false_if_no_requirement_matches, test_needs_templates__test_tool_qualification_matrix_groups_shared_requirements
Tests missing all properties: test_codelink__test_need, test_codelink__test_get_cache_filename, test_codelink__test_find_need_direct_match, test_codelink__test_find_need_not_found, test_codelink__test_group_by_need, test_codelink__test_group_by_need_empty_list, test_codelink__test_cache_file_operations, test_codelink__test_combining_without_source_links_continues_with_empty_code_links, test_codelink__test_combining_with_missing_source_links_reports_configured_path, test_codelink__test_cache_file_with_encoded_comments, test_codelink__test_group_by_need_and_find_need_integration, test_codelink__test_source_linker_end_to_end_with_real_files, test_codelink__test_multiple_commits_hash_consistency, test_codelink__test_is_metadata_missing_keys, test_codelink__test_needlink_to_dict_without_metadata, test_codelink__test_needlink_to_dict_full, test_codelink__test_needlink_encoder_includes_metadata, test_codelink__test_needlink_decoder_with_all_fields, test_codelink__test_needlink_decoder_non_needlink_dict, test_codelink__test_load_validates_list_type, test_codelink__test_load_validates_all_items_are_needlinks, test_codelink__test_store_and_load_with_metadata, test_codelink__test_load_with_metadata_missing_metadata_dict, test_codelink__test_load_with_metadata_invalid_items_after_metadata, test_codelink__test_load_resolves_relative_path_with_env_var, test_codelink__test_load_with_metadata_resolves_relative_path, test_codelink__test_roundtrip_standard_format, test_codelink__test_roundtrip_metadata_format_applies_metadata, test_codelink__test_roundtrip_empty_lists, test_codelink__test_json_format_with_metadata_has_separate_dict, test_codelink__test_needlink_equality_same_values, test_codelink__test_needlink_inequality_different_values, test_helpers__test_parse_repo_name_from_external_path, test_helpers__test_parse_repo_name_from_external_path_2, test_helpers__test_parse_repo_name_from_local_path, test_helpers__test_parse_repo_name_from_empty_path, test_helpers__test_parse_repo_name_without_plus_suffix, test_helpers__test_parse_info_from_known_good_happy_path, test_helpers__test_parse_info_from_known_good_different_category, test_helpers__test_parse_info_from_known_good_repo_not_found, test_helpers__test_parse_info_from_known_good_empty_json, test_helpers__test_parse_info_from_known_good_no_repo_in_json, test_helpers__test_parse_info_from_known_good_empty_repo_dict_in_json, test_helpers__test_parse_info_from_known_good_with_version, test_helpers__test_parse_info_from_known_good_with_version_different_category, test_helpers__test_parse_info_from_known_good_neither_hash_nor_version, test_helpers__test_get_github_link_from_json_happy_path, test_helpers__test_get_github_link_from_json_with_none_link, test_helpers__test_get_github_link_from_json_with_line_zero, test_helpers__test_get_github_link_with_hash, test_helpers__test_get_github_link_with_real_repo, test_helpers__test_complete_workflow, test_need_source_links__test_encoder_outputs_serializable_dict, test_need_source_links__test_decoder_reconstructs_object, test_need_source_links__test_store_and_load_json, test_need_source_links__test_load_invalid_json_type, test_need_source_links__test_load_invalid_json_items, test_repo_source_link_integration__test_repo_grouped_cache_generated, test_repo_source_link_integration__test_repo_grouping_preserves_metadata, test_repo_source_link_integration__test_repo_grouping_multiple_needs_per_repo, test_repo_source_link_integration__test_repo_cache_json_format, test_repo_source_link_integration__test_repo_cache_rebuilds_when_missing, test_repo_source_link_integration__test_repo_grouping_with_golden_file, test_repo_source_links__test_json_encoder_removes_metadata_from_needlink, test_repo_source_links__test_json_encoder_removes_metadata_from_testlink, test_repo_source_links__test_json_encoder_converts_path_to_string, test_repo_source_links__test_json_decoder_reconstructs_repo_source_links, test_repo_source_links__test_json_decoder_returns_unchanged_for_non_repo_dict, test_repo_source_links__test_store_and_load_roundtrip, test_repo_source_links__test_store_creates_parent_directories, test_repo_source_links__test_load_empty_list, test_repo_source_links__test_load_validates_is_list, test_repo_source_links__test_load_validates_items_are_correct_type, test_repo_source_links__test_group_needs_single_repo_with_codelinks, test_repo_source_links__test_group_needs_multiple_repos, test_repo_source_links__test_group_needs_with_testlinks_only, test_repo_source_links__test_group_needs_with_testlinks_different_repos, test_repo_source_links__test_group_needs_empty_list, test_repo_source_links__test_group_needs_skips_needs_without_links, test_repo_source_links__test_group_needs_mixed_codelinks_and_testlinks, test_source_code_link_integration__test_source_link_integration_non_existent_id, test_testlink__test_testlink_encoder_handles_path, test_testlink__test_datafortestlink_to_dict_full, test_testlink__test_datafortestlink_equality_with_non_testlink, test_testlink__test_dataoftestcase_check_verifies_fields_missing_both, test_testlink__test_dataoftestcase_is_valid_fails_on_none_field, test_testlink__test_dataoftestcase_get_test_links_returns_empty_when_invalid, test_testlink__test_dataoftestcase_decoder_valid_dict, test_testlink__test_dataoftestcase_decoder_non_testcase_dict, test_testlink__test_store_and_load_data_of_test_case_roundtrip, test_testlink__test_load_data_of_test_case_validates_list, test_testlink__test_load_data_of_test_case_validates_items, test_testlink__test_dataoftestcase_encoder_fallback, test_testlink__test_datafortestlink_encoder_fallback, test_testlink__test_datafortestlink_decoder_non_testlink_dict, test_xml_parser__test_find_xml_folder, test_xml_parser__test_find_xml_folder_test_reports, test_xml_parser__test_find_xml_files_test_reports, test_xml_parser__test_early_return, test_xml_parser__test_construct_and_add_need_uses_fallback_url_for_missing_repo_metadata, test_xml_parser__test_clean_test_file_name_local_path, test_xml_parser__test_clean_test_file_name_combo_path, test_xml_parser__test_clean_test_file_name_tests_report_path, test_xml_parser__test_clean_test_file_name_nested_bazel_testlogs, test_xml_parser__test_clean_test_file_name_invalid_path_raises_error, test_xml_parser__test_clean_test_file_name_empty_path_raises_error, test_xml_parser__test_get_metadata_from_test_path_local, test_xml_parser__test_get_metadata_from_test_path_combo_with_hash, test_xml_parser__test_get_metadata_from_test_path_combo_with_version
Tests missing all properties: test_rules_file_based__test_need, test_rules_file_based__test_count_need_objects_ignores_nested_non_need_directives
Tests missing some properties: test_rules_file_based__test_rst_files[graph/test_tool_qualification.rst]
Tests missing all properties: test_rules_file_based__test_need, test_rules_file_based__test_count_need_objects_ignores_nested_non_need_directives
Tests missing all properties: test_rules_file_based__test_need, test_rules_file_based__test_count_need_objects_ignores_nested_non_need_directives
Tests missing all properties: test_rules_file_based__test_need, test_rules_file_based__test_count_need_objects_ignores_nested_non_need_directives
Tests missing all properties: test_bundle_lifecycle__test_multiple_bundle_targets_keep_declaration_order_in_json, test_bundle_lifecycle__test_explicit_primary_need_is_updated_in_place_and_returns_affected_document, test_bundle_lifecycle__test_external_bundle_updates_local_need_like_internal_bundle, test_bundle_lifecycle__test_unchanged_bundle_metadata_does_not_rewrite_the_document, test_bundle_lifecycle__test_bundle_metadata_is_cleared_when_primary_need_is_missing, test_bundle_lifecycle__test_current_bundle_metadata_replaces_old_values, test_check_needs_extends__test_filter_reports_cross_document_or_match_without_changing_directive, test_check_needs_extends__test_id_shorthand_reports_cross_document_match, test_check_options__test_milestone_parsing, test_external_needs__test_extend_needs_json_exporter_uses_configured_value, test_external_needs__test_extend_needs_json_exporter_can_override_export_metadata, test_external_needs__test_external_needs_runfiles_path_is_environment_independent[source0-suffix0-expected0], test_external_needs__test_parse_bazel_external_need_marks_same_repository_labels_local, test_external_needs__test_parse_external_needs_labels_filters_ordinary_data_labels, test_external_needs__test_external_needs_source_path_selects_target_layout[source0-expected0], test_external_needs__test_external_needs_source_path_selects_target_layout[source1-expected1], test_external_needs__test_configured_runfiles_dir_is_used_for_external_sources, test_external_needs__test_external_needs_source_config_parses_labels, test_external_needs__test_external_needs_source_rejects_descriptors, test_external_needs__test_add_external_needs_json_appends_entry, test_external_needs__test_add_external_needs_json_appends_entry_local, test_external_needs__test_add_needs_json_file_appends_entry, test_external_needs__test_add_external_needs_json_missing_file_keeps_list_empty, test_external_needs__test_duplicate_external_need_ids_with_same_base_url_are_reported, test_external_needs__test_duplicate_external_need_ids_with_different_base_urls_do_not_warn, test_external_needs__test_same_base_url_without_duplicate_ids_does_not_warn, test_graph_checks__test_need, test_graph_checks__test_eval_need_check_invalid_check_parts_raises_value_error, test_graph_checks__test_eval_need_check_unknown_operator_raises_value_error, test_graph_checks__test_eval_need_check_missing_attribute_logs_and_returns_false, test_graph_checks__test_eval_need_condition_invalid_type_raises_value_error, test_graph_checks__test_eval_need_condition_not_with_wrong_operand_count_raises_value_error, test_graph_checks__test_eval_need_condition_and_or_xor_branches, test_graph_checks__test_filter_needs_by_criteria_invalid, test_graph_checks__test_filter_needs_by_criteria_unknown_type_logs_warning, test_graph_checks__test_invalid_check_keys_raise_value_error[missing], test_graph_checks__test_invalid_check_keys_raise_value_error[old_check_key], test_graph_checks__test_invalid_check_keys_raise_value_error[both], test_graph_checks__test_check_all_warns_once_per_failing_parent, test_graph_checks__test_check_one[one_fulfills], test_graph_checks__test_check_one[none_fulfill], test_graph_checks__test_check_one[no_parents], test_graph_checks__test_check_one[unknown_parent], test_graph_checks__test_info_only[all_default], test_graph_checks__test_info_only[all_false], test_graph_checks__test_info_only[all_true], test_graph_checks__test_info_only[one_default], test_graph_checks__test_info_only[one_true], test_graph_checks__test_info_only_keeps_message, TestNeedHelper__test_default_values, TestNeedHelper__test_custom_values_override_defaults, TestNeedHelper__test_link_fields_extracted, TestNeedHelper__test_extra_fields_in_extras, TestNeedHelper__test_empty_links_not_in_kwargs, TestNeedHelper__test_combined_core_links_and_extras, test_metamodel_load__test_load_metamodel_data_explicit_path, test_metamodel_load__test_load_metamodel_data, test_metamodel_load__test_declared_link_is_accepted, test_metamodel_load__test_undeclared_link_is_rejected[mandatory_links], test_metamodel_load__test_undeclared_link_is_rejected[optional_links], test_metamodel_load__test_sphinx_needs_builtin_links_are_accepted, TestStandards__test_my_pie_linked_standard_requirements, TestStandards__test_my_pie_linked_standard_workproducts, TestStandards__test_my_pie_workproducts_contained_in_exactly_one_workflow, TestStandards__test_get_standards_needs, TestStandards__test_get_standards_workproducts, TestStandards__test_get_compliance_req_needs, TestStandards__test_get_compliance_wp_needs, TestStandards__test_get_workflows, TestStandards__test_get_workproducts, TestStandards__test_positive_case_mixed_linked_and_unlinked, TestStandards__test_negative_case_no_needs_with_tag, TestStandards__test_assert_multiple_kwargs, test_tool_qualification__test_safety_malfunction_requires_conditional_evaluation_data[YES-None-None-safety-relevant malfunctions], test_tool_qualification__test_safety_malfunction_requires_conditional_evaluation_data[YES-YES--non-empty `safety_measures`], test_tool_qualification__test_positive_detection_with_measure_is_valid, test_tool_qualification__test_safety_malfunction_with_insufficient_detection_needs_no_measure, test_tool_qualification__test_non_safety_malfunction_does_not_need_detection, test_tool_qualification__test_non_safety_malfunction_rejects_meaningless_detection, test_tool_qualification__test_low_malfunction_with_tool_requirement_is_valid, test_tool_qualification__test_report_summary_is_derived_when_summary_fields_are_omitted, test_tool_qualification__test_report_without_usecase_is_left_unchanged, test_tool_qualification__test_low_malfunction_with_only_upstream_requirement_is_invalid, test_tool_qualification__test_mixed_use_cases_derive_low_from_one_low_malfunction, test_tool_qualification__test_qualified_low_report_requires_successful_full_evidence, test_tool_qualification__test_qualified_low_report_with_passed_full_evidence_is_valid, test_tool_qualification__test_qualified_low_report_requires_evidence_for_each_requirement, test_tool_qualification__test_partial_evidence_alone_does_not_complete_low_qualification, test_tool_qualification__test_released_low_report_also_requires_successful_full_evidence, test_tool_qualification__test_high_report_does_not_require_qualification, test_tool_qualification__test_qualification_does_not_reclassify_detection_or_tcl
Tests missing some properties: TestCheckOptions__test_unknown_directive, TestCheckOptions__test_unknown_option_present_in_neither_req_opt_neither_opt_opt, test_metamodel__init____test_returns_empty_list_when_filter_is_empty, test_metamodel__init____test_returns_valid_checks, test_metamodel__init____test_strips_whitespace, test_metamodel__init____test_raises_assertion_for_invalid_check
Tests missing all properties: test_rules_file_based__test_need, test_rules_file_based__test_count_need_objects_ignores_nested_non_need_directives
Tests missing all properties: test_rules_file_based__test_need, test_rules_file_based__test_count_need_objects_ignores_nested_non_need_directives
Tests missing all properties: test_rules_file_based__test_need, test_rules_file_based__test_count_need_objects_ignores_nested_non_need_directives
Tests missing all properties: test_mounts__test_materialize_mounts_serializes_structured_entries, test_mounts__test_materialize_mounts_omits_default_fields, test_mounts__test_materialize_mounts_maps_external_runfiles_path_to_bazel_bin, test_mounts__test_materialize_mounts_preserves_explicit_source_files, test_mounts__test_setup_skips_toml_sync_without_git_worktree
Tests missing all properties: test_helper_lib__test_config_setdefault_sets_when_not_in_raw_config, test_helper_lib__test_config_setdefault_does_not_overwrite_user_value, test_helper_lib__test_find_git_root_ignores_bazel_sandbox_ancestor_git_repo, test_helper_lib__test_git_operations_with_no_commits, test_helper_lib__test_git_repo_with_no_remotes, test_helper_lib__test_parse_git_output_ssh_format, test_helper_lib__test_parse_git_output_https_format, test_helper_lib__test_parse_git_output_ssh_format_without_git_suffix, test_helper_lib__test_parse_git_output_invalid_format, test_helper_lib__test_parse_git_output_empty_string, test_helper_lib__test_get_github_repo_info_ssh_remote, test_helper_lib__test_get_github_repo_info_https_remote, test_helper_lib__test_get_github_repo_info_multiple_remotes, test_helper_lib__test_get_current_git_hash, test_helper_lib__test_get_current_git_hash_invalid_repo, test_helper_lib__test_runfiles_dir_found, test_helper_lib__test_runfiles_dir_missing_triggers_exit, test_helper_lib__test_git_root_search_success, test_helper_lib__test_git_root_search_not_found
Tests missing all properties: HarnessContractTests__test_absolute_input_file_is_rejected, HarnessContractTests__test_context_is_stable_read_only_and_has_no_network, HarnessContractTests__test_cyclic_graph_terminates_with_finite_impacts, HarnessContractTests__test_directory_requires_an_allowlist, HarnessContractTests__test_explicit_rule_reference_outside_task_folder_is_read, HarnessContractTests__test_fifo_is_rejected_without_blocking, HarnessContractTests__test_inconsistent_metrics_cannot_supply_coverage_evidence, HarnessContractTests__test_invalid_utf8_and_oversize_inputs_are_rejected, HarnessContractTests__test_lightweight_validation_does_not_run_the_gate, HarnessContractTests__test_native_extraction_retains_broken_test_references, HarnessContractTests__test_native_snapshot_extraction_preserves_empty_test_and_type_scope, HarnessContractTests__test_old_graph_edges_retain_removed_target_impacts, HarnessContractTests__test_parent_traversal_is_rejected, HarnessContractTests__test_post_process_does_not_execute_agent_output, HarnessContractTests__test_renamed_compliance_target_retains_old_link_cause, HarnessContractTests__test_reusable_goal_solution_and_breakdown_checks, HarnessContractTests__test_search_and_heldout_run_native_gate_and_write_queryable_traces, HarnessContractTests__test_symlink_ancestor_is_rejected, HarnessContractTests__test_symlink_file_is_rejected, HarnessContractTests__test_unlisted_sensitive_file_is_not_retrieved, HarnessContractTests__test_unsafe_candidate_dynamic_execution_is_rejected, HarnessContractTests__test_unsafe_candidate_import_is_rejected_before_execution
Saving 495 test case needs to the cache `score_testcaseneeds_cache.json` in _build/.
Saving 117 parsed testcases to the cache `score_xml_parser_cache.json` in _build/.
bundle '@@//:docs_bundle' ('docs_bundle') has direct code targets but no primary_need_id; bundle metadata is not attached to a Need
bundle '@@//src/tests/docs_bzl/scenarios/nested_bundles:child' ('child') has direct code targets but no primary_need_id; bundle metadata is not attached to a Need
looking for now-outdated files... none found
pickling environment... done
checking consistency... done
Schema validation completed with 0 warning(s) in 0.368 seconds. Validated 4962 needs/s.
preparing documents... done
copying assets... 
copying static files... 
Writing evaluated template result to /media/jefferson/11c42dee-73a3-4c2b-ab42-a0440011d9e0/.s-core-build/runs/score-assessment-fixes-_g8_rb47/docs-as-code/_build/_static/language_data.js
Writing evaluated template result to /media/jefferson/11c42dee-73a3-4c2b-ab42-a0440011d9e0/.s-core-build/runs/score-assessment-fixes-_g8_rb47/docs-as-code/_build/_static/basic.css
Writing evaluated template result to /media/jefferson/11c42dee-73a3-4c2b-ab42-a0440011d9e0/.s-core-build/runs/score-assessment-fixes-_g8_rb47/docs-as-code/_build/_static/documentation_options.js
copying static files: done
copying extra files... 
copying extra files: done
copying assets: done
writing output... [  2%] concepts/cross_module_compatibility
writing output... [  4%] concepts/docs_deps
writing output... [  6%] concepts/index
writing output... [  8%] concepts/mounts/index
writing output... [ 10%] how-to/add_extensions
writing output... [ 12%] how-to/bundles/examples
writing output... [ 15%] how-to/bundles/examples/generated-data/index
writing output... [ 17%] how-to/bundles/examples/nested/child/index
writing output... [ 19%] how-to/bundles/examples/nested/child/landing
writing output... [ 21%] how-to/bundles/examples/nested/index
writing output... [ 23%] how-to/bundles/index
writing output... [ 25%] how-to/cross_module_compatibility
writing output... [ 27%] how-to/dashboards_and_quality_gates
writing output... [ 29%] how-to/generated_docs
writing output... [ 31%] how-to/get_started
writing output... [ 33%] how-to/index
writing output... [ 35%] how-to/mounts/index
writing output... [ 38%] how-to/other_modules
writing output... [ 40%] how-to/perform_tool_verification
writing output... [ 42%] how-to/setup
writing output... [ 44%] how-to/source_to_doc_links
writing output... [ 46%] how-to/test_to_doc_links
writing output... [ 48%] how-to/write_docs
writing output... [ 50%] index
writing output... [ 52%] internals/assurance_harness
writing output... [ 54%] internals/benchmark_results
writing output... [ 56%] internals/decisions/001-test-results-in-workflow
writing output... [ 58%] internals/decisions/index
writing output... [ 60%] internals/extensions/extension_guide
writing output... [ 62%] internals/extensions/index
writing output... [ 65%] internals/extensions/metamodel
writing output... [ 67%] internals/extensions/mounts_internals
writing output... [ 69%] internals/extensions/rst_filebased_testing
writing output... [ 71%] internals/extensions/source_code_linker
writing output... [ 73%] internals/extensions/sync_toml
writing output... [ 75%] internals/index
writing output... [ 77%] internals/requirements/capabilities
writing output... [ 79%] internals/requirements/index
writing output... [ 81%] internals/requirements/process_overview
writing output... [ 83%] internals/requirements/requirement_coverage
writing output... [ 85%] internals/requirements/requirements
writing output... [ 88%] internals/requirements/tool_verification
writing output... [ 90%] internals/requirements/tooling_verification
writing output... [ 92%] internals/testing
writing output... [ 94%] reference/bazel_macros
writing output... [ 96%] reference/commands
writing output... [ 98%] reference/index
writing output... [100%] reference/metamodel/index

generating indices... genindex done
writing additional pages... search done
copying images... [  7%] /media/jefferson/11c42dee-73a3-4c2b-ab42-a0440011d9e0/.s-core-build/runs/score-assessment-fixes-_g8_rb47/docs-as-code/_build/_images/need_pie_1943a.svg
copying images... [ 13%] /media/jefferson/11c42dee-73a3-4c2b-ab42-a0440011d9e0/.s-core-build/runs/score-assessment-fixes-_g8_rb47/docs-as-code/_build/_images/need_pie_2c96e.svg
copying images... [ 20%] /media/jefferson/11c42dee-73a3-4c2b-ab42-a0440011d9e0/.s-core-build/runs/score-assessment-fixes-_g8_rb47/docs-as-code/_build/_images/need_pie_f0d9a.svg
copying images... [ 27%] /media/jefferson/11c42dee-73a3-4c2b-ab42-a0440011d9e0/.s-core-build/runs/score-assessment-fixes-_g8_rb47/docs-as-code/_build/_images/need_pie_4d36d.svg
copying images... [ 33%] /media/jefferson/11c42dee-73a3-4c2b-ab42-a0440011d9e0/.s-core-build/runs/score-assessment-fixes-_g8_rb47/docs-as-code/_build/_images/need_pie_ac098.svg
copying images... [ 40%] /media/jefferson/11c42dee-73a3-4c2b-ab42-a0440011d9e0/.s-core-build/runs/score-assessment-fixes-_g8_rb47/docs-as-code/_build/_images/need_pie_e0928.svg
copying images... [ 47%] /media/jefferson/11c42dee-73a3-4c2b-ab42-a0440011d9e0/.s-core-build/runs/score-assessment-fixes-_g8_rb47/docs-as-code/_build/_images/need_bar_fa032.svg
copying images... [ 53%] /media/jefferson/11c42dee-73a3-4c2b-ab42-a0440011d9e0/.s-core-build/runs/score-assessment-fixes-_g8_rb47/docs-as-code/_build/_images/need_pie_90a25.svg
copying images... [ 60%] /media/jefferson/11c42dee-73a3-4c2b-ab42-a0440011d9e0/.s-core-build/runs/score-assessment-fixes-_g8_rb47/docs-as-code/_build/_images/need_pie_bf172.svg
copying images... [ 67%] /media/jefferson/11c42dee-73a3-4c2b-ab42-a0440011d9e0/.s-core-build/runs/score-assessment-fixes-_g8_rb47/docs-as-code/_build/_images/need_pie_4f1bb.svg
copying images... [ 73%] /media/jefferson/11c42dee-73a3-4c2b-ab42-a0440011d9e0/.s-core-build/runs/score-assessment-fixes-_g8_rb47/docs-as-code/_build/_images/need_pie_36a0d.svg
copying images... [ 80%] /media/jefferson/11c42dee-73a3-4c2b-ab42-a0440011d9e0/.s-core-build/runs/score-assessment-fixes-_g8_rb47/docs-as-code/_build/_images/need_pie_22d26.svg
copying images... [ 87%] /media/jefferson/11c42dee-73a3-4c2b-ab42-a0440011d9e0/.s-core-build/runs/score-assessment-fixes-_g8_rb47/docs-as-code/_build/_images/need_pie_2b677.svg
copying images... [ 93%] /media/jefferson/11c42dee-73a3-4c2b-ab42-a0440011d9e0/.s-core-build/runs/score-assessment-fixes-_g8_rb47/docs-as-code/_build/_images/need_pie_0356a.svg
copying images... [100%] /media/jefferson/11c42dee-73a3-4c2b-ab42-a0440011d9e0/.s-core-build/runs/score-assessment-fixes-_g8_rb47/docs-as-code/_build/_images/need_pie_c747a.svg

dumping search index in English (code: en)... done
dumping object inventory... done
Needs successfully exported
Traceability metrics written to: /media/jefferson/11c42dee-73a3-4c2b-ab42-a0440011d9e0/.s-core-build/runs/score-assessment-fixes-_g8_rb47/docs-as-code/_build/metrics.json
build succeeded.

The HTML pages are in ../../../../../../../../../docs-as-code/_build.
docs (incremental) finished in 25.2 seconds
