OpenJDK 64-Bit Server VM warning: Options -Xverify:none and -noverify were deprecated in JDK 13 and will likely be removed in a future release.
Computing main repo mapping: 
Loading: 
Loading: 0 packages loaded
Analyzing: target //:docs (1 packages loaded, 0 targets configured)
Analyzing: target //:docs (1 packages loaded, 0 targets configured)

Analyzing: target //:docs (205 packages loaded, 1030 targets configured)

Analyzing: target //:docs (242 packages loaded, 5816 targets configured)

Analyzing: target //:docs (304 packages loaded, 10003 targets configured)

Analyzing: target //:docs (316 packages loaded, 24198 targets configured)

INFO: Analyzed target //:docs (317 packages loaded, 24285 targets configured).
[116 / 130] checking cached actions
INFO: Found 1 target...
Target //:_score_docs_cli up-to-date:
  bazel-bin/_score_docs_cli
  bazel-bin/_score_docs_cli.venv.pth
INFO: Elapsed time: 15.108s, Critical Path: 1.07s
INFO: 1 process: 134 action cache hit, 1 internal.
INFO: Build completed successfully, 1 total action
INFO: Running command line: bazel-bin/_score_docs_cli
