OpenJDK 64-Bit Server VM warning: Options -Xverify:none and -noverify were deprecated in JDK 13 and will likely be removed in a future release.
Computing main repo mapping: 
Computing main repo mapping: 
Computing main repo mapping: 
Loading: 
Loading: 1 packages loaded
DEBUG: /media/jefferson/11c42dee-73a3-4c2b-ab42-a0440011d9e0/.s-core-build/runs/score-assessment-fixes-_g8_rb47/docs-as-code/docs.bzl:705:14: INFO: ⚠️ DEPRECATED: Passing a Needs inventory through docs(data = [...]) is deprecated!!! Move it to external_needs = [...] instead.
DEBUG: /media/jefferson/11c42dee-73a3-4c2b-ab42-a0440011d9e0/.s-core-build/runs/score-assessment-fixes-_g8_rb47/docs-as-code/docs.bzl:705:14: INFO: ⚠️ DEPRECATED: Passing a Needs inventory through docs(data = [...]) is deprecated!!! Move it to external_needs = [...] instead.
Loading: 48 packages loaded
Analyzing: 99 targets (48 packages loaded)
Analyzing: 99 targets (48 packages loaded, 0 targets configured)
Analyzing: 99 targets (48 packages loaded, 0 targets configured)

Analyzing: 99 targets (205 packages loaded, 441 targets configured)
[2 / 2] no actions running
Analyzing: 99 targets (229 packages loaded, 1006 targets configured)
[2 / 2] no actions running
Analyzing: 99 targets (320 packages loaded, 2222 targets configured)
[2 / 2] no actions running
Analyzing: 99 targets (355 packages loaded, 12799 targets configured)
[20 / 20] no actions running
Analyzing: 99 targets (357 packages loaded, 24649 targets configured)
[24 / 25] Creating runfiles tree bazel-out/k8-fastbuild/bin/scripts_bazel/merge_needs_json.runfiles; 0s local
INFO: Analyzed 99 targets (357 packages loaded, 24841 targets configured).
[28 / 74] checking cached actions
[42 / 137] [Prepa] Creating runfiles tree bazel-out/k8-opt-exec-ST-d57f47055a04/bin/src/extensions/score_metamodel/docs/generate_metamodel_rst_bin.runfiles [for tool]
[44 / 137] Creating runfiles tree bazel-out/k8-opt-exec-ST-d57f47055a04/bin/src/extensions/score_metamodel/docs/generate_metamodel_rst_bin.runfiles [for tool]; 1s local ... (3 actions running)
[45 / 139] Creating runfiles tree bazel-out/k8-opt-exec-ST-d57f47055a04/bin/src/extensions/score_metamodel/docs/generate_metamodel_rst_bin.runfiles [for tool]; 3s local ... (4 actions, 3 running)
[50 / 144] Creating runfiles tree bazel-out/k8-opt-exec-ST-d57f47055a04/bin/src/extensions/score_metamodel/docs/generate_metamodel_rst_bin.runfiles [for tool]; 4s local ... (5 actions, 4 running)
[59 / 156] Creating runfiles tree bazel-out/k8-opt-exec-ST-d57f47055a04/bin/src/extensions/score_metamodel/docs/generate_metamodel_rst_bin.runfiles [for tool]; 5s local ... (6 actions, 5 running)
[79 / 182] Creating runfiles tree bazel-out/k8-opt-exec-ST-d57f47055a04/bin/src/extensions/score_metamodel/docs/generate_metamodel_rst_bin.runfiles [for tool]; 6s local ... (7 actions, 6 running)
[81 / 183] Creating runfiles tree bazel-out/k8-opt-exec-ST-d57f47055a04/bin/src/extensions/score_metamodel/docs/generate_metamodel_rst_bin.runfiles [for tool]; 7s local ... (7 actions running)
[97 / 204] Creating runfiles tree bazel-out/k8-opt-exec-ST-d57f47055a04/bin/src/extensions/score_metamodel/docs/generate_metamodel_rst_bin.runfiles [for tool]; 11s local ... (8 actions, 7 running)
[182 / 205] Creating runfiles tree bazel-out/k8-opt-exec-ST-d57f47055a04/bin/src/extensions/score_metamodel/docs/generate_metamodel_rst_bin.runfiles [for tool]; 13s local ... (7 actions running)
[200 / 230] Creating runfiles tree bazel-out/k8-fastbuild/bin/assurance/query.runfiles; 16s local ... (7 actions, 6 running)
[200 / 230] Creating runfiles tree bazel-out/k8-fastbuild/bin/assurance/query.runfiles; 17s local ... (7 actions running)
[274 / 331] Creating runfiles tree bazel-out/k8-fastbuild/bin/src/extensions/score_metamodel/docs/generate_metamodel_rst_bin.runfiles; 15s local ... (6 actions, 5 running)
[274 / 331] Creating runfiles tree bazel-out/k8-fastbuild/bin/src/extensions/score_metamodel/docs/generate_metamodel_rst_bin.runfiles; 16s local ... (6 actions running)
[284 / 341] Creating runfiles tree bazel-out/k8-fastbuild/bin/scripts_bazel/merge_sourcelinks.runfiles; 15s local ... (5 actions, 4 running)
[334 / 342] Creating runfiles tree bazel-out/k8-fastbuild/bin/scripts_bazel/generate_sourcelinks.runfiles; 15s local ... (5 actions running)
[335 / 342] Creating runfiles tree bazel-out/k8-fastbuild/bin/tools/module_verification_reports.runfiles; 11s local ... (4 actions running)
[336 / 342] Creating runfiles tree bazel-out/k8-fastbuild/bin/tools/module_verification_reports.runfiles; 16s local ... (3 actions running)
[337 / 342] Creating runfiles tree bazel-out/k8-opt-exec-ST-d57f47055a04/bin/scripts_bazel/generate_sourcelinks.runfiles [for tool]; 18s local ... (2 actions running)
[338 / 342] Creating runfiles tree bazel-out/k8-opt-exec-ST-d57f47055a04/bin/scripts_bazel/merge_sourcelinks.runfiles [for tool]; 19s local ... (3 actions running)
[339 / 342] GenerateCodeTargetSourcelinks docs_bundle.__internal__.sourcelinks_json.json; 2s processwrapper-sandbox ... (2 actions running)
INFO: From GenerateCodeTargetSourcelinks src/tests/docs_bzl/scenarios/nested_bundles/child.__internal__.sourcelinks_json.json:
Found 3 need references in 4 files
[340 / 342] GenerateCodeTargetSourcelinks docs_bundle.__internal__.sourcelinks_json.json; 12s processwrapper-sandbox
INFO: From GenerateCodeTargetSourcelinks docs_bundle.__internal__.sourcelinks_json.json:
Found 205 need references in 3758 files
[341 / 342] [Prepa] MergeBundleSourcelinks sourcelinks_json.json
[341 / 342] MergeBundleSourcelinks sourcelinks_json.json; 1s processwrapper-sandbox
INFO: From MergeBundleSourcelinks sourcelinks_json.json:
Merged 2 files into 208 total references
INFO: Found 99 targets...
INFO: Elapsed time: 86.101s, Critical Path: 43.53s
INFO: 93 processes: 278 action cache hit, 47 internal, 46 processwrapper-sandbox.
INFO: Build completed successfully, 93 total actions
