Check and fix copyright headers with cr_checker..........................Passed
- hook id: copyright
- duration: 0.37s

[33mWARNING:[0m Wrong copyright format in: src/tests/docs_bzl/scenarios/reference_integration/modern_module/docs/components.rst, expected format from template
[33mWARNING:[0m Wrong copyright format in: src/tests/docs_bzl/scenarios/subdirectory_bundle/consumer/docs/index.rst, expected format from template
[33mWARNING:[0m Wrong copyright format in: src/tests/docs_bzl/README.md, expected format from template
[33mWARNING:[0m Wrong copyright format in: src/extensions/score_metamodel/tests/rst/graph/test_tool_qualification.rst, expected format from template
[33mWARNING:[0m Wrong copyright format in: bzl/tests/BUILD, expected format from template
[33mWARNING:[0m Wrong copyright format in: src/tests/docs_bzl/scenarios/reference_integration/legacy_module/docs/index.rst, expected format from template
[33mWARNING:[0m Wrong copyright format in: src/tests/docs_bzl/scenarios/external_needs_inputs/docs/index.rst, expected format from template
[33mWARNING:[0m Wrong copyright format in: src/needs_templates/BUILD, expected format from template
[33mWARNING:[0m Wrong copyright format in: src/tests/docs_bzl/test_root_docs_config.py, expected format from template
[33mWARNING:[0m Wrong copyright format in: src/tests/docs_bzl/scenarios/reference_integration/score_platform/docs/platform/feature.rst, expected format from template
[33mWARNING:[0m Wrong copyright format in: src/tests/docs_bzl/scenarios/root_docs_config/platform/conf.py, expected format from template
[33mWARNING:[0m Wrong copyright format in: src/docs_cli/README.md, expected format from template
[33mWARNING:[0m Wrong copyright format in: tools/module_verification_reports.py, expected format from template
[33mWARNING:[0m Wrong copyright format in: src/tests/docs_bzl/test_docs_bzl_scenarios.py, expected format from template
[33mWARNING:[0m Wrong copyright format in: src/extensions/score_mounts/tests/test_excludes.py, expected format from template
[33mWARNING:[0m Wrong copyright format in: docs/how-to/bundles/examples.rst, expected format from template
[33mWARNING:[0m Wrong copyright format in: scripts_bazel/merge_needs_json.py, expected format from template
[33mWARNING:[0m Wrong copyright format in: tools/tests/module_verification_reports_test.py, expected format from template
[33mWARNING:[0m Wrong copyright format in: docs/reference/commands.rst, expected format from template
[33mWARNING:[0m Wrong copyright format in: src/extensions/score_sphinx_needs_templates/BUILD, expected format from template
[33mWARNING:[0m Wrong copyright format in: src/extensions/score_metamodel/tests/test_bundle_lifecycle.py, expected format from template
[33mWARNING:[0m Wrong copyright format in: src/tests/docs_bzl/scenarios/reference_integration/modern_module/docs/components/unlinked_component/BUILD, expected format from template
[33mWARNING:[0m Wrong copyright format in: src/extensions/score_metamodel/checks/tool_qualification.py, expected format from template
[33mWARNING:[0m Wrong copyright format in: src/extensions/score_cross_module_compatibility/tests/test_compatibility.py, expected format from template
[33mWARNING:[0m Wrong copyright format in: scripts_bazel/source_code_link_parser.py, expected format from template
[33mWARNING:[0m Wrong copyright format in: src/extensions/score_metamodel/bundle_metadata.py, expected format from template
[33mWARNING:[0m Wrong copyright format in: src/tests/docs_bzl/scenarios/reference_integration/modern_module/docs/components/unlinked_component/index.rst, expected format from template
[33mWARNING:[0m Wrong copyright format in: src/tests/docs_bzl/scenarios/root_docs_config/metamodel.yaml, expected format from template
[33mWARNING:[0m Wrong copyright format in: src/extensions/score_sync_toml/_mounts.py, expected format from template
[33mWARNING:[0m Wrong copyright format in: src/tests/docs_bzl/scenarios/subdirectory_bundle/producer/docs/embedded/BUILD, expected format from template
[33mWARNING:[0m Wrong copyright format in: src/tests/docs_bzl/test_cross_module_compatibility.py, expected format from template
[33mWARNING:[0m Wrong copyright format in: src/extensions/score_cross_module_compatibility/__init__.py, expected format from template
[33mWARNING:[0m Wrong copyright format in: src/tests/docs_bzl/scenarios/subdirectory_bundle/producer/docs/index.rst, expected format from template
[33mWARNING:[0m Wrong copyright format in: src/tests/docs_bzl/scenarios/external_needs_inputs/bundle/content/index.rst, expected format from template
[33mWARNING:[0m Wrong copyright format in: bzl/needs_rules.bzl, expected format from template
[33mWARNING:[0m Wrong copyright format in: src/extensions/score_sphinx_needs_templates/__init__.py, expected format from template
[33mWARNING:[0m Wrong copyright format in: docs/how-to/cross_module_compatibility.rst, expected format from template
[33mWARNING:[0m Wrong copyright format in: src/tests/docs_bzl/scenarios/reference_integration/modern_module/BUILD, expected format from template
[33mWARNING:[0m Wrong copyright format in: src/extensions/score_metamodel/tests/test_tool_qualification.py, expected format from template
[33mWARNING:[0m Wrong copyright format in: src/tests/docs_bzl/scenarios/reference_integration/legacy_module/docs/components.rst, expected format from template
[33mWARNING:[0m Wrong copyright format in: docs/how-to/mounts/index.rst, expected format from template
[33mWARNING:[0m Wrong copyright format in: tools/tests/BUILD, expected format from template
[33mWARNING:[0m Wrong copyright format in: src/tests/docs_bzl/scenarios/reference_integration/docs/modules.rst, expected format from template
[33mWARNING:[0m Wrong copyright format in: src/tests/docs_bzl/scenarios/subdirectory_bundle/producer/docs/embedded/content/index.rst, expected format from template
[33mWARNING:[0m Wrong copyright format in: src/tests/docs_bzl/expected_outputs.py, expected format from template
[33mWARNING:[0m Wrong copyright format in: src/extensions/score_cross_module_compatibility/BUILD, expected format from template
[33mWARNING:[0m Wrong copyright format in: src/tests/docs_bzl/test_missing_docs_config.py, expected format from template
[33mWARNING:[0m Wrong copyright format in: src/tests/docs_bzl/scenarios/root_docs_config/BUILD, expected format from template
[33mWARNING:[0m Wrong copyright format in: tools/BUILD, expected format from template
[33mWARNING:[0m Wrong copyright format in: src/tests/docs_bzl/scenarios/deprecated_needs_data/docs/index.rst, expected format from template
[33mWARNING:[0m Wrong copyright format in: src/tests/docs_bzl/test_expected_output_consistency.py, expected format from template
[33mWARNING:[0m Wrong copyright format in: bzl/tests/basics_test.bzl, expected format from template
[33mWARNING:[0m Wrong copyright format in: src/extensions/score_sync_toml/test_mounts.py, expected format from template
[33mWARNING:[0m Wrong copyright format in: src/tests/docs_bzl/scenarios/invalid_source_combination/child/a.rst, expected format from template
[33mWARNING:[0m Wrong copyright format in: src/tests/docs_bzl/scenarios/reference_integration/modern_module/docs/index.rst, expected format from template
[33mWARNING:[0m Wrong copyright format in: scripts_bazel/tests/merge_needs_json_tests.py, expected format from template
[33mWARNING:[0m Wrong copyright format in: src/extensions/score_layout/tests/test_mounted_source_controls.py, expected format from template
[33mWARNING:[0m Wrong copyright format in: docs/concepts/cross_module_compatibility.rst, expected format from template
[33mWARNING:[0m Wrong copyright format in: src/extensions/score_layout/assets/puml-theme-score.puml, expected format from template
[33mWARNING:[0m Wrong copyright format in: src/tests/docs_bzl/scenarios/reference_integration/legacy_module/BUILD, expected format from template
[33mWARNING:[0m Wrong copyright format in: src/extensions/score_layout/tests/__init__.py, expected format from template

