/media/jefferson/11c42dee-73a3-4c2b-ab42-a0440011d9e0/.s-core-build/runs/score-assessment-fixes-_g8_rb47/docs-as-code/assurance/coverage.py
  /media/jefferson/11c42dee-73a3-4c2b-ab42-a0440011d9e0/.s-core-build/runs/score-assessment-fixes-_g8_rb47/docs-as-code/assurance/coverage.py:109:5 - warning: Type of "metrics" is partially unknown
    Type of "metrics" is "dict[str, Unknown]" (reportUnknownVariableType)
  /media/jefferson/11c42dee-73a3-4c2b-ab42-a0440011d9e0/.s-core-build/runs/score-assessment-fixes-_g8_rb47/docs-as-code/assurance/coverage.py:117:12 - warning: Return type, "dict[str, Unknown]", is partially unknown (reportUnknownVariableType)
/media/jefferson/11c42dee-73a3-4c2b-ab42-a0440011d9e0/.s-core-build/runs/score-assessment-fixes-_g8_rb47/docs-as-code/assurance/query.py
  /media/jefferson/11c42dee-73a3-4c2b-ab42-a0440011d9e0/.s-core-build/runs/score-assessment-fixes-_g8_rb47/docs-as-code/assurance/query.py:37:12 - warning: Return type, "list[Unknown]", is partially unknown (reportUnknownVariableType)
/media/jefferson/11c42dee-73a3-4c2b-ab42-a0440011d9e0/.s-core-build/runs/score-assessment-fixes-_g8_rb47/docs-as-code/assurance/runner.py
  /media/jefferson/11c42dee-73a3-4c2b-ab42-a0440011d9e0/.s-core-build/runs/score-assessment-fixes-_g8_rb47/docs-as-code/assurance/runner.py:231:5 - warning: Type of "command" is partially unknown
    Type of "command" is "list[Unknown]" (reportUnknownVariableType)
  /media/jefferson/11c42dee-73a3-4c2b-ab42-a0440011d9e0/.s-core-build/runs/score-assessment-fixes-_g8_rb47/docs-as-code/assurance/runner.py:300:5 - warning: Type of "row" is partially unknown
    Type of "row" is "dict[str, Unknown]" (reportUnknownVariableType)
  /media/jefferson/11c42dee-73a3-4c2b-ab42-a0440011d9e0/.s-core-build/runs/score-assessment-fixes-_g8_rb47/docs-as-code/assurance/runner.py:339:12 - warning: Return type, "dict[str, Unknown]", is partially unknown (reportUnknownVariableType)
  /media/jefferson/11c42dee-73a3-4c2b-ab42-a0440011d9e0/.s-core-build/runs/score-assessment-fixes-_g8_rb47/docs-as-code/assurance/runner.py:392:5 - warning: Type of "summary" is partially unknown
    Type of "summary" is "dict[str, Unknown]" (reportUnknownVariableType)
  /media/jefferson/11c42dee-73a3-4c2b-ab42-a0440011d9e0/.s-core-build/runs/score-assessment-fixes-_g8_rb47/docs-as-code/assurance/runner.py:422:12 - warning: Return type, "dict[str, Unknown]", is partially unknown (reportUnknownVariableType)
/media/jefferson/11c42dee-73a3-4c2b-ab42-a0440011d9e0/.s-core-build/runs/score-assessment-fixes-_g8_rb47/docs-as-code/assurance/tests/harness_test.py
  /media/jefferson/11c42dee-73a3-4c2b-ab42-a0440011d9e0/.s-core-build/runs/score-assessment-fixes-_g8_rb47/docs-as-code/assurance/tests/harness_test.py:128:9 - warning: Type of "before" is partially unknown
    Type of "before" is "dict[str, dict[str, Unknown]]" (reportUnknownVariableType)
  /media/jefferson/11c42dee-73a3-4c2b-ab42-a0440011d9e0/.s-core-build/runs/score-assessment-fixes-_g8_rb47/docs-as-code/assurance/tests/harness_test.py:135:9 - warning: Type of "after" is partially unknown
    Type of "after" is "dict[str, dict[str, Unknown]]" (reportUnknownVariableType)
  /media/jefferson/11c42dee-73a3-4c2b-ab42-a0440011d9e0/.s-core-build/runs/score-assessment-fixes-_g8_rb47/docs-as-code/assurance/tests/harness_test.py:155:9 - warning: Type of "before" is partially unknown
    Type of "before" is "dict[str, dict[str, Unknown]]" (reportUnknownVariableType)
  /media/jefferson/11c42dee-73a3-4c2b-ab42-a0440011d9e0/.s-core-build/runs/score-assessment-fixes-_g8_rb47/docs-as-code/assurance/tests/harness_test.py:161:9 - warning: Type of "after" is partially unknown
    Type of "after" is "dict[str, dict[str, Unknown]]" (reportUnknownVariableType)
  /media/jefferson/11c42dee-73a3-4c2b-ab42-a0440011d9e0/.s-core-build/runs/score-assessment-fixes-_g8_rb47/docs-as-code/assurance/tests/harness_test.py:177:9 - warning: Type of "before" is partially unknown
    Type of "before" is "dict[str, dict[str, dict[str, Unknown]]]" (reportUnknownVariableType)
  /media/jefferson/11c42dee-73a3-4c2b-ab42-a0440011d9e0/.s-core-build/runs/score-assessment-fixes-_g8_rb47/docs-as-code/assurance/tests/harness_test.py:183:9 - warning: Type of "after" is partially unknown
    Type of "after" is "dict[str, dict[str, dict[str, Unknown]]]" (reportUnknownVariableType)
  /media/jefferson/11c42dee-73a3-4c2b-ab42-a0440011d9e0/.s-core-build/runs/score-assessment-fixes-_g8_rb47/docs-as-code/assurance/tests/harness_test.py:201:9 - warning: Type of "snapshot" is partially unknown
    Type of "snapshot" is "dict[str, dict[str, Unknown]]" (reportUnknownVariableType)
  /media/jefferson/11c42dee-73a3-4c2b-ab42-a0440011d9e0/.s-core-build/runs/score-assessment-fixes-_g8_rb47/docs-as-code/assurance/tests/harness_test.py:221:9 - warning: Type of "snapshot" is partially unknown
    Type of "snapshot" is "dict[str, dict[str, Unknown]]" (reportUnknownVariableType)
  /media/jefferson/11c42dee-73a3-4c2b-ab42-a0440011d9e0/.s-core-build/runs/score-assessment-fixes-_g8_rb47/docs-as-code/assurance/tests/harness_test.py:234:9 - warning: Type of "snapshot" is partially unknown
    Type of "snapshot" is "dict[str, dict[str, Unknown]]" (reportUnknownVariableType)
  /media/jefferson/11c42dee-73a3-4c2b-ab42-a0440011d9e0/.s-core-build/runs/score-assessment-fixes-_g8_rb47/docs-as-code/assurance/tests/harness_test.py:244:9 - warning: Type of "blocks" is partially unknown
    Type of "blocks" is "list[Unknown]" (reportUnknownVariableType)
0 errors, 18 warnings, 0 notes
