$TEST_TMPDIR defined, some defaults will be overridden
OpenJDK 64-Bit Server VM warning: Options -Xverify:none and -noverify were deprecated in JDK 13 and will likely be removed in a future release.
WARNING: The following configs were expanded more than once: [linux_x64_gcc_15]. For repeatable flags, repeats are counted twice and may lead to unexpected behavior.
Computing main repo mapping: 
Computing main repo mapping: 
Computing main repo mapping: 
Computing main repo mapping: 
Computing main repo mapping: 
Computing main repo mapping: 
WARNING: The following configs were expanded more than once: [linux_x64_gcc_15]. For repeatable flags, repeats are counted twice and may lead to unexpected behavior.
Computing main repo mapping: 
Computing main repo mapping: 
Computing main repo mapping: 
Computing main repo mapping: 
Computing main repo mapping: 
Computing main repo mapping: 
Computing main repo mapping: 
Computing main repo mapping: 
Computing main repo mapping: 
Computing main repo mapping: 
Computing main repo mapping: 
Computing main repo mapping: 
Computing main repo mapping: 
Computing main repo mapping: 
Computing main repo mapping: 
Computing main repo mapping: 
Computing main repo mapping: 
Computing main repo mapping: 
Computing main repo mapping: 
Computing main repo mapping: 
Loading: 
Loading: 5 packages loaded
Analyzing: target //:copyright.check (6 packages loaded)
Analyzing: target //:copyright.check (6 packages loaded)
Analyzing: target //:copyright.check (6 packages loaded, 0 targets configured)
Analyzing: target //:copyright.check (6 packages loaded, 0 targets configured)

Analyzing: target //:copyright.check (7 packages loaded, 0 targets configured)

Analyzing: target //:copyright.check (13 packages loaded, 8 targets configured)

Analyzing: target //:copyright.check (90 packages loaded, 8 targets configured)

Analyzing: target //:copyright.check (95 packages loaded, 8 targets configured)

Analyzing: target //:copyright.check (97 packages loaded, 8 targets configured)

Analyzing: target //:copyright.check (97 packages loaded, 8 targets configured)

Analyzing: target //:copyright.check (98 packages loaded, 8 targets configured)

Analyzing: target //:copyright.check (157 packages loaded, 948 targets configured)

Analyzing: target //:copyright.check (158 packages loaded, 3157 targets configured)

Analyzing: target //:copyright.check (158 packages loaded, 3157 targets configured)

Analyzing: target //:copyright.check (158 packages loaded, 3157 targets configured)

Analyzing: target //:copyright.check (158 packages loaded, 3157 targets configured)

Analyzing: target //:copyright.check (167 packages loaded, 3174 targets configured)

Analyzing: target //:copyright.check (167 packages loaded, 3174 targets configured)

Analyzing: target //:copyright.check (167 packages loaded, 3174 targets configured)

Analyzing: target //:copyright.check (167 packages loaded, 3174 targets configured)

Analyzing: target //:copyright.check (168 packages loaded, 3176 targets configured)

Analyzing: target //:copyright.check (168 packages loaded, 3176 targets configured)

Analyzing: target //:copyright.check (168 packages loaded, 3176 targets configured)

Analyzing: target //:copyright.check (170 packages loaded, 5057 targets configured)

Analyzing: target //:copyright.check (170 packages loaded, 5057 targets configured)

Analyzing: target //:copyright.check (170 packages loaded, 5057 targets configured)

INFO: Analyzed target //:copyright.check (172 packages loaded, 8243 targets configured).
[2 / 5] [Prepa] Expanding template copyright.check
INFO: Found 1 target...
Target //:copyright.check up-to-date:
  bazel-bin/copyright.check
  bazel-bin/copyright.check.venv.pth
INFO: Elapsed time: 140.346s, Critical Path: 0.22s
INFO: 6 processes: 6 internal.
INFO: Build completed successfully, 6 total actions
INFO: Running command line: bazel-bin/copyright.check -t third_party/cr_checker/templates.ini -c third_party/cr_checker/config.json .github quality score third_party tools //:BUILD //:MODULE.bazel
[31mERROR:[0m Failed to collect input files: Command '['git', '-C', '/media/jefferson/11c42dee-73a3-4c2b-ab42-a0440011d9e0/.s-core-build/runs/communication-review-pb5v82w4/workspaces/baseline', 'ls-files', '-z', '--cached', '--others', '--exclude-standard', '--', '.github', 'quality', 'score', 'third_party', 'tools', '//:BUILD', '//:MODULE.bazel']' returned non-zero exit status 128.
