OpenJDK 64-Bit Server VM warning: Options -Xverify:none and -noverify were deprecated in JDK 13 and will likely be removed in a future release.
Computing main repo mapping: 
Computing main repo mapping: 
Computing main repo mapping: 
Computing main repo mapping: 
Computing main repo mapping: 
Computing main repo mapping: 
Computing main repo mapping: 
Loading: 
Loading: 5 packages loaded
Loading: 302 packages loaded
    currently loading: score/mw/com/design/doxygen_build
Loading: 302 packages loaded
    currently loading: score/mw/com/design/doxygen_build
WARNING: /media/jefferson/11c42dee-73a3-4c2b-ab42-a0440011d9e0/.s-core-build/runs/score-communication-bug-recovery-fw8j963z/issue-751/score/memory/shared/BUILD:437:11: target '//score/memory/shared:types' is deprecated: This aggregation target is deprecated and pulls in the unmaintained/broken ':map' target on some platforms. Depend directly on the specific score/memory/shared sub-targets you need (e.g. ':offset_ptr', ':vector', ':string', ...) instead.
Analyzing: 2843 targets (303 packages loaded, 0 targets configured)
Analyzing: 2843 targets (303 packages loaded, 0 targets configured)

WARNING: /media/jefferson/11c42dee-73a3-4c2b-ab42-a0440011d9e0/.s-core-build/runs/score-communication-bug-recovery-fw8j963z/issue-751/MODULE.bazel:196:20: The module extension apt defined in @rules_distroless//apt:extensions.bzl reported incorrect imports of repositories via use_repo():

Imported, but reported as indirect dependencies by the extension:
    ubuntu24_04_sysroot_resolve

Fix the use_repo calls by running 'bazel mod tidy'.
Analyzing: 2843 targets (340 packages loaded, 470 targets configured)
[12 / 12] no actions running
Analyzing: 2843 targets (358 packages loaded, 740 targets configured)
[27 / 27] no actions running
Analyzing: 2843 targets (435 packages loaded, 1220 targets configured)
[71 / 71] no actions running
Analyzing: 2843 targets (482 packages loaded, 2364 targets configured)
[126 / 126] no actions running
DEBUG: Rule '+_repo_rules+jsonschema' indicated that a canonical reproducible form can be obtained by modifying arguments integrity = "sha256-rugv6PaV/h4ielG3dMOujCuyVpUGUampKGbFI7FQQs4="
DEBUG: Repository +_repo_rules+jsonschema instantiated at:
  <builtin>: in <toplevel>
Repository rule archive defined at:
  /media/jefferson/11c42dee-73a3-4c2b-ab42-a0440011d9e0/.s-core-build/runs/score-communication-bug-recovery-fw8j963z/bazel-output/b10b30927e7a248cee436d763dc58bdc/external/download_utils+/download/archive/repository.bzl:83:26: in <toplevel>
Analyzing: 2843 targets (509 packages loaded, 6336 targets configured)
[126 / 126] no actions running
Analyzing: 2843 targets (529 packages loaded, 10774 targets configured)
[126 / 126] no actions running
Analyzing: 2843 targets (706 packages loaded, 18763 targets configured)
[156 / 159] checking cached actions
Analyzing: 2843 targets (868 packages loaded, 20526 targets configured)
[165 / 171] checking cached actions
Analyzing: 2843 targets (930 packages loaded, 22802 targets configured)
[205 / 300] Creating runfiles tree bazel-out/k8-fastbuild/bin/score/mw/com/test/partial_restart/proxy_restart_shall_not_affect_other_proxies/validate_mw_com_config_schema_consumer_1.runfiles; 0s local ... (7 actions, 5 running)
Analyzing: 2843 targets (993 packages loaded, 23579 targets configured)
[476 / 772] [Prepa] Creating runfiles tree bazel-out/k8-opt-exec-ST-d57f47055a04/bin/external/rules_pkg+/pkg/private/tar/build_tar.runfiles [for tool]
Analyzing: 2843 targets (1006 packages loaded, 24087 targets configured)
[482 / 777] checking cached actions
Analyzing: 2843 targets (1006 packages loaded, 24087 targets configured)
[482 / 777] checking cached actions
Analyzing: 2843 targets (1011 packages loaded, 24221 targets configured)
[518 / 869] [Prepa] Creating source manifest for //score/mw/com/impl/configuration/converter:json_to_flatbuffer [for tool] ... (6 actions, 0 running)
Analyzing: 2843 targets (1020 packages loaded, 24526 targets configured)
[525 / 869] Creating runfiles tree bazel-out/k8-fastbuild/bin/quality/scripts/flaky_reports_test.runfiles; 0s local ... (5 actions running)
DEBUG: Rule 'score_baselibs++_repo_rules+acl-deb' indicated that a canonical reproducible form can be obtained by modifying arguments integrity = "sha256-5AjUxw54AQdOpFkYAgilQtVPVjibpIU3BDTy0A6VCYA=" and dropping ["visibility"]
DEBUG: Repository score_baselibs++_repo_rules+acl-deb instantiated at:
  <builtin>: in <toplevel>
Repository rule deb defined at:
  /media/jefferson/11c42dee-73a3-4c2b-ab42-a0440011d9e0/.s-core-build/runs/score-communication-bug-recovery-fw8j963z/bazel-output/b10b30927e7a248cee436d763dc58bdc/external/download_utils+/download/deb/repository.bzl:78:22: in <toplevel>
Analyzing: 2843 targets (1030 packages loaded, 24684 targets configured)
[531 / 869] [Prepa] Expanding template quality/api_surface/diff_api
Analyzing: 2843 targets (1050 packages loaded, 25008 targets configured)
[542 / 928] checking cached actions
Analyzing: 2843 targets (1050 packages loaded, 25008 targets configured)
[542 / 928] checking cached actions
Analyzing: 2843 targets (1050 packages loaded, 25008 targets configured)
[542 / 928] checking cached actions
Analyzing: 2843 targets (1065 packages loaded, 25738 targets configured)
[549 / 937] checking cached actions
Analyzing: 2843 targets (1065 packages loaded, 25738 targets configured)
[549 / 937] checking cached actions
Analyzing: 2843 targets (1065 packages loaded, 25738 targets configured)
[549 / 937] checking cached actions
Analyzing: 2843 targets (1070 packages loaded, 25813 targets configured)
[555 / 959] Creating runfiles tree bazel-out/k8-fastbuild/bin/quality/coverage/justify.runfiles; 0s local
Analyzing: 2843 targets (1083 packages loaded, 28126 targets configured)
[558 / 970] checking cached actions
Analyzing: 2843 targets (1104 packages loaded, 28412 targets configured)
[572 / 990] checking cached actions
Analyzing: 2843 targets (1105 packages loaded, 28432 targets configured)
[572 / 990] checking cached actions
Analyzing: 2843 targets (1115 packages loaded, 28478 targets configured)
[572 / 996] checking cached actions
Analyzing: 2843 targets (1115 packages loaded, 28478 targets configured)
[572 / 996] checking cached actions
Analyzing: 2843 targets (1134 packages loaded, 28952 targets configured)
[579 / 1,005] checking cached actions
Analyzing: 2843 targets (1135 packages loaded, 29077 targets configured)
[579 / 1,005] checking cached actions
Analyzing: 2843 targets (1139 packages loaded, 29166 targets configured)
[579 / 1,005] checking cached actions
Analyzing: 2843 targets (1152 packages loaded, 32705 targets configured)
[582 / 1,163] checking cached actions
Analyzing: 2843 targets (1154 packages loaded, 37192 targets configured)
[582 / 1,163] checking cached actions
Analyzing: 2843 targets (1163 packages loaded, 37408 targets configured)
[708 / 1,401] checking cached actions
Analyzing: 2843 targets (1167 packages loaded, 37417 targets configured)
[712 / 1,406] checking cached actions
Analyzing: 2843 targets (1193 packages loaded, 71558 targets configured)
[712 / 1,406] checking cached actions
Analyzing: 2843 targets (1209 packages loaded, 71681 targets configured)
[733 / 1,433] checking cached actions
Analyzing: 2843 targets (1210 packages loaded, 71689 targets configured)
[733 / 1,433] checking cached actions
Analyzing: 2843 targets (1215 packages loaded, 72874 targets configured)
[749 / 1,464] checking cached actions
Analyzing: 2843 targets (1238 packages loaded, 74396 targets configured)
[825 / 1,503] checking cached actions
Analyzing: 2843 targets (1302 packages loaded, 75004 targets configured)
[871 / 1,702] Compiling src/json-validator.cpp [for tool]; 0s processwrapper-sandbox ... (8 actions running)
Analyzing: 2843 targets (1303 packages loaded, 75064 targets configured)
[871 / 1,702] Compiling src/json-validator.cpp [for tool]; 1s processwrapper-sandbox ... (8 actions running)
Analyzing: 2843 targets (1303 packages loaded, 75064 targets configured)
[874 / 1,702] Compiling src/json-validator.cpp [for tool]; 3s processwrapper-sandbox ... (8 actions running)
Analyzing: 2843 targets (1303 packages loaded, 75064 targets configured)
[874 / 1,702] Compiling src/json-validator.cpp [for tool]; 4s processwrapper-sandbox ... (8 actions running)
Analyzing: 2843 targets (1316 packages loaded, 75179 targets configured)
[874 / 1,702] Compiling src/json-validator.cpp [for tool]; 5s processwrapper-sandbox ... (8 actions running)
Analyzing: 2843 targets (1317 packages loaded, 75261 targets configured)
[875 / 1,702] Compiling src/json-validator.cpp [for tool]; 7s processwrapper-sandbox ... (8 actions running)
Analyzing: 2843 targets (1319 packages loaded, 76413 targets configured)
[885 / 1,737] Compiling src/json-validator.cpp [for tool]; 8s processwrapper-sandbox ... (8 actions, 7 running)
Analyzing: 2843 targets (1319 packages loaded, 76413 targets configured)
[887 / 1,737] Compiling src/json-validator.cpp [for tool]; 9s processwrapper-sandbox ... (8 actions running)
Analyzing: 2843 targets (1336 packages loaded, 76639 targets configured)
[887 / 1,737] Compiling src/json-validator.cpp [for tool]; 10s processwrapper-sandbox ... (8 actions running)
Analyzing: 2843 targets (1336 packages loaded, 76639 targets configured)
[887 / 1,737] Compiling src/json-validator.cpp [for tool]; 12s processwrapper-sandbox ... (8 actions running)
Analyzing: 2843 targets (1337 packages loaded, 76663 targets configured)
[888 / 1,737] Compiling src/json-validator.cpp [for tool]; 13s processwrapper-sandbox ... (8 actions running)
Analyzing: 2843 targets (1345 packages loaded, 77050 targets configured)
[889 / 1,737] Compiling src/json-validator.cpp [for tool]; 14s processwrapper-sandbox ... (8 actions, 7 running)
Analyzing: 2843 targets (1347 packages loaded, 77108 targets configured)
[892 / 1,737] Compiling src/json-validator.cpp [for tool]; 16s processwrapper-sandbox ... (8 actions running)
Analyzing: 2843 targets (1347 packages loaded, 77108 targets configured)
[901 / 1,737] Compiling src/json-validator.cpp [for tool]; 17s processwrapper-sandbox ... (8 actions, 7 running)
Analyzing: 2843 targets (1350 packages loaded, 77165 targets configured)
[904 / 1,737] Compiling src/json-validator.cpp [for tool]; 18s processwrapper-sandbox ... (8 actions running)
Analyzing: 2843 targets (1350 packages loaded, 77165 targets configured)
[912 / 1,737] Compiling src/json-validator.cpp [for tool]; 19s processwrapper-sandbox ... (8 actions running)
Analyzing: 2843 targets (1350 packages loaded, 77165 targets configured)
[924 / 1,737] Compiling src/json-validator.cpp [for tool]; 20s processwrapper-sandbox ... (8 actions running)
Analyzing: 2843 targets (1355 packages loaded, 77381 targets configured)
[933 / 1,737] Compiling src/json-validator.cpp [for tool]; 21s processwrapper-sandbox ... (8 actions running)
Analyzing: 2843 targets (1358 packages loaded, 77471 targets configured)
[937 / 1,737] Compiling src/json-validator.cpp [for tool]; 22s processwrapper-sandbox ... (8 actions running)
Analyzing: 2843 targets (1359 packages loaded, 77511 targets configured)
[942 / 1,737] Compiling src/json-validator.cpp [for tool]; 23s processwrapper-sandbox ... (8 actions running)
Analyzing: 2843 targets (1362 packages loaded, 77539 targets configured)
[947 / 1,737] Compiling src/json-validator.cpp [for tool]; 24s processwrapper-sandbox ... (8 actions running)
Analyzing: 2843 targets (1363 packages loaded, 77792 targets configured)
[948 / 1,737] Compiling src/json-validator.cpp [for tool]; 26s processwrapper-sandbox ... (8 actions running)
Analyzing: 2843 targets (1363 packages loaded, 77792 targets configured)
[949 / 1,737] Compiling src/json-validator.cpp [for tool]; 27s processwrapper-sandbox ... (8 actions running)
Analyzing: 2843 targets (1374 packages loaded, 78040 targets configured)
[950 / 1,737] Compiling src/json-validator.cpp [for tool]; 28s processwrapper-sandbox ... (8 actions, 7 running)
Analyzing: 2843 targets (1375 packages loaded, 78254 targets configured)
[969 / 1,755] Compiling src/json-validator.cpp [for tool]; 29s processwrapper-sandbox ... (8 actions, 7 running)
Analyzing: 2843 targets (1377 packages loaded, 78376 targets configured)
[975 / 1,755] Compiling src/json-validator.cpp [for tool]; 31s processwrapper-sandbox ... (8 actions running)
INFO: From Compiling score/mw/com/impl/error_serializer_test.cpp:
In file included from score/mw/com/impl/error_serializer_test.cpp:16:
./score/mw/com/impl/com_error.h: In member function 'virtual std::string_view score::mw::com::impl::ComErrorDomain::MessageFor(const score::result::ErrorCode&) const':
./score/mw/com/impl/com_error.h:186:65: warning: 'score::mw::com::impl::ComErrc::kServiceInstanceAlreadyOffered' is deprecated: Value has never been used. Calls to OfferService shall be idempotent. [-Wdeprecated-declarations]
  186 |             case static_cast<score::result::ErrorCode>(ComErrc::kServiceInstanceAlreadyOffered):
      |                                                                 ^~~~~~~~~~~~~~~~~~~~~~~~~~~~~~
./score/mw/com/impl/com_error.h:57:5: note: declared here
   57 |     kServiceInstanceAlreadyOffered
      |     ^~~~~~~~~~~~~~~~~~~~~~~~~~~~~~
Analyzing: 2843 targets (1378 packages loaded, 78498 targets configured)
[985 / 1,764] Compiling src/json-validator.cpp [for tool]; 32s processwrapper-sandbox ... (8 actions running)
Analyzing: 2843 targets (1387 packages loaded, 79031 targets configured)
[1,014 / 1,985] Compiling src/json-validator.cpp [for tool]; 33s processwrapper-sandbox ... (8 actions running)
Analyzing: 2843 targets (1387 packages loaded, 79031 targets configured)
[1,029 / 1,994] Compiling src/json-validator.cpp [for tool]; 34s processwrapper-sandbox ... (8 actions, 7 running)
Analyzing: 2843 targets (1387 packages loaded, 79031 targets configured)
[1,036 / 1,994] Compiling src/json-validator.cpp [for tool]; 35s processwrapper-sandbox ... (8 actions running)
Analyzing: 2843 targets (1388 packages loaded, 79380 targets configured)
[1,044 / 2,130] Compiling src/json-validator.cpp [for tool]; 36s processwrapper-sandbox ... (8 actions running)
Analyzing: 2843 targets (1396 packages loaded, 79973 targets configured)
[1,070 / 2,162] Compiling src/json-validator.cpp [for tool]; 37s processwrapper-sandbox ... (8 actions, 7 running)
Analyzing: 2843 targets (1400 packages loaded, 80124 targets configured)
[1,117 / 2,208] Compiling src/json-validator.cpp [for tool]; 38s processwrapper-sandbox ... (8 actions, 7 running)
Analyzing: 2843 targets (1400 packages loaded, 80124 targets configured)
[1,122 / 2,209] Compiling src/json-validator.cpp [for tool]; 40s processwrapper-sandbox ... (8 actions running)
Analyzing: 2843 targets (1401 packages loaded, 80139 targets configured)
[1,122 / 2,209] Compiling src/json-validator.cpp [for tool]; 41s processwrapper-sandbox ... (8 actions running)
Analyzing: 2843 targets (1401 packages loaded, 80139 targets configured)
[1,128 / 2,209] Compiling src/json-validator.cpp [for tool]; 42s processwrapper-sandbox ... (8 actions, 7 running)
Analyzing: 2843 targets (1402 packages loaded, 80148 targets configured)
[1,130 / 2,209] Compiling src/json-validator.cpp [for tool]; 43s processwrapper-sandbox ... (8 actions running)
Analyzing: 2843 targets (1405 packages loaded, 80367 targets configured)
[1,131 / 2,209] Compiling src/json-validator.cpp [for tool]; 44s processwrapper-sandbox ... (8 actions running)
Analyzing: 2843 targets (1407 packages loaded, 80391 targets configured)
[1,137 / 2,209] Compiling src/json-validator.cpp [for tool]; 45s processwrapper-sandbox ... (8 actions, 7 running)
Analyzing: 2843 targets (1407 packages loaded, 80391 targets configured)
[1,142 / 2,209] Compiling src/json-validator.cpp [for tool]; 46s processwrapper-sandbox ... (8 actions, 7 running)
Analyzing: 2843 targets (1408 packages loaded, 80407 targets configured)
[1,144 / 2,209] Compiling src/json-validator.cpp [for tool]; 48s processwrapper-sandbox ... (8 actions, 7 running)
Analyzing: 2843 targets (1408 packages loaded, 80407 targets configured)
[1,144 / 2,209] Compiling src/json-validator.cpp [for tool]; 49s processwrapper-sandbox ... (8 actions running)
Analyzing: 2843 targets (1409 packages loaded, 80418 targets configured)
[1,149 / 2,209] Compiling src/json-validator.cpp [for tool]; 50s processwrapper-sandbox ... (8 actions, 7 running)
Analyzing: 2843 targets (1410 packages loaded, 80425 targets configured)
[1,160 / 2,209] Compiling src/json-validator.cpp [for tool]; 51s processwrapper-sandbox ... (8 actions running)
Analyzing: 2843 targets (1413 packages loaded, 80574 targets configured)
[1,167 / 2,209] Compiling src/json-validator.cpp [for tool]; 52s processwrapper-sandbox ... (8 actions, 7 running)
Analyzing: 2843 targets (1414 packages loaded, 80587 targets configured)
[1,181 / 2,209] Compiling src/json-validator.cpp [for tool]; 53s processwrapper-sandbox ... (8 actions, 7 running)
Analyzing: 2843 targets (1415 packages loaded, 80596 targets configured)
[1,195 / 2,209] Compiling src/json-validator.cpp [for tool]; 54s processwrapper-sandbox ... (7 actions running)
Analyzing: 2843 targets (1416 packages loaded, 80614 targets configured)
[1,202 / 2,209] Compiling src/json-validator.cpp [for tool]; 55s processwrapper-sandbox ... (8 actions running)
Analyzing: 2843 targets (1422 packages loaded, 80617 targets configured)
[1,211 / 2,209] Compiling src/json-validator.cpp [for tool]; 56s processwrapper-sandbox ... (8 actions, 7 running)
Analyzing: 2843 targets (1422 packages loaded, 80617 targets configured)
[1,215 / 2,209] Compiling src/json-validator.cpp [for tool]; 58s processwrapper-sandbox ... (8 actions, 7 running)
Analyzing: 2843 targets (1423 packages loaded, 80635 targets configured)
[1,227 / 2,209] Compiling src/json-validator.cpp [for tool]; 59s processwrapper-sandbox ... (7 actions, 6 running)
Analyzing: 2843 targets (1425 packages loaded, 80658 targets configured)
[1,242 / 2,209] Compiling src/json-validator.cpp [for tool]; 60s processwrapper-sandbox ... (8 actions running)
Analyzing: 2843 targets (1428 packages loaded, 80714 targets configured)
[1,253 / 2,209] Compiling src/json-validator.cpp [for tool]; 61s processwrapper-sandbox ... (8 actions, 7 running)
Analyzing: 2843 targets (1428 packages loaded, 80714 targets configured)
[1,269 / 2,209] Compiling score/result/error.cpp; 1s processwrapper-sandbox ... (6 actions, 5 running)
Analyzing: 2843 targets (1429 packages loaded, 80742 targets configured)
[1,286 / 2,209] Compiling score/mw/com/gateway/transport_layer/transport_error_test.cpp; 1s processwrapper-sandbox ... (8 actions, 7 running)
Analyzing: 2843 targets (1429 packages loaded, 80742 targets configured)
[1,294 / 2,209] Compiling score/mw/com/gateway/transport_layer/transport_error_test.cpp; 2s processwrapper-sandbox ... (8 actions running)
Analyzing: 2843 targets (1430 packages loaded, 80915 targets configured)
[1,302 / 2,209] Compiling score/mw/com/gateway/transport_layer/transport_error_test.cpp; 4s processwrapper-sandbox ... (7 actions running)
Analyzing: 2843 targets (1435 packages loaded, 80971 targets configured)
[1,313 / 2,209] Compiling score/memory/shared/managed_memory_resource.cpp; 2s processwrapper-sandbox ... (8 actions running)
Analyzing: 2843 targets (1436 packages loaded, 81077 targets configured)
[1,326 / 2,209] Compiling score/mw/com/gateway/gateway_application/gateway_error.cpp; 2s processwrapper-sandbox ... (8 actions, 7 running)
Analyzing: 2843 targets (1445 packages loaded, 81351 targets configured)
[1,338 / 2,209] Compiling score/concurrency/delayed_task.cpp; 2s processwrapper-sandbox ... (8 actions running)
INFO: From Compiling score/mw/com/impl/com_error.cpp:
In file included from score/mw/com/impl/com_error.cpp:13:
./score/mw/com/impl/com_error.h: In member function 'virtual std::string_view score::mw::com::impl::ComErrorDomain::MessageFor(const score::result::ErrorCode&) const':
./score/mw/com/impl/com_error.h:186:65: warning: 'score::mw::com::impl::ComErrc::kServiceInstanceAlreadyOffered' is deprecated: Value has never been used. Calls to OfferService shall be idempotent. [-Wdeprecated-declarations]
  186 |             case static_cast<score::result::ErrorCode>(ComErrc::kServiceInstanceAlreadyOffered):
      |                                                                 ^~~~~~~~~~~~~~~~~~~~~~~~~~~~~~
./score/mw/com/impl/com_error.h:57:5: note: declared here
   57 |     kServiceInstanceAlreadyOffered
      |     ^~~~~~~~~~~~~~~~~~~~~~~~~~~~~~
Analyzing: 2843 targets (1453 packages loaded, 81903 targets configured)
[1,350 / 2,209] Compiling score/concurrency/delayed_task.cpp; 3s processwrapper-sandbox ... (8 actions, 7 running)
Analyzing: 2843 targets (1453 packages loaded, 82023 targets configured)
[1,359 / 2,209] Compiling score/mw/com/test/fields/test_resources/getter_and_setter_checkers.cpp; 3s processwrapper-sandbox ... (8 actions, 7 running)
Analyzing: 2843 targets (1467 packages loaded, 82479 targets configured)
[1,369 / 2,209] Compiling score/mw/com/test/fields/test_resources/getter_and_setter_checkers.cpp; 4s processwrapper-sandbox ... (8 actions running)
INFO: From Compiling score/mw/com/impl/error_serializer.cpp:
In file included from score/mw/com/impl/error_serializer.cpp:16:
./score/mw/com/impl/com_error.h: In member function 'virtual std::string_view score::mw::com::impl::ComErrorDomain::MessageFor(const score::result::ErrorCode&) const':
./score/mw/com/impl/com_error.h:186:65: warning: 'score::mw::com::impl::ComErrc::kServiceInstanceAlreadyOffered' is deprecated: Value has never been used. Calls to OfferService shall be idempotent. [-Wdeprecated-declarations]
  186 |             case static_cast<score::result::ErrorCode>(ComErrc::kServiceInstanceAlreadyOffered):
      |                                                                 ^~~~~~~~~~~~~~~~~~~~~~~~~~~~~~
./score/mw/com/impl/com_error.h:57:5: note: declared here
   57 |     kServiceInstanceAlreadyOffered
      |     ^~~~~~~~~~~~~~~~~~~~~~~~~~~~~~
INFO: From Compiling score/mw/com/impl/data_type_meta_info.cpp:
In file included from score/mw/com/impl/data_type_meta_info.cpp:15:
./score/mw/com/impl/com_error.h: In member function 'virtual std::string_view score::mw::com::impl::ComErrorDomain::MessageFor(const score::result::ErrorCode&) const':
./score/mw/com/impl/com_error.h:186:65: warning: 'score::mw::com::impl::ComErrc::kServiceInstanceAlreadyOffered' is deprecated: Value has never been used. Calls to OfferService shall be idempotent. [-Wdeprecated-declarations]
  186 |             case static_cast<score::result::ErrorCode>(ComErrc::kServiceInstanceAlreadyOffered):
      |                                                                 ^~~~~~~~~~~~~~~~~~~~~~~~~~~~~~
./score/mw/com/impl/com_error.h:57:5: note: declared here
   57 |     kServiceInstanceAlreadyOffered
      |     ^~~~~~~~~~~~~~~~~~~~~~~~~~~~~~
Analyzing: 2843 targets (1468 packages loaded, 82693 targets configured)
[1,382 / 2,209] Compiling score/concurrency/executor.cpp; 1s processwrapper-sandbox ... (8 actions, 7 running)
Analyzing: 2843 targets (1468 packages loaded, 82693 targets configured)
[1,394 / 2,209] Compiling score/concurrency/executor.cpp; 2s processwrapper-sandbox ... (8 actions, 7 running)
Analyzing: 2843 targets (1471 packages loaded, 82717 targets configured)
[1,398 / 2,209] Compiling score/concurrency/executor.cpp; 3s processwrapper-sandbox ... (8 actions running)
Analyzing: 2843 targets (1475 packages loaded, 83564 targets configured)
[1,404 / 2,209] Compiling score/concurrency/executor.cpp; 4s processwrapper-sandbox ... (8 actions running)
Analyzing: 2843 targets (1476 packages loaded, 83585 targets configured)
[1,411 / 2,209] Compiling score/mw/service/single_instance_holder_test.cpp; 4s processwrapper-sandbox ... (8 actions, 7 running)
Analyzing: 2843 targets (1476 packages loaded, 83585 targets configured)
[1,416 / 2,209] Compiling score/mw/service/single_instance_holder_test.cpp; 5s processwrapper-sandbox ... (8 actions, 7 running)
Analyzing: 2843 targets (1476 packages loaded, 83585 targets configured)
[1,424 / 2,209] Compiling score/mw/com/impl/test/methods/semi_dynamic_methods/runtime_sized_array_test.cpp; 4s processwrapper-sandbox ... (8 actions, 7 running)
Analyzing: 2843 targets (1477 packages loaded, 83696 targets configured)
[1,426 / 2,209] Compiling score/mw/com/impl/test/methods/semi_dynamic_methods/runtime_sized_array_test.cpp; 5s processwrapper-sandbox ... (8 actions, 7 running)
Analyzing: 2843 targets (1482 packages loaded, 83820 targets configured)
[1,430 / 2,209] Compiling score/mw/com/impl/test/methods/semi_dynamic_methods/runtime_sized_array_test.cpp; 6s processwrapper-sandbox ... (8 actions, 7 running)
Analyzing: 2843 targets (1482 packages loaded, 83820 targets configured)
[1,443 / 2,209] Compiling score/filesystem/details/standard_filesystem.cpp; 6s processwrapper-sandbox ... (7 actions, 6 running)
Analyzing: 2843 targets (1482 packages loaded, 83820 targets configured)
[1,448 / 2,209] Compiling score/filesystem/details/standard_filesystem.cpp; 7s processwrapper-sandbox ... (8 actions running)
Analyzing: 2843 targets (1507 packages loaded, 84411 targets configured)
[1,450 / 2,209] Compiling score/mw/com/impl/reference_to_moveable_test.cpp; 6s processwrapper-sandbox ... (8 actions running)
Analyzing: 2843 targets (1510 packages loaded, 84748 targets configured)
[1,454 / 2,209] Compiling score/concurrency/future/interruptible_shared_future.cpp; 4s processwrapper-sandbox ... (8 actions running)
WARNING: /media/jefferson/11c42dee-73a3-4c2b-ab42-a0440011d9e0/.s-core-build/runs/score-communication-bug-recovery-fw8j963z/issue-751/score/mw/com/test/api/BUILD:18:11: in cc_library rule //score/mw/com/test/api:api: target '//score/mw/com/test/api:api' depends on deprecated target '//score/memory/shared:types': This aggregation target is deprecated and pulls in the unmaintained/broken ':map' target on some platforms. Depend directly on the specific score/memory/shared sub-targets you need (e.g. ':offset_ptr', ':vector', ':string', ...) instead.
Analyzing: 2843 targets (1523 packages loaded, 85276 targets configured)
[1,458 / 2,209] Compiling score/concurrency/future/interruptible_shared_future.cpp; 5s processwrapper-sandbox ... (8 actions running)
Analyzing: 2843 targets (1531 packages loaded, 86277 targets configured)
[1,463 / 2,209] Compiling score/concurrency/future/interruptible_shared_future.cpp; 6s processwrapper-sandbox ... (8 actions, 7 running)
Analyzing: 2843 targets (1531 packages loaded, 86281 targets configured)
[1,467 / 2,209] Compiling score/mw/com/impl/field_tags_test.cpp; 6s processwrapper-sandbox ... (8 actions, 7 running)
Analyzing: 2843 targets (1531 packages loaded, 86281 targets configured)
[1,478 / 2,209] Compiling score/language/safecpp/scoped_function/details/allocator_aware_erased_type.cpp; 4s processwrapper-sandbox ... (8 actions, 7 running)
Analyzing: 2843 targets (1537 packages loaded, 86491 targets configured)
[1,486 / 2,209] Compiling score/concurrency/future/interruptible_state.cpp; 2s processwrapper-sandbox ... (8 actions, 7 running)
Analyzing: 2843 targets (1537 packages loaded, 86491 targets configured)
[1,496 / 2,209] Compiling score/concurrency/future/interruptible_state.cpp; 3s processwrapper-sandbox ... (8 actions, 7 running)
Analyzing: 2843 targets (1537 packages loaded, 86491 targets configured)
[1,497 / 2,209] Compiling score/concurrency/future/interruptible_state.cpp; 4s processwrapper-sandbox ... (8 actions running)
Analyzing: 2843 targets (1538 packages loaded, 86508 targets configured)
[1,498 / 2,209] Compiling score/concurrency/future/interruptible_state.cpp; 5s processwrapper-sandbox ... (8 actions running)
Analyzing: 2843 targets (1559 packages loaded, 87088 targets configured)
[1,499 / 2,209] Compiling score/mw/com/gateway/transport_layer/sample/messages/message_error_test.cpp; 5s processwrapper-sandbox ... (8 actions running)
Analyzing: 2843 targets (1566 packages loaded, 87580 targets configured)
[1,499 / 2,209] Compiling score/mw/com/gateway/transport_layer/sample/messages/message_error_test.cpp; 6s processwrapper-sandbox ... (8 actions running)
Analyzing: 2843 targets (1571 packages loaded, 89918 targets configured)
[1,501 / 2,209] Compiling score/mw/com/gateway/transport_layer/sample/messages/message_error_test.cpp; 7s processwrapper-sandbox ... (8 actions running)
Analyzing: 2843 targets (1571 packages loaded, 89918 targets configured)
[1,506 / 2,209] Compiling score/mw/com/impl/configuration/configuration_error_test.cpp; 7s processwrapper-sandbox ... (8 actions, 7 running)
INFO: From Compiling score/mw/com/impl/data_type_meta_info_test.cpp:
In file included from score/mw/com/impl/data_type_meta_info_test.cpp:15:
./score/mw/com/impl/com_error.h: In member function 'virtual std::string_view score::mw::com::impl::ComErrorDomain::MessageFor(const score::result::ErrorCode&) const':
./score/mw/com/impl/com_error.h:186:65: warning: 'score::mw::com::impl::ComErrc::kServiceInstanceAlreadyOffered' is deprecated: Value has never been used. Calls to OfferService shall be idempotent. [-Wdeprecated-declarations]
  186 |             case static_cast<score::result::ErrorCode>(ComErrc::kServiceInstanceAlreadyOffered):
      |                                                                 ^~~~~~~~~~~~~~~~~~~~~~~~~~~~~~
./score/mw/com/impl/com_error.h:57:5: note: declared here
   57 |     kServiceInstanceAlreadyOffered
      |     ^~~~~~~~~~~~~~~~~~~~~~~~~~~~~~
Analyzing: 2843 targets (1573 packages loaded, 89932 targets configured)
[1,510 / 2,209] Compiling score/message_passing/non_allocating_future/non_allocating_future_unit_test.cpp; 7s processwrapper-sandbox ... (8 actions running)
Analyzing: 2843 targets (1574 packages loaded, 89972 targets configured)
[1,512 / 2,209] Compiling score/message_passing/non_allocating_future/non_allocating_future_unit_test.cpp; 8s processwrapper-sandbox ... (8 actions, 7 running)
Analyzing: 2843 targets (1574 packages loaded, 89972 targets configured)
[1,514 / 2,209] Compiling score/message_passing/non_allocating_future/non_allocating_future_unit_test.cpp; 9s processwrapper-sandbox ... (8 actions, 7 running)
Analyzing: 2843 targets (1574 packages loaded, 89972 targets configured)
[1,523 / 2,209] Compiling score/message_passing/non_allocating_future/non_allocating_future_unit_test.cpp; 11s processwrapper-sandbox ... (8 actions, 7 running)
Analyzing: 2843 targets (1577 packages loaded, 90555 targets configured)
[1,525 / 2,209] Compiling score/message_passing/log/log_test.cpp; 5s processwrapper-sandbox ... (8 actions, 7 running)
Analyzing: 2843 targets (1579 packages loaded, 90784 targets configured)
[1,528 / 2,209] Compiling score/message_passing/log/log_test.cpp; 6s processwrapper-sandbox ... (7 actions running)
Analyzing: 2843 targets (1580 packages loaded, 90827 targets configured)
[1,531 / 2,209] Compiling score/message_passing/log/log_test.cpp; 7s processwrapper-sandbox ... (8 actions running)
Analyzing: 2843 targets (1581 packages loaded, 90939 targets configured)
[1,531 / 2,209] Compiling score/message_passing/log/log_test.cpp; 8s processwrapper-sandbox ... (8 actions running)
Analyzing: 2843 targets (1582 packages loaded, 91007 targets configured)
[1,533 / 2,209] Compiling score/message_passing/log/log_test.cpp; 9s processwrapper-sandbox ... (8 actions, 7 running)
Analyzing: 2843 targets (1582 packages loaded, 91007 targets configured)
[1,539 / 2,209] Compiling score/message_passing/client_connection_test.cpp; 6s processwrapper-sandbox ... (8 actions running)
Analyzing: 2843 targets (1582 packages loaded, 91007 targets configured)
[1,542 / 2,209] Compiling score/message_passing/client_connection_test.cpp; 8s processwrapper-sandbox ... (8 actions running)
Analyzing: 2843 targets (1583 packages loaded, 91053 targets configured)
[1,545 / 2,209] Compiling score/message_passing/client_connection_test.cpp; 9s processwrapper-sandbox ... (8 actions, 7 running)
Analyzing: 2843 targets (1589 packages loaded, 92304 targets configured)
[1,554 / 2,209] Compiling score/message_passing/client_connection_test.cpp; 10s processwrapper-sandbox ... (8 actions running)
Analyzing: 2843 targets (1589 packages loaded, 92306 targets configured)
[1,563 / 2,209] Compiling score/message_passing/client_connection_test.cpp; 11s processwrapper-sandbox ... (8 actions, 7 running)
Analyzing: 2843 targets (1590 packages loaded, 92330 targets configured)
[1,575 / 2,209] Compiling score/message_passing/client_connection_test.cpp; 12s processwrapper-sandbox ... (8 actions, 7 running)
Analyzing: 2843 targets (1590 packages loaded, 92330 targets configured)
[1,596 / 2,209] Compiling score/message_passing/client_connection_test.cpp; 13s processwrapper-sandbox ... (8 actions running)
Analyzing: 2843 targets (1591 packages loaded, 92454 targets configured)
[1,600 / 2,209] Compiling score/message_passing/client_connection_test.cpp; 14s processwrapper-sandbox ... (8 actions running)
Analyzing: 2843 targets (1592 packages loaded, 92478 targets configured)
[1,602 / 2,209] Compiling score/message_passing/client_connection_test.cpp; 15s processwrapper-sandbox ... (8 actions running)
Analyzing: 2843 targets (1605 packages loaded, 92940 targets configured)
[1,612 / 2,209] Compiling score/message_passing/client_connection_test.cpp; 16s processwrapper-sandbox ... (8 actions running)
Analyzing: 2843 targets (1616 packages loaded, 93276 targets configured)
[1,624 / 2,209] checking cached actions
Analyzing: 2843 targets (1616 packages loaded, 93276 targets configured)
[1,624 / 2,209] checking cached actions
Analyzing: 2843 targets (1625 packages loaded, 93691 targets configured)
[1,624 / 2,209] checking cached actions
Analyzing: 2843 targets (1625 packages loaded, 93733 targets configured)
[1,624 / 2,209] checking cached actions
Analyzing: 2843 targets (1625 packages loaded, 93733 targets configured)
[1,624 / 2,209] checking cached actions
Analyzing: 2843 targets (1633 packages loaded, 93979 targets configured)
[1,624 / 2,209] checking cached actions
Analyzing: 2843 targets (1634 packages loaded, 94265 targets configured)
[1,624 / 2,209] checking cached actions
Analyzing: 2843 targets (1636 packages loaded, 94361 targets configured)
[1,624 / 2,209] checking cached actions
Analyzing: 2843 targets (1641 packages loaded, 94453 targets configured)
[1,624 / 2,209] checking cached actions
Analyzing: 2843 targets (1642 packages loaded, 94594 targets configured)
[1,624 / 2,209] checking cached actions
Analyzing: 2843 targets (1644 packages loaded, 94626 targets configured)
[1,624 / 2,209] checking cached actions
Analyzing: 2843 targets (1644 packages loaded, 94626 targets configured)
[1,624 / 2,209] checking cached actions
Analyzing: 2843 targets (1645 packages loaded, 94662 targets configured)
[1,624 / 2,209] checking cached actions
Analyzing: 2843 targets (1645 packages loaded, 94662 targets configured)
[1,624 / 2,209] checking cached actions
DEBUG: /media/jefferson/11c42dee-73a3-4c2b-ab42-a0440011d9e0/.s-core-build/runs/score-communication-bug-recovery-fw8j963z/bazel-output/b10b30927e7a248cee436d763dc58bdc/external/score_tooling+/bazel/rules/rules_score/private/dependable_element.bzl:1359:26: WARNING: Not in certified scope @@score_baselibs+//score/utils:static_destruction_guard, stopping at utils
ERROR: file 'quality/static_analysis/__pycache__/codeql_lint.cpython-312.pyc' is generated by these conflicting actions:
Label: //quality/static_analysis:codeql_lint, //quality/static_analysis:codeql_lint_test
RuleClass: py_binary rule, py_test rule
JavaActionClass: class com.google.devtools.build.lib.analysis.actions.StarlarkAction
Configuration: 55b193b9d8c008a559880630d8cd50ee2b826d68da5b2eb660638cdf0591387a, cadb690ab51c432d4411cdc3337206b2a93ad3db06aea2a498edadc2d14ddc72
Mnemonic: PyCompile
Action key: 2e707cbde58d1966fe15537c420f458de19cfc5f378db97ed1a54f7be8c108f3, ea4d083d10c7e5bfaff6bfcde16d4c98386d7a9ee0a4fbfcc00ba5b47d305512
Progress message: Python precompiling quality/static_analysis/codeql_lint.py into quality/static_analysis/__pycache__/codeql_lint.cpython-312.pyc
Action describeKey: Python precompiling quality/static_analysis/codeql_lint.py into quality/static_analysis/__pycache__/codeql_lint.cpython-312.pyc
  Environment variable: PYTHONHASHSEED=0
  Environment variable: PYTHONNOUSERSITE=1
  Environment variable: PYTHONSAFEPATH=1
  Execution info: local=
  Execution info: requires-worker-protocol=json
  Execution info: supports-multiplex-sandboxing=1
  Execution info: supports-multiplex-workers=1
  Execution info: supports-worker-cancellation=1
  Execution info: supports-workers=1
  Argument: bazel-out/k8-opt-exec-ST-d57f47055a04/bin/external/rules_python+/python/private/python3
  Argument: bazel-out/k8-opt-exec-ST-d57f47055a04/bin/external/rules_python+/tools/precompiler/precompiler
  Argument: --invalidation_mode
  Argument: checked_hash
  Argument: --src
  Argument: quality/static_analysis/codeql_lint.py
  Argument: --src_name
  Argument: quality/static_analysis/codeql_lint.py
  Argument: --pyc
  Argument: bazel-out/k8-fastbuild/bin/quality/static_analysis/__pycache__/codeql_lint.cpython-312.pyc
  Argument: --optimize
  Argument: 0
  Argument: --python_version
  Argument: 3.12
  Output paths mode: OFF
, Python precompiling quality/static_analysis/codeql_lint.py into quality/static_analysis/__pycache__/codeql_lint.cpython-312.pyc
  Environment variable: PYTHONHASHSEED=0
  Environment variable: PYTHONNOUSERSITE=1
  Environment variable: PYTHONSAFEPATH=1
  Execution info: requires-worker-protocol=json
  Execution info: supports-multiplex-sandboxing=1
  Execution info: supports-multiplex-workers=1
  Execution info: supports-worker-cancellation=1
  Execution info: supports-workers=1
  Argument: bazel-out/k8-opt-exec-ST-d57f47055a04/bin/external/rules_python+/python/private/python3
  Argument: bazel-out/k8-opt-exec-ST-d57f47055a04/bin/external/rules_python+/tools/precompiler/precompiler
  Argument: --invalidation_mode
  Argument: checked_hash
  Argument: --src
  Argument: quality/static_analysis/codeql_lint.py
  Argument: --src_name
  Argument: quality/static_analysis/codeql_lint.py
  Argument: --pyc
  Argument: bazel-out/k8-fastbuild/bin/quality/static_analysis/__pycache__/codeql_lint.cpython-312.pyc
  Argument: --optimize
  Argument: 0
  Argument: --python_version
  Argument: 3.12
  Output paths mode: OFF

PrimaryInput: File:[/media/jefferson/11c42dee-73a3-4c2b-ab42-a0440011d9e0/.s-core-build/runs/score-communication-bug-recovery-fw8j963z/issue-751[source]]quality/static_analysis/codeql_lint.py
PrimaryOutput: File:[[<execution_root>]bazel-out/k8-fastbuild/bin]quality/static_analysis/__pycache__/codeql_lint.cpython-312.pyc
Owner information: ConfiguredTargetKey{label=//quality/static_analysis:codeql_lint, config=BuildConfigurationKey[55b193b9d8c008a559880630d8cd50ee2b826d68da5b2eb660638cdf0591387a]}, ConfiguredTargetKey{label=//quality/static_analysis:codeql_lint_test, config=BuildConfigurationKey[cadb690ab51c432d4411cdc3337206b2a93ad3db06aea2a498edadc2d14ddc72]}
MandatoryInputs: are equal
Outputs: are equal
Use --verbose_failures to see the command lines of failed build steps.
ERROR: file 'quality/static_analysis/__pycache__/codeql_lint.cpython-312.pyc' is generated by these conflicting actions:
Label: //quality/static_analysis:codeql_lint, //quality/static_analysis:codeql_lint_test
RuleClass: py_binary rule, py_test rule
JavaActionClass: class com.google.devtools.build.lib.analysis.actions.StarlarkAction
Configuration: 55b193b9d8c008a559880630d8cd50ee2b826d68da5b2eb660638cdf0591387a, cadb690ab51c432d4411cdc3337206b2a93ad3db06aea2a498edadc2d14ddc72
Mnemonic: PyCompile
Action key: 2e707cbde58d1966fe15537c420f458de19cfc5f378db97ed1a54f7be8c108f3, ea4d083d10c7e5bfaff6bfcde16d4c98386d7a9ee0a4fbfcc00ba5b47d305512
Progress message: Python precompiling quality/static_analysis/codeql_lint.py into quality/static_analysis/__pycache__/codeql_lint.cpython-312.pyc
Action describeKey: Python precompiling quality/static_analysis/codeql_lint.py into quality/static_analysis/__pycache__/codeql_lint.cpython-312.pyc
  Environment variable: PYTHONHASHSEED=0
  Environment variable: PYTHONNOUSERSITE=1
  Environment variable: PYTHONSAFEPATH=1
  Execution info: local=
  Execution info: requires-worker-protocol=json
  Execution info: supports-multiplex-sandboxing=1
  Execution info: supports-multiplex-workers=1
  Execution info: supports-worker-cancellation=1
  Execution info: supports-workers=1
  Argument: bazel-out/k8-opt-exec-ST-d57f47055a04/bin/external/rules_python+/python/private/python3
  Argument: bazel-out/k8-opt-exec-ST-d57f47055a04/bin/external/rules_python+/tools/precompiler/precompiler
  Argument: --invalidation_mode
  Argument: checked_hash
  Argument: --src
  Argument: quality/static_analysis/codeql_lint.py
  Argument: --src_name
  Argument: quality/static_analysis/codeql_lint.py
  Argument: --pyc
  Argument: bazel-out/k8-fastbuild/bin/quality/static_analysis/__pycache__/codeql_lint.cpython-312.pyc
  Argument: --optimize
  Argument: 0
  Argument: --python_version
  Argument: 3.12
  Output paths mode: OFF
, Python precompiling quality/static_analysis/codeql_lint.py into quality/static_analysis/__pycache__/codeql_lint.cpython-312.pyc
  Environment variable: PYTHONHASHSEED=0
  Environment variable: PYTHONNOUSERSITE=1
  Environment variable: PYTHONSAFEPATH=1
  Execution info: requires-worker-protocol=json
  Execution info: supports-multiplex-sandboxing=1
  Execution info: supports-multiplex-workers=1
  Execution info: supports-worker-cancellation=1
  Execution info: supports-workers=1
  Argument: bazel-out/k8-opt-exec-ST-d57f47055a04/bin/external/rules_python+/python/private/python3
  Argument: bazel-out/k8-opt-exec-ST-d57f47055a04/bin/external/rules_python+/tools/precompiler/precompiler
  Argument: --invalidation_mode
  Argument: checked_hash
  Argument: --src
  Argument: quality/static_analysis/codeql_lint.py
  Argument: --src_name
  Argument: quality/static_analysis/codeql_lint.py
  Argument: --pyc
  Argument: bazel-out/k8-fastbuild/bin/quality/static_analysis/__pycache__/codeql_lint.cpython-312.pyc
  Argument: --optimize
  Argument: 0
  Argument: --python_version
  Argument: 3.12
  Output paths mode: OFF

PrimaryInput: File:[/media/jefferson/11c42dee-73a3-4c2b-ab42-a0440011d9e0/.s-core-build/runs/score-communication-bug-recovery-fw8j963z/issue-751[source]]quality/static_analysis/codeql_lint.py
PrimaryOutput: File:[[<execution_root>]bazel-out/k8-fastbuild/bin]quality/static_analysis/__pycache__/codeql_lint.cpython-312.pyc
Owner information: ConfiguredTargetKey{label=//quality/static_analysis:codeql_lint, config=BuildConfigurationKey[55b193b9d8c008a559880630d8cd50ee2b826d68da5b2eb660638cdf0591387a]}, ConfiguredTargetKey{label=//quality/static_analysis:codeql_lint_test, config=BuildConfigurationKey[cadb690ab51c432d4411cdc3337206b2a93ad3db06aea2a498edadc2d14ddc72]}
MandatoryInputs: are equal
Outputs: are equal
INFO: Elapsed time: 540.207s, Critical Path: 62.13s
INFO: 1599 processes: 26 action cache hit, 1079 internal, 520 processwrapper-sandbox.
ERROR: Build did NOT complete successfully
