$TEST_TMPDIR defined, some defaults will be overridden
OpenJDK 64-Bit Server VM warning: Options -Xverify:none and -noverify were deprecated in JDK 13 and will likely be removed in a future release.
WARNING: The following configs were expanded more than once: [linux_x64_gcc_15]. For repeatable flags, repeats are counted twice and may lead to unexpected behavior.
Computing main repo mapping: 
WARNING: The following configs were expanded more than once: [linux_x64_gcc_15]. For repeatable flags, repeats are counted twice and may lead to unexpected behavior.
Computing main repo mapping: 
Computing main repo mapping: 
Computing main repo mapping: 
Computing main repo mapping: 
Computing main repo mapping: 
Loading: 
Loading: 5 packages loaded
Analyzing: target //score/mw/com/test/basic_rust_api/all_services_stream/integration_test:test_com_api_all_services_stream (6 packages loaded, 0 targets configured)
Analyzing: target //score/mw/com/test/basic_rust_api/all_services_stream/integration_test:test_com_api_all_services_stream (6 packages loaded, 0 targets configured)

Analyzing: target //score/mw/com/test/basic_rust_api/all_services_stream/integration_test:test_com_api_all_services_stream (103 packages loaded, 22 targets configured)

WARNING: /media/jefferson/11c42dee-73a3-4c2b-ab42-a0440011d9e0/.s-core-build/runs/communication-complete-3c7jhdey/workspaces/integrated/MODULE.bazel:196:20: The module extension apt defined in @rules_distroless//apt:extensions.bzl reported incorrect imports of repositories via use_repo():

Imported, but reported as indirect dependencies by the extension:
    ubuntu24_04_sysroot_resolve

Fix the use_repo calls by running 'bazel mod tidy'.
Analyzing: target //score/mw/com/test/basic_rust_api/all_services_stream/integration_test:test_com_api_all_services_stream (388 packages loaded, 10926 targets configured)

Analyzing: target //score/mw/com/test/basic_rust_api/all_services_stream/integration_test:test_com_api_all_services_stream (498 packages loaded, 17374 targets configured)

INFO: Analyzed target //score/mw/com/test/basic_rust_api/all_services_stream/integration_test:test_com_api_all_services_stream (545 packages loaded, 18466 targets configured).
[32 / 703] checking cached actions
[1,475 / 1,476] [Prepa] Testing //score/mw/com/test/basic_rust_api/all_services_stream/integration_test:test_com_api_all_services_stream
[1,475 / 1,476] Testing //score/mw/com/test/basic_rust_api/all_services_stream/integration_test:test_com_api_all_services_stream; 1s linux-sandbox
[1,475 / 1,476] Testing //score/mw/com/test/basic_rust_api/all_services_stream/integration_test:test_com_api_all_services_stream; 10s linux-sandbox
[1,475 / 1,476] 1 / 1 tests; Testing //score/mw/com/test/basic_rust_api/all_services_stream/integration_test:test_com_api_all_services_stream; 18s linux-sandbox
INFO: Found 1 test target...
Target //score/mw/com/test/basic_rust_api/all_services_stream/integration_test:test_com_api_all_services_stream up-to-date:
  bazel-bin/score/mw/com/test/basic_rust_api/all_services_stream/integration_test/test_com_api_all_services_stream
INFO: Elapsed time: 31.563s, Critical Path: 18.66s
INFO: 2 processes: 1491 action cache hit, 1 internal, 1 linux-sandbox.
INFO: Build completed successfully, 2 total actions
INFO: 
//score/mw/com/test/basic_rust_api/all_services_stream/integration_test:test_com_api_all_services_stream PASSED in 18.0s

Executed 1 out of 1 test: 1 test passes.
There were tests whose specified size is too big. Use the --test_verbose_timeout_warnings command line option to see which ones these are.
INFO: Build Event Protocol files produced successfully.
