OpenJDK 64-Bit Server VM warning: Options -Xverify:none and -noverify were deprecated in JDK 13 and will likely be removed in a future release.
Computing main repo mapping: 
Computing main repo mapping: 
Computing main repo mapping: 
Computing main repo mapping: 
Computing main repo mapping: 
Computing main repo mapping: 
Computing main repo mapping: 
Computing main repo mapping: 
Loading: 
Loading: 5 packages loaded
Analyzing: target //quality/static_analysis:codeql_lint (6 packages loaded, 0 targets configured)
Analyzing: target //quality/static_analysis:codeql_lint (6 packages loaded, 0 targets configured)

Analyzing: target //quality/static_analysis:codeql_lint (37 packages loaded, 10 targets configured)

Analyzing: target //quality/static_analysis:codeql_lint (100 packages loaded, 10 targets configured)

Analyzing: target //quality/static_analysis:codeql_lint (160 packages loaded, 3159 targets configured)

Analyzing: target //quality/static_analysis:codeql_lint (171 packages loaded, 10677 targets configured)

Analyzing: target //quality/static_analysis:codeql_lint (171 packages loaded, 11237 targets configured)

Analyzing: target //quality/static_analysis:codeql_lint (182 packages loaded, 15586 targets configured)

Analyzing: target //quality/static_analysis:codeql_lint (182 packages loaded, 17654 targets configured)

Analyzing: target //quality/static_analysis:codeql_lint (182 packages loaded, 17654 targets configured)

Analyzing: target //quality/static_analysis:codeql_lint (192 packages loaded, 17764 targets configured)

Analyzing: target //quality/static_analysis:codeql_lint (192 packages loaded, 17764 targets configured)

Analyzing: target //quality/static_analysis:codeql_lint (198 packages loaded, 17895 targets configured)

Analyzing: target //quality/static_analysis:codeql_lint (198 packages loaded, 17895 targets configured)

Analyzing: target //quality/static_analysis:codeql_lint (199 packages loaded, 17909 targets configured)

Analyzing: target //quality/static_analysis:codeql_lint (199 packages loaded, 17909 targets configured)

Analyzing: target //quality/static_analysis:codeql_lint (200 packages loaded, 17909 targets configured)

Analyzing: target //quality/static_analysis:codeql_lint (200 packages loaded, 25530 targets configured)

INFO: Analyzed target //quality/static_analysis:codeql_lint (201 packages loaded, 50716 targets configured).
[1 / 1] no actions running
[27 / 29] [Prepa] Creating source manifest for //quality/static_analysis:codeql_lint
[28 / 29] Creating runfiles tree bazel-out/k8-fastbuild/bin/quality/static_analysis/codeql_lint.runfiles; 0s local
INFO: Found 1 target...
Target //quality/static_analysis:codeql_lint up-to-date:
  bazel-bin/quality/static_analysis/codeql_lint
[29 / 29] no actions running
INFO: Elapsed time: 47.673s, Critical Path: 6.91s
INFO: 29 processes: 29 internal.
INFO: Build completed successfully, 29 total actions
INFO: Running command line: bazel-bin/quality/static_analysis/codeql_lint '--codeql_path=../+_repo_rules4+codeql_bundle/codeql_cli' '--config_path=quality/static_analysis/config.yaml' '--analysis_report_path=../+_repo_rules4+codeql_coding_standards/analysis_report' '--guideline_recategorize_path=../+_repo_rules4+codeql_coding_standards/guideline_recategorize' <args omitted>
Calculating baseline information in /media/jefferson/11c42dee-73a3-4c2b-ab42-a0440011d9e0/.s-core-build/runs/score-communication-bug-recovery-fw8j963z/baseline-check
Running command in /media/jefferson/11c42dee-73a3-4c2b-ab42-a0440011d9e0/.s-core-build/runs/score-communication-bug-recovery-fw8j963z/baseline-check: [/media/jefferson/11c42dee-73a3-4c2b-ab42-a0440011d9e0/.s-core-build/runs/score-communication-bug-recovery-fw8j963z/bazel-output/0ee02474a779b83b3b0b23a41897ed42/external/+_repo_rules4+codeql_bundle/codeql/javascript/tools/configure-baseline.sh]
Calculated baseline information for languages: cpp, javascript, python (276ms).
Resolving extractor cpp.
Successfully loaded extractor C/C++ (cpp) from /media/jefferson/11c42dee-73a3-4c2b-ab42-a0440011d9e0/.s-core-build/runs/score-communication-bug-recovery-fw8j963z/bazel-output/0ee02474a779b83b3b0b23a41897ed42/external/+_repo_rules4+codeql_bundle/codeql/cpp.
Created skeleton CodeQL database at /media/jefferson/11c42dee-73a3-4c2b-ab42-a0440011d9e0/.s-core-build/runs/score-communication-bug-recovery-fw8j963z/codeql-baseline/nightly. This in-progress database is ready to be populated by an extractor.
Another command holds the output base lock: 
pid=1
owner=client
cwd=/media/jefferson/11c42dee-73a3-4c2b-ab42-a0440011d9e0/.s-core-build/runs/score-communication-bug-recovery-fw8j963z/baseline-check

Waiting for it to complete...
