$TEST_TMPDIR defined, some defaults will be overridden
WARNING: Duplicate rc file: /media/jefferson/11c42dee-73a3-4c2b-ab42-a0440011d9e0/.s-core-build/runs/score-rust-issue-queue-ycbvxir7/workspaces/1264/quality/static_analysis/static_analysis.bazelrc is read multiple times, it is a standard rc file location but must have been unnecessarily imported earlier.
OpenJDK 64-Bit Server VM warning: Options -Xverify:none and -noverify were deprecated in JDK 13 and will likely be removed in a future release.
WARNING: The following configs were expanded more than once: [linux_x64_gcc_15]. For repeatable flags, repeats are counted twice and may lead to unexpected behavior.
Computing main repo mapping: 
Computing main repo mapping: 
WARNING: The following configs were expanded more than once: [linux_x64_gcc_15]. For repeatable flags, repeats are counted twice and may lead to unexpected behavior.
Computing main repo mapping: 
Computing main repo mapping: 
Computing main repo mapping: 
Computing main repo mapping: 
Computing main repo mapping: 
Computing main repo mapping: 
Loading: 
Loading: 5 packages loaded
Analyzing: 3 targets (8 packages loaded, 0 targets configured)
Analyzing: 3 targets (8 packages loaded, 0 targets configured)

Analyzing: 3 targets (107 packages loaded, 34 targets configured)

WARNING: /media/jefferson/11c42dee-73a3-4c2b-ab42-a0440011d9e0/.s-core-build/runs/score-rust-issue-queue-ycbvxir7/workspaces/1264/MODULE.bazel:196:20: The module extension apt defined in @rules_distroless//apt:extensions.bzl reported incorrect imports of repositories via use_repo():

Imported, but reported as indirect dependencies by the extension:
    ubuntu24_04_sysroot_resolve

Fix the use_repo calls by running 'bazel mod tidy'.
Analyzing: 3 targets (221 packages loaded, 5634 targets configured)

Analyzing: 3 targets (416 packages loaded, 11785 targets configured)

Analyzing: 3 targets (469 packages loaded, 13981 targets configured)

Analyzing: 3 targets (521 packages loaded, 16407 targets configured)

Analyzing: 3 targets (521 packages loaded, 16407 targets configured)
[10 / 458] checking cached actions
Analyzing: 3 targets (523 packages loaded, 16637 targets configured)
[10 / 520] checking cached actions
Analyzing: 3 targets (523 packages loaded, 16637 targets configured)
[56 / 1,258] checking cached actions
Analyzing: 3 targets (537 packages loaded, 18572 targets configured)
[68 / 1,258] checking cached actions
Analyzing: 3 targets (537 packages loaded, 18572 targets configured)
[131 / 1,258] [Prepa] Creating symlink to ambiguous lib: bazel-out/k8-fastbuild/bin/score/mw/com/impl/libflag_owner.a
Analyzing: 3 targets (537 packages loaded, 18572 targets configured)
[303 / 1,258] checking cached actions
Analyzing: 3 targets (537 packages loaded, 18572 targets configured)
[571 / 1,258] [Prepa] Creating symlink to ambiguous lib: bazel-out/k8-fastbuild/bin/external/score_baselibs+/score/os/utils/acl/libacl.a
Analyzing: 3 targets (537 packages loaded, 18572 targets configured)
[898 / 1,258] [Prepa] Creating symlink to ambiguous lib: bazel-out/k8-fastbuild/bin/external/score_baselibs+/score/concurrency/libdelayed_task.a
Analyzing: 3 targets (551 packages loaded, 18784 targets configured)
[1,083 / 1,258] [Prepa] Creating symlink to ambiguous lib: bazel-out/k8-fastbuild/bin/score/mw/com/mocking/libi_runtime.a
Analyzing: 3 targets (551 packages loaded, 18784 targets configured)
[1,150 / 1,258] Compiling score/mw/com/example/com-api-example/com-api-gen/vehicle_gen.cpp; 1s linux-sandbox
Analyzing: 3 targets (565 packages loaded, 19494 targets configured)
[1,216 / 1,258] Compiling score/mw/com/example/com-api-example/com-api-gen/vehicle_gen.cpp; 2s linux-sandbox ... (2 actions running)
Analyzing: 3 targets (570 packages loaded, 19582 targets configured)
[1,216 / 1,258] Compiling score/mw/com/example/com-api-example/com-api-gen/vehicle_gen.cpp; 4s linux-sandbox ... (2 actions running)
INFO: Analyzed 3 targets (571 packages loaded, 19612 targets configured).
[1,216 / 1,258] Compiling score/mw/com/example/com-api-example/com-api-gen/vehicle_gen.cpp; 5s linux-sandbox ... (2 actions running)
[1,229 / 1,258] Compiling score/mw/com/example/com-api-example/com-api-gen/vehicle_gen.cpp; 6s linux-sandbox ... (2 actions, 1 running)
[1,231 / 1,258] Compiling score/mw/com/example/com-api-example/com-api-gen/vehicle_gen.cpp; 7s linux-sandbox ... (2 actions, 1 running)
INFO: From Compiling score/mw/com/example/com-api-example/com-api-gen/vehicle_gen.cpp:
In file included from ./score/mw/com/impl/instance_identifier.h:16,
                 from ./score/mw/com/impl/handle_type.h:18,
                 from ./score/mw/com/impl/proxy_base.h:18,
                 from ./score/mw/com/impl/generic_proxy_event.h:18,
                 from ./score/mw/com/impl/generic_proxy.h:18,
                 from ./score/mw/com/types.h:24,
                 from score/mw/com/example/com-api-example/com-api-gen/vehicle_gen.h:17,
                 from score/mw/com/example/com-api-example/com-api-gen/vehicle_gen.cpp:14:
./score/mw/com/impl/com_error.h: In member function 'virtual std::string_view score::mw::com::impl::ComErrorDomain::MessageFor(const score::result::ErrorCode&) const':
./score/mw/com/impl/com_error.h:186:65: warning: 'score::mw::com::impl::ComErrc::kServiceInstanceAlreadyOffered' is deprecated: Value has never been used. Calls to OfferService shall be idempotent. [-Wdeprecated-declarations]
  186 |             case static_cast<score::result::ErrorCode>(ComErrc::kServiceInstanceAlreadyOffered):
      |                                                                 ^~~~~~~~~~~~~~~~~~~~~~~~~~~~~~
./score/mw/com/impl/com_error.h:57:5: note: declared here
   57 |     kServiceInstanceAlreadyOffered
      |     ^~~~~~~~~~~~~~~~~~~~~~~~~~~~~~
[1,234 / 1,258] Compiling score/mw/com/rust/score_com_cpp_bridge/register_interface.cpp; 1s linux-sandbox ... (2 actions running)
INFO: From Compiling score/mw/com/rust/score_com_cpp_bridge/register_interface.cpp:
In file included from ./score/mw/com/impl/instance_identifier.h:16,
                 from ./score/mw/com/impl/handle_type.h:18,
                 from ./score/mw/com/impl/proxy_base.h:18,
                 from ./score/mw/com/impl/rust/com-api/com-api-ffi-lola/registry_bridge_macro.h:68,
                 from ./score/mw/com/rust/score_com_cpp_bridge/register_interface.h:45,
                 from score/mw/com/rust/score_com_cpp_bridge/register_interface.cpp:14:
./score/mw/com/impl/com_error.h: In member function 'virtual std::string_view score::mw::com::impl::ComErrorDomain::MessageFor(const score::result::ErrorCode&) const':
./score/mw/com/impl/com_error.h:186:65: warning: 'score::mw::com::impl::ComErrc::kServiceInstanceAlreadyOffered' is deprecated: Value has never been used. Calls to OfferService shall be idempotent. [-Wdeprecated-declarations]
  186 |             case static_cast<score::result::ErrorCode>(ComErrc::kServiceInstanceAlreadyOffered):
      |                                                                 ^~~~~~~~~~~~~~~~~~~~~~~~~~~~~~
./score/mw/com/impl/com_error.h:57:5: note: declared here
   57 |     kServiceInstanceAlreadyOffered
      |     ^~~~~~~~~~~~~~~~~~~~~~~~~~~~~~
[1,235 / 1,258] Compiling Rust rlib tokio v1.53.2 (555 files); 3s linux-sandbox ... (2 actions, 1 running)
[1,343 / 1,500] Compiling Rust rlib tokio v1.53.2 (555 files); 4s linux-sandbox ... (2 actions running)
[1,407 / 1,587] Compiling Rust bin com-api-example-tokio-integration-test (1 file); 1s linux-sandbox ... (2 actions, 1 running)
[1,412 / 1,588] Compiling support/regex.c [for tool]; 0s linux-sandbox ... (2 actions running)
[1,418 / 1,588] Compiling support/regex.c [for tool]; 1s linux-sandbox ... (2 actions running)
[1,421 / 1,588] Compiling awkgram.c [for tool]; 0s linux-sandbox ... (2 actions, 1 running)
[1,425 / 1,588] Compiling awkgram.c [for tool]; 1s linux-sandbox ... (2 actions, 1 running)
[1,428 / 1,588] Compiling io.c [for tool]; 0s linux-sandbox ... (2 actions, 1 running)
[1,431 / 1,588] Compiling int_array.c [for tool]; 0s linux-sandbox ... (2 actions, 1 running)
[1,435 / 1,588] Compiling debug.c [for tool]; 1s linux-sandbox ... (2 actions running)
[1,437 / 1,588] Compiling builtin.c [for tool]; 0s linux-sandbox ... (2 actions running)
[1,438 / 1,588] Compiling eval.c [for tool]; 2s linux-sandbox
[1,439 / 1,588] Compiling score/mw/com/test/basic_rust_api/bigdata_com_api_gen.cpp; 1s linux-sandbox ... (2 actions, 1 running)
[1,442 / 1,588] Compiling score/mw/com/test/basic_rust_api/bigdata_com_api_gen.cpp; 2s linux-sandbox ... (2 actions running)
[1,444 / 1,588] Compiling score/mw/com/test/basic_rust_api/bigdata_com_api_gen.cpp; 4s linux-sandbox ... (2 actions, 1 running)
[1,454 / 1,588] Compiling score/mw/com/test/basic_rust_api/bigdata_com_api_gen.cpp; 5s linux-sandbox ... (2 actions, 1 running)
[1,475 / 1,588] Compiling score/mw/com/test/basic_rust_api/bigdata_com_api_gen.cpp; 6s linux-sandbox ... (2 actions, 1 running)
[1,478 / 1,588] Compiling score/mw/com/test/basic_rust_api/bigdata_com_api_gen.cpp; 7s linux-sandbox ... (2 actions, 1 running)
[1,487 / 1,588] Compiling score/mw/com/test/basic_rust_api/bigdata_com_api_gen.cpp; 8s linux-sandbox ... (2 actions, 1 running)
[1,500 / 1,588] Compiling score/mw/com/test/basic_rust_api/bigdata_com_api_gen.cpp; 9s linux-sandbox ... (2 actions, 1 running)
INFO: From Compiling score/mw/com/test/basic_rust_api/bigdata_com_api_gen.cpp:
In file included from ./score/mw/com/impl/instance_identifier.h:16,
                 from ./score/mw/com/impl/handle_type.h:18,
                 from ./score/mw/com/impl/proxy_base.h:18,
                 from ./score/mw/com/impl/generic_proxy_event.h:18,
                 from ./score/mw/com/impl/generic_proxy.h:18,
                 from ./score/mw/com/types.h:24,
                 from ./score/mw/com/test/common_test_resources/big_datatype.h:20,
                 from ./score/mw/com/test/basic_rust_api/bigdata_com_api_gen.h:19,
                 from score/mw/com/test/basic_rust_api/bigdata_com_api_gen.cpp:14:
./score/mw/com/impl/com_error.h: In member function 'virtual std::string_view score::mw::com::impl::ComErrorDomain::MessageFor(const score::result::ErrorCode&) const':
./score/mw/com/impl/com_error.h:186:65: warning: 'score::mw::com::impl::ComErrc::kServiceInstanceAlreadyOffered' is deprecated: Value has never been used. Calls to OfferService shall be idempotent. [-Wdeprecated-declarations]
  186 |             case static_cast<score::result::ErrorCode>(ComErrc::kServiceInstanceAlreadyOffered):
      |                                                                 ^~~~~~~~~~~~~~~~~~~~~~~~~~~~~~
./score/mw/com/impl/com_error.h:57:5: note: declared here
   57 |     kServiceInstanceAlreadyOffered
      |     ^~~~~~~~~~~~~~~~~~~~~~~~~~~~~~
[1,516 / 1,588] Compiling score/mw/com/test/common_test_resources/big_datatype.cpp; 0s linux-sandbox ... (2 actions, 1 running)
[1,533 / 1,588] Compiling score/mw/com/test/common_test_resources/big_datatype.cpp; 1s linux-sandbox ... (2 actions running)
[1,539 / 1,588] Compiling score/mw/com/test/common_test_resources/big_datatype.cpp; 2s linux-sandbox ... (2 actions, 1 running)
INFO: From Compiling score/mw/com/test/common_test_resources/big_datatype.cpp:
In file included from ./score/mw/com/impl/instance_identifier.h:16,
                 from ./score/mw/com/impl/handle_type.h:18,
                 from ./score/mw/com/impl/proxy_base.h:18,
                 from ./score/mw/com/impl/generic_proxy_event.h:18,
                 from ./score/mw/com/impl/generic_proxy.h:18,
                 from ./score/mw/com/types.h:24,
                 from ./score/mw/com/test/common_test_resources/big_datatype.h:20,
                 from score/mw/com/test/common_test_resources/big_datatype.cpp:14:
./score/mw/com/impl/com_error.h: In member function 'virtual std::string_view score::mw::com::impl::ComErrorDomain::MessageFor(const score::result::ErrorCode&) const':
./score/mw/com/impl/com_error.h:186:65: warning: 'score::mw::com::impl::ComErrc::kServiceInstanceAlreadyOffered' is deprecated: Value has never been used. Calls to OfferService shall be idempotent. [-Wdeprecated-declarations]
  186 |             case static_cast<score::result::ErrorCode>(ComErrc::kServiceInstanceAlreadyOffered):
      |                                                                 ^~~~~~~~~~~~~~~~~~~~~~~~~~~~~~
./score/mw/com/impl/com_error.h:57:5: note: declared here
   57 |     kServiceInstanceAlreadyOffered
      |     ^~~~~~~~~~~~~~~~~~~~~~~~~~~~~~
INFO: From Compiling score/mw/com/com_error_domain.cpp:
In file included from ./score/mw/com/com_error_domain.h:16,
                 from score/mw/com/com_error_domain.cpp:13:
./score/mw/com/impl/com_error.h: In member function 'virtual std::string_view score::mw::com::impl::ComErrorDomain::MessageFor(const score::result::ErrorCode&) const':
./score/mw/com/impl/com_error.h:186:65: warning: 'score::mw::com::impl::ComErrc::kServiceInstanceAlreadyOffered' is deprecated: Value has never been used. Calls to OfferService shall be idempotent. [-Wdeprecated-declarations]
  186 |             case static_cast<score::result::ErrorCode>(ComErrc::kServiceInstanceAlreadyOffered):
      |                                                                 ^~~~~~~~~~~~~~~~~~~~~~~~~~~~~~
./score/mw/com/impl/com_error.h:57:5: note: declared here
   57 |     kServiceInstanceAlreadyOffered
      |     ^~~~~~~~~~~~~~~~~~~~~~~~~~~~~~
[1,575 / 1,588] Testing //score/mw/com/example/com-api-example:com-api-example-tokio-integration-test; 0s linux-sandbox ... (2 actions, 1 running)
[1,576 / 1,588] Testing //score/mw/com/example/com-api-example:com-api-example-tokio-integration-test; 2s linux-sandbox ... (2 actions running)
[1,577 / 1,588] Testing //score/mw/com/example/com-api-example:com-api-example-tokio-integration-test; 5s linux-sandbox ... (2 actions, 1 running)
[1,578 / 1,588] 1 / 3 tests; Compiling Rust bin bigdata-consumer (1 file); 1s linux-sandbox ... (2 actions running)
[1,579 / 1,588] 1 / 3 tests; Compiling Rust bin bigdata-consumer (1 file); 3s linux-sandbox ... (2 actions, 1 running)
[1,584 / 1,588] 1 / 3 tests; OCI Image //score/mw/com/test/basic_rust_api/consumer_async_apis/integration_test:_image_test_com_api_async; 0s linux-sandbox ... (2 actions running)
[1,585 / 1,588] 1 / 3 tests; OCI Image //score/mw/com/test/basic_rust_api/consumer_sync_apis/integration_test:_image_test_com_api_sync; 1s linux-sandbox ... (2 actions, 1 running)
[1,588 / 1,590] 1 / 3 tests; Testing //score/mw/com/test/basic_rust_api/consumer_async_apis/integration_test:test_com_api_async; 1s linux-sandbox ... (2 actions, 1 running)
[1,588 / 1,590] 1 / 3 tests; Testing //score/mw/com/test/basic_rust_api/consumer_async_apis/integration_test:test_com_api_async; 11s linux-sandbox ... (2 actions, 1 running)
[1,588 / 1,590] 1 / 3 tests; Testing //score/mw/com/test/basic_rust_api/consumer_async_apis/integration_test:test_com_api_async; 23s linux-sandbox ... (2 actions running)
[1,589 / 1,590] 2 / 3 tests; Testing //score/mw/com/test/basic_rust_api/consumer_sync_apis/integration_test:test_com_api_sync; 1s linux-sandbox
[1,589 / 1,590] 2 / 3 tests; Testing //score/mw/com/test/basic_rust_api/consumer_sync_apis/integration_test:test_com_api_sync; 11s linux-sandbox
[1,589 / 1,590] 3 / 3 tests; Testing //score/mw/com/test/basic_rust_api/consumer_sync_apis/integration_test:test_com_api_sync; 25s linux-sandbox
INFO: Found 3 test targets...
INFO: Elapsed time: 133.338s, Critical Path: 66.42s
INFO: 360 processes: 1244 action cache hit, 168 internal, 192 linux-sandbox.
INFO: Build completed successfully, 360 total actions
INFO: 
//score/mw/com/example/com-api-example:com-api-example-tokio-integration-test PASSED in 6.1s
//score/mw/com/test/basic_rust_api/consumer_async_apis/integration_test:test_com_api_async PASSED in 23.8s
//score/mw/com/test/basic_rust_api/consumer_sync_apis/integration_test:test_com_api_sync PASSED in 25.7s

Executed 3 out of 3 tests: 3 tests pass.
There were tests whose specified size is too big. Use the --test_verbose_timeout_warnings command line option to see which ones these are.
INFO: Build Event Protocol files produced successfully.
