$TEST_TMPDIR defined, some defaults will be overridden
WARNING: Duplicate rc file: /media/jefferson/11c42dee-73a3-4c2b-ab42-a0440011d9e0/.s-core-build/runs/score-rust-issue-queue-ycbvxir7/workspaces/1264/quality/static_analysis/static_analysis.bazelrc is read multiple times, it is a standard rc file location but must have been unnecessarily imported earlier.
OpenJDK 64-Bit Server VM warning: Options -Xverify:none and -noverify were deprecated in JDK 13 and will likely be removed in a future release.
WARNING: The following configs were expanded more than once: [linux_x64_gcc_15]. For repeatable flags, repeats are counted twice and may lead to unexpected behavior.
Computing main repo mapping: 
Computing main repo mapping: 
WARNING: The following configs were expanded more than once: [linux_x64_gcc_15]. For repeatable flags, repeats are counted twice and may lead to unexpected behavior.
Computing main repo mapping: 
Computing main repo mapping: 
Computing main repo mapping: 
Computing main repo mapping: 
Computing main repo mapping: 
Loading: 
Loading: 5 packages loaded
Analyzing: 3 targets (8 packages loaded, 0 targets configured)
Analyzing: 3 targets (8 packages loaded, 0 targets configured)

Analyzing: 3 targets (100 packages loaded, 9 targets configured)

Analyzing: 3 targets (244 packages loaded, 9385 targets configured)

Analyzing: 3 targets (379 packages loaded, 15335 targets configured)

INFO: Analyzed 3 targets (379 packages loaded, 15335 targets configured).
[41 / 178] checking cached actions
[221 / 319] [Prepa] ExtractCargoTomlEnvVars external/rules_rust++crate+crate_index__utf8parse-0.2.2/cargo_toml_env_vars.env
[299 / 319] Compiling Rust rlib bigdata_com_api_gen_rs (1 file); 0s linux-sandbox ... (2 actions, 1 running)
[311 / 319] Compiling Rust rlib heck v0.5.0 (9 files) [for tool]; 0s linux-sandbox ... (2 actions, 1 running)
[315 / 319] Compiling Rust proc-macro clap_derive v4.6.7 (16 files) [for tool]; 1s linux-sandbox ... (2 actions running)
[316 / 319] Compiling Rust proc-macro clap_derive v4.6.7 (16 files) [for tool]; 3s linux-sandbox
[317 / 319] [Prepa] Compiling Rust rlib clap v4.6.7 (85 files)
INFO: Found 3 targets...
INFO: Elapsed time: 27.512s, Critical Path: 7.87s
INFO: 30 processes: 303 action cache hit, 1 internal, 29 linux-sandbox.
INFO: Build completed successfully, 30 total actions
