$TEST_TMPDIR defined, some defaults will be overridden
WARNING: Duplicate rc file: /media/jefferson/11c42dee-73a3-4c2b-ab42-a0440011d9e0/.s-core-build/runs/score-rust-issue-queue-ycbvxir7/workspaces/1264/quality/static_analysis/static_analysis.bazelrc is read multiple times, it is a standard rc file location but must have been unnecessarily imported earlier.
OpenJDK 64-Bit Server VM warning: Options -Xverify:none and -noverify were deprecated in JDK 13 and will likely be removed in a future release.
WARNING: The following configs were expanded more than once: [linux_x64_gcc_15]. For repeatable flags, repeats are counted twice and may lead to unexpected behavior.
Computing main repo mapping: 
Computing main repo mapping: 
WARNING: The following configs were expanded more than once: [linux_x64_gcc_15]. For repeatable flags, repeats are counted twice and may lead to unexpected behavior.
Computing main repo mapping: 
Computing main repo mapping: 
Computing main repo mapping: 
Computing main repo mapping: 
Computing main repo mapping: 
Computing main repo mapping: 
Computing main repo mapping: 
Loading: 
Loading: 5 packages loaded
Analyzing: 2 targets (7 packages loaded, 0 targets configured)
Analyzing: 2 targets (7 packages loaded, 0 targets configured)

Analyzing: 2 targets (100 packages loaded, 27 targets configured)

Analyzing: 2 targets (255 packages loaded, 10723 targets configured)

Analyzing: 2 targets (363 packages loaded, 14924 targets configured)

INFO: Analyzed 2 targets (365 packages loaded, 14938 targets configured).
[54 / 297] [Prepa] Writing repo mapping manifest for //score/mw/com/impl/rust/com-api/com-api-runtime-lola:com-api-runtime-lola-doc-tests
[149 / 303] [Prepa] Compiling Rust rlib runfiles (1 file) [for tool]
[300 / 303] Compiling Rust bin rustdoc_test_writer (1 file) [for tool]; 0s linux-sandbox
INFO: Found 2 targets...
INFO: Elapsed time: 19.418s, Critical Path: 2.08s
INFO: 14 processes: 303 action cache hit, 10 internal, 4 linux-sandbox.
INFO: Build completed successfully, 14 total actions
