2026-09-25 15:51:08.742724 [warning] Reliability type for event [4300.0001.8001] was not configured Using : RT_UNRELIABLE
2026-09-25 15:51:08.742809 [info] Using configuration file: "/opt/sdv/etc/vsomeip_cruise_ecu.json".
2026-09-25 15:51:08.742813 [info] Parsed vsomeip configuration in 0ms
2026-09-25 15:51:08.742818 [info] Configuration module loaded.
2026-09-25 15:51:08.742821 [info] Security disabled!
2026-09-25 15:51:08.742823 [info] Initializing vsomeip (3.6.1) application "cruise_ecu".
2026-09-25 15:51:08.742910 [warning] is_routing_manager: Lock file "/tmp/sdv-cruise-ecu.lck" is locked. error: 0 (Success)
2026-09-25 15:51:08.742919 [info] Instantiating routing manager [Host].
2026-09-25 15:51:08.742964 [info] Starting Routing Manager [Host] with state RS_UNKNOWN
2026-09-25 15:51:08.742975 [info] create_routing_root: Routing root @ /tmp/sdv-cruise-ecu-0
2026-09-25 15:51:08.743012 [info] Service Discovery enabled. Trying to load module.
2026-09-25 15:51:08.743023 [info] Service Discovery module loaded.
2026-09-25 15:51:08.743040 [info] Service Discovery Stop Offer watchdog enabled.
2026-09-25 15:51:08.743045 [info] vsomeip tracing not enabled. vsomeip service discovery tracing not enabled.
2026-09-25 15:51:08.743047 [info] Application(cruise_ecu, 0200) is initialized (11, 100).
2026-09-25 15:51:08.743093 [warning] Attempt to update the undefined event/field [4300.1.8001]
2026-09-25 15:51:08.743108 [info] Starting vsomeip application "cruise_ecu" (0200) using 2 threads I/O nice 0
2026-09-25 15:51:08.743154 [info] Client [0200] routes unicast:172.28.0.3, netmask:255.255.255.0
2026-09-25 15:51:08.743168 [info] Started thread 0200_m_dispatch, application 'cruise_ecu', id 739d00ddc6c0, tid 12
2026-09-25 15:51:08.743176 [info] Started thread 0200_shutdown, application 'cruise_ecu', id 739cfbfff6c0, tid 13
[cruise_ecu] 0x4301 inject_fault service gone
2026-09-25 15:51:08.743182 [info] netlink: from 0 to 1, if=0, mc=0, count=0
2026-09-25 15:51:08.743261 [info] create_local_server: Listening @ /tmp/sdv-cruise-ecu-200
2026-09-25 15:51:08.743290 [info] Watchdog is disabled!
2026-09-25 15:51:08.743302 [info] offer_event: Event [4300.0001.8001] uses configured cycle time 0ms
2026-09-25 15:51:08.743315 [info] Started thread 0200_io00, application 'cruise_ecu', id 739d015dd6c0, tid 11
2026-09-25 15:51:08.743318 [info] REGISTER EVENT(0200): [4300.0001.8001:is_provider=true]
2026-09-25 15:51:08.743325 [info] netlink: from 1 to 2, if=2, mc=0, count=0
2026-09-25 15:51:08.743327 [info] Started thread 0200_io01, application 'cruise_ecu', id 739cfaffd6c0, tid 15
2026-09-25 15:51:08.743329 [info] rmi::offer_service: added service 0x4300 to pending_sd_offers_.size = 1
2026-09-25 15:51:08.743340 [info] OFFER(0200): [4300.0001:1.0] (true)
2026-09-25 15:51:08.743342 [info] vSomeIP 3.6.1 | (default)
2026-09-25 15:51:08.743344 [info] REGISTER EVENT(0200): [4301.0001.8001:is_provider=false]
2026-09-25 15:51:08.743349 [info] REQUEST(0200): [4301.0001:1.4294967295]
2026-09-25 15:51:08.743351 [info] netlink: from 2 to 3, if=2, mc=0, count=1
[cruise_ecu] registered: offering 0x4300 cruise_status, requesting 0x4301 inject_fault
2026-09-25 15:51:08.743368 [warning] Network interface "eth0" state changed: up
2026-09-25 15:51:08.743380 [info] netlink: from 3 to 4, if=2, mc=1, count=1
2026-09-25 15:51:08.743386 [warning] Route "eth0" state changed: up
2026-09-25 15:51:08.743398 [info] usei#1::udp_server_endpoint_impl
