[bigdata-producer] Starting bigdata test with num_cycles=30
mw::log initialization error: Error No logging configuration files could be found. occurred with context information: Failed to load configuration files. Fallback to console logging.
warn: logger not initialized
[bigdata-producer] Service offered, starting send loop
[bigdata-producer] Sent sample x=1
[bigdata-producer] Sent sample x=2
[bigdata-producer] Sent sample x=3
[bigdata-producer] Sent sample x=4
[bigdata-producer] Sent sample x=5
[bigdata-producer] Sent sample x=6
[bigdata-producer] Sent sample x=7
[bigdata-producer] Sent sample x=8
[bigdata-producer] Sent sample x=9
[bigdata-producer] Sent sample x=10
[bigdata-producer] Sent sample x=11
[bigdata-producer] Sent sample x=12
[bigdata-producer] Sent sample x=13
[bigdata-producer] Sent sample x=14
[bigdata-producer] Sent sample x=15
[bigdata-producer] Sent sample x=16
[bigdata-producer] Sent sample x=17
[bigdata-producer] Sent sample x=18
[bigdata-producer] Sent sample x=19
[bigdata-producer] Sent sample x=20
[bigdata-producer] Sent sample x=21
[bigdata-producer] Sent sample x=22
[bigdata-producer] Sent sample x=23
[bigdata-producer] Sent sample x=24
[bigdata-producer] Sent sample x=25
[bigdata-producer] Sent sample x=26
[bigdata-producer] Sent sample x=27
[bigdata-producer] Sent sample x=28
[bigdata-producer] Sent sample x=29
