mw::log initialization error: Error No logging configuration files could be found. occurred with context information: Failed to load configuration files. Fallback to console logging.
2026-09-25 15:05:18.895891 [info] Parsed vsomeip configuration in 0ms
2026-09-25 15:05:18.895923 [info] Configuration module loaded.
2026-09-25 15:05:18.895926 [info] Security disabled!
2026-09-25 15:05:18.895928 [info] Initializing vsomeip (3.6.1) application "someipd".
2026-09-25 15:05:18.895951 [warning] is_routing_manager: Lock file "/tmp/vsomeip.lck" is locked. error: 2 (No such file or directory)
2026-09-25 15:05:18.895955 [info] Instantiating routing manager [Host].
2026-09-25 15:05:18.895984 [info] Starting Routing Manager [Host] with state RS_UNKNOWN
2026-09-25 15:05:18.895993 [info] create_routing_root: Routing root @ /tmp/vsomeip-0
2026-09-25 15:05:18.896021 [info] Service Discovery enabled. Trying to load module.
2026-09-25 15:05:18.896029 [info] Service Discovery module loaded.
2026-09-25 15:05:18.896045 [info] Service Discovery Stop Offer watchdog enabled.
2026-09-25 15:05:18.896047 [info] vsomeip tracing not enabled. vsomeip service discovery tracing not enabled.
2026-09-25 15:05:18.896048 [info] Application(someipd, 0100) is initialized (11, 100).
2026-09-25 15:05:18.896258 [info] Starting vsomeip application "someipd" (0100) using 2 threads I/O nice 0
2026-09-25 15:05:18.896311 [info] Client [0100] routes unicast:127.0.0.1, netmask:255.255.255.0
2026-09-25 15:05:18.896333 [info] netlink: from 0 to 1, if=0, mc=0, count=0
2026-09-25 15:05:18.896381 [info] Started thread 0100_shutdown, application 'someipd', id 7970ab7fe6c0, tid 315498
2026-09-25 15:05:18.896390 [info] create_local_server: Listening @ /tmp/vsomeip-100
2026-09-25 15:05:18.896407 [info] Started thread 0100_m_dispatch, application 'someipd', id 7970abfff6c0, tid 315497
2026-09-25 15:05:18.896418 [info] Watchdog is disabled!
2026-09-25 15:05:18.896440 [info] Started thread 0100_io00, application 'someipd', id 7970b09fd6c0, tid 315496
2026-09-25 15:05:18.896437 [info] offer_event: Event [0001.0001.0001] uses configured cycle time 0ms
2026-09-25 15:05:18.896448 [info] netlink: from 1 to 2, if=1, mc=0, count=0
2026-09-25 15:05:18.896458 [info] REGISTER EVENT(0100): [0001.0001.0001:is_provider=true]
2026-09-25 15:05:18.896467 [info] rmi::offer_service: added service 0x0001 to pending_sd_offers_.size = 1
2026-09-25 15:05:18.896473 [info] vSomeIP 3.6.1 | (default)
2026-09-25 15:05:18.896476 [info] OFFER(0100): [0001.0001:1.0] (true)
2026-09-25 15:05:18.896479 [info] offer_event: Event [1234.5678.0002] uses configured cycle time 0ms
2026-09-25 15:05:18.896481 [info] REGISTER EVENT(0100): [1234.5678.0002:is_provider=true]
2026-09-25 15:05:18.896483 [info] offer_event: Event [1234.5678.0003] uses configured cycle time 0ms
2026-09-25 15:05:18.896486 [info] REGISTER EVENT(0100): [1234.5678.0003:is_provider=true]
2026-09-25 15:05:18.896488 [info] offer_event: Event [1234.5678.0004] uses configured cycle time 0ms
2026-09-25 15:05:18.896490 [info] REGISTER EVENT(0100): [1234.5678.0004:is_provider=true]
2026-09-25 15:05:18.896491 [info] offer_event: Event [1234.5678.0005] uses configured cycle time 0ms
2026-09-25 15:05:18.896494 [info] REGISTER EVENT(0100): [1234.5678.0005:is_provider=true]
2026-09-25 15:05:18.896496 [info] offer_event: Event [1234.5678.0006] uses configured cycle time 0ms
2026-09-25 15:05:18.896498 [info] REGISTER EVENT(0100): [1234.5678.0006:is_provider=true]
2026-09-25 15:05:18.896499 [info] offer_event: Event [1234.5678.8778] uses configured cycle time 0ms
2026-09-25 15:05:18.896502 [info] REGISTER EVENT(0100): [1234.5678.8778:is_provider=true]
2026-09-25 15:05:18.896505 [info] rmi::offer_service: added service 0x1234 to pending_sd_offers_.size = 2
2026-09-25 15:05:18.896508 [info] OFFER(0100): [1234.5678:1.0] (true)
2026-09-25 15:05:18.896510 [info] REQUEST(0100): [4321.5678:255.4294967295]
2026-09-25 15:05:18.896511 [info] Started thread 0100_io01, application 'someipd', id 7970aa7fc6c0, tid 315500
2026-09-25 15:05:18.896522 [info] REGISTER EVENT(0100): [4321.5678.0002:is_provider=false]
2026-09-25 15:05:18.896523 [info] netlink: from 2 to 3, if=1, mc=0, count=1
2026-09-25 15:05:18.896533 [info] SUBSCRIBE(0100): [4321.5678.0002:ffff:1]
2026-09-25 15:05:18.896545 [info] REGISTER EVENT(0100): [4321.5678.0003:is_provider=false]
2026-09-25 15:05:18.896545 [info] rmi::log_network_state: UDP connections
2026-09-25 15:05:18.896547 [info] SUBSCRIBE(0100): [4321.5678.0003:ffff:1]
2026-09-25 15:05:18.896548 [info] idx, local_addr, remote_addr, state, tx_queue, rx_queue, timer_active, tm_when, retrnsmt, uid, unanswered
2026-09-25 15:05:18.896550 [info] REGISTER EVENT(0100): [4321.5678.0004:is_provider=false]
2026-09-25 15:05:18.896554 [info] SUBSCRIBE(0100): [4321.5678.0004:ffff:1]
2026-09-25 15:05:18.896553 [info] 4725: 0.0.0.0:44316 0.0.0.0:0 07 00000000:00000000 00:00000000 00000000 1000 0 55208 2
2026-09-25 15:05:18.896558 [warning] Network interface "lo" state changed: up
2026-09-25 15:05:18.896563 [info] 19096: 0.0.0.0:58687 0.0.0.0:0 07 00000000:00000000 00:00000000 00000000 1000 0 55211 2
2026-09-25 15:05:18.896560 [info] REGISTER EVENT(0100): [4321.5678.0005:is_provider=false]
2026-09-25 15:05:18.896566 [info] 25998: 127.0.0.54:53 0.0.0.0:0 07 00000000:00000000 00:00000000 00000000 989 0 13772 2
2026-09-25 15:05:18.896567 [info] SUBSCRIBE(0100): [4321.5678.0005:ffff:1]
2026-09-25 15:05:18.896568 [info] 25998: 127.0.0.53:53 0.0.0.0:0 07 00000000:00000000 00:00000000 00000000 989 0 13770 2
