$TEST_TMPDIR defined, some defaults will be overridden
OpenJDK 64-Bit Server VM warning: Options -Xverify:none and -noverify were deprecated in JDK 13 and will likely be removed in a future release.
INFO: Invocation ID: 1b39a0f9-bc31-4ba5-9a5a-9fd06ec0e1b3
Computing main repo mapping: 
Computing main repo mapping: 
Loading: 
Loading: 0 packages loaded
Loading: 0 packages loaded
    currently loading: 
Analyzing: target //:docs_check (1 packages loaded)
Analyzing: target //:docs_check (1 packages loaded)
Analyzing: target //:docs_check (1 packages loaded, 0 targets configured)
Analyzing: target //:docs_check (1 packages loaded, 0 targets configured)

Analyzing: target //:docs_check (79 packages loaded, 8 targets configured)

Analyzing: target //:docs_check (83 packages loaded, 49 targets configured)

Analyzing: target //:docs_check (127 packages loaded, 930 targets configured)

Analyzing: target //:docs_check (254 packages loaded, 2178 targets configured)

Analyzing: target //:docs_check (298 packages loaded, 8362 targets configured)

Analyzing: target //:docs_check (322 packages loaded, 21720 targets configured)

INFO: Analyzed target //:docs_check (347 packages loaded, 24966 targets configured).
[1 / 1] no actions running
INFO: Found 1 target...
Target //:docs_check up-to-date:
  bazel-bin/docs_check
  bazel-bin/docs_check.venv.pth
INFO: Elapsed time: 31.060s, Critical Path: 1.54s
INFO: 1 process: 151 action cache hit, 1 internal.
INFO: Build completed successfully, 1 total action
INFO: Running command line: bazel-bin/docs_check
Running Sphinx v9.1.0
loading translations [en]... done
Cleared default Sphinx-Needs types: {'spec', 'req', 'test', 'need', 'impl'}
score_mounts: added 0 data mount(s)
score_mounts: registered 0 mount(s)
loading pickled environment... The configuration has changed (4 options: 'html_static_path', 'needs_layouts', 'needs_render_context', 'needs_types')
done
myst v5.1.0: MdParserConfig(commonmark_only=False, gfm_only=False, enable_extensions={'colon_fence'}, disable_syntax=[], all_links_external=False, links_external_new_tab=False, url_schemes=('http', 'https', 'mailto', 'ftp'), ref_domains=None, fence_as_directive=set(), number_code_blocks=[], title_to_header=False, heading_anchors=4, heading_slug_func=<function make_id at 0x7ff5f5d55300>, html_meta={}, footnote_sort=True, footnote_transition=True, words_per_minute=200, substitutions={}, linkify_fuzzy_links=True, dmath_allow_labels=True, dmath_allow_space=True, dmath_allow_digits=True, dmath_double_inline=False, update_mathjax=True, mathjax_classes='tex2jax_process|mathjax_process|math|output_area', enable_checkboxes=False, strikethrough_single_tilde=False, colon_fence_exact_match=False, suppress_warnings=[], highlight_code_blocks=True)
building [mo]: targets for 0 po files that are out of date
writing output... 
building [needs]: targets for 0 source files that are out of date
updating environment: 1 added, 25 changed, 0 removed
Path 'needs.flow_configs.score_config' matches pattern 'needs_flow_configs.score_config' (prefix='!include ', suffix=None)
Relativizing embedded string path at 'needs.flow_configs.score_config': !include /media/jefferson/11c42dee-73a3-4c2b-ab42-a0440011d9e0/.s-core-build/runs/score-3115-review-14n7mwek/cache/score-base/execroot/_main/bazel-out/k8-fastbuild/bin/docs_check.runfiles/score_docs_as_code+/src/extensions/score_layout/assets/puml-theme-score.puml -> !include ../cache/score-base/external/score_docs_as_code+/src/extensions/score_layout/assets/puml-theme-score.puml
Path 'needs.external_needs[0].json_path' matches pattern 'needs_external_needs[*].json_path' (prefix=None, suffix=None)
Relativizing path at 'needs.external_needs[0].json_path': /media/jefferson/11c42dee-73a3-4c2b-ab42-a0440011d9e0/.s-core-build/runs/score-3115-review-14n7mwek/cache/score-base/execroot/_main/bazel-out/k8-fastbuild/bin/docs_check.runfiles/score_docs_as_code+/needs_json/_build/needs/needs.json -> bazel-bin/external/score_docs_as_code+/needs_json/_build/needs/needs.json
Path 'needs.external_needs[1].json_path' matches pattern 'needs_external_needs[*].json_path' (prefix=None, suffix=None)
Relativizing path at 'needs.external_needs[1].json_path': /media/jefferson/11c42dee-73a3-4c2b-ab42-a0440011d9e0/.s-core-build/runs/score-3115-review-14n7mwek/cache/score-base/execroot/_main/bazel-out/k8-fastbuild/bin/docs_check.runfiles/score_process_description+/needs_json/_build/needs/needs.json -> bazel-bin/external/score_process_description+/needs_json/_build/needs/needs.json
Merged TOML configuration from '/media/jefferson/11c42dee-73a3-4c2b-ab42-a0440011d9e0/.s-core-build/runs/score-3115-review-14n7mwek/cache/score-base/execroot/_main/bazel-out/k8-fastbuild/bin/docs_check.runfiles/score_docs_as_code+/src/extensions/score_sync_toml/shared.toml'
Needs configuration unchanged - not rewriting '/media/jefferson/11c42dee-73a3-4c2b-ab42-a0440011d9e0/.s-core-build/runs/score-3115-review-14n7mwek/score/ubproject.toml'
reading sources... [  4%] design_decisions/architecture/index
reading sources... [  8%] design_decisions/infrastructure/DR-010-infra
reading sources... [ 12%] design_decisions/infrastructure/index
reading sources... [ 15%] design_decisions/integration/index
reading sources... [ 19%] design_decisions/process/index
reading sources... [ 23%] design_decisions/strategy/index
reading sources... [ 27%] features/ai_platform/gen_ai/index
reading sources... [ 31%] features/ai_platform/index
reading sources... [ 35%] features/code_generation/index
reading sources... [ 38%] features/communication/index
reading sources... [ 42%] features/communication/ipc/index
reading sources... [ 46%] features/configuration/index
reading sources... [ 50%] features/diagnostics/index
reading sources... [ 54%] features/index
reading sources... [ 58%] features/lifecycle/index
reading sources... [ 62%] features/time/index
reading sources... [ 65%] modules/communication/docs/index
reading sources... [ 69%] modules/communication/index
reading sources... [ 73%] modules/feo/docs/index
reading sources... [ 77%] modules/feo/index
reading sources... [ 81%] modules/index
reading sources... [ 85%] modules/orchestrator/docs/index
reading sources... [ 88%] modules/orchestrator/index
reading sources... [ 92%] modules/os/index
reading sources... [ 96%] modules/tracing/index
reading sources... [100%] users_guide/project_basics/index

tests-report folder not found. Defaulting to `bazel-testlogs`. Searching for test.xml files in there
Found 0 test files in total. Parsing them now
Did not find any test.xml files. If you expected xml files to be found, please ensure that you have ran your tests and put all testfiles either in tests-reports or bazel-testlogs.
Saving 0 test case needs to the cache `score_testcaseneeds_cache.json` in _build/.
Saving 0 parsed testcases to the cache `score_xml_parser_cache.json` in _build/.
looking for now-outdated files... 20 found
pickling environment... done
checking consistency... done
Schema validation completed with 0 warning(s) in 3.364 seconds. Validated 674 needs/s.
Needs successfully exported
Traceability metrics written to: /media/jefferson/11c42dee-73a3-4c2b-ab42-a0440011d9e0/.s-core-build/runs/score-3115-review-14n7mwek/score/_build/metrics.json
build succeeded.
docs (check) finished in 47.2 seconds
