$TEST_TMPDIR defined, some defaults will be overridden
OpenJDK 64-Bit Server VM warning: Options -Xverify:none and -noverify were deprecated in JDK 13 and will likely be removed in a future release.
INFO: Invocation ID: 12f455c1-9c92-4e4f-9a1c-c27b9dae3e89
Computing main repo mapping: 
Computing main repo mapping: 
Loading: 
Loading: 0 packages loaded
Loading: 0 packages loaded
    currently loading: 
Loading: 0 packages loaded
    currently loading: 
Analyzing: target //:copyright-check (1 packages loaded)
Analyzing: target //:copyright-check (1 packages loaded)
Analyzing: target //:copyright-check (1 packages loaded, 0 targets configured)
Analyzing: target //:copyright-check (1 packages loaded, 0 targets configured)

Analyzing: target //:copyright-check (35 packages loaded, 8 targets configured)

Analyzing: target //:copyright-check (79 packages loaded, 8 targets configured)

Analyzing: target //:copyright-check (82 packages loaded, 34 targets configured)

Analyzing: target //:copyright-check (236 packages loaded, 1517 targets configured)

Analyzing: target //:copyright-check (275 packages loaded, 5413 targets configured)

Analyzing: target //:copyright-check (320 packages loaded, 9306 targets configured)

Analyzing: target //:copyright-check (348 packages loaded, 19444 targets configured)

INFO: Analyzed target //:copyright-check (349 packages loaded, 24980 targets configured).
[1 / 1] no actions running
[26 / 146] Creating runfiles tree bazel-out/k8-fastbuild/bin/copyright.check.runfiles; 0s local
[86 / 148] checking cached actions
WARNING: Directory artifact tools crosses package boundary into package rooted at tools/format
INFO: Found 1 target...
Target //:copyright.check up-to-date:
  bazel-bin/copyright.check
  bazel-bin/copyright.check.venv.pth
INFO: Elapsed time: 46.929s, Critical Path: 5.45s
INFO: 6 processes: 147 action cache hit, 6 internal.
INFO: Build completed successfully, 6 total actions
INFO: Running command line: bazel-bin/copyright.check -t ../score_tooling+/cr_checker/resources/templates.ini -c ../score_tooling+/cr_checker/resources/config.json ./.github ./_score_docs_cli ./tools ./BUILD ./MODULE.bazel
[32mINFO:[0m ================================================================
[32mINFO:[0m Process completed.
[32mINFO:[0m Total files without copyright: [32m0[0m
[32mINFO:[0m ================================================================
