[T+0.003s] run 20260922T134423Z start
[T+0.026s] path A: reset
[T+3.043s] PASS  [A] gateway serves diag_api resources: expected=cabin_temp,sensor_fault_status,sensor_stuck observed=cabin_temp,sensor_fault_status,sensor_stuck
[T+3.050s] PASS  [A] no demo.* ids left: expected=0 observed=0
[T+3.063s] PASS  [A] fault status before injection: expected=passed observed=passed
[T+3.068s] path A: inject stuck sensor over SOVD
[T+3.075s] PASS  [A] injection accepted: expected=204 observed=204
[T+3.084s] PASS  [A] status right after injection: expected=prefailed observed=prefailed
[T+8.308s] PASS  [A] status after debounce: expected=failed observed=failed
[T+8.312s] path A: debounce qualified after 5.21s
[T+9.328s] PASS  [A] stuck reading is frozen: expected=21.4 observed=21.4
[T+9.331s] path A: clear
[T+11.405s] PASS  [A] status after clear: expected=passed observed=passed
[T+11.414s] path B: clear ECU fault memory
[T+11.428s] PASS  [B] active faults before injection: expected= observed=
[T+11.432s] path B: inject DTC 0x01E240 status 0x2F into the simulator
[T+11.440s] PASS  [B] injection accepted: expected=201 observed=201
[T+11.448s] PASS  [B] CDA reports the DTC over SOVD: expected=01E240/2F observed=01E240/2F
[T+11.451s] path B: clear
[T+11.463s] PASS  [B] active faults after clear: expected= observed=
[T+11.469s] run 20260922T134423Z done: 12/12 passed
