$TEST_TMPDIR defined, some defaults will be overridden
OpenJDK 64-Bit Server VM warning: Options -Xverify:none and -noverify were deprecated in JDK 13 and will likely be removed in a future release.
WARNING: The following configs were expanded more than once: [linux_x64_gcc_15]. For repeatable flags, repeats are counted twice and may lead to unexpected behavior.
Computing main repo mapping: 
WARNING: The following configs were expanded more than once: [linux_x64_gcc_15]. For repeatable flags, repeats are counted twice and may lead to unexpected behavior.
Loading: 
Loading: 5 packages loaded
WARNING: /media/jefferson/11c42dee-73a3-4c2b-ab42-a0440011d9e0/.s-core-build/runs/communication-complete-3c7jhdey/workspaces/integrated/score/memory/shared/BUILD:437:11: target '//score/memory/shared:types' is deprecated: This aggregation target is deprecated and pulls in the unmaintained/broken ':map' target on some platforms. Depend directly on the specific score/memory/shared sub-targets you need (e.g. ':offset_ptr', ':vector', ':string', ...) instead.
Analyzing: 2924 targets (316 packages loaded, 0 targets configured)
Analyzing: 2924 targets (316 packages loaded, 0 targets configured)

WARNING: /media/jefferson/11c42dee-73a3-4c2b-ab42-a0440011d9e0/.s-core-build/runs/communication-complete-3c7jhdey/workspaces/integrated/MODULE.bazel:196:20: The module extension apt defined in @rules_distroless//apt:extensions.bzl reported incorrect imports of repositories via use_repo():

Imported, but reported as indirect dependencies by the extension:
    ubuntu24_04_sysroot_resolve

Fix the use_repo calls by running 'bazel mod tidy'.
WARNING: /media/jefferson/11c42dee-73a3-4c2b-ab42-a0440011d9e0/.s-core-build/runs/communication-complete-3c7jhdey/workspaces/integrated/score/mw/com/test/api/BUILD:18:11: in cc_library rule //score/mw/com/test/api:api: target '//score/mw/com/test/api:api' depends on deprecated target '//score/memory/shared:types': This aggregation target is deprecated and pulls in the unmaintained/broken ':map' target on some platforms. Depend directly on the specific score/memory/shared sub-targets you need (e.g. ':offset_ptr', ':vector', ':string', ...) instead.
DEBUG: /media/jefferson/11c42dee-73a3-4c2b-ab42-a0440011d9e0/.s-core-build/runs/communication-complete-3c7jhdey/bazel-output/8d7477de0cf318c0a7997a7b39c23d59/external/score_tooling+/bazel/rules/rules_score/private/dependable_element.bzl:1359:26: WARNING: Not in certified scope @@score_baselibs+//score/utils:static_destruction_guard, stopping at utils
INFO: Analyzed 2924 targets (1659 packages loaded, 103985 targets configured).
[4,915 / 13,361] checking cached actions
[14,558 / 16,229] [Prepa] Compiling Rust rlib score_com_concept (5 files)
[15,554 / 16,229] [Prepa] Copying file score/mw/com/test/basic_rust_api/all_services_stream/integration_test/_image_test_com_api_all_services_stream
[16,221 / 16,229] checking cached actions
INFO: Found 2924 targets...
INFO: Elapsed time: 83.737s, Critical Path: 5.69s
INFO: 33 processes: 17050 action cache hit, 4 internal, 24 linux-sandbox, 5 local.
INFO: Build completed successfully, 33 total actions
INFO: 
INFO: Build Event Protocol files produced successfully.
