$TEST_TMPDIR defined, some defaults will be overridden
WARNING: Duplicate rc file: /media/jefferson/11c42dee-73a3-4c2b-ab42-a0440011d9e0/.s-core-build/runs/score-rust-issue-queue-ycbvxir7/workspaces/1062/quality/static_analysis/static_analysis.bazelrc is read multiple times, it is a standard rc file location but must have been unnecessarily imported earlier.
OpenJDK 64-Bit Server VM warning: Options -Xverify:none and -noverify were deprecated in JDK 13 and will likely be removed in a future release.
WARNING: The following configs were expanded more than once: [linux_x64_gcc_15]. For repeatable flags, repeats are counted twice and may lead to unexpected behavior.
Computing main repo mapping: 
Computing main repo mapping: 
WARNING: The following configs were expanded more than once: [linux_x64_gcc_15]. For repeatable flags, repeats are counted twice and may lead to unexpected behavior.
Computing main repo mapping: 
Computing main repo mapping: 
Computing main repo mapping: 
Computing main repo mapping: 
Computing main repo mapping: 
Computing main repo mapping: 
Computing main repo mapping: 
Loading: 
Loading: 5 packages loaded
Analyzing: 2 targets (7 packages loaded, 0 targets configured)
Analyzing: 2 targets (7 packages loaded, 0 targets configured)

Analyzing: 2 targets (108 packages loaded, 45 targets configured)

Analyzing: 2 targets (131 packages loaded, 1357 targets configured)

Analyzing: 2 targets (231 packages loaded, 9870 targets configured)

WARNING: /media/jefferson/11c42dee-73a3-4c2b-ab42-a0440011d9e0/.s-core-build/runs/score-rust-issue-queue-ycbvxir7/workspaces/1062/MODULE.bazel:196:20: The module extension apt defined in @rules_distroless//apt:extensions.bzl reported incorrect imports of repositories via use_repo():

Imported, but reported as indirect dependencies by the extension:
    ubuntu24_04_sysroot_resolve

Fix the use_repo calls by running 'bazel mod tidy'.
Analyzing: 2 targets (521 packages loaded, 15284 targets configured)

Analyzing: 2 targets (521 packages loaded, 15648 targets configured)

Analyzing: 2 targets (523 packages loaded, 15878 targets configured)

Analyzing: 2 targets (523 packages loaded, 15878 targets configured)

Analyzing: 2 targets (526 packages loaded, 17777 targets configured)

Analyzing: 2 targets (526 packages loaded, 17777 targets configured)

Analyzing: 2 targets (540 packages loaded, 17989 targets configured)

Analyzing: 2 targets (553 packages loaded, 18588 targets configured)

Analyzing: 2 targets (554 packages loaded, 18699 targets configured)

Analyzing: 2 targets (559 packages loaded, 18787 targets configured)

Analyzing: 2 targets (560 packages loaded, 18817 targets configured)
[1 / 1] no actions running
INFO: Analyzed 2 targets (560 packages loaded, 18817 targets configured).
[8 / 48] checking cached actions
[39 / 950] [Prepa] Expanding template score/mw/com/test/basic_rust_api/consumer_sync_apis/integration_test/_image_test_com_api_sync_loader.sh
[145 / 1,534] [Prepa] Creating symlink external/gawk+/config/config.h [for tool]
[238 / 1,534] [Prepa] Expanding template score/mw/com/test/basic_rust_api/consumer_sync_apis/integration_test/_image_test_com_api_sync_loader/load.sh
[450 / 1,534] Compiling main.c [for tool]; 0s linux-sandbox ... (2 actions, 1 running)
INFO: From Compiling score/mw/com/com_error_domain.cpp:
In file included from ./score/mw/com/com_error_domain.h:16,
                 from score/mw/com/com_error_domain.cpp:13:
./score/mw/com/impl/com_error.h: In member function 'virtual std::string_view score::mw::com::impl::ComErrorDomain::MessageFor(const score::result::ErrorCode&) const':
./score/mw/com/impl/com_error.h:186:65: warning: 'score::mw::com::impl::ComErrc::kServiceInstanceAlreadyOffered' is deprecated: Value has never been used. Calls to OfferService shall be idempotent. [-Wdeprecated-declarations]
  186 |             case static_cast<score::result::ErrorCode>(ComErrc::kServiceInstanceAlreadyOffered):
      |                                                                 ^~~~~~~~~~~~~~~~~~~~~~~~~~~~~~
./score/mw/com/impl/com_error.h:57:5: note: declared here
   57 |     kServiceInstanceAlreadyOffered
      |     ^~~~~~~~~~~~~~~~~~~~~~~~~~~~~~
[452 / 1,534] Compiling array.c [for tool]; 0s linux-sandbox ... (2 actions, 1 running)
[687 / 1,534] Compiling awkgram.c [for tool]; 0s linux-sandbox
[874 / 1,534] Compiling awkgram.c [for tool]; 2s linux-sandbox ... (2 actions running)
[1,044 / 1,534] Compiling awkgram.c [for tool]; 3s linux-sandbox
[1,185 / 1,534] Compiling builtin.c [for tool]; 0s linux-sandbox ... (2 actions, 1 running)
[1,283 / 1,534] Compiling builtin.c [for tool]; 2s linux-sandbox ... (2 actions, 1 running)
[1,285 / 1,534] Compiling builtin.c [for tool]; 3s linux-sandbox ... (2 actions, 1 running)
[1,286 / 1,534] Compiling Rust proc-macro clap_derive v4.6.7 (16 files) [for tool]; 1s linux-sandbox ... (2 actions running)
[1,287 / 1,534] Compiling Rust proc-macro clap_derive v4.6.7 (16 files) [for tool]; 2s linux-sandbox ... (2 actions running)
[1,288 / 1,534] Compiling Rust proc-macro clap_derive v4.6.7 (16 files) [for tool]; 3s linux-sandbox ... (2 actions running)
[1,289 / 1,534] Compiling Rust proc-macro clap_derive v4.6.7 (16 files) [for tool]; 7s linux-sandbox ... (2 actions, 1 running)
[1,289 / 1,534] Compiling Rust proc-macro clap_derive v4.6.7 (16 files) [for tool]; 9s linux-sandbox ... (2 actions running)
[1,290 / 1,534] Compiling eval.c [for tool]; 3s linux-sandbox ... (2 actions, 1 running)
[1,294 / 1,534] Compiling eval.c [for tool]; 4s linux-sandbox ... (2 actions, 1 running)
[1,301 / 1,534] Compiling Rust rlib anstream v1.0.0 (13 files); 0s linux-sandbox ... (2 actions, 1 running)
[1,302 / 1,534] Compiling field.c [for tool]; 1s linux-sandbox ... (2 actions running)
[1,305 / 1,534] Compiling Rust rlib clap_builder v4.6.7 (57 files); 2s linux-sandbox ... (2 actions, 1 running)
[1,307 / 1,534] Compiling Rust rlib clap_builder v4.6.7 (57 files); 4s linux-sandbox ... (2 actions running)
[1,343 / 1,534] Compiling io.c [for tool]; 1s linux-sandbox ... (2 actions running)
[1,346 / 1,534] Compiling score/mw/com/test/common_test_resources/big_datatype.cpp; 1s linux-sandbox ... (2 actions running)
[1,348 / 1,534] Compiling score/mw/com/test/common_test_resources/big_datatype.cpp; 2s linux-sandbox ... (2 actions, 1 running)
INFO: From Compiling score/mw/com/test/common_test_resources/big_datatype.cpp:
In file included from ./score/mw/com/impl/instance_identifier.h:16,
                 from ./score/mw/com/impl/handle_type.h:18,
                 from ./score/mw/com/impl/proxy_base.h:18,
                 from ./score/mw/com/impl/generic_proxy_event.h:18,
                 from ./score/mw/com/impl/generic_proxy.h:18,
                 from ./score/mw/com/types.h:24,
                 from ./score/mw/com/test/common_test_resources/big_datatype.h:20,
                 from score/mw/com/test/common_test_resources/big_datatype.cpp:14:
./score/mw/com/impl/com_error.h: In member function 'virtual std::string_view score::mw::com::impl::ComErrorDomain::MessageFor(const score::result::ErrorCode&) const':
./score/mw/com/impl/com_error.h:186:65: warning: 'score::mw::com::impl::ComErrc::kServiceInstanceAlreadyOffered' is deprecated: Value has never been used. Calls to OfferService shall be idempotent. [-Wdeprecated-declarations]
  186 |             case static_cast<score::result::ErrorCode>(ComErrc::kServiceInstanceAlreadyOffered):
      |                                                                 ^~~~~~~~~~~~~~~~~~~~~~~~~~~~~~
./score/mw/com/impl/com_error.h:57:5: note: declared here
   57 |     kServiceInstanceAlreadyOffered
      |     ^~~~~~~~~~~~~~~~~~~~~~~~~~~~~~
[1,350 / 1,534] Compiling profile.c [for tool]; 1s linux-sandbox ... (2 actions running)
[1,353 / 1,534] Compiling score/mw/com/test/basic_rust_api/bigdata_com_api_gen.cpp; 1s linux-sandbox ... (2 actions running)
[1,357 / 1,534] Compiling score/mw/com/test/basic_rust_api/bigdata_com_api_gen.cpp; 3s linux-sandbox ... (2 actions running)
[1,358 / 1,534] Compiling score/mw/com/test/basic_rust_api/bigdata_com_api_gen.cpp; 4s linux-sandbox ... (2 actions running)
[1,365 / 1,534] Compiling score/mw/com/test/basic_rust_api/bigdata_com_api_gen.cpp; 5s linux-sandbox ... (2 actions, 1 running)
[1,367 / 1,534] Compiling score/mw/com/test/basic_rust_api/bigdata_com_api_gen.cpp; 7s linux-sandbox ... (2 actions running)
INFO: From Compiling score/mw/com/test/basic_rust_api/bigdata_com_api_gen.cpp:
In file included from ./score/mw/com/impl/instance_identifier.h:16,
                 from ./score/mw/com/impl/handle_type.h:18,
                 from ./score/mw/com/impl/proxy_base.h:18,
                 from ./score/mw/com/impl/generic_proxy_event.h:18,
                 from ./score/mw/com/impl/generic_proxy.h:18,
                 from ./score/mw/com/types.h:24,
                 from ./score/mw/com/test/common_test_resources/big_datatype.h:20,
                 from ./score/mw/com/test/basic_rust_api/bigdata_com_api_gen.h:19,
                 from score/mw/com/test/basic_rust_api/bigdata_com_api_gen.cpp:14:
./score/mw/com/impl/com_error.h: In member function 'virtual std::string_view score::mw::com::impl::ComErrorDomain::MessageFor(const score::result::ErrorCode&) const':
./score/mw/com/impl/com_error.h:186:65: warning: 'score::mw::com::impl::ComErrc::kServiceInstanceAlreadyOffered' is deprecated: Value has never been used. Calls to OfferService shall be idempotent. [-Wdeprecated-declarations]
  186 |             case static_cast<score::result::ErrorCode>(ComErrc::kServiceInstanceAlreadyOffered):
      |                                                                 ^~~~~~~~~~~~~~~~~~~~~~~~~~~~~~
./score/mw/com/impl/com_error.h:57:5: note: declared here
   57 |     kServiceInstanceAlreadyOffered
      |     ^~~~~~~~~~~~~~~~~~~~~~~~~~~~~~
[1,368 / 1,534] Compiling support/regex.c [for tool]; 3s linux-sandbox ... (2 actions, 1 running)
[1,415 / 1,534] Compiling Rust bin bigdata-consumer-async (1 file); 0s linux-sandbox ... (2 actions, 1 running)
[1,422 / 1,534] Compiling Rust bin bigdata-consumer-async (1 file); 1s linux-sandbox ... (2 actions, 1 running)
[1,441 / 1,534] Compiling Rust bin bigdata-consumer-async (1 file); 2s linux-sandbox ... (2 actions running)
[1,446 / 1,534] Compiling Rust bin bigdata-consumer-async (1 file); 3s linux-sandbox ... (2 actions, 1 running)
[1,461 / 1,534] Compiling Rust bin bigdata-producer (1 file); 0s linux-sandbox ... (2 actions, 1 running)
[1,475 / 1,534] Compiling Rust bin bigdata-producer (1 file); 1s linux-sandbox ... (2 actions, 1 running)
[1,487 / 1,534] Compiling Rust bin bigdata-producer (1 file); 2s linux-sandbox ... (2 actions, 1 running)
[1,502 / 1,534] Executing genrule @@rules_distroless++apt+ubuntu24_04_integration_testing_coreutils_9.4-3ubuntu6.2_amd64//:data; 0s linux-sandbox ... (2 actions, 1 running)
[1,507 / 1,534] Compiling Rust bin bigdata-consumer (1 file); 0s linux-sandbox ... (2 actions, 1 running)
[1,527 / 1,534] Compiling Rust bin bigdata-consumer (1 file); 2s linux-sandbox ... (2 actions running)
[1,530 / 1,534] OCI Image //score/mw/com/test/basic_rust_api/consumer_async_apis/integration_test:_image_test_com_api_async; 2s linux-sandbox ... (2 actions running)
[1,533 / 1,535] Testing //score/mw/com/test/basic_rust_api/consumer_async_apis/integration_test:test_com_api_async; 1s linux-sandbox ... (2 actions, 1 running)
[1,534 / 1,536] Testing //score/mw/com/test/basic_rust_api/consumer_async_apis/integration_test:test_com_api_async; 2s linux-sandbox ... (2 actions, 1 running)
[1,534 / 1,536] Testing //score/mw/com/test/basic_rust_api/consumer_async_apis/integration_test:test_com_api_async; 11s linux-sandbox ... (2 actions, 1 running)
[1,534 / 1,536] Testing //score/mw/com/test/basic_rust_api/consumer_async_apis/integration_test:test_com_api_async; 28s linux-sandbox ... (2 actions running)
[1,535 / 1,536] 1 / 2 tests; Testing //score/mw/com/test/basic_rust_api/consumer_sync_apis/integration_test:test_com_api_sync; 1s linux-sandbox
[1,535 / 1,536] 1 / 2 tests; Testing //score/mw/com/test/basic_rust_api/consumer_sync_apis/integration_test:test_com_api_sync; 11s linux-sandbox
[1,535 / 1,536] 2 / 2 tests; Testing //score/mw/com/test/basic_rust_api/consumer_sync_apis/integration_test:test_com_api_sync; 26s linux-sandbox
INFO: Found 2 test targets...
INFO: Elapsed time: 147.814s, Critical Path: 72.31s
INFO: 330 processes: 1220 action cache hit, 136 internal, 194 linux-sandbox.
INFO: Build completed successfully, 330 total actions
INFO: 
//score/mw/com/test/basic_rust_api/consumer_async_apis/integration_test:test_com_api_async PASSED in 28.2s
//score/mw/com/test/basic_rust_api/consumer_sync_apis/integration_test:test_com_api_sync PASSED in 26.3s

Executed 2 out of 2 tests: 2 tests pass.
There were tests whose specified size is too big. Use the --test_verbose_timeout_warnings command line option to see which ones these are.
INFO: Build Event Protocol files produced successfully.
