$TEST_TMPDIR defined, some defaults will be overridden
WARNING: Duplicate rc file: /media/jefferson/11c42dee-73a3-4c2b-ab42-a0440011d9e0/.s-core-build/runs/score-rust-issue-queue-ycbvxir7/workspaces/1062/quality/static_analysis/static_analysis.bazelrc is read multiple times, it is a standard rc file location but must have been unnecessarily imported earlier.
OpenJDK 64-Bit Server VM warning: Options -Xverify:none and -noverify were deprecated in JDK 13 and will likely be removed in a future release.
WARNING: The following configs were expanded more than once: [linux_x64_gcc_15]. For repeatable flags, repeats are counted twice and may lead to unexpected behavior.
Computing main repo mapping: 
Computing main repo mapping: 
WARNING: The following configs were expanded more than once: [linux_x64_gcc_15]. For repeatable flags, repeats are counted twice and may lead to unexpected behavior.
Computing main repo mapping: 
Computing main repo mapping: 
Computing main repo mapping: 
Computing main repo mapping: 
Computing main repo mapping: 
Computing main repo mapping: 
Loading: 
Loading: 5 packages loaded
Analyzing: target //score/mw/com/impl/rust/com-api/com-api-runtime-lola:com-api-runtime-lola-tests (6 packages loaded, 0 targets configured)
Analyzing: target //score/mw/com/impl/rust/com-api/com-api-runtime-lola:com-api-runtime-lola-tests (6 packages loaded, 0 targets configured)

Analyzing: target //score/mw/com/impl/rust/com-api/com-api-runtime-lola:com-api-runtime-lola-tests (72 packages loaded, 9 targets configured)

Analyzing: target //score/mw/com/impl/rust/com-api/com-api-runtime-lola:com-api-runtime-lola-tests (109 packages loaded, 45 targets configured)

Analyzing: target //score/mw/com/impl/rust/com-api/com-api-runtime-lola:com-api-runtime-lola-tests (202 packages loaded, 7351 targets configured)

Analyzing: target //score/mw/com/impl/rust/com-api/com-api-runtime-lola:com-api-runtime-lola-tests (344 packages loaded, 13693 targets configured)

INFO: Analyzed target //score/mw/com/impl/rust/com-api/com-api-runtime-lola:com-api-runtime-lola-tests (373 packages loaded, 15138 targets configured).
[1 / 7] [Prepa] Writing repo mapping manifest for //score/mw/com/impl/rust/com-api/com-api-runtime-lola:com-api-runtime-lola-tests
[67 / 1,272] [Prepa] Creating symlink to ambiguous lib: external/score_baselibs++_repo_rules+acl-deb/usr/lib/x86_64-linux-gnu/libacl.a
[106 / 1,272] checking cached actions
[157 / 1,272] [Prepa] Creating symlink to ambiguous lib: bazel-out/k8-fastbuild/bin/external/score_baselibs+/score/language/safecpp/safe_math/liberror.a
[494 / 1,272] [Prepa] Creating symlink to ambiguous lib: bazel-out/k8-fastbuild/bin/score/mw/com/impl/bindings/lola/libi_runtime.a
[854 / 1,272] [Prepa] Creating symlink to ambiguous lib: bazel-out/k8-fastbuild/bin/score/mw/com/impl/bindings/lola/libsample_ptr.a
[1,215 / 1,272] [Prepa] ExtractCargoTomlEnvVars external/rules_rust++crate+crate_index__anstyle-1.0.14/cargo_toml_env_vars.env
[1,228 / 1,272] Compiling Rust rlib predicates_core v1.0.10 (3 files); 0s linux-sandbox ... (2 actions running)
[1,258 / 1,272] checking cached actions
[1,266 / 1,272] Compiling Rust proc-macro mockall_derive v0.14.0 (9 files) [for tool]; 1s linux-sandbox ... (2 actions, 1 running)
[1,268 / 1,272] Compiling Rust proc-macro mockall_derive v0.14.0 (9 files) [for tool]; 2s linux-sandbox
[1,268 / 1,272] Compiling Rust proc-macro mockall_derive v0.14.0 (9 files) [for tool]; 12s linux-sandbox
[1,269 / 1,272] [Prepa] Compiling Rust rlib mockall v0.14.0 (3 files)
[1,270 / 1,272] Compiling Rust rlib bridge_ffi_mock (1 file); 1s linux-sandbox
[1,271 / 1,272] [Prepa] Compiling Rust bin com-api-runtime-lola-tests (4 files)
[1,271 / 1,272] Compiling Rust bin com-api-runtime-lola-tests (4 files); 1s linux-sandbox
[1,272 / 1,273] [Prepa] Testing //score/mw/com/impl/rust/com-api/com-api-runtime-lola:com-api-runtime-lola-tests
INFO: Found 1 test target...
Target //score/mw/com/impl/rust/com-api/com-api-runtime-lola:com-api-runtime-lola-tests up-to-date:
  bazel-bin/score/mw/com/impl/rust/com-api/com-api-runtime-lola/test-54569430/com-api-runtime-lola-tests
INFO: Elapsed time: 50.119s, Critical Path: 25.03s
INFO: 72 processes: 1215 action cache hit, 41 internal, 31 linux-sandbox.
INFO: Build completed successfully, 72 total actions
INFO: 
//score/mw/com/impl/rust/com-api/com-api-runtime-lola:com-api-runtime-lola-tests PASSED in 0.0s

Executed 1 out of 1 test: 1 test passes.
There were tests whose specified size is too big. Use the --test_verbose_timeout_warnings command line option to see which ones these are.
INFO: Build Event Protocol files produced successfully.
