$TEST_TMPDIR defined, some defaults will be overridden
WARNING: Duplicate rc file: /media/jefferson/11c42dee-73a3-4c2b-ab42-a0440011d9e0/.s-core-build/runs/score-rust-issue-queue-ycbvxir7/workspaces/1062/quality/static_analysis/static_analysis.bazelrc is read multiple times, it is a standard rc file location but must have been unnecessarily imported earlier.
OpenJDK 64-Bit Server VM warning: Options -Xverify:none and -noverify were deprecated in JDK 13 and will likely be removed in a future release.
WARNING: The following configs were expanded more than once: [linux_x64_gcc_15]. For repeatable flags, repeats are counted twice and may lead to unexpected behavior.
Computing main repo mapping: 
Computing main repo mapping: 
WARNING: The following configs were expanded more than once: [linux_x64_gcc_15]. For repeatable flags, repeats are counted twice and may lead to unexpected behavior.
Computing main repo mapping: 
Computing main repo mapping: 
Computing main repo mapping: 
Computing main repo mapping: 
Computing main repo mapping: 
Loading: 
Loading: 5 packages loaded
Analyzing: 2 targets (6 packages loaded, 0 targets configured)
Analyzing: 2 targets (6 packages loaded, 0 targets configured)

Analyzing: 2 targets (98 packages loaded, 9 targets configured)

Analyzing: 2 targets (239 packages loaded, 9621 targets configured)

Analyzing: 2 targets (360 packages loaded, 14624 targets configured)

DEBUG: Rule 'score_baselibs++_repo_rules+acl-deb' indicated that a canonical reproducible form can be obtained by modifying arguments integrity = "sha256-5AjUxw54AQdOpFkYAgilQtVPVjibpIU3BDTy0A6VCYA=" and dropping ["visibility"]
DEBUG: Repository score_baselibs++_repo_rules+acl-deb instantiated at:
  <builtin>: in <toplevel>
Repository rule deb defined at:
  /media/jefferson/11c42dee-73a3-4c2b-ab42-a0440011d9e0/.s-core-build/runs/score-rust-issue-queue-ycbvxir7/bazel-output/fe72dfe230df2ca6596663a0512df014/external/download_utils+/download/deb/repository.bzl:78:22: in <toplevel>
INFO: Analyzed 2 targets (362 packages loaded, 14921 targets configured).
[27 / 152] [Prepa] Writing repo mapping manifest for @@rules_rust++crate+crate_index__libc-0.2.186//:_bs-
[134 / 292] checking cached actions
[280 / 292] Compiling Rust bin _bs_ (346 files) [for tool]; 1s linux-sandbox
[283 / 292] Compiling Rust rlib libc v0.2.186 (346 files); 0s linux-sandbox
[284 / 292] [Prepa] Compiling Rust rlib common_rs (1 file)
[291 / 292] Compiling Rust rlib score_com_mock (1 file); 0s linux-sandbox
INFO: Found 2 targets...
INFO: Elapsed time: 21.458s, Critical Path: 5.22s
INFO: 19 processes: 286 action cache hit, 5 internal, 14 linux-sandbox.
INFO: Build completed successfully, 19 total actions
