OpenJDK 64-Bit Server VM warning: Options -Xverify:none and -noverify were deprecated in JDK 13 and will likely be removed in a future release.
Computing main repo mapping: 
Computing main repo mapping: 
Computing main repo mapping: 
Computing main repo mapping: 
Computing main repo mapping: 
Computing main repo mapping: 
Computing main repo mapping: 
Loading: 
Loading: 5 packages loaded
Analyzing: target //:format.check (6 packages loaded, 0 targets configured)
Analyzing: target //:format.check (6 packages loaded, 0 targets configured)

Analyzing: target //:format.check (36 packages loaded, 10 targets configured)

Analyzing: target //:format.check (112 packages loaded, 403 targets configured)

Analyzing: target //:format.check (183 packages loaded, 4123 targets configured)

DEBUG: Rule '+_repo_rules3+clang_format' indicated that a canonical reproducible form can be obtained by modifying arguments integrity = "sha256-Lj6lg0XiCgKLjDWv+WT3TfFOTNF+LVJKjvwbqeztfaI="
DEBUG: Repository +_repo_rules3+clang_format instantiated at:
  <builtin>: in <toplevel>
Repository rule file defined at:
  /media/jefferson/11c42dee-73a3-4c2b-ab42-a0440011d9e0/.s-core-build/runs/score-communication-bug-recovery-fw8j963z/bazel-output/b10b30927e7a248cee436d763dc58bdc/external/download_utils+/download/file/repository.bzl:75:23: in <toplevel>
Analyzing: target //:format.check (187 packages loaded, 12629 targets configured)

Analyzing: target //:format.check (188 packages loaded, 12636 targets configured)

Analyzing: target //:format.check (188 packages loaded, 12636 targets configured)

INFO: Analyzed target //:format.check (198 packages loaded, 14633 targets configured).
[23 / 32] [Prepa] Expanding template external/rules_multirun+/internal/_multirun_stage2_bootstrap.py [for tool]
[26 / 36] checking cached actions
[66 / 126] checking cached actions
[118 / 126] [Prepa] Creating symlink external/score_toolchains_rust++ferrocene_toolchain_ext+ferrocene_x86_64_unknown_linux_gnu/rust_ferrocene/lib/rustlib/x86_64-unknown-linux-gnu/bin/rust-lld [for tool]
[123 / 126] [Prepa] Compiling Rust (without process_wrapper) bin process_wrapper (6 files) [for tool]
[123 / 126] Compiling Rust (without process_wrapper) bin process_wrapper (6 files) [for tool]; 1s processwrapper-sandbox
[124 / 126] [Prepa] Compiling Rust rlib runfiles (1 file)
INFO: Found 1 target...
Target //:format.check up-to-date:
  bazel-bin/format.check.bash
INFO: Elapsed time: 32.448s, Critical Path: 4.34s
INFO: 123 processes: 3 action cache hit, 119 internal, 4 processwrapper-sandbox.
INFO: Build completed successfully, 123 total actions
INFO: Running command line: bazel-bin/format.check.bash
169 files already formatted
Formatted Python in 0m0.034s
Formatted Starlark in 0m0.174s
Formatted C++ in 0m25.648s
Formatted Rust in 0m0.231s
