OpenJDK 64-Bit Server VM warning: Options -Xverify:none and -noverify were deprecated in JDK 13 and will likely be removed in a future release.
Computing main repo mapping: 
Computing main repo mapping: 
Computing main repo mapping: 
Computing main repo mapping: 
Computing main repo mapping: 
Computing main repo mapping: 
Loading: 
Loading: 5 packages loaded
Analyzing: target //:format.check (6 packages loaded, 0 targets configured)
Analyzing: target //:format.check (6 packages loaded, 0 targets configured)

Analyzing: target //:format.check (46 packages loaded, 11 targets configured)

Analyzing: target //:format.check (114 packages loaded, 356 targets configured)

Analyzing: target //:format.check (185 packages loaded, 8567 targets configured)

INFO: Analyzed target //:format.check (198 packages loaded, 14633 targets configured).
[36 / 79] checking cached actions
INFO: Found 1 target...
Target //:format.check up-to-date:
  bazel-bin/format.check.bash
INFO: Elapsed time: 15.252s, Critical Path: 0.17s
INFO: 1 process: 128 action cache hit, 1 internal.
INFO: Build completed successfully, 1 total action
INFO: Running command line: bazel-bin/format.check.bash
169 files already formatted
Formatted Python in 0m0.019s
Formatted Starlark in 0m0.141s
Formatted C++ in 0m21.998s
Formatted Rust in 0m0.178s
