OpenJDK 64-Bit Server VM warning: Options -Xverify:none and -noverify were deprecated in JDK 13 and will likely be removed in a future release.
Computing main repo mapping: 
Computing main repo mapping: 
Computing main repo mapping: 
Computing main repo mapping: 
Loading: 
Loading: 5 packages loaded
Analyzing: target //:format.check (6 packages loaded, 0 targets configured)
Analyzing: target //:format.check (6 packages loaded, 0 targets configured)

Analyzing: target //:format.check (44 packages loaded, 10 targets configured)

Analyzing: target //:format.check (164 packages loaded, 3163 targets configured)

DEBUG: Rule '+_repo_rules3+clang_format' indicated that a canonical reproducible form can be obtained by modifying arguments integrity = "sha256-Lj6lg0XiCgKLjDWv+WT3TfFOTNF+LVJKjvwbqeztfaI="
DEBUG: Repository +_repo_rules3+clang_format instantiated at:
  <builtin>: in <toplevel>
Repository rule file defined at:
  /media/jefferson/11c42dee-73a3-4c2b-ab42-a0440011d9e0/.s-core-build/runs/score-communication-bug-recovery-fw8j963z/bazel-output/ae3faa9c0dd5776ee8fa52806c33e0fc/external/download_utils+/download/file/repository.bzl:75:23: in <toplevel>
Analyzing: target //:format.check (188 packages loaded, 12636 targets configured)

Analyzing: target //:format.check (188 packages loaded, 12636 targets configured)

INFO: Analyzed target //:format.check (198 packages loaded, 14633 targets configured).
[35 / 126] checking cached actions
[64 / 126] checking cached actions
[123 / 126] [Prepa] Compiling Rust (without process_wrapper) bin process_wrapper (6 files) [for tool]
[124 / 126] [Prepa] Compiling Rust rlib runfiles (1 file)
INFO: Found 1 target...
Target //:format.check up-to-date:
  bazel-bin/format.check.bash
INFO: Elapsed time: 19.296s, Critical Path: 2.02s
INFO: 125 processes: 1 action cache hit, 121 internal, 4 processwrapper-sandbox.
INFO: Build completed successfully, 125 total actions
INFO: Running command line: bazel-bin/format.check.bash
170 files already formatted
Formatted Python in 0m0.022s
tools/lint/buildifier/BUILD # reformat
BUILD # reformat
Formatted Starlark in 0m0.173s
FAILED: A formatter tool exited with code 123
Try running 'bazel run //:format_Starlark_with_buildifier ' to fix this.
Formatted C++ in 0m14.280s
Formatted Rust in 0m0.160s
