lobster-trlc: wrote 70 items to bazel-out/k8-fastbuild/bin/score/mw/com/dependability/safety_analysis/mw_com_safety_analysis/failuremodes.lobster
lobster-trlc: wrote 8 items to bazel-out/k8-fastbuild/bin/score/message_passing/dependability/safety_analysis/message_passing_safety_analysis/failuremodes.lobster
Generated 4 RST files with 61 API items
lobster-trlc: wrote 27 items to bazel-out/k8-fastbuild/bin/score/message_passing/dependability/safety_analysis/message_passing_safety_analysis/fta_root_causes.lobster
lobster-trlc: wrote 0 items to bazel-out/k8-fastbuild/bin/score/message_passing/dependability/safety_analysis/message_passing_safety_analysis/safetymeasures.lobster
lobster-trlc: wrote 139 items to bazel-out/k8-fastbuild/bin/score/mw/com/dependability/safety_analysis/mw_com_safety_analysis/fta_root_causes.lobster
lobster-trlc: wrote 37 items to bazel-out/k8-fastbuild/bin/score/mw/com/dependability/safety_analysis/mw_com_safety_analysis/safetymeasures.lobster
LOBSTER HTML report written to bazel-out/k8-fastbuild/bin/score/mw/com/dependability/safety_analysis/mw_com_dependability_analysis_report.html
lobster-trlc: wrote 13 items to bazel-out/k8-fastbuild/bin/score/mw/com/dependability/assumed_system/assumed_system_requirements.lobster
lobster-trlc: wrote 38 items to bazel-out/k8-fastbuild/bin/score/mw/com/dependability/requirements/feature_requirements/feature_requirements_ipc.lobster
Written output for 0 items to bazel-out/k8-fastbuild/bin/third_party/score_baselibs/containers_component.lobster
LOBSTER RST report written to bazel-out/k8-fastbuild/bin/third_party/score_baselibs/containers_index/traceability_report/ (2 files)
LOBSTER RST report written to bazel-out/k8-fastbuild/bin/score/mw/com/dependability/mw_com_index/traceability_report/ (5 files)
Written output for 0 items to bazel-out/k8-fastbuild/bin/third_party/score_baselibs/bitmanipulation_component.lobster
LOBSTER RST report written to bazel-out/k8-fastbuild/bin/third_party/score_baselibs/bitmanipulation_index/traceability_report/ (2 files)
LOBSTER HTML report written to bazel-out/k8-fastbuild/bin/third_party/score_baselibs/bitmanipulation_component_report.html
lobster-trlc: wrote 11 items to bazel-out/k8-fastbuild/bin/score/message_passing/dependability/requirements/feature_requirements.lobster
lobster-trlc: wrote 29 items to bazel-out/k8-fastbuild/bin/score/message_passing/dependability/requirements/component_requirements.lobster
Written output for 0 items to bazel-out/k8-fastbuild/bin/third_party/score_baselibs/futurecpp_component.lobster
LOBSTER HTML report written to bazel-out/k8-fastbuild/bin/third_party/score_baselibs/futurecpp_component_report.html
lobster-trlc: wrote 2 items to bazel-out/k8-fastbuild/bin/score/message_passing/dependability/assumed_system/assumed_system_requirements.lobster
LOBSTER RST report written to bazel-out/k8-fastbuild/bin/third_party/score_baselibs/futurecpp_index/traceability_report/ (2 files)
Written output for 0 items to bazel-out/k8-fastbuild/bin/third_party/score_baselibs/os_component.lobster
LOBSTER HTML report written to bazel-out/k8-fastbuild/bin/third_party/score_baselibs/os_component_report.html
LOBSTER HTML report written to bazel-out/k8-fastbuild/bin/third_party/score_baselibs/containers_component_report.html
LOBSTER RST report written to bazel-out/k8-fastbuild/bin/third_party/score_baselibs/os_index/traceability_report/ (2 files)
Running main() from gmock_main.cc
StateCallback 0
StateCallback 1
StateCallback Ready 
RefusingConnectCallback
StateCallback 2
StateCallback Stopping 4
StateCallback 3
StateCallback Stopped 4
StateCallback 0
StateCallback 1
StateCallback Ready 
RefusingConnectCallback
StateCallback 2
StateCallback Stopping 4
StateCallback 3
StateCallback Stopped 4
StateCallback 0
StateCallback 1
StateCallback Ready 
RefusingConnectCallback
StateCallback 2
StateCallback Stopping 4
StateCallback 3
StateCallback Stopped 4
StateCallback 0
StateCallback 1
StateCallback Ready 
RefusingConnectCallback
StateCallback 2
StateCallback Stopping 4
StateCallback 3
StateCallback Stopped 4
StateCallback 0
StateCallback 1
StateCallback Ready 
RefusingConnectCallback
StateCallback 2
StateCallback Stopping 4
StateCallback 3
StateCallback Stopped 4
StateCallback 0
StateCallback 1
StateCallback Ready 
RefusingConnectCallback
StateCallback 2
StateCallback Stopping 4
StateCallback 3
StateCallback Stopped 4
StateCallback 0
StateCallback 1
StateCallback Ready 
RefusingConnectCallback
StateCallback 2
StateCallback Stopping 4
StateCallback 3
StateCallback Stopped 4
StateCallback 0
StateCallback 1
StateCallback Ready 
RefusingConnectCallback
StateCallback 2
StateCallback Stopping 4
StateCallback 3
StateCallback Stopped 4
StateCallback 0
StateCallback 1
StateCallback Ready 
RefusingConnectCallback
StateCallback 2
StateCallback Stopping 4
StateCallback 3
StateCallback Stopped 4
StateCallback 0
StateCallback 1
StateCallback Ready 
RefusingConnectCallback
StateCallback 2
StateCallback Stopping 4
StateCallback 3
StateCallback Stopped 4
StateCallback 0
StateCallback 1
StateCallback Ready 
RefusingConnectCallback
StateCallback 2
StateCallback Stopping 4
StateCallback 3
StateCallback Stopped 4
StateCallback 0
StateCallback 1
StateCallback Ready 
RefusingConnectCallback
StateCallback 2
StateCallback Stopping 4
StateCallback 3
StateCallback Stopped 4
StateCallback 0
StateCallback 1
StateCallback Ready 
RefusingConnectCallback
StateCallback 2
StateCallback Stopping 4
StateCallback 3
StateCallback Stopped 4
StateCallback 0
StateCallback 1
StateCallback Ready 
RefusingConnectCallback
StateCallback 2
StateCallback Stopping 4
StateCallback 3
StateCallback Stopped 4
StateCallback 0
StateCallback 1
StateCallback Ready 
EchoConnectCallback 0x7036f4001920
StateCallback 2
StateCallback Stopping 2
StateCallback 3
StateCallback Stopped 2
EchoDisconnectCallback 0x7036f4001920
StateCallback 0
StateCallback 1
StateCallback Ready 
EchoConnectCallback 0x7036f4001d30
StateCallback 2
StateCallback Stopping 2
StateCallback 3
StateCallback Stopped 2
EchoDisconnectCallback 0x7036f4001d30
StateCallback 0
StateCallback 1
StateCallback Ready 
EchoConnectCallback 0x7036f4001920
EchoSentWithReplyCallback 0x7036f4001920
EchoSentWithReplyCallback 0x7036f4001920
StateCallback 2
StateCallback Stopping 2
EchoDisconnectCallback 0x7036f4001920
StateCallback 3
StateCallback Stopped 2
StateCallback 0
StateCallback 1
StateCallback Ready 
EchoConnectCallback 0x7036f4001d30
EchoSentWithReplyCallback 0x7036f4001d30
EchoSentWithReplyCallback 0x7036f4001d30
StateCallback 2
StateCallback Stopping 2
StateCallback 3
StateCallback Stopped 2
EchoDisconnectCallback 0x7036f4001d30
StateCallback 0
StateCallback 1
StateCallback Ready 
EchoConnectCallback 0x7036ec001800
EchoSentWithReplyCallback 0x7036ec001800
EchoSentWithReplyCallback 0x7036ec001800
StateCallback 2
StateCallback Stopping 2
EchoDisconnectCallback 0x7036ec001800StateCallback 0x3

StateCallback Stopped 2
StateCallback 0
StateCallback 1
StateCallback Ready 
EchoConnectCallback 0x7036ec001800
EchoSentWithReplyCallback 0x7036ec001800
EchoSentWithReplyCallback 0x7036ec001800
StateCallback 2
StateCallback Stopping 2
EchoDisconnectCallback 0x7036ec001800
StateCallback 3
StateCallback Stopped 2
StateCallback 0
StateCallback 1
StateCallback Ready 
EchoConnectCallback 0x7036ec001c70
EchoSentWithReplyCallback 0x7036ec001c70
EchoSentWithReplyCallback 0x7036ec001c70
StateCallback 2
StateCallback Stopping 2
StateCallback 3
StateCallback Stopped 2
EchoDisconnectCallback 0x7036ec001c70
StateCallback 0
StateCallback 1
StateCallback Ready 
EchoConnectCallback 0x7036ec001c70
EchoSentWithReplyCallback 0x7036ec001c70
EchoSentWithReplyCallback 0x7036ec001c70
StateCallback 2
StateCallback Stopping 2
StateCallback 3
StateCallback Stopped 2
EchoDisconnectCallback 0x7036ec001c70
[==========] 17 tests from 2 test suites ran. (615 ms total)
[  PASSED  ] 17 tests.
Written output for 17 items to bazel-out/k8-fastbuild/bin/score/message_passing/dependability/dispatch.lobster
Running main() from gmock_main.cc
[==========] 42 tests from 1 test suite ran. (304 ms total)
[  PASSED  ] 42 tests.
Written output for 42 items to bazel-out/k8-fastbuild/bin/score/message_passing/dependability/component_message_passing.lobster
LOBSTER RST report written to bazel-out/k8-fastbuild/bin/score/message_passing/dependability/dependable_element_message_passing_index/traceability_report/ (9 files)
