[
  {
    "id": "two-real-peers",
    "status": "passed"
  },
  {
    "id": "one-real-cluster",
    "status": "passed"
  },
  {
    "id": "managed-bridge-a",
    "status": "passed"
  },
  {
    "id": "managed-bridge-b",
    "status": "passed"
  },
  {
    "id": "execution",
    "status": "failed",
    "reason": "[Errno 2] No such file or directory: '/home/jefferson/eclipse_sdv_hackathon_2026/.local/reproduction-first/bridge/config/vsomeip.gateway.json'"
  },
  {
    "id": "restore-tunnel",
    "status": "passed"
  },
  {
    "id": "stop-capture-a-sdv-net-6b48743c4c-dut.pid",
    "status": "passed"
  },
  {
    "id": "stop-capture-a-sdv-net-6b48743c4c-gre.pid",
    "status": "passed"
  },
  {
    "id": "stop-capture-b-sdv-net-6b48743c4c-dut.pid",
    "status": "passed"
  },
  {
    "id": "stop-capture-b-sdv-net-6b48743c4c-gre.pid",
    "status": "passed"
  },
  {
    "id": "read-capture-a-dut",
    "status": "passed"
  },
  {
    "id": "read-capture-a-gre",
    "status": "passed"
  },
  {
    "id": "read-capture-b-dut",
    "status": "passed"
  },
  {
    "id": "read-capture-b-gre",
    "status": "passed"
  },
  {
    "id": "restore-private-directory-owner",
    "status": "passed"
  }
]
