$TEST_TMPDIR defined, some defaults will be overridden
WARNING: Duplicate rc file: /media/jefferson/11c42dee-73a3-4c2b-ab42-a0440011d9e0/.s-core-build/runs/score-rust-issue-queue-ycbvxir7/workspaces/1264/quality/static_analysis/static_analysis.bazelrc is read multiple times, it is a standard rc file location but must have been unnecessarily imported earlier.
OpenJDK 64-Bit Server VM warning: Options -Xverify:none and -noverify were deprecated in JDK 13 and will likely be removed in a future release.
WARNING: The following configs were expanded more than once: [linux_x64_gcc_15]. For repeatable flags, repeats are counted twice and may lead to unexpected behavior.
Computing main repo mapping: 
Computing main repo mapping: 
WARNING: The following configs were expanded more than once: [linux_x64_gcc_15]. For repeatable flags, repeats are counted twice and may lead to unexpected behavior.
Computing main repo mapping: 
Computing main repo mapping: 
Computing main repo mapping: 
Computing main repo mapping: 
Computing main repo mapping: 
Loading: 
Loading: 5 packages loaded
Analyzing: 3 targets (8 packages loaded, 0 targets configured)
Analyzing: 3 targets (8 packages loaded, 0 targets configured)

Analyzing: 3 targets (107 packages loaded, 34 targets configured)

Analyzing: 3 targets (164 packages loaded, 3177 targets configured)

WARNING: /media/jefferson/11c42dee-73a3-4c2b-ab42-a0440011d9e0/.s-core-build/runs/score-rust-issue-queue-ycbvxir7/workspaces/1264/MODULE.bazel:196:20: The module extension apt defined in @rules_distroless//apt:extensions.bzl reported incorrect imports of repositories via use_repo():

Imported, but reported as indirect dependencies by the extension:
    ubuntu24_04_sysroot_resolve

Fix the use_repo calls by running 'bazel mod tidy'.
Analyzing: 3 targets (412 packages loaded, 11750 targets configured)

Analyzing: 3 targets (519 packages loaded, 17566 targets configured)

Analyzing: 3 targets (526 packages loaded, 18528 targets configured)

Analyzing: 3 targets (571 packages loaded, 19605 targets configured)
[10 / 458] checking cached actions
INFO: Analyzed 3 targets (571 packages loaded, 19612 targets configured).
[56 / 1,177] checking cached actions
[1,587 / 1,590] [Prepa] Testing //score/mw/com/test/basic_rust_api/consumer_async_apis/integration_test:test_com_api_async
[1,587 / 1,590] [Sched] Testing //score/mw/com/test/basic_rust_api/consumer_async_apis/integration_test:test_com_api_async ... (2 actions, 1 running)
[1,587 / 1,590] Testing //score/mw/com/example/com-api-example:com-api-example-tokio-integration-test; 6s linux-sandbox ... (2 actions running)
[1,588 / 1,590] 1 / 3 tests; Testing //score/mw/com/test/basic_rust_api/consumer_async_apis/integration_test:test_com_api_async; 1s linux-sandbox ... (2 actions, 1 running)
[1,588 / 1,590] 1 / 3 tests; Testing //score/mw/com/test/basic_rust_api/consumer_async_apis/integration_test:test_com_api_async; 11s linux-sandbox ... (2 actions, 1 running)
[1,588 / 1,590] 1 / 3 tests; Testing //score/mw/com/test/basic_rust_api/consumer_async_apis/integration_test:test_com_api_async; 33s linux-sandbox ... (2 actions running)
[1,589 / 1,590] 2 / 3 tests; Testing //score/mw/com/test/basic_rust_api/consumer_sync_apis/integration_test:test_com_api_sync; 1s linux-sandbox
[1,589 / 1,590] 2 / 3 tests; Testing //score/mw/com/test/basic_rust_api/consumer_sync_apis/integration_test:test_com_api_sync; 11s linux-sandbox
[1,589 / 1,590] 3 / 3 tests; Testing //score/mw/com/test/basic_rust_api/consumer_sync_apis/integration_test:test_com_api_sync; 31s linux-sandbox
INFO: Found 3 test targets...
INFO: Elapsed time: 93.226s, Critical Path: 65.05s
INFO: 4 processes: 1605 action cache hit, 4 linux-sandbox.
INFO: Build completed successfully, 4 total actions
INFO: 
//score/mw/com/example/com-api-example:com-api-example-tokio-integration-test PASSED in 6.1s
//score/mw/com/test/basic_rust_api/consumer_async_apis/integration_test:test_com_api_async PASSED in 32.9s
//score/mw/com/test/basic_rust_api/consumer_sync_apis/integration_test:test_com_api_sync PASSED in 31.6s

Executed 3 out of 3 tests: 3 tests pass.
There were tests whose specified size is too big. Use the --test_verbose_timeout_warnings command line option to see which ones these are.
INFO: Build Event Protocol files produced successfully.
