OpenJDK 64-Bit Server VM warning: Options -Xverify:none and -noverify were deprecated in JDK 13 and will likely be removed in a future release.
Computing main repo mapping: 
Computing main repo mapping: 
Computing main repo mapping: 
Computing main repo mapping: 
Computing main repo mapping: 
Computing main repo mapping: 
Computing main repo mapping: 
Loading: 
Loading: 5 packages loaded
Analyzing: 3 targets (6 packages loaded, 0 targets configured)
Analyzing: 3 targets (6 packages loaded, 0 targets configured)

Analyzing: 3 targets (38 packages loaded, 13 targets configured)
[1 / 1] no actions running
Analyzing: 3 targets (107 packages loaded, 570 targets configured)
[1 / 1] no actions running
Analyzing: 3 targets (160 packages loaded, 3173 targets configured)
[1 / 1] no actions running
Analyzing: 3 targets (168 packages loaded, 6253 targets configured)
[1 / 1] no actions running
Analyzing: 3 targets (169 packages loaded, 6257 targets configured)
[1 / 1] no actions running
Analyzing: 3 targets (178 packages loaded, 13694 targets configured)
[1 / 1] no actions running
Analyzing: 3 targets (179 packages loaded, 15762 targets configured)
[1 / 1] no actions running
Analyzing: 3 targets (180 packages loaded, 15762 targets configured)
[1 / 1] no actions running
Analyzing: 3 targets (184 packages loaded, 17679 targets configured)
[10 / 11] Testing //quality/static_analysis:codeql_lint_test; 0s processwrapper-sandbox
Analyzing: 3 targets (184 packages loaded, 17679 targets configured)
[11 / 11] 1 / 1 tests; no actions running
Analyzing: 3 targets (184 packages loaded, 17679 targets configured)
[11 / 11] 1 / 1 tests; no actions running
Analyzing: 3 targets (194 packages loaded, 17789 targets configured)
[11 / 11] 1 / 1 tests; no actions running
Analyzing: 3 targets (194 packages loaded, 17789 targets configured)
[11 / 11] 1 / 1 tests; no actions running
Analyzing: 3 targets (200 packages loaded, 17920 targets configured)
[11 / 11] 1 / 1 tests; no actions running
Analyzing: 3 targets (200 packages loaded, 17920 targets configured)
[11 / 11] 1 / 1 tests; no actions running
Analyzing: 3 targets (201 packages loaded, 17934 targets configured)
[11 / 11] 1 / 1 tests; no actions running
Analyzing: 3 targets (202 packages loaded, 17934 targets configured)
[11 / 11] 1 / 1 tests; no actions running
ERROR: file 'quality/static_analysis/__pycache__/codeql_lint.cpython-312.pyc' is generated by these conflicting actions:
Label: //quality/static_analysis:codeql_lint, //quality/static_analysis:codeql_lint_test
RuleClass: py_binary rule, py_test rule
JavaActionClass: class com.google.devtools.build.lib.analysis.actions.StarlarkAction
Configuration: e5ef7e4145a9894b448931872bf49de8e65aa7f9ddacb2fe4bedde2f9d25cee0, 680ccbc2d362e74df9afa5b4c19bc7025b2cbf7305800daebc76463f7197749d
Mnemonic: PyCompile
Action key: 2e707cbde58d1966fe15537c420f458de19cfc5f378db97ed1a54f7be8c108f3, ea4d083d10c7e5bfaff6bfcde16d4c98386d7a9ee0a4fbfcc00ba5b47d305512
Progress message: Python precompiling quality/static_analysis/codeql_lint.py into quality/static_analysis/__pycache__/codeql_lint.cpython-312.pyc
Action describeKey: Python precompiling quality/static_analysis/codeql_lint.py into quality/static_analysis/__pycache__/codeql_lint.cpython-312.pyc
  Environment variable: PYTHONHASHSEED=0
  Environment variable: PYTHONNOUSERSITE=1
  Environment variable: PYTHONSAFEPATH=1
  Execution info: local=
  Execution info: requires-worker-protocol=json
  Execution info: supports-multiplex-sandboxing=1
  Execution info: supports-multiplex-workers=1
  Execution info: supports-worker-cancellation=1
  Execution info: supports-workers=1
  Argument: bazel-out/k8-opt-exec-ST-d57f47055a04/bin/external/rules_python+/python/private/python3
  Argument: bazel-out/k8-opt-exec-ST-d57f47055a04/bin/external/rules_python+/tools/precompiler/precompiler
  Argument: --invalidation_mode
  Argument: checked_hash
  Argument: --src
  Argument: quality/static_analysis/codeql_lint.py
  Argument: --src_name
  Argument: quality/static_analysis/codeql_lint.py
  Argument: --pyc
  Argument: bazel-out/k8-fastbuild/bin/quality/static_analysis/__pycache__/codeql_lint.cpython-312.pyc
  Argument: --optimize
  Argument: 0
  Argument: --python_version
  Argument: 3.12
  Output paths mode: OFF
, Python precompiling quality/static_analysis/codeql_lint.py into quality/static_analysis/__pycache__/codeql_lint.cpython-312.pyc
  Environment variable: PYTHONHASHSEED=0
  Environment variable: PYTHONNOUSERSITE=1
  Environment variable: PYTHONSAFEPATH=1
  Execution info: requires-worker-protocol=json
  Execution info: supports-multiplex-sandboxing=1
  Execution info: supports-multiplex-workers=1
  Execution info: supports-worker-cancellation=1
  Execution info: supports-workers=1
  Argument: bazel-out/k8-opt-exec-ST-d57f47055a04/bin/external/rules_python+/python/private/python3
  Argument: bazel-out/k8-opt-exec-ST-d57f47055a04/bin/external/rules_python+/tools/precompiler/precompiler
  Argument: --invalidation_mode
  Argument: checked_hash
  Argument: --src
  Argument: quality/static_analysis/codeql_lint.py
  Argument: --src_name
  Argument: quality/static_analysis/codeql_lint.py
  Argument: --pyc
  Argument: bazel-out/k8-fastbuild/bin/quality/static_analysis/__pycache__/codeql_lint.cpython-312.pyc
  Argument: --optimize
  Argument: 0
  Argument: --python_version
  Argument: 3.12
  Output paths mode: OFF

PrimaryInput: File:[/media/jefferson/11c42dee-73a3-4c2b-ab42-a0440011d9e0/.s-core-build/runs/score-communication-bug-recovery-fw8j963z/issue-1104[source]]quality/static_analysis/codeql_lint.py
PrimaryOutput: File:[[<execution_root>]bazel-out/k8-fastbuild/bin]quality/static_analysis/__pycache__/codeql_lint.cpython-312.pyc
Owner information: ConfiguredTargetKey{label=//quality/static_analysis:codeql_lint, config=BuildConfigurationKey[e5ef7e4145a9894b448931872bf49de8e65aa7f9ddacb2fe4bedde2f9d25cee0]}, ConfiguredTargetKey{label=//quality/static_analysis:codeql_lint_test, config=BuildConfigurationKey[680ccbc2d362e74df9afa5b4c19bc7025b2cbf7305800daebc76463f7197749d]}
MandatoryInputs: are equal
Outputs: are equal
Analyzing: 3 targets (202 packages loaded, 50740 targets configured)
[11 / 11] 1 / 1 tests; no actions running
Use --verbose_failures to see the command lines of failed build steps.
ERROR: file 'quality/static_analysis/__pycache__/codeql_lint.cpython-312.pyc' is generated by these conflicting actions:
Label: //quality/static_analysis:codeql_lint, //quality/static_analysis:codeql_lint_test
RuleClass: py_binary rule, py_test rule
JavaActionClass: class com.google.devtools.build.lib.analysis.actions.StarlarkAction
Configuration: e5ef7e4145a9894b448931872bf49de8e65aa7f9ddacb2fe4bedde2f9d25cee0, 680ccbc2d362e74df9afa5b4c19bc7025b2cbf7305800daebc76463f7197749d
Mnemonic: PyCompile
Action key: 2e707cbde58d1966fe15537c420f458de19cfc5f378db97ed1a54f7be8c108f3, ea4d083d10c7e5bfaff6bfcde16d4c98386d7a9ee0a4fbfcc00ba5b47d305512
Progress message: Python precompiling quality/static_analysis/codeql_lint.py into quality/static_analysis/__pycache__/codeql_lint.cpython-312.pyc
Action describeKey: Python precompiling quality/static_analysis/codeql_lint.py into quality/static_analysis/__pycache__/codeql_lint.cpython-312.pyc
  Environment variable: PYTHONHASHSEED=0
  Environment variable: PYTHONNOUSERSITE=1
  Environment variable: PYTHONSAFEPATH=1
  Execution info: local=
  Execution info: requires-worker-protocol=json
  Execution info: supports-multiplex-sandboxing=1
  Execution info: supports-multiplex-workers=1
  Execution info: supports-worker-cancellation=1
  Execution info: supports-workers=1
  Argument: bazel-out/k8-opt-exec-ST-d57f47055a04/bin/external/rules_python+/python/private/python3
  Argument: bazel-out/k8-opt-exec-ST-d57f47055a04/bin/external/rules_python+/tools/precompiler/precompiler
  Argument: --invalidation_mode
  Argument: checked_hash
  Argument: --src
  Argument: quality/static_analysis/codeql_lint.py
  Argument: --src_name
  Argument: quality/static_analysis/codeql_lint.py
  Argument: --pyc
  Argument: bazel-out/k8-fastbuild/bin/quality/static_analysis/__pycache__/codeql_lint.cpython-312.pyc
  Argument: --optimize
  Argument: 0
  Argument: --python_version
  Argument: 3.12
  Output paths mode: OFF
, Python precompiling quality/static_analysis/codeql_lint.py into quality/static_analysis/__pycache__/codeql_lint.cpython-312.pyc
  Environment variable: PYTHONHASHSEED=0
  Environment variable: PYTHONNOUSERSITE=1
  Environment variable: PYTHONSAFEPATH=1
  Execution info: requires-worker-protocol=json
  Execution info: supports-multiplex-sandboxing=1
  Execution info: supports-multiplex-workers=1
  Execution info: supports-worker-cancellation=1
  Execution info: supports-workers=1
  Argument: bazel-out/k8-opt-exec-ST-d57f47055a04/bin/external/rules_python+/python/private/python3
  Argument: bazel-out/k8-opt-exec-ST-d57f47055a04/bin/external/rules_python+/tools/precompiler/precompiler
  Argument: --invalidation_mode
  Argument: checked_hash
  Argument: --src
  Argument: quality/static_analysis/codeql_lint.py
  Argument: --src_name
  Argument: quality/static_analysis/codeql_lint.py
  Argument: --pyc
  Argument: bazel-out/k8-fastbuild/bin/quality/static_analysis/__pycache__/codeql_lint.cpython-312.pyc
  Argument: --optimize
  Argument: 0
  Argument: --python_version
  Argument: 3.12
  Output paths mode: OFF

PrimaryInput: File:[/media/jefferson/11c42dee-73a3-4c2b-ab42-a0440011d9e0/.s-core-build/runs/score-communication-bug-recovery-fw8j963z/issue-1104[source]]quality/static_analysis/codeql_lint.py
PrimaryOutput: File:[[<execution_root>]bazel-out/k8-fastbuild/bin]quality/static_analysis/__pycache__/codeql_lint.cpython-312.pyc
Owner information: ConfiguredTargetKey{label=//quality/static_analysis:codeql_lint, config=BuildConfigurationKey[e5ef7e4145a9894b448931872bf49de8e65aa7f9ddacb2fe4bedde2f9d25cee0]}, ConfiguredTargetKey{label=//quality/static_analysis:codeql_lint_test, config=BuildConfigurationKey[680ccbc2d362e74df9afa5b4c19bc7025b2cbf7305800daebc76463f7197749d]}
MandatoryInputs: are equal
Outputs: are equal
INFO: Elapsed time: 35.431s, Critical Path: 1.61s
INFO: 11 processes: 9 internal, 2 processwrapper-sandbox.
ERROR: Build did NOT complete successfully
