OpenJDK 64-Bit Server VM warning: Options -Xverify:none and -noverify were deprecated in JDK 13 and will likely be removed in a future release.
Computing main repo mapping: 
Computing main repo mapping: 
Computing main repo mapping: 
Computing main repo mapping: 
Computing main repo mapping: 
Computing main repo mapping: 
Computing main repo mapping: 
Computing main repo mapping: 
Computing main repo mapping: 
Computing main repo mapping: 
Computing main repo mapping: 
Loading: 
Loading: 2 packages loaded
Analyzing: target //consumer:component_requirements (8 packages loaded, 10 targets configured)
Analyzing: target //consumer:component_requirements (8 packages loaded, 10 targets configured)

Analyzing: target //consumer:component_requirements (127 packages loaded, 122 targets configured)

Analyzing: target //consumer:component_requirements (209 packages loaded, 3340 targets configured)

ERROR: Analysis of target '//consumer:component_requirements' failed; build aborted: MODULE.bazel.lock is no longer up-to-date because: The usages of the extension '@@rules_rust+//crate_universe:extensions.bzl%crate' have changed. Please run `bazel mod deps --lockfile_mode=update` to update your lockfile.
INFO: Elapsed time: 16.426s, Critical Path: 0.05s
INFO: 1 process: 1 internal.
ERROR: Build did NOT complete successfully
FAILED: 
