OpenJDK 64-Bit Server VM warning: Options -Xverify:none and -noverify were deprecated in JDK 13 and will likely be removed in a future release.
Computing main repo mapping: 
Computing main repo mapping: 
Computing main repo mapping: 
Computing main repo mapping: 
Computing main repo mapping: 
Computing main repo mapping: 
Computing main repo mapping: 
Loading: 
Loading: 5 packages loaded
Analyzing: target //quality/static_analysis:codeql_lint (6 packages loaded, 0 targets configured)
Analyzing: target //quality/static_analysis:codeql_lint (6 packages loaded, 0 targets configured)

Analyzing: target //quality/static_analysis:codeql_lint (31 packages loaded, 10 targets configured)

Analyzing: target //quality/static_analysis:codeql_lint (100 packages loaded, 10 targets configured)

Analyzing: target //quality/static_analysis:codeql_lint (160 packages loaded, 3162 targets configured)

Analyzing: target //quality/static_analysis:codeql_lint (168 packages loaded, 6247 targets configured)

Analyzing: target //quality/static_analysis:codeql_lint (173 packages loaded, 11096 targets configured)

Analyzing: target //quality/static_analysis:codeql_lint (198 packages loaded, 17891 targets configured)

Analyzing: target //quality/static_analysis:codeql_lint (200 packages loaded, 17909 targets configured)

Analyzing: target //quality/static_analysis:codeql_lint (201 packages loaded, 50716 targets configured)

INFO: Analyzed target //quality/static_analysis:codeql_lint (201 packages loaded, 50716 targets configured).
[27 / 29] checking cached actions
