$TEST_TMPDIR defined, some defaults will be overridden
OpenJDK 64-Bit Server VM warning: Options -Xverify:none and -noverify were deprecated in JDK 13 and will likely be removed in a future release.
Computing main repo mapping: 
Computing main repo mapping: 
Computing main repo mapping: 
Loading: 
Loading: 5 packages loaded
Analyzing: target //:copyright.check (6 packages loaded, 0 targets configured)
Analyzing: target //:copyright.check (6 packages loaded, 0 targets configured)

Analyzing: target //:copyright.check (168 packages loaded, 3176 targets configured)

Analyzing: target //:copyright.check (170 packages loaded, 5057 targets configured)

Analyzing: target //:copyright.check (170 packages loaded, 5057 targets configured)

Analyzing: target //:copyright.check (170 packages loaded, 5057 targets configured)

INFO: Analyzed target //:copyright.check (172 packages loaded, 8243 targets configured).
INFO: Found 1 target...
Target //:copyright.check up-to-date:
  bazel-bin/copyright.check
  bazel-bin/copyright.check.venv.pth
INFO: Elapsed time: 11.074s, Critical Path: 0.10s
INFO: 6 processes: 6 internal.
INFO: Build completed successfully, 6 total actions
INFO: Running command line: bazel-bin/copyright.check -t third_party/cr_checker/templates.ini -c third_party/cr_checker/config.json .github quality score third_party tools //:BUILD //:MODULE.bazel
[31mERROR:[0m Failed to collect input files: Command '['git', '-C', '/media/jefferson/11c42dee-73a3-4c2b-ab42-a0440011d9e0/.s-core-build/runs/score-fabric-7r64z_kz/candidate', 'ls-files', '-z', '--cached', '--others', '--exclude-standard', '--', '.github', 'quality', 'score', 'third_party', 'tools', '//:BUILD', '//:MODULE.bazel']' returned non-zero exit status 128.
