$TEST_TMPDIR defined, some defaults will be overridden
OpenJDK 64-Bit Server VM warning: Options -Xverify:none and -noverify were deprecated in JDK 13 and will likely be removed in a future release.
WARNING: The following configs were expanded more than once: [linux_x64_gcc_15]. For repeatable flags, repeats are counted twice and may lead to unexpected behavior.
Computing main repo mapping: 
WARNING: The following configs were expanded more than once: [linux_x64_gcc_15]. For repeatable flags, repeats are counted twice and may lead to unexpected behavior.
Computing main repo mapping: 
Computing main repo mapping: 
Computing main repo mapping: 
Computing main repo mapping: 
Computing main repo mapping: 
Computing main repo mapping: 
Computing main repo mapping: 
Loading: 
Loading: 5 packages loaded
Analyzing: 4 targets (9 packages loaded, 0 targets configured)
Analyzing: 4 targets (9 packages loaded, 0 targets configured)

Analyzing: 4 targets (95 packages loaded, 46 targets configured)

Analyzing: 4 targets (141 packages loaded, 819 targets configured)

Analyzing: 4 targets (195 packages loaded, 7930 targets configured)

WARNING: /media/jefferson/11c42dee-73a3-4c2b-ab42-a0440011d9e0/.s-core-build/runs/communication-review-pb5v82w4/workspaces/1261/MODULE.bazel:196:20: The module extension apt defined in @rules_distroless//apt:extensions.bzl reported incorrect imports of repositories via use_repo():

Imported, but reported as indirect dependencies by the extension:
    ubuntu24_04_sysroot_resolve

Fix the use_repo calls by running 'bazel mod tidy'.
Analyzing: 4 targets (429 packages loaded, 14647 targets configured)

Analyzing: 4 targets (605 packages loaded, 23045 targets configured)

INFO: Analyzed 4 targets (605 packages loaded, 23045 targets configured).
[23 / 580] checking cached actions
[1,603 / 1,751] [Prepa] Testing //score/mw/com/test/find_any_semantics/integration_test:test_find_any_semantics
[1,718 / 1,751] Testing //score/mw/com/test/find_any_semantics/integration_test:test_find_any_semantics; 1s linux-sandbox
[1,732 / 1,751] Testing //score/mw/com/test/find_any_semantics/integration_test:test_find_any_semantics; 2s linux-sandbox ... (2 actions running)
[1,733 / 1,751] Testing //score/mw/com/test/find_any_semantics/integration_test:test_find_any_semantics; 3s linux-sandbox ... (2 actions, 1 running)
[1,733 / 1,751] Testing //score/mw/com/test/find_any_semantics/integration_test:test_find_any_semantics; 5s linux-sandbox ... (2 actions running)
[1,734 / 1,751] Testing //score/mw/com/test/find_any_semantics/integration_test:test_find_any_semantics; 8s linux-sandbox ... (2 actions, 1 running)
[1,734 / 1,751] Testing //score/mw/com/test/find_any_semantics/integration_test:test_find_any_semantics; 10s linux-sandbox ... (2 actions running)
[1,735 / 1,751] Testing //score/mw/com/test/find_any_semantics/integration_test:test_find_any_semantics; 12s linux-sandbox
[1,738 / 1,751] 1 / 4 tests; OCI Image //score/mw/com/test/basic_rust_api/all_services_stream/integration_test:_image_test_com_api_all_services_stream; 0s linux-sandbox ... (2 actions running)
[1,739 / 1,751] 1 / 4 tests; Compiling Rust bin bigdata-consumer-async (1 file); 3s linux-sandbox ... (2 actions, 1 running)
[1,740 / 1,751] 1 / 4 tests; Compiling Rust bin bigdata-producer (1 file); 1s linux-sandbox ... (2 actions, 1 running)
[1,741 / 1,751] 1 / 4 tests; Compiling Rust bin bigdata-producer (1 file); 2s linux-sandbox ... (2 actions running)
[1,745 / 1,752] 1 / 4 tests; Compiling Rust bin bigdata-consumer (1 file); 3s linux-sandbox ... (2 actions, 1 running)
[1,750 / 1,753] 1 / 4 tests; Testing //score/mw/com/test/basic_rust_api/all_services_stream/integration_test:test_com_api_all_services_stream; 1s linux-sandbox ... (2 actions, 1 running)
[1,750 / 1,753] 1 / 4 tests; Testing //score/mw/com/test/basic_rust_api/all_services_stream/integration_test:test_com_api_all_services_stream; 2s linux-sandbox ... (2 actions, 1 running)
[1,750 / 1,753] 1 / 4 tests; Testing //score/mw/com/test/basic_rust_api/all_services_stream/integration_test:test_com_api_all_services_stream; 12s linux-sandbox ... (2 actions, 1 running)
[1,750 / 1,753] 1 / 4 tests; Testing //score/mw/com/test/basic_rust_api/all_services_stream/integration_test:test_com_api_all_services_stream; 36s linux-sandbox ... (2 actions running)
[1,752 / 1,754] 2 / 4 tests; Testing //score/mw/com/test/basic_rust_api/consumer_async_apis/integration_test:test_com_api_async; 1s linux-sandbox ... (2 actions, 1 running)
[1,752 / 1,754] 2 / 4 tests; Testing //score/mw/com/test/basic_rust_api/consumer_async_apis/integration_test:test_com_api_async; 11s linux-sandbox ... (2 actions, 1 running)
[1,752 / 1,754] 2 / 4 tests; Testing //score/mw/com/test/basic_rust_api/consumer_async_apis/integration_test:test_com_api_async; 41s linux-sandbox ... (2 actions, 1 running)
[1,752 / 1,754] 2 / 4 tests; Testing //score/mw/com/test/basic_rust_api/consumer_async_apis/integration_test:test_com_api_async; 101s linux-sandbox ... (2 actions, 1 running)
[1,752 / 1,754] 2 / 4 tests; Testing //score/mw/com/test/basic_rust_api/consumer_async_apis/integration_test:test_com_api_async; 104s linux-sandbox ... (2 actions running)
[1,753 / 1,754] 3 / 4 tests; Testing //score/mw/com/test/basic_rust_api/consumer_sync_apis/integration_test:test_com_api_sync; 1s linux-sandbox
[1,753 / 1,754] 3 / 4 tests; Testing //score/mw/com/test/basic_rust_api/consumer_sync_apis/integration_test:test_com_api_sync; 11s linux-sandbox
[1,753 / 1,754] 4 / 4 tests; Testing //score/mw/com/test/basic_rust_api/consumer_sync_apis/integration_test:test_com_api_sync; 40s linux-sandbox
INFO: Found 4 test targets...
INFO: Elapsed time: 246.411s, Critical Path: 152.35s
INFO: 15 processes: 1758 action cache hit, 1 internal, 14 linux-sandbox.
INFO: Build completed successfully, 15 total actions
INFO: 
//score/mw/com/test/basic_rust_api/all_services_stream/integration_test:test_com_api_all_services_stream PASSED in 36.6s
//score/mw/com/test/basic_rust_api/consumer_async_apis/integration_test:test_com_api_async PASSED in 103.6s
//score/mw/com/test/basic_rust_api/consumer_sync_apis/integration_test:test_com_api_sync PASSED in 38.9s
//score/mw/com/test/find_any_semantics/integration_test:test_find_any_semantics PASSED in 13.0s

Executed 4 out of 4 tests: 4 tests pass.
There were tests whose specified size is too big. Use the --test_verbose_timeout_warnings command line option to see which ones these are.
INFO: Build Event Protocol files produced successfully.
