$TEST_TMPDIR defined, some defaults will be overridden
OpenJDK 64-Bit Server VM warning: Options -Xverify:none and -noverify were deprecated in JDK 13 and will likely be removed in a future release.
Computing main repo mapping: 
Computing main repo mapping: 
Computing main repo mapping: 
Computing main repo mapping: 
Computing main repo mapping: 
Computing main repo mapping: 
Computing main repo mapping: 
Computing main repo mapping: 
Computing main repo mapping: 
Loading: 
Loading: 6 packages loaded
Analyzing: 3 targets (8 packages loaded, 0 targets configured)
Analyzing: 3 targets (8 packages loaded, 0 targets configured)

Analyzing: 3 targets (97 packages loaded, 9 targets configured)

Analyzing: 3 targets (159 packages loaded, 1265 targets configured)

Analyzing: 3 targets (202 packages loaded, 9048 targets configured)

Analyzing: 3 targets (348 packages loaded, 14018 targets configured)

Analyzing: 3 targets (387 packages loaded, 15197 targets configured)
[1 / 1] no actions running
INFO: Analyzed 3 targets (388 packages loaded, 20241 targets configured).
[7 / 459] checking cached actions
[96 / 1,319] [Prepa] Action score/mw/com/test/basic_rust_api/subscription_state_apis/test-1786940837/subscription-state-apis-tests.AspectRulesLintClippy.out
[170 / 1,398] checking cached actions
[1,389 / 1,398] [Prepa] Clippy //score/mw/com/test/basic_rust_api/subscription_state_apis:subscription-state-apis
INFO: Found 3 targets...
[1,398 / 1,398] no actions running
INFO: Elapsed time: 30.508s, Critical Path: 1.79s
INFO: 4 processes: 1415 action cache hit, 1 internal, 3 linux-sandbox.
INFO: Build completed successfully, 4 total actions
