$TEST_TMPDIR defined, some defaults will be overridden
OpenJDK 64-Bit Server VM warning: Options -Xverify:none and -noverify were deprecated in JDK 13 and will likely be removed in a future release.
WARNING: The following configs were expanded more than once: [linux_x64_gcc_15]. For repeatable flags, repeats are counted twice and may lead to unexpected behavior.
Computing main repo mapping: 
Computing main repo mapping: 
WARNING: The following configs were expanded more than once: [linux_x64_gcc_15]. For repeatable flags, repeats are counted twice and may lead to unexpected behavior.
Computing main repo mapping: 
Computing main repo mapping: 
Computing main repo mapping: 
Computing main repo mapping: 
Computing main repo mapping: 
Computing main repo mapping: 
Computing main repo mapping: 
Loading: 
Loading: 5 packages loaded
Analyzing: 2 targets (7 packages loaded, 0 targets configured)
Analyzing: 2 targets (7 packages loaded, 0 targets configured)

Analyzing: 2 targets (96 packages loaded, 9 targets configured)

Analyzing: 2 targets (156 packages loaded, 677 targets configured)

Analyzing: 2 targets (204 packages loaded, 10084 targets configured)

Analyzing: 2 targets (375 packages loaded, 15136 targets configured)

INFO: Analyzed 2 targets (378 packages loaded, 15162 targets configured).
[10 / 456] checking cached actions
[1,348 / 1,350] [Prepa] Testing //score/mw/com/impl/rust/com-api/com-api-runtime-lola:com-api-runtime-lola-tests
[1,349 / 1,350] 1 / 2 tests; Compiling Rust bin subscription-state-apis-tests (1 file); 1s linux-sandbox
[1,350 / 1,351] 1 / 2 tests; [Prepa] Testing //score/mw/com/test/basic_rust_api/subscription_state_apis:subscription-state-apis-tests
INFO: Found 2 test targets...
INFO: Elapsed time: 56.340s, Critical Path: 6.94s
INFO: 4 processes: 1364 action cache hit, 5 linux-sandbox.
INFO: Build completed successfully, 4 total actions
INFO: 
//score/mw/com/impl/rust/com-api/com-api-runtime-lola:com-api-runtime-lola-tests PASSED in 0.1s
//score/mw/com/test/basic_rust_api/subscription_state_apis:subscription-state-apis-tests PASSED in 0.1s

Executed 2 out of 2 tests: 2 tests pass.
There were tests whose specified size is too big. Use the --test_verbose_timeout_warnings command line option to see which ones these are.
INFO: Build Event Protocol files produced successfully.
