$TEST_TMPDIR defined, some defaults will be overridden
OpenJDK 64-Bit Server VM warning: Options -Xverify:none and -noverify were deprecated in JDK 13 and will likely be removed in a future release.
WARNING: The following configs were expanded more than once: [linux_x64_gcc_15]. For repeatable flags, repeats are counted twice and may lead to unexpected behavior.
Computing main repo mapping: 
Computing main repo mapping: 
Computing main repo mapping: 
WARNING: The following configs were expanded more than once: [linux_x64_gcc_15]. For repeatable flags, repeats are counted twice and may lead to unexpected behavior.
Computing main repo mapping: 
Computing main repo mapping: 
Computing main repo mapping: 
Computing main repo mapping: 
Computing main repo mapping: 
Computing main repo mapping: 
Computing main repo mapping: 
Computing main repo mapping: 
Loading: 
Loading: 5 packages loaded
Analyzing: 2 targets (7 packages loaded, 0 targets configured)
Analyzing: 2 targets (7 packages loaded, 0 targets configured)

Analyzing: 2 targets (22 packages loaded, 9 targets configured)

Analyzing: 2 targets (39 packages loaded, 9 targets configured)

Analyzing: 2 targets (85 packages loaded, 9 targets configured)

Analyzing: 2 targets (144 packages loaded, 315 targets configured)

Analyzing: 2 targets (160 packages loaded, 3160 targets configured)

Analyzing: 2 targets (234 packages loaded, 8318 targets configured)

Analyzing: 2 targets (299 packages loaded, 11896 targets configured)

Analyzing: 2 targets (365 packages loaded, 14631 targets configured)

INFO: Analyzed 2 targets (366 packages loaded, 14936 targets configured).
[7 / 11] checking cached actions
[1,248 / 1,249] [Prepa] Compiling Rust bin subscription-state-apis (1 file)
[1,248 / 1,249] Compiling Rust bin subscription-state-apis (1 file); 1s linux-sandbox
[1,248 / 1,249] Compiling Rust bin subscription-state-apis (1 file); 11s linux-sandbox
INFO: Found 2 targets...
INFO: Elapsed time: 79.802s, Critical Path: 20.85s
INFO: 2 processes: 1261 action cache hit, 1 internal, 1 linux-sandbox.
INFO: Build completed successfully, 2 total actions
