$TEST_TMPDIR defined, some defaults will be overridden
OpenJDK 64-Bit Server VM warning: Options -Xverify:none and -noverify were deprecated in JDK 13 and will likely be removed in a future release.
Computing main repo mapping: 
Computing main repo mapping: 
Computing main repo mapping: 
Computing main repo mapping: 
Loading: 
Loading: 5 packages loaded
Analyzing: target //:format.check (6 packages loaded, 0 targets configured)
Analyzing: target //:format.check (6 packages loaded, 0 targets configured)

Analyzing: target //:format.check (185 packages loaded, 9097 targets configured)

INFO: Analyzed target //:format.check (198 packages loaded, 14633 targets configured).
[79 / 126] checking cached actions
INFO: Found 1 target...
Target //:format.check up-to-date:
  bazel-bin/format.check.bash
INFO: Elapsed time: 8.598s, Critical Path: 0.09s
INFO: 1 process: 128 action cache hit, 1 internal.
INFO: Build completed successfully, 1 total action
INFO: Running command line: bazel-bin/format.check.bash
169 files already formatted
Formatted Python in 0m0.018s
Formatted Starlark in 0m0.140s
Formatted C++ in 0m14.238s
Formatted Rust in 0m0.153s
