$TEST_TMPDIR defined, some defaults will be overridden
OpenJDK 64-Bit Server VM warning: Options -Xverify:none and -noverify were deprecated in JDK 13 and will likely be removed in a future release.
WARNING: The following configs were expanded more than once: [linux_x64_gcc_15]. For repeatable flags, repeats are counted twice and may lead to unexpected behavior.
Computing main repo mapping: 
Computing main repo mapping: 
Computing main repo mapping: 
WARNING: The following configs were expanded more than once: [linux_x64_gcc_15]. For repeatable flags, repeats are counted twice and may lead to unexpected behavior.
Computing main repo mapping: 
Computing main repo mapping: 
Computing main repo mapping: 
Computing main repo mapping: 
Computing main repo mapping: 
Computing main repo mapping: 
Computing main repo mapping: 
Computing main repo mapping: 
Loading: 
Loading: 5 packages loaded
Analyzing: 5 targets (9 packages loaded)
Analyzing: 5 targets (9 packages loaded, 0 targets configured)
Analyzing: 5 targets (9 packages loaded, 0 targets configured)

Analyzing: 5 targets (22 packages loaded, 26 targets configured)

Analyzing: 5 targets (103 packages loaded, 26 targets configured)

Analyzing: 5 targets (163 packages loaded, 6265 targets configured)

Analyzing: 5 targets (347 packages loaded, 13003 targets configured)

Analyzing: 5 targets (379 packages loaded, 15180 targets configured)

INFO: Analyzed 5 targets (379 packages loaded, 15249 targets configured).
[6 / 965] checking cached actions
[1,932 / 1,957] [Prepa] Testing //score/mw/com/impl:runtime_test
[1,955 / 1,958] 2 / 5 tests; checking cached actions
INFO: Found 5 test targets...
INFO: Elapsed time: 75.237s, Critical Path: 3.79s
INFO: 6 processes: 1975 action cache hit, 8 linux-sandbox.
INFO: Build completed successfully, 6 total actions
INFO: 
//score/mw/com/impl:runtime_test                                         PASSED in 0.3s
//score/mw/com/impl/configuration:configuration_test                     PASSED in 0.5s
//score/mw/com/impl/rust/com-api/com-api-runtime-lola:com-api-runtime-lola-tests PASSED in 0.1s
//score/mw/com/rust/score_com_concept:score_com_concept-macros-unit-tests PASSED in 0.0s
//score/mw/com/rust/score_com_concept:score_com_concept-test             PASSED in 0.0s

Executed 5 out of 5 tests: 5 tests pass.
There were tests whose specified size is too big. Use the --test_verbose_timeout_warnings command line option to see which ones these are.
INFO: Build Event Protocol files produced successfully.
