$TEST_TMPDIR defined, some defaults will be overridden
OpenJDK 64-Bit Server VM warning: Options -Xverify:none and -noverify were deprecated in JDK 13 and will likely be removed in a future release.
WARNING: The following configs were expanded more than once: [linux_x64_gcc_15]. For repeatable flags, repeats are counted twice and may lead to unexpected behavior.
Computing main repo mapping: 
Computing main repo mapping: 
WARNING: The following configs were expanded more than once: [linux_x64_gcc_15]. For repeatable flags, repeats are counted twice and may lead to unexpected behavior.
Computing main repo mapping: 
Computing main repo mapping: 
Computing main repo mapping: 
Computing main repo mapping: 
Loading: 
Loading: 5 packages loaded
Loading: 8 packages loaded
    currently loading: score/mw/com/test/basic_rust_api/consumer_async_apis/integration_test ... (2 packages)
Analyzing: 10 targets (10 packages loaded, 0 targets configured)
Analyzing: 10 targets (10 packages loaded, 0 targets configured)

Analyzing: 10 targets (104 packages loaded, 26 targets configured)

Analyzing: 10 targets (170 packages loaded, 6281 targets configured)

Analyzing: 10 targets (424 packages loaded, 15272 targets configured)

WARNING: /media/jefferson/11c42dee-73a3-4c2b-ab42-a0440011d9e0/.s-core-build/runs/score-rust-560-resume-wm0jdkb8/workspaces/560/MODULE.bazel:196:20: The module extension apt defined in @rules_distroless//apt:extensions.bzl reported incorrect imports of repositories via use_repo():

Imported, but reported as indirect dependencies by the extension:
    ubuntu24_04_sysroot_resolve

Fix the use_repo calls by running 'bazel mod tidy'.
Analyzing: 10 targets (493 packages loaded, 15735 targets configured)

Analyzing: 10 targets (504 packages loaded, 15760 targets configured)

Analyzing: 10 targets (512 packages loaded, 15792 targets configured)
[10 / 456] checking cached actions
Analyzing: 10 targets (517 packages loaded, 15828 targets configured)
[71 / 1,342] checking cached actions
Analyzing: 10 targets (525 packages loaded, 15864 targets configured)
[173 / 1,342] [Prepa] Creating symlink to ambiguous lib: bazel-out/k8-fastbuild/bin/external/score_baselibs+/score/concurrency/timed_executor/libdelayed_task.a
Analyzing: 10 targets (536 packages loaded, 16008 targets configured)
[584 / 1,342] checking cached actions
Analyzing: 10 targets (537 packages loaded, 16013 targets configured)
[1,123 / 1,342] [Prepa] Creating symlink to ambiguous lib: bazel-out/k8-fastbuild/bin/external/score_baselibs+/score/os/utils/libpath.a
Analyzing: 10 targets (538 packages loaded, 16015 targets configured)
[1,320 / 1,718] Compiling Rust bin score_com_concept-macros-unit-tests_linux (1 file); 0s linux-sandbox ... (2 actions running)
Analyzing: 10 targets (539 packages loaded, 16245 targets configured)
[1,339 / 1,729] Compiling Rust bin score_com_concept-macros-unit-tests_linux (1 file); 1s linux-sandbox ... (2 actions, 1 running)
Analyzing: 10 targets (539 packages loaded, 16245 targets configured)
[1,358 / 1,752] Compiling Rust bin score_com_concept-macros-unit-tests_linux (1 file); 2s linux-sandbox ... (2 actions running)
Analyzing: 10 targets (539 packages loaded, 16245 targets configured)
[1,378 / 1,772] Compiling Rust bin score_com_concept-test (5 files); 0s linux-sandbox ... (2 actions, 1 running)
Analyzing: 10 targets (539 packages loaded, 16245 targets configured)
[1,398 / 1,782] Compiling Rust bin score_com_concept-test (5 files); 1s linux-sandbox ... (2 actions, 1 running)
Analyzing: 10 targets (539 packages loaded, 16245 targets configured)
[1,450 / 1,794] Compiling Rust bin com-api-runtime-lola-tests (4 files); 0s linux-sandbox ... (2 actions running)
Analyzing: 10 targets (539 packages loaded, 16245 targets configured)
[1,469 / 1,803] Compiling Rust bin com-api-runtime-lola-tests (4 files); 1s linux-sandbox ... (2 actions, 1 running)
Analyzing: 10 targets (539 packages loaded, 16245 targets configured)
[1,499 / 1,828] Linking external/score_baselibs+/score/language/safecpp/string_view/libzstring_view.so; 0s linux-sandbox ... (2 actions, 1 running)
Analyzing: 10 targets (539 packages loaded, 16245 targets configured)
[1,526 / 1,851] Compiling googlemock/src/gmock_main.cc; 0s linux-sandbox ... (2 actions, 1 running)
Analyzing: 10 targets (539 packages loaded, 16245 targets configured)
[1,550 / 1,862] Compiling score/os/mocklib/stdlib_mock.cpp; 0s linux-sandbox ... (2 actions running)
Analyzing: 10 targets (539 packages loaded, 16245 targets configured)
[1,568 / 1,871] Compiling score/os/mocklib/stdlib_mock.cpp; 1s linux-sandbox ... (2 actions running)
Analyzing: 10 targets (539 packages loaded, 16245 targets configured)
[1,589 / 1,880] Compiling score/filesystem/filestream/file_factory_fake.cpp; 0s linux-sandbox ... (2 actions running)
Analyzing: 10 targets (539 packages loaded, 16245 targets configured)
[1,609 / 1,890] Compiling score/filesystem/filestream/file_factory_fake.cpp; 1s linux-sandbox ... (2 actions running)
Analyzing: 10 targets (539 packages loaded, 16245 targets configured)
[1,629 / 1,900] Compiling score/filesystem/filestream/file_factory_fake.cpp; 2s linux-sandbox ... (2 actions running)
Analyzing: 10 targets (539 packages loaded, 16245 targets configured)
[1,651 / 1,910] Compiling score/filesystem/filestream/i_string_stream_collection.cpp; 0s linux-sandbox ... (2 actions, 1 running)
Analyzing: 10 targets (539 packages loaded, 16245 targets configured)
[1,672 / 1,920] Compiling score/filesystem/filestream/simple_string_stream_collection.cpp; 0s linux-sandbox ... (2 actions, 1 running)
Analyzing: 10 targets (539 packages loaded, 16245 targets configured)
[1,693 / 1,930] Compiling score/os/mocklib/fcntl_mock.cpp; 0s linux-sandbox ... (2 actions, 1 running)
Analyzing: 10 targets (539 packages loaded, 16245 targets configured)
[1,713 / 1,940] Compiling score/os/mocklib/fcntl_mock.cpp; 1s linux-sandbox ... (2 actions, 1 running)
Analyzing: 10 targets (542 packages loaded, 18143 targets configured)
[1,734 / 1,949] Compiling googlemock/src/gmock-cardinalities.cc; 0s linux-sandbox ... (2 actions, 1 running)
Analyzing: 10 targets (542 packages loaded, 18143 targets configured)
[1,753 / 1,959] Compiling googlemock/src/gmock-cardinalities.cc; 1s linux-sandbox ... (2 actions running)
Analyzing: 10 targets (542 packages loaded, 18143 targets configured)
[1,775 / 1,969] Compiling googlemock/src/gmock-internal-utils.cc; 0s linux-sandbox ... (2 actions, 1 running)
Analyzing: 10 targets (542 packages loaded, 18143 targets configured)
[1,794 / 1,978] Compiling googlemock/src/gmock-matchers.cc; 0s linux-sandbox ... (2 actions, 1 running)
Analyzing: 10 targets (542 packages loaded, 18143 targets configured)
[1,811 / 1,989] Compiling googlemock/src/gmock-matchers.cc; 1s linux-sandbox ... (2 actions running)
Analyzing: 10 targets (542 packages loaded, 18143 targets configured)
[1,829 / 1,997] Compiling googlemock/src/gmock-spec-builders.cc; 0s linux-sandbox ... (2 actions, 1 running)
Analyzing: 10 targets (542 packages loaded, 18143 targets configured)
[1,849 / 2,007] Compiling googlemock/src/gmock-spec-builders.cc; 1s linux-sandbox ... (2 actions, 1 running)
Analyzing: 10 targets (556 packages loaded, 18355 targets configured)
[1,861 / 2,013] Compiling googlemock/src/gmock-spec-builders.cc; 2s linux-sandbox ... (2 actions, 1 running)
Analyzing: 10 targets (558 packages loaded, 18397 targets configured)
[1,878 / 2,021] Compiling googlemock/src/gmock.cc; 0s linux-sandbox ... (2 actions, 1 running)
Analyzing: 10 targets (569 packages loaded, 18954 targets configured)
[1,894 / 2,029] Compiling googlemock/src/gmock.cc; 1s linux-sandbox ... (2 actions, 1 running)
Analyzing: 10 targets (573 packages loaded, 19121 targets configured)
[1,912 / 2,038] Compiling googlemock/src/gmock.cc; 2s linux-sandbox ... (2 actions, 1 running)
Analyzing: 10 targets (575 packages loaded, 19153 targets configured)
[1,936 / 2,049] Compiling googletest/src/gtest-matchers.cc; 0s linux-sandbox ... (2 actions, 1 running)
INFO: Analyzed 10 targets (576 packages loaded, 19183 targets configured).
[1,956 / 2,061] Compiling googletest/src/gtest-matchers.cc; 1s linux-sandbox ... (2 actions, 1 running)
[1,979 / 2,072] Compiling googletest/src/gtest-port.cc; 0s linux-sandbox ... (2 actions, 1 running)
[2,004 / 2,084] Compiling googletest/src/gtest-printers.cc; 0s linux-sandbox ... (2 actions, 1 running)
[2,028 / 2,105] Compiling googletest/src/gtest-printers.cc; 1s linux-sandbox ... (2 actions, 1 running)
[2,041 / 2,118] Compiling googletest/src/gtest-test-part.cc; 1s linux-sandbox ... (2 actions running)
[2,042 / 2,118] Compiling score/mw/com/impl/bindings/lola/messaging/message_passing_service_mock.cpp; 1s linux-sandbox ... (2 actions running)
[2,044 / 2,118] Compiling googletest/src/gtest.cc; 0s linux-sandbox ... (2 actions, 1 running)
[2,133 / 2,360] 3 / 10 tests; Compiling googletest/src/gtest.cc; 2s linux-sandbox ... (2 actions running)
[2,134 / 2,360] 3 / 10 tests; Compiling score/mw/com/impl/test/runtime_mock_guard.cpp; 2s linux-sandbox ... (2 actions, 1 running)
INFO: From Compiling score/mw/com/impl/test/runtime_mock_guard.cpp:
In file included from ./score/mw/com/impl/configuration/service_instance_deployment.h:17,
                 from ./score/mw/com/impl/configuration/configuration.h:18,
                 from ./score/mw/com/impl/runtime.h:18,
                 from ./score/mw/com/impl/test/runtime_mock_guard.h:16,
                 from score/mw/com/impl/test/runtime_mock_guard.cpp:13:
./score/mw/com/impl/com_error.h: In member function 'virtual std::string_view score::mw::com::impl::ComErrorDomain::MessageFor(const score::result::ErrorCode&) const':
./score/mw/com/impl/com_error.h:186:65: warning: 'score::mw::com::impl::ComErrc::kServiceInstanceAlreadyOffered' is deprecated: Value has never been used. Calls to OfferService shall be idempotent. [-Wdeprecated-declarations]
  186 |             case static_cast<score::result::ErrorCode>(ComErrc::kServiceInstanceAlreadyOffered):
      |                                                                 ^~~~~~~~~~~~~~~~~~~~~~~~~~~~~~
./score/mw/com/impl/com_error.h:57:5: note: declared here
   57 |     kServiceInstanceAlreadyOffered
      |     ^~~~~~~~~~~~~~~~~~~~~~~~~~~~~~
[2,140 / 2,360] 3 / 10 tests; Compiling googletest/src/gtest-death-test.cc; 0s linux-sandbox ... (2 actions running)
[2,143 / 2,360] 3 / 10 tests; Compiling googletest/src/gtest-death-test.cc; 1s linux-sandbox ... (2 actions running)
[2,147 / 2,360] 3 / 10 tests; Compiling score/filesystem/standard_filesystem_fake.cpp; 0s linux-sandbox ... (2 actions, 1 running)
[2,149 / 2,360] 3 / 10 tests; Compiling score/filesystem/standard_filesystem_fake.cpp; 2s linux-sandbox ... (2 actions running)
[2,150 / 2,360] 3 / 10 tests; Compiling score/filesystem/standard_filesystem_fake.cpp; 4s linux-sandbox ... (2 actions, 1 running)
[2,153 / 2,360] 3 / 10 tests; Compiling score/filesystem/iterator/dirent_fake.cpp; 1s linux-sandbox ... (2 actions, 1 running)
[2,153 / 2,360] 3 / 10 tests; Compiling score/filesystem/iterator/dirent_fake.cpp; 2s linux-sandbox ... (2 actions running)
[2,156 / 2,360] 3 / 10 tests; Compiling score/filesystem/iterator/dirent_fake.cpp; 4s linux-sandbox ... (2 actions running)
[2,159 / 2,360] 3 / 10 tests; Compiling score/filesystem/filesystem_mock.cpp; 2s linux-sandbox ... (2 actions running)
INFO: From Compiling score/mw/com/impl/bindings/lola/test_doubles/fake_service_data.cpp:
In file included from ./score/mw/com/impl/instance_identifier.h:16,
                 from ./score/mw/com/impl/handle_type.h:18,
                 from ./score/mw/com/impl/enriched_instance_identifier.h:17,
                 from ./score/mw/com/impl/i_service_discovery_client.h:16,
                 from ./score/mw/com/impl/i_binding_runtime.h:17,
                 from ./score/mw/com/impl/bindings/lola/i_runtime.h:20,
                 from ./score/mw/com/impl/bindings/lola/service_data_storage.h:20,
                 from ./score/mw/com/impl/bindings/lola/test_doubles/fake_service_data.h:20,
                 from score/mw/com/impl/bindings/lola/test_doubles/fake_service_data.cpp:13:
./score/mw/com/impl/com_error.h: In member function 'virtual std::string_view score::mw::com::impl::ComErrorDomain::MessageFor(const score::result::ErrorCode&) const':
./score/mw/com/impl/com_error.h:186:65: warning: 'score::mw::com::impl::ComErrc::kServiceInstanceAlreadyOffered' is deprecated: Value has never been used. Calls to OfferService shall be idempotent. [-Wdeprecated-declarations]
  186 |             case static_cast<score::result::ErrorCode>(ComErrc::kServiceInstanceAlreadyOffered):
      |                                                                 ^~~~~~~~~~~~~~~~~~~~~~~~~~~~~~
./score/mw/com/impl/com_error.h:57:5: note: declared here
   57 |     kServiceInstanceAlreadyOffered
      |     ^~~~~~~~~~~~~~~~~~~~~~~~~~~~~~
[2,160 / 2,360] 3 / 10 tests; Compiling score/filesystem/filesystem_mock.cpp; 4s linux-sandbox ... (2 actions, 1 running)
[2,163 / 2,360] 3 / 10 tests; Compiling score/mw/com/impl/bindings/lola/test/proxy_event_test_resources.cpp; 1s linux-sandbox ... (2 actions running)
[2,164 / 2,360] 3 / 10 tests; Compiling score/mw/com/impl/bindings/lola/test/proxy_event_test_resources.cpp; 5s linux-sandbox ... (2 actions, 1 running)
[2,164 / 2,360] 3 / 10 tests; Compiling score/mw/com/impl/bindings/lola/test/proxy_event_test_resources.cpp; 7s linux-sandbox ... (2 actions running)
[2,165 / 2,360] 3 / 10 tests; Compiling score/mw/com/impl/bindings/lola/test/proxy_event_test_resources.cpp; 11s linux-sandbox ... (2 actions, 1 running)
[2,170 / 2,360] 3 / 10 tests; Compiling score/mw/com/impl/bindings/lola/test/proxy_event_test_resources.cpp; 12s linux-sandbox ... (2 actions running)
[2,171 / 2,360] 3 / 10 tests; Compiling score/mw/com/impl/bindings/lola/test/proxy_event_test_resources.cpp; 13s linux-sandbox ... (2 actions, 1 running)
[2,172 / 2,361] 3 / 10 tests; Compiling score/mw/com/impl/bindings/lola/test/proxy_event_test_resources.cpp; 15s linux-sandbox ... (2 actions running)
INFO: From Compiling score/mw/com/impl/bindings/lola/test/proxy_event_test_resources.cpp:
In file included from ./score/mw/com/impl/instance_identifier.h:16,
                 from ./score/mw/com/impl/handle_type.h:18,
                 from ./score/mw/com/impl/enriched_instance_identifier.h:17,
                 from ./score/mw/com/impl/i_service_discovery_client.h:16,
                 from ./score/mw/com/impl/i_binding_runtime.h:17,
                 from ./score/mw/com/impl/bindings/lola/i_runtime.h:20,
                 from ./score/mw/com/impl/bindings/lola/test/proxy_event_test_resources.h:18,
                 from score/mw/com/impl/bindings/lola/test/proxy_event_test_resources.cpp:13:
./score/mw/com/impl/com_error.h: In member function 'virtual std::string_view score::mw::com::impl::ComErrorDomain::MessageFor(const score::result::ErrorCode&) const':
./score/mw/com/impl/com_error.h:186:65: warning: 'score::mw::com::impl::ComErrc::kServiceInstanceAlreadyOffered' is deprecated: Value has never been used. Calls to OfferService shall be idempotent. [-Wdeprecated-declarations]
  186 |             case static_cast<score::result::ErrorCode>(ComErrc::kServiceInstanceAlreadyOffered):
      |                                                                 ^~~~~~~~~~~~~~~~~~~~~~~~~~~~~~
./score/mw/com/impl/com_error.h:57:5: note: declared here
   57 |     kServiceInstanceAlreadyOffered
      |     ^~~~~~~~~~~~~~~~~~~~~~~~~~~~~~
[2,173 / 2,361] 3 / 10 tests; Compiling score/mw/com/impl/bindings/lola/subscription_state_machine_methods_test.cpp; 9s linux-sandbox ... (2 actions, 1 running)
[2,175 / 2,361] 3 / 10 tests; Compiling score/mw/com/impl/bindings/lola/subscription_state_machine_methods_test.cpp; 11s linux-sandbox ... (2 actions running)
INFO: From Compiling score/mw/com/impl/bindings/lola/subscription_state_machine_methods_test.cpp:
In file included from ./score/mw/com/impl/instance_identifier.h:16,
                 from ./score/mw/com/impl/handle_type.h:18,
                 from ./score/mw/com/impl/enriched_instance_identifier.h:17,
                 from ./score/mw/com/impl/i_service_discovery_client.h:16,
                 from ./score/mw/com/impl/i_binding_runtime.h:17,
                 from ./score/mw/com/impl/bindings/lola/i_runtime.h:20,
                 from ./score/mw/com/impl/bindings/lola/test/proxy_event_test_resources.h:18,
                 from score/mw/com/impl/bindings/lola/subscription_state_machine_methods_test.cpp:15:
./score/mw/com/impl/com_error.h: In member function 'virtual std::string_view score::mw::com::impl::ComErrorDomain::MessageFor(const score::result::ErrorCode&) const':
./score/mw/com/impl/com_error.h:186:65: warning: 'score::mw::com::impl::ComErrc::kServiceInstanceAlreadyOffered' is deprecated: Value has never been used. Calls to OfferService shall be idempotent. [-Wdeprecated-declarations]
  186 |             case static_cast<score::result::ErrorCode>(ComErrc::kServiceInstanceAlreadyOffered):
      |                                                                 ^~~~~~~~~~~~~~~~~~~~~~~~~~~~~~
./score/mw/com/impl/com_error.h:57:5: note: declared here
   57 |     kServiceInstanceAlreadyOffered
      |     ^~~~~~~~~~~~~~~~~~~~~~~~~~~~~~
[2,176 / 2,361] 3 / 10 tests; Compiling score/mw/com/impl/bindings/lola/proxy_event_subscription_test.cpp; 3s linux-sandbox ... (2 actions running)
INFO: From Compiling score/mw/com/impl/bindings/lola/test/transaction_log_test_resources.cpp:
In file included from ./score/mw/com/impl/instance_identifier.h:16,
                 from ./score/mw/com/impl/handle_type.h:18,
                 from ./score/mw/com/impl/enriched_instance_identifier.h:17,
                 from ./score/mw/com/impl/i_service_discovery_client.h:16,
                 from ./score/mw/com/impl/i_binding_runtime.h:17,
                 from ./score/mw/com/impl/bindings/lola/i_runtime.h:20,
                 from ./score/mw/com/impl/bindings/lola/test/proxy_event_test_resources.h:18,
                 from ./score/mw/com/impl/bindings/lola/test/transaction_log_test_resources.h:16,
                 from score/mw/com/impl/bindings/lola/test/transaction_log_test_resources.cpp:13:
./score/mw/com/impl/com_error.h: In member function 'virtual std::string_view score::mw::com::impl::ComErrorDomain::MessageFor(const score::result::ErrorCode&) const':
./score/mw/com/impl/com_error.h:186:65: warning: 'score::mw::com::impl::ComErrc::kServiceInstanceAlreadyOffered' is deprecated: Value has never been used. Calls to OfferService shall be idempotent. [-Wdeprecated-declarations]
  186 |             case static_cast<score::result::ErrorCode>(ComErrc::kServiceInstanceAlreadyOffered):
      |                                                                 ^~~~~~~~~~~~~~~~~~~~~~~~~~~~~~
./score/mw/com/impl/com_error.h:57:5: note: declared here
   57 |     kServiceInstanceAlreadyOffered
      |     ^~~~~~~~~~~~~~~~~~~~~~~~~~~~~~
[2,177 / 2,361] 3 / 10 tests; Compiling score/mw/com/impl/bindings/lola/proxy_event_subscription_test.cpp; 13s linux-sandbox ... (2 actions, 1 running)
[2,199 / 2,361] 4 / 10 tests; Compiling score/mw/com/impl/bindings/lola/proxy_event_subscription_test.cpp; 14s linux-sandbox ... (2 actions running)
INFO: From Compiling score/mw/com/impl/bindings/lola/proxy_event_subscription_test.cpp:
In file included from ./score/mw/com/impl/instance_identifier.h:16,
                 from ./score/mw/com/impl/handle_type.h:18,
                 from ./score/mw/com/impl/enriched_instance_identifier.h:17,
                 from ./score/mw/com/impl/i_service_discovery_client.h:16,
                 from ./score/mw/com/impl/i_binding_runtime.h:17,
                 from ./score/mw/com/impl/bindings/lola/i_runtime.h:20,
                 from ./score/mw/com/impl/bindings/lola/proxy_method.h:17,
                 from ./score/mw/com/impl/bindings/lola/proxy.h:24,
                 from ./score/mw/com/impl/bindings/lola/proxy_event.h:18,
                 from score/mw/com/impl/bindings/lola/proxy_event_subscription_test.cpp:14:
./score/mw/com/impl/com_error.h: In member function 'virtual std::string_view score::mw::com::impl::ComErrorDomain::MessageFor(const score::result::ErrorCode&) const':
./score/mw/com/impl/com_error.h:186:65: warning: 'score::mw::com::impl::ComErrc::kServiceInstanceAlreadyOffered' is deprecated: Value has never been used. Calls to OfferService shall be idempotent. [-Wdeprecated-declarations]
  186 |             case static_cast<score::result::ErrorCode>(ComErrc::kServiceInstanceAlreadyOffered):
      |                                                                 ^~~~~~~~~~~~~~~~~~~~~~~~~~~~~~
./score/mw/com/impl/com_error.h:57:5: note: declared here
   57 |     kServiceInstanceAlreadyOffered
      |     ^~~~~~~~~~~~~~~~~~~~~~~~~~~~~~
[2,205 / 2,361] 4 / 10 tests; Compiling score/mw/com/impl/runtime_mock.cpp; 1s linux-sandbox ... (2 actions running)
INFO: From Compiling score/mw/com/impl/runtime_mock.cpp:
In file included from ./score/mw/com/impl/instance_identifier.h:16,
                 from ./score/mw/com/impl/handle_type.h:18,
                 from ./score/mw/com/impl/enriched_instance_identifier.h:17,
                 from ./score/mw/com/impl/i_service_discovery_client.h:16,
                 from ./score/mw/com/impl/i_binding_runtime.h:17,
                 from ./score/mw/com/impl/runtime_mock.h:16,
                 from score/mw/com/impl/runtime_mock.cpp:14:
./score/mw/com/impl/com_error.h: In member function 'virtual std::string_view score::mw::com::impl::ComErrorDomain::MessageFor(const score::result::ErrorCode&) const':
./score/mw/com/impl/com_error.h:186:65: warning: 'score::mw::com::impl::ComErrc::kServiceInstanceAlreadyOffered' is deprecated: Value has never been used. Calls to OfferService shall be idempotent. [-Wdeprecated-declarations]
  186 |             case static_cast<score::result::ErrorCode>(ComErrc::kServiceInstanceAlreadyOffered):
      |                                                                 ^~~~~~~~~~~~~~~~~~~~~~~~~~~~~~
./score/mw/com/impl/com_error.h:57:5: note: declared here
   57 |     kServiceInstanceAlreadyOffered
      |     ^~~~~~~~~~~~~~~~~~~~~~~~~~~~~~
[2,206 / 2,361] 4 / 10 tests; Compiling score/mw/com/impl/bindings/lola/subscription_state_machine_events_test.cpp; 3s linux-sandbox ... (2 actions, 1 running)
[2,254 / 2,448] 4 / 10 tests; Compiling score/mw/com/impl/bindings/lola/subscription_state_machine_events_test.cpp; 4s linux-sandbox ... (2 actions running)
[2,255 / 2,448] 4 / 10 tests; Compiling score/mw/com/impl/bindings/lola/subscription_state_machine_events_test.cpp; 6s linux-sandbox ... (2 actions, 1 running)
[2,258 / 2,448] 4 / 10 tests; Compiling score/mw/com/impl/bindings/lola/subscription_state_machine_events_test.cpp; 7s linux-sandbox ... (2 actions, 1 running)
[2,260 / 2,448] 4 / 10 tests; Compiling score/mw/com/impl/bindings/lola/subscription_state_machine_events_test.cpp; 8s linux-sandbox ... (2 actions running)
INFO: From Compiling score/mw/com/impl/bindings/lola/test_doubles/fake_mocked_service_data.cpp:
In file included from ./score/mw/com/impl/instance_identifier.h:16,
                 from ./score/mw/com/impl/handle_type.h:18,
                 from ./score/mw/com/impl/enriched_instance_identifier.h:17,
                 from ./score/mw/com/impl/i_service_discovery_client.h:16,
                 from ./score/mw/com/impl/i_binding_runtime.h:17,
                 from ./score/mw/com/impl/bindings/lola/i_runtime.h:20,
                 from ./score/mw/com/impl/bindings/lola/service_data_storage.h:20,
                 from ./score/mw/com/impl/bindings/lola/test_doubles/fake_mocked_service_data.h:20,
                 from score/mw/com/impl/bindings/lola/test_doubles/fake_mocked_service_data.cpp:13:
./score/mw/com/impl/com_error.h: In member function 'virtual std::string_view score::mw::com::impl::ComErrorDomain::MessageFor(const score::result::ErrorCode&) const':
./score/mw/com/impl/com_error.h:186:65: warning: 'score::mw::com::impl::ComErrc::kServiceInstanceAlreadyOffered' is deprecated: Value has never been used. Calls to OfferService shall be idempotent. [-Wdeprecated-declarations]
  186 |             case static_cast<score::result::ErrorCode>(ComErrc::kServiceInstanceAlreadyOffered):
      |                                                                 ^~~~~~~~~~~~~~~~~~~~~~~~~~~~~~
./score/mw/com/impl/com_error.h:57:5: note: declared here
   57 |     kServiceInstanceAlreadyOffered
      |     ^~~~~~~~~~~~~~~~~~~~~~~~~~~~~~
[2,261 / 2,448] 4 / 10 tests; Compiling score/mw/com/impl/bindings/lola/subscription_state_machine_events_test.cpp; 11s linux-sandbox ... (2 actions, 1 running)
INFO: From Compiling score/mw/com/impl/bindings/lola/subscription_state_machine_events_test.cpp:
In file included from ./score/mw/com/impl/instance_identifier.h:16,
                 from ./score/mw/com/impl/handle_type.h:18,
                 from ./score/mw/com/impl/enriched_instance_identifier.h:17,
                 from ./score/mw/com/impl/i_service_discovery_client.h:16,
                 from ./score/mw/com/impl/i_binding_runtime.h:17,
                 from ./score/mw/com/impl/bindings/lola/i_runtime.h:20,
                 from ./score/mw/com/impl/bindings/lola/test/proxy_event_test_resources.h:18,
                 from score/mw/com/impl/bindings/lola/subscription_state_machine_events_test.cpp:15:
./score/mw/com/impl/com_error.h: In member function 'virtual std::string_view score::mw::com::impl::ComErrorDomain::MessageFor(const score::result::ErrorCode&) const':
./score/mw/com/impl/com_error.h:186:65: warning: 'score::mw::com::impl::ComErrc::kServiceInstanceAlreadyOffered' is deprecated: Value has never been used. Calls to OfferService shall be idempotent. [-Wdeprecated-declarations]
  186 |             case static_cast<score::result::ErrorCode>(ComErrc::kServiceInstanceAlreadyOffered):
      |                                                                 ^~~~~~~~~~~~~~~~~~~~~~~~~~~~~~
./score/mw/com/impl/com_error.h:57:5: note: declared here
   57 |     kServiceInstanceAlreadyOffered
      |     ^~~~~~~~~~~~~~~~~~~~~~~~~~~~~~
[2,264 / 2,448] 4 / 10 tests; Compiling score/mw/com/impl/service_discovery_mock.cpp; 1s linux-sandbox ... (2 actions running)
INFO: From Compiling score/mw/com/impl/service_discovery_mock.cpp:
In file included from ./score/mw/com/impl/instance_identifier.h:16,
                 from ./score/mw/com/impl/handle_type.h:18,
                 from ./score/mw/com/impl/enriched_instance_identifier.h:17,
                 from ./score/mw/com/impl/service_discovery_mock.h:16,
                 from score/mw/com/impl/service_discovery_mock.cpp:13:
./score/mw/com/impl/com_error.h: In member function 'virtual std::string_view score::mw::com::impl::ComErrorDomain::MessageFor(const score::result::ErrorCode&) const':
./score/mw/com/impl/com_error.h:186:65: warning: 'score::mw::com::impl::ComErrc::kServiceInstanceAlreadyOffered' is deprecated: Value has never been used. Calls to OfferService shall be idempotent. [-Wdeprecated-declarations]
  186 |             case static_cast<score::result::ErrorCode>(ComErrc::kServiceInstanceAlreadyOffered):
      |                                                                 ^~~~~~~~~~~~~~~~~~~~~~~~~~~~~~
./score/mw/com/impl/com_error.h:57:5: note: declared here
   57 |     kServiceInstanceAlreadyOffered
      |     ^~~~~~~~~~~~~~~~~~~~~~~~~~~~~~
[2,268 / 2,448] 4 / 10 tests; Compiling score/mw/com/impl/bindings/lola/subscription_state_machine_stress_test.cpp; 0s linux-sandbox ... (2 actions, 1 running)
[2,273 / 2,451] 4 / 10 tests; Compiling score/mw/com/impl/bindings/lola/subscription_state_machine_stress_test.cpp; 1s linux-sandbox ... (2 actions, 1 running)
[2,273 / 2,451] 4 / 10 tests; Compiling score/mw/com/impl/bindings/lola/subscription_state_machine_stress_test.cpp; 3s linux-sandbox ... (2 actions running)
[2,280 / 2,451] 4 / 10 tests; Compiling score/mw/com/impl/bindings/lola/subscription_state_machine_stress_test.cpp; 4s linux-sandbox ... (2 actions, 1 running)
[2,283 / 2,451] 4 / 10 tests; Compiling score/mw/com/impl/bindings/lola/subscription_state_machine_stress_test.cpp; 6s linux-sandbox ... (2 actions running)
[2,284 / 2,451] 4 / 10 tests; Compiling score/mw/com/impl/bindings/lola/subscription_state_machine_stress_test.cpp; 9s linux-sandbox ... (2 actions, 1 running)
INFO: From Compiling score/mw/com/impl/bindings/lola/subscription_state_machine_stress_test.cpp:
In file included from ./score/mw/com/impl/instance_identifier.h:16,
                 from ./score/mw/com/impl/handle_type.h:18,
                 from ./score/mw/com/impl/enriched_instance_identifier.h:17,
                 from ./score/mw/com/impl/i_service_discovery_client.h:16,
                 from ./score/mw/com/impl/i_binding_runtime.h:17,
                 from ./score/mw/com/impl/bindings/lola/i_runtime.h:20,
                 from ./score/mw/com/impl/bindings/lola/test/proxy_event_test_resources.h:18,
                 from score/mw/com/impl/bindings/lola/subscription_state_machine_stress_test.cpp:15:
./score/mw/com/impl/com_error.h: In member function 'virtual std::string_view score::mw::com::impl::ComErrorDomain::MessageFor(const score::result::ErrorCode&) const':
./score/mw/com/impl/com_error.h:186:65: warning: 'score::mw::com::impl::ComErrc::kServiceInstanceAlreadyOffered' is deprecated: Value has never been used. Calls to OfferService shall be idempotent. [-Wdeprecated-declarations]
  186 |             case static_cast<score::result::ErrorCode>(ComErrc::kServiceInstanceAlreadyOffered):
      |                                                                 ^~~~~~~~~~~~~~~~~~~~~~~~~~~~~~
./score/mw/com/impl/com_error.h:57:5: note: declared here
   57 |     kServiceInstanceAlreadyOffered
      |     ^~~~~~~~~~~~~~~~~~~~~~~~~~~~~~
[2,289 / 2,452] 4 / 10 tests; [Scann] Compiling array.c [for tool]
[2,304 / 2,452] 4 / 10 tests; Compiling Rust bin bigdata-producer (1 file); 0s linux-sandbox ... (2 actions running)
[2,306 / 2,452] 4 / 10 tests; Compiling awkgram.c [for tool]; 2s linux-sandbox ... (2 actions, 1 running)
[2,309 / 2,452] 5 / 10 tests; Testing //score/mw/com/impl/bindings/lola:subscription_state_machine_events_test; 0s linux-sandbox ... (2 actions running)
[2,311 / 2,452] 7 / 10 tests; Compiling builtin.c [for tool]; 1s linux-sandbox ... (2 actions running)
[2,316 / 2,452] 8 / 10 tests; Compiling builtin.c [for tool]; 2s linux-sandbox ... (2 actions, 1 running)
[2,318 / 2,452] 8 / 10 tests; Compiling builtin.c [for tool]; 3s linux-sandbox ... (2 actions, 1 running)
[2,321 / 2,452] 8 / 10 tests; Compiling cint_array.c [for tool]; 0s linux-sandbox ... (2 actions running)
[2,323 / 2,452] 8 / 10 tests; Compiling command.c [for tool]; 0s linux-sandbox ... (2 actions running)
[2,325 / 2,452] 8 / 10 tests; Compiling debug.c [for tool]; 1s linux-sandbox ... (2 actions, 1 running)
[2,325 / 2,452] 8 / 10 tests; Compiling debug.c [for tool]; 2s linux-sandbox ... (2 actions running)
[2,326 / 2,452] 8 / 10 tests; Compiling debug.c [for tool]; 3s linux-sandbox ... (2 actions running)
[2,330 / 2,452] 8 / 10 tests; Compiling eval.c [for tool]; 1s linux-sandbox ... (2 actions running)
[2,331 / 2,452] 8 / 10 tests; Compiling eval.c [for tool]; 2s linux-sandbox ... (2 actions, 1 running)
[2,334 / 2,452] 8 / 10 tests; Compiling eval.c [for tool]; 4s linux-sandbox ... (2 actions, 1 running)
[2,337 / 2,452] 8 / 10 tests; Compiling field.c [for tool]; 1s linux-sandbox
[2,362 / 2,452] 8 / 10 tests; Executing genrule @@rules_distroless++apt+ubuntu24_04_integration_testing_libc6_2.39-0ubuntu8.7_amd64//:data; 0s linux-sandbox ... (2 actions running)
[2,376 / 2,452] 8 / 10 tests; Executing genrule @@rules_distroless++apt+ubuntu24_04_integration_testing_coreutils_9.4-3ubuntu6.2_amd64//:data; 0s linux-sandbox ... (2 actions, 1 running)
[2,403 / 2,452] 8 / 10 tests; Executing genrule @@rules_distroless++apt+ubuntu24_04_integration_testing_binutils-x86-64-linux-gnu_2.42-4ubuntu2.10_amd64//:data; 0s linux-sandbox ... (2 actions, 1 running)
[2,422 / 2,452] 8 / 10 tests; OCI Descriptor external/rules_distroless++apt+ubuntu24_04_integration_testing_binutils_2.42-4ubuntu2.10_amd64/layer.tar.gz; 0s linux-sandbox ... (2 actions, 1 running)
[2,448 / 2,452] 8 / 10 tests; OCI Image //score/mw/com/test/basic_rust_api/consumer_sync_apis/integration_test:_image_test_com_api_sync; 1s linux-sandbox ... (2 actions running)
[2,449 / 2,452] 8 / 10 tests; OCI Image //score/mw/com/test/basic_rust_api/consumer_sync_apis/integration_test:_image_test_com_api_sync; 3s linux-sandbox ... (2 actions, 1 running)
[2,452 / 2,454] 8 / 10 tests; Testing //score/mw/com/test/basic_rust_api/consumer_async_apis/integration_test:test_com_api_async; 0s linux-sandbox ... (2 actions, 1 running)
[2,452 / 2,454] 8 / 10 tests; Testing //score/mw/com/test/basic_rust_api/consumer_async_apis/integration_test:test_com_api_async; 10s linux-sandbox ... (2 actions, 1 running)
[2,452 / 2,454] 8 / 10 tests; Testing //score/mw/com/test/basic_rust_api/consumer_async_apis/integration_test:test_com_api_async; 29s linux-sandbox ... (2 actions running)
[2,453 / 2,454] 9 / 10 tests; Testing //score/mw/com/test/basic_rust_api/consumer_sync_apis/integration_test:test_com_api_sync; 1s linux-sandbox
[2,453 / 2,454] 9 / 10 tests; Testing //score/mw/com/test/basic_rust_api/consumer_sync_apis/integration_test:test_com_api_sync; 11s linux-sandbox
[2,453 / 2,454] 10 / 10 tests; Testing //score/mw/com/test/basic_rust_api/consumer_sync_apis/integration_test:test_com_api_sync; 29s linux-sandbox
INFO: Found 10 test targets...
INFO: Elapsed time: 228.573s, Critical Path: 67.79s
INFO: 1119 processes: 1351 action cache hit, 544 internal, 575 linux-sandbox.
INFO: Build completed successfully, 1119 total actions
INFO: 
//score/mw/com/impl/bindings/lola:proxy_event_subscription_test          PASSED in 0.6s
//score/mw/com/impl/bindings/lola:subscription_state_machine_events_test PASSED in 0.8s
//score/mw/com/impl/bindings/lola:subscription_state_machine_methods_test PASSED in 0.6s
//score/mw/com/impl/bindings/lola:subscription_state_machine_states_test PASSED in 0.2s
//score/mw/com/impl/bindings/lola:subscription_state_machine_stress_test PASSED in 0.6s
//score/mw/com/impl/rust/com-api/com-api-runtime-lola:com-api-runtime-lola-tests PASSED in 0.0s
//score/mw/com/rust/score_com_concept:score_com_concept-macros-unit-tests PASSED in 0.0s
//score/mw/com/rust/score_com_concept:score_com_concept-test             PASSED in 0.0s
//score/mw/com/test/basic_rust_api/consumer_async_apis/integration_test:test_com_api_async PASSED in 29.5s
//score/mw/com/test/basic_rust_api/consumer_sync_apis/integration_test:test_com_api_sync PASSED in 29.0s

Executed 10 out of 10 tests: 10 tests pass.
There were tests whose specified size is too big. Use the --test_verbose_timeout_warnings command line option to see which ones these are.
INFO: Build Event Protocol files produced successfully.
