$TEST_TMPDIR defined, some defaults will be overridden
OpenJDK 64-Bit Server VM warning: Options -Xverify:none and -noverify were deprecated in JDK 13 and will likely be removed in a future release.
WARNING: The following configs were expanded more than once: [linux_x64_gcc_15]. For repeatable flags, repeats are counted twice and may lead to unexpected behavior.
Computing main repo mapping: 
Computing main repo mapping: 
WARNING: The following configs were expanded more than once: [linux_x64_gcc_15]. For repeatable flags, repeats are counted twice and may lead to unexpected behavior.
Computing main repo mapping: 
Computing main repo mapping: 
Computing main repo mapping: 
Computing main repo mapping: 
Loading: 
Loading: 5 packages loaded
Analyzing: 2 targets (7 packages loaded, 0 targets configured)
Analyzing: 2 targets (7 packages loaded, 0 targets configured)

Analyzing: 2 targets (99 packages loaded, 8 targets configured)

Analyzing: 2 targets (200 packages loaded, 8096 targets configured)

Analyzing: 2 targets (361 packages loaded, 14912 targets configured)

INFO: Analyzed 2 targets (365 packages loaded, 14938 targets configured).
[71 / 302] [Prepa] Writing repo mapping manifest for //score/mw/com/rust/score_com_concept:score_com_concept-macros-tests
[185 / 303] Compiling Rust rlib runfiles (1 file) [for tool]; 0s linux-sandbox
[300 / 303] Compiling Rust bin rustdoc_test_writer (1 file) [for tool]; 0s linux-sandbox
[303 / 304] [Prepa] Testing //score/mw/com/impl/rust/com-api/com-api-runtime-lola:com-api-runtime-lola-doc-tests
INFO: Found 2 test targets...
INFO: Elapsed time: 17.743s, Critical Path: 3.39s
INFO: 16 processes: 303 action cache hit, 8 internal, 8 linux-sandbox.
INFO: Build completed successfully, 16 total actions
INFO: 
//score/mw/com/impl/rust/com-api/com-api-runtime-lola:com-api-runtime-lola-doc-tests PASSED in 0.2s
//score/mw/com/rust/score_com_concept:score_com_concept-macros-tests     PASSED in 0.5s

Executed 2 out of 2 tests: 2 tests pass.
There were tests whose specified size is too big. Use the --test_verbose_timeout_warnings command line option to see which ones these are.
INFO: Build Event Protocol files produced successfully.
