OpenJDK 64-Bit Server VM warning: Options -Xverify:none and -noverify were deprecated in JDK 13 and will likely be removed in a future release.
Computing main repo mapping: 
Computing main repo mapping: 
Computing main repo mapping: 
Computing main repo mapping: 
Computing main repo mapping: 
Computing main repo mapping: 
Computing main repo mapping: 
Computing main repo mapping: 
Computing main repo mapping: 
Computing main repo mapping: 
Computing main repo mapping: 
Loading: 
Loading: 5 packages loaded
Analyzing: target @@buildifier_prebuilt+//:buildifier (6 packages loaded, 0 targets configured)
Analyzing: target @@buildifier_prebuilt+//:buildifier (6 packages loaded, 0 targets configured)

Analyzing: target @@buildifier_prebuilt+//:buildifier (73 packages loaded, 7 targets configured)

Analyzing: target @@buildifier_prebuilt+//:buildifier (96 packages loaded, 7 targets configured)

Analyzing: target @@buildifier_prebuilt+//:buildifier (96 packages loaded, 7 targets configured)

Analyzing: target @@buildifier_prebuilt+//:buildifier (121 packages loaded, 407 targets configured)

Analyzing: target @@buildifier_prebuilt+//:buildifier (158 packages loaded, 3157 targets configured)

Analyzing: target @@buildifier_prebuilt+//:buildifier (158 packages loaded, 3157 targets configured)

Analyzing: target @@buildifier_prebuilt+//:buildifier (158 packages loaded, 3157 targets configured)

Analyzing: target @@buildifier_prebuilt+//:buildifier (159 packages loaded, 3161 targets configured)

INFO: Analyzed target @@buildifier_prebuilt+//:buildifier (160 packages loaded, 3166 targets configured).
INFO: Found 1 target...
Target @@buildifier_prebuilt+//buildifier:buildifier up-to-date:
  bazel-bin/external/buildifier_prebuilt+/buildifier/buildifier.bash
INFO: Elapsed time: 49.321s, Critical Path: 0.08s
INFO: 5 processes: 5 internal.
INFO: Build completed successfully, 5 total actions
INFO: Running command line: bazel-bin/external/buildifier_prebuilt+/buildifier/buildifier.bash <args omitted>
