$TEST_TMPDIR defined, some defaults will be overridden
WARNING: Duplicate rc file: /media/jefferson/11c42dee-73a3-4c2b-ab42-a0440011d9e0/.s-core-build/runs/score-rust-issue-queue-ycbvxir7/workspaces/490/quality/static_analysis/static_analysis.bazelrc is read multiple times, it is a standard rc file location but must have been unnecessarily imported earlier.
OpenJDK 64-Bit Server VM warning: Options -Xverify:none and -noverify were deprecated in JDK 13 and will likely be removed in a future release.
WARNING: The following configs were expanded more than once: [linux_x64_gcc_15]. For repeatable flags, repeats are counted twice and may lead to unexpected behavior.
Computing main repo mapping: 
Computing main repo mapping: 
WARNING: The following configs were expanded more than once: [linux_x64_gcc_15]. For repeatable flags, repeats are counted twice and may lead to unexpected behavior.
Computing main repo mapping: 
Computing main repo mapping: 
Computing main repo mapping: 
Computing main repo mapping: 
Computing main repo mapping: 
Loading: 
Loading: 5 packages loaded
Analyzing: target //score/mw/com/impl/rust/com-api/com-api-runtime-mock:com-api-runtime-mock-tests (6 packages loaded, 0 targets configured)
Analyzing: target //score/mw/com/impl/rust/com-api/com-api-runtime-mock:com-api-runtime-mock-tests (6 packages loaded, 0 targets configured)

Analyzing: target //score/mw/com/impl/rust/com-api/com-api-runtime-mock:com-api-runtime-mock-tests (98 packages loaded, 11 targets configured)

Analyzing: target //score/mw/com/impl/rust/com-api/com-api-runtime-mock:com-api-runtime-mock-tests (180 packages loaded, 7195 targets configured)

Analyzing: target //score/mw/com/impl/rust/com-api/com-api-runtime-mock:com-api-runtime-mock-tests (270 packages loaded, 12723 targets configured)

INFO: Analyzed target //score/mw/com/impl/rust/com-api/com-api-runtime-mock:com-api-runtime-mock-tests (273 packages loaded, 12827 targets configured).
[1 / 1] no actions running
[10 / 18] checking cached actions
[278 / 279] [Prepa] Compiling Rust bin com-api-runtime-mock-tests (1 file)
[279 / 280] Testing //score/mw/com/impl/rust/com-api/com-api-runtime-mock:com-api-runtime-mock-tests; 0s linux-sandbox
INFO: Found 1 test target...
Target //score/mw/com/impl/rust/com-api/com-api-runtime-mock:com-api-runtime-mock-tests up-to-date:
  bazel-bin/score/mw/com/impl/rust/com-api/com-api-runtime-mock/test-777193637/com-api-runtime-mock-tests
INFO: Elapsed time: 23.038s, Critical Path: 1.51s
INFO: 6 processes: 287 action cache hit, 3 internal, 3 linux-sandbox.
INFO: Build completed successfully, 6 total actions
INFO: 
//score/mw/com/impl/rust/com-api/com-api-runtime-mock:com-api-runtime-mock-tests PASSED in 0.0s

Executed 1 out of 1 test: 1 test passes.
There were tests whose specified size is too big. Use the --test_verbose_timeout_warnings command line option to see which ones these are.
INFO: Build Event Protocol files produced successfully.
