$TEST_TMPDIR defined, some defaults will be overridden
WARNING: Duplicate rc file: /media/jefferson/11c42dee-73a3-4c2b-ab42-a0440011d9e0/.s-core-build/runs/score-rust-issue-queue-ycbvxir7/workspaces/490/quality/static_analysis/static_analysis.bazelrc is read multiple times, it is a standard rc file location but must have been unnecessarily imported earlier.
OpenJDK 64-Bit Server VM warning: Options -Xverify:none and -noverify were deprecated in JDK 13 and will likely be removed in a future release.
WARNING: The following configs were expanded more than once: [linux_x64_gcc_15]. For repeatable flags, repeats are counted twice and may lead to unexpected behavior.
Computing main repo mapping: 
Computing main repo mapping: 
WARNING: The following configs were expanded more than once: [linux_x64_gcc_15]. For repeatable flags, repeats are counted twice and may lead to unexpected behavior.
Computing main repo mapping: 
Computing main repo mapping: 
Computing main repo mapping: 
Computing main repo mapping: 
Computing main repo mapping: 
Computing main repo mapping: 
Computing main repo mapping: 
Loading: 
Loading: 5 packages loaded
Analyzing: target //score/mw/com/rust:score_com_mock (6 packages loaded, 0 targets configured)
Analyzing: target //score/mw/com/rust:score_com_mock (6 packages loaded, 0 targets configured)

Analyzing: target //score/mw/com/rust:score_com_mock (98 packages loaded, 9 targets configured)

Analyzing: target //score/mw/com/rust:score_com_mock (188 packages loaded, 6967 targets configured)

Analyzing: target //score/mw/com/rust:score_com_mock (328 packages loaded, 12385 targets configured)

DEBUG: Rule 'score_baselibs++_repo_rules+acl-deb' indicated that a canonical reproducible form can be obtained by modifying arguments integrity = "sha256-5AjUxw54AQdOpFkYAgilQtVPVjibpIU3BDTy0A6VCYA=" and dropping ["visibility"]
DEBUG: Repository score_baselibs++_repo_rules+acl-deb instantiated at:
  <builtin>: in <toplevel>
Repository rule deb defined at:
  /media/jefferson/11c42dee-73a3-4c2b-ab42-a0440011d9e0/.s-core-build/runs/score-rust-issue-queue-ycbvxir7/bazel-output/a5a2bd43520d075b94c02d8d430832ec/external/download_utils+/download/deb/repository.bzl:78:22: in <toplevel>
INFO: Analyzed target //score/mw/com/rust:score_com_mock (362 packages loaded, 14921 targets configured).
[1 / 1] no actions running
[48 / 237] [Prepa] Writing repo mapping manifest for @@rules_rust++crate+crate_index__libc-0.2.186//:_bs-
[83 / 292] checking cached actions
[221 / 292] [Prepa] ExtractCargoTomlEnvVars external/rules_rust++crate+crate_index__libc-0.2.186/cargo_toml_env_vars.env
[281 / 292] [Prepa] Creating symlink external/rules_rust++crate+crate_index__libc-0.2.186/_bs-
[283 / 292] Compiling Rust rlib libc v0.2.186 (346 files); 0s linux-sandbox
[284 / 292] [Prepa] Compiling Rust rlib common_rs (1 file)
[290 / 292] [Prepa] Compiling Rust rlib score_com (1 file)
INFO: Found 1 target...
Target //score/mw/com/rust:score_com_mock up-to-date:
  bazel-bin/score/mw/com/rust/libscore_com-2637201361.rlib
INFO: Elapsed time: 35.288s, Critical Path: 7.28s
INFO: 18 processes: 287 action cache hit, 5 internal, 13 linux-sandbox.
INFO: Build completed successfully, 18 total actions
