$TEST_TMPDIR defined, some defaults will be overridden
WARNING: Duplicate rc file: /media/jefferson/11c42dee-73a3-4c2b-ab42-a0440011d9e0/.s-core-build/runs/score-rust-issue-queue-ycbvxir7/workspaces/490/quality/static_analysis/static_analysis.bazelrc is read multiple times, it is a standard rc file location but must have been unnecessarily imported earlier.
OpenJDK 64-Bit Server VM warning: Options -Xverify:none and -noverify were deprecated in JDK 13 and will likely be removed in a future release.
WARNING: The following configs were expanded more than once: [linux_x64_gcc_15]. For repeatable flags, repeats are counted twice and may lead to unexpected behavior.
Computing main repo mapping: 
Computing main repo mapping: 
WARNING: The following configs were expanded more than once: [linux_x64_gcc_15]. For repeatable flags, repeats are counted twice and may lead to unexpected behavior.
Computing main repo mapping: 
Computing main repo mapping: 
Computing main repo mapping: 
Computing main repo mapping: 
Loading: 
Loading: 5 packages loaded
Analyzing: target //score/mw/com/impl/rust/com-api/com-api-runtime-mock:com-api-runtime-mock-doc-tests (6 packages loaded, 0 targets configured)
Analyzing: target //score/mw/com/impl/rust/com-api/com-api-runtime-mock:com-api-runtime-mock-doc-tests (6 packages loaded, 0 targets configured)

Analyzing: target //score/mw/com/impl/rust/com-api/com-api-runtime-mock:com-api-runtime-mock-doc-tests (96 packages loaded, 8 targets configured)

Analyzing: target //score/mw/com/impl/rust/com-api/com-api-runtime-mock:com-api-runtime-mock-doc-tests (159 packages loaded, 3174 targets configured)

Analyzing: target //score/mw/com/impl/rust/com-api/com-api-runtime-mock:com-api-runtime-mock-doc-tests (270 packages loaded, 12802 targets configured)

INFO: Analyzed target //score/mw/com/impl/rust/com-api/com-api-runtime-mock:com-api-runtime-mock-doc-tests (274 packages loaded, 12826 targets configured).
[139 / 284] checking cached actions
[281 / 284] Compiling Rust rlib runfiles (1 file) [for tool]; 0s linux-sandbox
[282 / 284] Compiling Rust bin rustdoc_test_writer (1 file) [for tool]; 0s linux-sandbox
INFO: Found 1 target...
Target //score/mw/com/impl/rust/com-api/com-api-runtime-mock:com-api-runtime-mock-doc-tests up-to-date:
  bazel-bin/score/mw/com/impl/rust/com-api/com-api-runtime-mock/com-api-runtime-mock-doc-tests.rustdoc_test.sh
INFO: Elapsed time: 16.173s, Critical Path: 2.11s
INFO: 10 processes: 287 action cache hit, 7 internal, 3 linux-sandbox.
INFO: Build completed successfully, 10 total actions
