OpenJDK 64-Bit Server VM warning: Options -Xverify:none and -noverify were deprecated in JDK 13 and will likely be removed in a future release.
Computing main repo mapping: 
Computing main repo mapping: 
Computing main repo mapping: 
Computing main repo mapping: 
Computing main repo mapping: 
Computing main repo mapping: 
Computing main repo mapping: 
Computing main repo mapping: 
Loading: 
Loading: 5 packages loaded
Analyzing: target //quality/static_analysis:codeql_lint (6 packages loaded, 0 targets configured)
Analyzing: target //quality/static_analysis:codeql_lint (6 packages loaded, 0 targets configured)

Analyzing: target //quality/static_analysis:codeql_lint (46 packages loaded, 10 targets configured)

Analyzing: target //quality/static_analysis:codeql_lint (158 packages loaded, 1267 targets configured)

Analyzing: target //quality/static_analysis:codeql_lint (171 packages loaded, 10182 targets configured)

Analyzing: target //quality/static_analysis:codeql_lint (200 packages loaded, 17909 targets configured)

INFO: Analyzed target //quality/static_analysis:codeql_lint (201 packages loaded, 50716 targets configured).
[1 / 1] no actions running
INFO: Found 1 target...
Target //quality/static_analysis:codeql_lint up-to-date:
  bazel-bin/quality/static_analysis/codeql_lint
INFO: Elapsed time: 26.925s, Critical Path: 0.67s
INFO: 1 process: 29 action cache hit, 1 internal.
INFO: Build completed successfully, 1 total action
INFO: Running command line: bazel-bin/quality/static_analysis/codeql_lint '--codeql_path=../+_repo_rules4+codeql_bundle/codeql_cli' '--config_path=quality/static_analysis/config.yaml' '--analysis_report_path=../+_repo_rules4+codeql_coding_standards/analysis_report' '--guideline_recategorize_path=../+_repo_rules4+codeql_coding_standards/guideline_recategorize' <args omitted>
Calculating baseline information in /media/jefferson/11c42dee-73a3-4c2b-ab42-a0440011d9e0/.s-core-build/runs/score-communication-bug-recovery-fw8j963z/baseline-check
Running command in /media/jefferson/11c42dee-73a3-4c2b-ab42-a0440011d9e0/.s-core-build/runs/score-communication-bug-recovery-fw8j963z/baseline-check: [/media/jefferson/11c42dee-73a3-4c2b-ab42-a0440011d9e0/.s-core-build/runs/score-communication-bug-recovery-fw8j963z/bazel-output/0ee02474a779b83b3b0b23a41897ed42/external/+_repo_rules4+codeql_bundle/codeql/javascript/tools/configure-baseline.sh]
Calculated baseline information for languages: cpp, javascript, python (174ms).
Resolving extractor cpp.
Successfully loaded extractor C/C++ (cpp) from /media/jefferson/11c42dee-73a3-4c2b-ab42-a0440011d9e0/.s-core-build/runs/score-communication-bug-recovery-fw8j963z/bazel-output/0ee02474a779b83b3b0b23a41897ed42/external/+_repo_rules4+codeql_bundle/codeql/cpp.
Created skeleton CodeQL database at /media/jefferson/11c42dee-73a3-4c2b-ab42-a0440011d9e0/.s-core-build/runs/score-communication-bug-recovery-fw8j963z/codeql-baseline-v2/impl. This in-progress database is ready to be populated by an extractor.
WARNING: ignoring LD_PRELOAD in environment.
OpenJDK 64-Bit Server VM warning: Options -Xverify:none and -noverify were deprecated in JDK 13 and will likely be removed in a future release.
Computing main repo mapping: 
Computing main repo mapping: 
Computing main repo mapping: 
Computing main repo mapping: 
Computing main repo mapping: 
Loading: 
Loading: 5 packages loaded
Analyzing: target @@+_repo_rules4+codeql_coding_standards//:process_coding_standards_config (6 packages loaded, 0 targets configured)
Analyzing: target @@+_repo_rules4+codeql_coding_standards//:process_coding_standards_config (6 packages loaded, 0 targets configured)

Analyzing: target @@+_repo_rules4+codeql_coding_standards//:process_coding_standards_config (53 packages loaded, 10 targets configured)

Analyzing: target @@+_repo_rules4+codeql_coding_standards//:process_coding_standards_config (151 packages loaded, 735 targets configured)

Analyzing: target @@+_repo_rules4+codeql_coding_standards//:process_coding_standards_config (169 packages loaded, 4903 targets configured)

INFO: Analyzed target @@+_repo_rules4+codeql_coding_standards//:process_coding_standards_config (176 packages loaded, 11301 targets configured).
INFO: Found 1 target...
Target @@+_repo_rules4+codeql_coding_standards//:process_coding_standards_config up-to-date:
  bazel-bin/external/+_repo_rules4+codeql_coding_standards/process_coding_standards_config
INFO: Elapsed time: 12.446s, Critical Path: 0.09s
INFO: 1 process: 10 action cache hit, 1 internal.
INFO: Build completed successfully, 1 total action
INFO: Running command line: bazel-bin/external/+_repo_rules4+codeql_coding_standards/process_coding_standards_config <args omitted>
Scanning for files in /media/jefferson/11c42dee-73a3-4c2b-ab42-a0440011d9e0/.s-core-build/runs/score-communication-bug-recovery-fw8j963z/baseline-check...
/media/jefferson/11c42dee-73a3-4c2b-ab42-a0440011d9e0/.s-core-build/runs/score-communication-bug-recovery-fw8j963z/codeql-baseline-v2/impl: Indexing files in in /media/jefferson/11c42dee-73a3-4c2b-ab42-a0440011d9e0/.s-core-build/runs/score-communication-bug-recovery-fw8j963z/baseline-check...
Running command in /media/jefferson/11c42dee-73a3-4c2b-ab42-a0440011d9e0/.s-core-build/runs/score-communication-bug-recovery-fw8j963z/baseline-check: [/media/jefferson/11c42dee-73a3-4c2b-ab42-a0440011d9e0/.s-core-build/runs/score-communication-bug-recovery-fw8j963z/bazel-output/0ee02474a779b83b3b0b23a41897ed42/external/+_repo_rules4+codeql_bundle/codeql/xml/tools/index-files.sh, /media/jefferson/11c42dee-73a3-4c2b-ab42-a0440011d9e0/.s-core-build/runs/score-communication-bug-recovery-fw8j963z/codeql-baseline-v2/impl/working/files-to-index7542630088575362298.list]
WARNING: ignoring LD_PRELOAD in environment.
OpenJDK 64-Bit Server VM warning: Options -Xverify:none and -noverify were deprecated in JDK 13 and will likely be removed in a future release.
Computing main repo mapping: 
Computing main repo mapping: 
Computing main repo mapping: 
Computing main repo mapping: 
Computing main repo mapping: 
Computing main repo mapping: 
Computing main repo mapping: 
Loading: 
Loading: 5 packages loaded
Analyzing: 622 targets (68 packages loaded, 0 targets configured)
Analyzing: 622 targets (68 packages loaded, 0 targets configured)

Analyzing: 622 targets (111 packages loaded, 155 targets configured)
[6 / 6] no actions running
Analyzing: 622 targets (118 packages loaded, 164 targets configured)
[6 / 6] no actions running
Analyzing: 622 targets (161 packages loaded, 186 targets configured)
[6 / 6] no actions running
Analyzing: 622 targets (236 packages loaded, 2764 targets configured)
[6 / 6] no actions running
WARNING: /media/jefferson/11c42dee-73a3-4c2b-ab42-a0440011d9e0/.s-core-build/runs/score-communication-bug-recovery-fw8j963z/baseline-check/MODULE.bazel:196:20: The module extension apt defined in @rules_distroless//apt:extensions.bzl reported incorrect imports of repositories via use_repo():

Imported, but reported as indirect dependencies by the extension:
    ubuntu24_04_sysroot_resolve

Fix the use_repo calls by running 'bazel mod tidy'.
Analyzing: 622 targets (343 packages loaded, 9933 targets configured)
[6 / 6] no actions running
Analyzing: 622 targets (554 packages loaded, 15979 targets configured)
[6 / 6] no actions running
Analyzing: 622 targets (601 packages loaded, 23357 targets configured)
[6 / 6] no actions running
Analyzing: 622 targets (627 packages loaded, 25306 targets configured)
[24 / 66] [Prepa] Writing script external/score_baselibs+/score/language/safecpp/safe_math/safe_math.cppmap
Analyzing: 622 targets (665 packages loaded, 29061 targets configured)
[78 / 241] Creating runfiles tree bazel-out/k8-fastbuild-codeql/bin/score/mw/com/impl/configuration/converter/json_to_flatbuffer.runfiles; 0s local
Analyzing: 622 targets (711 packages loaded, 31361 targets configured)
[93 / 270] checking cached actions
Analyzing: 622 targets (714 packages loaded, 31881 targets configured)
[594 / 2,243] Creating runfiles tree bazel-out/k8-opt-exec-ST-d57f47055a04/bin/external/rules_pkg+/pkg/private/tar/build_tar.runfiles [for tool]; 0s local ... (3 actions, 2 running)
Analyzing: 622 targets (714 packages loaded, 31881 targets configured)
[852 / 3,005] [Prepa] Expanding template score/mw/com/impl/test/check_values_created_from_config/integration_test/_image_test_check_values_created_from_config_loader/load.sh
Analyzing: 622 targets (723 packages loaded, 32011 targets configured)
[996 / 3,367] checking cached actions
Analyzing: 622 targets (728 packages loaded, 32093 targets configured)
[1,102 / 3,567] Creating runfiles tree bazel-out/k8-fastbuild-codeql/bin/score/mw/com/impl/mocking/skeleton_field_mock_test.runfiles; 0s local ... (2 actions running)
Analyzing: 622 targets (728 packages loaded, 32093 targets configured)
[1,286 / 4,033] [Prepa] Writing script score/mw/com/impl/tracing/test/skeleton_event_tracing_test
Analyzing: 622 targets (728 packages loaded, 32093 targets configured)
[1,412 / 4,298] Creating runfiles tree bazel-out/k8-fastbuild-codeql/bin/score/mw/com/impl/rust/com-api/com-api-runtime-lola/com-api-runtime-lola-doc-tests.rustdoc_test.sh.runfiles; 0s local ... (2 actions, 1 running)
Analyzing: 622 targets (728 packages loaded, 32093 targets configured)
[1,586 / 4,728] checking cached actions
Analyzing: 622 targets (737 packages loaded, 32257 targets configured)
[1,586 / 4,728] checking cached actions
Analyzing: 622 targets (739 packages loaded, 32313 targets configured)
[1,586 / 4,728] checking cached actions
Analyzing: 622 targets (740 packages loaded, 32424 targets configured)
[1,734 / 4,954] Creating source manifest for //score/mw/com/impl/bindings/lola/messaging:message_passing_service_instance_methods_test; 0s local
Analyzing: 622 targets (743 packages loaded, 32818 targets configured)
[1,951 / 5,081] checking cached actions
Analyzing: 622 targets (747 packages loaded, 32891 targets configured)
[1,951 / 5,081] checking cached actions
Analyzing: 622 targets (747 packages loaded, 32891 targets configured)
[1,979 / 5,081] [Prepa] Creating symlink external/score_toolchains_rust++ferrocene_toolchain_ext+ferrocene_x86_64_unknown_linux_gnu/rust_ferrocene/lib/rustlib/x86_64-unknown-linux-gnu/lib/librustc_std_workspace_std-3ba901c15e1d4d52.rlib [for tool]
INFO: Analyzed 622 targets (748 packages loaded, 32927 targets configured).
[2,013 / 5,082] [Prepa] Writing script score/mw/com/impl/test/methods/semi_dynamic_methods/integration_test/semi_dynamic_methods_different_processes_test
[2,048 / 5,114] checking cached actions
[2,050 / 5,114] checking cached actions
[2,050 / 5,115] [Prepa] Writing script score/mw/com/impl/test/reserving_skeleton_slots/integration_test/reserving_skeleton_slots
[2,072 / 5,136] [Prepa] Compiling Rust (without process_wrapper) rlib tinyjson (4 files) [for tool]
ERROR: /media/jefferson/11c42dee-73a3-4c2b-ab42-a0440011d9e0/.s-core-build/runs/score-communication-bug-recovery-fw8j963z/baseline-check/score/mw/com/impl/util/test/BUILD:57:20: Action score/mw/com/impl/util/test/arithmetic_utils_multiplication_build_error_test__0__0/compile_output failed: (Exit 2): bash failed: error executing Action command (from target //score/mw/com/impl/util/test:arithmetic_utils_multiplication_build_error_test__0__0) /bin/bash -c '"$@"' '' external/rules_build_error+/lang/private/script/try_build.bash -e ... (remaining 87 arguments skipped)

Use --sandbox_debug to see verbose messages from the sandbox and retain the sandbox build root for debugging
external/rules_build_error+/lang/private/script/try_build.bash: 1: set: Illegal option -o pipefail
Use --verbose_failures to see the command lines of failed build steps.
INFO: Elapsed time: 44.198s, Critical Path: 1.39s
INFO: 2080 processes: 2074 internal, 6 processwrapper-sandbox.
ERROR: Build did NOT complete successfully
Traceback (most recent call last):
  File "/media/jefferson/11c42dee-73a3-4c2b-ab42-a0440011d9e0/.s-core-build/runs/score-communication-bug-recovery-fw8j963z/bazel-output/0ee02474a779b83b3b0b23a41897ed42/execroot/_main/bazel-out/k8-fastbuild/bin/quality/static_analysis/codeql_lint.runfiles/_main/quality/static_analysis/_codeql_lint_stage2_bootstrap.py", line 499, in <module>
    main()
  File "/media/jefferson/11c42dee-73a3-4c2b-ab42-a0440011d9e0/.s-core-build/runs/score-communication-bug-recovery-fw8j963z/bazel-output/0ee02474a779b83b3b0b23a41897ed42/execroot/_main/bazel-out/k8-fastbuild/bin/quality/static_analysis/codeql_lint.runfiles/_main/quality/static_analysis/_codeql_lint_stage2_bootstrap.py", line 493, in main
    _run_py_path(main_filename, args=sys.argv[1:])
  File "/media/jefferson/11c42dee-73a3-4c2b-ab42-a0440011d9e0/.s-core-build/runs/score-communication-bug-recovery-fw8j963z/bazel-output/0ee02474a779b83b3b0b23a41897ed42/execroot/_main/bazel-out/k8-fastbuild/bin/quality/static_analysis/codeql_lint.runfiles/_main/quality/static_analysis/_codeql_lint_stage2_bootstrap.py", line 287, in _run_py_path
    runpy.run_path(main_filename, run_name="__main__")
  File "<frozen runpy>", line 287, in run_path
  File "<frozen runpy>", line 98, in _run_module_code
  File "<frozen runpy>", line 88, in _run_code
  File "/media/jefferson/11c42dee-73a3-4c2b-ab42-a0440011d9e0/.s-core-build/runs/score-communication-bug-recovery-fw8j963z/bazel-output/0ee02474a779b83b3b0b23a41897ed42/execroot/_main/bazel-out/k8-fastbuild/bin/quality/static_analysis/codeql_lint.runfiles/_main/quality/static_analysis/codeql_lint.py", line 556, in <module>
    main()
  File "/media/jefferson/11c42dee-73a3-4c2b-ab42-a0440011d9e0/.s-core-build/runs/score-communication-bug-recovery-fw8j963z/bazel-output/0ee02474a779b83b3b0b23a41897ed42/execroot/_main/bazel-out/k8-fastbuild/bin/quality/static_analysis/codeql_lint.runfiles/_main/quality/static_analysis/codeql_lint.py", line 470, in main
    create_database(
  File "/media/jefferson/11c42dee-73a3-4c2b-ab42-a0440011d9e0/.s-core-build/runs/score-communication-bug-recovery-fw8j963z/bazel-output/0ee02474a779b83b3b0b23a41897ed42/execroot/_main/bazel-out/k8-fastbuild/bin/quality/static_analysis/codeql_lint.runfiles/_main/quality/static_analysis/codeql_lint.py", line 201, in create_database
    subprocess.run(f"{bazel_cmd} {target}", shell=True, env=env, cwd=source_root, check=True)
  File "/media/jefferson/11c42dee-73a3-4c2b-ab42-a0440011d9e0/.s-core-build/runs/score-communication-bug-recovery-fw8j963z/bazel-output/0ee02474a779b83b3b0b23a41897ed42/external/rules_python++python+python_3_12_x86_64-unknown-linux-gnu/lib/python3.12/subprocess.py", line 571, in run
    raise CalledProcessError(retcode, process.args,
subprocess.CalledProcessError: Command 'bazel build --config=codeql --stamp --action_env=CODEQL_SEED_FORCE_RECOMPILE=20261006152903403337 --action_env=CODEQL_SCRATCH_DIR --action_env=CODEQL_VERBOSITY --action_env=CODEQL_DIST --action_env=CODEQL_PLATFORM --action_env=CODEQL_PLATFORM_DLL_EXTENSION --action_env=CODEQL_JAVA_HOME --action_env=CODEQL_EXTRACTOR_CPP_ROOT --action_env=CODEQL_EXTRACTOR_CPP_WIP_DATABASE --action_env=CODEQL_EXTRACTOR_CPP_DIAGNOSTIC_DIR --action_env=CODEQL_EXTRACTOR_CPP_LOG_DIR --action_env=CODEQL_EXTRACTOR_CPP_SCRATCH_DIR --action_env=CODEQL_EXTRACTOR_CPP_TRAP_DIR --action_env=CODEQL_EXTRACTOR_CPP_SOURCE_ARCHIVE_DIR --action_env=CODEQL_TRACER_LOG --action_env=CODEQL_TRACER_DIAGNOSTICS_DIR --action_env=CODEQL_TRACER_LANGUAGES --action_env=SEMMLE_PRELOAD_libtrace --action_env=SEMMLE_PRELOAD_libtrace32 --action_env=SEMMLE_PRELOAD_libtrace64 --action_env=CODEQL_RUNNER --action_env=LD_PRELOAD //score/mw/com/impl/...' returned non-zero exit status 1.
