OpenJDK 64-Bit Server VM warning: Options -Xverify:none and -noverify were deprecated in JDK 13 and will likely be removed in a future release.
Computing main repo mapping: 
Computing main repo mapping: 
Computing main repo mapping: 
Computing main repo mapping: 
Computing main repo mapping: 
Computing main repo mapping: 
Loading: 
Loading: 5 packages loaded
Analyzing: 3 targets (6 packages loaded, 0 targets configured)
Analyzing: 3 targets (6 packages loaded, 0 targets configured)

Analyzing: 3 targets (100 packages loaded, 13 targets configured)
[1 / 1] no actions running
Analyzing: 3 targets (169 packages loaded, 6251 targets configured)
[1 / 1] no actions running
Analyzing: 3 targets (196 packages loaded, 17800 targets configured)
[1 / 1] no actions running
Analyzing: 3 targets (202 packages loaded, 17934 targets configured)
[10 / 11] [Prepa] Testing //quality/static_analysis:codeql_lint_test
INFO: Analyzed 3 targets (202 packages loaded, 50740 targets configured).
[38 / 39] 1 / 1 tests; no actions running
INFO: Found 2 targets and 1 test target...
INFO: Elapsed time: 26.406s, Critical Path: 0.51s
INFO: 2 processes: 39 action cache hit, 2 local.
INFO: Build completed successfully, 2 total actions
