$TEST_TMPDIR defined, some defaults will be overridden
WARNING: Duplicate rc file: /media/jefferson/11c42dee-73a3-4c2b-ab42-a0440011d9e0/.s-core-build/runs/score-rust-issue-queue-ycbvxir7/workspaces/782/quality/static_analysis/static_analysis.bazelrc is read multiple times, it is a standard rc file location but must have been unnecessarily imported earlier.
OpenJDK 64-Bit Server VM warning: Options -Xverify:none and -noverify were deprecated in JDK 13 and will likely be removed in a future release.
WARNING: The following configs were expanded more than once: [linux_x64_gcc_15]. For repeatable flags, repeats are counted twice and may lead to unexpected behavior.
Computing main repo mapping: 
WARNING: The following configs were expanded more than once: [linux_x64_gcc_15]. For repeatable flags, repeats are counted twice and may lead to unexpected behavior.
Computing main repo mapping: 
Computing main repo mapping: 
Computing main repo mapping: 
Computing main repo mapping: 
Computing main repo mapping: 
Loading: 
Loading: 5 packages loaded
Analyzing: target //score/mw/com/test/basic_rust_api/consumer_sync_apis/integration_test:test_com_api_sync (6 packages loaded, 0 targets configured)
Analyzing: target //score/mw/com/test/basic_rust_api/consumer_sync_apis/integration_test:test_com_api_sync (6 packages loaded, 0 targets configured)

Analyzing: target //score/mw/com/test/basic_rust_api/consumer_sync_apis/integration_test:test_com_api_sync (103 packages loaded, 22 targets configured)

WARNING: /media/jefferson/11c42dee-73a3-4c2b-ab42-a0440011d9e0/.s-core-build/runs/score-rust-issue-queue-ycbvxir7/workspaces/782/MODULE.bazel:196:20: The module extension apt defined in @rules_distroless//apt:extensions.bzl reported incorrect imports of repositories via use_repo():

Imported, but reported as indirect dependencies by the extension:
    ubuntu24_04_sysroot_resolve

Fix the use_repo calls by running 'bazel mod tidy'.
Analyzing: target //score/mw/com/test/basic_rust_api/consumer_sync_apis/integration_test:test_com_api_sync (377 packages loaded, 10510 targets configured)

Analyzing: target //score/mw/com/test/basic_rust_api/consumer_sync_apis/integration_test:test_com_api_sync (511 packages loaded, 17712 targets configured)

INFO: Analyzed target //score/mw/com/test/basic_rust_api/consumer_sync_apis/integration_test:test_com_api_sync (558 packages loaded, 18804 targets configured).
[12 / 54] checking cached actions
[1,447 / 1,448] [Prepa] Testing //score/mw/com/test/basic_rust_api/consumer_sync_apis/integration_test:test_com_api_sync
[1,447 / 1,448] Testing //score/mw/com/test/basic_rust_api/consumer_sync_apis/integration_test:test_com_api_sync; 1s linux-sandbox
[1,447 / 1,448] Testing //score/mw/com/test/basic_rust_api/consumer_sync_apis/integration_test:test_com_api_sync; 10s linux-sandbox
[1,447 / 1,448] 1 / 1 tests; Testing //score/mw/com/test/basic_rust_api/consumer_sync_apis/integration_test:test_com_api_sync; 26s linux-sandbox
INFO: Found 1 test target...
Target //score/mw/com/test/basic_rust_api/consumer_sync_apis/integration_test:test_com_api_sync up-to-date:
  bazel-bin/score/mw/com/test/basic_rust_api/consumer_sync_apis/integration_test/test_com_api_sync
INFO: Elapsed time: 43.584s, Critical Path: 26.77s
INFO: 2 processes: 1463 action cache hit, 1 internal, 1 linux-sandbox.
INFO: Build completed successfully, 2 total actions
INFO: 
//score/mw/com/test/basic_rust_api/consumer_sync_apis/integration_test:test_com_api_sync PASSED in 26.3s

Executed 1 out of 1 test: 1 test passes.
There were tests whose specified size is too big. Use the --test_verbose_timeout_warnings command line option to see which ones these are.
INFO: Build Event Protocol files produced successfully.
