Running Sphinx v7.2.6
Adding copy buttons to code blocks...
making output directory... done
locale_dir <volume>/openbsw-sil/openbsw-pr/locales/en/LC_MESSAGES does not exist
locale_dir <volume>/openbsw-sil/openbsw-pr/locales/en/LC_MESSAGES does not exist
building [mo]: targets for 0 po files that are out of date
writing output... 
building [html]: targets for 332 source files that are out of date
updating environment: locale_dir <volume>/openbsw-sil/openbsw-pr/locales/en/LC_MESSAGES does not exist
[new config] 332 added, 332 changed, 0 removed
reading sources... [  3%] doc/dev/features/diagnostics .. doc/dev/guidelines/conventions/enumerations
reading sources... [  6%] doc/dev/guidelines/conventions/files .. doc/dev/guidelines/diagrams/activity
reading sources... [  9%] doc/dev/guidelines/diagrams/class .. doc/dev/guidelines/documentation/content
reading sources... [ 12%] doc/dev/guidelines/documentation/structure .. doc/dev/guidelines/formatting/for_c++/usage
reading sources... [ 15%] doc/dev/guidelines/formatting/index .. doc/dev/learning/console/adcConsole
reading sources... [ 18%] doc/dev/learning/console/cpuStatistics .. doc/dev/learning/lifecycle/index
reading sources... [ 21%] doc/dev/learning/logging/index .. doc/dev/learning/setup/setup_s32k148_win_build
reading sources... [ 24%] doc/dev/learning/setup/setup_s32k148_win_nxpide .. doc/dev/modules/executables
reading sources... [ 26%] doc/dev/modules/mocks .. executables/referenceApp/application/doc/systems/DoCanSystem
reading sources... [ 29%] executables/referenceApp/application/doc/systems/DoIpServerSystem .. executables/referenceApp/asyncCoreConfiguration/doc/index
reading sources... [ 32%] executables/referenceApp/configuration/doc/app .. executables/referenceApp/platforms/nucleo_f413zh/main/doc/index
reading sources... [ 35%] executables/referenceApp/platforms/nucleo_f413zh/main/doc/user/StaticBsp .. executables/referenceApp/platforms/nucleo_g474re/main/doc/index
reading sources... [ 38%] executables/referenceApp/platforms/nucleo_g474re/main/doc/user/StaticBsp .. executables/referenceApp/platforms/s32k148evb/bspConfiguration/doc/user/bspAdc
reading sources... [ 41%] executables/referenceApp/platforms/s32k148evb/bspConfiguration/doc/user/bspCan .. executables/referenceApp/platforms/s32k148evb/freeRtosCoreConfiguration/doc/index
reading sources... [ 44%] executables/referenceApp/platforms/s32k148evb/main/doc/index .. executables/referenceApp/platforms/s32k148evb/safety/safeIo/doc/index
reading sources... [ 47%] executables/referenceApp/platforms/s32k148evb/safety/safeIo/doc/user/index .. executables/referenceApp/safety/safeSupervisor/doc/index
reading sources... [ 50%] executables/referenceApp/safety/safeWatchdog/doc/index .. executables/unitTest/bsp/bspIo/doc/index
reading sources... [ 53%] executables/unitTest/bsp/bspMcu/doc/index .. libs/bsp/bspInterrupts/doc/user/index
reading sources... [ 56%] libs/bsp/bspOutputManager/doc/index .. libs/bsw/asyncFreeRtos/doc/developer/01_initialization
reading sources... [ 59%] libs/bsw/asyncFreeRtos/doc/developer/02_runnables .. libs/bsw/asyncImpl/doc/user/index
reading sources... [ 62%] libs/bsw/asyncThreadX/doc/index .. libs/bsw/common/doc/index
reading sources... [ 65%] libs/bsw/common/doc/user/busid .. libs/bsw/docan/doc/index
reading sources... [ 68%] libs/bsw/docan/doc/user/extendedaddressing .. libs/bsw/io/doc/user/index
reading sources... [ 71%] libs/bsw/io/doc/user/ireader .. libs/bsw/lwipSocket/doc/index
reading sources... [ 74%] libs/bsw/middleware/doc/arch/components .. libs/bsw/middleware/doc/arch/units/index
reading sources... [ 76%] libs/bsw/middleware/doc/arch/units/memory_pool_management .. libs/bsw/middleware/doc/index
reading sources... [ 79%] libs/bsw/middleware/doc/integration/index .. libs/bsw/runtime/doc/user/index
reading sources... [ 82%] libs/bsw/shed/doc/index .. libs/bsw/transportRouterSimple/doc/index
reading sources... [ 85%] libs/bsw/uds/doc/index .. libs/bsw/util/doc/user/index
reading sources... [ 88%] libs/bsw/util/doc/user/logger .. platforms/posix/bsp/bspMcu/doc/index
reading sources... [ 91%] platforms/posix/bsp/bspStdio/doc/index .. platforms/s32k1xx/bsp/bspFtm/doc/index
reading sources... [ 94%] platforms/s32k1xx/bsp/bspFtmPwm/doc/index .. platforms/stm32/bsp/bspCan/doc/index
reading sources... [ 97%] platforms/stm32/bsp/bspClock/doc/index .. platforms/stm32/safety/safeBspMcuWatchdog/doc/index
reading sources... [100%] tools/UdsTool/doc/index .. tools/puncover_tool/doc/index

looking for now-outdated files... none found
pickling environment... done
checking consistency... done
preparing documents... done
copying assets... copying static files... done
copying extra files... done
done
writing output... [  3%] doc/dev/features/functional_safety .. doc/dev/guidelines/conventions/files
writing output... [  6%] doc/dev/guidelines/conventions/functions .. doc/dev/guidelines/diagrams/class
writing output... [  9%] doc/dev/guidelines/diagrams/component .. doc/dev/guidelines/documentation/structure
writing output... [ 12%] doc/dev/guidelines/documentation/styleguide .. doc/dev/guidelines/formatting/index
writing output... [ 15%] doc/dev/guidelines/module .. doc/dev/learning/console/cpuStatistics
writing output... [ 18%] doc/dev/learning/console/index .. doc/dev/learning/logging/index
writing output... [ 21%] doc/dev/learning/overview .. doc/dev/learning/setup/setup_s32k148_win_nxpide
writing output... [ 24%] doc/dev/learning/setup/setup_vscode .. doc/dev/modules/mocks
writing output... [ 26%] doc/dev/modules/posix .. executables/referenceApp/application/doc/systems/DoIpServerSystem
writing output... [ 29%] executables/referenceApp/application/doc/systems/EthernetSystem .. executables/referenceApp/configuration/doc/app
writing output... [ 32%] executables/referenceApp/configuration/doc/busid .. executables/referenceApp/platforms/nucleo_f413zh/main/doc/user/StaticBsp
writing output... [ 35%] executables/referenceApp/platforms/nucleo_f413zh/main/doc/user/index .. executables/referenceApp/platforms/nucleo_g474re/main/doc/user/StaticBsp
writing output... [ 38%] executables/referenceApp/platforms/nucleo_g474re/main/doc/user/index .. executables/referenceApp/platforms/s32k148evb/bspConfiguration/doc/user/bspCan
writing output... [ 41%] executables/referenceApp/platforms/s32k148evb/bspConfiguration/doc/user/bspCharInputOutput .. executables/referenceApp/platforms/s32k148evb/main/doc/index
writing output... [ 44%] executables/referenceApp/platforms/s32k148evb/main/doc/user/StaticBsp .. executables/referenceApp/platforms/s32k148evb/safety/safeIo/doc/user/index
writing output... [ 47%] executables/referenceApp/platforms/s32k148evb/safety/safeLifecycle/doc/index .. executables/referenceApp/safety/safeWatchdog/doc/index
writing output... [ 50%] executables/referenceApp/safety/safeWatchdog/doc/user/index .. executables/unitTest/bsp/bspMcu/doc/index
writing output... [ 53%] executables/unitTest/common/doc/index .. libs/bsp/bspOutputManager/doc/index
writing output... [ 56%] libs/bsp/bspOutputManager/doc/user/Output .. libs/bsw/asyncFreeRtos/doc/developer/02_runnables
writing output... [ 59%] libs/bsw/asyncFreeRtos/doc/developer/index .. libs/bsw/asyncThreadX/doc/index
writing output... [ 62%] libs/bsw/blob/doc/api .. libs/bsw/common/doc/user/busid
writing output... [ 65%] libs/bsw/common/doc/user/ifuture_support .. libs/bsw/docan/doc/user/extendedaddressing
writing output... [ 68%] libs/bsw/docan/doc/user/index .. libs/bsw/io/doc/user/ireader
writing output... [ 71%] libs/bsw/io/doc/user/iwriter .. libs/bsw/middleware/doc/arch/components
writing output... [ 74%] libs/bsw/middleware/doc/arch/context .. libs/bsw/middleware/doc/arch/units/memory_pool_management
writing output... [ 76%] libs/bsw/middleware/doc/arch/units/proxy_skeleton_base .. libs/bsw/middleware/doc/integration/index
writing output... [ 79%] libs/bsw/middleware/doc/integration/integrating_middleware_into_ecu .. libs/bsw/shed/doc/index
writing output... [ 82%] libs/bsw/stdioConsoleInput/doc/index .. libs/bsw/uds/doc/index
writing output... [ 85%] libs/bsw/uds/doc/user/connection .. libs/bsw/util/doc/user/logger
writing output... [ 88%] libs/bsw/util/doc/user/memory .. platforms/posix/bsp/bspStdio/doc/index
writing output... [ 91%] platforms/posix/bsp/bspSystemTime/doc/index .. platforms/s32k1xx/bsp/bspFtmPwm/doc/index
writing output... [ 94%] platforms/s32k1xx/bsp/bspFtmPwm/doc/user/index .. platforms/stm32/bsp/bspClock/doc/index
writing output... [ 97%] platforms/stm32/bsp/bspInterruptsImpl/doc/index .. tools/UdsTool/doc/index
writing output... [100%] tools/puncover_tool/doc/index

generating indices... genindex done
writing additional pages... search done
copying images... [  1%] doc/dev/guidelines/diagrams/_static/shape_colors.drawio.png
copying images... [  2%] doc/dev/guidelines/diagrams/_static/shape_common.drawio.png
copying images... [  3%] doc/dev/guidelines/diagrams/_static/shape_collection.drawio.png
copying images... [  4%] doc/dev/guidelines/diagrams/_static/stereotypes.drawio.png
copying images... [  5%] doc/dev/guidelines/diagrams/_static/fusa_sec.drawio.png
copying images... [  6%] doc/dev/guidelines/diagrams/_static/risk.drawio.png
copying images... [  7%] doc/dev/guidelines/diagrams/_static/connectors.drawio.png
copying images... [  7%] doc/dev/guidelines/diagrams/_static/annotations_types.drawio.png
copying images... [  8%] doc/dev/guidelines/diagrams/_static/annotations_connections.drawio.png
copying images... [  9%] doc/dev/guidelines/diagrams/_static/annotations_model.drawio.png
copying images... [ 10%] doc/dev/guidelines/diagrams/_static/activity/activity-entryexit.png
copying images... [ 11%] doc/dev/guidelines/diagrams/_static/activity/activity-action.png
copying images... [ 12%] doc/dev/guidelines/diagrams/_static/activity/activity-activity.png
copying images... [ 13%] doc/dev/guidelines/diagrams/_static/activity/activity-decision.png
copying images... [ 14%] doc/dev/guidelines/diagrams/_static/activity/activity-event.png
copying images... [ 15%] doc/dev/guidelines/diagrams/_static/activity/activity-forkjoin.png
copying images... [ 16%] doc/dev/guidelines/diagrams/_static/activity/activity.drawio.png
copying images... [ 17%] doc/dev/guidelines/diagrams/_static/class/class-class.png
copying images... [ 18%] doc/dev/guidelines/diagrams/_static/class/class-dependency.png
copying images... [ 19%] doc/dev/guidelines/diagrams/_static/class/class-association.png
copying images... [ 20%] doc/dev/guidelines/diagrams/_static/class/class-aggregation.png
copying images... [ 21%] doc/dev/guidelines/diagrams/_static/class/class-composition.png
copying images... [ 21%] doc/dev/guidelines/diagrams/_static/class/class-inheritance.png
copying images... [ 22%] doc/dev/guidelines/diagrams/_static/class/class-realization.png
copying images... [ 23%] doc/dev/guidelines/diagrams/_static/class/class-multiplicity.png
copying images... [ 24%] doc/dev/guidelines/diagrams/_static/class/class.drawio.png
copying images... [ 25%] doc/dev/guidelines/diagrams/_static/component/component-module.png
copying images... [ 26%] doc/dev/guidelines/diagrams/_static/component/component-interfaces.png
copying images... [ 27%] doc/dev/guidelines/diagrams/_static/component/component-port.png
copying images... [ 28%] doc/dev/guidelines/diagrams/_static/component/component-relations.png
copying images... [ 29%] doc/dev/guidelines/diagrams/_static/component/component-manifest.png
copying images... [ 30%] doc/dev/guidelines/diagrams/_static/component/component.drawio.png
copying images... [ 31%] doc/dev/guidelines/diagrams/_static/deployment/deployment-device.png
copying images... [ 32%] doc/dev/guidelines/diagrams/_static/deployment/deployment-physical.png
copying images... [ 33%] doc/dev/guidelines/diagrams/_static/deployment/deployment-module.png
copying images... [ 34%] doc/dev/guidelines/diagrams/_static/deployment/deployment-connection.png
copying images... [ 35%] doc/dev/guidelines/diagrams/_static/deployment/deployment.drawio.png
copying images... [ 36%] doc/dev/guidelines/diagrams/_static/sequence/sequence-lifeline.png
copying images... [ 36%] doc/dev/guidelines/diagrams/_static/sequence/sequence-activation.png
copying images... [ 37%] doc/dev/guidelines/diagrams/_static/sequence/sequence-newdelete.png
copying images... [ 38%] doc/dev/guidelines/diagrams/_static/sequence/sequence-foundlost.png
copying images... [ 39%] doc/dev/guidelines/diagrams/_static/sequence/sequence-messages.png
copying images... [ 40%] doc/dev/guidelines/diagrams/_static/sequence/sequence-frame.png
copying images... [ 41%] doc/dev/guidelines/diagrams/_static/sequence/sequence.drawio.png
copying images... [ 42%] doc/dev/guidelines/diagrams/_static/state/state-points.png
copying images... [ 43%] doc/dev/guidelines/diagrams/_static/state/state-state.png
copying images... [ 44%] doc/dev/guidelines/diagrams/_static/state/state-detail.png
copying images... [ 45%] doc/dev/guidelines/diagrams/_static/state/state-transition.png
copying images... [ 46%] doc/dev/guidelines/diagrams/_static/state/state-sub.png
copying images... [ 47%] doc/dev/guidelines/diagrams/_static/state/state-composite.png
copying images... [ 48%] doc/dev/guidelines/diagrams/_static/state/state-decision.png
copying images... [ 49%] doc/dev/guidelines/diagrams/_static/state/state-forkjoin.png
copying images... [ 50%] doc/dev/guidelines/diagrams/_static/state/state.drawio.png
copying images... [ 50%] doc/dev/guidelines/diagrams/_static/timing/timing-lifeline.png
copying images... [ 51%] doc/dev/guidelines/diagrams/_static/timing/timing-timeline.png
copying images... [ 52%] doc/dev/guidelines/diagrams/_static/timing/timing-value.png
copying images... [ 53%] doc/dev/guidelines/diagrams/_static/timing/timing-duration.png
copying images... [ 54%] doc/dev/guidelines/diagrams/_static/timing/timing-sync.png
copying images... [ 55%] doc/dev/guidelines/diagrams/_static/timing/timing-reply.png
copying images... [ 56%] doc/dev/guidelines/diagrams/_static/timing/timing-ruler.png
copying images... [ 57%] doc/dev/guidelines/diagrams/_static/timing/timing.drawio.png
copying images... [ 58%] doc/dev/guidelines/diagrams/_static/tree/tree-event.png
copying images... [ 59%] doc/dev/guidelines/diagrams/_static/tree/tree-counter.png
copying images... [ 60%] doc/dev/guidelines/diagrams/_static/tree/tree-andor.png
copying images... [ 61%] doc/dev/guidelines/diagrams/_static/tree/tree-connections.png
copying images... [ 62%] doc/dev/guidelines/diagrams/_static/tree/tree.drawio.png
copying images... [ 63%] doc/dev/guidelines/diagrams/_static/usecase/usecase-actor.png
copying images... [ 64%] doc/dev/guidelines/diagrams/_static/usecase/usecase-usecase.png
copying images... [ 64%] doc/dev/guidelines/diagrams/_static/usecase/usecase-association.png
copying images... [ 65%] doc/dev/guidelines/diagrams/_static/usecase/usecase-include.png
copying images... [ 66%] doc/dev/guidelines/diagrams/_static/usecase/usecase-extend.png
copying images... [ 67%] doc/dev/guidelines/diagrams/_static/usecase/usecase-condition.png
copying images... [ 68%] doc/dev/guidelines/diagrams/_static/usecase/usecase-specialization.png
copying images... [ 69%] doc/dev/guidelines/diagrams/_static/usecase/usecase-realize.png
copying images... [ 70%] doc/dev/guidelines/diagrams/_static/usecase/usecase.drawio.png
copying images... [ 71%] doc/dev/guidelines/formatting/_static/gq.gif
copying images... [ 72%] doc/dev/images/stackStructure.drawio.png
copying images... [ 73%] doc/dev/learning/SysTest/images/pic1.png
copying images... [ 74%] doc/dev/learning/SysTest/images/pic2.png
copying images... [ 75%] doc/dev/learning/SysTest/images/pic3.png
copying images... [ 76%] doc/dev/learning/SysTest/images/pic4.png
copying images... [ 77%] doc/dev/learning/SysTest/images/pic5.png
copying images... [ 78%] doc/dev/learning/SysTest/images/pic9.png
copying images... [ 79%] doc/dev/learning/SysTest/images/pic10.png
copying images... [ 79%] doc/dev/learning/SysTest/images/pic11.png
copying images... [ 80%] doc/dev/learning/SysTest/images/pic13.png
copying images... [ 81%] doc/dev/learning/SysTest/images/pic14.png
copying images... [ 82%] doc/dev/learning/ethernet/tja1101.jpg
copying images... [ 83%] doc/dev/learning/hwio/board_with_labels.jpg
copying images... [ 84%] doc/dev/learning/setup/nxp_board_top_jumpers.jpg
copying images... [ 85%] doc/dev/learning/setup/nxp_board_can_plug.jpg
copying images... [ 86%] doc/dev/learning/setup/nxpide_install_dev_package_linux.png
copying images... [ 87%] doc/dev/learning/setup/nxpide_create_project_linux.png
copying images... [ 88%] doc/dev/learning/setup/nxpide_debug_config_linux.png
copying images... [ 89%] doc/dev/learning/setup/nxpide_debugger_tab_linux.png
copying images... [ 90%] doc/dev/learning/setup/nxpide_absolute_path_linux.png
copying images... [ 91%] doc/dev/learning/setup/map_network_drive.png
copying images... [ 92%] doc/dev/learning/setup/nxpide_create_project.png
copying images... [ 93%] doc/dev/learning/setup/nxpide_debug_config.png
copying images... [ 93%] doc/dev/learning/setup/nxpide_debugger_tab.png
copying images... [ 94%] doc/dev/learning/setup/nxpide_path_mapping.png
copying images... [ 95%] doc/dev/learning/setup/kernel_menuconfig_1.png
copying images... [ 96%] doc/dev/learning/setup/kernel_menuconfig_2.png
copying images... [ 97%] doc/dev/learning/setup/kernel_menuconfig_3.png
copying images... [ 98%] doc/dev/learning/setup/kernel_menuconfig_4.png
copying images... [ 99%] doc/dev/learning/uds/images/uds_eth_traffic.png
copying images... [100%] libs/bsw/lifecycle/doc/lifecycle.drawio.png

dumping search index in English (code: en)... done
dumping object inventory... done
build succeeded.

The HTML pages are in build/html.
