$TEST_TMPDIR defined, some defaults will be overridden
OpenJDK 64-Bit Server VM warning: Options -Xverify:none and -noverify were deprecated in JDK 13 and will likely be removed in a future release.
WARNING: The following configs were expanded more than once: [linux_x64_gcc_15]. For repeatable flags, repeats are counted twice and may lead to unexpected behavior.
Computing main repo mapping: 
Computing main repo mapping: 
WARNING: The following configs were expanded more than once: [linux_x64_gcc_15]. For repeatable flags, repeats are counted twice and may lead to unexpected behavior.
Computing main repo mapping: 
Computing main repo mapping: 
Computing main repo mapping: 
Computing main repo mapping: 
Computing main repo mapping: 
Computing main repo mapping: 
Computing main repo mapping: 
Computing main repo mapping: 
Computing main repo mapping: 
Computing main repo mapping: 
Loading: 
Loading: 5 packages loaded
Analyzing: 4 targets (9 packages loaded, 0 targets configured)
Analyzing: 4 targets (9 packages loaded, 0 targets configured)

Analyzing: 4 targets (42 packages loaded, 46 targets configured)

Analyzing: 4 targets (111 packages loaded, 46 targets configured)

Analyzing: 4 targets (116 packages loaded, 67 targets configured)

Analyzing: 4 targets (169 packages loaded, 2902 targets configured)

WARNING: /media/jefferson/11c42dee-73a3-4c2b-ab42-a0440011d9e0/.s-core-build/runs/communication-review-pb5v82w4/workspaces/1261/MODULE.bazel:196:20: The module extension apt defined in @rules_distroless//apt:extensions.bzl reported incorrect imports of repositories via use_repo():

Imported, but reported as indirect dependencies by the extension:
    ubuntu24_04_sysroot_resolve

Fix the use_repo calls by running 'bazel mod tidy'.
Analyzing: 4 targets (261 packages loaded, 9915 targets configured)

Analyzing: 4 targets (434 packages loaded, 13937 targets configured)

Analyzing: 4 targets (521 packages loaded, 18984 targets configured)

Analyzing: 4 targets (589 packages loaded, 22055 targets configured)

Analyzing: 4 targets (605 packages loaded, 22973 targets configured)

Analyzing: 4 targets (605 packages loaded, 23045 targets configured)
[1 / 1] no actions running
INFO: Analyzed 4 targets (605 packages loaded, 23045 targets configured).
[9 / 59] checking cached actions
[1,742 / 1,752] [Prepa] Testing //score/mw/com/test/basic_rust_api/all_services_stream/integration_test:test_com_api_all_services_stream
[1,750 / 1,754] Testing //score/mw/com/test/basic_rust_api/all_services_stream/integration_test:test_com_api_all_services_stream; 1s linux-sandbox ... (2 actions, 1 running)
[1,750 / 1,754] Testing //score/mw/com/test/basic_rust_api/all_services_stream/integration_test:test_com_api_all_services_stream; 10s linux-sandbox ... (2 actions, 1 running)
[1,750 / 1,754] Testing //score/mw/com/test/basic_rust_api/all_services_stream/integration_test:test_com_api_all_services_stream; 26s linux-sandbox ... (2 actions running)
[1,751 / 1,754] 1 / 4 tests; Testing //score/mw/com/test/basic_rust_api/consumer_async_apis/integration_test:test_com_api_async; 1s linux-sandbox ... (2 actions, 1 running)
[1,751 / 1,754] 1 / 4 tests; Testing //score/mw/com/test/basic_rust_api/consumer_async_apis/integration_test:test_com_api_async; 11s linux-sandbox ... (2 actions, 1 running)
[1,751 / 1,754] 1 / 4 tests; Testing //score/mw/com/test/basic_rust_api/consumer_async_apis/integration_test:test_com_api_async; 41s linux-sandbox ... (2 actions, 1 running)
[1,751 / 1,754] 1 / 4 tests; Testing //score/mw/com/test/basic_rust_api/consumer_async_apis/integration_test:test_com_api_async; 47s linux-sandbox ... (2 actions running)
[1,752 / 1,754] 2 / 4 tests; Testing //score/mw/com/test/find_any_semantics/integration_test:test_find_any_semantics; 1s linux-sandbox ... (2 actions, 1 running)
[1,752 / 1,754] 2 / 4 tests; Testing //score/mw/com/test/find_any_semantics/integration_test:test_find_any_semantics; 12s linux-sandbox ... (2 actions, 1 running)
[1,752 / 1,754] 2 / 4 tests; Testing //score/mw/com/test/find_any_semantics/integration_test:test_find_any_semantics; 23s linux-sandbox ... (2 actions running)
[1,753 / 1,754] 3 / 4 tests; Testing //score/mw/com/test/basic_rust_api/consumer_sync_apis/integration_test:test_com_api_sync; 1s linux-sandbox
[1,753 / 1,754] 3 / 4 tests; Testing //score/mw/com/test/basic_rust_api/consumer_sync_apis/integration_test:test_com_api_sync; 11s linux-sandbox
[1,753 / 1,754] 3 / 4 tests; Testing //score/mw/com/test/basic_rust_api/consumer_sync_apis/integration_test:test_com_api_sync; 41s linux-sandbox
[1,753 / 1,754] 3 / 4 tests; Testing //score/mw/com/test/basic_rust_api/consumer_sync_apis/integration_test:test_com_api_sync; 102s linux-sandbox
[1,753 / 1,754] 4 / 4 tests; Testing //score/mw/com/test/basic_rust_api/consumer_sync_apis/integration_test:test_com_api_sync; 105s linux-sandbox
INFO: Found 4 test targets...
[1,754 / 1,754] 4 / 4 tests; no actions running
INFO: Elapsed time: 272.754s, Critical Path: 130.27s
INFO: 5 processes: 1769 action cache hit, 1 internal, 4 linux-sandbox.
INFO: Build completed successfully, 5 total actions
INFO: 
//score/mw/com/test/basic_rust_api/all_services_stream/integration_test:test_com_api_all_services_stream PASSED in 26.4s
//score/mw/com/test/basic_rust_api/consumer_async_apis/integration_test:test_com_api_async PASSED in 47.7s
//score/mw/com/test/basic_rust_api/consumer_sync_apis/integration_test:test_com_api_sync PASSED in 102.9s
//score/mw/com/test/find_any_semantics/integration_test:test_find_any_semantics PASSED in 23.0s

Executed 4 out of 4 tests: 4 tests pass.
There were tests whose specified size is too big. Use the --test_verbose_timeout_warnings command line option to see which ones these are.
INFO: Build Event Protocol files produced successfully.
