2026/10/04 03:38:18 Downloading https://releases.bazel.build/8.7.0/release/bazel-8.7.0-linux-x86_64...
2026/10/04 03:38:23 Signed by Bazel Developer (Bazel APT repository key) <bazel-dev@googlegroups.com>
$TEST_TMPDIR defined, some defaults will be overridden
Extracting Bazel installation...
Starting local Bazel server (8.7.0) and connecting to it...
Computing main repo mapping: 
Computing main repo mapping: 
Computing main repo mapping: 
Computing main repo mapping: 
Computing main repo mapping: 
Computing main repo mapping: 
Computing main repo mapping: 
Computing main repo mapping: 
Computing main repo mapping: 
Computing main repo mapping: 
Computing main repo mapping: 
Computing main repo mapping: 
Computing main repo mapping: 
Computing main repo mapping: 
Computing main repo mapping: 
Computing main repo mapping: 
Computing main repo mapping: 
Computing main repo mapping: 
Computing main repo mapping: 
Computing main repo mapping: 
WARNING: For repository 'score_tooling', the root module requires module version score_tooling@2.2.1, but got score_tooling@2.2.2 in the resolved dependency graph. Please update the version in your MODULE.bazel or set --check_direct_dependencies=off
Computing main repo mapping: 
Computing main repo mapping: 
Computing main repo mapping: 
Computing main repo mapping: 
Loading: 
Loading: 0 packages loaded
Loading: 0 packages loaded
ERROR: Traceback (most recent call last):
	File "/media/jefferson/11c42dee-73a3-4c2b-ab42-a0440011d9e0/.s-core-build/runs/score-fabric-ov7tdu5s/lifecycle/tests/utils/environments/BUILD", line 21, column 14, in <toplevel>
		mw_com_config(
	File "/media/jefferson/11c42dee-73a3-4c2b-ab42-a0440011d9e0/.s-core-build/runs/score-fabric-ov7tdu5s/lifecycle/config/mw_com_config.bzl", line 226, column 27, in mw_com_config
		content = [_render(profile)],
	File "/media/jefferson/11c42dee-73a3-4c2b-ab42-a0440011d9e0/.s-core-build/runs/score-fabric-ov7tdu5s/lifecycle/config/mw_com_config.bzl", line 212, column 30, in _render
		return json.encode_indent(
Error in encode_indent: in call to encode_indent(), parameter 'indent' got value of type 'int', want 'string'
ERROR: Traceback (most recent call last):
	File "/media/jefferson/11c42dee-73a3-4c2b-ab42-a0440011d9e0/.s-core-build/runs/score-fabric-ov7tdu5s/lifecycle/score/launch_manager/src/daemon/src/control/BUILD", line 50, column 14, in <toplevel>
		mw_com_config(
	File "/media/jefferson/11c42dee-73a3-4c2b-ab42-a0440011d9e0/.s-core-build/runs/score-fabric-ov7tdu5s/lifecycle/config/mw_com_config.bzl", line 226, column 27, in mw_com_config
		content = [_render(profile)],
	File "/media/jefferson/11c42dee-73a3-4c2b-ab42-a0440011d9e0/.s-core-build/runs/score-fabric-ov7tdu5s/lifecycle/config/mw_com_config.bzl", line 212, column 30, in _render
		return json.encode_indent(
Error in encode_indent: in call to encode_indent(), parameter 'indent' got value of type 'int', want 'string'
ERROR: Skipping '//tests/utils/environments:mw_com_config.json': no such target '//tests/utils/environments:mw_com_config.json': target 'mw_com_config.json' not declared in package 'tests/utils/environments' defined by /media/jefferson/11c42dee-73a3-4c2b-ab42-a0440011d9e0/.s-core-build/runs/score-fabric-ov7tdu5s/lifecycle/tests/utils/environments/BUILD
ERROR: no such target '//tests/utils/environments:mw_com_config.json': target 'mw_com_config.json' not declared in package 'tests/utils/environments' defined by /media/jefferson/11c42dee-73a3-4c2b-ab42-a0440011d9e0/.s-core-build/runs/score-fabric-ov7tdu5s/lifecycle/tests/utils/environments/BUILD
INFO: Elapsed time: 28.708s
INFO: 0 processes.
ERROR: Build did NOT complete successfully
