$TEST_TMPDIR defined, some defaults will be overridden
WARNING: Duplicate rc file: /media/jefferson/11c42dee-73a3-4c2b-ab42-a0440011d9e0/.s-core-build/runs/score-rust-issue-queue-ycbvxir7/workspaces/490/quality/static_analysis/static_analysis.bazelrc is read multiple times, it is a standard rc file location but must have been unnecessarily imported earlier.
OpenJDK 64-Bit Server VM warning: Options -Xverify:none and -noverify were deprecated in JDK 13 and will likely be removed in a future release.
WARNING: The following configs were expanded more than once: [_lint]. For repeatable flags, repeats are counted twice and may lead to unexpected behavior.
Computing main repo mapping: 
Computing main repo mapping: 
WARNING: The following configs were expanded more than once: [_lint]. For repeatable flags, repeats are counted twice and may lead to unexpected behavior.
Computing main repo mapping: 
Computing main repo mapping: 
Computing main repo mapping: 
Computing main repo mapping: 
Loading: 
Loading: 6 packages loaded
Analyzing: target //score/mw/com/impl/rust/com-api/com-api-runtime-mock:com-api-runtime-mock (7 packages loaded, 0 targets configured)
Analyzing: target //score/mw/com/impl/rust/com-api/com-api-runtime-mock:com-api-runtime-mock (7 packages loaded, 0 targets configured)

ERROR: aspect @@score_rust_policies+//clippy:linters.bzl%clippy_strict added more than once
Analyzing: target //score/mw/com/impl/rust/com-api/com-api-runtime-mock:com-api-runtime-mock (96 packages loaded, 9 targets configured)

Analyzing: target //score/mw/com/impl/rust/com-api/com-api-runtime-mock:com-api-runtime-mock (156 packages loaded, 475 targets configured)

Analyzing: target //score/mw/com/impl/rust/com-api/com-api-runtime-mock:com-api-runtime-mock (197 packages loaded, 9482 targets configured)

INFO: Analyzed target //score/mw/com/impl/rust/com-api/com-api-runtime-mock:com-api-runtime-mock (271 packages loaded, 12801 targets configured).
[1 / 1] no actions running
WARNING: errors encountered while analyzing target '//score/mw/com/impl/rust/com-api/com-api-runtime-mock:com-api-runtime-mock', it will not be built.
aspect @@score_rust_policies+//clippy:linters.bzl%clippy_strict added more than once
INFO: Found 1 target...
Target //score/mw/com/impl/rust/com-api/com-api-runtime-mock:com-api-runtime-mock up-to-date:
  bazel-bin/score/mw/com/impl/rust/com-api/com-api-runtime-mock/libcom_api_runtime_mock-751917231.rlib
ERROR: command succeeded, but not all targets were analyzed
INFO: Elapsed time: 14.517s, Critical Path: 0.25s
INFO: 1 process: 287 action cache hit, 1 internal.
ERROR: Build did NOT complete successfully
