2026-10-07T15:31:55.8742653Z Current runner version: '2.337.0'
2026-10-07T15:31:55.8768548Z ##[group]Runner Image Provisioner
2026-10-07T15:31:55.8769477Z Hosted Compute Agent
2026-10-07T15:31:55.8770363Z Version: 20260901.588
2026-10-07T15:31:55.8771509Z Commit: f88ec8081b781fac6c440065ac7ff9e710ce3d0b
2026-10-07T15:31:55.8772311Z Build Date: 2026-09-01T19:56:44Z
2026-10-07T15:31:55.8772994Z Worker ID: {c08d7163-eb48-4a31-a4a3-af778483d355}
2026-10-07T15:31:55.8773774Z Azure Region: eastus
2026-10-07T15:31:55.8774343Z ##[endgroup]
2026-10-07T15:31:55.8776005Z ##[group]Operating System
2026-10-07T15:31:55.8776795Z Ubuntu
2026-10-07T15:31:55.8777328Z 24.04.5
2026-10-07T15:31:55.8777886Z LTS
2026-10-07T15:31:55.8778434Z ##[endgroup]
2026-10-07T15:31:55.8778978Z ##[group]Runner Image
2026-10-07T15:31:55.8779639Z Image: ubuntu-24.04
2026-10-07T15:31:55.8780202Z Version: 20260927.320.1
2026-10-07T15:31:55.8781845Z Included Software: https://github.com/actions/runner-images/blob/ubuntu24/20260927.320/images/ubuntu/Ubuntu2404-Readme.md
2026-10-07T15:31:55.8783454Z Image Release: https://github.com/actions/runner-images/releases/tag/ubuntu24%2F20260927.320
2026-10-07T15:31:55.8784495Z ##[endgroup]
2026-10-07T15:31:55.8785661Z ##[group]GITHUB_TOKEN Permissions
2026-10-07T15:31:55.8787844Z Actions: write
2026-10-07T15:31:55.8788501Z Contents: read
2026-10-07T15:31:55.8789149Z Metadata: read
2026-10-07T15:31:55.8789728Z ##[endgroup]
2026-10-07T15:31:55.8792516Z Secret source: Actions
2026-10-07T15:31:55.8793596Z Cache mode: write
2026-10-07T15:31:55.8794534Z Prepare workflow directory
2026-10-07T15:31:55.9127197Z Prepare all required actions
2026-10-07T15:31:55.9176110Z Getting action download info
2026-10-07T15:31:56.1471215Z Download action repository 'actions/checkout@v6.0.2' (SHA:de0fac2e4500dabe0009e67214ff5f5447ce83dd)
2026-10-07T15:31:56.3355799Z Uses: jnsagai/communication/.github/workflows/_thread_sanitizer.yml@refs/pull/1/merge (f1ad21baa6cdd9767509e8ae9f136a723e2915f6)
2026-10-07T15:31:56.3360851Z ##[group] Inputs
2026-10-07T15:31:56.3361741Z   cache-mode: 
2026-10-07T15:31:56.3362201Z   fetch-only: 
2026-10-07T15:31:56.3362655Z ##[endgroup]
2026-10-07T15:31:56.3363170Z Complete job name: Thread Sanitizer / Build & Test
2026-10-07T15:31:56.4159816Z ##[group]Run actions/checkout@v6.0.2
2026-10-07T15:31:56.4160800Z with:
2026-10-07T15:31:56.4161731Z   repository: jnsagai/communication
2026-10-07T15:31:56.4165566Z   token: ***
2026-10-07T15:31:56.4166024Z   ssh-strict: true
2026-10-07T15:31:56.4166488Z   ssh-user: git
2026-10-07T15:31:56.4166959Z   persist-credentials: true
2026-10-07T15:31:56.4167473Z   clean: true
2026-10-07T15:31:56.4167940Z   sparse-checkout-cone-mode: true
2026-10-07T15:31:56.4168476Z   fetch-depth: 1
2026-10-07T15:31:56.4168919Z   fetch-tags: false
2026-10-07T15:31:56.4169380Z   show-progress: true
2026-10-07T15:31:56.4169857Z   lfs: false
2026-10-07T15:31:56.4170292Z   submodules: false
2026-10-07T15:31:56.4170772Z   set-safe-directory: true
2026-10-07T15:31:56.4171830Z ##[endgroup]
2026-10-07T15:31:56.5200837Z Syncing repository: jnsagai/communication
2026-10-07T15:31:56.5203793Z ##[group]Getting Git version info
2026-10-07T15:31:56.5205153Z Working directory is '/home/runner/work/communication/communication'
2026-10-07T15:31:56.5207002Z [command]/usr/bin/git version
2026-10-07T15:31:56.5264110Z git version 2.55.0
2026-10-07T15:31:56.5289952Z ##[endgroup]
2026-10-07T15:31:56.5306306Z Temporarily overriding HOME='/home/runner/work/_temp/e62665e1-2574-4127-b709-9a505ccea663' before making global git config changes
2026-10-07T15:31:56.5308712Z Adding repository directory to the temporary git global config as a safe directory
2026-10-07T15:31:56.5312123Z [command]/usr/bin/git config --global --add safe.directory /home/runner/work/communication/communication
2026-10-07T15:31:56.5368461Z Deleting the contents of '/home/runner/work/communication/communication'
2026-10-07T15:31:56.5373455Z ##[group]Initializing the repository
2026-10-07T15:31:56.5379027Z [command]/usr/bin/git init /home/runner/work/communication/communication
2026-10-07T15:31:56.5493924Z hint: Using 'master' as the name for the initial branch. This default branch name
2026-10-07T15:31:56.5495705Z hint: will change to "main" in Git 3.0. To configure the initial branch name
2026-10-07T15:31:56.5497291Z hint: to use in all of your new repositories, which will suppress this warning,
2026-10-07T15:31:56.5498523Z hint: call:
2026-10-07T15:31:56.5499111Z hint:
2026-10-07T15:31:56.5500350Z hint: 	git config --global init.defaultBranch <name>
2026-10-07T15:31:56.5501629Z hint:
2026-10-07T15:31:56.5502613Z hint: Names commonly chosen instead of 'master' are 'main', 'trunk' and
2026-10-07T15:31:56.5504268Z hint: 'development'. The just-created branch can be renamed via this command:
2026-10-07T15:31:56.5505591Z hint:
2026-10-07T15:31:56.5506308Z hint: 	git branch -m <name>
2026-10-07T15:31:56.5507108Z hint:
2026-10-07T15:31:56.5508109Z hint: Disable this message with "git config set advice.defaultBranchName false"
2026-10-07T15:31:56.5509524Z Initialized empty Git repository in /home/runner/work/communication/communication/.git/
2026-10-07T15:31:56.5512530Z [command]/usr/bin/git remote add origin https://github.com/jnsagai/communication
2026-10-07T15:31:56.5563655Z ##[endgroup]
2026-10-07T15:31:56.5564982Z ##[group]Disabling automatic garbage collection
2026-10-07T15:31:56.5568040Z [command]/usr/bin/git config --local gc.auto 0
2026-10-07T15:31:56.5600124Z ##[endgroup]
2026-10-07T15:31:56.5601576Z ##[group]Setting up auth
2026-10-07T15:31:56.5602489Z Removing SSH command configuration
2026-10-07T15:31:56.5608555Z [command]/usr/bin/git config --local --name-only --get-regexp core\.sshCommand
2026-10-07T15:31:56.5642946Z [command]/usr/bin/git submodule foreach --recursive sh -c "git config --local --name-only --get-regexp 'core\.sshCommand' && git config --local --unset-all 'core.sshCommand' || :"
2026-10-07T15:31:56.6028549Z Removing HTTP extra header
2026-10-07T15:31:56.6036183Z [command]/usr/bin/git config --local --name-only --get-regexp http\.https\:\/\/github\.com\/\.extraheader
2026-10-07T15:31:56.6077034Z [command]/usr/bin/git submodule foreach --recursive sh -c "git config --local --name-only --get-regexp 'http\.https\:\/\/github\.com\/\.extraheader' && git config --local --unset-all 'http.https://github.com/.extraheader' || :"
2026-10-07T15:31:56.6306303Z Removing includeIf entries pointing to credentials config files
2026-10-07T15:31:56.6314543Z [command]/usr/bin/git config --local --name-only --get-regexp ^includeIf\.gitdir:
2026-10-07T15:31:56.6352332Z [command]/usr/bin/git submodule foreach --recursive git config --local --show-origin --name-only --get-regexp remote.origin.url
2026-10-07T15:31:56.6586322Z [command]/usr/bin/git config --file /home/runner/work/_temp/git-credentials-93e656cf-96f3-4da3-8750-74fbb0113168.config http.https://github.com/.extraheader AUTHORIZATION: basic ***
2026-10-07T15:31:56.6634245Z [command]/usr/bin/git config --local includeIf.gitdir:/home/runner/work/communication/communication/.git.path /home/runner/work/_temp/git-credentials-93e656cf-96f3-4da3-8750-74fbb0113168.config
2026-10-07T15:31:56.6676022Z [command]/usr/bin/git config --local includeIf.gitdir:/home/runner/work/communication/communication/.git/worktrees/*.path /home/runner/work/_temp/git-credentials-93e656cf-96f3-4da3-8750-74fbb0113168.config
2026-10-07T15:31:56.6717326Z [command]/usr/bin/git config --local includeIf.gitdir:/github/workspace/.git.path /github/runner_temp/git-credentials-93e656cf-96f3-4da3-8750-74fbb0113168.config
2026-10-07T15:31:56.6755675Z [command]/usr/bin/git config --local includeIf.gitdir:/github/workspace/.git/worktrees/*.path /github/runner_temp/git-credentials-93e656cf-96f3-4da3-8750-74fbb0113168.config
2026-10-07T15:31:56.6786542Z ##[endgroup]
2026-10-07T15:31:56.6787349Z ##[group]Fetching the repository
2026-10-07T15:31:56.6795393Z [command]/usr/bin/git -c protocol.version=2 fetch --no-tags --prune --no-recurse-submodules --depth=1 origin +f1ad21baa6cdd9767509e8ae9f136a723e2915f6:refs/remotes/pull/1/merge
2026-10-07T15:31:57.9638401Z From https://github.com/jnsagai/communication
2026-10-07T15:31:57.9642414Z  * [new ref]         f1ad21baa6cdd9767509e8ae9f136a723e2915f6 -> pull/1/merge
2026-10-07T15:31:57.9649263Z ##[endgroup]
2026-10-07T15:31:57.9651909Z ##[group]Determining the checkout info
2026-10-07T15:31:57.9654858Z ##[endgroup]
2026-10-07T15:31:57.9656718Z [command]/usr/bin/git sparse-checkout disable
2026-10-07T15:31:57.9711256Z [command]/usr/bin/git config --local --unset-all extensions.worktreeConfig
2026-10-07T15:31:57.9745435Z ##[group]Checking out the ref
2026-10-07T15:31:57.9748901Z [command]/usr/bin/git checkout --progress --force refs/remotes/pull/1/merge
2026-10-07T15:31:58.1781510Z Note: switching to 'refs/remotes/pull/1/merge'.
2026-10-07T15:31:58.1782817Z 
2026-10-07T15:31:58.1783840Z You are in 'detached HEAD' state. You can look around, make experimental
2026-10-07T15:31:58.1785672Z changes and commit them, and you can discard any commits you make in this
2026-10-07T15:31:58.1787314Z state without impacting any branches by switching back to a branch.
2026-10-07T15:31:58.1788375Z 
2026-10-07T15:31:58.1789023Z If you want to create a new branch to retain commits you create, you may
2026-10-07T15:31:58.1790510Z do so (now or later) by using -c with the switch command. Example:
2026-10-07T15:31:58.1791658Z 
2026-10-07T15:31:58.1792057Z   git switch -c <new-branch-name>
2026-10-07T15:31:58.1792771Z 
2026-10-07T15:31:58.1793308Z Or undo this operation with:
2026-10-07T15:31:58.1794013Z 
2026-10-07T15:31:58.1794499Z   git switch -
2026-10-07T15:31:58.1795116Z 
2026-10-07T15:31:58.1796081Z Turn off this advice by setting config variable advice.detachedHead to false
2026-10-07T15:31:58.1797480Z 
2026-10-07T15:31:58.1799658Z HEAD is now at f1ad21b Merge c5eac2321cce88d50faaf3b0c945097b6c07a761 into c77751819b8885a902540dbef7f0fe25cf85d51c
2026-10-07T15:31:58.1812152Z ##[endgroup]
2026-10-07T15:31:58.1856899Z [command]/usr/bin/git log -1 --format=%H
2026-10-07T15:31:58.1887211Z f1ad21baa6cdd9767509e8ae9f136a723e2915f6
2026-10-07T15:31:58.2249735Z Prepare all required actions
2026-10-07T15:31:58.2250496Z Getting action download info
2026-10-07T15:31:58.3234693Z Download action repository 'eclipse-score/more-disk-space@v1' (SHA:beee38c3b4426a7c43fdfeb2495d1af812179c3e)
2026-10-07T15:31:58.4467014Z Download action repository 'bazel-contrib/setup-bazel@0.19.0' (SHA:c5acdfb288317d0b5c0bbd7a396a3dc868bb0f86)
2026-10-07T15:31:58.6866461Z Download action repository 'eclipse-score/cicd-actions@f89865691445b60e9229c36adb1c37b675e1ca85' (SHA:f89865691445b60e9229c36adb1c37b675e1ca85)
2026-10-07T15:31:58.8767970Z ##[group]Run ./.github/actions/00_infrastructure/prepare_bazel_environment
2026-10-07T15:31:58.8768561Z with:
2026-10-07T15:31:58.8768934Z   disk-cache: build_and_test_tsan
2026-10-07T15:31:58.8769324Z   repository-cache: false
2026-10-07T15:31:58.8769670Z ##[endgroup]
2026-10-07T15:31:58.8830180Z ##[start-action display=Set environment and compute cache mode;id=__self.__run]
2026-10-07T15:31:58.8896487Z ##[group]Run echo "ANDROID_HOME=" >> "$GITHUB_ENV"
2026-10-07T15:31:58.8897066Z [36;1mecho "ANDROID_HOME=" >> "$GITHUB_ENV"[0m
2026-10-07T15:31:58.8897549Z [36;1mecho "ANDROID_SDK_ROOT=" >> "$GITHUB_ENV"[0m
2026-10-07T15:31:58.8898099Z [36;1mecho "FORCE_JAVASCRIPT_ACTIONS_TO_NODE24=true" >> "$GITHUB_ENV"[0m
2026-10-07T15:31:58.8898612Z [36;1m[0m
2026-10-07T15:31:58.8898926Z [36;1mif [[ -n "" ]]; then[0m
2026-10-07T15:31:58.8899277Z [36;1m  MODE=""[0m
2026-10-07T15:31:58.8899912Z [36;1melif [[ "pull_request" == "pull_request" || "pull_request" == "pull_request_target" || "pull_request" == "merge_group" ]]; then[0m
2026-10-07T15:31:58.8900601Z [36;1m  MODE="read-only"[0m
2026-10-07T15:31:58.8901321Z [36;1melif [[ "pull_request" == "push" && "refs/pull/1/merge" == "refs/heads/main" ]]; then[0m
2026-10-07T15:31:58.8901886Z [36;1m  MODE="update-disk"[0m
2026-10-07T15:31:58.8902243Z [36;1melse[0m
2026-10-07T15:31:58.8902560Z [36;1m  MODE="disabled"[0m
2026-10-07T15:31:58.8902902Z [36;1mfi[0m
2026-10-07T15:31:58.8903263Z [36;1mecho "CACHE_MODE=${MODE}" >> "$GITHUB_ENV"[0m
2026-10-07T15:31:58.8903913Z [36;1mecho "Cache mode: ${MODE}"[0m
2026-10-07T15:31:58.9158028Z shell: /usr/bin/bash --noprofile --norc -e -o pipefail {0}
2026-10-07T15:31:58.9158559Z ##[endgroup]
2026-10-07T15:31:58.9270352Z Cache mode: read-only
2026-10-07T15:31:58.9297277Z ##[end-action id=__self.__run;outcome=success;conclusion=success;duration_ms=46]
2026-10-07T15:31:58.9300390Z ##[start-action display=Free Disk Space (Ubuntu);id=__self.__eclipse-score_more-disk-space]
2026-10-07T15:31:58.9350490Z ##[group]Run eclipse-score/more-disk-space@v1
2026-10-07T15:31:58.9350915Z with:
2026-10-07T15:31:58.9351503Z   level: 4
2026-10-07T15:31:58.9351827Z   enable-problem-matchers: true
2026-10-07T15:31:58.9352195Z env:
2026-10-07T15:31:58.9352481Z   ANDROID_HOME: 
2026-10-07T15:31:58.9352786Z   ANDROID_SDK_ROOT: 
2026-10-07T15:31:58.9353128Z   FORCE_JAVASCRIPT_ACTIONS_TO_NODE24: true
2026-10-07T15:31:58.9353520Z   CACHE_MODE: read-only
2026-10-07T15:31:58.9353857Z ##[endgroup]
2026-10-07T15:31:58.9677901Z 🗑️  More Disk Space - running 13 steps (level 4)
2026-10-07T15:31:58.9678563Z 
2026-10-07T15:31:58.9679046Z Available space before: 86 GiB
2026-10-07T15:31:58.9679456Z 
2026-10-07T15:31:58.9711653Z Downloading rmz 3.1.1 for parallel removal...
2026-10-07T15:31:59.0561318Z Removing /usr/share/swift...
2026-10-07T15:31:59.0562767Z Removing /usr/local/share/powershell...
2026-10-07T15:31:59.0564010Z Removing /usr/local/share/chromium...
2026-10-07T15:31:59.0565024Z Removing /usr/share/dotnet...
2026-10-07T15:31:59.0566030Z Removing /usr/share/gradle-9.8.0...
2026-10-07T15:31:59.0566949Z Removing /usr/local/.ghcup...
2026-10-07T15:31:59.0567801Z Removing /opt/ghc...
2026-10-07T15:31:59.0568602Z Removing /opt/cabal...
2026-10-07T15:31:59.0569514Z Removing /home/runner/.ghcup...
2026-10-07T15:31:59.0570437Z Removing /home/runner/.cabal...
2026-10-07T15:31:59.0571621Z Removing /usr/local/julia1.13.1...
2026-10-07T15:31:59.0572901Z Removing /usr/local/aws-cli...
2026-10-07T15:31:59.0573706Z Removing /opt/az...
2026-10-07T15:31:59.0574496Z Removing /usr/share/az_15.6.1...
2026-10-07T15:31:59.0575326Z Removing /usr/local/lib/android...
2026-10-07T15:31:59.0576100Z Removing /opt/android...
2026-10-07T15:31:59.0576924Z Removing /usr/local/android-sdk...
2026-10-07T15:31:59.0577781Z Removing /home/runner/Android...
2026-10-07T15:31:59.0578625Z Removing /usr/local/aws-sam-cli...
2026-10-07T15:31:59.0579424Z Removing /usr/share/miniconda...
2026-10-07T15:32:24.1289324Z Removing dotnet packages...
2026-10-07T15:32:24.1499614Z Removing haskell packages...
2026-10-07T15:32:24.1679654Z Removing android-sdk packages...
2026-10-07T15:32:24.1858392Z Cleared Android SDK environment after removing the Android SDK.
2026-10-07T15:32:24.1880945Z 
2026-10-07T15:32:24.1882121Z ✅ Cleanup complete!
2026-10-07T15:32:24.1882834Z Available space after: 115 GiB
2026-10-07T15:32:24.1883485Z Space freed: 29 GiB
2026-10-07T15:32:24.1938307Z ##[end-action id=__self.__eclipse-score_more-disk-space;outcome=success;conclusion=success;duration_ms=25263]
2026-10-07T15:32:24.1942432Z ##[start-action display=Install Bazelisk;id=__self.__bazel-contrib_setup-bazel]
2026-10-07T15:32:24.2030488Z ##[group]Run bazel-contrib/setup-bazel@0.19.0
2026-10-07T15:32:24.2030830Z with:
2026-10-07T15:32:24.2031256Z   bazelisk-cache: true
2026-10-07T15:32:24.2031528Z   disk-cache: false
2026-10-07T15:32:24.2031796Z   repository-cache: false
2026-10-07T15:32:24.2032097Z   cache-save: false
2026-10-07T15:32:24.2032342Z   cache-version: 1
2026-10-07T15:32:24.2032605Z   module-root: .
2026-10-07T15:32:24.2035143Z   token: ***
2026-10-07T15:32:24.2035377Z env:
2026-10-07T15:32:24.2035605Z   ANDROID_HOME: 
2026-10-07T15:32:24.2035867Z   ANDROID_SDK_ROOT: 
2026-10-07T15:32:24.2036149Z   FORCE_JAVASCRIPT_ACTIONS_TO_NODE24: true
2026-10-07T15:32:24.2036483Z   CACHE_MODE: read-only
2026-10-07T15:32:24.2036748Z ##[endgroup]
2026-10-07T15:32:24.3478108Z ##[group]Configure Bazel
2026-10-07T15:32:24.3479235Z Configuration:
2026-10-07T15:32:24.3479820Z {
2026-10-07T15:32:24.3480710Z   "baseCacheKey": "setup-bazel-1-linux-x64",
2026-10-07T15:32:24.3482337Z   "cacheSave": false,
2026-10-07T15:32:24.3483001Z   "bazeliskCache": {
2026-10-07T15:32:24.3483684Z     "enabled": true,
2026-10-07T15:32:24.3484259Z     "files": [
2026-10-07T15:32:24.3484844Z       "./.bazelversion"
2026-10-07T15:32:24.3485348Z     ],
2026-10-07T15:32:24.3485905Z     "name": "bazelisk",
2026-10-07T15:32:24.3486453Z     "paths": [
2026-10-07T15:32:24.3487141Z       "/home/runner/.cache/bazelisk"
2026-10-07T15:32:24.3487714Z     ]
2026-10-07T15:32:24.3488131Z   },
2026-10-07T15:32:24.3488729Z   "bazeliskVersion": "",
2026-10-07T15:32:24.3489363Z   "bazelrc": [],
2026-10-07T15:32:24.3489914Z   "diskCache": {
2026-10-07T15:32:24.3490362Z     "enabled": false,
2026-10-07T15:32:24.3490767Z     "files": [
2026-10-07T15:32:24.3491422Z       "./MODULE.bazel",
2026-10-07T15:32:24.3492152Z       "./WORKSPACE.bazel",
2026-10-07T15:32:24.3492739Z       "./WORKSPACE.bzlmod",
2026-10-07T15:32:24.3493196Z       "./WORKSPACE",
2026-10-07T15:32:24.3493842Z       "./**/BUILD.bazel",
2026-10-07T15:32:24.3494374Z       "./**/BUILD"
2026-10-07T15:32:24.3494804Z     ],
2026-10-07T15:32:24.3495277Z     "name": "disk",
2026-10-07T15:32:24.3495766Z     "paths": [
2026-10-07T15:32:24.3496392Z       "/home/runner/.cache/bazel-disk"
2026-10-07T15:32:24.3496903Z     ]
2026-10-07T15:32:24.3497275Z   },
2026-10-07T15:32:24.3497776Z   "externalCache": {},
2026-10-07T15:32:24.3498252Z   "paths": {
2026-10-07T15:32:24.3498983Z     "bazelExternal": "/home/runner/.bazel/external",
2026-10-07T15:32:24.3499811Z     "bazelOutputBase": "/home/runner/.bazel",
2026-10-07T15:32:24.3500418Z     "bazelrc": [
2026-10-07T15:32:24.3500926Z       "/home/runner/.bazelrc"
2026-10-07T15:32:24.3506189Z     ]
2026-10-07T15:32:24.3506936Z   },
2026-10-07T15:32:24.3507366Z   "os": {
2026-10-07T15:32:24.3507873Z     "arch": "x64",
2026-10-07T15:32:24.3508487Z     "platform": "linux"
2026-10-07T15:32:24.3508931Z   },
2026-10-07T15:32:24.3509711Z   "repositoryCache": {
2026-10-07T15:32:24.3510328Z     "enabled": false,
2026-10-07T15:32:24.3510857Z     "files": [
2026-10-07T15:32:24.3511649Z       "./MODULE.bazel",
2026-10-07T15:32:24.3512225Z       "./WORKSPACE.bazel",
2026-10-07T15:32:24.3512895Z       "./WORKSPACE.bzlmod",
2026-10-07T15:32:24.3513484Z       "./WORKSPACE"
2026-10-07T15:32:24.3513942Z     ],
2026-10-07T15:32:24.3514480Z     "name": "repository",
2026-10-07T15:32:24.3515003Z     "paths": [
2026-10-07T15:32:24.3515618Z       "/home/runner/.cache/bazel-repo"
2026-10-07T15:32:24.3516114Z     ]
2026-10-07T15:32:24.3516506Z   }
2026-10-07T15:32:24.3516874Z }
2026-10-07T15:32:24.3517552Z ##[endgroup]
2026-10-07T15:32:24.7368656Z ##[group]Restore cache for bazelisk
2026-10-07T15:32:24.8308061Z Failed to restore bazelisk cache
2026-10-07T15:32:24.8308569Z ##[endgroup]
2026-10-07T15:32:24.8390794Z ##[end-action id=__self.__bazel-contrib_setup-bazel;outcome=success;conclusion=success;duration_ms=644]
2026-10-07T15:32:24.8393903Z ##[start-action display=Register post cache save hook and restore caches;id=__self.__self]
2026-10-07T15:32:24.8450959Z ##[group]Run ./.github/actions/00_infrastructure/setup_bazel_cache
2026-10-07T15:32:24.8451641Z with:
2026-10-07T15:32:24.8451851Z   cache-mode: read-only
2026-10-07T15:32:24.8452091Z   disk-cache-name: build_and_test_tsan
2026-10-07T15:32:24.8454742Z   github-token: ***
2026-10-07T15:32:24.8454954Z env:
2026-10-07T15:32:24.8455130Z   ANDROID_HOME: 
2026-10-07T15:32:24.8455329Z   ANDROID_SDK_ROOT: 
2026-10-07T15:32:24.8455559Z   FORCE_JAVASCRIPT_ACTIONS_TO_NODE24: true
2026-10-07T15:32:24.8455839Z   CACHE_MODE: read-only
2026-10-07T15:32:24.8458374Z   BAZELISK_GITHUB_TOKEN: ***
2026-10-07T15:32:24.8458613Z ##[endgroup]
2026-10-07T15:32:24.9566488Z Restoring repository cache...
2026-10-07T15:32:25.0323315Z No repository cache found.
2026-10-07T15:32:25.0324026Z Restoring disk cache 'build_and_test_tsan'...
2026-10-07T15:32:25.0864054Z No disk cache found.
2026-10-07T15:32:25.0864893Z Bazel cache paths written to /home/runner/.bazelrc
2026-10-07T15:32:25.0866803Z Cache setup complete (mode: read-only, disk-cache: build_and_test_tsan). Post hook registered for save.
2026-10-07T15:32:25.0972123Z ##[end-action id=__self.__self;outcome=success;conclusion=success;duration_ms=257]
2026-10-07T15:32:25.0977004Z ##[start-action display=Configure optional Ubuntu snapshot mirror for Bazel downloader;id=__self.__run_2]
2026-10-07T15:32:25.0997170Z ##[group]Run if [[ -z "${UBUNTU_SNAPSHOT_MIRROR_URL}" ]]; then
2026-10-07T15:32:25.0997629Z [36;1mif [[ -z "${UBUNTU_SNAPSHOT_MIRROR_URL}" ]]; then[0m
2026-10-07T15:32:25.0998189Z [36;1m  echo "No override for public Ubuntu snapshot mirror configured; using default snapshot.ubuntu.com URL."[0m
2026-10-07T15:32:25.0998705Z [36;1m  exit 0[0m
2026-10-07T15:32:25.0998903Z [36;1mfi[0m
2026-10-07T15:32:25.0999085Z [36;1m[0m
2026-10-07T15:32:25.0999309Z [36;1mMIRROR_URL="${UBUNTU_SNAPSHOT_MIRROR_URL}"[0m
2026-10-07T15:32:25.0999724Z [36;1mDOWNLOADER_CONFIG="${GITHUB_WORKSPACE}/user.downloader_config"[0m
2026-10-07T15:32:25.1000092Z [36;1m[0m
2026-10-07T15:32:25.1000438Z [36;1mMIRROR_URL="${MIRROR_URL}" DOWNLOADER_CONFIG="${DOWNLOADER_CONFIG}" python3 - <<'PY'[0m
2026-10-07T15:32:25.1000868Z [36;1mimport os[0m
2026-10-07T15:32:25.1001410Z [36;1mfrom pathlib import Path[0m
2026-10-07T15:32:25.1001680Z [36;1m[0m
2026-10-07T15:32:25.1001902Z [36;1mmirror_url = os.environ["MIRROR_URL"][0m
2026-10-07T15:32:25.1002279Z [36;1mdownloader_config = Path(os.environ["DOWNLOADER_CONFIG"])[0m
2026-10-07T15:32:25.1002663Z [36;1mdownloader_config.write_text([0m
2026-10-07T15:32:25.1002932Z [36;1m    "\n".join([[0m
2026-10-07T15:32:25.1003513Z [36;1m        f"rewrite snapshot.ubuntu.com/ubuntu/[^/]*/(.*) {mirror_url}.debmirror.stablebuild.com/2026-04-01T10:40:01Z/archive.ubuntu.com/ubuntu/$1",[0m
2026-10-07T15:32:25.1004621Z [36;1m        f"rewrite snapshot.ubuntu.com/ubuntu/[^/]*/(.*) {mirror_url}.debmirror.stablebuild.com/2026-04-01T10:40:01Z/ports.ubuntu.com/$1",[0m
2026-10-07T15:32:25.1005363Z [36;1m        # Retain public mirror as fallback should quota of override mirror be exhausted[0m
2026-10-07T15:32:25.1005938Z [36;1m        "rewrite snapshot.ubuntu.com/ubuntu/(.*) snapshot.ubuntu.com/ubuntu/$1",[0m
2026-10-07T15:32:25.1006342Z [36;1m    ]) + "\n",[0m
2026-10-07T15:32:25.1006566Z [36;1m    encoding="utf-8",[0m
2026-10-07T15:32:25.1006793Z [36;1m)[0m
2026-10-07T15:32:25.1006974Z [36;1mPY[0m
2026-10-07T15:32:25.1007151Z [36;1m[0m
2026-10-07T15:32:25.1007540Z [36;1mecho "common --downloader_config=${DOWNLOADER_CONFIG}" >> "${GITHUB_WORKSPACE}/user.bazelrc"[0m
2026-10-07T15:32:25.1008174Z [36;1mecho "Configured Bazel downloader mirror with fallback for Ubuntu snapshot URLs."[0m
2026-10-07T15:32:25.1072062Z shell: /usr/bin/bash --noprofile --norc -e -o pipefail {0}
2026-10-07T15:32:25.1072400Z env:
2026-10-07T15:32:25.1072584Z   ANDROID_HOME: 
2026-10-07T15:32:25.1072796Z   ANDROID_SDK_ROOT: 
2026-10-07T15:32:25.1073049Z   FORCE_JAVASCRIPT_ACTIONS_TO_NODE24: true
2026-10-07T15:32:25.1073340Z   CACHE_MODE: read-only
2026-10-07T15:32:25.1075905Z   BAZELISK_GITHUB_TOKEN: ***
2026-10-07T15:32:25.1076174Z   UBUNTU_SNAPSHOT_MIRROR_URL: 
2026-10-07T15:32:25.1076413Z ##[endgroup]
2026-10-07T15:32:25.1157814Z No override for public Ubuntu snapshot mirror configured; using default snapshot.ubuntu.com URL.
2026-10-07T15:32:25.1163817Z ##[end-action id=__self.__run_2;outcome=success;conclusion=success;duration_ms=18]
2026-10-07T15:32:25.1165787Z ##[start-action display=Allow linux-sandbox;id=__self.__eclipse-score_cicd-actions]
2026-10-07T15:32:25.1200820Z ##[group]Run eclipse-score/cicd-actions/unblock-user-namespace-for-linux-sandbox@f89865691445b60e9229c36adb1c37b675e1ca85
2026-10-07T15:32:25.1201585Z env:
2026-10-07T15:32:25.1201776Z   ANDROID_HOME: 
2026-10-07T15:32:25.1201979Z   ANDROID_SDK_ROOT: 
2026-10-07T15:32:25.1202215Z   FORCE_JAVASCRIPT_ACTIONS_TO_NODE24: true
2026-10-07T15:32:25.1202494Z   CACHE_MODE: read-only
2026-10-07T15:32:25.1205124Z   BAZELISK_GITHUB_TOKEN: ***
2026-10-07T15:32:25.1205544Z ##[endgroup]
2026-10-07T15:32:25.1208795Z ##[start-action display=Allow linux-sandbox to create user namespace;id=__self.__eclipse-score_cicd-actions.__run]
2026-10-07T15:32:25.1228207Z ##[group]Run /home/runner/work/_actions/eclipse-score/cicd-actions/f89865691445b60e9229c36adb1c37b675e1ca85/unblock-user-namespace-for-linux-sandbox/action_callable.sh
2026-10-07T15:32:25.1229394Z [36;1m/home/runner/work/_actions/eclipse-score/cicd-actions/f89865691445b60e9229c36adb1c37b675e1ca85/unblock-user-namespace-for-linux-sandbox/action_callable.sh[0m
2026-10-07T15:32:25.1286129Z shell: /usr/bin/bash --noprofile --norc -e -o pipefail {0}
2026-10-07T15:32:25.1286477Z env:
2026-10-07T15:32:25.1286662Z   ANDROID_HOME: 
2026-10-07T15:32:25.1286867Z   ANDROID_SDK_ROOT: 
2026-10-07T15:32:25.1287107Z   FORCE_JAVASCRIPT_ACTIONS_TO_NODE24: true
2026-10-07T15:32:25.1287379Z   CACHE_MODE: read-only
2026-10-07T15:32:25.1289902Z   BAZELISK_GITHUB_TOKEN: ***
2026-10-07T15:32:25.1290175Z ##[endgroup]
2026-10-07T15:32:25.5557985Z 2026/10/07 15:32:25 Downloading https://releases.bazel.build/8.7.0/release/bazel-8.7.0-linux-x86_64...
2026-10-07T15:32:26.1033396Z Extracting Bazel installation...
2026-10-07T15:32:27.2008261Z Starting local Bazel server (8.7.0) and connecting to it...
2026-10-07T15:32:28.6092716Z INFO: Invocation ID: 4c1dbda2-a887-43b3-ac03-b1a074141eac
2026-10-07T15:32:28.6869388Z Success: '/home/runner/.cache/bazel/_bazel_runner/install/24cd1949a87b52de06e695638d54f5e1/linux-sandbox /bin/true' succeeded.
2026-10-07T15:32:28.6879607Z ##[end-action id=__self.__eclipse-score_cicd-actions.__run;outcome=success;conclusion=success;duration_ms=3566]
2026-10-07T15:32:28.6894440Z ##[end-action id=__self.__eclipse-score_cicd-actions;outcome=success;conclusion=success;duration_ms=3572]
2026-10-07T15:32:28.6929905Z ##[group]Run bazel test --config=ci --config=tsan //... --build_tests_only
2026-10-07T15:32:28.6930451Z [36;1mbazel test --config=ci --config=tsan //... --build_tests_only[0m
2026-10-07T15:32:28.6995394Z shell: /usr/bin/bash -e {0}
2026-10-07T15:32:28.6995662Z env:
2026-10-07T15:32:28.6995848Z   ANDROID_HOME: 
2026-10-07T15:32:28.6996056Z   ANDROID_SDK_ROOT: 
2026-10-07T15:32:28.6996292Z   FORCE_JAVASCRIPT_ACTIONS_TO_NODE24: true
2026-10-07T15:32:28.6996569Z   CACHE_MODE: read-only
2026-10-07T15:32:28.6999348Z   BAZELISK_GITHUB_TOKEN: ***
2026-10-07T15:32:28.6999605Z ##[endgroup]
2026-10-07T15:32:28.8112908Z INFO: Invocation ID: e187b5a1-adc9-4a1b-8ffd-a74d71b69e36
2026-10-07T15:32:28.9003381Z Computing main repo mapping: 
2026-10-07T15:32:38.9022422Z Computing main repo mapping: 
2026-10-07T15:32:47.4978837Z Loading: 
2026-10-07T15:32:47.5002444Z Loading: 6 packages loaded
2026-10-07T15:32:51.1106734Z Analyzing: 514 targets (311 packages loaded, 0 targets configured)
2026-10-07T15:32:51.1719392Z Analyzing: 514 targets (311 packages loaded, 0 targets configured)
2026-10-07T15:32:51.1731472Z 
2026-10-07T15:32:52.2770609Z WARNING: /home/runner/work/communication/communication/MODULE.bazel:196:20: The module extension apt defined in @rules_distroless//apt:extensions.bzl reported incorrect imports of repositories via use_repo():
2026-10-07T15:32:52.2801393Z 
2026-10-07T15:32:52.2808307Z Imported, but reported as indirect dependencies by the extension:
2026-10-07T15:32:52.2809646Z     ubuntu24_04_sysroot_resolve
2026-10-07T15:32:52.2810198Z 
2026-10-07T15:32:52.2810865Z Fix the use_repo calls by running 'bazel mod tidy'.
2026-10-07T15:33:01.3155443Z Analyzing: 514 targets (440 packages loaded, 464 targets configured)
2026-10-07T15:33:01.3166193Z 
2026-10-07T15:33:11.7628020Z Analyzing: 514 targets (440 packages loaded, 464 targets configured)
2026-10-07T15:33:11.7629329Z 
2026-10-07T15:33:21.9185197Z Analyzing: 514 targets (494 packages loaded, 6688 targets configured)
2026-10-07T15:33:21.9190789Z 
2026-10-07T15:33:31.5378327Z DEBUG: Rule '+_repo_rules3+clang_format' indicated that a canonical reproducible form can be obtained by modifying arguments integrity = "sha256-Lj6lg0XiCgKLjDWv+WT3TfFOTNF+LVJKjvwbqeztfaI="
2026-10-07T15:33:31.5383659Z DEBUG: Repository +_repo_rules3+clang_format instantiated at:
2026-10-07T15:33:31.5384334Z   <builtin>: in <toplevel>
2026-10-07T15:33:31.5384952Z Repository rule file defined at:
2026-10-07T15:33:31.5385831Z   /home/runner/.bazel/external/download_utils+/download/file/repository.bzl:75:23: in <toplevel>
2026-10-07T15:33:31.9518492Z Analyzing: 514 targets (658 packages loaded, 13619 targets configured)
2026-10-07T15:33:31.9521737Z 
2026-10-07T15:33:32.4353244Z DEBUG: Rule 'score_baselibs++_repo_rules+acl-deb' indicated that a canonical reproducible form can be obtained by modifying arguments integrity = "sha256-5AjUxw54AQdOpFkYAgilQtVPVjibpIU3BDTy0A6VCYA=" and dropping ["visibility"]
2026-10-07T15:33:32.4392347Z DEBUG: Repository score_baselibs++_repo_rules+acl-deb instantiated at:
2026-10-07T15:33:32.4421941Z   <builtin>: in <toplevel>
2026-10-07T15:33:32.4451852Z Repository rule deb defined at:
2026-10-07T15:33:32.4453309Z   /home/runner/.bazel/external/download_utils+/download/deb/repository.bzl:78:22: in <toplevel>
2026-10-07T15:33:41.9552527Z Analyzing: 514 targets (883 packages loaded, 18165 targets configured)
2026-10-07T15:33:41.9577884Z [3 / 8] [Prepa] Creating runfiles tree bazel-out/k8-fastbuild-tsan/bin/format_test_Starlark_with_buildifier.runfiles
2026-10-07T15:33:51.9602612Z Analyzing: 514 targets (945 packages loaded, 22425 targets configured)
2026-10-07T15:33:51.9612042Z [16 / 18] checking cached actions
2026-10-07T15:34:01.9758027Z Analyzing: 514 targets (1041 packages loaded, 23258 targets configured)
2026-10-07T15:34:01.9759515Z [16 / 18] checking cached actions
2026-10-07T15:34:12.1472187Z Analyzing: 514 targets (1069 packages loaded, 24488 targets configured)
2026-10-07T15:34:12.1473492Z [16 / 18] checking cached actions
2026-10-07T15:34:22.4830683Z Analyzing: 514 targets (1124 packages loaded, 28203 targets configured)
2026-10-07T15:34:22.4839802Z [16 / 18] checking cached actions
2026-10-07T15:34:32.7616870Z Analyzing: 514 targets (1209 packages loaded, 30247 targets configured)
2026-10-07T15:34:32.7618660Z [20 / 23] checking cached actions
2026-10-07T15:34:42.9503654Z Analyzing: 514 targets (1249 packages loaded, 30711 targets configured)
2026-10-07T15:34:42.9512490Z [20 / 23] checking cached actions
2026-10-07T15:34:53.1872740Z Analyzing: 514 targets (1292 packages loaded, 33392 targets configured)
2026-10-07T15:34:53.1874710Z [22 / 24] 2 / 114 tests; Testing //:format_test_C++_with_clang-format; 5s local
2026-10-07T15:35:03.2192627Z Analyzing: 514 targets (1359 packages loaded, 37229 targets configured)
2026-10-07T15:35:03.2216894Z [23 / 24] 2 / 114 tests; Testing //:format_test_C++_with_clang-format; 15s local
2026-10-07T15:35:13.2678592Z Analyzing: 514 targets (1392 packages loaded, 38536 targets configured)
2026-10-07T15:35:13.2732651Z [24 / 25] 3 / 114 tests; Testing //:format_test_C++_with_clang-format; 25s local
2026-10-07T15:35:23.3690696Z Analyzing: 514 targets (1417 packages loaded, 40564 targets configured)
2026-10-07T15:35:23.3716668Z [25 / 25] 4 / 114 tests; no actions running
2026-10-07T15:35:33.4379731Z Analyzing: 514 targets (1420 packages loaded, 40814 targets configured)
2026-10-07T15:35:33.4380741Z [25 / 25] 4 / 114 tests; no actions running
2026-10-07T15:35:43.7136475Z Analyzing: 514 targets (1420 packages loaded, 40814 targets configured)
2026-10-07T15:35:43.7137538Z [25 / 25] 4 / 114 tests; no actions running
2026-10-07T15:35:53.7643930Z Analyzing: 514 targets (1420 packages loaded, 40814 targets configured)
2026-10-07T15:35:53.7645422Z [25 / 25] 4 / 114 tests; no actions running
2026-10-07T15:36:03.8638007Z Analyzing: 514 targets (1420 packages loaded, 40814 targets configured)
2026-10-07T15:36:03.8639118Z [25 / 25] 4 / 114 tests; no actions running
2026-10-07T15:36:13.9116490Z Analyzing: 514 targets (1420 packages loaded, 40814 targets configured)
2026-10-07T15:36:13.9117999Z [25 / 25] 4 / 114 tests; no actions running
2026-10-07T15:36:24.0670363Z Analyzing: 514 targets (1420 packages loaded, 40814 targets configured)
2026-10-07T15:36:24.0671969Z [25 / 25] 4 / 114 tests; no actions running
2026-10-07T15:36:36.1719379Z Analyzing: 514 targets (1420 packages loaded, 40814 targets configured)
2026-10-07T15:36:36.1720389Z [25 / 25] 4 / 114 tests; no actions running
2026-10-07T15:36:48.2812704Z Analyzing: 514 targets (1420 packages loaded, 40814 targets configured)
2026-10-07T15:36:48.2819206Z [25 / 25] 4 / 114 tests; no actions running
2026-10-07T15:36:58.5195846Z Analyzing: 514 targets (1420 packages loaded, 40814 targets configured)
2026-10-07T15:36:58.5196600Z [25 / 25] 4 / 114 tests; no actions running
2026-10-07T15:37:08.9136060Z Analyzing: 514 targets (1420 packages loaded, 40814 targets configured)
2026-10-07T15:37:08.9137009Z [25 / 25] 4 / 114 tests; no actions running
2026-10-07T15:37:18.9166382Z Analyzing: 514 targets (1420 packages loaded, 40814 targets configured)
2026-10-07T15:37:18.9167824Z [25 / 25] 4 / 114 tests; no actions running
2026-10-07T15:37:28.9140632Z Analyzing: 514 targets (1421 packages loaded, 49880 targets configured)
2026-10-07T15:37:28.9141689Z [25 / 25] 4 / 114 tests; no actions running
2026-10-07T15:37:39.0776691Z Analyzing: 514 targets (1421 packages loaded, 49880 targets configured)
2026-10-07T15:37:39.0778074Z [25 / 25] 4 / 114 tests; no actions running
2026-10-07T15:37:49.1698054Z Analyzing: 514 targets (1421 packages loaded, 49880 targets configured)
2026-10-07T15:37:49.1699596Z [25 / 25] 4 / 114 tests; no actions running
2026-10-07T15:37:59.3777822Z Analyzing: 514 targets (1421 packages loaded, 49880 targets configured)
2026-10-07T15:37:59.3780924Z [25 / 25] 4 / 114 tests; no actions running
2026-10-07T15:38:09.3988323Z Analyzing: 514 targets (1421 packages loaded, 49880 targets configured)
2026-10-07T15:38:09.3989391Z [25 / 25] 4 / 114 tests; no actions running
2026-10-07T15:38:19.4410537Z Analyzing: 514 targets (1421 packages loaded, 49880 targets configured)
2026-10-07T15:38:19.4412354Z [25 / 25] 4 / 114 tests; no actions running
2026-10-07T15:38:29.5924973Z Analyzing: 514 targets (1421 packages loaded, 49880 targets configured)
2026-10-07T15:38:29.5925742Z [25 / 25] 4 / 114 tests; no actions running
2026-10-07T15:38:39.7932977Z Analyzing: 514 targets (1421 packages loaded, 49880 targets configured)
2026-10-07T15:38:39.7934400Z [25 / 25] 4 / 114 tests; no actions running
2026-10-07T15:38:49.8274551Z Analyzing: 514 targets (1421 packages loaded, 49880 targets configured)
2026-10-07T15:38:49.8275671Z [25 / 25] 4 / 114 tests; no actions running
2026-10-07T15:38:59.8731292Z Analyzing: 514 targets (1421 packages loaded, 49880 targets configured)
2026-10-07T15:38:59.8731947Z [25 / 25] 4 / 114 tests; no actions running
2026-10-07T15:39:09.9863766Z Analyzing: 514 targets (1421 packages loaded, 49880 targets configured)
2026-10-07T15:39:09.9865130Z [25 / 25] 4 / 114 tests; no actions running
2026-10-07T15:39:20.1398049Z Analyzing: 514 targets (1421 packages loaded, 49880 targets configured)
2026-10-07T15:39:20.1398896Z [25 / 25] 4 / 114 tests; no actions running
2026-10-07T15:39:31.9863100Z Analyzing: 514 targets (1421 packages loaded, 49880 targets configured)
2026-10-07T15:39:31.9864227Z [25 / 25] 4 / 114 tests; no actions running
2026-10-07T15:39:36.4996535Z WARNING: /home/runner/work/communication/communication/score/mw/com/test/api/BUILD:18:11: in cc_library rule //score/mw/com/test/api:api: target '//score/mw/com/test/api:api' depends on deprecated target '//score/memory/shared:types': This aggregation target is deprecated and pulls in the unmaintained/broken ':map' target on some platforms. Depend directly on the specific score/memory/shared sub-targets you need (e.g. ':offset_ptr', ':vector', ':string', ...) instead.
2026-10-07T15:39:37.3453929Z INFO: Analyzed 514 targets (1422 packages loaded, 51985 targets configured).
2026-10-07T15:39:38.9514203Z ##[error]The operation was canceled.
2026-10-07T15:39:38.9968979Z Post job cleanup.
2026-10-07T15:39:38.9990785Z ##[start-action display=Register post cache save hook and restore caches;id=__60756db1-98eb-4039-84f7-eacb345c8a12.__self]
2026-10-07T15:39:39.0006118Z ##[end-action id=__60756db1-98eb-4039-84f7-eacb345c8a12.__self;outcome=skipped;conclusion=skipped;duration_ms=0]
2026-10-07T15:39:39.0009817Z ##[start-action display=Install Bazelisk;id=__60756db1-98eb-4039-84f7-eacb345c8a12.__bazel-contrib_setup-bazel]
2026-10-07T15:39:39.0020557Z ##[end-action id=__60756db1-98eb-4039-84f7-eacb345c8a12.__bazel-contrib_setup-bazel;outcome=skipped;conclusion=skipped;duration_ms=0]
2026-10-07T15:39:39.0029067Z ##[start-action display=Free Disk Space (Ubuntu);id=__60756db1-98eb-4039-84f7-eacb345c8a12.__eclipse-score_more-disk-space]
2026-10-07T15:39:39.0104453Z Post job cleanup.
2026-10-07T15:39:39.4261747Z 
2026-10-07T15:39:39.4267468Z 📊 Final disk space report
2026-10-07T15:39:39.4291986Z ==========================
2026-10-07T15:39:39.4317571Z Space before action:   86 GiB
2026-10-07T15:39:39.4341989Z Space freed by action: 29 GiB
2026-10-07T15:39:39.4370233Z Space used by build:   19 GiB
2026-10-07T15:39:39.4412286Z Available now:         96 GiB
2026-10-07T15:39:39.4412840Z 
2026-10-07T15:39:39.4472193Z ✅ Good buffer remaining (96 GiB).
2026-10-07T15:39:39.4492098Z ##[end-action id=__60756db1-98eb-4039-84f7-eacb345c8a12.__eclipse-score_more-disk-space;outcome=success;conclusion=success;duration_ms=445]
2026-10-07T15:39:39.4710409Z Post job cleanup.
2026-10-07T15:39:39.8260269Z [command]/usr/bin/git version
2026-10-07T15:39:39.8412248Z git version 2.55.0
2026-10-07T15:39:39.8673829Z Temporarily overriding HOME='/home/runner/work/_temp/64eecb36-4fbe-4188-b143-9aa66976d87e' before making global git config changes
2026-10-07T15:39:39.8730455Z Adding repository directory to the temporary git global config as a safe directory
2026-10-07T15:39:39.8765972Z [command]/usr/bin/git config --global --add safe.directory /home/runner/work/communication/communication
2026-10-07T15:39:39.8882657Z Removing SSH command configuration
2026-10-07T15:39:39.8938226Z [command]/usr/bin/git config --local --name-only --get-regexp core\.sshCommand
2026-10-07T15:39:39.9062543Z [command]/usr/bin/git submodule foreach --recursive sh -c "git config --local --name-only --get-regexp 'core\.sshCommand' && git config --local --unset-all 'core.sshCommand' || :"
2026-10-07T15:39:40.0037711Z Removing HTTP extra header
2026-10-07T15:39:40.0103176Z [command]/usr/bin/git config --local --name-only --get-regexp http\.https\:\/\/github\.com\/\.extraheader
2026-10-07T15:39:40.0246219Z [command]/usr/bin/git submodule foreach --recursive sh -c "git config --local --name-only --get-regexp 'http\.https\:\/\/github\.com\/\.extraheader' && git config --local --unset-all 'http.https://github.com/.extraheader' || :"
2026-10-07T15:39:40.0788760Z Removing includeIf entries pointing to credentials config files
2026-10-07T15:39:40.0796763Z [command]/usr/bin/git config --local --name-only --get-regexp ^includeIf\.gitdir:
2026-10-07T15:39:40.0848757Z includeif.gitdir:/home/runner/work/communication/communication/.git.path
2026-10-07T15:39:40.0850899Z includeif.gitdir:/home/runner/work/communication/communication/.git/worktrees/*.path
2026-10-07T15:39:40.0852188Z includeif.gitdir:/github/workspace/.git.path
2026-10-07T15:39:40.0853120Z includeif.gitdir:/github/workspace/.git/worktrees/*.path
2026-10-07T15:39:40.0862883Z [command]/usr/bin/git config --local --get-all includeif.gitdir:/home/runner/work/communication/communication/.git.path
2026-10-07T15:39:40.0901368Z /home/runner/work/_temp/git-credentials-93e656cf-96f3-4da3-8750-74fbb0113168.config
2026-10-07T15:39:40.0915256Z [command]/usr/bin/git config --local --unset includeif.gitdir:/home/runner/work/communication/communication/.git.path /home/runner/work/_temp/git-credentials-93e656cf-96f3-4da3-8750-74fbb0113168.config
2026-10-07T15:39:40.1175576Z [command]/usr/bin/git config --local --get-all includeif.gitdir:/home/runner/work/communication/communication/.git/worktrees/*.path
2026-10-07T15:39:40.1198204Z /home/runner/work/_temp/git-credentials-93e656cf-96f3-4da3-8750-74fbb0113168.config
2026-10-07T15:39:40.1213567Z [command]/usr/bin/git config --local --unset includeif.gitdir:/home/runner/work/communication/communication/.git/worktrees/*.path /home/runner/work/_temp/git-credentials-93e656cf-96f3-4da3-8750-74fbb0113168.config
2026-10-07T15:39:40.1316061Z [command]/usr/bin/git config --local --get-all includeif.gitdir:/github/workspace/.git.path
2026-10-07T15:39:40.1327196Z /github/runner_temp/git-credentials-93e656cf-96f3-4da3-8750-74fbb0113168.config
2026-10-07T15:39:40.1354527Z [command]/usr/bin/git config --local --unset includeif.gitdir:/github/workspace/.git.path /github/runner_temp/git-credentials-93e656cf-96f3-4da3-8750-74fbb0113168.config
2026-10-07T15:39:40.1496076Z [command]/usr/bin/git config --local --get-all includeif.gitdir:/github/workspace/.git/worktrees/*.path
2026-10-07T15:39:40.1497853Z /github/runner_temp/git-credentials-93e656cf-96f3-4da3-8750-74fbb0113168.config
2026-10-07T15:39:40.1501324Z [command]/usr/bin/git config --local --unset includeif.gitdir:/github/workspace/.git/worktrees/*.path /github/runner_temp/git-credentials-93e656cf-96f3-4da3-8750-74fbb0113168.config
2026-10-07T15:39:40.1632770Z [command]/usr/bin/git submodule foreach --recursive git config --local --show-origin --name-only --get-regexp remote.origin.url
2026-10-07T15:39:40.2123945Z Removing credentials config '/home/runner/work/_temp/git-credentials-93e656cf-96f3-4da3-8750-74fbb0113168.config'
2026-10-07T15:39:40.2570265Z Cleaning up orphan processes
2026-10-07T15:39:40.2990574Z Terminate orphan process: pid (2425) (java.lang=ALL-UNNAMED)
2026-10-07T15:39:40.3018180Z Terminate orphan process: pid (2479) (node)
2026-10-07T15:39:40.3052634Z Terminate orphan process: pid (2486) (bazelisk-linux_amd64)
2026-10-07T15:39:40.3077349Z Terminate orphan process: pid (2492) (bazel)
