OpenJDK 64-Bit Server VM warning: Options -Xverify:none and -noverify were deprecated in JDK 13 and will likely be removed in a future release.
Computing main repo mapping: 
Computing main repo mapping: 
Computing main repo mapping: 
Computing main repo mapping: 
Computing main repo mapping: 
Computing main repo mapping: 
Loading: 
Loading: 5 packages loaded
Loading: 302 packages loaded
    currently loading: score/mw/com/design/doxygen_build
Loading: 302 packages loaded
    currently loading: score/mw/com/design/doxygen_build
WARNING: /media/jefferson/11c42dee-73a3-4c2b-ab42-a0440011d9e0/.s-core-build/runs/score-communication-bug-recovery-fw8j963z/issue-1104/score/memory/shared/BUILD:437:11: target '//score/memory/shared:types' is deprecated: This aggregation target is deprecated and pulls in the unmaintained/broken ':map' target on some platforms. Depend directly on the specific score/memory/shared sub-targets you need (e.g. ':offset_ptr', ':vector', ':string', ...) instead.
Analyzing: 2843 targets (303 packages loaded, 0 targets configured)
Analyzing: 2843 targets (303 packages loaded, 0 targets configured)

Analyzing: 2843 targets (341 packages loaded, 721 targets configured)
[10 / 10] no actions running
WARNING: /media/jefferson/11c42dee-73a3-4c2b-ab42-a0440011d9e0/.s-core-build/runs/score-communication-bug-recovery-fw8j963z/issue-1104/MODULE.bazel:196:20: The module extension apt defined in @rules_distroless//apt:extensions.bzl reported incorrect imports of repositories via use_repo():

Imported, but reported as indirect dependencies by the extension:
    ubuntu24_04_sysroot_resolve

Fix the use_repo calls by running 'bazel mod tidy'.
Analyzing: 2843 targets (365 packages loaded, 1019 targets configured)
[64 / 64] no actions running
Analyzing: 2843 targets (378 packages loaded, 1209 targets configured)
[91 / 91] no actions running
Analyzing: 2843 targets (485 packages loaded, 2144 targets configured)
[126 / 126] no actions running
Analyzing: 2843 targets (509 packages loaded, 6460 targets configured)
[126 / 126] no actions running
DEBUG: Rule '+_repo_rules+jsonschema' indicated that a canonical reproducible form can be obtained by modifying arguments integrity = "sha256-rugv6PaV/h4ielG3dMOujCuyVpUGUampKGbFI7FQQs4="
DEBUG: Repository +_repo_rules+jsonschema instantiated at:
  <builtin>: in <toplevel>
Repository rule archive defined at:
  /media/jefferson/11c42dee-73a3-4c2b-ab42-a0440011d9e0/.s-core-build/runs/score-communication-bug-recovery-fw8j963z/bazel-output/94ea1c2da6358fe9a16db9d10bbde52f/external/download_utils+/download/archive/repository.bzl:83:26: in <toplevel>
Analyzing: 2843 targets (574 packages loaded, 14426 targets configured)
[126 / 126] no actions running
Analyzing: 2843 targets (679 packages loaded, 19281 targets configured)
[126 / 126] no actions running
Analyzing: 2843 targets (700 packages loaded, 20423 targets configured)
[148 / 193] checking cached actions
Analyzing: 2843 targets (711 packages loaded, 21322 targets configured)
[167 / 384] [Prepa] Writing script score/mw/service/proxy_future_test ... (4 actions, 2 running)
Analyzing: 2843 targets (716 packages loaded, 21424 targets configured)
[192 / 566] checking cached actions
Analyzing: 2843 targets (716 packages loaded, 21424 targets configured)
[192 / 566] checking cached actions
Analyzing: 2843 targets (757 packages loaded, 23152 targets configured)
[192 / 566] checking cached actions
Analyzing: 2843 targets (784 packages loaded, 24033 targets configured)
[265 / 835] [Prepa] Creating source manifest for //quality/visibility_guard:visibility_guard_test ... (4 actions, 0 running)
DEBUG: Rule 'score_baselibs++_repo_rules+acl-deb' indicated that a canonical reproducible form can be obtained by modifying arguments integrity = "sha256-5AjUxw54AQdOpFkYAgilQtVPVjibpIU3BDTy0A6VCYA=" and dropping ["visibility"]
DEBUG: Repository score_baselibs++_repo_rules+acl-deb instantiated at:
  <builtin>: in <toplevel>
Repository rule deb defined at:
  /media/jefferson/11c42dee-73a3-4c2b-ab42-a0440011d9e0/.s-core-build/runs/score-communication-bug-recovery-fw8j963z/bazel-output/94ea1c2da6358fe9a16db9d10bbde52f/external/download_utils+/download/deb/repository.bzl:78:22: in <toplevel>
Analyzing: 2843 targets (791 packages loaded, 27082 targets configured)
[281 / 848] Creating runfiles tree bazel-out/k8-fastbuild/bin/docs/sphinx/utils/assemble_publish_tree.runfiles; 0s local ... (3 actions running)
Analyzing: 2843 targets (791 packages loaded, 31389 targets configured)
[284 / 848] checking cached actions
Analyzing: 2843 targets (888 packages loaded, 31671 targets configured)
[284 / 848] checking cached actions
Analyzing: 2843 targets (896 packages loaded, 31881 targets configured)
[284 / 848] checking cached actions
Analyzing: 2843 targets (903 packages loaded, 32157 targets configured)
[284 / 848] checking cached actions
Analyzing: 2843 targets (918 packages loaded, 32684 targets configured)
[360 / 1,109] Creating runfiles tree bazel-out/k8-fastbuild/bin/score/mw/com/impl/bindings/lola/methods/method_error_test.runfiles; 0s local ... (4 actions, 2 running)
Analyzing: 2843 targets (936 packages loaded, 33355 targets configured)
[373 / 1,118] checking cached actions
Analyzing: 2843 targets (943 packages loaded, 36393 targets configured)
[373 / 1,118] checking cached actions
Analyzing: 2843 targets (943 packages loaded, 69200 targets configured)
[373 / 1,118] checking cached actions
Analyzing: 2843 targets (948 packages loaded, 69352 targets configured)
[574 / 2,274] Creating runfiles tree bazel-out/k8-fastbuild/bin/score/mw/com/performance_benchmarks/macro_benchmark/config_generator/config_generator.runfiles; 0s local
Analyzing: 2843 targets (949 packages loaded, 69352 targets configured)
[575 / 2,274] checking cached actions
Analyzing: 2843 targets (960 packages loaded, 70939 targets configured)
[586 / 2,308] [Prepa] Creating source manifest for //score/mw/com/impl/configuration/converter:json_to_flatbuffer [for tool] ... (4 actions, 2 running)
Analyzing: 2843 targets (960 packages loaded, 70939 targets configured)
[620 / 2,544] Creating runfiles tree bazel-out/k8-fastbuild/bin/third_party/codeql/pip_requirements.update.runfiles; 0s local
Analyzing: 2843 targets (971 packages loaded, 71239 targets configured)
[683 / 2,689] checking cached actions
Analyzing: 2843 targets (1002 packages loaded, 72059 targets configured)
[731 / 2,708] Creating runfiles tree bazel-out/k8-fastbuild/bin/tools/review-checklists/requirements.update.runfiles; 0s local ... (2 actions running)
Analyzing: 2843 targets (1005 packages loaded, 72108 targets configured)
[733 / 2,710] checking cached actions
Analyzing: 2843 targets (1021 packages loaded, 72433 targets configured)
[744 / 2,828] checking cached actions
Analyzing: 2843 targets (1021 packages loaded, 72433 targets configured)
[744 / 2,828] checking cached actions
Analyzing: 2843 targets (1032 packages loaded, 72867 targets configured)
[763 / 2,896] Creating runfiles tree bazel-out/k8-fastbuild/bin/score/mw/com/impl/bindings/lola/application_id_pid_mapping_test.runfiles; 0s local ... (6 actions, 5 running)
Analyzing: 2843 targets (1042 packages loaded, 73000 targets configured)
[984 / 3,140] Creating runfiles tree bazel-out/k8-fastbuild/bin/score/mw/com/test/partial_restart/proxy_restart_shall_not_affect_other_proxies/validate_mw_com_config_schema_consumer_1.runfiles; 0s local ... (7 actions running)
Analyzing: 2843 targets (1083 packages loaded, 73495 targets configured)
[1,090 / 3,315] Compiling googletest/src/gtest.cc; 0s processwrapper-sandbox ... (8 actions running)
Analyzing: 2843 targets (1126 packages loaded, 74087 targets configured)
[1,090 / 3,315] Compiling googletest/src/gtest.cc; 1s processwrapper-sandbox ... (8 actions running)
Analyzing: 2843 targets (1126 packages loaded, 74428 targets configured)
[1,108 / 3,315] Compiling googletest/src/gtest.cc; 2s processwrapper-sandbox ... (8 actions running)
Analyzing: 2843 targets (1126 packages loaded, 74428 targets configured)
[1,174 / 3,388] Compiling googletest/src/gtest.cc; 3s processwrapper-sandbox ... (8 actions running)
Analyzing: 2843 targets (1126 packages loaded, 74428 targets configured)
[1,194 / 3,406] Compiling googletest/src/gtest.cc; 4s processwrapper-sandbox ... (8 actions running)
Analyzing: 2843 targets (1126 packages loaded, 74428 targets configured)
[1,214 / 3,429] Compiling googletest/src/gtest.cc; 5s processwrapper-sandbox ... (8 actions running)
WARNING: /media/jefferson/11c42dee-73a3-4c2b-ab42-a0440011d9e0/.s-core-build/runs/score-communication-bug-recovery-fw8j963z/issue-1104/score/mw/com/test/api/BUILD:18:11: in cc_library rule //score/mw/com/test/api:api: target '//score/mw/com/test/api:api' depends on deprecated target '//score/memory/shared:types': This aggregation target is deprecated and pulls in the unmaintained/broken ':map' target on some platforms. Depend directly on the specific score/memory/shared sub-targets you need (e.g. ':offset_ptr', ':vector', ':string', ...) instead.
Analyzing: 2843 targets (1135 packages loaded, 74711 targets configured)
[1,215 / 3,429] Compiling googletest/src/gtest.cc; 6s processwrapper-sandbox ... (8 actions running)
Analyzing: 2843 targets (1135 packages loaded, 74971 targets configured)
[1,219 / 3,429] Compiling googletest/src/gtest.cc; 8s processwrapper-sandbox ... (8 actions, 7 running)
Analyzing: 2843 targets (1136 packages loaded, 74989 targets configured)
[1,249 / 3,429] Compiling googletest/src/gtest.cc; 9s processwrapper-sandbox ... (8 actions running)
Analyzing: 2843 targets (1139 packages loaded, 75045 targets configured)
[1,249 / 3,429] Compiling googletest/src/gtest.cc; 10s processwrapper-sandbox ... (8 actions running)
Analyzing: 2843 targets (1140 packages loaded, 76166 targets configured)
[1,253 / 3,429] Compiling googletest/src/gtest.cc; 11s processwrapper-sandbox ... (8 actions running)
Analyzing: 2843 targets (1140 packages loaded, 76166 targets configured)
[1,255 / 3,429] Compiling googletest/src/gtest.cc; 13s processwrapper-sandbox ... (8 actions running)
Analyzing: 2843 targets (1140 packages loaded, 76166 targets configured)
[1,256 / 3,429] Compiling googletest/src/gtest.cc; 14s processwrapper-sandbox ... (8 actions, 7 running)
Analyzing: 2843 targets (1162 packages loaded, 76468 targets configured)
[1,259 / 3,429] Compiling googletest/src/gtest.cc; 16s processwrapper-sandbox ... (8 actions running)
Analyzing: 2843 targets (1216 packages loaded, 76616 targets configured)
[1,259 / 3,429] Compiling googletest/src/gtest.cc; 17s processwrapper-sandbox ... (8 actions running)
Analyzing: 2843 targets (1226 packages loaded, 77234 targets configured)
[1,263 / 3,429] Compiling googletest/src/gtest.cc; 18s processwrapper-sandbox ... (7 actions, 6 running)
Analyzing: 2843 targets (1255 packages loaded, 77348 targets configured)
[1,263 / 3,429] Compiling googletest/src/gtest.cc; 20s processwrapper-sandbox ... (8 actions running)
Analyzing: 2843 targets (1255 packages loaded, 77348 targets configured)
[1,270 / 3,429] Compiling googletest/src/gtest-port.cc; 6s processwrapper-sandbox ... (8 actions running)
Analyzing: 2843 targets (1255 packages loaded, 77348 targets configured)
[1,290 / 3,429] Compiling googletest/src/gtest-test-part.cc; 4s processwrapper-sandbox ... (7 actions, 6 running)
Analyzing: 2843 targets (1256 packages loaded, 77357 targets configured)
[1,314 / 3,429] Compiling score/message_passing/unix_domain_server_test.cpp; 5s processwrapper-sandbox ... (8 actions, 7 running)
Analyzing: 2843 targets (1285 packages loaded, 77463 targets configured)
[1,320 / 3,429] Compiling score/message_passing/unix_domain_server_test.cpp; 6s processwrapper-sandbox ... (8 actions running)
Analyzing: 2843 targets (1303 packages loaded, 78577 targets configured)
[1,323 / 3,429] Compiling score/message_passing/unix_domain_server_test.cpp; 7s processwrapper-sandbox ... (8 actions running)
Analyzing: 2843 targets (1320 packages loaded, 78645 targets configured)
[1,336 / 3,429] Compiling score/language/futurecpp/src/stop_token.cpp; 3s processwrapper-sandbox ... (8 actions, 7 running)
Analyzing: 2843 targets (1320 packages loaded, 78645 targets configured)
[1,361 / 3,429] Compiling score/message_passing/unix_domain_server_to_client_test.cpp; 1s processwrapper-sandbox ... (8 actions, 7 running)
Analyzing: 2843 targets (1327 packages loaded, 78678 targets configured)
[1,385 / 3,429] Compiling score/message_passing/unix_domain_server_to_client_test.cpp; 2s processwrapper-sandbox ... (8 actions, 7 running)
Analyzing: 2843 targets (1327 packages loaded, 78678 targets configured)
[1,410 / 3,429] Compiling score/message_passing/unix_domain_server_to_client_test.cpp; 3s processwrapper-sandbox ... (8 actions, 7 running)
Analyzing: 2843 targets (1339 packages loaded, 78829 targets configured)
[1,432 / 3,429] Compiling score/message_passing/unix_domain_server_to_client_test.cpp; 4s processwrapper-sandbox ... (8 actions, 7 running)
Analyzing: 2843 targets (1342 packages loaded, 78853 targets configured)
[1,451 / 3,429] Compiling score/message_passing/unix_domain_server_to_client_test.cpp; 5s processwrapper-sandbox ... (8 actions running)
Analyzing: 2843 targets (1349 packages loaded, 78996 targets configured)
[1,457 / 3,429] Compiling score/message_passing/unix_domain_server_to_client_test.cpp; 6s processwrapper-sandbox ... (8 actions, 7 running)
Analyzing: 2843 targets (1350 packages loaded, 79027 targets configured)
[1,459 / 3,429] Compiling score/message_passing/unix_domain_server_to_client_test.cpp; 7s processwrapper-sandbox ... (8 actions running)
Analyzing: 2843 targets (1350 packages loaded, 79027 targets configured)
[1,461 / 3,429] Compiling score/message_passing/unix_domain_server_to_client_test.cpp; 9s processwrapper-sandbox ... (8 actions running)
Analyzing: 2843 targets (1363 packages loaded, 79321 targets configured)
[1,461 / 3,429] Compiling score/message_passing/unix_domain_server_to_client_test.cpp; 10s processwrapper-sandbox ... (8 actions running)
Analyzing: 2843 targets (1364 packages loaded, 79344 targets configured)
[1,469 / 3,429] Compiling score/message_passing/unix_domain_server_to_client_test.cpp; 11s processwrapper-sandbox ... (8 actions, 7 running)
Analyzing: 2843 targets (1364 packages loaded, 79344 targets configured)
[1,481 / 3,429] Compiling score/concurrency/timed_executor/periodic_task.cpp; 4s processwrapper-sandbox ... (8 actions running)
Analyzing: 2843 targets (1367 packages loaded, 79883 targets configured)
[1,484 / 3,429] Compiling score/concurrency/timed_executor/timed_task.cpp; 2s processwrapper-sandbox ... (8 actions running)
Analyzing: 2843 targets (1372 packages loaded, 82234 targets configured)
[1,489 / 3,429] Compiling score/concurrency/timed_executor/timed_task.cpp; 3s processwrapper-sandbox ... (8 actions, 7 running)
Analyzing: 2843 targets (1373 packages loaded, 82247 targets configured)
[1,492 / 3,429] Compiling score/concurrency/timed_executor/timed_executor.cpp; 4s processwrapper-sandbox ... (8 actions running)
Analyzing: 2843 targets (1373 packages loaded, 82247 targets configured)
[1,498 / 3,429] Compiling score/concurrency/timed_executor/timed_executor.cpp; 5s processwrapper-sandbox ... (7 actions running)
Analyzing: 2843 targets (1374 packages loaded, 82605 targets configured)
[1,501 / 3,429] Compiling score/concurrency/thread_pool.cpp; 6s processwrapper-sandbox ... (8 actions running)
Analyzing: 2843 targets (1374 packages loaded, 82605 targets configured)
[1,509 / 3,429] Compiling score/concurrency/thread_pool.cpp; 7s processwrapper-sandbox ... (8 actions, 7 running)
Analyzing: 2843 targets (1374 packages loaded, 82605 targets configured)
[1,516 / 3,429] Compiling score/concurrency/thread_pool.cpp; 8s processwrapper-sandbox ... (8 actions running)
Analyzing: 2843 targets (1374 packages loaded, 82605 targets configured)
[1,527 / 3,429] Compiling score/message_passing/unix_domain/unix_domain_engine.cpp; 4s processwrapper-sandbox ... (8 actions, 7 running)
Analyzing: 2843 targets (1384 packages loaded, 82772 targets configured)
[1,530 / 3,429] Compiling score/message_passing/unix_domain/unix_domain_engine.cpp; 6s processwrapper-sandbox ... (8 actions running)
Analyzing: 2843 targets (1385 packages loaded, 82804 targets configured)
[1,533 / 3,429] Compiling score/message_passing/unix_domain/unix_domain_engine.cpp; 7s processwrapper-sandbox ... (8 actions, 7 running)
Analyzing: 2843 targets (1407 packages loaded, 83077 targets configured)
[1,540 / 3,429] Compiling score/message_passing/unix_domain/unix_domain_engine.cpp; 8s processwrapper-sandbox ... (8 actions running)
Analyzing: 2843 targets (1407 packages loaded, 83077 targets configured)
[1,543 / 3,429] Compiling score/concurrency/long_running_threads_container.cpp; 6s processwrapper-sandbox ... (8 actions running)
Analyzing: 2843 targets (1409 packages loaded, 83121 targets configured)
[1,555 / 3,429] Compiling score/concurrency/simple_task.cpp; 2s processwrapper-sandbox ... (8 actions, 7 running)
Analyzing: 2843 targets (1409 packages loaded, 83121 targets configured)
[1,565 / 3,429] Compiling score/concurrency/executor.cpp; 3s processwrapper-sandbox ... (8 actions, 7 running)
Analyzing: 2843 targets (1410 packages loaded, 83136 targets configured)
[1,578 / 3,429] Compiling score/concurrency/delayed_task.cpp; 2s processwrapper-sandbox ... (8 actions, 7 running)
Analyzing: 2843 targets (1416 packages loaded, 83305 targets configured)
[1,588 / 3,429] Compiling score/concurrency/delayed_task.cpp; 3s processwrapper-sandbox ... (8 actions running)
Analyzing: 2843 targets (1425 packages loaded, 83416 targets configured)
[1,609 / 3,429] Compiling score/message_passing/unix_domain/unix_domain_server.cpp; 3s processwrapper-sandbox ... (8 actions running)
Analyzing: 2843 targets (1426 packages loaded, 83476 targets configured)
[1,617 / 3,429] Compiling score/message_passing/unix_domain/unix_domain_server.cpp; 4s processwrapper-sandbox ... (8 actions running)
Analyzing: 2843 targets (1427 packages loaded, 83479 targets configured)
[1,625 / 3,429] Compiling score/language/safecpp/scoped_function/details/function_wrapper.cpp; 2s processwrapper-sandbox ... (8 actions, 7 running)
Analyzing: 2843 targets (1427 packages loaded, 83479 targets configured)
[1,633 / 3,429] Compiling score/language/safecpp/scoped_function/details/allocator_aware_erased_type.cpp; 3s processwrapper-sandbox ... (8 actions running)
Analyzing: 2843 targets (1429 packages loaded, 83508 targets configured)
[1,640 / 3,429] Compiling score/language/safecpp/scoped_function/details/scope_state.cpp; 3s processwrapper-sandbox ... (8 actions, 7 running)
Analyzing: 2843 targets (1430 packages loaded, 83517 targets configured)
[1,650 / 3,429] Compiling score/message_passing/unix_domain/unix_domain_server_factory.cpp; 3s processwrapper-sandbox ... (8 actions running)
Analyzing: 2843 targets (1441 packages loaded, 84266 targets configured)
[1,662 / 3,429] Compiling score/language/safecpp/scoped_function/copyable_scoped_function.cpp; 3s processwrapper-sandbox ... (8 actions running)
Analyzing: 2843 targets (1444 packages loaded, 84563 targets configured)
[1,666 / 3,429] Compiling score/concurrency/condition_variable.cpp; 3s processwrapper-sandbox ... (8 actions, 7 running)
Analyzing: 2843 targets (1445 packages loaded, 84610 targets configured)
[1,676 / 3,429] Compiling score/concurrency/future/interruptible_state.cpp; 4s processwrapper-sandbox ... (8 actions, 7 running)
Analyzing: 2843 targets (1445 packages loaded, 84610 targets configured)
[1,678 / 3,429] Compiling score/message_passing/client_connection.cpp; 4s processwrapper-sandbox ... (8 actions, 7 running)
Analyzing: 2843 targets (1447 packages loaded, 84828 targets configured)
[1,684 / 3,429] Compiling score/concurrency/future/interruptible_future.cpp; 4s processwrapper-sandbox ... (8 actions running)
Analyzing: 2843 targets (1449 packages loaded, 84864 targets configured)
[1,689 / 3,429] Compiling score/message_passing/qnx_resource_path_test.cpp; 4s processwrapper-sandbox ... (8 actions running)
Analyzing: 2843 targets (1449 packages loaded, 84866 targets configured)
[1,709 / 3,429] Compiling score/message_passing/qnx_resource_path_test.cpp; 5s processwrapper-sandbox ... (8 actions, 7 running)
Analyzing: 2843 targets (1452 packages loaded, 86194 targets configured)
[1,731 / 3,429] Compiling score/mw/service/backend/common/test/single_immediate_instantiation_strategy_test.cpp; 3s processwrapper-sandbox ... (8 actions, 7 running)
Analyzing: 2843 targets (1452 packages loaded, 86194 targets configured)
[1,741 / 3,429] Compiling score/mw/service/backend/common/test/single_immediate_instantiation_strategy_test.cpp; 4s processwrapper-sandbox ... (8 actions, 7 running)
Analyzing: 2843 targets (1452 packages loaded, 86194 targets configured)
[1,778 / 3,795] Compiling score/mw/service/backend/common/test/single_immediate_instantiation_strategy_test.cpp; 5s processwrapper-sandbox ... (8 actions running)
Analyzing: 2843 targets (1455 packages loaded, 86325 targets configured)
[1,781 / 3,795] Compiling score/mw/service/backend/common/test/single_immediate_instantiation_strategy_test.cpp; 6s processwrapper-sandbox ... (8 actions running)
INFO: From Compiling score/mw/com/impl/com_error.cpp:
In file included from score/mw/com/impl/com_error.cpp:13:
./score/mw/com/impl/com_error.h: In member function 'virtual std::string_view score::mw::com::impl::ComErrorDomain::MessageFor(const score::result::ErrorCode&) const':
./score/mw/com/impl/com_error.h:186:65: warning: 'score::mw::com::impl::ComErrc::kServiceInstanceAlreadyOffered' is deprecated: Value has never been used. Calls to OfferService shall be idempotent. [-Wdeprecated-declarations]
  186 |             case static_cast<score::result::ErrorCode>(ComErrc::kServiceInstanceAlreadyOffered):
      |                                                                 ^~~~~~~~~~~~~~~~~~~~~~~~~~~~~~
./score/mw/com/impl/com_error.h:57:5: note: declared here
   57 |     kServiceInstanceAlreadyOffered
      |     ^~~~~~~~~~~~~~~~~~~~~~~~~~~~~~
Analyzing: 2843 targets (1455 packages loaded, 86325 targets configured)
[1,793 / 3,795] Compiling score/mw/service/backend/common/test/single_immediate_instantiation_strategy_test.cpp; 7s processwrapper-sandbox ... (8 actions running)
Analyzing: 2843 targets (1457 packages loaded, 87801 targets configured)
[1,795 / 3,795] Compiling score/mw/service/backend/common/test/single_immediate_instantiation_strategy_test.cpp; 8s processwrapper-sandbox ... (8 actions, 7 running)
Analyzing: 2843 targets (1460 packages loaded, 88214 targets configured)
[1,804 / 3,795] Compiling score/mw/service/backend/common/test/single_immediate_instantiation_strategy_test.cpp; 9s processwrapper-sandbox ... (7 actions running)
Analyzing: 2843 targets (1460 packages loaded, 88214 targets configured)
[1,816 / 3,795] Compiling score/os/sys_poll.cpp; 2s processwrapper-sandbox ... (8 actions, 7 running)
Analyzing: 2843 targets (1460 packages loaded, 88214 targets configured)
[1,827 / 3,795] Compiling score/message_passing/log/logging_callback_test.cpp; 2s processwrapper-sandbox ... (8 actions, 7 running)
Analyzing: 2843 targets (1466 packages loaded, 88367 targets configured)
[1,831 / 3,795] Compiling score/message_passing/log/logging_callback_test.cpp; 3s processwrapper-sandbox ... (8 actions running)
Analyzing: 2843 targets (1505 packages loaded, 89649 targets configured)
[1,838 / 3,795] Compiling score/message_passing/log/logging_callback_test.cpp; 4s processwrapper-sandbox ... (8 actions running)
Analyzing: 2843 targets (1512 packages loaded, 89753 targets configured)
[1,845 / 3,795] Compiling score/message_passing/log/logging_callback_test.cpp; 5s processwrapper-sandbox ... (8 actions running)
Analyzing: 2843 targets (1512 packages loaded, 89753 targets configured)
[1,855 / 3,795] Compiling score/message_passing/log/logging_callback_test.cpp; 6s processwrapper-sandbox ... (8 actions, 7 running)
Analyzing: 2843 targets (1514 packages loaded, 89898 targets configured)
[1,863 / 3,795] Compiling score/message_passing/log/logging_callback_test.cpp; 7s processwrapper-sandbox ... (8 actions running)
Analyzing: 2843 targets (1519 packages loaded, 89922 targets configured)
[1,865 / 3,795] Compiling score/message_passing/log/logging_callback_test.cpp; 8s processwrapper-sandbox ... (8 actions running)
Analyzing: 2843 targets (1519 packages loaded, 89922 targets configured)
[1,872 / 3,795] Compiling score/mw/com/test/common_test_resources/timeout_supervisor.cpp; 7s processwrapper-sandbox ... (8 actions running)
Analyzing: 2843 targets (1519 packages loaded, 89922 targets configured)
[1,879 / 3,795] Compiling score/mw/com/test/common_test_resources/timeout_supervisor.cpp; 8s processwrapper-sandbox ... (8 actions, 7 running)
Analyzing: 2843 targets (1521 packages loaded, 90112 targets configured)
[1,884 / 3,795] Compiling score/mw/com/test/common_test_resources/sync_utils.cpp; 4s processwrapper-sandbox ... (8 actions running)
Analyzing: 2843 targets (1523 packages loaded, 90180 targets configured)
[1,886 / 3,795] Compiling score/mw/com/test/common_test_resources/sync_utils.cpp; 5s processwrapper-sandbox ... (8 actions, 7 running)
Analyzing: 2843 targets (1523 packages loaded, 90180 targets configured)
[2,000 / 4,027] Compiling score/mw/com/impl/tracing/configuration/proxy_field_trace_point_type_test.cpp; 3s processwrapper-sandbox ... (8 actions, 7 running)
Analyzing: 2843 targets (1531 packages loaded, 90295 targets configured)
[2,068 / 4,027] Compiling score/mw/com/impl/mocking/skeleton_base_mock.cpp; 4s processwrapper-sandbox ... (8 actions, 7 running)
Analyzing: 2843 targets (1537 packages loaded, 90407 targets configured)
[2,105 / 4,091] Compiling score/mw/com/impl/mocking/skeleton_base_mock.cpp; 5s processwrapper-sandbox ... (8 actions, 7 running)
INFO: From Compiling score/mw/com/com_error_domain.cpp:
In file included from ./score/mw/com/com_error_domain.h:16,
                 from score/mw/com/com_error_domain.cpp:13:
./score/mw/com/impl/com_error.h: In member function 'virtual std::string_view score::mw::com::impl::ComErrorDomain::MessageFor(const score::result::ErrorCode&) const':
./score/mw/com/impl/com_error.h:186:65: warning: 'score::mw::com::impl::ComErrc::kServiceInstanceAlreadyOffered' is deprecated: Value has never been used. Calls to OfferService shall be idempotent. [-Wdeprecated-declarations]
  186 |             case static_cast<score::result::ErrorCode>(ComErrc::kServiceInstanceAlreadyOffered):
      |                                                                 ^~~~~~~~~~~~~~~~~~~~~~~~~~~~~~
./score/mw/com/impl/com_error.h:57:5: note: declared here
   57 |     kServiceInstanceAlreadyOffered
      |     ^~~~~~~~~~~~~~~~~~~~~~~~~~~~~~
Analyzing: 2843 targets (1537 packages loaded, 90407 targets configured)
[2,227 / 4,456] Compiling score/mw/log/detail/text_recorder/text_recorder.cpp; 5s processwrapper-sandbox ... (7 actions, 6 running)
Analyzing: 2843 targets (1538 packages loaded, 90433 targets configured)
[2,354 / 4,801] Compiling score/os/utils/abortable_blocking_reader.cpp; 3s processwrapper-sandbox ... (6 actions, 5 running)
Analyzing: 2843 targets (1541 packages loaded, 90596 targets configured)
[2,406 / 5,055] Compiling score/os/utils/abortable_blocking_reader.cpp; 4s processwrapper-sandbox ... (8 actions running)
Analyzing: 2843 targets (1547 packages loaded, 90692 targets configured)
[2,411 / 5,055] Compiling src/code_generators.cpp [for tool]; 6s processwrapper-sandbox ... (8 actions, 7 running)
Analyzing: 2843 targets (1550 packages loaded, 91253 targets configured)
[2,418 / 5,055] Compiling src/idl_gen_fbs.cpp [for tool]; 4s processwrapper-sandbox ... (8 actions, 7 running)
Analyzing: 2843 targets (1551 packages loaded, 91279 targets configured)
[2,426 / 5,055] Compiling src/idl_gen_fbs.cpp [for tool]; 5s processwrapper-sandbox ... (8 actions running)
INFO: From Compiling score/mw/com/impl/data_type_meta_info_test.cpp:
In file included from score/mw/com/impl/data_type_meta_info_test.cpp:15:
./score/mw/com/impl/com_error.h: In member function 'virtual std::string_view score::mw::com::impl::ComErrorDomain::MessageFor(const score::result::ErrorCode&) const':
./score/mw/com/impl/com_error.h:186:65: warning: 'score::mw::com::impl::ComErrc::kServiceInstanceAlreadyOffered' is deprecated: Value has never been used. Calls to OfferService shall be idempotent. [-Wdeprecated-declarations]
  186 |             case static_cast<score::result::ErrorCode>(ComErrc::kServiceInstanceAlreadyOffered):
      |                                                                 ^~~~~~~~~~~~~~~~~~~~~~~~~~~~~~
./score/mw/com/impl/com_error.h:57:5: note: declared here
   57 |     kServiceInstanceAlreadyOffered
      |     ^~~~~~~~~~~~~~~~~~~~~~~~~~~~~~
Analyzing: 2843 targets (1551 packages loaded, 91279 targets configured)
[2,433 / 5,055] Compiling src/idl_gen_fbs.cpp [for tool]; 6s processwrapper-sandbox ... (8 actions running)
Analyzing: 2843 targets (1551 packages loaded, 91279 targets configured)
[2,437 / 5,055] Compiling src/idl_gen_fbs.cpp [for tool]; 7s processwrapper-sandbox ... (8 actions, 7 running)
INFO: From Compiling score/mw/com/impl/data_type_meta_info.cpp:
In file included from score/mw/com/impl/data_type_meta_info.cpp:15:
./score/mw/com/impl/com_error.h: In member function 'virtual std::string_view score::mw::com::impl::ComErrorDomain::MessageFor(const score::result::ErrorCode&) const':
./score/mw/com/impl/com_error.h:186:65: warning: 'score::mw::com::impl::ComErrc::kServiceInstanceAlreadyOffered' is deprecated: Value has never been used. Calls to OfferService shall be idempotent. [-Wdeprecated-declarations]
  186 |             case static_cast<score::result::ErrorCode>(ComErrc::kServiceInstanceAlreadyOffered):
      |                                                                 ^~~~~~~~~~~~~~~~~~~~~~~~~~~~~~
./score/mw/com/impl/com_error.h:57:5: note: declared here
   57 |     kServiceInstanceAlreadyOffered
      |     ^~~~~~~~~~~~~~~~~~~~~~~~~~~~~~
Analyzing: 2843 targets (1558 packages loaded, 91341 targets configured)
[2,447 / 5,055] Compiling src/idl_gen_fbs.cpp [for tool]; 8s processwrapper-sandbox ... (6 actions running)
Analyzing: 2843 targets (1559 packages loaded, 91688 targets configured)
[2,588 / 5,266] Compiling src/idl_gen_fbs.cpp [for tool]; 9s processwrapper-sandbox ... (8 actions, 7 running)
Analyzing: 2843 targets (1559 packages loaded, 91688 targets configured)
[2,638 / 5,332] Compiling src/idl_gen_fbs.cpp [for tool]; 10s processwrapper-sandbox ... (8 actions running)
Analyzing: 2843 targets (1563 packages loaded, 92029 targets configured)
[2,647 / 5,332] Compiling src/idl_gen_fbs.cpp [for tool]; 12s processwrapper-sandbox ... (8 actions, 7 running)
Analyzing: 2843 targets (1563 packages loaded, 92029 targets configured)
[2,651 / 5,332] Compiling src/idl_gen_fbs.cpp [for tool]; 13s processwrapper-sandbox ... (8 actions running)
Analyzing: 2843 targets (1564 packages loaded, 92036 targets configured)
[2,657 / 5,332] Compiling score/mw/service/backend/common/test/multiple_immediate_instantiation_strategy_test.cpp; 9s processwrapper-sandbox ... (8 actions running)
Analyzing: 2843 targets (1573 packages loaded, 92147 targets configured)
[2,657 / 5,332] Compiling score/mw/service/backend/common/test/multiple_immediate_instantiation_strategy_test.cpp; 10s processwrapper-sandbox ... (8 actions running)
Analyzing: 2843 targets (1574 packages loaded, 92174 targets configured)
[2,662 / 5,332] Compiling src/reflection.cpp [for tool]; 8s processwrapper-sandbox ... (8 actions running)
Analyzing: 2843 targets (1578 packages loaded, 92329 targets configured)
[2,664 / 5,332] Compiling src/reflection.cpp [for tool]; 9s processwrapper-sandbox ... (8 actions running)
Analyzing: 2843 targets (1580 packages loaded, 92341 targets configured)
[2,669 / 5,332] Compiling src/reflection.cpp [for tool]; 10s processwrapper-sandbox ... (8 actions, 7 running)
Analyzing: 2843 targets (1580 packages loaded, 92341 targets configured)
[2,676 / 5,332] Compiling score/mw/service/details/proxy_builder_test.cpp; 7s processwrapper-sandbox ... (8 actions, 7 running)
Analyzing: 2843 targets (1581 packages loaded, 92348 targets configured)
[2,679 / 5,332] Compiling score/mw/service/details/proxy_builder_test.cpp; 9s processwrapper-sandbox ... (8 actions running)
Analyzing: 2843 targets (1589 packages loaded, 92472 targets configured)
[2,737 / 5,421] Compiling score/mw/service/details/proxy_builder_test.cpp; 10s processwrapper-sandbox ... (8 actions running)
Analyzing: 2843 targets (1591 packages loaded, 92531 targets configured)
[2,772 / 5,478] Compiling score/mw/service/details/proxy_builder_test.cpp; 11s processwrapper-sandbox ... (8 actions, 7 running)
Analyzing: 2843 targets (1592 packages loaded, 92577 targets configured)
[2,886 / 6,325] Compiling score/mw/service/details/proxy_builder_test.cpp; 12s processwrapper-sandbox ... (7 actions running)
Analyzing: 2843 targets (1595 packages loaded, 92624 targets configured)
[2,961 / 6,764] Compiling score/mw/service/details/proxy_builder_test.cpp; 13s processwrapper-sandbox ... (8 actions, 7 running)
Analyzing: 2843 targets (1595 packages loaded, 92624 targets configured)
[3,077 / 7,579] Compiling score/mw/service/details/proxy_builder_test.cpp; 14s processwrapper-sandbox ... (8 actions, 7 running)
Analyzing: 2843 targets (1595 packages loaded, 92624 targets configured)
[3,120 / 7,659] Compiling score/mw/service/details/proxy_builder_test.cpp; 15s processwrapper-sandbox ... (8 actions running)
Analyzing: 2843 targets (1600 packages loaded, 92705 targets configured)
[3,128 / 7,659] checking cached actions
Analyzing: 2843 targets (1600 packages loaded, 92705 targets configured)
[3,128 / 7,659] checking cached actions
Analyzing: 2843 targets (1623 packages loaded, 93681 targets configured)
[3,128 / 7,659] checking cached actions
Analyzing: 2843 targets (1623 packages loaded, 93926 targets configured)
[3,128 / 7,659] checking cached actions
Analyzing: 2843 targets (1626 packages loaded, 94110 targets configured)
[3,128 / 7,659] checking cached actions
Analyzing: 2843 targets (1628 packages loaded, 94167 targets configured)
[3,128 / 7,659] checking cached actions
Analyzing: 2843 targets (1631 packages loaded, 94199 targets configured)
[3,128 / 7,659] checking cached actions
Analyzing: 2843 targets (1637 packages loaded, 94394 targets configured)
[3,128 / 7,659] checking cached actions
Analyzing: 2843 targets (1637 packages loaded, 94394 targets configured)
[3,128 / 7,659] checking cached actions
Analyzing: 2843 targets (1643 packages loaded, 94607 targets configured)
[3,128 / 7,659] checking cached actions
Analyzing: 2843 targets (1644 packages loaded, 94626 targets configured)
[3,128 / 7,659] checking cached actions
Analyzing: 2843 targets (1645 packages loaded, 94662 targets configured)
[3,128 / 7,659] checking cached actions
Analyzing: 2843 targets (1645 packages loaded, 94662 targets configured)
[3,128 / 7,659] checking cached actions
DEBUG: /media/jefferson/11c42dee-73a3-4c2b-ab42-a0440011d9e0/.s-core-build/runs/score-communication-bug-recovery-fw8j963z/bazel-output/94ea1c2da6358fe9a16db9d10bbde52f/external/score_tooling+/bazel/rules/rules_score/private/dependable_element.bzl:1359:26: WARNING: Not in certified scope @@score_baselibs+//score/utils:static_destruction_guard, stopping at utils
ERROR: file 'quality/static_analysis/__pycache__/codeql_lint.cpython-312.pyc' is generated by these conflicting actions:
Label: //quality/static_analysis:codeql_lint, //quality/static_analysis:codeql_lint_test
RuleClass: py_binary rule, py_test rule
JavaActionClass: class com.google.devtools.build.lib.analysis.actions.StarlarkAction
Configuration: 55b193b9d8c008a559880630d8cd50ee2b826d68da5b2eb660638cdf0591387a, cadb690ab51c432d4411cdc3337206b2a93ad3db06aea2a498edadc2d14ddc72
Mnemonic: PyCompile
Action key: 2e707cbde58d1966fe15537c420f458de19cfc5f378db97ed1a54f7be8c108f3, ea4d083d10c7e5bfaff6bfcde16d4c98386d7a9ee0a4fbfcc00ba5b47d305512
Progress message: Python precompiling quality/static_analysis/codeql_lint.py into quality/static_analysis/__pycache__/codeql_lint.cpython-312.pyc
Action describeKey: Python precompiling quality/static_analysis/codeql_lint.py into quality/static_analysis/__pycache__/codeql_lint.cpython-312.pyc
  Environment variable: PYTHONHASHSEED=0
  Environment variable: PYTHONNOUSERSITE=1
  Environment variable: PYTHONSAFEPATH=1
  Execution info: local=
  Execution info: requires-worker-protocol=json
  Execution info: supports-multiplex-sandboxing=1
  Execution info: supports-multiplex-workers=1
  Execution info: supports-worker-cancellation=1
  Execution info: supports-workers=1
  Argument: bazel-out/k8-opt-exec-ST-d57f47055a04/bin/external/rules_python+/python/private/python3
  Argument: bazel-out/k8-opt-exec-ST-d57f47055a04/bin/external/rules_python+/tools/precompiler/precompiler
  Argument: --invalidation_mode
  Argument: checked_hash
  Argument: --src
  Argument: quality/static_analysis/codeql_lint.py
  Argument: --src_name
  Argument: quality/static_analysis/codeql_lint.py
  Argument: --pyc
  Argument: bazel-out/k8-fastbuild/bin/quality/static_analysis/__pycache__/codeql_lint.cpython-312.pyc
  Argument: --optimize
  Argument: 0
  Argument: --python_version
  Argument: 3.12
  Output paths mode: OFF
, Python precompiling quality/static_analysis/codeql_lint.py into quality/static_analysis/__pycache__/codeql_lint.cpython-312.pyc
  Environment variable: PYTHONHASHSEED=0
  Environment variable: PYTHONNOUSERSITE=1
  Environment variable: PYTHONSAFEPATH=1
  Execution info: requires-worker-protocol=json
  Execution info: supports-multiplex-sandboxing=1
  Execution info: supports-multiplex-workers=1
  Execution info: supports-worker-cancellation=1
  Execution info: supports-workers=1
  Argument: bazel-out/k8-opt-exec-ST-d57f47055a04/bin/external/rules_python+/python/private/python3
  Argument: bazel-out/k8-opt-exec-ST-d57f47055a04/bin/external/rules_python+/tools/precompiler/precompiler
  Argument: --invalidation_mode
  Argument: checked_hash
  Argument: --src
  Argument: quality/static_analysis/codeql_lint.py
  Argument: --src_name
  Argument: quality/static_analysis/codeql_lint.py
  Argument: --pyc
  Argument: bazel-out/k8-fastbuild/bin/quality/static_analysis/__pycache__/codeql_lint.cpython-312.pyc
  Argument: --optimize
  Argument: 0
  Argument: --python_version
  Argument: 3.12
  Output paths mode: OFF

PrimaryInput: File:[/media/jefferson/11c42dee-73a3-4c2b-ab42-a0440011d9e0/.s-core-build/runs/score-communication-bug-recovery-fw8j963z/issue-1104[source]]quality/static_analysis/codeql_lint.py
PrimaryOutput: File:[[<execution_root>]bazel-out/k8-fastbuild/bin]quality/static_analysis/__pycache__/codeql_lint.cpython-312.pyc
Owner information: ConfiguredTargetKey{label=//quality/static_analysis:codeql_lint, config=BuildConfigurationKey[55b193b9d8c008a559880630d8cd50ee2b826d68da5b2eb660638cdf0591387a]}, ConfiguredTargetKey{label=//quality/static_analysis:codeql_lint_test, config=BuildConfigurationKey[cadb690ab51c432d4411cdc3337206b2a93ad3db06aea2a498edadc2d14ddc72]}
MandatoryInputs: are equal
Outputs: are equal
Use --verbose_failures to see the command lines of failed build steps.
ERROR: file 'quality/static_analysis/__pycache__/codeql_lint.cpython-312.pyc' is generated by these conflicting actions:
Label: //quality/static_analysis:codeql_lint, //quality/static_analysis:codeql_lint_test
RuleClass: py_binary rule, py_test rule
JavaActionClass: class com.google.devtools.build.lib.analysis.actions.StarlarkAction
Configuration: 55b193b9d8c008a559880630d8cd50ee2b826d68da5b2eb660638cdf0591387a, cadb690ab51c432d4411cdc3337206b2a93ad3db06aea2a498edadc2d14ddc72
Mnemonic: PyCompile
Action key: 2e707cbde58d1966fe15537c420f458de19cfc5f378db97ed1a54f7be8c108f3, ea4d083d10c7e5bfaff6bfcde16d4c98386d7a9ee0a4fbfcc00ba5b47d305512
Progress message: Python precompiling quality/static_analysis/codeql_lint.py into quality/static_analysis/__pycache__/codeql_lint.cpython-312.pyc
Action describeKey: Python precompiling quality/static_analysis/codeql_lint.py into quality/static_analysis/__pycache__/codeql_lint.cpython-312.pyc
  Environment variable: PYTHONHASHSEED=0
  Environment variable: PYTHONNOUSERSITE=1
  Environment variable: PYTHONSAFEPATH=1
  Execution info: local=
  Execution info: requires-worker-protocol=json
  Execution info: supports-multiplex-sandboxing=1
  Execution info: supports-multiplex-workers=1
  Execution info: supports-worker-cancellation=1
  Execution info: supports-workers=1
  Argument: bazel-out/k8-opt-exec-ST-d57f47055a04/bin/external/rules_python+/python/private/python3
  Argument: bazel-out/k8-opt-exec-ST-d57f47055a04/bin/external/rules_python+/tools/precompiler/precompiler
  Argument: --invalidation_mode
  Argument: checked_hash
  Argument: --src
  Argument: quality/static_analysis/codeql_lint.py
  Argument: --src_name
  Argument: quality/static_analysis/codeql_lint.py
  Argument: --pyc
  Argument: bazel-out/k8-fastbuild/bin/quality/static_analysis/__pycache__/codeql_lint.cpython-312.pyc
  Argument: --optimize
  Argument: 0
  Argument: --python_version
  Argument: 3.12
  Output paths mode: OFF
, Python precompiling quality/static_analysis/codeql_lint.py into quality/static_analysis/__pycache__/codeql_lint.cpython-312.pyc
  Environment variable: PYTHONHASHSEED=0
  Environment variable: PYTHONNOUSERSITE=1
  Environment variable: PYTHONSAFEPATH=1
  Execution info: requires-worker-protocol=json
  Execution info: supports-multiplex-sandboxing=1
  Execution info: supports-multiplex-workers=1
  Execution info: supports-worker-cancellation=1
  Execution info: supports-workers=1
  Argument: bazel-out/k8-opt-exec-ST-d57f47055a04/bin/external/rules_python+/python/private/python3
  Argument: bazel-out/k8-opt-exec-ST-d57f47055a04/bin/external/rules_python+/tools/precompiler/precompiler
  Argument: --invalidation_mode
  Argument: checked_hash
  Argument: --src
  Argument: quality/static_analysis/codeql_lint.py
  Argument: --src_name
  Argument: quality/static_analysis/codeql_lint.py
  Argument: --pyc
  Argument: bazel-out/k8-fastbuild/bin/quality/static_analysis/__pycache__/codeql_lint.cpython-312.pyc
  Argument: --optimize
  Argument: 0
  Argument: --python_version
  Argument: 3.12
  Output paths mode: OFF

PrimaryInput: File:[/media/jefferson/11c42dee-73a3-4c2b-ab42-a0440011d9e0/.s-core-build/runs/score-communication-bug-recovery-fw8j963z/issue-1104[source]]quality/static_analysis/codeql_lint.py
PrimaryOutput: File:[[<execution_root>]bazel-out/k8-fastbuild/bin]quality/static_analysis/__pycache__/codeql_lint.cpython-312.pyc
Owner information: ConfiguredTargetKey{label=//quality/static_analysis:codeql_lint, config=BuildConfigurationKey[55b193b9d8c008a559880630d8cd50ee2b826d68da5b2eb660638cdf0591387a]}, ConfiguredTargetKey{label=//quality/static_analysis:codeql_lint_test, config=BuildConfigurationKey[cadb690ab51c432d4411cdc3337206b2a93ad3db06aea2a498edadc2d14ddc72]}
MandatoryInputs: are equal
Outputs: are equal
INFO: Elapsed time: 452.366s, Critical Path: 22.33s
INFO: 3087 processes: 42 action cache hit, 2383 internal, 704 processwrapper-sandbox.
ERROR: Build did NOT complete successfully
