OpenJDK 64-Bit Server VM warning: Options -Xverify:none and -noverify were deprecated in JDK 13 and will likely be removed in a future release.
Computing main repo mapping: 
Computing main repo mapping: 
Computing main repo mapping: 
Computing main repo mapping: 
Computing main repo mapping: 
Computing main repo mapping: 
Computing main repo mapping: 
Loading: 
Loading: 5 packages loaded
Analyzing: target //quality/static_analysis:codeql_lint (6 packages loaded, 0 targets configured)
Analyzing: target //quality/static_analysis:codeql_lint (6 packages loaded, 0 targets configured)

Analyzing: target //quality/static_analysis:codeql_lint (32 packages loaded, 10 targets configured)

Analyzing: target //quality/static_analysis:codeql_lint (100 packages loaded, 10 targets configured)

Analyzing: target //quality/static_analysis:codeql_lint (159 packages loaded, 2501 targets configured)

Analyzing: target //quality/static_analysis:codeql_lint (171 packages loaded, 6250 targets configured)

Analyzing: target //quality/static_analysis:codeql_lint (182 packages loaded, 15588 targets configured)

Analyzing: target //quality/static_analysis:codeql_lint (200 packages loaded, 19256 targets configured)

Analyzing: target //quality/static_analysis:codeql_lint (201 packages loaded, 50716 targets configured)

INFO: Analyzed target //quality/static_analysis:codeql_lint (201 packages loaded, 50716 targets configured).
[27 / 29] Creating source manifest for //quality/static_analysis:codeql_lint; 0s local
[28 / 29] Creating runfiles tree bazel-out/k8-fastbuild/bin/quality/static_analysis/codeql_lint.runfiles; 0s local
INFO: Found 1 target...
Target //quality/static_analysis:codeql_lint up-to-date:
  bazel-bin/quality/static_analysis/codeql_lint
INFO: Elapsed time: 22.521s, Critical Path: 3.90s
INFO: 29 processes: 29 internal.
INFO: Build completed successfully, 29 total actions
INFO: Running command line: bazel-bin/quality/static_analysis/codeql_lint '--codeql_path=../+_repo_rules4+codeql_bundle/codeql_cli' '--config_path=quality/static_analysis/config.yaml' '--analysis_report_path=../+_repo_rules4+codeql_coding_standards/analysis_report' '--guideline_recategorize_path=../+_repo_rules4+codeql_coding_standards/guideline_recategorize' <args omitted>
Calculating baseline information in /media/jefferson/11c42dee-73a3-4c2b-ab42-a0440011d9e0/.s-core-build/runs/score-communication-bug-recovery-fw8j963z/issue-1104
Running command in /media/jefferson/11c42dee-73a3-4c2b-ab42-a0440011d9e0/.s-core-build/runs/score-communication-bug-recovery-fw8j963z/issue-1104: [/media/jefferson/11c42dee-73a3-4c2b-ab42-a0440011d9e0/.s-core-build/runs/score-communication-bug-recovery-fw8j963z/bazel-output/94ea1c2da6358fe9a16db9d10bbde52f/external/+_repo_rules4+codeql_bundle/codeql/javascript/tools/configure-baseline.sh]
Calculated baseline information for languages: cpp, javascript, python (215ms).
Resolving extractor cpp.
Successfully loaded extractor C/C++ (cpp) from /media/jefferson/11c42dee-73a3-4c2b-ab42-a0440011d9e0/.s-core-build/runs/score-communication-bug-recovery-fw8j963z/bazel-output/94ea1c2da6358fe9a16db9d10bbde52f/external/+_repo_rules4+codeql_bundle/codeql/cpp.
Created skeleton CodeQL database at /media/jefferson/11c42dee-73a3-4c2b-ab42-a0440011d9e0/.s-core-build/runs/score-communication-bug-recovery-fw8j963z/codeql-candidate/1104. This in-progress database is ready to be populated by an extractor.
WARNING: ignoring LD_PRELOAD in environment.
OpenJDK 64-Bit Server VM warning: Options -Xverify:none and -noverify were deprecated in JDK 13 and will likely be removed in a future release.
Computing main repo mapping: 
Computing main repo mapping: 
Computing main repo mapping: 
Computing main repo mapping: 
Computing main repo mapping: 
Computing main repo mapping: 
Computing main repo mapping: 
Computing main repo mapping: 
Computing main repo mapping: 
Computing main repo mapping: 
Loading: 
Loading: 5 packages loaded
Analyzing: target @@+_repo_rules4+codeql_coding_standards//:process_coding_standards_config (6 packages loaded, 0 targets configured)
Analyzing: target @@+_repo_rules4+codeql_coding_standards//:process_coding_standards_config (6 packages loaded, 0 targets configured)

Analyzing: target @@+_repo_rules4+codeql_coding_standards//:process_coding_standards_config (93 packages loaded, 10 targets configured)

Analyzing: target @@+_repo_rules4+codeql_coding_standards//:process_coding_standards_config (99 packages loaded, 10 targets configured)

Analyzing: target @@+_repo_rules4+codeql_coding_standards//:process_coding_standards_config (99 packages loaded, 10 targets configured)

Analyzing: target @@+_repo_rules4+codeql_coding_standards//:process_coding_standards_config (107 packages loaded, 482 targets configured)

Analyzing: target @@+_repo_rules4+codeql_coding_standards//:process_coding_standards_config (159 packages loaded, 3157 targets configured)

Analyzing: target @@+_repo_rules4+codeql_coding_standards//:process_coding_standards_config (159 packages loaded, 3157 targets configured)

Analyzing: target @@+_repo_rules4+codeql_coding_standards//:process_coding_standards_config (159 packages loaded, 3157 targets configured)

Analyzing: target @@+_repo_rules4+codeql_coding_standards//:process_coding_standards_config (169 packages loaded, 6244 targets configured)

Analyzing: target @@+_repo_rules4+codeql_coding_standards//:process_coding_standards_config (169 packages loaded, 6244 targets configured)

Analyzing: target @@+_repo_rules4+codeql_coding_standards//:process_coding_standards_config (172 packages loaded, 11232 targets configured)

Analyzing: target @@+_repo_rules4+codeql_coding_standards//:process_coding_standards_config (172 packages loaded, 11232 targets configured)

Analyzing: target @@+_repo_rules4+codeql_coding_standards//:process_coding_standards_config (172 packages loaded, 11232 targets configured)

INFO: Analyzed target @@+_repo_rules4+codeql_coding_standards//:process_coding_standards_config (176 packages loaded, 11301 targets configured).
INFO: Found 1 target...
Target @@+_repo_rules4+codeql_coding_standards//:process_coding_standards_config up-to-date:
  bazel-bin/external/+_repo_rules4+codeql_coding_standards/process_coding_standards_config
INFO: Elapsed time: 66.681s, Critical Path: 0.35s
INFO: 10 processes: 10 internal.
INFO: Build completed successfully, 10 total actions
INFO: Running command line: bazel-bin/external/+_repo_rules4+codeql_coding_standards/process_coding_standards_config <args omitted>
Scanning for files in /media/jefferson/11c42dee-73a3-4c2b-ab42-a0440011d9e0/.s-core-build/runs/score-communication-bug-recovery-fw8j963z/issue-1104...
/media/jefferson/11c42dee-73a3-4c2b-ab42-a0440011d9e0/.s-core-build/runs/score-communication-bug-recovery-fw8j963z/codeql-candidate/1104: Indexing files in in /media/jefferson/11c42dee-73a3-4c2b-ab42-a0440011d9e0/.s-core-build/runs/score-communication-bug-recovery-fw8j963z/issue-1104...
Running command in /media/jefferson/11c42dee-73a3-4c2b-ab42-a0440011d9e0/.s-core-build/runs/score-communication-bug-recovery-fw8j963z/issue-1104: [/media/jefferson/11c42dee-73a3-4c2b-ab42-a0440011d9e0/.s-core-build/runs/score-communication-bug-recovery-fw8j963z/bazel-output/94ea1c2da6358fe9a16db9d10bbde52f/external/+_repo_rules4+codeql_bundle/codeql/xml/tools/index-files.sh, /media/jefferson/11c42dee-73a3-4c2b-ab42-a0440011d9e0/.s-core-build/runs/score-communication-bug-recovery-fw8j963z/codeql-candidate/1104/working/files-to-index9143623087290878608.list]
WARNING: ignoring LD_PRELOAD in environment.
OpenJDK 64-Bit Server VM warning: Options -Xverify:none and -noverify were deprecated in JDK 13 and will likely be removed in a future release.
Computing main repo mapping: 
Computing main repo mapping: 
Computing main repo mapping: 
Computing main repo mapping: 
Computing main repo mapping: 
Computing main repo mapping: 
Computing main repo mapping: 
Computing main repo mapping: 
Loading: 
Loading: 5 packages loaded
Analyzing: 622 targets (68 packages loaded, 0 targets configured)
Analyzing: 622 targets (68 packages loaded, 0 targets configured)

Analyzing: 622 targets (108 packages loaded, 149 targets configured)
[6 / 6] no actions running
Analyzing: 622 targets (129 packages loaded, 156 targets configured)
[6 / 6] no actions running
Analyzing: 622 targets (216 packages loaded, 813 targets configured)
[6 / 6] no actions running
Analyzing: 622 targets (244 packages loaded, 4187 targets configured)
[6 / 6] no actions running
WARNING: /media/jefferson/11c42dee-73a3-4c2b-ab42-a0440011d9e0/.s-core-build/runs/score-communication-bug-recovery-fw8j963z/issue-1104/MODULE.bazel:196:20: The module extension apt defined in @rules_distroless//apt:extensions.bzl reported incorrect imports of repositories via use_repo():

Imported, but reported as indirect dependencies by the extension:
    ubuntu24_04_sysroot_resolve

Fix the use_repo calls by running 'bazel mod tidy'.
Analyzing: 622 targets (303 packages loaded, 7825 targets configured)
[6 / 6] no actions running
Analyzing: 622 targets (475 packages loaded, 11221 targets configured)
[6 / 6] no actions running
Analyzing: 622 targets (539 packages loaded, 12916 targets configured)
[6 / 6] no actions running
DEBUG: Rule 'score_baselibs++_repo_rules+acl-deb' indicated that a canonical reproducible form can be obtained by modifying arguments integrity = "sha256-5AjUxw54AQdOpFkYAgilQtVPVjibpIU3BDTy0A6VCYA=" and dropping ["visibility"]
DEBUG: Repository score_baselibs++_repo_rules+acl-deb instantiated at:
  <builtin>: in <toplevel>
Repository rule deb defined at:
  /media/jefferson/11c42dee-73a3-4c2b-ab42-a0440011d9e0/.s-core-build/runs/score-communication-bug-recovery-fw8j963z/bazel-inner/94ea1c2da6358fe9a16db9d10bbde52f/external/download_utils+/download/deb/repository.bzl:78:22: in <toplevel>
Analyzing: 622 targets (579 packages loaded, 14986 targets configured)
[6 / 6] no actions running
Analyzing: 622 targets (640 packages loaded, 18703 targets configured)
[6 / 6] no actions running
Analyzing: 622 targets (709 packages loaded, 21050 targets configured)
[6 / 6] no actions running
Analyzing: 622 targets (712 packages loaded, 21092 targets configured)
[6 / 6] no actions running
Analyzing: 622 targets (718 packages loaded, 21214 targets configured)
[6 / 6] no actions running
Analyzing: 622 targets (718 packages loaded, 21214 targets configured)
[6 / 6] no actions running
Analyzing: 622 targets (725 packages loaded, 21304 targets configured)
[6 / 6] no actions running
Analyzing: 622 targets (725 packages loaded, 21304 targets configured)
[6 / 6] no actions running
Analyzing: 622 targets (725 packages loaded, 21304 targets configured)
[6 / 6] no actions running
Analyzing: 622 targets (725 packages loaded, 21304 targets configured)
[6 / 6] no actions running
Analyzing: 622 targets (729 packages loaded, 21428 targets configured)
[6 / 6] no actions running
Analyzing: 622 targets (736 packages loaded, 21607 targets configured)
[6 / 6] no actions running
Analyzing: 622 targets (736 packages loaded, 21607 targets configured)
[6 / 6] no actions running
Analyzing: 622 targets (736 packages loaded, 21607 targets configured)
[6 / 6] no actions running
Analyzing: 622 targets (739 packages loaded, 21992 targets configured)
[6 / 6] no actions running
Analyzing: 622 targets (743 packages loaded, 22058 targets configured)
[6 / 6] no actions running
Analyzing: 622 targets (743 packages loaded, 22058 targets configured)
[6 / 6] no actions running
Analyzing: 622 targets (744 packages loaded, 22073 targets configured)
[6 / 6] no actions running
Analyzing: 622 targets (746 packages loaded, 22128 targets configured)
[6 / 6] no actions running
Analyzing: 622 targets (746 packages loaded, 22128 targets configured)
[6 / 6] no actions running
Analyzing: 622 targets (746 packages loaded, 22128 targets configured)
[6 / 6] no actions running
Analyzing: 622 targets (746 packages loaded, 22128 targets configured)
[6 / 6] no actions running
Analyzing: 622 targets (746 packages loaded, 22128 targets configured)
[6 / 6] no actions running
Analyzing: 622 targets (746 packages loaded, 22128 targets configured)
[6 / 6] no actions running
Analyzing: 622 targets (746 packages loaded, 22128 targets configured)
[6 / 6] no actions running
Analyzing: 622 targets (746 packages loaded, 22128 targets configured)
[6 / 6] no actions running
Analyzing: 622 targets (746 packages loaded, 22128 targets configured)
[6 / 6] no actions running
Analyzing: 622 targets (746 packages loaded, 22128 targets configured)
[6 / 6] no actions running
Analyzing: 622 targets (746 packages loaded, 22128 targets configured)
[6 / 6] no actions running
Analyzing: 622 targets (746 packages loaded, 22128 targets configured)
[6 / 6] no actions running
Analyzing: 622 targets (746 packages loaded, 22128 targets configured)
[6 / 6] no actions running
Analyzing: 622 targets (746 packages loaded, 22128 targets configured)
[6 / 6] no actions running
Analyzing: 622 targets (746 packages loaded, 22128 targets configured)
[6 / 6] no actions running
Analyzing: 622 targets (746 packages loaded, 22128 targets configured)
[6 / 6] no actions running
Analyzing: 622 targets (746 packages loaded, 22128 targets configured)
[6 / 6] no actions running
Analyzing: 622 targets (746 packages loaded, 22128 targets configured)
[6 / 6] no actions running
Analyzing: 622 targets (746 packages loaded, 22128 targets configured)
[6 / 6] no actions running
Analyzing: 622 targets (746 packages loaded, 22128 targets configured)
[6 / 6] no actions running
Analyzing: 622 targets (746 packages loaded, 22128 targets configured)
[6 / 6] no actions running
Analyzing: 622 targets (746 packages loaded, 22128 targets configured)
[6 / 6] no actions running
Analyzing: 622 targets (746 packages loaded, 22128 targets configured)
[6 / 6] no actions running
Analyzing: 622 targets (746 packages loaded, 22128 targets configured)
[6 / 6] no actions running
Analyzing: 622 targets (746 packages loaded, 22128 targets configured)
[6 / 6] no actions running
Analyzing: 622 targets (746 packages loaded, 22128 targets configured)
[6 / 6] no actions running
Analyzing: 622 targets (747 packages loaded, 22139 targets configured)
[6 / 6] no actions running
Analyzing: 622 targets (747 packages loaded, 22139 targets configured)
[6 / 6] no actions running
Analyzing: 622 targets (748 packages loaded, 31574 targets configured)
[27 / 91] checking cached actions
Analyzing: 622 targets (748 packages loaded, 32186 targets configured)
[48 / 138] Creating runfiles tree bazel-out/k8-opt-exec-ST-d57f47055a04/bin/score/mw/com/impl/configuration/converter/json_to_flatbuffer.runfiles [for tool]; 0s local
Analyzing: 622 targets (748 packages loaded, 32736 targets configured)
[57 / 146] checking cached actions
INFO: Analyzed 622 targets (748 packages loaded, 32927 targets configured).
[313 / 1,127] Creating runfiles tree bazel-out/k8-opt-exec-ST-d57f47055a04/bin/external/score_baselibs+/score/flatbuffers/bazel/schema_generator.runfiles [for tool]; 0s local ... (4 actions, 3 running)
[847 / 2,990] checking cached actions
[847 / 2,992] [Prepa] Expanding template external/toolchains_llvm++llvm+llvm_toolchain/module-x86_64-linux.modulemap [for tool]
[871 / 3,009] [Prepa] Writing script score/mw/com/impl/mocking/skeleton_base_mock.cppmap
[1,113 / 3,830] [Prepa] Writing script score/mw/com/impl/sample_reference_tracker_test
[1,212 / 3,910] [Prepa] Writing script score/mw/com/impl/methods/skeleton_method_test
[1,313 / 3,999] [Prepa] Creating symlink external/score_toolchains_rust++ferrocene_toolchain_ext+ferrocene_x86_64_unknown_linux_gnu/rust_ferrocene/lib/rustlib/x86_64-unknown-linux-gnu/bin/rust-objcopy
[1,345 / 3,999] checking cached actions
[1,362 / 4,017] [Prepa] Writing file score/mw/com/impl/configuration/test/invalid_json_incomplete_service_instance
[1,436 / 4,112] [Prepa] Writing script score/mw/com/impl/tracing/skeleton_event_tracing_data_test
[1,661 / 4,499] [Prepa] Normalizing score/mw/com/impl/configuration/example/mw_com_config.json
[1,777 / 4,666] [Prepa] Writing script score/mw/com/impl/mocking/test_type_utilities_test
[1,894 / 4,969] Creating runfiles tree bazel-out/k8-fastbuild-codeql/bin/score/mw/com/impl/rust/com-api/com-api-runtime-lola/com-api-runtime-lola-doc-tests.rustdoc_test.sh.runfiles; 0s local ... (2 actions, 1 running)
[1,960 / 5,044] [Prepa] Writing script score/mw/com/impl/unit_test_runtime_single_exec
[2,049 / 5,136] checking cached actions
[2,070 / 5,136] [Prepa] Creating symlink external/score_toolchains_rust++ferrocene_toolchain_ext+ferrocene_x86_64_unknown_linux_gnu/rust_ferrocene/lib/rustlib/x86_64-unknown-linux-gnu/bin/rust-lld
ERROR: /media/jefferson/11c42dee-73a3-4c2b-ab42-a0440011d9e0/.s-core-build/runs/score-communication-bug-recovery-fw8j963z/issue-1104/score/mw/com/impl/util/test/BUILD:57:20: Action score/mw/com/impl/util/test/arithmetic_utils_multiplication_build_error_test__0__0/compile_output failed: (Exit 2): bash failed: error executing Action command (from target //score/mw/com/impl/util/test:arithmetic_utils_multiplication_build_error_test__0__0) /bin/bash -c '"$@"' '' external/rules_build_error+/lang/private/script/try_build.bash -e ... (remaining 87 arguments skipped)

Use --sandbox_debug to see verbose messages from the sandbox and retain the sandbox build root for debugging
external/rules_build_error+/lang/private/script/try_build.bash: 1: set: Illegal option -o pipefail
Use --verbose_failures to see the command lines of failed build steps.
[2,080 / 5,136] checking cached actions
INFO: Elapsed time: 334.680s, Critical Path: 1.18s
INFO: 2080 processes: 2074 internal, 6 processwrapper-sandbox.
ERROR: Build did NOT complete successfully
Traceback (most recent call last):
  File "/media/jefferson/11c42dee-73a3-4c2b-ab42-a0440011d9e0/.s-core-build/runs/score-communication-bug-recovery-fw8j963z/bazel-output/94ea1c2da6358fe9a16db9d10bbde52f/execroot/_main/bazel-out/k8-fastbuild/bin/quality/static_analysis/codeql_lint.runfiles/_main/quality/static_analysis/_codeql_lint_stage2_bootstrap.py", line 499, in <module>
    main()
  File "/media/jefferson/11c42dee-73a3-4c2b-ab42-a0440011d9e0/.s-core-build/runs/score-communication-bug-recovery-fw8j963z/bazel-output/94ea1c2da6358fe9a16db9d10bbde52f/execroot/_main/bazel-out/k8-fastbuild/bin/quality/static_analysis/codeql_lint.runfiles/_main/quality/static_analysis/_codeql_lint_stage2_bootstrap.py", line 493, in main
    _run_py_path(main_filename, args=sys.argv[1:])
  File "/media/jefferson/11c42dee-73a3-4c2b-ab42-a0440011d9e0/.s-core-build/runs/score-communication-bug-recovery-fw8j963z/bazel-output/94ea1c2da6358fe9a16db9d10bbde52f/execroot/_main/bazel-out/k8-fastbuild/bin/quality/static_analysis/codeql_lint.runfiles/_main/quality/static_analysis/_codeql_lint_stage2_bootstrap.py", line 287, in _run_py_path
    runpy.run_path(main_filename, run_name="__main__")
  File "<frozen runpy>", line 287, in run_path
  File "<frozen runpy>", line 98, in _run_module_code
  File "<frozen runpy>", line 88, in _run_code
  File "/media/jefferson/11c42dee-73a3-4c2b-ab42-a0440011d9e0/.s-core-build/runs/score-communication-bug-recovery-fw8j963z/bazel-output/94ea1c2da6358fe9a16db9d10bbde52f/execroot/_main/bazel-out/k8-fastbuild/bin/quality/static_analysis/codeql_lint.runfiles/_main/quality/static_analysis/codeql_lint.py", line 611, in <module>
    main()
  File "/media/jefferson/11c42dee-73a3-4c2b-ab42-a0440011d9e0/.s-core-build/runs/score-communication-bug-recovery-fw8j963z/bazel-output/94ea1c2da6358fe9a16db9d10bbde52f/execroot/_main/bazel-out/k8-fastbuild/bin/quality/static_analysis/codeql_lint.runfiles/_main/quality/static_analysis/codeql_lint.py", line 525, in main
    create_database(
  File "/media/jefferson/11c42dee-73a3-4c2b-ab42-a0440011d9e0/.s-core-build/runs/score-communication-bug-recovery-fw8j963z/bazel-output/94ea1c2da6358fe9a16db9d10bbde52f/execroot/_main/bazel-out/k8-fastbuild/bin/quality/static_analysis/codeql_lint.runfiles/_main/quality/static_analysis/codeql_lint.py", line 201, in create_database
    subprocess.run(f"{bazel_cmd} {target}", shell=True, env=env, cwd=source_root, check=True)
  File "/media/jefferson/11c42dee-73a3-4c2b-ab42-a0440011d9e0/.s-core-build/runs/score-communication-bug-recovery-fw8j963z/bazel-output/94ea1c2da6358fe9a16db9d10bbde52f/external/rules_python++python+python_3_12_x86_64-unknown-linux-gnu/lib/python3.12/subprocess.py", line 571, in run
    raise CalledProcessError(retcode, process.args,
subprocess.CalledProcessError: Command 'bazel build --config=codeql --stamp --action_env=CODEQL_SEED_FORCE_RECOMPILE=20261006172142368566 --action_env=CODEQL_SCRATCH_DIR --action_env=CODEQL_VERBOSITY --action_env=CODEQL_DIST --action_env=CODEQL_PLATFORM --action_env=CODEQL_PLATFORM_DLL_EXTENSION --action_env=CODEQL_JAVA_HOME --action_env=CODEQL_EXTRACTOR_CPP_ROOT --action_env=CODEQL_EXTRACTOR_CPP_WIP_DATABASE --action_env=CODEQL_EXTRACTOR_CPP_DIAGNOSTIC_DIR --action_env=CODEQL_EXTRACTOR_CPP_LOG_DIR --action_env=CODEQL_EXTRACTOR_CPP_SCRATCH_DIR --action_env=CODEQL_EXTRACTOR_CPP_TRAP_DIR --action_env=CODEQL_EXTRACTOR_CPP_SOURCE_ARCHIVE_DIR --action_env=CODEQL_TRACER_LOG --action_env=CODEQL_TRACER_DIAGNOSTICS_DIR --action_env=CODEQL_TRACER_LANGUAGES --action_env=SEMMLE_PRELOAD_libtrace --action_env=SEMMLE_PRELOAD_libtrace32 --action_env=SEMMLE_PRELOAD_libtrace64 --action_env=CODEQL_RUNNER --action_env=LD_PRELOAD //score/mw/com/impl/...' returned non-zero exit status 1.
