OpenJDK 64-Bit Server VM warning: Options -Xverify:none and -noverify were deprecated in JDK 13 and will likely be removed in a future release.
Computing main repo mapping: 
Computing main repo mapping: 
Computing main repo mapping: 
Computing main repo mapping: 
Computing main repo mapping: 
Loading: 
Loading: 5 packages loaded
Analyzing: target //:format_Python_with_ruff (6 packages loaded, 0 targets configured)
Analyzing: target //:format_Python_with_ruff (6 packages loaded, 0 targets configured)

Analyzing: target //:format_Python_with_ruff (101 packages loaded, 10 targets configured)

INFO: Analyzed target //:format_Python_with_ruff (164 packages loaded, 3173 targets configured).
INFO: Found 1 target...
Target //:format_Python_with_ruff up-to-date:
  bazel-bin/format_Python_with_ruff.bash
INFO: Elapsed time: 7.419s, Critical Path: 0.02s
INFO: 6 processes: 1 action cache hit, 6 internal.
INFO: Build completed successfully, 6 total actions
INFO: Running command line: bazel-bin/format_Python_with_ruff.bash <args omitted>
1 file reformatted, 1 file left unchanged
Formatted Python in 0m0.016s
