$TEST_TMPDIR defined, some defaults will be overridden
WARNING: Duplicate rc file: /media/jefferson/11c42dee-73a3-4c2b-ab42-a0440011d9e0/.s-core-build/runs/score-rust-issue-queue-ycbvxir7/workspaces/490/quality/static_analysis/static_analysis.bazelrc is read multiple times, it is a standard rc file location but must have been unnecessarily imported earlier.
OpenJDK 64-Bit Server VM warning: Options -Xverify:none and -noverify were deprecated in JDK 13 and will likely be removed in a future release.
WARNING: The following configs were expanded more than once: [linux_x64_gcc_15]. For repeatable flags, repeats are counted twice and may lead to unexpected behavior.
Computing main repo mapping: 
WARNING: The following configs were expanded more than once: [linux_x64_gcc_15]. For repeatable flags, repeats are counted twice and may lead to unexpected behavior.
Computing main repo mapping: 
Computing main repo mapping: 
Computing main repo mapping: 
Computing main repo mapping: 
Computing main repo mapping: 
Computing main repo mapping: 
Computing main repo mapping: 
Computing main repo mapping: 
Computing main repo mapping: 
Computing main repo mapping: 
Computing main repo mapping: 
WARNING: Download from https://pypi.org/simple/jinja2/ failed: class com.google.devtools.build.lib.bazel.repository.downloader.UnrecoverableHttpException Unknown host: pypi.org
WARNING: Download from https://pypi.org/simple/trlc/ failed: class com.google.devtools.build.lib.bazel.repository.downloader.UnrecoverableHttpException Unknown host: pypi.org
WARNING: Download from https://pypi.org/simple/flask/ failed: class com.google.devtools.build.lib.bazel.repository.downloader.UnrecoverableHttpException Unknown host: pypi.org
WARNING: Download from https://pypi.org/simple/click/ failed: class com.google.devtools.build.lib.bazel.repository.downloader.UnrecoverableHttpException Unknown host: pypi.org
WARNING: Download from https://pypi.org/simple/zipp/ failed: class com.google.devtools.build.lib.bazel.repository.downloader.UnrecoverableHttpException Unknown host: pypi.org
WARNING: Download from https://pypi.org/simple/idna/ failed: class com.google.devtools.build.lib.bazel.repository.downloader.UnrecoverableHttpException Unknown host: pypi.org
WARNING: Download from https://pypi.org/simple/cvc5/ failed: class com.google.devtools.build.lib.bazel.repository.downloader.UnrecoverableHttpException Unknown host: pypi.org
WARNING: Download from https://pypi.org/simple/attrs/ failed: class com.google.devtools.build.lib.bazel.repository.downloader.UnrecoverableHttpException Unknown host: pypi.org
WARNING: Download from https://pypi.org/simple/gitdb/ failed: class com.google.devtools.build.lib.bazel.repository.downloader.UnrecoverableHttpException Unknown host: pypi.org
WARNING: Download from https://pypi.org/simple/h11/ failed: class com.google.devtools.build.lib.bazel.repository.downloader.UnrecoverableHttpException Unknown host: pypi.org
WARNING: Download from https://pypi.org/simple/isort/ failed: class com.google.devtools.build.lib.bazel.repository.downloader.UnrecoverableHttpException Unknown host: pypi.org
WARNING: Download from https://pypi.org/simple/build/ failed: class com.google.devtools.build.lib.bazel.repository.downloader.UnrecoverableHttpException Unknown host: pypi.org
WARNING: Download from https://pypi.org/simple/dill/ failed: class com.google.devtools.build.lib.bazel.repository.downloader.UnrecoverableHttpException Unknown host: pypi.org
WARNING: Download from https://pypi.org/simple/trio/ failed: class com.google.devtools.build.lib.bazel.repository.downloader.UnrecoverableHttpException Unknown host: pypi.org
WARNING: Download from https://pypi.org/simple/libcst/ failed: class com.google.devtools.build.lib.bazel.repository.downloader.UnrecoverableHttpException Unknown host: pypi.org
WARNING: Download from https://pypi.org/simple/babel/ failed: class com.google.devtools.build.lib.bazel.repository.downloader.UnrecoverableHttpException Unknown host: pypi.org
WARNING: Download from https://pypi.org/simple/tomli/ failed: class com.google.devtools.build.lib.bazel.repository.downloader.UnrecoverableHttpException Unknown host: pypi.org
WARNING: Download from https://pypi.org/simple/pylint/ failed: class com.google.devtools.build.lib.bazel.repository.downloader.UnrecoverableHttpException Unknown host: pypi.org
WARNING: Download from https://pypi.org/simple/astroid/ failed: class com.google.devtools.build.lib.bazel.repository.downloader.UnrecoverableHttpException Unknown host: pypi.org
WARNING: Download from https://pypi.org/simple/smmap/ failed: class com.google.devtools.build.lib.bazel.repository.downloader.UnrecoverableHttpException Unknown host: pypi.org
WARNING: Download from https://pypi.org/simple/mccabe/ failed: class com.google.devtools.build.lib.bazel.repository.downloader.UnrecoverableHttpException Unknown host: pypi.org
WARNING: Download from https://pypi.org/simple/pyyaml/ failed: class com.google.devtools.build.lib.bazel.repository.downloader.UnrecoverableHttpException Unknown host: pypi.org
WARNING: Download from https://pypi.org/simple/blinker/ failed: class com.google.devtools.build.lib.bazel.repository.downloader.UnrecoverableHttpException Unknown host: pypi.org
WARNING: Download from https://pypi.org/simple/sphinx/ failed: class com.google.devtools.build.lib.bazel.repository.downloader.UnrecoverableHttpException Unknown host: pypi.org
WARNING: Download from https://pypi.org/simple/certifi/ failed: class com.google.devtools.build.lib.bazel.repository.downloader.UnrecoverableHttpException Unknown host: pypi.org
WARNING: Download from https://pypi.org/simple/wsproto/ failed: class com.google.devtools.build.lib.bazel.repository.downloader.UnrecoverableHttpException Unknown host: pypi.org
WARNING: Download from https://pypi.org/simple/coverage/ failed: class com.google.devtools.build.lib.bazel.repository.downloader.UnrecoverableHttpException Unknown host: pypi.org
WARNING: Download from https://pypi.org/simple/yamale/ failed: class com.google.devtools.build.lib.bazel.repository.downloader.UnrecoverableHttpException Unknown host: pypi.org
WARNING: Download from https://pypi.org/simple/tomlkit/ failed: class com.google.devtools.build.lib.bazel.repository.downloader.UnrecoverableHttpException Unknown host: pypi.org
WARNING: Download from https://pypi.org/simple/outcome/ failed: class com.google.devtools.build.lib.bazel.repository.downloader.UnrecoverableHttpException Unknown host: pypi.org
WARNING: Download from https://pypi.org/simple/docutils/ failed: class com.google.devtools.build.lib.bazel.repository.downloader.UnrecoverableHttpException Unknown host: pypi.org
WARNING: Download from https://pypi.org/simple/pysocks/ failed: class com.google.devtools.build.lib.bazel.repository.downloader.UnrecoverableHttpException Unknown host: pypi.org
WARNING: Download from https://pypi.org/simple/sniffio/ failed: class com.google.devtools.build.lib.bazel.repository.downloader.UnrecoverableHttpException Unknown host: pypi.org
WARNING: Download from https://pypi.org/simple/graphviz/ failed: class com.google.devtools.build.lib.bazel.repository.downloader.UnrecoverableHttpException Unknown host: pypi.org
WARNING: Download from https://pypi.org/simple/alabaster/ failed: class com.google.devtools.build.lib.bazel.repository.downloader.UnrecoverableHttpException Unknown host: pypi.org
WARNING: Download from https://pypi.org/simple/pygments/ failed: class com.google.devtools.build.lib.bazel.repository.downloader.UnrecoverableHttpException Unknown host: pypi.org
WARNING: Download from https://pypi.org/simple/requests/ failed: class com.google.devtools.build.lib.bazel.repository.downloader.UnrecoverableHttpException Unknown host: pypi.org
WARNING: Download from https://pypi.org/simple/markdown/ failed: class com.google.devtools.build.lib.bazel.repository.downloader.UnrecoverableHttpException Unknown host: pypi.org
WARNING: Download from https://pypi.org/simple/werkzeug/ failed: class com.google.devtools.build.lib.bazel.repository.downloader.UnrecoverableHttpException Unknown host: pypi.org
WARNING: Download from https://pypi.org/simple/selenium/ failed: class com.google.devtools.build.lib.bazel.repository.downloader.UnrecoverableHttpException Unknown host: pypi.org
WARNING: Download from https://pypi.org/simple/packaging/ failed: class com.google.devtools.build.lib.bazel.repository.downloader.UnrecoverableHttpException Unknown host: pypi.org
WARNING: Download from https://pypi.org/simple/gitpython/ failed: class com.google.devtools.build.lib.bazel.repository.downloader.UnrecoverableHttpException Unknown host: pypi.org
WARNING: Download from https://pypi.org/simple/imagesize/ failed: class com.google.devtools.build.lib.bazel.repository.downloader.UnrecoverableHttpException Unknown host: pypi.org
WARNING: Download from https://pypi.org/simple/markupsafe/ failed: class com.google.devtools.build.lib.bazel.repository.downloader.UnrecoverableHttpException Unknown host: pypi.org
WARNING: Download from https://pypi.org/simple/pycodestyle/ failed: class com.google.devtools.build.lib.bazel.repository.downloader.UnrecoverableHttpException Unknown host: pypi.org
WARNING: Download from https://pypi.org/simple/platformdirs/ failed: class com.google.devtools.build.lib.bazel.repository.downloader.UnrecoverableHttpException Unknown host: pypi.org
WARNING: Download from https://pypi.org/simple/exceptiongroup/ failed: class com.google.devtools.build.lib.bazel.repository.downloader.UnrecoverableHttpException Unknown host: pypi.org
WARNING: Download from https://pypi.org/simple/pyvcg/ failed: class com.google.devtools.build.lib.bazel.repository.downloader.UnrecoverableHttpException Unknown host: pypi.org
WARNING: Download from https://pypi.org/simple/python-dotenv/ failed: class com.google.devtools.build.lib.bazel.repository.downloader.UnrecoverableHttpException Unknown host: pypi.org
WARNING: Download from https://pypi.org/simple/itsdangerous/ failed: class com.google.devtools.build.lib.bazel.repository.downloader.UnrecoverableHttpException Unknown host: pypi.org
WARNING: Download from https://pypi.org/simple/sphinx-design/ failed: class com.google.devtools.build.lib.bazel.repository.downloader.UnrecoverableHttpException Unknown host: pypi.org
WARNING: Download from https://pypi.org/simple/urllib3/ failed: class com.google.devtools.build.lib.bazel.repository.downloader.UnrecoverableHttpException Unknown host: pypi.org
WARNING: Download from https://pypi.org/simple/websocket-client/ failed: class com.google.devtools.build.lib.bazel.repository.downloader.UnrecoverableHttpException Unknown host: pypi.org
WARNING: Download from https://pypi.org/simple/typing-extensions/ failed: class com.google.devtools.build.lib.bazel.repository.downloader.UnrecoverableHttpException Unknown host: pypi.org
WARNING: Download from https://pypi.org/simple/pyproject-hooks/ failed: class com.google.devtools.build.lib.bazel.repository.downloader.UnrecoverableHttpException Unknown host: pypi.org
WARNING: Download from https://pypi.org/simple/charset-normalizer/ failed: class com.google.devtools.build.lib.bazel.repository.downloader.UnrecoverableHttpException Unknown host: pypi.org
WARNING: Download from https://pypi.org/simple/trio-websocket/ failed: class com.google.devtools.build.lib.bazel.repository.downloader.UnrecoverableHttpException Unknown host: pypi.org
WARNING: Download from https://pypi.org/simple/snowballstemmer/ failed: class com.google.devtools.build.lib.bazel.repository.downloader.UnrecoverableHttpException Unknown host: pypi.org
WARNING: Download from https://pypi.org/simple/sortedcontainers/ failed: class com.google.devtools.build.lib.bazel.repository.downloader.UnrecoverableHttpException Unknown host: pypi.org
WARNING: Download from https://pypi.org/simple/webdriver-manager/ failed: class com.google.devtools.build.lib.bazel.repository.downloader.UnrecoverableHttpException Unknown host: pypi.org
WARNING: Download from https://pypi.org/simple/importlib-metadata/ failed: class com.google.devtools.build.lib.bazel.repository.downloader.UnrecoverableHttpException Unknown host: pypi.org
WARNING: Download from https://pypi.org/simple/sphinxcontrib-qthelp/ failed: class com.google.devtools.build.lib.bazel.repository.downloader.UnrecoverableHttpException Unknown host: pypi.org
WARNING: Download from https://pypi.org/simple/sphinxcontrib-applehelp/ failed: class com.google.devtools.build.lib.bazel.repository.downloader.UnrecoverableHttpException Unknown host: pypi.org
WARNING: Download from https://pypi.org/simple/sphinxcontrib-jsmath/ failed: class com.google.devtools.build.lib.bazel.repository.downloader.UnrecoverableHttpException Unknown host: pypi.org
WARNING: Download from https://pypi.org/simple/sphinxcontrib-htmlhelp/ failed: class com.google.devtools.build.lib.bazel.repository.downloader.UnrecoverableHttpException Unknown host: pypi.org
WARNING: Download from https://pypi.org/simple/sphinxcontrib-devhelp/ failed: class com.google.devtools.build.lib.bazel.repository.downloader.UnrecoverableHttpException Unknown host: pypi.org
WARNING: Download from https://pypi.org/simple/sphinxcontrib-serializinghtml/ failed: class com.google.devtools.build.lib.bazel.repository.downloader.UnrecoverableHttpException Unknown host: pypi.org
ERROR: /media/jefferson/11c42dee-73a3-4c2b-ab42-a0440011d9e0/.s-core-build/runs/score-rust-issue-queue-ycbvxir7/bazel-output/a5a2bd43520d075b94c02d8d430832ec/external/rules_python+/python/private/pypi/simpleapi_download.bzl:139:14: Traceback (most recent call last):
	File "/media/jefferson/11c42dee-73a3-4c2b-ab42-a0440011d9e0/.s-core-build/runs/score-rust-issue-queue-ycbvxir7/bazel-output/a5a2bd43520d075b94c02d8d430832ec/external/rules_python+/python/private/pypi/extension.bzl", line 372, column 25, in _pip_impl
		mods = parse_modules(module_ctx, enable_pipstar = rp_config.enable_pipstar, enable_pipstar_extract = rp_config.enable_pipstar and rp_config.bazel_8_or_later)
	File "/media/jefferson/11c42dee-73a3-4c2b-ab42-a0440011d9e0/.s-core-build/runs/score-rust-issue-queue-ycbvxir7/bazel-output/a5a2bd43520d075b94c02d8d430832ec/external/rules_python+/python/private/pypi/extension.bzl", line 262, column 30, in parse_modules
		builder.pip_parse(
	File "/media/jefferson/11c42dee-73a3-4c2b-ab42-a0440011d9e0/.s-core-build/runs/score-rust-issue-queue-ycbvxir7/bazel-output/a5a2bd43520d075b94c02d8d430832ec/external/rules_python+/python/private/pypi/hub_builder.bzl", line 59, column 47, in lambda
		pip_parse = lambda *a, **k: _pip_parse(self, *a, **k),
	File "/media/jefferson/11c42dee-73a3-4c2b-ab42-a0440011d9e0/.s-core-build/runs/score-rust-issue-queue-ycbvxir7/bazel-output/a5a2bd43520d075b94c02d8d430832ec/external/rules_python+/python/private/pypi/hub_builder.bzl", line 151, column 22, in _pip_parse
		_create_whl_repos(
	File "/media/jefferson/11c42dee-73a3-4c2b-ab42-a0440011d9e0/.s-core-build/runs/score-rust-issue-queue-ycbvxir7/bazel-output/a5a2bd43520d075b94c02d8d430832ec/external/rules_python+/python/private/pypi/hub_builder.bzl", line 424, column 50, in _create_whl_repos
		requirements_by_platform = parse_requirements(
	File "/media/jefferson/11c42dee-73a3-4c2b-ab42-a0440011d9e0/.s-core-build/runs/score-rust-issue-queue-ycbvxir7/bazel-output/a5a2bd43520d075b94c02d8d430832ec/external/rules_python+/python/private/pypi/parse_requirements.bzl", line 173, column 36, in parse_requirements
		index_urls = get_index_urls(
	File "/media/jefferson/11c42dee-73a3-4c2b-ab42-a0440011d9e0/.s-core-build/runs/score-rust-issue-queue-ycbvxir7/bazel-output/a5a2bd43520d075b94c02d8d430832ec/external/rules_python+/python/private/pypi/hub_builder.bzl", line 266, column 98, in lambda
		self._get_index_urls[python_version] = lambda ctx, distributions: self._simpleapi_download_fn(
	File "/media/jefferson/11c42dee-73a3-4c2b-ab42-a0440011d9e0/.s-core-build/runs/score-rust-issue-queue-ycbvxir7/bazel-output/a5a2bd43520d075b94c02d8d430832ec/external/rules_python+/python/private/pypi/simpleapi_download.bzl", line 139, column 14, in simpleapi_download
		_fail(
Error in fail: 
Failed to download metadata of the following packages from urls:
{
    "h11": ["${PIP_INDEX_URL:-https://pypi.org/simple}"],
    "cvc5": ["${PIP_INDEX_URL:-https://pypi.org/simple}"],
    "dill": ["${PIP_INDEX_URL:-https://pypi.org/simple}"],
    "idna": ["${PIP_INDEX_URL:-https://pypi.org/simple}"],
    "trio": ["${PIP_INDEX_URL:-https://pypi.org/simple}"],
    "trlc": ["${PIP_INDEX_URL:-https://pypi.org/simple}"],
    "zipp": ["${PIP_INDEX_URL:-https://pypi.org/simple}"],
    "attrs": ["${PIP_INDEX_URL:-https://pypi.org/simple}"],
    "babel": ["${PIP_INDEX_URL:-https://pypi.org/simple}"],
    "build": ["${PIP_INDEX_URL:-https://pypi.org/simple}"],
    "click": ["${PIP_INDEX_URL:-https://pypi.org/simple}"],
    "flask": ["${PIP_INDEX_URL:-https://pypi.org/simple}"],
    "gitdb": ["${PIP_INDEX_URL:-https://pypi.org/simple}"],
    "isort": ["${PIP_INDEX_URL:-https://pypi.org/simple}"],
    "smmap": ["${PIP_INDEX_URL:-https://pypi.org/simple}"],
    "tomli": ["${PIP_INDEX_URL:-https://pypi.org/simple}"],
    "jinja2": ["${PIP_INDEX_URL:-https://pypi.org/simple}"],
    "libcst": ["${PIP_INDEX_URL:-https://pypi.org/simple}"],
    "mccabe": ["${PIP_INDEX_URL:-https://pypi.org/simple}"],
    "pylint": ["${PIP_INDEX_URL:-https://pypi.org/simple}"],
    "pyyaml": ["${PIP_INDEX_URL:-https://pypi.org/simple}"],
    "sphinx": ["${PIP_INDEX_URL:-https://pypi.org/simple}"],
    "yamale": ["${PIP_INDEX_URL:-https://pypi.org/simple}"],
    "astroid": ["${PIP_INDEX_URL:-https://pypi.org/simple}"],
    "blinker": ["${PIP_INDEX_URL:-https://pypi.org/simple}"],
    "certifi": ["${PIP_INDEX_URL:-https://pypi.org/simple}"],
    "outcome": ["${PIP_INDEX_URL:-https://pypi.org/simple}"],
    "pysocks": ["${PIP_INDEX_URL:-https://pypi.org/simple}"],
    "sniffio": ["${PIP_INDEX_URL:-https://pypi.org/simple}"],
    "tomlkit": ["${PIP_INDEX_URL:-https://pypi.org/simple}"],
    "wsproto": ["${PIP_INDEX_URL:-https://pypi.org/simple}"],
    "coverage": ["${PIP_INDEX_URL:-https://pypi.org/simple}"],
    "docutils": ["${PIP_INDEX_URL:-https://pypi.org/simple}"],
    "graphviz": ["${PIP_INDEX_URL:-https://pypi.org/simple}"],
    "markdown": ["${PIP_INDEX_URL:-https://pypi.org/simple}"],
    "pygments": ["${PIP_INDEX_URL:-https://pypi.org/simple}"],
    "requests": ["${PIP_INDEX_URL:-https://pypi.org/simple}"],
    "selenium": ["${PIP_INDEX_URL:-https://pypi.org/simple}"],
    "werkzeug": ["${PIP_INDEX_URL:-https://pypi.org/simple}"],
    "alabaster": ["${PIP_INDEX_URL:-https://pypi.org/simple}"],
    "gitpython": ["${PIP_INDEX_URL:-https://pypi.org/simple}"],
    "imagesize": ["${PIP_INDEX_URL:-https://pypi.org/simple}"],
    "packaging": ["${PIP_INDEX_URL:-https://pypi.org/simple}"],
    "markupsafe": ["${PIP_INDEX_URL:-https://pypi.org/simple}"],
    "pyvcg": ["${PIP_INDEX_URL:-https://pypi.org/simple}"],
    "pycodestyle": ["${PIP_INDEX_URL:-https://pypi.org/simple}"],
    "itsdangerous": ["${PIP_INDEX_URL:-https://pypi.org/simple}"],
    "platformdirs": ["${PIP_INDEX_URL:-https://pypi.org/simple}"],
    "python-dotenv": ["${PIP_INDEX_URL:-https://pypi.org/simple}"],
    "sphinx-design": ["${PIP_INDEX_URL:-https://pypi.org/simple}"],
    "exceptiongroup": ["${PIP_INDEX_URL:-https://pypi.org/simple}"],
    "trio-websocket": ["${PIP_INDEX_URL:-https://pypi.org/simple}"],
    "urllib3": ["${PIP_INDEX_URL:-https://pypi.org/simple}"],
    "pyproject-hooks": ["${PIP_INDEX_URL:-https://pypi.org/simple}"],
    "snowballstemmer": ["${PIP_INDEX_URL:-https://pypi.org/simple}"],
    "sortedcontainers": ["${PIP_INDEX_URL:-https://pypi.org/simple}"],
    "websocket-client": ["${PIP_INDEX_URL:-https://pypi.org/simple}"],
    "typing-extensions": ["${PIP_INDEX_URL:-https://pypi.org/simple}"],
    "webdriver-manager": ["${PIP_INDEX_URL:-https://pypi.org/simple}"],
    "charset-normalizer": ["${PIP_INDEX_URL:-https://pypi.org/simple}"],
    "importlib-metadata": ["${PIP_INDEX_URL:-https://pypi.org/simple}"],
    "sphinxcontrib-jsmath": ["${PIP_INDEX_URL:-https://pypi.org/simple}"],
    "sphinxcontrib-qthelp": ["${PIP_INDEX_URL:-https://pypi.org/simple}"],
    "sphinxcontrib-devhelp": ["${PIP_INDEX_URL:-https://pypi.org/simple}"],
    "sphinxcontrib-htmlhelp": ["${PIP_INDEX_URL:-https://pypi.org/simple}"],
    "sphinxcontrib-applehelp": ["${PIP_INDEX_URL:-https://pypi.org/simple}"],
    "sphinxcontrib-serializinghtml": ["${PIP_INDEX_URL:-https://pypi.org/simple}"],
}

If you would like to skip downloading metadata for these packages please add 'simpleapi_skip=[
    "h11",
    "cvc5",
    "dill",
    "idna",
    "trio",
    "trlc",
    "zipp",
    "attrs",
    "babel",
    "build",
    "click",
    "flask",
    "gitdb",
    "isort",
    "smmap",
    "tomli",
    "jinja2",
    "libcst",
    "mccabe",
    "pylint",
    "pyyaml",
    "sphinx",
    "yamale",
    "astroid",
    "blinker",
    "certifi",
    "outcome",
    "pysocks",
    "sniffio",
    "tomlkit",
    "wsproto",
    "coverage",
    "docutils",
    "graphviz",
    "markdown",
    "pygments",
    "requests",
    "selenium",
    "werkzeug",
    "alabaster",
    "gitpython",
    "imagesize",
    "packaging",
    "markupsafe",
    "pyvcg",
    "pycodestyle",
    "itsdangerous",
    "platformdirs",
    "python-dotenv",
    "sphinx-design",
    "exceptiongroup",
    "trio-websocket",
    "urllib3",
    "pyproject-hooks",
    "snowballstemmer",
    "sortedcontainers",
    "websocket-client",
    "typing-extensions",
    "webdriver-manager",
    "charset-normalizer",
    "importlib-metadata",
    "sphinxcontrib-jsmath",
    "sphinxcontrib-qthelp",
    "sphinxcontrib-devhelp",
    "sphinxcontrib-htmlhelp",
    "sphinxcontrib-applehelp",
    "sphinxcontrib-serializinghtml",
]' to your 'pip.parse' call.
ERROR: @score_baselibs//score/json:base_library :: Error loading option @score_baselibs//score/json:base_library: error evaluating module extension @@rules_python+//python/extensions:pip.bzl%pip
INFO: Build Event Protocol files produced successfully.
