$TEST_TMPDIR defined, some defaults will be overridden
OpenJDK 64-Bit Server VM warning: Options -Xverify:none and -noverify were deprecated in JDK 13 and will likely be removed in a future release.
INFO: Invocation ID: 8856234c-cca9-41fa-9a3f-657451d5a4b2
Computing main repo mapping: 
Loading: 
Loading: 0 packages loaded
Loading: 1 packages loaded
    currently loading: tools/format
Analyzing: 3 targets (2 packages loaded, 0 targets configured)
Analyzing: 3 targets (2 packages loaded, 0 targets configured)

Analyzing: 3 targets (137 packages loaded, 1945 targets configured)
[1 / 1] no actions running
INFO: Analyzed 3 targets (137 packages loaded, 1945 targets configured).
INFO: Found 3 test targets...
INFO: Elapsed time: 3.739s, Critical Path: 0.22s
INFO: 7 processes: 15 action cache hit, 1 internal, 6 local.
INFO: Build completed successfully, 7 total actions
//tools/format:format.check_Python_with_ruff                             PASSED in 0.1s
//tools/format:format.check_Starlark_with_buildifier                     PASSED in 0.1s
//tools/format:format.check_YAML_with_yamlfmt                            PASSED in 0.1s

Executed 3 out of 3 tests: 3 tests pass.
There were tests whose specified size is too big. Use the --test_verbose_timeout_warnings command line option to see which ones these are.
