$TEST_TMPDIR defined, some defaults will be overridden
OpenJDK 64-Bit Server VM warning: Options -Xverify:none and -noverify were deprecated in JDK 13 and will likely be removed in a future release.
Computing main repo mapping: 
Computing main repo mapping: 
Computing main repo mapping: 
Computing main repo mapping: 
Loading: 
Loading: 6 packages loaded
Analyzing: target //score/mw/com/impl/plumbing/rust:method_in_arg_ptr_rs (7 packages loaded, 0 targets configured)
Analyzing: target //score/mw/com/impl/plumbing/rust:method_in_arg_ptr_rs (7 packages loaded, 0 targets configured)

Analyzing: target //score/mw/com/impl/plumbing/rust:method_in_arg_ptr_rs (175 packages loaded, 9512 targets configured)

Analyzing: target //score/mw/com/impl/plumbing/rust:method_in_arg_ptr_rs (182 packages loaded, 9542 targets configured)
[105 / 105] no actions running
Analyzing: target //score/mw/com/impl/plumbing/rust:method_in_arg_ptr_rs (183 packages loaded, 9548 targets configured)
[105 / 105] no actions running
Analyzing: target //score/mw/com/impl/plumbing/rust:method_in_arg_ptr_rs (184 packages loaded, 9551 targets configured)
[105 / 105] no actions running
Analyzing: target //score/mw/com/impl/plumbing/rust:method_in_arg_ptr_rs (184 packages loaded, 9551 targets configured)
[105 / 105] no actions running
Analyzing: target //score/mw/com/impl/plumbing/rust:method_in_arg_ptr_rs (184 packages loaded, 9551 targets configured)
[105 / 105] no actions running
Analyzing: target //score/mw/com/impl/plumbing/rust:method_in_arg_ptr_rs (184 packages loaded, 9551 targets configured)
[105 / 105] no actions running
Analyzing: target //score/mw/com/impl/plumbing/rust:method_in_arg_ptr_rs (184 packages loaded, 9551 targets configured)
[105 / 105] no actions running
Analyzing: target //score/mw/com/impl/plumbing/rust:method_in_arg_ptr_rs (184 packages loaded, 9551 targets configured)
[105 / 105] no actions running
Analyzing: target //score/mw/com/impl/plumbing/rust:method_in_arg_ptr_rs (184 packages loaded, 9551 targets configured)
[105 / 105] no actions running
INFO: Analyzed target //score/mw/com/impl/plumbing/rust:method_in_arg_ptr_rs (185 packages loaded, 14595 targets configured).
[105 / 105] no actions running
INFO: From Action score/mw/com/impl/plumbing/rust/method_in_arg_ptr_rs.AspectRulesLintClippy.out:

INFO: From Action score/mw/com/impl/plumbing/rust/method_in_arg_ptr_rs.AspectRulesLintClippy.report:
Successfully wrote output to bazel-out/k8-fastbuild/bin/score/mw/com/impl/plumbing/rust/method_in_arg_ptr_rs.AspectRulesLintClippy.report
INFO: Found 1 target...
INFO: Elapsed time: 16.638s, Critical Path: 0.18s
INFO: 15 processes: 106 action cache hit, 10 internal, 3 linux-sandbox, 2 local.
INFO: Build completed successfully, 15 total actions
