$TEST_TMPDIR defined, some defaults will be overridden
OpenJDK 64-Bit Server VM warning: Options -Xverify:none and -noverify were deprecated in JDK 13 and will likely be removed in a future release.
WARNING: The following configs were expanded more than once: [linux_x64_gcc_15]. For repeatable flags, repeats are counted twice and may lead to unexpected behavior.
Computing main repo mapping: 
Computing main repo mapping: 
WARNING: The following configs were expanded more than once: [linux_x64_gcc_15]. For repeatable flags, repeats are counted twice and may lead to unexpected behavior.
Computing main repo mapping: 
Computing main repo mapping: 
Computing main repo mapping: 
Computing main repo mapping: 
Computing main repo mapping: 
Computing main repo mapping: 
Loading: 
Loading: 5 packages loaded
Analyzing: target //:format (6 packages loaded, 0 targets configured)
Analyzing: target //:format (6 packages loaded, 0 targets configured)

Analyzing: target //:format (101 packages loaded, 12 targets configured)

Analyzing: target //:format (151 packages loaded, 691 targets configured)

Analyzing: target //:format (182 packages loaded, 4333 targets configured)

Analyzing: target //:format (185 packages loaded, 12560 targets configured)

INFO: Analyzed target //:format (198 packages loaded, 14633 targets configured).
[22 / 32] checking cached actions
INFO: Found 1 target...
Target //:format up-to-date:
  bazel-bin/format.bash
INFO: Elapsed time: 24.716s, Critical Path: 0.10s
INFO: 1 process: 128 action cache hit, 1 internal.
INFO: Build completed successfully, 1 total action
INFO: Running command line: bazel-bin/format.bash <args omitted>
3 files left unchanged
Formatted Python in 0m0.024s
Formatted Starlark in 0m0.023s
Formatted C++ in 0m0.495s
Formatted Rust in 0m0.372s
