$TEST_TMPDIR defined, some defaults will be overridden
OpenJDK 64-Bit Server VM warning: Options -Xverify:none and -noverify were deprecated in JDK 13 and will likely be removed in a future release.
WARNING: The following configs were expanded more than once: [linux_x64_gcc_15]. For repeatable flags, repeats are counted twice and may lead to unexpected behavior.
Computing main repo mapping: 
Computing main repo mapping: 
WARNING: The following configs were expanded more than once: [linux_x64_gcc_15]. For repeatable flags, repeats are counted twice and may lead to unexpected behavior.
Computing main repo mapping: 
Computing main repo mapping: 
Computing main repo mapping: 
Computing main repo mapping: 
Computing main repo mapping: 
Computing main repo mapping: 
Computing main repo mapping: 
Computing main repo mapping: 
Computing main repo mapping: 
Loading: 
Loading: 5 packages loaded
Analyzing: target //score/mw/com/test/basic_rust_api/subscription_state_apis:subscription-state-apis-tests (6 packages loaded, 0 targets configured)
Analyzing: target //score/mw/com/test/basic_rust_api/subscription_state_apis:subscription-state-apis-tests (6 packages loaded, 0 targets configured)

Analyzing: target //score/mw/com/test/basic_rust_api/subscription_state_apis:subscription-state-apis-tests (98 packages loaded, 9 targets configured)

Analyzing: target //score/mw/com/test/basic_rust_api/subscription_state_apis:subscription-state-apis-tests (267 packages loaded, 10759 targets configured)

Analyzing: target //score/mw/com/test/basic_rust_api/subscription_state_apis:subscription-state-apis-tests (365 packages loaded, 14937 targets configured)

INFO: Analyzed target //score/mw/com/test/basic_rust_api/subscription_state_apis:subscription-state-apis-tests (368 packages loaded, 14959 targets configured).
[7 / 461] checking cached actions
[65 / 1,279] checking cached actions
[99 / 1,279] checking cached actions
[157 / 1,279] [Prepa] Creating symlink to ambiguous lib: bazel-out/k8-fastbuild/bin/external/score_baselibs+/score/language/safecpp/safe_atomics/liberror.a
[541 / 1,279] [Prepa] Creating symlink to ambiguous lib: bazel-out/k8-fastbuild/bin/score/mw/com/impl/plumbing/libsample_allocatee_ptr.a
[926 / 1,279] checking cached actions
[967 / 1,279] [Prepa] Creating symlink to ambiguous lib: bazel-out/k8-fastbuild/bin/external/score_baselibs+/score/language/safecpp/safe_math/liberror.a
[1,156 / 1,279] checking cached actions
[1,277 / 1,279] [Prepa] Compiling Rust bin subscription-state-apis-tests (1 file)
[1,278 / 1,279] Compiling Rust bin subscription-state-apis-tests (1 file); 1s linux-sandbox
[1,279 / 1,280] [Prepa] Testing //score/mw/com/test/basic_rust_api/subscription_state_apis:subscription-state-apis-tests
INFO: Found 1 test target...
Target //score/mw/com/test/basic_rust_api/subscription_state_apis:subscription-state-apis-tests up-to-date:
  bazel-bin/score/mw/com/test/basic_rust_api/subscription_state_apis/test-1786940837/subscription-state-apis-tests
INFO: Elapsed time: 44.272s, Critical Path: 6.20s
INFO: 36 processes: 1258 action cache hit, 33 internal, 3 linux-sandbox.
INFO: Build completed successfully, 36 total actions
INFO: 
//score/mw/com/test/basic_rust_api/subscription_state_apis:subscription-state-apis-tests PASSED in 0.1s

Executed 1 out of 1 test: 1 test passes.
There were tests whose specified size is too big. Use the --test_verbose_timeout_warnings command line option to see which ones these are.
INFO: Build Event Protocol files produced successfully.
