$TEST_TMPDIR defined, some defaults will be overridden
OpenJDK 64-Bit Server VM warning: Options -Xverify:none and -noverify were deprecated in JDK 13 and will likely be removed in a future release.
WARNING: The following configs were expanded more than once: [linux_x64_gcc_15]. For repeatable flags, repeats are counted twice and may lead to unexpected behavior.
Computing main repo mapping: 
Computing main repo mapping: 
WARNING: The following configs were expanded more than once: [linux_x64_gcc_15]. For repeatable flags, repeats are counted twice and may lead to unexpected behavior.
Computing main repo mapping: 
Computing main repo mapping: 
Computing main repo mapping: 
Computing main repo mapping: 
Computing main repo mapping: 
Computing main repo mapping: 
Computing main repo mapping: 
Computing main repo mapping: 
Computing main repo mapping: 
Computing main repo mapping: 
Loading: 
Loading: 5 packages loaded
Analyzing: 3 targets (8 packages loaded)
Analyzing: 3 targets (8 packages loaded, 0 targets configured)
Analyzing: 3 targets (8 packages loaded, 0 targets configured)

Analyzing: 3 targets (12 packages loaded, 7 targets configured)

Analyzing: 3 targets (30 packages loaded, 39 targets configured)

Analyzing: 3 targets (112 packages loaded, 45 targets configured)

Analyzing: 3 targets (132 packages loaded, 1145 targets configured)

Analyzing: 3 targets (172 packages loaded, 9363 targets configured)

Analyzing: 3 targets (185 packages loaded, 9400 targets configured)

WARNING: /media/jefferson/11c42dee-73a3-4c2b-ab42-a0440011d9e0/.s-core-build/runs/communication-review-pb5v82w4/workspaces/560/MODULE.bazel:196:20: The module extension apt defined in @rules_distroless//apt:extensions.bzl reported incorrect imports of repositories via use_repo():

Imported, but reported as indirect dependencies by the extension:
    ubuntu24_04_sysroot_resolve

Fix the use_repo calls by running 'bazel mod tidy'.
Analyzing: 3 targets (225 packages loaded, 9658 targets configured)

Analyzing: 3 targets (474 packages loaded, 13142 targets configured)

Analyzing: 3 targets (523 packages loaded, 15437 targets configured)

Analyzing: 3 targets (523 packages loaded, 15655 targets configured)

Analyzing: 3 targets (525 packages loaded, 15885 targets configured)

Analyzing: 3 targets (525 packages loaded, 15885 targets configured)

Analyzing: 3 targets (528 packages loaded, 17788 targets configured)

Analyzing: 3 targets (528 packages loaded, 17788 targets configured)

Analyzing: 3 targets (528 packages loaded, 17788 targets configured)

Analyzing: 3 targets (528 packages loaded, 17788 targets configured)

Analyzing: 3 targets (542 packages loaded, 18000 targets configured)

Analyzing: 3 targets (543 packages loaded, 18000 targets configured)

Analyzing: 3 targets (555 packages loaded, 18599 targets configured)

Analyzing: 3 targets (556 packages loaded, 18710 targets configured)

Analyzing: 3 targets (556 packages loaded, 18710 targets configured)

Analyzing: 3 targets (561 packages loaded, 18798 targets configured)

Analyzing: 3 targets (561 packages loaded, 18798 targets configured)

Analyzing: 3 targets (562 packages loaded, 18830 targets configured)
[1 / 1] no actions running
INFO: Analyzed 3 targets (562 packages loaded, 18830 targets configured).
[3 / 48] [Prepa] Writing repo mapping manifest for @@gawk+//:gawk [for tool]
[11 / 60] Creating runfiles tree bazel-out/k8-opt-exec-ST-d57f47055a04/bin/external/rules_pkg+/pkg/private/tar/build_tar.runfiles [for tool]; 0s local
[19 / 75] checking cached actions
[23 / 606] [Prepa] Writing file score/mw/com/test/basic_rust_api/consumer_sync_apis/integration_test/_oci_filesystem_test_com_api_sync.manifest
[70 / 978] Creating runfiles tree bazel-out/k8-fastbuild/bin/score/mw/com/test/basic_rust_api/consumer_sync_apis/integration_test/test_com_api_sync.runfiles; 0s local
[85 / 1,621] Creating runfiles tree bazel-out/k8-fastbuild/bin/score/mw/com/test/basic_rust_api/subscription_state_apis/integration_test/test_subscription_state_apis.runfiles; 0s local ... (2 actions running)
[86 / 1,621] Creating runfiles tree bazel-out/k8-fastbuild/bin/score/mw/com/test/basic_rust_api/consumer_async_apis/integration_test/test_com_api_async.runfiles; 3s local
[87 / 1,621] checking cached actions
[93 / 1,621] [Prepa] Expanding template score/mw/com/test/basic_rust_api/consumer_async_apis/integration_test/_image_test_com_api_async_loader/load.sh
[97 / 1,621] checking cached actions
[97 / 1,621] [Prepa] Expanding template score/mw/com/test/basic_rust_api/consumer_async_apis/integration_test/test_com_api_async.test_binary [for tool]
[112 / 1,621] checking cached actions
[135 / 1,621] [Prepa] Creating symlink external/gawk+/config/config.h [for tool]
[136 / 1,621] checking cached actions
[136 / 1,621] [Prepa] Expanding template score/mw/com/test/basic_rust_api/consumer_async_apis/integration_test/_image_test_com_api_async_loader.sh
[139 / 1,621] checking cached actions
[171 / 1,621] [Prepa] Expanding template score/mw/com/test/basic_rust_api/consumer_async_apis/integration_test/image__image_test_com_api_async.sh
[174 / 1,621] checking cached actions
[200 / 1,621] [Scann] Compiling main.c [for tool]
[219 / 1,621] Compiling main.c [for tool]; 1s linux-sandbox ... (2 actions, 1 running)
[281 / 1,621] Compiling main.c [for tool]; 2s linux-sandbox
[322 / 1,621] Compiling array.c [for tool]; 1s linux-sandbox
[371 / 1,621] Compiling awkgram.c [for tool]; 0s linux-sandbox
[414 / 1,621] Compiling awkgram.c [for tool]; 1s linux-sandbox
[496 / 1,621] Compiling awkgram.c [for tool]; 2s linux-sandbox
[647 / 1,621] Compiling awkgram.c [for tool]; 4s linux-sandbox
[715 / 1,621] Compiling awkgram.c [for tool]; 5s linux-sandbox
[813 / 1,621] Compiling builtin.c [for tool]; 0s linux-sandbox
[863 / 1,621] Compiling builtin.c [for tool]; 1s linux-sandbox
[891 / 1,621] [Scann] Compiling cint_array.c [for tool]
[956 / 1,621] Compiling cint_array.c [for tool]; 1s linux-sandbox ... (2 actions, 1 running)
[1,023 / 1,621] Compiling command.c [for tool]; 0s linux-sandbox
[1,062 / 1,621] Compiling debug.c [for tool]; 1s linux-sandbox ... (2 actions, 1 running)
[1,131 / 1,621] Compiling debug.c [for tool]; 2s linux-sandbox ... (2 actions, 1 running)
[1,142 / 1,621] [Scann] Compiling eval.c [for tool]
[1,190 / 1,621] Compiling eval.c [for tool]; 1s linux-sandbox
[1,287 / 1,621] Compiling eval.c [for tool]; 2s linux-sandbox
[1,373 / 1,621] Compiling eval.c [for tool]; 3s linux-sandbox ... (2 actions, 1 running)
[1,381 / 1,621] Compiling eval.c [for tool]; 4s linux-sandbox ... (2 actions, 1 running)
[1,385 / 1,621] Compiling Rust rlib anstream v1.0.0 (13 files); 1s linux-sandbox ... (2 actions running)
[1,390 / 1,621] Compiling field.c [for tool]; 0s linux-sandbox ... (2 actions running)
[1,394 / 1,621] Compiling Rust rlib clap_builder v4.6.7 (57 files); 0s linux-sandbox ... (2 actions, 1 running)
[1,395 / 1,621] Compiling Rust rlib clap_builder v4.6.7 (57 files); 2s linux-sandbox ... (2 actions, 1 running)
[1,397 / 1,621] Compiling Rust rlib clap_builder v4.6.7 (57 files); 3s linux-sandbox ... (2 actions, 1 running)
[1,397 / 1,621] Compiling Rust rlib clap_builder v4.6.7 (57 files); 4s linux-sandbox ... (2 actions running)
[1,398 / 1,621] Compiling Rust rlib clap_builder v4.6.7 (57 files); 7s linux-sandbox ... (2 actions, 1 running)
[1,403 / 1,621] Compiling node.c [for tool]; 0s linux-sandbox ... (2 actions, 1 running)
[1,405 / 1,621] Compiling Rust rlib heck v0.5.0 (9 files) [for tool]; 1s linux-sandbox ... (2 actions running)
[1,420 / 1,621] Compiling profile.c [for tool]; 1s linux-sandbox
[1,437 / 1,621] [Scann] Compiling replace.c [for tool]
[1,442 / 1,621] [Scann] Compiling symbol.c [for tool]
[1,445 / 1,621] Writing: bazel-out/k8-fastbuild/bin/score/mw/com/test/basic_rust_api/subscription_state_apis/integration_test/_oci_filesystem_test_subscription_state_apis.tar; 0s linux-sandbox ... (2 actions, 1 running)
[1,447 / 1,621] Compiling support/dfa.c [for tool]; 1s linux-sandbox ... (2 actions running)
[1,448 / 1,621] Compiling support/dfa.c [for tool]; 2s linux-sandbox ... (2 actions running)
[1,450 / 1,621] Compiling Rust proc-macro clap_derive v4.6.7 (16 files) [for tool]; 1s linux-sandbox ... (2 actions, 1 running)
[1,457 / 1,621] Compiling Rust proc-macro clap_derive v4.6.7 (16 files) [for tool]; 2s linux-sandbox ... (2 actions, 1 running)
[1,458 / 1,621] Compiling Rust proc-macro clap_derive v4.6.7 (16 files) [for tool]; 4s linux-sandbox ... (2 actions running)
[1,459 / 1,621] Compiling Rust proc-macro clap_derive v4.6.7 (16 files) [for tool]; 11s linux-sandbox ... (2 actions, 1 running)
[1,459 / 1,621] Compiling Rust proc-macro clap_derive v4.6.7 (16 files) [for tool]; 12s linux-sandbox ... (2 actions running)
[1,461 / 1,621] Compiling Rust proc-macro clap_derive v4.6.7 (16 files) [for tool]; 13s linux-sandbox ... (2 actions running)
[1,462 / 1,621] Compiling Rust proc-macro clap_derive v4.6.7 (16 files) [for tool]; 14s linux-sandbox ... (2 actions, 1 running)
[1,462 / 1,621] Compiling Rust proc-macro clap_derive v4.6.7 (16 files) [for tool]; 16s linux-sandbox ... (2 actions running)
[1,463 / 1,621] Compiling Rust proc-macro clap_derive v4.6.7 (16 files) [for tool]; 18s linux-sandbox ... (2 actions, 1 running)
[1,472 / 1,621] Compiling Rust bin bigdata-consumer-async (1 file); 0s linux-sandbox ... (2 actions running)
[1,475 / 1,621] Compiling Rust bin bigdata-consumer-async (1 file); 1s linux-sandbox ... (2 actions, 1 running)
[1,484 / 1,621] Compiling Rust bin bigdata-consumer-async (1 file); 2s linux-sandbox ... (2 actions, 1 running)
[1,494 / 1,621] Compiling Rust bin bigdata-consumer-async (1 file); 3s linux-sandbox ... (2 actions, 1 running)
[1,502 / 1,621] Compiling Rust bin bigdata-consumer (1 file); 0s linux-sandbox ... (2 actions, 1 running)
[1,506 / 1,621] Compiling Rust bin bigdata-consumer (1 file); 1s linux-sandbox ... (2 actions, 1 running)
[1,511 / 1,621] Compiling Rust bin bigdata-consumer (1 file); 2s linux-sandbox ... (2 actions, 1 running)
[1,521 / 1,621] Compiling Rust bin bigdata-consumer (1 file); 3s linux-sandbox ... (2 actions, 1 running)
[1,530 / 1,621] Compiling Rust bin bigdata-consumer (1 file); 4s linux-sandbox ... (2 actions, 1 running)
[1,533 / 1,621] Compiling Rust bin bigdata-consumer (1 file); 5s linux-sandbox ... (2 actions, 1 running)
[1,537 / 1,621] Compiling Rust bin bigdata-consumer (1 file); 7s linux-sandbox ... (2 actions, 1 running)
[1,541 / 1,621] OCI Descriptor external/rules_distroless++apt+ubuntu24_04_integration_testing_binutils-common_2.42-4ubuntu2.10_amd64/layer.tar.gz; 0s linux-sandbox ... (2 actions running)
[1,549 / 1,621] Compiling Rust bin bigdata-producer (1 file); 1s linux-sandbox ... (2 actions, 1 running)
[1,555 / 1,621] Compiling Rust bin bigdata-producer (1 file); 2s linux-sandbox ... (2 actions, 1 running)
[1,562 / 1,621] Compiling Rust bin bigdata-producer (1 file); 3s linux-sandbox ... (2 actions, 1 running)
[1,570 / 1,621] OCI Descriptor external/rules_distroless++apt+ubuntu24_04_integration_testing_libgmp10_2-6.3.0-p-dfsg-2ubuntu6.1_amd64/layer.tar.gz; 0s linux-sandbox
[1,579 / 1,621] Writing: bazel-out/k8-fastbuild/bin/score/mw/com/test/basic_rust_api/consumer_async_apis/integration_test/_oci_filesystem_test_com_api_async.tar; 0s linux-sandbox ... (2 actions running)
[1,585 / 1,621] Executing genrule @@rules_distroless++apt+ubuntu24_04_integration_testing_dpkg_1.22.6ubuntu6.5_amd64//:data; 0s linux-sandbox ... (2 actions running)
[1,603 / 1,621] OCI Descriptor external/rules_distroless++apt+ubuntu24_04_integration_testing_libbz2-1.0_1.0.8-5.1build0.1_amd64/layer.tar.gz; 0s linux-sandbox ... (2 actions running)
[1,614 / 1,621] OCI Image //score/mw/com/test/basic_rust_api/consumer_async_apis/integration_test:_image_test_com_api_async; 1s linux-sandbox ... (2 actions running)
[1,615 / 1,621] OCI Image //score/mw/com/test/basic_rust_api/consumer_async_apis/integration_test:_image_test_com_api_async; 7s linux-sandbox ... (2 actions, 1 running)
[1,619 / 1,623] OCI Image //score/mw/com/test/basic_rust_api/subscription_state_apis/integration_test:_image_test_subscription_state_apis; 0s linux-sandbox ... (2 actions running)
[1,620 / 1,623] Testing //score/mw/com/test/basic_rust_api/consumer_async_apis/integration_test:test_com_api_async; 10s linux-sandbox ... (2 actions, 1 running)
[1,621 / 1,624] Testing //score/mw/com/test/basic_rust_api/consumer_async_apis/integration_test:test_com_api_async; 12s linux-sandbox ... (2 actions, 1 running)
[1,621 / 1,624] Testing //score/mw/com/test/basic_rust_api/consumer_async_apis/integration_test:test_com_api_async; 21s linux-sandbox ... (2 actions, 1 running)
[1,621 / 1,624] Testing //score/mw/com/test/basic_rust_api/consumer_async_apis/integration_test:test_com_api_async; 51s linux-sandbox ... (2 actions, 1 running)
[1,621 / 1,624] Testing //score/mw/com/test/basic_rust_api/consumer_async_apis/integration_test:test_com_api_async; 111s linux-sandbox ... (2 actions, 1 running)
[1,621 / 1,624] Testing //score/mw/com/test/basic_rust_api/consumer_async_apis/integration_test:test_com_api_async; 151s linux-sandbox ... (2 actions running)
[1,622 / 1,624] 1 / 3 tests; Testing //score/mw/com/test/basic_rust_api/consumer_sync_apis/integration_test:test_com_api_sync; 1s linux-sandbox ... (2 actions, 1 running)
[1,622 / 1,624] 1 / 3 tests; Testing //score/mw/com/test/basic_rust_api/consumer_sync_apis/integration_test:test_com_api_sync; 11s linux-sandbox ... (2 actions, 1 running)
[1,622 / 1,624] 1 / 3 tests; Testing //score/mw/com/test/basic_rust_api/consumer_sync_apis/integration_test:test_com_api_sync; 41s linux-sandbox ... (2 actions, 1 running)
[1,622 / 1,624] 1 / 3 tests; Testing //score/mw/com/test/basic_rust_api/consumer_sync_apis/integration_test:test_com_api_sync; 98s linux-sandbox ... (2 actions running)
[1,623 / 1,624] 2 / 3 tests; Testing //score/mw/com/test/basic_rust_api/subscription_state_apis/integration_test:test_subscription_state_apis; 1s linux-sandbox
[1,623 / 1,624] 2 / 3 tests; Testing //score/mw/com/test/basic_rust_api/subscription_state_apis/integration_test:test_subscription_state_apis; 11s linux-sandbox
[1,623 / 1,624] 3 / 3 tests; Testing //score/mw/com/test/basic_rust_api/subscription_state_apis/integration_test:test_subscription_state_apis; 29s linux-sandbox
INFO: Found 3 test targets...
INFO: Elapsed time: 541.322s, Critical Path: 277.27s
INFO: 380 processes: 1258 action cache hit, 152 internal, 228 linux-sandbox.
INFO: Build completed successfully, 380 total actions
INFO: 
//score/mw/com/test/basic_rust_api/consumer_async_apis/integration_test:test_com_api_async PASSED in 151.4s
//score/mw/com/test/basic_rust_api/consumer_sync_apis/integration_test:test_com_api_sync PASSED in 96.2s
//score/mw/com/test/basic_rust_api/subscription_state_apis/integration_test:test_subscription_state_apis PASSED in 29.1s

Executed 3 out of 3 tests: 3 tests pass.
There were tests whose specified size is too big. Use the --test_verbose_timeout_warnings command line option to see which ones these are.
INFO: Build Event Protocol files produced successfully.
