$TEST_TMPDIR defined, some defaults will be overridden
OpenJDK 64-Bit Server VM warning: Options -Xverify:none and -noverify were deprecated in JDK 13 and will likely be removed in a future release.
Computing main repo mapping: 
Computing main repo mapping: 
Computing main repo mapping: 
Computing main repo mapping: 
Computing main repo mapping: 
Computing main repo mapping: 
Computing main repo mapping: 
Loading: 
Loading: 6 packages loaded
Analyzing: target //score/mw/com/test/basic_rust_api/subscription_state_apis:subscription-state-apis (7 packages loaded, 0 targets configured)
Analyzing: target //score/mw/com/test/basic_rust_api/subscription_state_apis:subscription-state-apis (7 packages loaded, 0 targets configured)

Analyzing: target //score/mw/com/test/basic_rust_api/subscription_state_apis:subscription-state-apis (99 packages loaded, 9 targets configured)

Analyzing: target //score/mw/com/test/basic_rust_api/subscription_state_apis:subscription-state-apis (296 packages loaded, 11726 targets configured)

Analyzing: target //score/mw/com/test/basic_rust_api/subscription_state_apis:subscription-state-apis (375 packages loaded, 14973 targets configured)
[1 / 1] no actions running
Analyzing: target //score/mw/com/test/basic_rust_api/subscription_state_apis:subscription-state-apis (375 packages loaded, 14973 targets configured)
[10 / 479] checking cached actions
Analyzing: target //score/mw/com/test/basic_rust_api/subscription_state_apis:subscription-state-apis (375 packages loaded, 14973 targets configured)
[74 / 1,248] checking cached actions
INFO: Analyzed target //score/mw/com/test/basic_rust_api/subscription_state_apis:subscription-state-apis (376 packages loaded, 20017 targets configured).
[89 / 1,292] [Prepa] Expanding template external/aspect_rules_lint+/lint/rust/cli_/cli [for tool]
[91 / 1,292] checking cached actions
[179 / 1,292] [Prepa] Expanding template external/aspect_rules_lint+/lint/rust/cli_node_bin/node [for tool]
[496 / 1,292] checking cached actions
[1,288 / 1,292] [Prepa] Clippy //score/mw/com/test/basic_rust_api/subscription_state_apis:subscription-state-apis
INFO: From Action score/mw/com/test/basic_rust_api/subscription_state_apis/subscription-state-apis.AspectRulesLintClippy.out:

INFO: From Action score/mw/com/test/basic_rust_api/subscription_state_apis/subscription-state-apis.AspectRulesLintClippy.report:
Successfully wrote output to bazel-out/k8-fastbuild/bin/score/mw/com/test/basic_rust_api/subscription_state_apis/subscription-state-apis.AspectRulesLintClippy.report
INFO: Found 1 target...
INFO: Elapsed time: 29.944s, Critical Path: 1.13s
INFO: 15 processes: 1292 action cache hit, 10 internal, 3 linux-sandbox, 2 local.
INFO: Build completed successfully, 15 total actions
