$TEST_TMPDIR defined, some defaults will be overridden
WARNING: Duplicate rc file: /media/jefferson/11c42dee-73a3-4c2b-ab42-a0440011d9e0/.s-core-build/runs/score-rust-issue-queue-ycbvxir7/workspaces/1263/quality/static_analysis/static_analysis.bazelrc is read multiple times, it is a standard rc file location but must have been unnecessarily imported earlier.
OpenJDK 64-Bit Server VM warning: Options -Xverify:none and -noverify were deprecated in JDK 13 and will likely be removed in a future release.
WARNING: The following configs were expanded more than once: [linux_x64_gcc_15]. For repeatable flags, repeats are counted twice and may lead to unexpected behavior.
Computing main repo mapping: 
Computing main repo mapping: 
WARNING: The following configs were expanded more than once: [linux_x64_gcc_15]. For repeatable flags, repeats are counted twice and may lead to unexpected behavior.
Computing main repo mapping: 
Computing main repo mapping: 
Computing main repo mapping: 
Computing main repo mapping: 
Loading: 
Loading: 5 packages loaded
Analyzing: target //score/mw/com/example/com-api-example:com-api-example-tokio-integration-test (6 packages loaded, 0 targets configured)
Analyzing: target //score/mw/com/example/com-api-example:com-api-example-tokio-integration-test (6 packages loaded, 0 targets configured)

Analyzing: target //score/mw/com/example/com-api-example:com-api-example-tokio-integration-test (11 packages loaded, 17 targets configured)

Analyzing: target //score/mw/com/example/com-api-example:com-api-example-tokio-integration-test (99 packages loaded, 20 targets configured)

Analyzing: target //score/mw/com/example/com-api-example:com-api-example-tokio-integration-test (160 packages loaded, 3171 targets configured)

Analyzing: target //score/mw/com/example/com-api-example:com-api-example-tokio-integration-test (311 packages loaded, 12292 targets configured)

Analyzing: target //score/mw/com/example/com-api-example:com-api-example-tokio-integration-test (376 packages loaded, 15736 targets configured)

INFO: Analyzed target //score/mw/com/example/com-api-example:com-api-example-tokio-integration-test (376 packages loaded, 15736 targets configured).
[97 / 1,258] [Prepa] Creating symlink to ambiguous lib: external/score_baselibs++_repo_rules+acl-deb/usr/lib/x86_64-linux-gnu/libacl.a
[399 / 1,258] [Prepa] Creating symlink to ambiguous lib: bazel-out/k8-fastbuild/bin/external/score_baselibs+/score/os/utils/acl/libacl.a
[1,096 / 1,258] [Prepa] Creating symlink to ambiguous lib: bazel-out/k8-fastbuild/bin/score/mw/com/libruntime.a
[1,220 / 1,258] Compiling Rust proc-macro tokio_macros v2.7.2 (3 files) [for tool]; 0s linux-sandbox ... (2 actions, 1 running)
[1,222 / 1,258] Compiling Rust proc-macro tokio_macros v2.7.2 (3 files) [for tool]; 2s linux-sandbox ... (2 actions, 1 running)
[1,224 / 1,258] Compiling Rust proc-macro tokio_macros v2.7.2 (3 files) [for tool]; 3s linux-sandbox ... (2 actions, 1 running)
[1,254 / 1,258] Compiling Rust proc-macro tokio_macros v2.7.2 (3 files) [for tool]; 4s linux-sandbox
[1,256 / 1,258] Compiling Rust rlib tokio v1.53.2 (555 files); 0s linux-sandbox
[1,257 / 1,258] [Prepa] Compiling Rust bin com-api-example-tokio-integration-test (1 file)
[1,257 / 1,258] Compiling Rust bin com-api-example-tokio-integration-test (1 file); 1s linux-sandbox
[1,258 / 1,259] [Prepa] Testing //score/mw/com/example/com-api-example:com-api-example-tokio-integration-test
[1,258 / 1,259] Testing //score/mw/com/example/com-api-example:com-api-example-tokio-integration-test; 1s linux-sandbox
[1,258 / 1,259] Testing //score/mw/com/example/com-api-example:com-api-example-tokio-integration-test; 6s linux-sandbox
INFO: Found 1 test target...
Target //score/mw/com/example/com-api-example:com-api-example-tokio-integration-test up-to-date:
  bazel-bin/score/mw/com/example/com-api-example/test-1311856799/com-api-example-tokio-integration-test
INFO: Elapsed time: 38.849s, Critical Path: 20.76s
INFO: 52 processes: 1221 action cache hit, 33 internal, 19 linux-sandbox.
INFO: Build completed successfully, 52 total actions
INFO: 
//score/mw/com/example/com-api-example:com-api-example-tokio-integration-test PASSED in 6.1s

Executed 1 out of 1 test: 1 test passes.
There were tests whose specified size is too big. Use the --test_verbose_timeout_warnings command line option to see which ones these are.
INFO: Build Event Protocol files produced successfully.
