$TEST_TMPDIR defined, some defaults will be overridden
WARNING: Duplicate rc file: /media/jefferson/11c42dee-73a3-4c2b-ab42-a0440011d9e0/.s-core-build/runs/score-rust-issue-queue-ycbvxir7/workspaces/1263/quality/static_analysis/static_analysis.bazelrc is read multiple times, it is a standard rc file location but must have been unnecessarily imported earlier.
OpenJDK 64-Bit Server VM warning: Options -Xverify:none and -noverify were deprecated in JDK 13 and will likely be removed in a future release.
WARNING: The following configs were expanded more than once: [linux_x64_gcc_15]. For repeatable flags, repeats are counted twice and may lead to unexpected behavior.
Computing main repo mapping: 
Computing main repo mapping: 
WARNING: The following configs were expanded more than once: [linux_x64_gcc_15]. For repeatable flags, repeats are counted twice and may lead to unexpected behavior.
Computing main repo mapping: 
Computing main repo mapping: 
Computing main repo mapping: 
Computing main repo mapping: 
Loading: 
Loading: 5 packages loaded
Analyzing: target //score/mw/com/rust/score_com_concept:score_com_concept-test (6 packages loaded, 0 targets configured)
Analyzing: target //score/mw/com/rust/score_com_concept:score_com_concept-test (6 packages loaded, 0 targets configured)

Analyzing: target //score/mw/com/rust/score_com_concept:score_com_concept-test (98 packages loaded, 9 targets configured)

Analyzing: target //score/mw/com/rust/score_com_concept:score_com_concept-test (204 packages loaded, 7641 targets configured)

Analyzing: target //score/mw/com/rust/score_com_concept:score_com_concept-test (361 packages loaded, 14916 targets configured)

INFO: Analyzed target //score/mw/com/rust/score_com_concept:score_com_concept-test (364 packages loaded, 14938 targets configured).
[181 / 1,237] checking cached actions
[998 / 1,237] [Prepa] Creating symlink to ambiguous lib: bazel-out/k8-fastbuild/bin/score/mw/com/impl/bindings/lola/libsample_allocatee_ptr.a
[1,236 / 1,237] Compiling Rust bin score_com_concept-test (5 files); 1s linux-sandbox
INFO: Found 1 test target...
Target //score/mw/com/rust/score_com_concept:score_com_concept-test up-to-date:
  bazel-bin/score/mw/com/rust/score_com_concept/test-2032988166/score_com_concept-test
[1,238 / 1,238] 1 / 1 tests; no actions running
INFO: Elapsed time: 17.684s, Critical Path: 2.21s
INFO: 36 processes: 1216 action cache hit, 33 internal, 3 linux-sandbox.
INFO: Build completed successfully, 36 total actions
INFO: 
//score/mw/com/rust/score_com_concept:score_com_concept-test             PASSED in 0.0s

Executed 1 out of 1 test: 1 test passes.
There were tests whose specified size is too big. Use the --test_verbose_timeout_warnings command line option to see which ones these are.
INFO: Build Event Protocol files produced successfully.
