$TEST_TMPDIR defined, some defaults will be overridden
WARNING: Duplicate rc file: /media/jefferson/11c42dee-73a3-4c2b-ab42-a0440011d9e0/.s-core-build/runs/score-rust-issue-queue-ycbvxir7/workspaces/1263/quality/static_analysis/static_analysis.bazelrc is read multiple times, it is a standard rc file location but must have been unnecessarily imported earlier.
OpenJDK 64-Bit Server VM warning: Options -Xverify:none and -noverify were deprecated in JDK 13 and will likely be removed in a future release.
WARNING: The following configs were expanded more than once: [_lint]. For repeatable flags, repeats are counted twice and may lead to unexpected behavior.
Computing main repo mapping: 
Computing main repo mapping: 
WARNING: The following configs were expanded more than once: [_lint]. For repeatable flags, repeats are counted twice and may lead to unexpected behavior.
Computing main repo mapping: 
Computing main repo mapping: 
Computing main repo mapping: 
Computing main repo mapping: 
Computing main repo mapping: 
Computing main repo mapping: 
Computing main repo mapping: 
Loading: 
Loading: 6 packages loaded
Analyzing: 3 targets (9 packages loaded, 0 targets configured)
Analyzing: 3 targets (9 packages loaded, 0 targets configured)

ERROR: aspect @@score_rust_policies+//clippy:linters.bzl%clippy_strict added more than once
Analyzing: 3 targets (107 packages loaded, 33 targets configured)

Analyzing: 3 targets (276 packages loaded, 11382 targets configured)

Analyzing: 3 targets (362 packages loaded, 14910 targets configured)
[1 / 1] no actions running
INFO: Analyzed 3 targets (362 packages loaded, 14912 targets configured).
[98 / 290] checking cached actions
WARNING: errors encountered while analyzing target '//score/mw/com/impl/rust/com-api/com-api-runtime-lola:com-api-runtime-lola', it will not be built.
aspect @@score_rust_policies+//clippy:linters.bzl%clippy_strict added more than once
WARNING: errors encountered while analyzing target '//score/mw/com/rust/score_com_concept:score_com_concept', it will not be built.
aspect @@score_rust_policies+//clippy:linters.bzl%clippy_strict added more than once
WARNING: errors encountered while analyzing target '//score/mw/com/impl/rust/com-api/com-api-runtime-mock:com-api-runtime-mock', it will not be built.
aspect @@score_rust_policies+//clippy:linters.bzl%clippy_strict added more than once
INFO: Found 3 targets...
ERROR: command succeeded, but not all targets were analyzed
INFO: Elapsed time: 18.804s, Critical Path: 0.25s
INFO: 1 process: 303 action cache hit, 1 internal.
ERROR: Build did NOT complete successfully
