$TEST_TMPDIR defined, some defaults will be overridden
OpenJDK 64-Bit Server VM warning: Options -Xverify:none and -noverify were deprecated in JDK 13 and will likely be removed in a future release.
WARNING: The following configs were expanded more than once: [linux_x64_gcc_15]. For repeatable flags, repeats are counted twice and may lead to unexpected behavior.
Computing main repo mapping: 
WARNING: The following configs were expanded more than once: [linux_x64_gcc_15]. For repeatable flags, repeats are counted twice and may lead to unexpected behavior.
Computing main repo mapping: 
Computing main repo mapping: 
Computing main repo mapping: 
Loading: 
Loading: 5 packages loaded
Analyzing: 3 targets (7 packages loaded, 0 targets configured)
Analyzing: 3 targets (7 packages loaded, 0 targets configured)

Analyzing: 3 targets (157 packages loaded, 941 targets configured)

Analyzing: 3 targets (366 packages loaded, 14648 targets configured)

Analyzing: 3 targets (367 packages loaded, 14969 targets configured)
[105 / 1,272] checking cached actions
INFO: Analyzed 3 targets (368 packages loaded, 15038 targets configured).
[1,118 / 1,567] [Prepa] action 'SolibSymlink _solib_local/libexternal_Sscore_Ubaselibs+_Sscore_Sbitmanipulation_Slibbitmask_Uoperators.so'
[1,310 / 1,586] Compiling Rust bin score_com_concept-test (5 files); 0s linux-sandbox ... (2 actions, 1 running)
[1,347 / 1,605] Compiling Rust bin score_com_concept-macros-unit-tests_linux (1 file); 0s linux-sandbox ... (2 actions, 1 running)
[1,399 / 1,634] Linking score/mw/com/impl/bindings/lola/libruntime.so; 0s linux-sandbox ... (2 actions, 1 running)
[1,471 / 1,670] Linking external/score_baselibs+/score/os/utils/libabortable_blocking_reader.so; 0s linux-sandbox ... (2 actions, 1 running)
[1,547 / 1,729] Linking score/mw/com/impl/bindings/lola/messaging/libmessage_passing_service_instance.so; 0s linux-sandbox ... (2 actions, 1 running)
[1,621 / 1,768] Linking score/mw/com/impl/configuration/liblola_service_instance_id.so; 0s linux-sandbox ... (2 actions, 1 running)
[1,697 / 1,808] Linking score/mw/com/impl/configuration/libconfiguration_error.so; 0s linux-sandbox ... (2 actions, 1 running)
[1,773 / 1,846] Linking score/mw/com/impl/libsample_allocatee_tracker.so; 0s linux-sandbox ... (2 actions, 1 running)
[1,842 / 1,878] 2 / 3 tests; Compiling score/mw/com/impl/tracing/tracing_test_resources.cpp; 0s linux-sandbox ... (2 actions running)
[1,849 / 1,878] 2 / 3 tests; Compiling score/mw/com/impl/bindings/lola/runtime_mock.cpp; 0s linux-sandbox ... (2 actions, 1 running)
INFO: From Compiling score/mw/com/impl/bindings/lola/runtime_mock.cpp:
In file included from ./score/mw/com/impl/instance_identifier.h:16,
                 from ./score/mw/com/impl/handle_type.h:18,
                 from ./score/mw/com/impl/enriched_instance_identifier.h:17,
                 from ./score/mw/com/impl/i_service_discovery_client.h:16,
                 from ./score/mw/com/impl/i_binding_runtime.h:17,
                 from ./score/mw/com/impl/bindings/lola/i_runtime.h:20,
                 from ./score/mw/com/impl/bindings/lola/runtime_mock.h:16,
                 from score/mw/com/impl/bindings/lola/runtime_mock.cpp:14:
./score/mw/com/impl/com_error.h: In member function 'virtual std::string_view score::mw::com::impl::ComErrorDomain::MessageFor(const score::result::ErrorCode&) const':
./score/mw/com/impl/com_error.h:186:65: warning: 'score::mw::com::impl::ComErrc::kServiceInstanceAlreadyOffered' is deprecated: Value has never been used. Calls to OfferService shall be idempotent. [-Wdeprecated-declarations]
  186 |             case static_cast<score::result::ErrorCode>(ComErrc::kServiceInstanceAlreadyOffered):
      |                                                                 ^~~~~~~~~~~~~~~~~~~~~~~~~~~~~~
./score/mw/com/impl/com_error.h:57:5: note: declared here
   57 |     kServiceInstanceAlreadyOffered
      |     ^~~~~~~~~~~~~~~~~~~~~~~~~~~~~~
[1,854 / 1,878] 2 / 3 tests; Compiling score/mw/com/impl/runtime_mock.cpp; 0s linux-sandbox ... (2 actions, 1 running)
INFO: From Compiling score/mw/com/impl/runtime_mock.cpp:
In file included from ./score/mw/com/impl/instance_identifier.h:16,
                 from ./score/mw/com/impl/handle_type.h:18,
                 from ./score/mw/com/impl/enriched_instance_identifier.h:17,
                 from ./score/mw/com/impl/i_service_discovery_client.h:16,
                 from ./score/mw/com/impl/i_binding_runtime.h:17,
                 from ./score/mw/com/impl/runtime_mock.h:16,
                 from score/mw/com/impl/runtime_mock.cpp:14:
./score/mw/com/impl/com_error.h: In member function 'virtual std::string_view score::mw::com::impl::ComErrorDomain::MessageFor(const score::result::ErrorCode&) const':
./score/mw/com/impl/com_error.h:186:65: warning: 'score::mw::com::impl::ComErrc::kServiceInstanceAlreadyOffered' is deprecated: Value has never been used. Calls to OfferService shall be idempotent. [-Wdeprecated-declarations]
  186 |             case static_cast<score::result::ErrorCode>(ComErrc::kServiceInstanceAlreadyOffered):
      |                                                                 ^~~~~~~~~~~~~~~~~~~~~~~~~~~~~~
./score/mw/com/impl/com_error.h:57:5: note: declared here
   57 |     kServiceInstanceAlreadyOffered
      |     ^~~~~~~~~~~~~~~~~~~~~~~~~~~~~~
[1,858 / 1,878] 2 / 3 tests; Compiling googletest/src/gtest.cc; 0s linux-sandbox ... (2 actions, 1 running)
[1,859 / 1,878] 2 / 3 tests; Compiling googletest/src/gtest.cc; 1s linux-sandbox ... (2 actions running)
[1,863 / 1,878] 2 / 3 tests; Compiling googletest/src/gtest-typed-test.cc; 0s linux-sandbox ... (2 actions, 1 running)
[1,867 / 1,878] 2 / 3 tests; Compiling googletest/src/gtest-printers.cc; 0s linux-sandbox ... (2 actions, 1 running)
[1,873 / 1,878] 2 / 3 tests; Compiling score/mw/com/impl/runtime_test.cpp; 1s linux-sandbox ... (2 actions running)
[1,876 / 1,878] 2 / 3 tests; Compiling score/mw/com/impl/runtime_test.cpp; 3s linux-sandbox
INFO: From Compiling score/mw/com/impl/runtime_test.cpp:
In file included from ./score/mw/com/impl/configuration/service_instance_deployment.h:17,
                 from ./score/mw/com/impl/configuration/configuration.h:18,
                 from ./score/mw/com/impl/runtime.h:18,
                 from score/mw/com/impl/runtime_test.cpp:13:
./score/mw/com/impl/com_error.h: In member function 'virtual std::string_view score::mw::com::impl::ComErrorDomain::MessageFor(const score::result::ErrorCode&) const':
./score/mw/com/impl/com_error.h:186:65: warning: 'score::mw::com::impl::ComErrc::kServiceInstanceAlreadyOffered' is deprecated: Value has never been used. Calls to OfferService shall be idempotent. [-Wdeprecated-declarations]
  186 |             case static_cast<score::result::ErrorCode>(ComErrc::kServiceInstanceAlreadyOffered):
      |                                                                 ^~~~~~~~~~~~~~~~~~~~~~~~~~~~~~
./score/mw/com/impl/com_error.h:57:5: note: declared here
   57 |     kServiceInstanceAlreadyOffered
      |     ^~~~~~~~~~~~~~~~~~~~~~~~~~~~~~
[1,877 / 1,878] 2 / 3 tests; [Prepa] Linking score/mw/com/impl/runtime_test_linux
INFO: Found 3 test targets...
INFO: Elapsed time: 31.305s, Critical Path: 5.06s
INFO: 677 processes: 1216 action cache hit, 359 internal, 318 linux-sandbox.
INFO: Build completed successfully, 677 total actions
INFO: 
//score/mw/com/impl:runtime_test                                         PASSED in 0.2s
//score/mw/com/rust/score_com_concept:score_com_concept-macros-unit-tests PASSED in 0.0s
//score/mw/com/rust/score_com_concept:score_com_concept-test             PASSED in 0.0s

Executed 3 out of 3 tests: 3 tests pass.
There were tests whose specified size is too big. Use the --test_verbose_timeout_warnings command line option to see which ones these are.
INFO: Build Event Protocol files produced successfully.
