$TEST_TMPDIR defined, some defaults will be overridden
OpenJDK 64-Bit Server VM warning: Options -Xverify:none and -noverify were deprecated in JDK 13 and will likely be removed in a future release.
Computing main repo mapping: 
Computing main repo mapping: 
Computing main repo mapping: 
Computing main repo mapping: 
Loading: 
Loading: 5 packages loaded
WARNING: /media/jefferson/11c42dee-73a3-4c2b-ab42-a0440011d9e0/.s-core-build/runs/score-fabric-3fhaccha/native-workspace-01M47405VFMHV26THDH46Y5SQW/score/memory/shared/BUILD:437:11: target '//score/memory/shared:types' is deprecated: This aggregation target is deprecated and pulls in the unmaintained/broken ':map' target on some platforms. Depend directly on the specific score/memory/shared sub-targets you need (e.g. ':offset_ptr', ':vector', ':string', ...) instead.
Analyzing: 2859 targets (305 packages loaded, 0 targets configured)
Analyzing: 2859 targets (305 packages loaded, 0 targets configured)

WARNING: /media/jefferson/11c42dee-73a3-4c2b-ab42-a0440011d9e0/.s-core-build/runs/score-fabric-3fhaccha/native-workspace-01M47405VFMHV26THDH46Y5SQW/MODULE.bazel:196:20: The module extension apt defined in @rules_distroless//apt:extensions.bzl reported incorrect imports of repositories via use_repo():

Imported, but reported as indirect dependencies by the extension:
    ubuntu24_04_sysroot_resolve

Fix the use_repo calls by running 'bazel mod tidy'.
Analyzing: 2859 targets (470 packages loaded, 1470 targets configured)
[127 / 127] no actions running
Analyzing: 2859 targets (776 packages loaded, 29339 targets configured)
[187 / 280] checking cached actions
Analyzing: 2859 targets (895 packages loaded, 32136 targets configured)
[319 / 510] checking cached actions
Analyzing: 2859 targets (1212 packages loaded, 47948 targets configured)
[578 / 1,230] checking cached actions
WARNING: /media/jefferson/11c42dee-73a3-4c2b-ab42-a0440011d9e0/.s-core-build/runs/score-fabric-3fhaccha/native-workspace-01M47405VFMHV26THDH46Y5SQW/score/mw/com/test/api/BUILD:18:11: in cc_library rule //score/mw/com/test/api:api: target '//score/mw/com/test/api:api' depends on deprecated target '//score/memory/shared:types': This aggregation target is deprecated and pulls in the unmaintained/broken ':map' target on some platforms. Depend directly on the specific score/memory/shared sub-targets you need (e.g. ':offset_ptr', ':vector', ':string', ...) instead.
Analyzing: 2859 targets (1480 packages loaded, 91844 targets configured)
[873 / 1,774] checking cached actions
Analyzing: 2859 targets (1648 packages loaded, 103837 targets configured)
[1,142 / 3,994] checking cached actions
DEBUG: /media/jefferson/11c42dee-73a3-4c2b-ab42-a0440011d9e0/.s-core-build/runs/score-fabric-3fhaccha/bazel-output/3f5123dc6d61824122bb8863a64ee7e0/external/score_tooling+/bazel/rules/rules_score/private/dependable_element.bzl:1359:26: WARNING: Not in certified scope @@score_baselibs+//score/utils:static_destruction_guard, stopping at utils
INFO: Analyzed 2859 targets (1648 packages loaded, 103845 targets configured).
[2,002 / 7,753] checking cached actions
INFO: Found 2859 targets...
INFO: Elapsed time: 69.596s, Critical Path: 7.56s
INFO: 1 process: 16498 action cache hit, 1 internal.
INFO: Build completed successfully, 1 total action
