$TEST_TMPDIR defined, some defaults will be overridden
OpenJDK 64-Bit Server VM warning: Options -Xverify:none and -noverify were deprecated in JDK 13 and will likely be removed in a future release.
WARNING: The following configs were expanded more than once: [linux_x64_gcc_15]. For repeatable flags, repeats are counted twice and may lead to unexpected behavior.
Computing main repo mapping: 
Computing main repo mapping: 
Computing main repo mapping: 
WARNING: The following configs were expanded more than once: [linux_x64_gcc_15]. For repeatable flags, repeats are counted twice and may lead to unexpected behavior.
Computing main repo mapping: 
Computing main repo mapping: 
Computing main repo mapping: 
Computing main repo mapping: 
Computing main repo mapping: 
Computing main repo mapping: 
Computing main repo mapping: 
Computing main repo mapping: 
Computing main repo mapping: 
Computing main repo mapping: 
Computing main repo mapping: 
Loading: 
Loading: 5 packages loaded
Analyzing: target //tools/lint:rustfmt_with_config (6 packages loaded)
Analyzing: target //tools/lint:rustfmt_with_config (6 packages loaded, 0 targets configured)
Analyzing: target //tools/lint:rustfmt_with_config (6 packages loaded, 0 targets configured)

Analyzing: target //tools/lint:rustfmt_with_config (6 packages loaded, 0 targets configured)

Analyzing: target //tools/lint:rustfmt_with_config (7 packages loaded, 0 targets configured)

Analyzing: target //tools/lint:rustfmt_with_config (7 packages loaded, 0 targets configured)

Analyzing: target //tools/lint:rustfmt_with_config (11 packages loaded, 7 targets configured)

Analyzing: target //tools/lint:rustfmt_with_config (24 packages loaded, 7 targets configured)

Analyzing: target //tools/lint:rustfmt_with_config (52 packages loaded, 7 targets configured)

Analyzing: target //tools/lint:rustfmt_with_config (78 packages loaded, 7 targets configured)

Analyzing: target //tools/lint:rustfmt_with_config (97 packages loaded, 7 targets configured)

Analyzing: target //tools/lint:rustfmt_with_config (155 packages loaded, 531 targets configured)

Analyzing: target //tools/lint:rustfmt_with_config (159 packages loaded, 3161 targets configured)

Analyzing: target //tools/lint:rustfmt_with_config (178 packages loaded, 9429 targets configured)

Analyzing: target //tools/lint:rustfmt_with_config (181 packages loaded, 12029 targets configured)

Analyzing: target //tools/lint:rustfmt_with_config (182 packages loaded, 12693 targets configured)

INFO: Analyzed target //tools/lint:rustfmt_with_config (182 packages loaded, 12699 targets configured).
[1 / 1] no actions running
INFO: Found 1 target...
Target //tools/lint:rustfmt_with_config up-to-date:
  bazel-bin/tools/lint/rustfmt_wrapper.sh
  bazel-bin/tools/lint/rustfmt_with_config
INFO: Elapsed time: 100.229s, Critical Path: 4.60s
INFO: 1 process: 113 action cache hit, 1 internal.
INFO: Build completed successfully, 1 total action
INFO: Running command line: bazel-bin/tools/lint/rustfmt_with_config <args omitted>
