[
  {
    "id": "two-real-peers",
    "status": "passed"
  },
  {
    "id": "one-real-cluster",
    "status": "passed"
  },
  {
    "id": "managed-bridge-a",
    "status": "passed"
  },
  {
    "id": "managed-bridge-b",
    "status": "passed"
  },
  {
    "id": "startup-unknown",
    "status": "passed"
  },
  {
    "id": "fault-startup-not-healthy",
    "status": "passed"
  },
  {
    "id": "execution",
    "status": "failed",
    "reason": "owned CARLA readiness timeout"
  },
  {
    "id": "restore-tunnel",
    "status": "passed"
  },
  {
    "id": "stop-capture-a-sdv-net-731c01763f-dut.pid",
    "status": "passed"
  },
  {
    "id": "stop-capture-a-sdv-net-731c01763f-gre.pid",
    "status": "passed"
  },
  {
    "id": "stop-capture-b-sdv-net-731c01763f-dut.pid",
    "status": "passed"
  },
  {
    "id": "stop-capture-b-sdv-net-731c01763f-gre.pid",
    "status": "passed"
  },
  {
    "id": "read-capture-a-dut",
    "status": "passed"
  },
  {
    "id": "read-capture-a-gre",
    "status": "passed"
  },
  {
    "id": "read-capture-b-dut",
    "status": "passed"
  },
  {
    "id": "read-capture-b-gre",
    "status": "passed"
  },
  {
    "id": "cleanup-sdv-net-731c01763f-bridge",
    "status": "passed"
  },
  {
    "id": "cleanup-sdv-net-731c01763f-score",
    "status": "passed"
  },
  {
    "id": "cleanup-sdv-net-731c01763f-diag",
    "status": "passed"
  },
  {
    "id": "cleanup-owned-carla",
    "status": "passed"
  },
  {
    "id": "restore-private-directory-owner",
    "status": "passed"
  }
]
