+ [ -w /run/user/1000 ]
+ [ -d /home/jefferson ]
+ rootlesskit=
+ command -v docker-rootlesskit
+ command -v rootlesskit
+ rootlesskit=rootlesskit
+ break
+ [ -z rootlesskit ]
+ : /home/jefferson/.local/state/s-core/dk/3b6a50809333_state/containerd-rootless-c3
+ [ -e /home/jefferson/.local/state/s-core/dk/3b6a50809333_state/containerd-rootless-c3 ]
+ : /home/jefferson/.local/state/s-core/dk/3b6a50809333_state/rootlesskit-c3
+ : 
+ : 
+ : 
+ : auto
+ : auto
+ : 
+ : true
+ net=
+ port_driver=
+ mtu=
+ [ -z  ]
+ command -v slirp4netns
+ + grep -qw -- --netns-type
slirp4netns --help
+ net=slirp4netns
+ [ -z slirp4netns ]
+ [ -z slirp4netns ]
+ [ -z slirp4netns ]
+ [ slirp4netns = host ]
+ [ -z  ]
+ mtu=65520
+ [ -z  ]
+ [ slirp4netns = pasta ]
+ port_driver=builtin
+ host_loopback=--disable-host-loopback
+ [  = false ]
+ dockerd=dockerd
+ [ -z  ]
+ _DOCKERD_ROOTLESS_CHILD=1
+ export _DOCKERD_ROOTLESS_CHILD
+ id -u
+ [ 1000 = 0 ]
+ command -v selinuxenabled
+ DOCKERD_ROOTLESS_ROOTLESSKIT_FLAGS=--detach-netns 
+ exec rootlesskit --state-dir=/home/jefferson/.local/state/s-core/dk/3b6a50809333_state/rootlesskit-c3 --net=slirp4netns --mtu=65520 --slirp4netns-sandbox=auto --slirp4netns-seccomp=auto --disable-host-loopback --port-driver=builtin --copy-up=/etc --copy-up=/run --propagation=rslave --detach-netns /usr/bin/dockerd-rootless.sh --config-file /home/jefferson/.local/state/s-core/fabro/score-rust-linux-integration-xfiuopbb/rust_linux_integration_docker/daemon.json --data-root /media/jefferson/11c42dee-73a3-4c2b-ab42-a0440011d9e0/.s-core-build/runs/score-rust-linux-integration-xfiuopbb/docker-data --exec-root /home/jefferson/.local/state/s-core/dk/3b6a50809333_state/e --pidfile /home/jefferson/.local/state/s-core/fabro/score-rust-linux-integration-xfiuopbb/rust_linux_integration_docker/dockerd.pid --host unix:///home/jefferson/.local/state/s-core/dk/3b6a50809333_state/runtime/docker.sock
+ [ -w /run/user/1000 ]
+ [ -d /home/jefferson ]
+ rootlesskit=
+ command -v docker-rootlesskit
+ command -v rootlesskit
+ rootlesskit=rootlesskit
+ break
+ [ -z rootlesskit ]
+ : /home/jefferson/.local/state/s-core/dk/3b6a50809333_state/containerd-rootless-c3
+ [ -e /home/jefferson/.local/state/s-core/dk/3b6a50809333_state/containerd-rootless-c3 ]
+ : /home/jefferson/.local/state/s-core/dk/3b6a50809333_state/rootlesskit-c3
+ : 
+ : 
+ : 
+ : auto
+ : auto
+ : 
+ : true
+ net=
+ port_driver=
+ mtu=
+ [ -z  ]
+ command -v slirp4netns
+ slirp4netns --help
+ grep -qw -- --netns-type
+ net=slirp4netns
+ [ -z slirp4netns ]
+ [ -z slirp4netns ]
+ [ -z slirp4netns ]
+ [ slirp4netns = host ]
+ [ -z  ]
+ mtu=65520
+ [ -z  ]
+ [ slirp4netns = pasta ]
+ port_driver=builtin
+ host_loopback=--disable-host-loopback
+ [  = false ]
+ dockerd=dockerd
+ [ -z 1 ]
+ [ 1 = 1 ]
+ rm -f /run/docker /run/containerd /run/xtables.lock
+ [ -n  ]
+ stat -c %T -f /etc
+ [ tmpfs = tmpfs ]
+ [ -L /etc/ssl ]
+ mount_directory /etc/ssl --rbind
+ [ -z 1 ]
+ DIRECTORY=/etc/ssl
+ [ ! -d /etc/ssl ]
+ realpath /etc/ssl
+ DIRECTORY_REALPATH=/etc/.ro1835641971/ssl
+ MOUNT_OPTIONS=--rbind
+ rm -rf /etc/ssl
+ mkdir -p /etc/ssl
+ mount --rbind /etc/.ro1835641971/ssl /etc/ssl
+ netns=/proc/self/ns/net
+ netns=/home/jefferson/.local/state/s-core/dk/3b6a50809333_state/rootlesskit-c3/netns
+ nsenter -n/home/jefferson/.local/state/s-core/dk/3b6a50809333_state/rootlesskit-c3/netns sysctl -w net.ipv4.ip_forward=1
net.ipv4.ip_forward = 1
+ nsenter -n/home/jefferson/.local/state/s-core/dk/3b6a50809333_state/rootlesskit-c3/netns sysctl -w net.ipv6.conf.all.forwarding=1
net.ipv6.conf.all.forwarding = 1
+ exec dockerd --config-file /home/jefferson/.local/state/s-core/fabro/score-rust-linux-integration-xfiuopbb/rust_linux_integration_docker/daemon.json --data-root /media/jefferson/11c42dee-73a3-4c2b-ab42-a0440011d9e0/.s-core-build/runs/score-rust-linux-integration-xfiuopbb/docker-data --exec-root /home/jefferson/.local/state/s-core/dk/3b6a50809333_state/e --pidfile /home/jefferson/.local/state/s-core/fabro/score-rust-linux-integration-xfiuopbb/rust_linux_integration_docker/dockerd.pid --host unix:///home/jefferson/.local/state/s-core/dk/3b6a50809333_state/runtime/docker.sock
time="2026-10-06T10:20:58.295260015+01:00" level=info msg="Starting up"
time="2026-10-06T10:20:58.295667776+01:00" level=warning msg="Running in rootless mode. This mode has feature limitations."
time="2026-10-06T10:20:58.295673750+01:00" level=info msg="Running with RootlessKit integration"
time="2026-10-06T10:20:58.295777449+01:00" level=info msg="containerd not running, starting managed containerd"
time="2026-10-06T10:20:58.296731356+01:00" level=info msg="started new containerd process" address=/home/jefferson/.local/state/s-core/dk/3b6a50809333_state/e/containerd/containerd.sock binary=/usr/bin/containerd module=supervisor pid=1803083
time="2026-10-06T10:20:58+01:00" level=warning msg="Configuration migrated from version 2, use `containerd config migrate` to avoid migration" t="7.221µs"
time="2026-10-06T10:20:58.315592457+01:00" level=info msg="starting containerd" revision=ee2735368117d2eb259779949d5e75cdafec9761 version=v2.3.6
time="2026-10-06T10:20:58.315714650+01:00" level=info msg="loading plugin" id=io.containerd.content.v1.content type=io.containerd.content.v1
time="2026-10-06T10:20:58.315916094+01:00" level=warning msg="failed check for fsverity support" error="enable fsverity failed: operation not supported" path=/media/jefferson/11c42dee-73a3-4c2b-ab42-a0440011d9e0/.s-core-build/runs/score-rust-linux-integration-xfiuopbb/docker-data/containerd/daemon/io.containerd.content.v1.content
time="2026-10-06T10:20:58.315931156+01:00" level=info msg="loading plugin" id=io.containerd.image-verifier.v1.bindir type=io.containerd.image-verifier.v1
time="2026-10-06T10:20:58.315946429+01:00" level=info msg="loading plugin" id=io.containerd.internal.v1.opt type=io.containerd.internal.v1
time="2026-10-06T10:20:58.315976203+01:00" level=info msg="loading plugin" id=io.containerd.warning.v1.deprecations type=io.containerd.warning.v1
time="2026-10-06T10:20:58.315985307+01:00" level=info msg="loading plugin" id=io.containerd.event.v1.exchange type=io.containerd.event.v1
time="2026-10-06T10:20:58.316004805+01:00" level=info msg="loading plugin" id=io.containerd.mount-handler.v1.erofs type=io.containerd.mount-handler.v1
time="2026-10-06T10:20:58.316013932+01:00" level=info msg="loading plugin" id=io.containerd.snapshotter.v1.blockfile type=io.containerd.snapshotter.v1
time="2026-10-06T10:20:58.316042677+01:00" level=info msg="skip loading plugin" error="no scratch file generator: skip plugin" id=io.containerd.snapshotter.v1.blockfile type=io.containerd.snapshotter.v1
time="2026-10-06T10:20:58.316051066+01:00" level=info msg="loading plugin" id=io.containerd.snapshotter.v1.btrfs type=io.containerd.snapshotter.v1
time="2026-10-06T10:20:58.316223486+01:00" level=info msg="skip loading plugin" error="path /media/jefferson/11c42dee-73a3-4c2b-ab42-a0440011d9e0/.s-core-build/runs/score-rust-linux-integration-xfiuopbb/docker-data/containerd/daemon/io.containerd.snapshotter.v1.btrfs (ext4) must be a btrfs filesystem to be used with the btrfs snapshotter: skip plugin" id=io.containerd.snapshotter.v1.btrfs type=io.containerd.snapshotter.v1
time="2026-10-06T10:20:58.316242107+01:00" level=info msg="loading plugin" id=io.containerd.snapshotter.v1.devmapper type=io.containerd.snapshotter.v1
time="2026-10-06T10:20:58.316252195+01:00" level=info msg="skip loading plugin" error="devmapper not configured: skip plugin" id=io.containerd.snapshotter.v1.devmapper type=io.containerd.snapshotter.v1
time="2026-10-06T10:20:58.316262526+01:00" level=info msg="loading plugin" id=io.containerd.snapshotter.v1.erofs type=io.containerd.snapshotter.v1
time="2026-10-06T10:20:58.316362289+01:00" level=info msg="skip loading plugin" error="EROFS unsupported, please `modprobe erofs`: skip plugin" id=io.containerd.snapshotter.v1.erofs type=io.containerd.snapshotter.v1
time="2026-10-06T10:20:58.316371663+01:00" level=info msg="loading plugin" id=io.containerd.snapshotter.v1.native type=io.containerd.snapshotter.v1
time="2026-10-06T10:20:58.316387315+01:00" level=info msg="loading plugin" id=io.containerd.snapshotter.v1.overlayfs type=io.containerd.snapshotter.v1
time="2026-10-06T10:20:58.316478306+01:00" level=info msg="loading plugin" id=io.containerd.snapshotter.v1.zfs type=io.containerd.snapshotter.v1
time="2026-10-06T10:20:58.316510385+01:00" level=info msg="skip loading plugin" error="lstat /media/jefferson/11c42dee-73a3-4c2b-ab42-a0440011d9e0/.s-core-build/runs/score-rust-linux-integration-xfiuopbb/docker-data/containerd/daemon/io.containerd.snapshotter.v1.zfs: no such file or directory: skip plugin" id=io.containerd.snapshotter.v1.zfs type=io.containerd.snapshotter.v1
time="2026-10-06T10:20:58.316519413+01:00" level=info msg="loading plugin" id=io.containerd.monitor.task.v1.cgroups type=io.containerd.monitor.task.v1
time="2026-10-06T10:20:58.316729104+01:00" level=info msg="loading plugin" id=io.containerd.metadata.v1.bolt type=io.containerd.metadata.v1
time="2026-10-06T10:20:58.316745099+01:00" level=info msg="metadata content store policy set" policy=shared
time="2026-10-06T10:20:58.317097152+01:00" level=info msg="loading plugin" id=io.containerd.gc.v1.scheduler type=io.containerd.gc.v1
time="2026-10-06T10:20:58.317140186+01:00" level=info msg="loading plugin" id=io.containerd.server.v1.metrics type=io.containerd.server.v1
time="2026-10-06T10:20:58.317152310+01:00" level=info msg="skip loading plugin" error="skip plugin" id=io.containerd.server.v1.metrics type=io.containerd.server.v1
time="2026-10-06T10:20:58.317159677+01:00" level=info msg="loading plugin" id=io.containerd.tracing.processor.v1.otlp type=io.containerd.tracing.processor.v1
time="2026-10-06T10:20:58.317169161+01:00" level=info msg="skip loading plugin" error="skip plugin: tracing endpoint not configured" id=io.containerd.tracing.processor.v1.otlp type=io.containerd.tracing.processor.v1
time="2026-10-06T10:20:58.317176423+01:00" level=info msg="loading plugin" id=io.containerd.internal.v1.tracing type=io.containerd.internal.v1
time="2026-10-06T10:20:58.317190466+01:00" level=info msg="skip loading plugin" error="skip plugin: tracing endpoint not configured" id=io.containerd.internal.v1.tracing type=io.containerd.internal.v1
time="2026-10-06T10:20:58.317197724+01:00" level=info msg="loading plugin" id=io.containerd.nri.v1.nri type=io.containerd.nri.v1
time="2026-10-06T10:20:58.317262050+01:00" level=info msg="built-in NRI default validator is disabled"
time="2026-10-06T10:20:58.317274113+01:00" level=info msg="runtime interface created"
time="2026-10-06T10:20:58.317278724+01:00" level=info msg="created NRI interface"
time="2026-10-06T10:20:58.317284089+01:00" level=info msg="loading plugin" id=io.containerd.ttrpc.v1.otelttrpc type=io.containerd.ttrpc.v1
time="2026-10-06T10:20:58.317291819+01:00" level=info msg="loading plugin" id=io.containerd.service.v1.containers-service type=io.containerd.service.v1
time="2026-10-06T10:20:58.317300931+01:00" level=info msg="loading plugin" id=io.containerd.service.v1.content-service type=io.containerd.service.v1
time="2026-10-06T10:20:58.317308735+01:00" level=info msg="loading plugin" id=io.containerd.differ.v1.erofs type=io.containerd.differ.v1
time="2026-10-06T10:20:58.317366454+01:00" level=info msg="skip loading plugin" error="failed to check mkfs.erofs availability: failed to run mkfs.erofs --help: exec: \"mkfs.erofs\": executable file not found in $PATH: skip plugin" id=io.containerd.differ.v1.erofs type=io.containerd.differ.v1
time="2026-10-06T10:20:58.317375399+01:00" level=info msg="loading plugin" id=io.containerd.mount-manager.v1.bolt type=io.containerd.mount-manager.v1
time="2026-10-06T10:20:58.317444618+01:00" level=info msg="loading plugin" id=io.containerd.differ.v1.walking type=io.containerd.differ.v1
time="2026-10-06T10:20:58.317461002+01:00" level=info msg="loading plugin" id=io.containerd.service.v1.diff-service type=io.containerd.service.v1
time="2026-10-06T10:20:58.317470188+01:00" level=info msg="loading plugin" id=io.containerd.service.v1.images-service type=io.containerd.service.v1
time="2026-10-06T10:20:58.317483425+01:00" level=info msg="loading plugin" id=io.containerd.service.v1.introspection-service type=io.containerd.service.v1
time="2026-10-06T10:20:58.317497965+01:00" level=info msg="loading plugin" id=io.containerd.service.v1.namespaces-service type=io.containerd.service.v1
time="2026-10-06T10:20:58.317511490+01:00" level=info msg="loading plugin" id=io.containerd.service.v1.snapshots-service type=io.containerd.service.v1
time="2026-10-06T10:20:58.317519693+01:00" level=info msg="loading plugin" id=io.containerd.shim.v1.manager type=io.containerd.shim.v1
time="2026-10-06T10:20:58.317529064+01:00" level=info msg="loading plugin" id=io.containerd.runtime.v2.task type=io.containerd.runtime.v2
time="2026-10-06T10:20:58.317646225+01:00" level=info msg="loading plugin" id=io.containerd.service.v1.tasks-service type=io.containerd.service.v1
time="2026-10-06T10:20:58.317665369+01:00" level=info msg="loading plugin" id=io.containerd.grpc.v1.containers type=io.containerd.grpc.v1
time="2026-10-06T10:20:58.317674461+01:00" level=info msg="loading plugin" id=io.containerd.grpc.v1.content type=io.containerd.grpc.v1
time="2026-10-06T10:20:58.317681935+01:00" level=info msg="loading plugin" id=io.containerd.grpc.v1.diff type=io.containerd.grpc.v1
time="2026-10-06T10:20:58.317689935+01:00" level=info msg="loading plugin" id=io.containerd.grpc.v1.events type=io.containerd.grpc.v1
time="2026-10-06T10:20:58.317698090+01:00" level=info msg="loading plugin" id=io.containerd.grpc.v1.images type=io.containerd.grpc.v1
time="2026-10-06T10:20:58.317710578+01:00" level=info msg="loading plugin" id=io.containerd.grpc.v1.introspection type=io.containerd.grpc.v1
time="2026-10-06T10:20:58.317719031+01:00" level=info msg="loading plugin" id=io.containerd.lease.v1.manager type=io.containerd.lease.v1
time="2026-10-06T10:20:58.317727421+01:00" level=info msg="loading plugin" id=io.containerd.grpc.v1.leases type=io.containerd.grpc.v1
time="2026-10-06T10:20:58.317750536+01:00" level=info msg="loading plugin" id=io.containerd.grpc.v1.mounts type=io.containerd.grpc.v1
time="2026-10-06T10:20:58.317759111+01:00" level=info msg="loading plugin" id=io.containerd.grpc.v1.namespaces type=io.containerd.grpc.v1
time="2026-10-06T10:20:58.317768229+01:00" level=info msg="loading plugin" id=io.containerd.sandbox.controller.v1.shim type=io.containerd.sandbox.controller.v1
time="2026-10-06T10:20:58.317967813+01:00" level=info msg="loading plugin" id=io.containerd.grpc.v1.sandbox-controllers type=io.containerd.grpc.v1
time="2026-10-06T10:20:58.317981885+01:00" level=info msg="loading plugin" id=io.containerd.sandbox.store.v1.local type=io.containerd.sandbox.store.v1
time="2026-10-06T10:20:58.317990265+01:00" level=info msg="loading plugin" id=io.containerd.grpc.v1.sandboxes type=io.containerd.grpc.v1
time="2026-10-06T10:20:58.317999451+01:00" level=info msg="loading plugin" id=io.containerd.grpc.v1.snapshots type=io.containerd.grpc.v1
time="2026-10-06T10:20:58.318006629+01:00" level=info msg="loading plugin" id=io.containerd.streaming.v1.manager type=io.containerd.streaming.v1
time="2026-10-06T10:20:58.318018733+01:00" level=info msg="loading plugin" id=io.containerd.grpc.v1.streaming type=io.containerd.grpc.v1
time="2026-10-06T10:20:58.318027749+01:00" level=info msg="loading plugin" id=io.containerd.grpc.v1.tasks type=io.containerd.grpc.v1
time="2026-10-06T10:20:58.318036974+01:00" level=info msg="loading plugin" id=io.containerd.transfer.v1.local type=io.containerd.transfer.v1
time="2026-10-06T10:20:58.318072150+01:00" level=info msg="loading plugin" id=io.containerd.grpc.v1.transfer type=io.containerd.grpc.v1
time="2026-10-06T10:20:58.318082398+01:00" level=info msg="loading plugin" id=io.containerd.grpc.v1.version type=io.containerd.grpc.v1
time="2026-10-06T10:20:58.318089762+01:00" level=info msg="loading plugin" id=io.containerd.grpc.v1.healthcheck type=io.containerd.grpc.v1
time="2026-10-06T10:20:58.318096714+01:00" level=info msg="loading plugin" id=io.containerd.server.v1.ttrpc type=io.containerd.server.v1
time="2026-10-06T10:20:58.318146835+01:00" level=info msg="loading plugin" id=io.containerd.monitor.container.v1.restart type=io.containerd.monitor.container.v1
time="2026-10-06T10:20:58.318187828+01:00" level=info msg="loading plugin" id=io.containerd.metrics.v1.grpc-prometheus type=io.containerd.metrics.v1
time="2026-10-06T10:20:58.318209276+01:00" level=info msg="loading plugin" id=io.containerd.metrics.v1.grpc-otel type=io.containerd.metrics.v1
time="2026-10-06T10:20:58.318222342+01:00" level=info msg="loading plugin" id=io.containerd.server.v1.grpc type=io.containerd.server.v1
time="2026-10-06T10:20:58.321687299+01:00" level=info msg="loading plugin" id=io.containerd.server.v1.grpc-tcp type=io.containerd.server.v1
time="2026-10-06T10:20:58.321737628+01:00" level=info msg="skip loading plugin" error="skip plugin" id=io.containerd.server.v1.grpc-tcp type=io.containerd.server.v1
time="2026-10-06T10:20:58.321751882+01:00" level=info msg="loading plugin" id=io.containerd.http.v1.pprof type=io.containerd.http.v1
time="2026-10-06T10:20:58.321807027+01:00" level=info msg="loading plugin" id=io.containerd.server.v1.debug type=io.containerd.server.v1
time="2026-10-06T10:20:58.322069746+01:00" level=info msg=serving... address=/home/jefferson/.local/state/s-core/dk/3b6a50809333_state/e/containerd/containerd.sock.ttrpc
time="2026-10-06T10:20:58.322090038+01:00" level=info msg="starting GRPC server" address=/home/jefferson/.local/state/s-core/dk/3b6a50809333_state/e/containerd/containerd.sock gid=0 uid=0
time="2026-10-06T10:20:58.322158006+01:00" level=info msg=serving... address=/home/jefferson/.local/state/s-core/dk/3b6a50809333_state/e/containerd/containerd.sock
time="2026-10-06T10:20:58.322223205+01:00" level=info msg=serving... address=/home/jefferson/.local/state/s-core/dk/3b6a50809333_state/e/containerd/containerd-debug.sock
time="2026-10-06T10:20:58.322244775+01:00" level=info msg="containerd successfully booted in 0.007268s"
time="2026-10-06T10:20:58.329895920+01:00" level=info msg="started managed containerd" binary=/usr/bin/containerd module=supervisor pid=1803083
time="2026-10-06T10:20:58.330152242+01:00" level=info msg="OTEL tracing is not configured, using no-op tracer provider"
time="2026-10-06T10:20:58.330306771+01:00" level=info msg="CDI directory does not exist, skipping" dir=/etc/cdi
time="2026-10-06T10:20:58.330315622+01:00" level=info msg="CDI directory does not exist, skipping" dir=/var/run/cdi
time="2026-10-06T10:20:58.330320828+01:00" level=info msg="CDI directory does not exist, skipping" dir=/home/jefferson/.local/state/s-core/fabro/score-rust-linux-integration-xfiuopbb/rust_linux_integration_docker/config/cdi
time="2026-10-06T10:20:58.330328190+01:00" level=info msg="CDI directory does not exist, skipping" dir=/run/user/1000/cdi
time="2026-10-06T10:20:58.330517268+01:00" level=info msg="detected 127.0.0.53 nameserver, assuming systemd-resolved, so using resolv.conf: /run/systemd/resolve/resolv.conf"
time="2026-10-06T10:20:58.346132899+01:00" level=info msg="loaded extension" extension=org.mobyproject.namesgenerator.legacy.v1 origin=builtin providers="[org.mobyproject.extension.containernamegenerator.v0 org.mobyproject.extension.servicenamegenerator.v0]"
time="2026-10-06T10:20:58.346704985+01:00" level=info msg="Creating a containerd client" address=/home/jefferson/.local/state/s-core/dk/3b6a50809333_state/e/containerd/containerd.sock timeout=1m0s
time="2026-10-06T10:20:58.347211220+01:00" level=warning msg="failed check for fsverity support" error="enable fsverity failed: operation not supported" path=/media/jefferson/11c42dee-73a3-4c2b-ab42-a0440011d9e0/.s-core-build/runs/score-rust-linux-integration-xfiuopbb/docker-data/plugins/storage
time="2026-10-06T10:20:58.355607692+01:00" level=info msg="Loading containers: start."
time="2026-10-06T10:20:58.358944671+01:00" level=info msg="NRI is disabled"
time="2026-10-06T10:20:58.358999901+01:00" level=info msg="Starting daemon with containerd snapshotter integration enabled"
time="2026-10-06T10:20:58.363636403+01:00" level=info msg="Restoring containers: start."
time="2026-10-06T10:20:58.409183140+01:00" level=info msg="Deleting nftables IPv4 rules" error="running nft: /dev/stdin:1:17-30: Error: Could not process rule: No such file or directory\ndelete table ip docker-bridges\n                ^^^^^^^^^^^^^^\n exit status 1"
time="2026-10-06T10:20:58.429991608+01:00" level=info msg="Deleting nftables IPv6 rules" error="running nft: /dev/stdin:1:18-31: Error: Could not process rule: No such file or directory\ndelete table ip6 docker-bridges\n                 ^^^^^^^^^^^^^^\n exit status 1"
time="2026-10-06T10:20:58.430050580+01:00" level=info msg="skipping firewalld management for rootless mode"
time="2026-10-06T10:20:59.037056304+01:00" level=warning msg="error locating sandbox id 88e6863678b19efeab69f896d35b5379053d2e41d2cb1630b48020652264dda4: sandbox 88e6863678b19efeab69f896d35b5379053d2e41d2cb1630b48020652264dda4 not found"
time="2026-10-06T10:20:59.037094688+01:00" level=warning msg="error locating sandbox id 010d2e11ce5e3d52d1dc46d91fbe643d4ea04c7f792e44ec14887b984ee794b1: sandbox 010d2e11ce5e3d52d1dc46d91fbe643d4ea04c7f792e44ec14887b984ee794b1 not found"
time="2026-10-06T10:20:59.037104384+01:00" level=warning msg="error locating sandbox id a5be8626c190efb7969a12e32f6ada878bfde845f1e6ed92e39fb1940972a53d: sandbox a5be8626c190efb7969a12e32f6ada878bfde845f1e6ed92e39fb1940972a53d not found"
time="2026-10-06T10:20:59.037118967+01:00" level=warning msg="error locating sandbox id 6a9a43b56ecd786c0a6a7823f57b5bef94c9a49499e08f5da0d5c3ae80cd34ea: sandbox 6a9a43b56ecd786c0a6a7823f57b5bef94c9a49499e08f5da0d5c3ae80cd34ea not found"
time="2026-10-06T10:20:59.037140115+01:00" level=warning msg="error locating sandbox id 62f97856b4be1512d4e714ce7a5687627829cbcf22c1993a8d11e2818291d75a: sandbox 62f97856b4be1512d4e714ce7a5687627829cbcf22c1993a8d11e2818291d75a not found"
time="2026-10-06T10:20:59.037148120+01:00" level=warning msg="error locating sandbox id 9902ed361a41c14242b2b7def4c0583b55d8b0f2318df855af07595422bd1cf6: sandbox 9902ed361a41c14242b2b7def4c0583b55d8b0f2318df855af07595422bd1cf6 not found"
time="2026-10-06T10:20:59.037203581+01:00" level=info msg="Loading containers: done."
time="2026-10-06T10:20:59.045841968+01:00" level=warning msg="WARNING: No cpu cfs quota support"
time="2026-10-06T10:20:59.045896959+01:00" level=warning msg="WARNING: No cpu cfs period support"
time="2026-10-06T10:20:59.045902206+01:00" level=warning msg="WARNING: No cpu shares support"
time="2026-10-06T10:20:59.045905932+01:00" level=warning msg="WARNING: No cpuset support"
time="2026-10-06T10:20:59.045909262+01:00" level=warning msg="WARNING: No io.weight support"
time="2026-10-06T10:20:59.045917662+01:00" level=warning msg="WARNING: No io.weight (per device) support"
time="2026-10-06T10:20:59.045921060+01:00" level=warning msg="WARNING: No io.max (rbps) support"
time="2026-10-06T10:20:59.045924210+01:00" level=warning msg="WARNING: No io.max (wbps) support"
time="2026-10-06T10:20:59.045927357+01:00" level=warning msg="WARNING: No io.max (riops) support"
time="2026-10-06T10:20:59.045930395+01:00" level=warning msg="WARNING: No io.max (wiops) support"
time="2026-10-06T10:20:59.045944016+01:00" level=info msg="Docker daemon" commit=8af9fe3 containerd-snapshotter=true storage-driver=overlayfs version=29.8.2
time="2026-10-06T10:20:59.045991814+01:00" level=info msg="Initializing buildkit"
time="2026-10-06T10:20:59.216151943+01:00" level=info msg="Completed buildkit initialization"
time="2026-10-06T10:20:59.219941748+01:00" level=info msg="Daemon has completed initialization"
time="2026-10-06T10:20:59.219979247+01:00" level=info msg="API listen on /home/jefferson/.local/state/s-core/dk/3b6a50809333_state/runtime/docker.sock"
time="2026-10-06T10:21:59.156543751+01:00" level=info msg="connecting to shim 7579ef6f6929c8657d4afee32ffc6ed7c893cf4906b08907d53c36dbca368faf" address="unix:///run/containerd/s/fd1639c908c6c5eeeed8a70736355118ee332e31b3d302cc73ec95bdefa9f34f" namespace=moby protocol=ttrpc version=3
time="2026-10-06T10:21:59.269052265+01:00" level=warning msg="failed to restore thread's network namespace" error="operation not permitted"
time="2026-10-06T10:21:59.289739568+01:00" level=warning msg="failed to restore thread's network namespace" error="operation not permitted"
time="2026-10-06T10:21:59.304080205+01:00" level=error msg="libnetwork: restoring thread network namespace failed" error="operation not permitted"
time="2026-10-06T10:21:59.305519437+01:00" level=warning msg="Failed to read stp_state file \"/sys/class/net/br-5443bc7b5390/bridge/stp_state\"" eid=f0b4997684b1 ep=nervous_benz error="open /sys/class/net/br-5443bc7b5390/bridge/stp_state: no such file or directory" net=score_itf_e0f4bc8d6ce4c93c nid=5443bc7b5390 veth=vethe75a91c
time="2026-10-06T10:21:59.305575255+01:00" level=warning msg="Failed to open port state file, waiting for 20ms" eid=f0b4997684b1 ep=nervous_benz net=score_itf_e0f4bc8d6ce4c93c nid=5443bc7b5390 port=/sys/class/net/br-5443bc7b5390/brif/vethb4bef2e/state veth=vethe75a91c
time="2026-10-06T10:21:59.326254002+01:00" level=warning msg="failed to restore thread's network namespace" error="operation not permitted"
time="2026-10-06T10:21:59.331801843+01:00" level=info msg="sbJoin: gwep4 ''->'f0b4997684b1', gwep6 ''->''" eid=f0b4997684b1 ep=nervous_benz net=score_itf_e0f4bc8d6ce4c93c nid=5443bc7b5390
time="2026-10-06T10:22:04.009512986+01:00" level=info msg="shim disconnected" id=7579ef6f6929c8657d4afee32ffc6ed7c893cf4906b08907d53c36dbca368faf namespace=moby
time="2026-10-06T10:22:04.009564836+01:00" level=info msg="cleaning up after shim disconnected" id=7579ef6f6929c8657d4afee32ffc6ed7c893cf4906b08907d53c36dbca368faf namespace=moby
time="2026-10-06T10:22:04.009538483+01:00" level=info msg="received task-delete event from containerd" container=7579ef6f6929c8657d4afee32ffc6ed7c893cf4906b08907d53c36dbca368faf module=libcontainerd namespace=moby topic=/tasks/delete type="*events.TaskDelete"
time="2026-10-06T10:22:04.009577660+01:00" level=info msg="cleaning up dead shim" id=7579ef6f6929c8657d4afee32ffc6ed7c893cf4906b08907d53c36dbca368faf namespace=moby
time="2026-10-06T10:22:05.721823691+01:00" level=info msg="connecting to shim 49176fbfc45a2f3235da06de61349e474dbde77fab3bd0c33c6e94391eae6673" address="unix:///run/containerd/s/01df6da29c6cb9e7a0d13b931472b70a564249e891e36dfdc569bd781ad61274" namespace=moby protocol=ttrpc version=3
time="2026-10-06T10:22:05.851260104+01:00" level=warning msg="failed to restore thread's network namespace" error="operation not permitted"
time="2026-10-06T10:22:05.869753557+01:00" level=warning msg="failed to restore thread's network namespace" error="operation not permitted"
time="2026-10-06T10:22:05.883129546+01:00" level=error msg="libnetwork: restoring thread network namespace failed" error="operation not permitted"
time="2026-10-06T10:22:05.884449869+01:00" level=warning msg="Failed to read stp_state file \"/sys/class/net/br-f2bdbca88c0c/bridge/stp_state\"" eid=1776b52c6a02 ep=funny_jemison error="open /sys/class/net/br-f2bdbca88c0c/bridge/stp_state: no such file or directory" net=score_itf_e66f9732f0269770 nid=f2bdbca88c0c veth=vetha5693ae
time="2026-10-06T10:22:05.884530848+01:00" level=warning msg="Failed to open port state file, waiting for 20ms" eid=1776b52c6a02 ep=funny_jemison net=score_itf_e66f9732f0269770 nid=f2bdbca88c0c port=/sys/class/net/br-f2bdbca88c0c/brif/veth0da83e4/state veth=vetha5693ae
time="2026-10-06T10:22:05.905346212+01:00" level=warning msg="failed to restore thread's network namespace" error="operation not permitted"
time="2026-10-06T10:22:05.909009499+01:00" level=info msg="sbJoin: gwep4 ''->'1776b52c6a02', gwep6 ''->''" eid=1776b52c6a02 ep=funny_jemison net=score_itf_e66f9732f0269770 nid=f2bdbca88c0c
time="2026-10-06T10:22:11.736375883+01:00" level=info msg="received task-delete event from containerd" container=49176fbfc45a2f3235da06de61349e474dbde77fab3bd0c33c6e94391eae6673 module=libcontainerd namespace=moby topic=/tasks/delete type="*events.TaskDelete"
time="2026-10-06T10:22:11.736442341+01:00" level=info msg="shim disconnected" id=49176fbfc45a2f3235da06de61349e474dbde77fab3bd0c33c6e94391eae6673 namespace=moby
time="2026-10-06T10:22:11.736498290+01:00" level=info msg="cleaning up after shim disconnected" id=49176fbfc45a2f3235da06de61349e474dbde77fab3bd0c33c6e94391eae6673 namespace=moby
time="2026-10-06T10:22:11.736535014+01:00" level=info msg="cleaning up dead shim" id=49176fbfc45a2f3235da06de61349e474dbde77fab3bd0c33c6e94391eae6673 namespace=moby
time="2026-10-06T10:22:13.538127098+01:00" level=info msg="connecting to shim e622261ec9ccb8f22666b9e6869b6d38484df85fda1ad2588573f7ee6fdf66bf" address="unix:///run/containerd/s/86fa305b76be22bbfc71ac82b140b8b92bafa832af0f4db95b9cb5f2dbc20869" namespace=moby protocol=ttrpc version=3
time="2026-10-06T10:22:13.658173448+01:00" level=warning msg="failed to restore thread's network namespace" error="operation not permitted"
time="2026-10-06T10:22:13.678284852+01:00" level=warning msg="failed to restore thread's network namespace" error="operation not permitted"
time="2026-10-06T10:22:13.696797707+01:00" level=error msg="libnetwork: restoring thread network namespace failed" error="operation not permitted"
time="2026-10-06T10:22:13.698027948+01:00" level=warning msg="Failed to read stp_state file \"/sys/class/net/br-327d08d7ff5a/bridge/stp_state\"" eid=30ba198164a6 ep=unruffled_rosalind error="open /sys/class/net/br-327d08d7ff5a/bridge/stp_state: no such file or directory" net=score_itf_73fd32a309d0ecb0 nid=327d08d7ff5a veth=veth32711cf
time="2026-10-06T10:22:13.698099753+01:00" level=warning msg="Failed to open port state file, waiting for 20ms" eid=30ba198164a6 ep=unruffled_rosalind net=score_itf_73fd32a309d0ecb0 nid=327d08d7ff5a port=/sys/class/net/br-327d08d7ff5a/brif/veth5a7a314/state veth=veth32711cf
time="2026-10-06T10:22:13.718660772+01:00" level=warning msg="failed to restore thread's network namespace" error="operation not permitted"
time="2026-10-06T10:22:13.721810424+01:00" level=info msg="sbJoin: gwep4 ''->'30ba198164a6', gwep6 ''->''" eid=30ba198164a6 ep=unruffled_rosalind net=score_itf_73fd32a309d0ecb0 nid=327d08d7ff5a
time="2026-10-06T10:22:19.522518510+01:00" level=info msg="shim disconnected" id=e622261ec9ccb8f22666b9e6869b6d38484df85fda1ad2588573f7ee6fdf66bf namespace=moby
time="2026-10-06T10:22:19.522537919+01:00" level=info msg="received task-delete event from containerd" container=e622261ec9ccb8f22666b9e6869b6d38484df85fda1ad2588573f7ee6fdf66bf module=libcontainerd namespace=moby topic=/tasks/delete type="*events.TaskDelete"
time="2026-10-06T10:22:19.522582036+01:00" level=info msg="cleaning up after shim disconnected" id=e622261ec9ccb8f22666b9e6869b6d38484df85fda1ad2588573f7ee6fdf66bf namespace=moby
time="2026-10-06T10:22:19.522604744+01:00" level=info msg="cleaning up dead shim" id=e622261ec9ccb8f22666b9e6869b6d38484df85fda1ad2588573f7ee6fdf66bf namespace=moby
time="2026-10-06T10:22:22.105354518+01:00" level=info msg="connecting to shim f64c88d8ef69efa904f7cb775ac35afba4dd2b0ff9f8880c5b7597320cb81e21" address="unix:///run/containerd/s/894485ba5dd0fed8629138e8f149259ea1c3808d1fea1aa96690211071f3f480" namespace=moby protocol=ttrpc version=3
time="2026-10-06T10:22:22.234386412+01:00" level=warning msg="failed to restore thread's network namespace" error="operation not permitted"
time="2026-10-06T10:22:22.253381282+01:00" level=warning msg="failed to restore thread's network namespace" error="operation not permitted"
time="2026-10-06T10:22:22.269831588+01:00" level=error msg="libnetwork: restoring thread network namespace failed" error="operation not permitted"
time="2026-10-06T10:22:22.270907021+01:00" level=warning msg="Failed to read stp_state file \"/sys/class/net/br-714410edf440/bridge/stp_state\"" eid=26fbc68db661 ep=jolly_jemison error="open /sys/class/net/br-714410edf440/bridge/stp_state: no such file or directory" net=score_itf_8d04b3bb7f59d5fa nid=714410edf440 veth=vethf28677a
time="2026-10-06T10:22:22.270957906+01:00" level=warning msg="Failed to open port state file, waiting for 20ms" eid=26fbc68db661 ep=jolly_jemison net=score_itf_8d04b3bb7f59d5fa nid=714410edf440 port=/sys/class/net/br-714410edf440/brif/veth4d659af/state veth=vethf28677a
time="2026-10-06T10:22:22.291649452+01:00" level=warning msg="failed to restore thread's network namespace" error="operation not permitted"
time="2026-10-06T10:22:22.294770024+01:00" level=info msg="sbJoin: gwep4 ''->'26fbc68db661', gwep6 ''->''" eid=26fbc68db661 ep=jolly_jemison net=score_itf_8d04b3bb7f59d5fa nid=714410edf440
time="2026-10-06T10:22:28.225347315+01:00" level=info msg="shim disconnected" id=f64c88d8ef69efa904f7cb775ac35afba4dd2b0ff9f8880c5b7597320cb81e21 namespace=moby
time="2026-10-06T10:22:28.225358218+01:00" level=info msg="received task-delete event from containerd" container=f64c88d8ef69efa904f7cb775ac35afba4dd2b0ff9f8880c5b7597320cb81e21 module=libcontainerd namespace=moby topic=/tasks/delete type="*events.TaskDelete"
time="2026-10-06T10:22:28.225412409+01:00" level=info msg="cleaning up after shim disconnected" id=f64c88d8ef69efa904f7cb775ac35afba4dd2b0ff9f8880c5b7597320cb81e21 namespace=moby
time="2026-10-06T10:22:28.225425580+01:00" level=info msg="cleaning up dead shim" id=f64c88d8ef69efa904f7cb775ac35afba4dd2b0ff9f8880c5b7597320cb81e21 namespace=moby
time="2026-10-06T10:22:29.974748631+01:00" level=info msg="connecting to shim 1ed3bc89d5b77993d31fda6b8ac713ddaff156dd69e076c3068587023437e02b" address="unix:///run/containerd/s/6e55b5962381b5984cde08c7784a84c7825524bd8d4b2912aba32cc754e75966" namespace=moby protocol=ttrpc version=3
time="2026-10-06T10:22:30.083438007+01:00" level=warning msg="failed to restore thread's network namespace" error="operation not permitted"
time="2026-10-06T10:22:30.103407757+01:00" level=warning msg="failed to restore thread's network namespace" error="operation not permitted"
time="2026-10-06T10:22:30.119247427+01:00" level=error msg="libnetwork: restoring thread network namespace failed" error="operation not permitted"
time="2026-10-06T10:22:30.120508161+01:00" level=warning msg="Failed to read stp_state file \"/sys/class/net/br-e43b1856fa70/bridge/stp_state\"" eid=06985a298876 ep=gracious_chatelet error="open /sys/class/net/br-e43b1856fa70/bridge/stp_state: no such file or directory" net=score_itf_f597065dcffb2f3f nid=e43b1856fa70 veth=vethed44fa2
time="2026-10-06T10:22:30.120579273+01:00" level=warning msg="Failed to open port state file, waiting for 20ms" eid=06985a298876 ep=gracious_chatelet net=score_itf_f597065dcffb2f3f nid=e43b1856fa70 port=/sys/class/net/br-e43b1856fa70/brif/veth92cb3f8/state veth=vethed44fa2
time="2026-10-06T10:22:30.141262968+01:00" level=warning msg="failed to restore thread's network namespace" error="operation not permitted"
time="2026-10-06T10:22:30.144508268+01:00" level=info msg="sbJoin: gwep4 ''->'06985a298876', gwep6 ''->''" eid=06985a298876 ep=gracious_chatelet net=score_itf_f597065dcffb2f3f nid=e43b1856fa70
time="2026-10-06T10:22:35.898894627+01:00" level=info msg="received task-delete event from containerd" container=1ed3bc89d5b77993d31fda6b8ac713ddaff156dd69e076c3068587023437e02b module=libcontainerd namespace=moby topic=/tasks/delete type="*events.TaskDelete"
time="2026-10-06T10:22:35.898912385+01:00" level=info msg="shim disconnected" id=1ed3bc89d5b77993d31fda6b8ac713ddaff156dd69e076c3068587023437e02b namespace=moby
time="2026-10-06T10:22:35.898947472+01:00" level=info msg="cleaning up after shim disconnected" id=1ed3bc89d5b77993d31fda6b8ac713ddaff156dd69e076c3068587023437e02b namespace=moby
time="2026-10-06T10:22:35.898956014+01:00" level=info msg="cleaning up dead shim" id=1ed3bc89d5b77993d31fda6b8ac713ddaff156dd69e076c3068587023437e02b namespace=moby
time="2026-10-06T10:22:37.675433645+01:00" level=info msg="connecting to shim 2f7252ab2c7ee754d55f4f827362431b917a1a37ef0c2db47ca2a6703c714c67" address="unix:///run/containerd/s/66e193b363ef7240e8e3ef2bdc7e0870d305843ccb731574afd2f46b83330ff2" namespace=moby protocol=ttrpc version=3
time="2026-10-06T10:22:37.793196565+01:00" level=warning msg="failed to restore thread's network namespace" error="operation not permitted"
time="2026-10-06T10:22:37.811800681+01:00" level=warning msg="failed to restore thread's network namespace" error="operation not permitted"
time="2026-10-06T10:22:37.818897650+01:00" level=error msg="libnetwork: restoring thread network namespace failed" error="operation not permitted"
time="2026-10-06T10:22:37.820044145+01:00" level=warning msg="Failed to read stp_state file \"/sys/class/net/br-686e75d60faf/bridge/stp_state\"" eid=1ac4caee473a ep=nice_albattani error="open /sys/class/net/br-686e75d60faf/bridge/stp_state: no such file or directory" net=score_itf_777f1ee8a0cbcc68 nid=686e75d60faf veth=veth655f879
time="2026-10-06T10:22:37.820135132+01:00" level=warning msg="Failed to open port state file, waiting for 20ms" eid=1ac4caee473a ep=nice_albattani net=score_itf_777f1ee8a0cbcc68 nid=686e75d60faf port=/sys/class/net/br-686e75d60faf/brif/vetha612366/state veth=veth655f879
time="2026-10-06T10:22:37.840867047+01:00" level=warning msg="failed to restore thread's network namespace" error="operation not permitted"
time="2026-10-06T10:22:37.844910185+01:00" level=info msg="sbJoin: gwep4 ''->'1ac4caee473a', gwep6 ''->''" eid=1ac4caee473a ep=nice_albattani net=score_itf_777f1ee8a0cbcc68 nid=686e75d60faf
time="2026-10-06T10:22:43.643619479+01:00" level=info msg="received task-delete event from containerd" container=2f7252ab2c7ee754d55f4f827362431b917a1a37ef0c2db47ca2a6703c714c67 module=libcontainerd namespace=moby topic=/tasks/delete type="*events.TaskDelete"
time="2026-10-06T10:22:43.643656617+01:00" level=info msg="shim disconnected" id=2f7252ab2c7ee754d55f4f827362431b917a1a37ef0c2db47ca2a6703c714c67 namespace=moby
time="2026-10-06T10:22:43.643697183+01:00" level=info msg="cleaning up after shim disconnected" id=2f7252ab2c7ee754d55f4f827362431b917a1a37ef0c2db47ca2a6703c714c67 namespace=moby
time="2026-10-06T10:22:43.643709880+01:00" level=info msg="cleaning up dead shim" id=2f7252ab2c7ee754d55f4f827362431b917a1a37ef0c2db47ca2a6703c714c67 namespace=moby
time="2026-10-06T10:22:46.994344500+01:00" level=info msg="Processing signal 'terminated'"
time="2026-10-06T10:22:46.994453615+01:00" level=info msg="Processing signal 'terminated'"
time="2026-10-06T10:22:46.994473687+01:00" level=info msg="Processing signal 'terminated'"
time="2026-10-06T10:22:46.994873125+01:00" level=info msg="stopping event stream following graceful shutdown" error="<nil>" module=libcontainerd namespace=moby
time="2026-10-06T10:22:46.995608362+01:00" level=info msg="stopping event stream following graceful shutdown" error="context canceled" module=libcontainerd namespace=plugins.moby
time="2026-10-06T10:22:46.995596481+01:00" level=info msg="stopping containerd healthcheck following graceful shutdown" binary=/usr/bin/containerd module=supervisor pid=1803083
time="2026-10-06T10:22:47.996905024+01:00" level=info msg="Daemon shutdown complete"
