262 warnings generated.
/media/jefferson/11c42dee-73a3-4c2b-ab42-a0440011d9e0/.s-core-build/runs/communication-complete-3c7jhdey/bazel-output/8d7477de0cf318c0a7997a7b39c23d59/sandbox/linux-sandbox/1007/execroot/_main/score/mw/com/doc/tutorial/chapter_4/consumer/consumer.cpp:142:5: warning: function 'main' has cognitive complexity of 28 (threshold 25) [readability-function-cognitive-complexity]
  142 | int main()
      |     ^
/media/jefferson/11c42dee-73a3-4c2b-ab42-a0440011d9e0/.s-core-build/runs/communication-complete-3c7jhdey/bazel-output/8d7477de0cf318c0a7997a7b39c23d59/sandbox/linux-sandbox/1007/execroot/_main/score/mw/com/doc/tutorial/chapter_4/consumer/consumer.cpp:165:33: note: nesting level increased to 1
  165 |     auto find_service_handler = [&state](score::mw::com::ServiceHandleContainer<HelloWorldProxy::HandleType> handles,
      |                                 ^
/media/jefferson/11c42dee-73a3-4c2b-ab42-a0440011d9e0/.s-core-build/runs/communication-complete-3c7jhdey/bazel-output/8d7477de0cf318c0a7997a7b39c23d59/sandbox/linux-sandbox/1007/execroot/_main/score/mw/com/doc/tutorial/chapter_4/consumer/consumer.cpp:176:9: note: +2, including nesting penalty of 1, nesting level increased to 2
  176 |         if (!state.search_stopped.exchange(true))
      |         ^
/media/jefferson/11c42dee-73a3-4c2b-ab42-a0440011d9e0/.s-core-build/runs/communication-complete-3c7jhdey/bazel-output/8d7477de0cf318c0a7997a7b39c23d59/sandbox/linux-sandbox/1007/execroot/_main/score/mw/com/doc/tutorial/chapter_4/consumer/consumer.cpp:188:9: note: +2, including nesting penalty of 1, nesting level increased to 2
  188 |         if (!proxy_1_result)
      |         ^
/media/jefferson/11c42dee-73a3-4c2b-ab42-a0440011d9e0/.s-core-build/runs/communication-complete-3c7jhdey/bazel-output/8d7477de0cf318c0a7997a7b39c23d59/sandbox/linux-sandbox/1007/execroot/_main/score/mw/com/doc/tutorial/chapter_4/consumer/consumer.cpp:197:9: note: +2, including nesting penalty of 1, nesting level increased to 2
  197 |         if (!subscribe_1_result)
      |         ^
/media/jefferson/11c42dee-73a3-4c2b-ab42-a0440011d9e0/.s-core-build/runs/communication-complete-3c7jhdey/bazel-output/8d7477de0cf318c0a7997a7b39c23d59/sandbox/linux-sandbox/1007/execroot/_main/score/mw/com/doc/tutorial/chapter_4/consumer/consumer.cpp:209:9: note: +2, including nesting penalty of 1, nesting level increased to 2
  209 |         if (polled_state == score::mw::com::SubscriptionState::kSubscribed)
      |         ^
/media/jefferson/11c42dee-73a3-4c2b-ab42-a0440011d9e0/.s-core-build/runs/communication-complete-3c7jhdey/bazel-output/8d7477de0cf318c0a7997a7b39c23d59/sandbox/linux-sandbox/1007/execroot/_main/score/mw/com/doc/tutorial/chapter_4/consumer/consumer.cpp:214:9: note: +1, nesting level increased to 2
  214 |         else
      |         ^
/media/jefferson/11c42dee-73a3-4c2b-ab42-a0440011d9e0/.s-core-build/runs/communication-complete-3c7jhdey/bazel-output/8d7477de0cf318c0a7997a7b39c23d59/sandbox/linux-sandbox/1007/execroot/_main/score/mw/com/doc/tutorial/chapter_4/consumer/consumer.cpp:221:9: note: +2, including nesting penalty of 1, nesting level increased to 2
  221 |         if (!proxy_2_result)
      |         ^
/media/jefferson/11c42dee-73a3-4c2b-ab42-a0440011d9e0/.s-core-build/runs/communication-complete-3c7jhdey/bazel-output/8d7477de0cf318c0a7997a7b39c23d59/sandbox/linux-sandbox/1007/execroot/_main/score/mw/com/doc/tutorial/chapter_4/consumer/consumer.cpp:235:13: note: nesting level increased to 2
  235 |             [handler_state](const score::mw::com::SubscriptionState new_state) noexcept -> bool {
      |             ^
/media/jefferson/11c42dee-73a3-4c2b-ab42-a0440011d9e0/.s-core-build/runs/communication-complete-3c7jhdey/bazel-output/8d7477de0cf318c0a7997a7b39c23d59/sandbox/linux-sandbox/1007/execroot/_main/score/mw/com/doc/tutorial/chapter_4/consumer/consumer.cpp:240:9: note: +2, including nesting penalty of 1, nesting level increased to 2
  240 |         if (!set_handler_result)
      |         ^
/media/jefferson/11c42dee-73a3-4c2b-ab42-a0440011d9e0/.s-core-build/runs/communication-complete-3c7jhdey/bazel-output/8d7477de0cf318c0a7997a7b39c23d59/sandbox/linux-sandbox/1007/execroot/_main/score/mw/com/doc/tutorial/chapter_4/consumer/consumer.cpp:249:9: note: +2, including nesting penalty of 1, nesting level increased to 2
  249 |         if (!subscribe_2_result)
      |         ^
/media/jefferson/11c42dee-73a3-4c2b-ab42-a0440011d9e0/.s-core-build/runs/communication-complete-3c7jhdey/bazel-output/8d7477de0cf318c0a7997a7b39c23d59/sandbox/linux-sandbox/1007/execroot/_main/score/mw/com/doc/tutorial/chapter_4/consumer/consumer.cpp:263:5: note: +1, including nesting penalty of 0, nesting level increased to 1
  263 |     if (!find_service_handle_result)
      |     ^
/media/jefferson/11c42dee-73a3-4c2b-ab42-a0440011d9e0/.s-core-build/runs/communication-complete-3c7jhdey/bazel-output/8d7477de0cf318c0a7997a7b39c23d59/sandbox/linux-sandbox/1007/execroot/_main/score/mw/com/doc/tutorial/chapter_4/consumer/consumer.cpp:270:5: note: +1, including nesting penalty of 0, nesting level increased to 1
  270 |     while (g_running.load(std::memory_order_relaxed))
      |     ^
/media/jefferson/11c42dee-73a3-4c2b-ab42-a0440011d9e0/.s-core-build/runs/communication-complete-3c7jhdey/bazel-output/8d7477de0cf318c0a7997a7b39c23d59/sandbox/linux-sandbox/1007/execroot/_main/score/mw/com/doc/tutorial/chapter_4/consumer/consumer.cpp:274:9: note: +2, including nesting penalty of 1, nesting level increased to 2
  274 |         if (state.fatal_error.load(std::memory_order_relaxed))
      |         ^
/media/jefferson/11c42dee-73a3-4c2b-ab42-a0440011d9e0/.s-core-build/runs/communication-complete-3c7jhdey/bazel-output/8d7477de0cf318c0a7997a7b39c23d59/sandbox/linux-sandbox/1007/execroot/_main/score/mw/com/doc/tutorial/chapter_4/consumer/consumer.cpp:283:9: note: +2, including nesting penalty of 1, nesting level increased to 2
  283 |         if (!state.proxies_created)
      |         ^
/media/jefferson/11c42dee-73a3-4c2b-ab42-a0440011d9e0/.s-core-build/runs/communication-complete-3c7jhdey/bazel-output/8d7477de0cf318c0a7997a7b39c23d59/sandbox/linux-sandbox/1007/execroot/_main/score/mw/com/doc/tutorial/chapter_4/consumer/consumer.cpp:292:9: note: +2, including nesting penalty of 1, nesting level increased to 2
  292 |         if (state.proxy_poll_receiving.load(std::memory_order_relaxed))
      |         ^
/media/jefferson/11c42dee-73a3-4c2b-ab42-a0440011d9e0/.s-core-build/runs/communication-complete-3c7jhdey/bazel-output/8d7477de0cf318c0a7997a7b39c23d59/sandbox/linux-sandbox/1007/execroot/_main/score/mw/com/doc/tutorial/chapter_4/consumer/consumer.cpp:300:9: note: +2, including nesting penalty of 1, nesting level increased to 2
  300 |         if (state.proxy_handler_state.load(std::memory_order_relaxed) == score::mw::com::SubscriptionState::kSubscribed)
      |         ^
/media/jefferson/11c42dee-73a3-4c2b-ab42-a0440011d9e0/.s-core-build/runs/communication-complete-3c7jhdey/bazel-output/8d7477de0cf318c0a7997a7b39c23d59/sandbox/linux-sandbox/1007/execroot/_main/score/mw/com/doc/tutorial/chapter_4/consumer/consumer.cpp:304:9: note: +1, nesting level increased to 2
  304 |         else
      |         ^
/media/jefferson/11c42dee-73a3-4c2b-ab42-a0440011d9e0/.s-core-build/runs/communication-complete-3c7jhdey/bazel-output/8d7477de0cf318c0a7997a7b39c23d59/sandbox/linux-sandbox/1007/execroot/_main/score/mw/com/doc/tutorial/chapter_4/consumer/consumer.cpp:312:5: note: +1, including nesting penalty of 0, nesting level increased to 1
  312 |     if (!state.search_stopped.exchange(true))
      |     ^
/media/jefferson/11c42dee-73a3-4c2b-ab42-a0440011d9e0/.s-core-build/runs/communication-complete-3c7jhdey/bazel-output/8d7477de0cf318c0a7997a7b39c23d59/sandbox/linux-sandbox/1007/execroot/_main/score/mw/com/doc/tutorial/chapter_4/consumer/consumer.cpp:318:62: note: +1, including nesting penalty of 0, nesting level increased to 1
  318 |     return state.fatal_error.load(std::memory_order_relaxed) ? 1 : 0;
      |                                                              ^
Suppressed 354 warnings (257 in non-user code, 93 NOLINT, 4 with check filters).
Use -header-filter=.* or leave it as default to display errors from all non-system headers. Use -system-headers to display errors from system headers as well.
