$TEST_TMPDIR defined, some defaults will be overridden
OpenJDK 64-Bit Server VM warning: Options -Xverify:none and -noverify were deprecated in JDK 13 and will likely be removed in a future release.
WARNING: The following configs were expanded more than once: [linux_x64_gcc_15]. For repeatable flags, repeats are counted twice and may lead to unexpected behavior.
Computing main repo mapping: 
WARNING: The following configs were expanded more than once: [linux_x64_gcc_15]. For repeatable flags, repeats are counted twice and may lead to unexpected behavior.
Computing main repo mapping: 
Computing main repo mapping: 
Computing main repo mapping: 
Loading: 
Loading: 5 packages loaded
Analyzing: target //score/mw/com/test/basic_rust_api/subscription_state_apis/integration_test:test_subscription_state_apis (6 packages loaded, 0 targets configured)
Analyzing: target //score/mw/com/test/basic_rust_api/subscription_state_apis/integration_test:test_subscription_state_apis (6 packages loaded, 0 targets configured)

Analyzing: target //score/mw/com/test/basic_rust_api/subscription_state_apis/integration_test:test_subscription_state_apis (114 packages loaded, 465 targets configured)

WARNING: /media/jefferson/11c42dee-73a3-4c2b-ab42-a0440011d9e0/.s-core-build/runs/communication-complete-3c7jhdey/workspaces/integrated/MODULE.bazel:196:20: The module extension apt defined in @rules_distroless//apt:extensions.bzl reported incorrect imports of repositories via use_repo():

Imported, but reported as indirect dependencies by the extension:
    ubuntu24_04_sysroot_resolve

Fix the use_repo calls by running 'bazel mod tidy'.
Analyzing: target //score/mw/com/test/basic_rust_api/subscription_state_apis/integration_test:test_subscription_state_apis (452 packages loaded, 13759 targets configured)

Analyzing: target //score/mw/com/test/basic_rust_api/subscription_state_apis/integration_test:test_subscription_state_apis (543 packages loaded, 18425 targets configured)

INFO: Analyzed target //score/mw/com/test/basic_rust_api/subscription_state_apis/integration_test:test_subscription_state_apis (545 packages loaded, 18463 targets configured).
[667 / 1,434] checking cached actions
[1,434 / 1,435] Testing //score/mw/com/test/basic_rust_api/subscription_state_apis/integration_test:test_subscription_state_apis; 1s linux-sandbox
[1,434 / 1,435] Testing //score/mw/com/test/basic_rust_api/subscription_state_apis/integration_test:test_subscription_state_apis; 10s linux-sandbox
[1,434 / 1,435] 1 / 1 tests; Testing //score/mw/com/test/basic_rust_api/subscription_state_apis/integration_test:test_subscription_state_apis; 19s linux-sandbox
INFO: Found 1 test target...
Target //score/mw/com/test/basic_rust_api/subscription_state_apis/integration_test:test_subscription_state_apis up-to-date:
  bazel-bin/score/mw/com/test/basic_rust_api/subscription_state_apis/integration_test/test_subscription_state_apis
INFO: Elapsed time: 31.042s, Critical Path: 20.24s
INFO: 2 processes: 1450 action cache hit, 1 internal, 1 linux-sandbox.
INFO: Build completed successfully, 2 total actions
INFO: 
//score/mw/com/test/basic_rust_api/subscription_state_apis/integration_test:test_subscription_state_apis PASSED in 19.8s

Executed 1 out of 1 test: 1 test passes.
There were tests whose specified size is too big. Use the --test_verbose_timeout_warnings command line option to see which ones these are.
INFO: Build Event Protocol files produced successfully.
