$TEST_TMPDIR defined, some defaults will be overridden
OpenJDK 64-Bit Server VM warning: Options -Xverify:none and -noverify were deprecated in JDK 13 and will likely be removed in a future release.
WARNING: The following configs were expanded more than once: [linux_x64_gcc_15, sanitizer_common, with_debug_symbols]. For repeatable flags, repeats are counted twice and may lead to unexpected behavior.
WARNING: option '--platform_suffix' was expanded to from both option '--config=asan_ubsan_lsan' (source command line options) and option '--config=asan_ubsan_lsan' (source command line options)
Computing main repo mapping: 
WARNING: The following configs were expanded more than once: [linux_x64_gcc_15, sanitizer_common, with_debug_symbols]. For repeatable flags, repeats are counted twice and may lead to unexpected behavior.
WARNING: option '--platform_suffix' was expanded to from both option '--config=asan_ubsan_lsan' (source command line options) and option '--config=asan_ubsan_lsan' (source command line options)
Loading: 
Loading: 6 packages loaded
Analyzing: 517 targets (317 packages loaded, 0 targets configured)
Analyzing: 517 targets (317 packages loaded, 0 targets configured)

WARNING: /media/jefferson/11c42dee-73a3-4c2b-ab42-a0440011d9e0/.s-core-build/runs/communication-complete-3c7jhdey/workspaces/integrated/MODULE.bazel:196:20: The module extension apt defined in @rules_distroless//apt:extensions.bzl reported incorrect imports of repositories via use_repo():

Imported, but reported as indirect dependencies by the extension:
    ubuntu24_04_sysroot_resolve

Fix the use_repo calls by running 'bazel mod tidy'.
WARNING: /media/jefferson/11c42dee-73a3-4c2b-ab42-a0440011d9e0/.s-core-build/runs/communication-complete-3c7jhdey/workspaces/integrated/score/mw/com/test/api/BUILD:18:11: in cc_library rule //score/mw/com/test/api:api: target '//score/mw/com/test/api:api' depends on deprecated target '//score/memory/shared:types': This aggregation target is deprecated and pulls in the unmaintained/broken ':map' target on some platforms. Depend directly on the specific score/memory/shared sub-targets you need (e.g. ':offset_ptr', ':vector', ':string', ...) instead.
INFO: Analyzed 517 targets (1598 packages loaded, 55404 targets configured).
[648 / 1,692] [Prepa] Writing script score/mw/com/impl/bindings/lola/messaging/method_subscription_registration_guard_test
[2,201 / 7,169] Creating runfiles tree bazel-out/k8-fastbuild-asan_ubsan_lsan/bin/quality/dependency_compatibility_checker/tests/test_generate_report.runfiles; 0s local ... (3 actions, 2 running)
[2,743 / 7,917] Creating runfiles tree bazel-out/k8-fastbuild-asan_ubsan_lsan/bin/bazel/toolchains/sphinx_toolchain_binary.runfiles; 8s local ... (6 actions, 5 running)
[3,644 / 10,226] [Prepa] Creating source manifest for //score/mw/com/test/fields/getter_setter_if_available/integration_test:test_setter_and_getter_different_process
[4,508 / 12,078] [Prepa] Writing file score/mw/com/impl/configuration/test/invalid_json_incomplete_instance
[5,192 / 13,866] Writing repo mapping manifest for //score/mw/com/test/partial_restart/provider_restart_max_subscribers/integration_test:provider_restart_max_subscribers_no_proxy; 4s local
[5,389 / 14,128] [Prepa] Symlinking virtual headers for //score/mw/com/test/api:api
INFO: From lobster-gtest bazel-out/k8-fastbuild-asan_ubsan_lsan/bin/third_party/score_baselibs/bitmanipulation_component.lobster:
Written output for 0 items to bazel-out/k8-fastbuild-asan_ubsan_lsan/bin/third_party/score_baselibs/bitmanipulation_component.lobster
INFO: From lobster-html-report bazel-out/k8-fastbuild-asan_ubsan_lsan/bin/third_party/score_baselibs/bitmanipulation_component_report.html:
LOBSTER HTML report written to bazel-out/k8-fastbuild-asan_ubsan_lsan/bin/third_party/score_baselibs/bitmanipulation_component_report.html
INFO: From lobster-gtest bazel-out/k8-fastbuild-asan_ubsan_lsan/bin/third_party/score_baselibs/os_component.lobster:
Written output for 0 items to bazel-out/k8-fastbuild-asan_ubsan_lsan/bin/third_party/score_baselibs/os_component.lobster
INFO: From lobster-html-report bazel-out/k8-fastbuild-asan_ubsan_lsan/bin/third_party/score_baselibs/os_component_report.html:
LOBSTER HTML report written to bazel-out/k8-fastbuild-asan_ubsan_lsan/bin/third_party/score_baselibs/os_component_report.html
INFO: From lobster-gtest bazel-out/k8-fastbuild-asan_ubsan_lsan/bin/third_party/score_baselibs/futurecpp_component.lobster:
Written output for 0 items to bazel-out/k8-fastbuild-asan_ubsan_lsan/bin/third_party/score_baselibs/futurecpp_component.lobster
INFO: From lobster-html-report bazel-out/k8-fastbuild-asan_ubsan_lsan/bin/third_party/score_baselibs/futurecpp_component_report.html:
LOBSTER HTML report written to bazel-out/k8-fastbuild-asan_ubsan_lsan/bin/third_party/score_baselibs/futurecpp_component_report.html
INFO: From lobster-trlc bazel-out/k8-fastbuild-asan_ubsan_lsan/bin/score/mw/com/dependability/requirements/feature_requirements/feature_requirements_ipc.lobster:
lobster-trlc: wrote 38 items to bazel-out/k8-fastbuild-asan_ubsan_lsan/bin/score/mw/com/dependability/requirements/feature_requirements/feature_requirements_ipc.lobster
INFO: From lobster-gtest bazel-out/k8-fastbuild-asan_ubsan_lsan/bin/third_party/score_baselibs/containers_component.lobster:
Written output for 0 items to bazel-out/k8-fastbuild-asan_ubsan_lsan/bin/third_party/score_baselibs/containers_component.lobster
INFO: From lobster-trlc bazel-out/k8-fastbuild-asan_ubsan_lsan/bin/score/mw/com/dependability/assumed_system/assumed_system_requirements.lobster:
lobster-trlc: wrote 13 items to bazel-out/k8-fastbuild-asan_ubsan_lsan/bin/score/mw/com/dependability/assumed_system/assumed_system_requirements.lobster
INFO: From lobster-trlc bazel-out/k8-fastbuild-asan_ubsan_lsan/bin/score/mw/com/dependability/safety_analysis/mw_com_safety_analysis/failuremodes.lobster:
lobster-trlc: wrote 70 items to bazel-out/k8-fastbuild-asan_ubsan_lsan/bin/score/mw/com/dependability/safety_analysis/mw_com_safety_analysis/failuremodes.lobster
INFO: From lobster-html-report bazel-out/k8-fastbuild-asan_ubsan_lsan/bin/third_party/score_baselibs/containers_component_report.html:
LOBSTER HTML report written to bazel-out/k8-fastbuild-asan_ubsan_lsan/bin/third_party/score_baselibs/containers_component_report.html
[5,669 / 14,146] 3 / 517 tests; [Sched] Testing //tools/review-checklists:requirements.test ... (6 actions, 1 running)
[5,669 / 14,146] 3 / 517 tests; [Sched] Testing //tools/review-checklists:requirements.test; 11s ... (6 actions, 1 running)
[5,669 / 14,146] 3 / 517 tests; [Sched] Testing //quality/dependency_compatibility_checker/tests:test_generate_matrix; 23s ... (6 actions, 2 running)
[5,670 / 14,146] 5 / 517 tests; [Sched] Testing //quality/visibility_guard:visibility_guard_test; 33s ... (6 actions, 2 running)
[5,672 / 14,146] 6 / 517 tests; [Sched] Testing //score/mw/com/dependability/requirements/feature_requirements:feature_requirements_ipc_test; 45s ... (6 actions, 1 running)
[5,672 / 14,146] 6 / 517 tests; [Sched] Testing //score/mw/com/dependability/requirements/feature_requirements:feature_requirements_ipc_test; 75s ... (6 actions, 1 running)
[5,681 / 14,146] 15 / 517 tests; [Sched] Testing //:format_test_Starlark_with_buildifier; 5s ... (6 actions, 2 running)
[5,685 / 14,146] 19 / 517 tests; [Sched] Testing //tools/review-checklists/scripts:check_acknowledgements_test; 16s ... (6 actions, 1 running)
[5,692 / 14,146] 26 / 517 tests; [Sched] Testing //tools/review-checklists/scripts:helpers_test ... (6 actions, 1 running)
[5,730 / 14,152] 30 / 517 tests; [Sched] Testing //third_party/score_baselibs:containers_component; 10s ... (6 actions, 4 running)
INFO: From Compiling score/mw/com/test/receive_handler_unsubscribe/receive_handler_unsubscribe_application.cpp:
In file included from score/mw/com/test/receive_handler_unsubscribe/receive_handler_unsubscribe_application.cpp:16:
In file included from ./score/mw/com/test/common_test_resources/sample_sender_receiver.h:18:
In file included from ./score/mw/com/runtime.h:24:
In file included from ./score/mw/com/mocking/i_runtime.h:17:
In file included from ./score/mw/com/types.h:24:
In file included from ./score/mw/com/impl/generic_proxy.h:18:
In file included from ./score/mw/com/impl/generic_proxy_event.h:18:
In file included from ./score/mw/com/impl/proxy_base.h:18:
In file included from ./score/mw/com/impl/handle_type.h:18:
In file included from ./score/mw/com/impl/instance_identifier.h:16:
./score/mw/com/impl/com_error.h:186:65: warning: 'kServiceInstanceAlreadyOffered' is deprecated: Value has never been used. Calls to OfferService shall be idempotent. [-Wdeprecated-declarations]
  186 |             case static_cast<score::result::ErrorCode>(ComErrc::kServiceInstanceAlreadyOffered):
      |                                                                 ^
./score/mw/com/impl/com_error.h:58:11: note: 'kServiceInstanceAlreadyOffered' has been explicitly marked deprecated here
   58 |         [[deprecated("Value has never been used. Calls to OfferService shall be idempotent.")]],
      |           ^
1 warning generated.
INFO: From Compiling score/mw/com/gateway/transport_layer/sample/sample_hypervisor_transport_test.cpp:
In file included from score/mw/com/gateway/transport_layer/sample/sample_hypervisor_transport_test.cpp:13:
In file included from ./score/mw/com/gateway/transport_layer/sample/sample_hypervisor_transport.h:16:
In file included from ./score/mw/com/gateway/gateway_application/gateway_core.h:16:
In file included from ./score/mw/com/gateway/transport_layer/transport.h:17:
In file included from ./score/mw/com/types.h:24:
In file included from ./score/mw/com/impl/generic_proxy.h:18:
In file included from ./score/mw/com/impl/generic_proxy_event.h:18:
In file included from ./score/mw/com/impl/proxy_base.h:18:
In file included from ./score/mw/com/impl/handle_type.h:18:
In file included from ./score/mw/com/impl/instance_identifier.h:16:
./score/mw/com/impl/com_error.h:186:65: warning: 'kServiceInstanceAlreadyOffered' is deprecated: Value has never been used. Calls to OfferService shall be idempotent. [-Wdeprecated-declarations]
  186 |             case static_cast<score::result::ErrorCode>(ComErrc::kServiceInstanceAlreadyOffered):
      |                                                                 ^
./score/mw/com/impl/com_error.h:58:11: note: 'kServiceInstanceAlreadyOffered' has been explicitly marked deprecated here
   58 |         [[deprecated("Value has never been used. Calls to OfferService shall be idempotent.")]],
      |           ^
1 warning generated.
[5,837 / 14,179] 64 / 517 tests; Generating AST dump for API surface: @@//score/mw/com:api_surface_test_gen; 5s linux-sandbox ... (6 actions running)
INFO: From Compiling score/mw/com/test/data_slots_read_only/data_slots_read_only_application.cpp:
In file included from score/mw/com/test/data_slots_read_only/data_slots_read_only_application.cpp:16:
In file included from ./score/mw/com/test/common_test_resources/sample_sender_receiver.h:18:
In file included from ./score/mw/com/runtime.h:24:
In file included from ./score/mw/com/mocking/i_runtime.h:17:
In file included from ./score/mw/com/types.h:24:
In file included from ./score/mw/com/impl/generic_proxy.h:18:
In file included from ./score/mw/com/impl/generic_proxy_event.h:18:
In file included from ./score/mw/com/impl/proxy_base.h:18:
In file included from ./score/mw/com/impl/handle_type.h:18:
In file included from ./score/mw/com/impl/instance_identifier.h:16:
./score/mw/com/impl/com_error.h:186:65: warning: 'kServiceInstanceAlreadyOffered' is deprecated: Value has never been used. Calls to OfferService shall be idempotent. [-Wdeprecated-declarations]
  186 |             case static_cast<score::result::ErrorCode>(ComErrc::kServiceInstanceAlreadyOffered):
      |                                                                 ^
./score/mw/com/impl/com_error.h:58:11: note: 'kServiceInstanceAlreadyOffered' has been explicitly marked deprecated here
   58 |         [[deprecated("Value has never been used. Calls to OfferService shall be idempotent.")]],
      |           ^
1 warning generated.
INFO: From Generating AST dump for API surface: @@//score/mw/com:api_surface_test_gen:
In file included from bazel-out/k8-fastbuild-asan_ubsan_lsan/bin/score/mw/com/api_surface_test_gen_combined.cpp:1:
In file included from ./score/mw/com/com_error_domain.h:16:
./score/mw/com/impl/com_error.h:186:65: warning: 'kServiceInstanceAlreadyOffered' is deprecated: Value has never been used. Calls to OfferService shall be idempotent. [-Wdeprecated-declarations]
  186 |             case static_cast<score::result::ErrorCode>(ComErrc::kServiceInstanceAlreadyOffered):
      |                                                                 ^
./score/mw/com/impl/com_error.h:58:11: note: 'kServiceInstanceAlreadyOffered' has been explicitly marked deprecated here
   58 |         [[deprecated("Value has never been used. Calls to OfferService shall be idempotent.")]],
      |           ^
1 warning generated.
INFO: From Compiling score/mw/com/test/service_discovery_during_consumer_crash/consumer.cpp:
In file included from score/mw/com/test/service_discovery_during_consumer_crash/consumer.cpp:15:
In file included from ./score/mw/com/runtime.h:24:
In file included from ./score/mw/com/mocking/i_runtime.h:17:
In file included from ./score/mw/com/types.h:24:
In file included from ./score/mw/com/impl/generic_proxy.h:18:
In file included from ./score/mw/com/impl/generic_proxy_event.h:18:
In file included from ./score/mw/com/impl/proxy_base.h:18:
In file included from ./score/mw/com/impl/handle_type.h:18:
In file included from ./score/mw/com/impl/instance_identifier.h:16:
./score/mw/com/impl/com_error.h:186:65: warning: 'kServiceInstanceAlreadyOffered' is deprecated: Value has never been used. Calls to OfferService shall be idempotent. [-Wdeprecated-declarations]
  186 |             case static_cast<score::result::ErrorCode>(ComErrc::kServiceInstanceAlreadyOffered):
      |                                                                 ^
./score/mw/com/impl/com_error.h:58:11: note: 'kServiceInstanceAlreadyOffered' has been explicitly marked deprecated here
   58 |         [[deprecated("Value has never been used. Calls to OfferService shall be idempotent.")]],
      |           ^
1 warning generated.
[5,875 / 14,179] 65 / 517 tests; Compiling googlemock/src/gmock-spec-builders.cc; 4s linux-sandbox ... (6 actions, 5 running)
INFO: From Compiling score/mw/com/test/service_discovery_during_consumer_crash/provider.cpp:
In file included from score/mw/com/test/service_discovery_during_consumer_crash/provider.cpp:18:
In file included from ./score/mw/com/test/common_test_resources/provider_resources.h:17:
In file included from ./score/mw/com/com_error_domain.h:16:
./score/mw/com/impl/com_error.h:186:65: warning: 'kServiceInstanceAlreadyOffered' is deprecated: Value has never been used. Calls to OfferService shall be idempotent. [-Wdeprecated-declarations]
  186 |             case static_cast<score::result::ErrorCode>(ComErrc::kServiceInstanceAlreadyOffered):
      |                                                                 ^
./score/mw/com/impl/com_error.h:58:11: note: 'kServiceInstanceAlreadyOffered' has been explicitly marked deprecated here
   58 |         [[deprecated("Value has never been used. Calls to OfferService shall be idempotent.")]],
      |           ^
1 warning generated.
INFO: From Compiling score/mw/com/test/service_discovery_during_consumer_crash/test_datatype.cpp:
In file included from score/mw/com/test/service_discovery_during_consumer_crash/test_datatype.cpp:14:
In file included from ./score/mw/com/test/service_discovery_during_consumer_crash/test_datatype.h:17:
In file included from ./score/mw/com/types.h:24:
In file included from ./score/mw/com/impl/generic_proxy.h:18:
In file included from ./score/mw/com/impl/generic_proxy_event.h:18:
In file included from ./score/mw/com/impl/proxy_base.h:18:
In file included from ./score/mw/com/impl/handle_type.h:18:
In file included from ./score/mw/com/impl/instance_identifier.h:16:
./score/mw/com/impl/com_error.h:186:65: warning: 'kServiceInstanceAlreadyOffered' is deprecated: Value has never been used. Calls to OfferService shall be idempotent. [-Wdeprecated-declarations]
  186 |             case static_cast<score::result::ErrorCode>(ComErrc::kServiceInstanceAlreadyOffered):
      |                                                                 ^
./score/mw/com/impl/com_error.h:58:11: note: 'kServiceInstanceAlreadyOffered' has been explicitly marked deprecated here
   58 |         [[deprecated("Value has never been used. Calls to OfferService shall be idempotent.")]],
      |           ^
1 warning generated.
[5,911 / 14,179] 65 / 517 tests; Extracting API surface: @@//score/mw/com:api_surface_test_gen; 13s linux-sandbox ... (6 actions, 5 running)
INFO: From Compiling score/mw/com/gateway/gateway_application/gateway_application_test.cpp:
In file included from score/mw/com/gateway/gateway_application/gateway_application_test.cpp:13:
In file included from ./score/mw/com/gateway/gateway_application/gateway_application.h:19:
In file included from ./score/mw/com/gateway/gateway_application/gateway_core.h:16:
In file included from ./score/mw/com/gateway/transport_layer/transport.h:17:
In file included from ./score/mw/com/types.h:24:
In file included from ./score/mw/com/impl/generic_proxy.h:18:
In file included from ./score/mw/com/impl/generic_proxy_event.h:18:
In file included from ./score/mw/com/impl/proxy_base.h:18:
In file included from ./score/mw/com/impl/handle_type.h:18:
In file included from ./score/mw/com/impl/instance_identifier.h:16:
./score/mw/com/impl/com_error.h:186:65: warning: 'kServiceInstanceAlreadyOffered' is deprecated: Value has never been used. Calls to OfferService shall be idempotent. [-Wdeprecated-declarations]
  186 |             case static_cast<score::result::ErrorCode>(ComErrc::kServiceInstanceAlreadyOffered):
      |                                                                 ^
./score/mw/com/impl/com_error.h:58:11: note: 'kServiceInstanceAlreadyOffered' has been explicitly marked deprecated here
   58 |         [[deprecated("Value has never been used. Calls to OfferService shall be idempotent.")]],
      |           ^
1 warning generated.
[5,951 / 14,179] 65 / 517 tests; Extracting API surface: @@//score/mw/com:api_surface_test_gen; 24s linux-sandbox ... (6 actions, 5 running)
INFO: From Compiling score/mw/com/gateway/gateway_application/gateway_application.cpp:
In file included from score/mw/com/gateway/gateway_application/gateway_application.cpp:14:
In file included from ./score/mw/com/gateway/gateway_application/gateway_application.h:19:
In file included from ./score/mw/com/gateway/gateway_application/gateway_core.h:16:
In file included from ./score/mw/com/gateway/transport_layer/transport.h:17:
In file included from ./score/mw/com/types.h:24:
In file included from ./score/mw/com/impl/generic_proxy.h:18:
In file included from ./score/mw/com/impl/generic_proxy_event.h:18:
In file included from ./score/mw/com/impl/proxy_base.h:18:
In file included from ./score/mw/com/impl/handle_type.h:18:
In file included from ./score/mw/com/impl/instance_identifier.h:16:
./score/mw/com/impl/com_error.h:186:65: warning: 'kServiceInstanceAlreadyOffered' is deprecated: Value has never been used. Calls to OfferService shall be idempotent. [-Wdeprecated-declarations]
  186 |             case static_cast<score::result::ErrorCode>(ComErrc::kServiceInstanceAlreadyOffered):
      |                                                                 ^
./score/mw/com/impl/com_error.h:58:11: note: 'kServiceInstanceAlreadyOffered' has been explicitly marked deprecated here
   58 |         [[deprecated("Value has never been used. Calls to OfferService shall be idempotent.")]],
      |           ^
1 warning generated.
INFO: From Compiling score/mw/com/gateway/transport_layer/transport_factory.cpp:
In file included from score/mw/com/gateway/transport_layer/transport_factory.cpp:13:
In file included from ./score/mw/com/gateway/transport_layer/transport_factory.h:16:
In file included from ./score/mw/com/gateway/gateway_application/gateway_core.h:16:
In file included from ./score/mw/com/gateway/transport_layer/transport.h:17:
In file included from ./score/mw/com/types.h:24:
In file included from ./score/mw/com/impl/generic_proxy.h:18:
In file included from ./score/mw/com/impl/generic_proxy_event.h:18:
In file included from ./score/mw/com/impl/proxy_base.h:18:
In file included from ./score/mw/com/impl/handle_type.h:18:
In file included from ./score/mw/com/impl/instance_identifier.h:16:
./score/mw/com/impl/com_error.h:186:65: warning: 'kServiceInstanceAlreadyOffered' is deprecated: Value has never been used. Calls to OfferService shall be idempotent. [-Wdeprecated-declarations]
  186 |             case static_cast<score::result::ErrorCode>(ComErrc::kServiceInstanceAlreadyOffered):
      |                                                                 ^
./score/mw/com/impl/com_error.h:58:11: note: 'kServiceInstanceAlreadyOffered' has been explicitly marked deprecated here
   58 |         [[deprecated("Value has never been used. Calls to OfferService shall be idempotent.")]],
      |           ^
1 warning generated.
