OpenJDK 64-Bit Server VM warning: Options -Xverify:none and -noverify were deprecated in JDK 13 and will likely be removed in a future release.
Computing main repo mapping: 
Computing main repo mapping: 
Computing main repo mapping: 
Loading: 
Loading: 2 packages loaded
Analyzing: target //consumer:component_requirements (8 packages loaded, 10 targets configured)
Analyzing: target //consumer:component_requirements (8 packages loaded, 10 targets configured)

Analyzing: target //consumer:component_requirements (124 packages loaded, 122 targets configured)

Analyzing: target //consumer:component_requirements (171 packages loaded, 1109 targets configured)

Analyzing: target //consumer:component_requirements (273 packages loaded, 3689 targets configured)

Analyzing: target //consumer:component_requirements (325 packages loaded, 5205 targets configured)

Analyzing: target //consumer:component_requirements (370 packages loaded, 7402 targets configured)

Analyzing: target //consumer:component_requirements (394 packages loaded, 8169 targets configured)

Analyzing: target //consumer:component_requirements (397 packages loaded, 8207 targets configured)

Analyzing: target //consumer:component_requirements (397 packages loaded, 8207 targets configured)

Analyzing: target //consumer:component_requirements (397 packages loaded, 8207 targets configured)

Analyzing: target //consumer:component_requirements (397 packages loaded, 8207 targets configured)

Analyzing: target //consumer:component_requirements (397 packages loaded, 8207 targets configured)

Analyzing: target //consumer:component_requirements (397 packages loaded, 8207 targets configured)

Analyzing: target //consumer:component_requirements (398 packages loaded, 8207 targets configured)

Analyzing: target //consumer:component_requirements (401 packages loaded, 10545 targets configured)

Analyzing: target //consumer:component_requirements (401 packages loaded, 10545 targets configured)

Analyzing: target //consumer:component_requirements (401 packages loaded, 10545 targets configured)

Analyzing: target //consumer:component_requirements (401 packages loaded, 10545 targets configured)

Analyzing: target //consumer:component_requirements (403 packages loaded, 10596 targets configured)

Analyzing: target //consumer:component_requirements (403 packages loaded, 10596 targets configured)

Analyzing: target //consumer:component_requirements (403 packages loaded, 10596 targets configured)

Analyzing: target //consumer:component_requirements (404 packages loaded, 10621 targets configured)

Analyzing: target //consumer:component_requirements (404 packages loaded, 10621 targets configured)

Analyzing: target //consumer:component_requirements (404 packages loaded, 10621 targets configured)

Analyzing: target //consumer:component_requirements (404 packages loaded, 10621 targets configured)

Analyzing: target //consumer:component_requirements (404 packages loaded, 10621 targets configured)

Analyzing: target //consumer:component_requirements (404 packages loaded, 10621 targets configured)

Analyzing: target //consumer:component_requirements (404 packages loaded, 10621 targets configured)

Analyzing: target //consumer:component_requirements (404 packages loaded, 10621 targets configured)

Analyzing: target //consumer:component_requirements (404 packages loaded, 10621 targets configured)

Analyzing: target //consumer:component_requirements (405 packages loaded, 14740 targets configured)

Analyzing: target //consumer:component_requirements (407 packages loaded, 14941 targets configured)

ERROR: /media/jefferson/11c42dee-73a3-4c2b-ab42-a0440011d9e0/.s-core-build/runs/score-communication-bug-recovery-fw8j963z/aou-consumer/consumer/BUILD:16:23: in _score_requirements_rule rule //consumer:component_requirements: Visibility error:
target '@@score_communication+//score/mw/com/dependability/safety_analysis:aous' is not visible from
target '//consumer:component_requirements'
Recommendation: modify the visibility declaration if you think the dependency is legitimate. For more info see https://bazel.build/concepts/visibility
ERROR: /media/jefferson/11c42dee-73a3-4c2b-ab42-a0440011d9e0/.s-core-build/runs/score-communication-bug-recovery-fw8j963z/aou-consumer/consumer/BUILD:16:23: Analysis of target '//consumer:component_requirements' (config: 554debc) failed
ERROR: Analysis of target '//consumer:component_requirements' failed; build aborted
INFO: Elapsed time: 38.832s, Critical Path: 0.07s
INFO: 1 process: 1 internal.
ERROR: Build did NOT complete successfully
