OpenJDK 64-Bit Server VM warning: Options -Xverify:none and -noverify were deprecated in JDK 13 and will likely be removed in a future release.
Computing main repo mapping: 
Computing main repo mapping: 
Computing main repo mapping: 
Loading: 
Loading: 2 packages loaded
Analyzing: target //consumer:component_requirements (8 packages loaded, 10 targets configured)
Analyzing: target //consumer:component_requirements (8 packages loaded, 10 targets configured)

Analyzing: target //consumer:component_requirements (128 packages loaded, 122 targets configured)

Analyzing: target //consumer:component_requirements (204 packages loaded, 3378 targets configured)

Analyzing: target //consumer:component_requirements (363 packages loaded, 9295 targets configured)

Analyzing: target //consumer:component_requirements (410 packages loaded, 15148 targets configured)

INFO: Analyzed target //consumer:component_requirements (411 packages loaded, 15279 targets configured).
[16 / 112] [Prepa] Writing repo mapping manifest for @@rules_rust++i2+rrc__semver-1.0.25//:_bs- [for tool]
[150 / 547] [Prepa] Symlinking virtual headers for @@flatbuffers+//:flatbuffers [for tool]
[247 / 547] Compiling src/util.cpp [for tool]; 0s processwrapper-sandbox ... (8 actions running)
[248 / 547] Compiling src/util.cpp [for tool]; 1s processwrapper-sandbox ... (8 actions, 7 running)
[249 / 547] Compiling src/util.cpp [for tool]; 3s processwrapper-sandbox ... (7 actions running)
[251 / 547] Compiling src/bfbs_gen_lua.cpp [for tool]; 4s processwrapper-sandbox ... (8 actions running)
[252 / 547] Compiling src/bfbs_gen_lua.cpp [for tool]; 5s processwrapper-sandbox ... (8 actions, 7 running)
[256 / 547] Compiling src/bfbs_gen_lua.cpp [for tool]; 6s processwrapper-sandbox ... (8 actions, 7 running)
[262 / 547] Compiling src/bfbs_gen_lua.cpp [for tool]; 7s processwrapper-sandbox ... (8 actions, 7 running)
[266 / 547] Compiling src/idl_parser.cpp [for tool]; 8s processwrapper-sandbox ... (8 actions, 7 running)
[271 / 547] Compiling src/idl_parser.cpp [for tool]; 9s processwrapper-sandbox ... (8 actions, 7 running)
[276 / 547] Compiling src/idl_parser.cpp [for tool]; 10s processwrapper-sandbox ... (8 actions, 7 running)
[278 / 547] Compiling src/idl_parser.cpp [for tool]; 12s processwrapper-sandbox ... (8 actions running)
[280 / 547] Compiling src/idl_parser.cpp [for tool]; 13s processwrapper-sandbox ... (7 actions running)
[287 / 547] Compiling src/idl_parser.cpp [for tool]; 14s processwrapper-sandbox ... (8 actions, 7 running)
[293 / 547] Compiling src/idl_parser.cpp [for tool]; 16s processwrapper-sandbox ... (8 actions, 7 running)
[296 / 547] Compiling src/idl_parser.cpp [for tool]; 17s processwrapper-sandbox ... (8 actions running)
[300 / 547] Compiling src/idl_parser.cpp [for tool]; 18s processwrapper-sandbox ... (8 actions, 7 running)
[301 / 547] Compiling src/idl_parser.cpp [for tool]; 19s processwrapper-sandbox ... (8 actions, 7 running)
[303 / 547] Compiling src/idl_parser.cpp [for tool]; 21s processwrapper-sandbox ... (8 actions, 7 running)
[303 / 547] Compiling src/idl_parser.cpp [for tool]; 22s processwrapper-sandbox ... (8 actions running)
[304 / 547] Compiling src/idl_parser.cpp [for tool]; 23s processwrapper-sandbox ... (8 actions running)
[309 / 547] Compiling src/idl_parser.cpp [for tool]; 24s processwrapper-sandbox ... (8 actions, 7 running)
[315 / 547] Compiling src/idl_parser.cpp [for tool]; 25s processwrapper-sandbox ... (8 actions, 7 running)
[317 / 547] Compiling src/idl_parser.cpp [for tool]; 27s processwrapper-sandbox ... (8 actions, 7 running)
[317 / 547] Compiling src/idl_parser.cpp [for tool]; 28s processwrapper-sandbox ... (8 actions running)
[318 / 547] Compiling src/idl_parser.cpp [for tool]; 30s processwrapper-sandbox ... (8 actions, 7 running)
[322 / 547] Compiling src/idl_parser.cpp [for tool]; 31s processwrapper-sandbox ... (8 actions, 7 running)
[323 / 547] Compiling src/idl_parser.cpp [for tool]; 33s processwrapper-sandbox ... (8 actions, 7 running)
[328 / 547] Compiling src/idl_gen_ts.cpp [for tool]; 10s processwrapper-sandbox ... (8 actions, 7 running)
[331 / 547] Compiling src/idl_gen_ts.cpp [for tool]; 11s processwrapper-sandbox ... (8 actions running)
[332 / 547] Compiling src/idl_gen_ts.cpp [for tool]; 13s processwrapper-sandbox ... (8 actions running)
[334 / 547] Compiling src/idl_gen_rust.cpp [for tool]; 13s processwrapper-sandbox ... (8 actions running)
[335 / 547] Compiling src/idl_gen_rust.cpp [for tool]; 14s processwrapper-sandbox ... (8 actions running)
[336 / 547] Compiling src/idl_gen_python.cpp [for tool]; 14s processwrapper-sandbox ... (8 actions running)
[339 / 547] Compiling src/idl_gen_cpp.cpp [for tool]; 10s processwrapper-sandbox ... (8 actions running)
[340 / 547] Compiling src/idl_gen_cpp.cpp [for tool]; 18s processwrapper-sandbox ... (8 actions, 7 running)
[343 / 547] Compiling src/idl_gen_cpp.cpp [for tool]; 20s processwrapper-sandbox ... (8 actions running)
[344 / 547] Compiling src/idl_gen_cpp.cpp [for tool]; 21s processwrapper-sandbox ... (8 actions running)
[345 / 547] Compiling src/idl_gen_cpp.cpp [for tool]; 25s processwrapper-sandbox ... (8 actions, 7 running)
[349 / 547] Compiling src/idl_gen_java.cpp [for tool]; 16s processwrapper-sandbox ... (7 actions running)
[350 / 547] Compiling src/idl_gen_java.cpp [for tool]; 22s processwrapper-sandbox ... (6 actions running)
[351 / 547] Compiling src/idl_gen_dart.cpp [for tool]; 15s processwrapper-sandbox ... (5 actions running)
[354 / 547] Compiling src/idl_gen_csharp.cpp [for tool]; 17s processwrapper-sandbox ... (4 actions running)
[355 / 547] Compiling src/idl_gen_csharp.cpp [for tool]; 20s processwrapper-sandbox ... (4 actions, 3 running)
[357 / 547] Compiling src/idl_gen_csharp.cpp [for tool]; 22s processwrapper-sandbox ... (3 actions, 2 running)
[359 / 547] Compiling src/idl_gen_csharp.cpp [for tool]; 23s processwrapper-sandbox ... (3 actions running)
[361 / 547] Compiling Rust rlib serde v1.0.217 (20 files) [for tool]; 3s processwrapper-sandbox ... (3 actions running)
[370 / 547] Compiling Rust rlib icu_locid v1.5.0 (48 files) [for tool]; 0s processwrapper-sandbox ... (2 actions, 1 running)
[373 / 547] Compiling Rust rlib icu_locid v1.5.0 (48 files) [for tool]; 2s processwrapper-sandbox ... (4 actions, 3 running)
[378 / 547] Compiling Rust rlib toml_edit v0.22.24 (58 files) [for tool]; 1s processwrapper-sandbox ... (2 actions running)
[379 / 547] Compiling Rust rlib toml_edit v0.22.24 (58 files) [for tool]; 3s processwrapper-sandbox ... (2 actions, 1 running)
[379 / 547] Compiling Rust rlib toml_edit v0.22.24 (58 files) [for tool]; 4s processwrapper-sandbox ... (2 actions running)
[380 / 547] Compiling Rust rlib icu_properties v1.5.1 (14 files) [for tool]; 5s processwrapper-sandbox ... (2 actions, 1 running)
[381 / 547] Compiling Rust rlib toml v0.8.20 (29 files) [for tool]; 1s processwrapper-sandbox ... (2 actions running)
[382 / 547] Compiling Rust rlib icu_normalizer v1.5.0 (13 files) [for tool]; 3s processwrapper-sandbox
[383 / 547] [Prepa] Compiling Rust rlib idna_adapter v1.2.0 (1 file) [for tool]
[384 / 547] Compiling Rust rlib idna v1.0.3 (11 files) [for tool]; 1s processwrapper-sandbox
[385 / 547] [Prepa] Compiling Rust rlib url v2.5.4 (9 files) [for tool]
[386 / 547] [Prepa] Compiling Rust rlib cargo_util_schemas v0.3.1 (8 files) [for tool]
[386 / 547] Compiling Rust rlib cargo_util_schemas v0.3.1 (8 files) [for tool]; 1s processwrapper-sandbox
[387 / 547] [Prepa] Compiling Rust bin cargo_toml_variable_extractor (1 file) [for tool]
[387 / 547] Compiling Rust bin cargo_toml_variable_extractor (1 file) [for tool]; 1s processwrapper-sandbox
[387 / 547] Compiling Rust bin cargo_toml_variable_extractor (1 file) [for tool]; 11s processwrapper-sandbox
[388 / 547] [Prepa] ExtractCargoTomlEnvVars external/rules_rust++crate+crates__pest-2.9.2/cargo_toml_env_vars.env [for tool]
[416 / 547] Compiling Rust bin _bs_ (443 files) [for tool]; 1s processwrapper-sandbox ... (8 actions, 7 running)
[437 / 547] Compiling Rust rlib memchr v2.8.3 (45 files) [for tool]; 2s processwrapper-sandbox ... (8 actions, 7 running)
[460 / 547] Compiling Rust rlib serde_core v1.0.229 (20 files) [for tool]; 1s processwrapper-sandbox ... (8 actions running)
[471 / 547] Compiling Rust rlib serde_core v1.0.229 (20 files) [for tool]; 2s processwrapper-sandbox ... (8 actions running)
[485 / 547] Compiling Rust rlib serde_core v1.0.229 (20 files) [for tool]; 3s processwrapper-sandbox ... (8 actions running)
[492 / 547] Compiling Rust rlib serde_core v1.0.229 (20 files) [for tool]; 4s processwrapper-sandbox ... (8 actions running)
[496 / 547] Compiling Rust rlib proc_macro2 v1.0.107 (22 files) [for tool]; 3s processwrapper-sandbox ... (8 actions, 7 running)
[500 / 547] Compiling Rust rlib regex_syntax v0.8.11 (34 files) [for tool]; 3s processwrapper-sandbox ... (6 actions, 5 running)
[500 / 547] Compiling Rust rlib regex_syntax v0.8.11 (34 files) [for tool]; 5s processwrapper-sandbox ... (7 actions running)
[502 / 547] Compiling Rust rlib pest_meta v2.9.2 (13 files) [for tool]; 8s processwrapper-sandbox ... (5 actions running)
[503 / 547] Compiling Rust rlib clap_builder v4.6.7 (57 files) [for tool]; 9s processwrapper-sandbox ... (4 actions running)
[504 / 547] Compiling Rust rlib clap_builder v4.6.7 (57 files) [for tool]; 12s processwrapper-sandbox ... (4 actions, 3 running)
[505 / 547] Compiling Rust rlib clap_builder v4.6.7 (57 files) [for tool]; 14s processwrapper-sandbox ... (4 actions, 3 running)
[505 / 547] Compiling Rust rlib clap_builder v4.6.7 (57 files) [for tool]; 15s processwrapper-sandbox ... (5 actions running)
[506 / 547] Compiling Rust rlib syn v3.0.6 (96 files) [for tool]; 14s processwrapper-sandbox ... (4 actions running)
[507 / 547] Compiling Rust rlib syn v3.0.6 (96 files) [for tool]; 20s processwrapper-sandbox ... (4 actions, 3 running)
[508 / 547] Compiling Rust rlib syn v3.0.6 (96 files) [for tool]; 21s processwrapper-sandbox ... (4 actions, 3 running)
[510 / 547] Compiling Rust rlib syn v3.0.6 (96 files) [for tool]; 23s processwrapper-sandbox ... (2 actions running)
[511 / 547] Compiling Rust rlib regex_automata v0.4.18 (100 files) [for tool]; 13s processwrapper-sandbox ... (2 actions, 1 running)
[511 / 547] Compiling Rust rlib regex_automata v0.4.18 (100 files) [for tool]; 15s processwrapper-sandbox ... (3 actions running)
[512 / 547] Compiling Rust proc-macro serde_derive v1.0.229 (28 files) [for tool]; 3s processwrapper-sandbox ... (3 actions running)
[513 / 547] Compiling Rust proc-macro serde_derive v1.0.229 (28 files) [for tool]; 4s processwrapper-sandbox ... (3 actions running)
[514 / 547] Compiling Rust proc-macro serde_derive v1.0.229 (28 files) [for tool]; 6s processwrapper-sandbox ... (2 actions running)
[515 / 547] Compiling Rust proc-macro serde_derive v1.0.229 (28 files) [for tool]; 9s processwrapper-sandbox ... (2 actions, 1 running)
[517 / 547] Compiling Rust rlib serde v1.0.229 (25 files) [for tool]; 0s processwrapper-sandbox
[519 / 547] Compiling Rust rlib puml_utils (4 files) [for tool]; 0s processwrapper-sandbox ... (3 actions, 2 running)
[529 / 547] Compiling Rust rlib puml_parser_core (5 files) [for tool]; 1s processwrapper-sandbox
[529 / 547] Compiling Rust rlib puml_parser_core (5 files) [for tool]; 13s processwrapper-sandbox
[530 / 547] [Prepa] Compiling Rust rlib puml_parser_class (5 files) [for tool] ... (5 actions, 0 running)
[530 / 547] Compiling Rust rlib puml_parser_sequence (3 files) [for tool]; 1s processwrapper-sandbox ... (6 actions running)
[531 / 547] Compiling Rust rlib puml_parser_sequence (3 files) [for tool]; 4s processwrapper-sandbox ... (6 actions, 5 running)
[534 / 547] Compiling Rust rlib puml_parser_sequence (3 files) [for tool]; 6s processwrapper-sandbox ... (6 actions running)
[540 / 547] Compiling Rust rlib puml_parser_class (5 files) [for tool]; 8s processwrapper-sandbox ... (2 actions running)
[544 / 547] [Prepa] Compiling Rust rlib puml_resolver (1 file) [for tool]
[545 / 547] Compiling Rust bin puml_cli (1 file) [for tool]; 1s processwrapper-sandbox
[546 / 547] [Prepa] Processing root cause FTA diagrams for mw_com_safety_analysis
INFO: From Processing root cause FTA diagrams for mw_com_safety_analysis:
[2026-10-06T15:12:15Z WARN  puml_fta] FTA map_containing_nonexistent_events_fta.puml: failure mode(s) ["Communication.MapContainingNonexistentEvents"] have no root cause; they stay uncovered in the traceability report
[2026-10-06T15:12:15Z WARN  puml_fta] FTA sends_to_wrong_consumer_fta.puml: failure mode(s) ["Communication.SendingEventSendsToWrongConsumer"] have no root cause; they stay uncovered in the traceability report
INFO: Found 1 target...
Target //consumer:component_requirements up-to-date:
  bazel-bin/external/score_communication+/score/mw/com/dependability/safety_analysis/mw_com_safety_analysis/fta_events.trlc
INFO: Elapsed time: 222.295s, Critical Path: 175.47s
INFO: 547 processes: 262 internal, 285 processwrapper-sandbox.
INFO: Build completed successfully, 547 total actions
