OpenJDK 64-Bit Server VM warning: Options -Xverify:none and -noverify were deprecated in JDK 13 and will likely be removed in a future release.
 no actions running
 no actions running
 no actions running
 no actions running
 no actions running
 no actions running
 no actions running
 no actions running
 no actions running
 no actions running
 no actions running
 no actions running
 no actions running
 no actions running
 no actions running
 no actions running
 no actions running
 no actions running
 no actions running
 no actions running
 no actions running
 no actions running
 no actions running
 no actions running
 no actions running
    Updating crates.io index
 no actions running
 Downloading crates ...
  Downloaded cargo-platform v0.1.9
  Downloaded adler2 v2.0.0
  Downloaded cfg-expr v0.20.4
  Downloaded camino v1.1.9
  Downloaded crypto-common v0.1.6
  Downloaded unic-ucd-version v0.9.0
  Downloaded cargo_metadata v0.19.2
  Downloaded unicode-linebreak v0.1.5
  Downloaded clap_lex v0.7.4
  Downloaded anstream v0.6.18
  Downloaded colorchoice v1.0.0
  Downloaded autocfg v1.1.0
  Downloaded anstyle v1.0.10
  Downloaded gix-actor v0.33.2
  Downloaded cfg-if v1.0.0
  Downloaded block-buffer v0.10.4
  Downloaded anstyle-query v1.0.0
  Downloaded gix-revwalk v0.18.0
  Downloaded clru v0.6.1
  Downloaded cpufeatures v0.2.9
  Downloaded cargo-lock v10.1.0
  Downloaded cfg_aliases v0.2.1
  Downloaded gix-fs v0.13.0
  Downloaded gix-prompt v0.9.1
  Downloaded gix-date v0.9.3
  Downloaded once_cell v1.21.3
  Downloaded gix-glob v0.18.0
  Downloaded gix-lock v16.0.0
  Downloaded gix-ignore v0.13.0
  Downloaded generic-array v0.14.7
  Downloaded errno v0.3.11
  Downloaded gix-bitmap v0.2.14
  Downloaded form_urlencoded v1.2.1
  Downloaded gix-url v0.29.0
  Downloaded gix-chunk v0.4.11
  Downloaded fnv v1.0.7
  Downloaded equivalent v1.0.1
  Downloaded gix-hashtable v0.7.0
  Downloaded gix-command v0.4.1
  Downloaded gix-shallow v0.2.0
  Downloaded gix-negotiate v0.18.0
  Downloaded fastrand v2.1.1
  Downloaded serde_spanned v0.6.8
  Downloaded gix-validate v0.9.3
  Downloaded gix-sec v0.10.11
  Downloaded zerofrom v0.1.5
  Downloaded gix-utils v0.1.14
  Downloaded gix-config-value v0.14.11
  Downloaded anstyle-parse v0.2.1
  Downloaded either v1.9.0
  Downloaded displaydoc v0.2.5
  Downloaded digest v0.10.7
  Downloaded gix-hash v0.16.0
  Downloaded clap_derive v4.5.32
  Downloaded ahash v0.8.11
  Downloaded gix-trace v0.1.12
  Downloaded gix-submodule v0.17.0
  Downloaded gix-quote v0.4.15
  Downloaded bitflags v2.4.1
  Downloaded arrayvec v0.7.4
  Downloaded filetime v0.2.22
  Downloaded toml_datetime v0.6.9
  Downloaded stable_deref_trait v1.2.0
  Downloaded gix-features v0.40.0
  Downloaded gix-credentials v0.27.0
  Downloaded gix-commitgraph v0.26.0
  Downloaded globset v0.4.11
  Downloaded gix-packetline v0.18.3
  Downloaded glob v0.3.2
  Downloaded faster-hex v0.9.0
  Downloaded gix-attributes v0.24.0
  Downloaded globwalk v0.9.1
  Downloaded gix-traverse v0.44.0
  Downloaded hex v0.4.3
  Downloaded write16 v1.0.0
  Downloaded smol_str v0.3.2
  Downloaded gix-object v0.47.0
  Downloaded icu_normalizer v1.5.0
  Downloaded gix-revision v0.32.0
  Downloaded gix-discover v0.38.0
  Downloaded indoc v2.0.6
  Downloaded cargo_toml v0.22.1
  Downloaded crossbeam-utils v0.8.16
  Downloaded gix-refspec v0.28.0
  Downloaded anyhow v1.0.98
  Downloaded serde_starlark v0.1.17
  Downloaded thiserror v2.0.4
  Downloaded tinyvec_macros v0.1.1
  Downloaded shell-words v1.1.0
  Downloaded unic-char-property v0.9.0
  Downloaded crc32fast v1.3.2
  Downloaded is_terminal_polyfill v1.70.1
  Downloaded gix-index v0.38.0
  Downloaded utf16_iter v1.0.5
  Downloaded utf8parse v0.2.1
  Downloaded gix-packetline-blocking v0.18.2
  Downloaded gix-worktree v0.39.0
  Downloaded gix-protocol v0.48.0
  Downloaded getrandom v0.3.2
  Downloaded smawk v0.3.2
  Downloaded gix-tempfile v16.0.0
  Downloaded sha1_smol v1.0.0
  Downloaded gix-filter v0.17.0
  Downloaded gix-diff v0.50.0
  Downloaded home v0.5.5
  Downloaded clap v4.5.37
  Downloaded tinystr v0.7.6
  Downloaded thread_local v1.1.4
  Downloaded strsim v0.11.1
  Downloaded crossbeam-channel v0.5.8
  Downloaded synstructure v0.13.1
  Downloaded tempfile v3.19.1
  Downloaded scopeguard v1.2.0
  Downloaded icu_provider_macros v1.5.0
  Downloaded gix-pathspec v0.9.0
  Downloaded gix-path v0.10.14
  Downloaded sha2 v0.10.8
  Downloaded allocator-api2 v0.2.18
  Downloaded same-file v1.0.6
  Downloaded gix-config v0.43.0
  Downloaded unicode-bom v2.0.3
  Downloaded borsh v1.5.3
  Downloaded thiserror v1.0.50
  Downloaded tinyvec v1.6.0
  Downloaded thiserror-impl v2.0.4
  Downloaded utf8_iter v1.0.4
  Downloaded smallvec v1.15.0
  Downloaded static_assertions v1.1.0
  Downloaded version_check v0.9.4
  Downloaded gix-ref v0.50.0
  Downloaded crates-index v3.7.0
  Downloaded gix-odb v0.67.0
  Downloaded zerofrom-derive v0.1.5
  Downloaded arc-swap v1.6.0
  Downloaded textwrap v0.16.2
  Downloaded tracing-core v0.1.33
  Downloaded tracing-log v0.2.0
  Downloaded gix-transport v0.45.0
  Downloaded lazy_static v1.4.0
  Downloaded percent-encoding v2.3.1
  Downloaded heck v0.5.0
  Downloaded gix-pack v0.57.0
  Downloaded sharded-slab v0.1.7
  Downloaded tracing v0.1.41
  Downloaded toml v0.8.21
  Downloaded tera v1.20.0
  Downloaded toml_edit v0.22.25
  Downloaded pathdiff v0.2.3
  Downloaded clap_builder v4.5.37
  Downloaded aho-corasick v1.0.2
  Downloaded flate2 v1.0.35
  Downloaded syn v1.0.109
  Downloaded normpath v1.3.0
  Downloaded gix v0.70.0
  Downloaded syn v2.0.90
  Downloaded idna_adapter v1.2.0
  Downloaded bstr v1.6.0
  Downloaded rustc-stable-hash v0.1.1
  Downloaded unic-common v0.9.0
  Downloaded unic-char-range v0.9.0
  Downloaded yoke-derive v0.7.5
  Downloaded itoa v1.0.8
  Downloaded rustc-hash v2.0.0
  Downloaded uluru v3.0.0
  Downloaded thiserror-impl v1.0.50
  Downloaded writeable v0.5.5
  Downloaded spdx v0.10.8
  Downloaded quote v1.0.37
  Downloaded pin-project-lite v0.2.13
  Downloaded toml_write v0.1.0
  Downloaded pest_generator v2.7.0
  Downloaded overload v0.1.1
  Downloaded nu-ansi-term v0.46.0
  Downloaded kstring v2.0.2
  Downloaded zerovec-derive v0.10.3
  Downloaded yoke v0.7.5
  Downloaded walkdir v2.5.0
  Downloaded encoding_rs v0.8.33
  Downloaded semver v1.0.26
  Downloaded pest_derive v2.7.0
  Downloaded parking_lot_core v0.9.9
  Downloaded parking_lot v0.12.1
  Downloaded memmap2 v0.9.5
  Downloaded ignore v0.4.18
  Downloaded maybe-async v0.2.7
  Downloaded lock_api v0.4.11
  Downloaded typenum v1.16.0
  Downloaded unicode-ident v1.0.10
  Downloaded litemap v0.7.4
  Downloaded icu_locid_transform v1.5.0
  Downloaded pest v2.7.0
  Downloaded ryu v1.0.14
  Downloaded icu_locid_transform_data v1.5.0
  Downloaded pest_meta v2.7.0
  Downloaded log v0.4.19
  Downloaded icu_normalizer_data v1.5.0
  Downloaded unic-ucd-segment v0.9.0
  Downloaded unic-segment v0.9.0
  Downloaded proc-macro2 v1.0.92
  Downloaded icu_properties v1.5.1
  Downloaded tracing-attributes v0.1.28
  Downloaded miniz_oxide v0.8.0
  Downloaded ucd-trie v0.1.6
  Downloaded icu_locid v1.5.0
  Downloaded url v2.5.4
  Downloaded serde v1.0.219
  Downloaded memchr v2.6.4
  Downloaded icu_collections v1.5.0
  Downloaded icu_provider v1.5.0
  Downloaded indexmap v2.6.0
  Downloaded serde_derive v1.0.219
  Downloaded prodash v29.0.0
  Downloaded hashbrown v0.15.0
  Downloaded unicode-normalization v0.1.22
  Downloaded idna v1.0.3
  Downloaded hashbrown v0.14.3
  Downloaded zerovec v0.10.4
  Downloaded winnow v0.6.20
  Downloaded itertools v0.14.0
  Downloaded serde_json v1.0.140
  Downloaded winnow v0.7.7
  Downloaded zerocopy v0.7.35
  Downloaded tracing-subscriber v0.3.19
  Downloaded icu_properties_data v1.5.0
  Downloaded regex v1.11.1
  Downloaded unicode-width v0.2.0
  Downloaded regex-syntax v0.8.5
  Downloaded rustix v0.38.41
  Downloaded rustix v1.0.5
  Downloaded regex-automata v0.3.3
  Downloaded jiff v0.1.13
  Downloaded regex-automata v0.4.8
  Downloaded libc v0.2.172
  Downloaded linux-raw-sys v0.4.14
  Downloaded linux-raw-sys v0.9.4
   Compiling proc-macro2 v1.0.92
   Compiling unicode-ident v1.0.10
   Compiling serde v1.0.219
   Compiling cfg-if v1.0.0
   Compiling memchr v2.6.4
   Compiling thiserror v2.0.4
   Compiling once_cell v1.21.3
   Compiling libc v0.2.172
   Compiling smallvec v1.15.0
   Compiling regex-automata v0.3.3
   Compiling autocfg v1.1.0
   Compiling log v0.4.19
   Compiling gix-trace v0.1.12
   Compiling crossbeam-utils v0.8.16
   Compiling parking_lot_core v0.9.9
   Compiling scopeguard v1.2.0
   Compiling tinyvec_macros v0.1.1
   Compiling lock_api v0.4.11
   Compiling fastrand v2.1.1
   Compiling tinyvec v1.6.0
   Compiling quote v1.0.37
   Compiling syn v2.0.90
   Compiling same-file v1.0.6
   Compiling walkdir v2.5.0
   Compiling crc32fast v1.3.2
   Compiling adler2 v2.0.0
   Compiling miniz_oxide v0.8.0
   Compiling bstr v1.6.0
   Compiling parking_lot v0.12.1
   Compiling unicode-normalization v0.1.22
   Compiling bitflags v2.4.1
   Compiling gix-utils v0.1.14
   Compiling flate2 v1.0.35
   Compiling prodash v29.0.0
   Compiling crossbeam-channel v0.5.8
   Compiling sha1_smol v1.0.0
   Compiling version_check v0.9.4
   Compiling home v0.5.5
   Compiling itoa v1.0.8
   Compiling zerocopy v0.7.35
   Compiling allocator-api2 v0.2.18
   Compiling ahash v0.8.11
   Compiling jiff v0.1.13
   Compiling winnow v0.6.20
   Compiling stable_deref_trait v1.2.0
   Compiling memmap2 v0.9.5
   Compiling hashbrown v0.14.3
   Compiling getrandom v0.3.2
   Compiling rustix v1.0.5
   Compiling litemap v0.7.4
   Compiling writeable v0.5.5
   Compiling linux-raw-sys v0.9.4
   Compiling synstructure v0.13.1
   Compiling icu_locid_transform_data v1.5.0
   Compiling icu_properties_data v1.5.0
   Compiling utf16_iter v1.0.5
   Compiling icu_normalizer_data v1.5.0
   Compiling utf8_iter v1.0.4
   Compiling write16 v1.0.0
   Compiling percent-encoding v2.3.1
   Compiling thiserror v1.0.50
   Compiling form_urlencoded v1.2.1
   Compiling rustix v0.38.41
   Compiling unicode-bom v2.0.3
   Compiling gix-sec v0.10.11
   Compiling fnv v1.0.7
   Compiling static_assertions v1.1.0
   Compiling linux-raw-sys v0.4.14
   Compiling shell-words v1.1.0
   Compiling kstring v2.0.2
   Compiling typenum v1.16.0
   Compiling generic-array v0.14.7
   Compiling aho-corasick v1.0.2
   Compiling hashbrown v0.15.0
   Compiling syn v1.0.109
   Compiling serde_derive v1.0.219
   Compiling thiserror-impl v2.0.4
   Compiling zerofrom-derive v0.1.5
   Compiling yoke-derive v0.7.5
   Compiling zerovec-derive v0.10.3
   Compiling zerofrom v0.1.5
   Compiling gix-path v0.10.14
   Compiling gix-validate v0.9.3
   Compiling yoke v0.7.5
   Compiling displaydoc v0.2.5
   Compiling gix-date v0.9.3
   Compiling icu_provider_macros v1.5.0
   Compiling gix-actor v0.33.2
   Compiling zerovec v0.10.4
   Compiling gix-chunk v0.4.11
   Compiling tempfile v3.19.1
   Compiling gix-quote v0.4.15
   Compiling gix-config-value v0.14.11
   Compiling thiserror-impl v1.0.50
   Compiling gix-command v0.4.1
   Compiling tinystr v0.7.6
   Compiling icu_collections v1.5.0
   Compiling icu_locid v1.5.0
   Compiling equivalent v1.0.1
   Compiling regex-syntax v0.8.5
   Compiling indexmap v2.6.0
   Compiling icu_provider v1.5.0
   Compiling ucd-trie v0.1.6
   Compiling serde_json v1.0.140
   Compiling toml_write v0.1.0
   Compiling arrayvec v0.7.4
   Compiling icu_locid_transform v1.5.0
   Compiling winnow v0.7.7
   Compiling semver v1.0.26
   Compiling lazy_static v1.4.0
   Compiling uluru v3.0.0
   Compiling pest v2.7.0
   Compiling faster-hex v0.9.0
   Compiling serde_spanned v0.6.8
   Compiling toml_datetime v0.6.9
   Compiling gix-hash v0.16.0
   Compiling icu_properties v1.5.1
   Compiling gix-features v0.40.0
   Compiling gix-hashtable v0.7.0
   Compiling regex-automata v0.4.8
   Compiling gix-object v0.47.0
   Compiling gix-fs v0.13.0
   Compiling gix-tempfile v16.0.0
   Compiling icu_normalizer v1.5.0
   Compiling gix-commitgraph v0.26.0
   Compiling idna_adapter v1.2.0
   Compiling gix-lock v16.0.0
   Compiling gix-revwalk v0.18.0
   Compiling idna v1.0.3
   Compiling gix-glob v0.18.0
   Compiling gix-ref v0.50.0
   Compiling url v2.5.4
   Compiling gix-attributes v0.24.0
   Compiling gix-url v0.29.0
   Compiling gix-revision v0.32.0
   Compiling gix-refspec v0.28.0
   Compiling regex v1.11.1
   Compiling gix-traverse v0.44.0
   Compiling toml_edit v0.22.25
   Compiling gix-packetline v0.18.3
   Compiling gix-prompt v0.9.1
   Compiling gix-bitmap v0.2.14
   Compiling filetime v0.2.22
   Compiling thread_local v1.1.4
   Compiling unic-char-range v0.9.0
   Compiling ryu v1.0.14
   Compiling clru v0.6.1
   Compiling utf8parse v0.2.1
   Compiling unic-common v0.9.0
   Compiling unic-ucd-version v0.9.0
   Compiling anstyle-parse v0.2.1
   Compiling gix-pack v0.57.0
   Compiling pest_meta v2.7.0
   Compiling unic-char-property v0.9.0
   Compiling gix-index v0.38.0
   Compiling toml v0.8.21
   Compiling gix-credentials v0.27.0
   Compiling gix-transport v0.45.0
   Compiling maybe-async v0.2.7
   Compiling globset v0.4.11
   Compiling gix-pathspec v0.9.0
   Compiling gix-config v0.43.0
   Compiling gix-ignore v0.13.0
   Compiling gix-negotiate v0.18.0
   Compiling gix-shallow v0.2.0
   Compiling gix-packetline-blocking v0.18.2
   Compiling tracing-core v0.1.33
   Compiling encoding_rs v0.8.33
   Compiling colorchoice v1.0.0
   Compiling is_terminal_polyfill v1.70.1
   Compiling anstyle v1.0.10
   Compiling anstyle-query v1.0.0
   Compiling arc-swap v1.6.0
   Compiling camino v1.1.9
   Compiling anstream v0.6.18
   Compiling gix-odb v0.67.0
   Compiling gix-protocol v0.48.0
   Compiling gix-submodule v0.17.0
   Compiling gix-worktree v0.39.0
   Compiling gix-filter v0.17.0
   Compiling ignore v0.4.18
   Compiling pest_generator v2.7.0
   Compiling unic-ucd-segment v0.9.0
   Compiling block-buffer v0.10.4
   Compiling crypto-common v0.1.6
   Compiling gix-discover v0.38.0
   Compiling gix-diff v0.50.0
   Compiling strsim v0.11.1
   Compiling heck v0.5.0
   Compiling clap_lex v0.7.4
   Compiling overload v0.1.1
   Compiling anyhow v1.0.98
   Compiling nu-ansi-term v0.46.0
   Compiling clap_builder v4.5.37
   Compiling clap_derive v4.5.32
   Compiling gix v0.70.0
   Compiling pest_derive v2.7.0
   Compiling digest v0.10.7
   Compiling unic-segment v0.9.0
   Compiling globwalk v0.9.1
   Compiling tracing-log v0.2.0
   Compiling smol_str v0.3.2
   Compiling cargo-platform v0.1.9
   Compiling hex v0.4.3
   Compiling sharded-slab v0.1.7
   Compiling tracing-attributes v0.1.28
   Compiling cpufeatures v0.2.9
   Compiling rustc-stable-hash v0.1.1
   Compiling either v1.9.0
   Compiling pin-project-lite v0.2.13
   Compiling rustc-hash v2.0.0
   Compiling unicode-linebreak v0.1.5
   Compiling smawk v0.3.2
   Compiling unicode-width v0.2.0
   Compiling tracing-subscriber v0.3.19
   Compiling itertools v0.14.0
   Compiling sha2 v0.10.8
   Compiling textwrap v0.16.2
   Compiling tracing v0.1.41
   Compiling clap v4.5.37
   Compiling cargo_metadata v0.19.2
   Compiling tera v1.20.0
   Compiling cargo-lock v10.1.0
   Compiling crates-index v3.7.0
   Compiling cargo_toml v0.22.1
   Compiling serde_starlark v0.1.17
   Compiling cfg-expr v0.20.4
   Compiling spdx v0.10.8
   Compiling normpath v1.3.0
   Compiling indoc v2.0.6
   Compiling pathdiff v0.2.3
   Compiling glob v0.3.2
   Compiling cargo-bazel v0.17.0 (/media/jefferson/11c42dee-73a3-4c2b-ab42-a0440011d9e0/.s-core-build/runs/score-communication-bug-recovery-fw8j963z/bazel-output/2004f14acdd0b18eb897de201e10903c/external/rules_rust+/crate_universe)
    Finished `release` profile [optimized] target(s) in 2m 03s
 no actions running
 no actions running
 no actions running
 no actions running
