$TEST_TMPDIR defined, some defaults will be overridden
WARNING: Duplicate rc file: /media/jefferson/11c42dee-73a3-4c2b-ab42-a0440011d9e0/.s-core-build/runs/score-rust-issue-queue-ycbvxir7/workspaces/1261/quality/static_analysis/static_analysis.bazelrc is read multiple times, it is a standard rc file location but must have been unnecessarily imported earlier.
OpenJDK 64-Bit Server VM warning: Options -Xverify:none and -noverify were deprecated in JDK 13 and will likely be removed in a future release.
WARNING: The following configs were expanded more than once: [linux_x64_gcc_15]. For repeatable flags, repeats are counted twice and may lead to unexpected behavior.
Computing main repo mapping: 
Computing main repo mapping: 
WARNING: The following configs were expanded more than once: [linux_x64_gcc_15]. For repeatable flags, repeats are counted twice and may lead to unexpected behavior.
Computing main repo mapping: 
Computing main repo mapping: 
Computing main repo mapping: 
Computing main repo mapping: 
Computing main repo mapping: 
Computing main repo mapping: 
Computing main repo mapping: 
Computing main repo mapping: 
Computing main repo mapping: 
Loading: 
Loading: 5 packages loaded
Analyzing: 5 targets (9 packages loaded, 0 targets configured)
Analyzing: 5 targets (9 packages loaded, 0 targets configured)

Analyzing: 5 targets (100 packages loaded, 9 targets configured)

Analyzing: 5 targets (100 packages loaded, 9 targets configured)

Analyzing: 5 targets (100 packages loaded, 9 targets configured)

Analyzing: 5 targets (161 packages loaded, 3158 targets configured)

Analyzing: 5 targets (161 packages loaded, 3158 targets configured)

Analyzing: 5 targets (161 packages loaded, 3158 targets configured)

Analyzing: 5 targets (161 packages loaded, 3158 targets configured)

Analyzing: 5 targets (278 packages loaded, 11013 targets configured)

DEBUG: Rule 'score_baselibs++_repo_rules+acl-deb' indicated that a canonical reproducible form can be obtained by modifying arguments integrity = "sha256-5AjUxw54AQdOpFkYAgilQtVPVjibpIU3BDTy0A6VCYA=" and dropping ["visibility"]
DEBUG: Repository score_baselibs++_repo_rules+acl-deb instantiated at:
  <builtin>: in <toplevel>
Repository rule deb defined at:
  /media/jefferson/11c42dee-73a3-4c2b-ab42-a0440011d9e0/.s-core-build/runs/score-rust-issue-queue-ycbvxir7/bazel-output/1cf229c8e4017aa818eab0367bfb4d86/external/download_utils+/download/deb/repository.bzl:78:22: in <toplevel>
Analyzing: 5 targets (362 packages loaded, 14829 targets configured)
[2 / 7] [Prepa] Creating source manifest for @@rules_rust+//util/process_wrapper:process_wrapper [for tool]
INFO: Analyzed 5 targets (362 packages loaded, 14921 targets configured).
[89 / 292] checking cached actions
[138 / 292] Compiling Rust (without process_wrapper) rlib tinyjson (4 files) [for tool]; 0s linux-sandbox
[139 / 292] Compiling Rust (without process_wrapper) bin process_wrapper (6 files) [for tool]; 1s linux-sandbox
[141 / 292] Compiling Rust rlib cargo_build_script_runner (2 files) [for tool]; 0s linux-sandbox ... (2 actions running)
[144 / 292] Compiling Rust bin runner (1 file) [for tool]; 0s linux-sandbox ... (2 actions running)
[150 / 292] Compiling Rust bin runner (1 file) [for tool]; 1s linux-sandbox ... (2 actions running)
[152 / 292] Compiling Rust rlib stable_deref_trait v1.2.0 (1 file) [for tool]; 0s linux-sandbox ... (2 actions, 1 running)
[158 / 292] Running Cargo build script proc-macro2 [for tool]; 0s linux-sandbox ... (2 actions, 1 running)
[162 / 292] Compiling Rust bin _bs_ (20 files) [for tool]; 0s linux-sandbox ... (2 actions, 1 running)
[167 / 292] Compiling Rust rlib winnow v0.7.2 (93 files) [for tool]; 1s linux-sandbox ... (2 actions, 1 running)
[170 / 292] Compiling Rust rlib winnow v0.7.2 (93 files) [for tool]; 2s linux-sandbox ... (2 actions running)
[173 / 292] Compiling Rust rlib hashbrown v0.15.2 (34 files) [for tool]; 0s linux-sandbox ... (2 actions running)
[181 / 292] Compiling Rust rlib indexmap v2.7.1 (30 files) [for tool]; 0s linux-sandbox ... (2 actions, 1 running)
[185 / 292] Compiling Rust rlib proc_macro2 v1.0.93 (17 files) [for tool]; 1s linux-sandbox
[186 / 292] Compiling Rust rlib quote v1.0.38 (16 files) [for tool]; 0s linux-sandbox
[187 / 292] Compiling Rust rlib syn v2.0.98 (96 files) [for tool]; 1s linux-sandbox
[188 / 292] [Prepa] Compiling Rust proc-macro serde_derive v1.0.217 (18 files) [for tool] ... (2 actions, 0 running)
[188 / 292] Compiling Rust proc-macro serde_derive v1.0.217 (18 files) [for tool]; 1s linux-sandbox ... (2 actions running)
[189 / 292] Compiling Rust proc-macro serde_derive v1.0.217 (18 files) [for tool]; 4s linux-sandbox ... (2 actions, 1 running)
[190 / 292] Compiling Rust proc-macro serde_derive v1.0.217 (18 files) [for tool]; 6s linux-sandbox ... (2 actions running)
[191 / 292] Compiling Rust proc-macro serde_derive v1.0.217 (18 files) [for tool]; 7s linux-sandbox ... (2 actions running)
[192 / 292] Compiling Rust proc-macro serde_derive v1.0.217 (18 files) [for tool]; 9s linux-sandbox ... (2 actions, 1 running)
[193 / 292] Compiling Rust proc-macro yoke_derive v0.7.5 (3 files) [for tool]; 1s linux-sandbox ... (2 actions, 1 running)
[193 / 292] Compiling Rust proc-macro yoke_derive v0.7.5 (3 files) [for tool]; 2s linux-sandbox ... (2 actions running)
[194 / 292] Compiling Rust rlib serde v1.0.217 (20 files) [for tool]; 3s linux-sandbox ... (2 actions running)
[195 / 292] Compiling Rust rlib serde v1.0.217 (20 files) [for tool]; 5s linux-sandbox ... (2 actions, 1 running)
[198 / 292] Compiling Rust rlib erased_serde v0.4.5 (15 files) [for tool]; 0s linux-sandbox ... (2 actions running)
[200 / 292] Compiling Rust proc-macro zerovec_derive v0.10.3 (9 files) [for tool]; 1s linux-sandbox ... (2 actions, 1 running)
[202 / 292] Compiling Rust rlib semver v1.0.25 (17 files) [for tool]; 0s linux-sandbox ... (2 actions, 1 running)
[205 / 292] Compiling Rust rlib zerovec v0.10.4 (57 files) [for tool]; 1s linux-sandbox ... (2 actions running)
[206 / 292] Compiling Rust rlib toml_edit v0.22.24 (58 files) [for tool]; 2s linux-sandbox ... (2 actions running)
[207 / 292] Compiling Rust rlib toml_edit v0.22.24 (58 files) [for tool]; 3s linux-sandbox ... (2 actions running)
[209 / 292] Compiling Rust rlib toml_edit v0.22.24 (58 files) [for tool]; 5s linux-sandbox ... (2 actions running)
[210 / 292] Compiling Rust rlib icu_locid v1.5.0 (48 files) [for tool]; 3s linux-sandbox ... (2 actions running)
[213 / 292] [Prepa] Compiling Rust rlib icu_locid_transform v1.5.0 (15 files) [for tool]
[213 / 292] Compiling Rust rlib icu_locid_transform v1.5.0 (15 files) [for tool]; 1s linux-sandbox
[214 / 292] Compiling Rust rlib icu_properties v1.5.1 (14 files) [for tool]; 1s linux-sandbox
[215 / 292] [Prepa] Compiling Rust rlib icu_normalizer v1.5.0 (13 files) [for tool]
[215 / 292] Compiling Rust rlib icu_normalizer v1.5.0 (13 files) [for tool]; 1s linux-sandbox
[216 / 292] [Prepa] Compiling Rust rlib idna_adapter v1.2.0 (1 file) [for tool]
[217 / 292] Compiling Rust rlib idna v1.0.3 (11 files) [for tool]; 1s linux-sandbox
[218 / 292] Compiling Rust rlib url v2.5.4 (9 files) [for tool]; 1s linux-sandbox
[219 / 292] [Prepa] Compiling Rust rlib cargo_util_schemas v0.3.1 (8 files) [for tool]
[219 / 292] Compiling Rust rlib cargo_util_schemas v0.3.1 (8 files) [for tool]; 1s linux-sandbox
[220 / 292] Compiling Rust bin cargo_toml_variable_extractor (1 file) [for tool]; 1s linux-sandbox
[220 / 292] Compiling Rust bin cargo_toml_variable_extractor (1 file) [for tool]; 11s linux-sandbox
[221 / 292] [Prepa] ExtractCargoTomlEnvVars external/rules_rust++crate+crate_index__memchr-2.8.3/cargo_toml_env_vars.env
[224 / 292] Compiling Rust proc-macro pastey v0.2.3 (5 files) [for tool]; 0s linux-sandbox ... (2 actions, 1 running)
[236 / 292] Compiling Rust proc-macro pastey v0.2.3 (5 files) [for tool]; 1s linux-sandbox ... (2 actions, 1 running)
[256 / 292] Compiling Rust bin _bs_ (22 files) [for tool]; 0s linux-sandbox ... (2 actions running)
[262 / 292] Compiling Rust rlib proc_macro2 v1.0.107 (22 files) [for tool]; 0s linux-sandbox ... (2 actions running)
[263 / 292] Compiling Rust rlib libc v0.2.186 (346 files); 2s linux-sandbox ... (2 actions, 1 running)
[269 / 292] Compiling Rust rlib syn v2.0.119 (97 files) [for tool]; 0s linux-sandbox ... (2 actions, 1 running)
[273 / 292] Compiling Rust rlib syn v2.0.119 (97 files) [for tool]; 1s linux-sandbox ... (2 actions, 1 running)
[273 / 292] Compiling Rust rlib syn v2.0.119 (97 files) [for tool]; 2s linux-sandbox ... (2 actions running)
[273 / 292] Compiling Rust rlib syn v2.0.119 (97 files) [for tool]; 12s linux-sandbox ... (2 actions running)
[274 / 292] Compiling Rust rlib syn v3.0.6 (96 files) [for tool]; 15s linux-sandbox ... (2 actions, 1 running)
[274 / 292] Compiling Rust rlib syn v3.0.6 (96 files) [for tool]; 17s linux-sandbox ... (2 actions running)
[275 / 292] Compiling Rust proc-macro score_log_fmt_macro (3 files) [for tool]; 3s linux-sandbox ... (2 actions, 1 running)
[280 / 292] Compiling Rust proc-macro thiserror_impl v2.0.21 (11 files) [for tool]; 1s linux-sandbox ... (2 actions, 1 running)
[280 / 292] Compiling Rust proc-macro thiserror_impl v2.0.21 (11 files) [for tool]; 2s linux-sandbox ... (2 actions running)
[281 / 292] Compiling Rust proc-macro score-com-macros (1 file) [for tool]; 6s linux-sandbox ... (2 actions, 1 running)
[283 / 292] Compiling Rust proc-macro futures_macro v0.3.34 (5 files) [for tool]; 1s linux-sandbox
[284 / 292] [Prepa] Compiling Rust rlib futures_util v0.3.34 (186 files)
[284 / 292] Compiling Rust rlib futures_util v0.3.34 (186 files); 1s linux-sandbox
[285 / 292] [Prepa] Compiling Rust rlib futures_executor v0.3.34 (7 files)
[290 / 292] [Prepa] Compiling Rust rlib score_com (1 file)
INFO: Found 5 targets...
INFO: Elapsed time: 191.103s, Critical Path: 96.83s
INFO: 292 processes: 148 internal, 144 linux-sandbox.
INFO: Build completed successfully, 292 total actions
