$TEST_TMPDIR defined, some defaults will be overridden
OpenJDK 64-Bit Server VM warning: Options -Xverify:none and -noverify were deprecated in JDK 13 and will likely be removed in a future release.
Computing main repo mapping: 
Loading: 
Loading: 2 packages loaded
Analyzing: target //score/socom/test/unit:socom_test (3 packages loaded, 0 targets configured)
Analyzing: target //score/socom/test/unit:socom_test (3 packages loaded, 0 targets configured)

Analyzing: target //score/socom/test/unit:socom_test (157 packages loaded, 3184 targets configured)

Analyzing: target //score/socom/test/unit:socom_test (214 packages loaded, 12883 targets configured)

WARNING: /media/jefferson/11c42dee-73a3-4c2b-ab42-a0440011d9e0/.s-core-build/runs/score-someip84-compliance-959u7rde/bazel-output/ad81ff52ef3993cefdbed05845d5424f/external/score_baselibs+/score/mw/log/detail/wait_free_stack/BUILD:23:11: in cc_library rule @@score_baselibs+//score/mw/log/detail/wait_free_stack:wait_free_stack: target '@@score_baselibs+//score/mw/log/detail/wait_free_stack:wait_free_stack' depends on deprecated target '@@score_baselibs+//score/memory/shared:atomic_indirector': This target is deprecated. Use @score_baselibs//score/concurrency:atomic_indirector instead.
WARNING: /media/jefferson/11c42dee-73a3-4c2b-ab42-a0440011d9e0/.s-core-build/runs/score-someip84-compliance-959u7rde/bazel-output/ad81ff52ef3993cefdbed05845d5424f/external/score_baselibs+/score/json/internal/model/BUILD:17:11: in cc_library rule @@score_baselibs+//score/json/internal/model:model: target '@@score_baselibs+//score/json/internal/model:model' depends on deprecated target '@@score_baselibs+//score/memory:string_comparison_adaptor': This target is deprecated. Use @score_baselibs//score/string_manipulation:string_comparison_adaptor instead.
WARNING: /media/jefferson/11c42dee-73a3-4c2b-ab42-a0440011d9e0/.s-core-build/runs/score-someip84-compliance-959u7rde/bazel-output/ad81ff52ef3993cefdbed05845d5424f/external/score_baselibs+/score/mw/log/detail/text_recorder/BUILD:23:11: in cc_library rule @@score_baselibs+//score/mw/log/detail/text_recorder:text_recorder: target '@@score_baselibs+//score/mw/log/detail/text_recorder:text_recorder' depends on deprecated target '@@score_baselibs+//score/os/utils:high_resolution_steady_clock': Deprecated, please use //platform/aas/mw/time/HighPrecisionLocalSteadyClock instead
WARNING: /media/jefferson/11c42dee-73a3-4c2b-ab42-a0440011d9e0/.s-core-build/runs/score-someip84-compliance-959u7rde/bazel-output/ad81ff52ef3993cefdbed05845d5424f/external/score_baselibs+/score/mw/log/configuration/BUILD:63:11: in cc_library rule @@score_baselibs+//score/mw/log/configuration:configuration_parser: target '@@score_baselibs+//score/mw/log/configuration:configuration_parser' depends on deprecated target '@@score_baselibs+//score/memory:split_string_view': This target is deprecated. Use @score_baselibs//score/string_manipulation:split_string_view instead.
Analyzing: target //score/socom/test/unit:socom_test (217 packages loaded, 13130 targets configured)

INFO: Analyzed target //score/socom/test/unit:socom_test (219 packages loaded, 16261 targets configured).
[4 / 177] [Prepa] Writing script external/googletest+/gtest.cppmap
[112 / 283] Compiling googletest/src/gtest.cc; 0s linux-sandbox ... (2 actions running)
INFO: From Compiling googletest/src/gtest.cc:
In file included from external/googletest+/googletest/src/gtest.cc:33:
In file included from external/googletest+/googletest/include/gtest/gtest.h:55:
In file included from /usr/lib/gcc/x86_64-linux-gnu/12/../../../../include/c++/12/memory:66:
/usr/lib/gcc/x86_64-linux-gnu/12/../../../../include/c++/12/bits/stl_tempbuf.h:263:8: warning: 'get_temporary_buffer<testing::TestInfo *>' is deprecated [-Wdeprecated-declarations]
  263 |                 std::get_temporary_buffer<value_type>(_M_original_len));
      |                      ^
/usr/lib/gcc/x86_64-linux-gnu/12/../../../../include/c++/12/bits/stl_algo.h:4996:15: note: in instantiation of member function 'std::_Temporary_buffer<__gnu_cxx::__normal_iterator<testing::TestInfo **, std::vector<testing::TestInfo *>>, testing::TestInfo *>::_Temporary_buffer' requested here
 4996 |       _TmpBuf __buf(__first, (__last - __first + 1) / 2);
      |               ^
/usr/lib/gcc/x86_64-linux-gnu/12/../../../../include/c++/12/bits/stl_algo.h:5070:23: note: in instantiation of function template specialization 'std::__stable_sort<__gnu_cxx::__normal_iterator<testing::TestInfo **, std::vector<testing::TestInfo *>>, __gnu_cxx::__ops::_Iter_comp_iter<(lambda at external/googletest+/googletest/src/gtest.cc:3069:20)>>' requested here
 5070 |       _GLIBCXX_STD_A::__stable_sort(__first, __last,
      |                       ^
external/googletest+/googletest/src/gtest.cc:3068:8: note: in instantiation of function template specialization 'std::stable_sort<__gnu_cxx::__normal_iterator<testing::TestInfo **, std::vector<testing::TestInfo *>>, (lambda at external/googletest+/googletest/src/gtest.cc:3069:20)>' requested here
 3068 |   std::stable_sort(test_info_list_.begin(), test_info_list_.end(),
      |        ^
/usr/lib/gcc/x86_64-linux-gnu/12/../../../../include/c++/12/bits/stl_tempbuf.h:99:5: note: 'get_temporary_buffer<testing::TestInfo *>' has been explicitly marked deprecated here
   99 |     _GLIBCXX17_DEPRECATED
      |     ^
/usr/lib/gcc/x86_64-linux-gnu/12/../../../../include/x86_64-linux-gnu/c++/12/bits/c++config.h:119:34: note: expanded from macro '_GLIBCXX17_DEPRECATED'
  119 | # define _GLIBCXX17_DEPRECATED [[__deprecated__]]
      |                                  ^
1 warning generated.
[113 / 283] Compiling score/socom/test/unit/client_tests.cpp; 1s linux-sandbox ... (2 actions, 1 running)
[116 / 283] Compiling score/socom/test/unit/connection_tests.cpp; 0s linux-sandbox ... (2 actions, 1 running)
[119 / 283] Compiling score/socom/test/unit/error_tests.cpp; 0s linux-sandbox ... (2 actions, 1 running)
[123 / 283] Compiling score/socom/test/unit/event_tests.cpp; 1s linux-sandbox ... (2 actions, 1 running)
[127 / 283] Compiling score/socom/test/unit/identity_tests.cpp; 0s linux-sandbox ... (2 actions running)
[130 / 283] Compiling score/socom/test/unit/interface_compatibility_tests.cpp; 1s linux-sandbox ... (2 actions, 1 running)
[133 / 283] Compiling score/socom/test/unit/method_call_tests.cpp; 1s linux-sandbox ... (2 actions, 1 running)
[137 / 283] Compiling score/socom/test/unit/mock_tests.cpp; 0s linux-sandbox ... (2 actions, 1 running)
[141 / 283] Compiling score/socom/test/unit/move_only_function_mock.cpp; 0s linux-sandbox ... (2 actions, 1 running)
[149 / 283] Compiling score/socom/test/unit/multi_connection_tests.cpp; 0s linux-sandbox ... (2 actions, 1 running)
[155 / 283] Compiling score/socom/test/unit/multiple_runtimes_tests.cpp; 0s linux-sandbox ... (2 actions, 1 running)
[159 / 283] Compiling score/socom/test/unit/payload_tests.cpp; 0s linux-sandbox ... (2 actions, 1 running)
[164 / 283] Compiling score/socom/test/unit/payload_tests.cpp; 1s linux-sandbox ... (2 actions, 1 running)
[170 / 283] Compiling score/socom/test/unit/runtime_tests.cpp; 0s linux-sandbox ... (2 actions, 1 running)
[173 / 283] Compiling score/socom/test/unit/runtime_tests.cpp; 1s linux-sandbox ... (2 actions running)
[178 / 283] Compiling score/socom/test/unit/server_tests.cpp; 0s linux-sandbox ... (2 actions running)
[182 / 283] Compiling score/socom/test/unit/service_identifier_tests.cpp; 0s linux-sandbox ... (2 actions, 1 running)
[186 / 283] Compiling score/mw/log/detail/text_recorder/console_recorder_factory.cpp; 0s linux-sandbox ... (2 actions, 1 running)
[190 / 283] Compiling score/socom/test/unit/smoke_test.cpp; 1s linux-sandbox ... (2 actions, 1 running)
[196 / 283] Compiling score/socom/test/framework/src/bridge_t.cpp; 0s linux-sandbox ... (2 actions, 1 running)
[202 / 283] Compiling score/socom/test/framework/src/clients_t.cpp; 0s linux-sandbox ... (2 actions, 1 running)
[208 / 283] Compiling score/socom/test/framework/src/clients_t.cpp; 1s linux-sandbox ... (2 actions, 1 running)
[213 / 283] Compiling score/socom/test/framework/src/connector_factory.cpp; 1s linux-sandbox ... (2 actions, 1 running)
[217 / 283] Compiling score/socom/test/framework/src/multi_threaded_test_template.cpp; 0s linux-sandbox ... (2 actions running)
[222 / 283] Compiling score/socom/test/framework/src/server_t.cpp; 1s linux-sandbox ... (2 actions, 1 running)
[228 / 283] [Scann] Compiling score/json/internal/model/error.cpp
[231 / 283] Compiling score/json/internal/writer/json_serialize/json_serialize.cpp; 0s linux-sandbox ... (2 actions, 1 running)
[236 / 283] Compiling score/socom/test/framework/src/temporary_event_subscription.cpp; 1s linux-sandbox ... (2 actions, 1 running)
[241 / 283] Compiling score/filesystem/filestream/i_file_factory.cpp; 0s linux-sandbox ... (2 actions, 1 running)
[246 / 283] Compiling score/socom/impl/error.cpp; 0s linux-sandbox ... (2 actions, 1 running)
[251 / 283] Compiling score/json/json_writer.cpp; 0s linux-sandbox ... (2 actions running)
[256 / 283] Compiling score/socom/impl/server_connector_impl.cpp; 0s linux-sandbox ... (2 actions, 1 running)
[261 / 283] Compiling score/json/json_parser.cpp; 0s linux-sandbox ... (2 actions, 1 running)
[267 / 283] Compiling score/mw/log/configuration/target_config_reader.cpp; 0s linux-sandbox ... (2 actions, 1 running)
[272 / 283] Compiling score/mw/log/detail/irecorder_factory.cpp; 0s linux-sandbox ... (2 actions, 1 running)
[279 / 283] Compiling score/mw/log/detail/console_registrant.cpp; 0s linux-sandbox ... (2 actions, 1 running)
[283 / 284] Testing //score/socom/test/unit:socom_test; 0s linux-sandbox
[283 / 284] 1 / 1 tests; Testing //score/socom/test/unit:socom_test; 1s linux-sandbox
INFO: Found 1 test target...
Target //score/socom/test/unit:socom_test up-to-date:
  bazel-bin/score/socom/test/unit/socom_test
INFO: Elapsed time: 50.457s, Critical Path: 4.37s
INFO: 284 processes: 112 internal, 172 linux-sandbox.
INFO: Build completed successfully, 284 total actions
