$TEST_TMPDIR defined, some defaults will be overridden
WARNING: Duplicate rc file: /media/jefferson/11c42dee-73a3-4c2b-ab42-a0440011d9e0/.s-core-build/runs/score-rust-issue-queue-ycbvxir7/workspaces/490/quality/static_analysis/static_analysis.bazelrc is read multiple times, it is a standard rc file location but must have been unnecessarily imported earlier.
OpenJDK 64-Bit Server VM warning: Options -Xverify:none and -noverify were deprecated in JDK 13 and will likely be removed in a future release.
WARNING: The following configs were expanded more than once: [linux_x64_gcc_15]. For repeatable flags, repeats are counted twice and may lead to unexpected behavior.
Computing main repo mapping: 
WARNING: The following configs were expanded more than once: [linux_x64_gcc_15]. For repeatable flags, repeats are counted twice and may lead to unexpected behavior.
Computing main repo mapping: 
Computing main repo mapping: 
Computing main repo mapping: 
Computing main repo mapping: 
Computing main repo mapping: 
Computing main repo mapping: 
Computing main repo mapping: 
Computing main repo mapping: 
Computing main repo mapping: 
Computing main repo mapping: 
Computing main repo mapping: 
Loading: 
Loading: 5 packages loaded
Analyzing: target //score/mw/com/impl/rust/com-api/com-api-runtime-mock:com-api-runtime-mock (6 packages loaded, 0 targets configured)
Analyzing: target //score/mw/com/impl/rust/com-api/com-api-runtime-mock:com-api-runtime-mock (6 packages loaded, 0 targets configured)

Analyzing: target //score/mw/com/impl/rust/com-api/com-api-runtime-mock:com-api-runtime-mock (92 packages loaded, 9 targets configured)

Analyzing: target //score/mw/com/impl/rust/com-api/com-api-runtime-mock:com-api-runtime-mock (97 packages loaded, 9 targets configured)

Analyzing: target //score/mw/com/impl/rust/com-api/com-api-runtime-mock:com-api-runtime-mock (97 packages loaded, 9 targets configured)

Analyzing: target //score/mw/com/impl/rust/com-api/com-api-runtime-mock:com-api-runtime-mock (156 packages loaded, 3089 targets configured)

Analyzing: target //score/mw/com/impl/rust/com-api/com-api-runtime-mock:com-api-runtime-mock (158 packages loaded, 3158 targets configured)

Analyzing: target //score/mw/com/impl/rust/com-api/com-api-runtime-mock:com-api-runtime-mock (158 packages loaded, 3158 targets configured)

Analyzing: target //score/mw/com/impl/rust/com-api/com-api-runtime-mock:com-api-runtime-mock (158 packages loaded, 3158 targets configured)

Analyzing: target //score/mw/com/impl/rust/com-api/com-api-runtime-mock:com-api-runtime-mock (158 packages loaded, 3158 targets configured)

INFO: Analyzed target //score/mw/com/impl/rust/com-api/com-api-runtime-mock:com-api-runtime-mock (270 packages loaded, 12801 targets configured).
[1 / 1] no actions running
[98 / 275] [Prepa] Creating symlink external/score_toolchains_rust++ferrocene_toolchain_ext+ferrocene_x86_64_unknown_linux_gnu/rust_ferrocene/lib/rustlib/x86_64-unknown-linux-gnu/lib/libstd-d2e7351defe9227a.rlib [for tool]
[135 / 275] Compiling Rust (without process_wrapper) rlib tinyjson (4 files) [for tool]; 1s linux-sandbox
[136 / 275] Compiling Rust (without process_wrapper) bin process_wrapper (6 files) [for tool]; 0s linux-sandbox
[137 / 275] [Prepa] Compiling Rust rlib cargo_build_script_runner (2 files) [for tool] ... (2 actions, 0 running)
[140 / 275] Compiling Rust rlib percent_encoding v2.3.1 (1 file) [for tool]; 0s linux-sandbox ... (2 actions, 1 running)
[145 / 275] Compiling Rust bin runner (1 file) [for tool]; 1s linux-sandbox ... (2 actions, 1 running)
[148 / 275] Compiling Rust bin runner (1 file) [for tool]; 2s linux-sandbox ... (2 actions, 1 running)
[153 / 275] Compiling Rust bin _bs_ (17 files) [for tool]; 0s linux-sandbox ... (2 actions running)
[161 / 275] Compiling Rust rlib autocfg v1.5.0 (15 files) [for tool]; 0s linux-sandbox ... (2 actions, 1 running)
[164 / 275] Compiling Rust rlib winnow v0.7.2 (93 files) [for tool]; 1s linux-sandbox ... (2 actions running)
[167 / 275] Compiling Rust rlib winnow v0.7.2 (93 files) [for tool]; 2s linux-sandbox ... (2 actions running)
[169 / 275] Compiling Rust rlib winnow v0.7.2 (93 files) [for tool]; 3s linux-sandbox ... (2 actions, 1 running)
[173 / 275] Compiling Rust rlib winnow v0.7.2 (93 files) [for tool]; 4s linux-sandbox ... (2 actions, 1 running)
[178 / 275] Compiling Rust rlib hashbrown v0.15.2 (34 files) [for tool]; 0s linux-sandbox ... (2 actions, 1 running)
[182 / 275] Compiling Rust rlib proc_macro2 v1.0.93 (17 files) [for tool]; 1s linux-sandbox
[183 / 275] Compiling Rust rlib quote v1.0.38 (16 files) [for tool]; 1s linux-sandbox
[184 / 275] Compiling Rust rlib syn v2.0.98 (96 files) [for tool]; 0s linux-sandbox
[185 / 275] [Prepa] Compiling Rust proc-macro thiserror_impl v1.0.69 (10 files) [for tool]
[185 / 275] Compiling Rust proc-macro thiserror_impl v1.0.69 (10 files) [for tool]; 1s linux-sandbox ... (2 actions running)
[186 / 275] Compiling Rust proc-macro serde_derive v1.0.217 (18 files) [for tool]; 3s linux-sandbox ... (2 actions, 1 running)
[187 / 275] Compiling Rust proc-macro serde_derive v1.0.217 (18 files) [for tool]; 5s linux-sandbox ... (2 actions running)
[188 / 275] Compiling Rust proc-macro serde_derive v1.0.217 (18 files) [for tool]; 7s linux-sandbox ... (2 actions running)
[189 / 275] Compiling Rust proc-macro serde_derive v1.0.217 (18 files) [for tool]; 9s linux-sandbox ... (2 actions, 1 running)
[190 / 275] Compiling Rust proc-macro yoke_derive v0.7.5 (3 files) [for tool]; 1s linux-sandbox ... (2 actions running)
[191 / 275] Compiling Rust rlib serde v1.0.217 (20 files) [for tool]; 2s linux-sandbox ... (2 actions, 1 running)
[191 / 275] Compiling Rust rlib serde v1.0.217 (20 files) [for tool]; 4s linux-sandbox ... (2 actions running)
[193 / 275] Compiling Rust rlib erased_serde v0.4.5 (15 files) [for tool]; 0s linux-sandbox ... (2 actions, 1 running)
[197 / 275] Compiling Rust proc-macro zerovec_derive v0.10.3 (9 files) [for tool]; 1s linux-sandbox ... (2 actions running)
[198 / 275] Compiling Rust proc-macro zerovec_derive v0.10.3 (9 files) [for tool]; 2s linux-sandbox ... (2 actions running)
[202 / 275] Compiling Rust rlib toml_edit v0.22.24 (58 files) [for tool]; 0s linux-sandbox ... (2 actions, 1 running)
[202 / 275] Compiling Rust rlib toml_edit v0.22.24 (58 files) [for tool]; 2s linux-sandbox ... (2 actions running)
[203 / 275] Compiling Rust rlib toml_edit v0.22.24 (58 files) [for tool]; 3s linux-sandbox ... (2 actions running)
[204 / 275] Compiling Rust rlib toml_edit v0.22.24 (58 files) [for tool]; 4s linux-sandbox ... (2 actions, 1 running)
[204 / 275] Compiling Rust rlib toml_edit v0.22.24 (58 files) [for tool]; 6s linux-sandbox ... (2 actions running)
[207 / 275] Compiling Rust rlib toml v0.8.20 (29 files) [for tool]; 0s linux-sandbox ... (2 actions running)
[209 / 275] [Prepa] Compiling Rust rlib icu_provider v1.5.0 (20 files) [for tool]
[210 / 275] Compiling Rust rlib icu_locid_transform v1.5.0 (15 files) [for tool]; 0s linux-sandbox
[211 / 275] Compiling Rust rlib icu_properties v1.5.1 (14 files) [for tool]; 0s linux-sandbox
[212 / 275] [Prepa] Compiling Rust rlib icu_normalizer v1.5.0 (13 files) [for tool]
[212 / 275] Compiling Rust rlib icu_normalizer v1.5.0 (13 files) [for tool]; 1s linux-sandbox
[213 / 275] [Prepa] Compiling Rust rlib idna_adapter v1.2.0 (1 file) [for tool]
[215 / 275] [Prepa] Compiling Rust rlib url v2.5.4 (9 files) [for tool]
[215 / 275] Compiling Rust rlib url v2.5.4 (9 files) [for tool]; 1s linux-sandbox
[216 / 275] Compiling Rust rlib cargo_util_schemas v0.3.1 (8 files) [for tool]; 0s linux-sandbox
[217 / 275] [Prepa] Compiling Rust bin cargo_toml_variable_extractor (1 file) [for tool]
[217 / 275] Compiling Rust bin cargo_toml_variable_extractor (1 file) [for tool]; 1s linux-sandbox
[217 / 275] Compiling Rust bin cargo_toml_variable_extractor (1 file) [for tool]; 11s linux-sandbox
[218 / 275] [Prepa] ExtractCargoTomlEnvVars external/rules_rust++crate+crate_index__thiserror-impl-2.0.21/cargo_toml_env_vars.env [for tool]
[227 / 275] Compiling Rust proc-macro pastey v0.2.3 (5 files) [for tool]; 1s linux-sandbox ... (2 actions running)
[235 / 275] Compiling Rust rlib memchr v2.8.3 (45 files); 0s linux-sandbox ... (2 actions, 1 running)
[256 / 275] Compiling Rust rlib proc_macro2 v1.0.107 (22 files) [for tool]; 0s linux-sandbox ... (2 actions, 1 running)
[259 / 275] [Prepa] Compiling Rust rlib quote v1.0.47 (17 files) [for tool]
[260 / 275] Compiling Rust rlib syn v2.0.119 (97 files) [for tool]; 0s linux-sandbox ... (2 actions running)
[260 / 275] Compiling Rust rlib syn v2.0.119 (97 files) [for tool]; 11s linux-sandbox ... (2 actions running)
[261 / 275] Compiling Rust rlib syn v3.0.6 (96 files) [for tool]; 14s linux-sandbox ... (2 actions, 1 running)
[262 / 275] Compiling Rust proc-macro score_log_fmt_macro (3 files) [for tool]; 1s linux-sandbox ... (2 actions running)
[263 / 275] Compiling Rust proc-macro thiserror_impl v2.0.21 (11 files) [for tool]; 2s linux-sandbox ... (2 actions, 1 running)
[266 / 275] Compiling Rust proc-macro thiserror_impl v2.0.21 (11 files) [for tool]; 4s linux-sandbox ... (2 actions running)
[269 / 275] Compiling Rust proc-macro futures_macro v0.3.34 (5 files) [for tool]; 1s linux-sandbox
[270 / 275] [Prepa] Compiling Rust rlib futures_util v0.3.34 (186 files)
[270 / 275] Compiling Rust rlib futures_util v0.3.34 (186 files); 1s linux-sandbox
[271 / 275] [Prepa] Compiling Rust rlib futures_executor v0.3.34 (7 files)
INFO: Found 1 target...
Target //score/mw/com/impl/rust/com-api/com-api-runtime-mock:com-api-runtime-mock up-to-date:
  bazel-bin/score/mw/com/impl/rust/com-api/com-api-runtime-mock/libcom_api_runtime_mock-751917231.rlib
INFO: Elapsed time: 179.745s, Critical Path: 92.79s
INFO: 275 processes: 144 internal, 131 linux-sandbox.
INFO: Build completed successfully, 275 total actions
