$TEST_TMPDIR defined, some defaults will be overridden
Extracting Bazel installation...
OpenJDK 64-Bit Server VM warning: Options -Xverify:none and -noverify were deprecated in JDK 13 and will likely be removed in a future release.
WARNING: The following configs were expanded more than once: [linux_x64_gcc_15]. For repeatable flags, repeats are counted twice and may lead to unexpected behavior.
Computing main repo mapping: 
Computing main repo mapping: 
Computing main repo mapping: 
Computing main repo mapping: 
Computing main repo mapping: 
Computing main repo mapping: 
Computing main repo mapping: 
Computing main repo mapping: 
Computing main repo mapping: 
Computing main repo mapping: 
Computing main repo mapping: 
Computing main repo mapping: 
Computing main repo mapping: 
Computing main repo mapping: 
Computing main repo mapping: 
Computing main repo mapping: 
Computing main repo mapping: 
Computing main repo mapping: 
Computing main repo mapping: 
Computing main repo mapping: 
Computing main repo mapping: 
Computing main repo mapping: 
Computing main repo mapping: 
Computing main repo mapping: 
Computing main repo mapping: 
Computing main repo mapping: 
WARNING: The following configs were expanded more than once: [linux_x64_gcc_15]. For repeatable flags, repeats are counted twice and may lead to unexpected behavior.
Computing main repo mapping: 
Computing main repo mapping: 
Computing main repo mapping: 
Computing main repo mapping: 
Computing main repo mapping: 
Computing main repo mapping: 
Computing main repo mapping: 
Computing main repo mapping: 
Computing main repo mapping: 
Computing main repo mapping: 
Computing main repo mapping: 
Computing main repo mapping: 
Computing main repo mapping: 
Computing main repo mapping: 
Computing main repo mapping: 
Computing main repo mapping: 
Computing main repo mapping: 
Computing main repo mapping: 
Computing main repo mapping: 
Computing main repo mapping: 
Computing main repo mapping: 
Computing main repo mapping: 
Computing main repo mapping: 
Computing main repo mapping: 
Computing main repo mapping: 
Computing main repo mapping: 
Computing main repo mapping: 
Computing main repo mapping: 
Computing main repo mapping: 
Computing main repo mapping: 
Computing main repo mapping: 
Computing main repo mapping: 
Computing main repo mapping: 
Computing main repo mapping: 
Computing main repo mapping: 
Computing main repo mapping: 
Computing main repo mapping: 
Computing main repo mapping: 
Computing main repo mapping: 
Computing main repo mapping: 
Computing main repo mapping: 
Computing main repo mapping: 
Computing main repo mapping: 
Computing main repo mapping: 
Computing main repo mapping: 
Computing main repo mapping: 
Computing main repo mapping: 
Loading: 
Loading: 5 packages loaded
Loading: 5 packages loaded
    currently loading: score/mw/com/impl/plumbing/rust
Loading: 5 packages loaded
    currently loading: score/mw/com/impl/plumbing/rust
Analyzing: target //score/mw/com/impl/plumbing/rust:method_in_arg_ptr_doc_test (6 packages loaded, 0 targets configured)
Analyzing: target //score/mw/com/impl/plumbing/rust:method_in_arg_ptr_doc_test (6 packages loaded, 0 targets configured)

Analyzing: target //score/mw/com/impl/plumbing/rust:method_in_arg_ptr_doc_test (78 packages loaded, 8 targets configured)

Analyzing: target //score/mw/com/impl/plumbing/rust:method_in_arg_ptr_doc_test (78 packages loaded, 8 targets configured)

Analyzing: target //score/mw/com/impl/plumbing/rust:method_in_arg_ptr_doc_test (85 packages loaded, 8 targets configured)

Analyzing: target //score/mw/com/impl/plumbing/rust:method_in_arg_ptr_doc_test (91 packages loaded, 8 targets configured)

Analyzing: target //score/mw/com/impl/plumbing/rust:method_in_arg_ptr_doc_test (92 packages loaded, 8 targets configured)

Analyzing: target //score/mw/com/impl/plumbing/rust:method_in_arg_ptr_doc_test (94 packages loaded, 8 targets configured)

Analyzing: target //score/mw/com/impl/plumbing/rust:method_in_arg_ptr_doc_test (95 packages loaded, 8 targets configured)

Analyzing: target //score/mw/com/impl/plumbing/rust:method_in_arg_ptr_doc_test (95 packages loaded, 8 targets configured)

Analyzing: target //score/mw/com/impl/plumbing/rust:method_in_arg_ptr_doc_test (95 packages loaded, 8 targets configured)

Analyzing: target //score/mw/com/impl/plumbing/rust:method_in_arg_ptr_doc_test (95 packages loaded, 8 targets configured)

Analyzing: target //score/mw/com/impl/plumbing/rust:method_in_arg_ptr_doc_test (95 packages loaded, 8 targets configured)

Analyzing: target //score/mw/com/impl/plumbing/rust:method_in_arg_ptr_doc_test (95 packages loaded, 8 targets configured)

Analyzing: target //score/mw/com/impl/plumbing/rust:method_in_arg_ptr_doc_test (95 packages loaded, 8 targets configured)

Analyzing: target //score/mw/com/impl/plumbing/rust:method_in_arg_ptr_doc_test (95 packages loaded, 8 targets configured)

Analyzing: target //score/mw/com/impl/plumbing/rust:method_in_arg_ptr_doc_test (95 packages loaded, 8 targets configured)

Analyzing: target //score/mw/com/impl/plumbing/rust:method_in_arg_ptr_doc_test (95 packages loaded, 8 targets configured)

Analyzing: target //score/mw/com/impl/plumbing/rust:method_in_arg_ptr_doc_test (95 packages loaded, 8 targets configured)

Analyzing: target //score/mw/com/impl/plumbing/rust:method_in_arg_ptr_doc_test (95 packages loaded, 8 targets configured)

Analyzing: target //score/mw/com/impl/plumbing/rust:method_in_arg_ptr_doc_test (95 packages loaded, 8 targets configured)

Analyzing: target //score/mw/com/impl/plumbing/rust:method_in_arg_ptr_doc_test (95 packages loaded, 8 targets configured)

Analyzing: target //score/mw/com/impl/plumbing/rust:method_in_arg_ptr_doc_test (95 packages loaded, 8 targets configured)

Analyzing: target //score/mw/com/impl/plumbing/rust:method_in_arg_ptr_doc_test (95 packages loaded, 8 targets configured)

Analyzing: target //score/mw/com/impl/plumbing/rust:method_in_arg_ptr_doc_test (95 packages loaded, 8 targets configured)

Analyzing: target //score/mw/com/impl/plumbing/rust:method_in_arg_ptr_doc_test (95 packages loaded, 8 targets configured)

Analyzing: target //score/mw/com/impl/plumbing/rust:method_in_arg_ptr_doc_test (95 packages loaded, 8 targets configured)

Analyzing: target //score/mw/com/impl/plumbing/rust:method_in_arg_ptr_doc_test (95 packages loaded, 8 targets configured)

Analyzing: target //score/mw/com/impl/plumbing/rust:method_in_arg_ptr_doc_test (95 packages loaded, 8 targets configured)

Analyzing: target //score/mw/com/impl/plumbing/rust:method_in_arg_ptr_doc_test (95 packages loaded, 8 targets configured)

Analyzing: target //score/mw/com/impl/plumbing/rust:method_in_arg_ptr_doc_test (95 packages loaded, 8 targets configured)

Analyzing: target //score/mw/com/impl/plumbing/rust:method_in_arg_ptr_doc_test (95 packages loaded, 8 targets configured)

Analyzing: target //score/mw/com/impl/plumbing/rust:method_in_arg_ptr_doc_test (95 packages loaded, 8 targets configured)

Analyzing: target //score/mw/com/impl/plumbing/rust:method_in_arg_ptr_doc_test (95 packages loaded, 8 targets configured)

Analyzing: target //score/mw/com/impl/plumbing/rust:method_in_arg_ptr_doc_test (95 packages loaded, 8 targets configured)

Analyzing: target //score/mw/com/impl/plumbing/rust:method_in_arg_ptr_doc_test (95 packages loaded, 8 targets configured)

Analyzing: target //score/mw/com/impl/plumbing/rust:method_in_arg_ptr_doc_test (95 packages loaded, 8 targets configured)

Analyzing: target //score/mw/com/impl/plumbing/rust:method_in_arg_ptr_doc_test (95 packages loaded, 8 targets configured)

Analyzing: target //score/mw/com/impl/plumbing/rust:method_in_arg_ptr_doc_test (95 packages loaded, 8 targets configured)

Analyzing: target //score/mw/com/impl/plumbing/rust:method_in_arg_ptr_doc_test (95 packages loaded, 8 targets configured)

Analyzing: target //score/mw/com/impl/plumbing/rust:method_in_arg_ptr_doc_test (96 packages loaded, 8 targets configured)

Analyzing: target //score/mw/com/impl/plumbing/rust:method_in_arg_ptr_doc_test (96 packages loaded, 8 targets configured)

Analyzing: target //score/mw/com/impl/plumbing/rust:method_in_arg_ptr_doc_test (96 packages loaded, 8 targets configured)

Analyzing: target //score/mw/com/impl/plumbing/rust:method_in_arg_ptr_doc_test (96 packages loaded, 8 targets configured)

Analyzing: target //score/mw/com/impl/plumbing/rust:method_in_arg_ptr_doc_test (96 packages loaded, 8 targets configured)

Analyzing: target //score/mw/com/impl/plumbing/rust:method_in_arg_ptr_doc_test (96 packages loaded, 8 targets configured)

Analyzing: target //score/mw/com/impl/plumbing/rust:method_in_arg_ptr_doc_test (96 packages loaded, 8 targets configured)

Analyzing: target //score/mw/com/impl/plumbing/rust:method_in_arg_ptr_doc_test (96 packages loaded, 8 targets configured)

Analyzing: target //score/mw/com/impl/plumbing/rust:method_in_arg_ptr_doc_test (96 packages loaded, 8 targets configured)

Analyzing: target //score/mw/com/impl/plumbing/rust:method_in_arg_ptr_doc_test (96 packages loaded, 8 targets configured)

Analyzing: target //score/mw/com/impl/plumbing/rust:method_in_arg_ptr_doc_test (96 packages loaded, 8 targets configured)

Analyzing: target //score/mw/com/impl/plumbing/rust:method_in_arg_ptr_doc_test (96 packages loaded, 8 targets configured)

Analyzing: target //score/mw/com/impl/plumbing/rust:method_in_arg_ptr_doc_test (96 packages loaded, 8 targets configured)

Analyzing: target //score/mw/com/impl/plumbing/rust:method_in_arg_ptr_doc_test (96 packages loaded, 8 targets configured)

Analyzing: target //score/mw/com/impl/plumbing/rust:method_in_arg_ptr_doc_test (96 packages loaded, 8 targets configured)

Analyzing: target //score/mw/com/impl/plumbing/rust:method_in_arg_ptr_doc_test (96 packages loaded, 8 targets configured)

Analyzing: target //score/mw/com/impl/plumbing/rust:method_in_arg_ptr_doc_test (96 packages loaded, 8 targets configured)

Analyzing: target //score/mw/com/impl/plumbing/rust:method_in_arg_ptr_doc_test (96 packages loaded, 8 targets configured)

Analyzing: target //score/mw/com/impl/plumbing/rust:method_in_arg_ptr_doc_test (96 packages loaded, 8 targets configured)

Analyzing: target //score/mw/com/impl/plumbing/rust:method_in_arg_ptr_doc_test (96 packages loaded, 8 targets configured)

Analyzing: target //score/mw/com/impl/plumbing/rust:method_in_arg_ptr_doc_test (96 packages loaded, 8 targets configured)

Analyzing: target //score/mw/com/impl/plumbing/rust:method_in_arg_ptr_doc_test (96 packages loaded, 8 targets configured)

Analyzing: target //score/mw/com/impl/plumbing/rust:method_in_arg_ptr_doc_test (96 packages loaded, 8 targets configured)

Analyzing: target //score/mw/com/impl/plumbing/rust:method_in_arg_ptr_doc_test (96 packages loaded, 8 targets configured)

Analyzing: target //score/mw/com/impl/plumbing/rust:method_in_arg_ptr_doc_test (96 packages loaded, 8 targets configured)

Analyzing: target //score/mw/com/impl/plumbing/rust:method_in_arg_ptr_doc_test (96 packages loaded, 8 targets configured)

Analyzing: target //score/mw/com/impl/plumbing/rust:method_in_arg_ptr_doc_test (96 packages loaded, 8 targets configured)

Analyzing: target //score/mw/com/impl/plumbing/rust:method_in_arg_ptr_doc_test (96 packages loaded, 8 targets configured)

Analyzing: target //score/mw/com/impl/plumbing/rust:method_in_arg_ptr_doc_test (96 packages loaded, 8 targets configured)

Analyzing: target //score/mw/com/impl/plumbing/rust:method_in_arg_ptr_doc_test (96 packages loaded, 8 targets configured)

Analyzing: target //score/mw/com/impl/plumbing/rust:method_in_arg_ptr_doc_test (96 packages loaded, 8 targets configured)

Analyzing: target //score/mw/com/impl/plumbing/rust:method_in_arg_ptr_doc_test (96 packages loaded, 8 targets configured)

Analyzing: target //score/mw/com/impl/plumbing/rust:method_in_arg_ptr_doc_test (96 packages loaded, 8 targets configured)

Analyzing: target //score/mw/com/impl/plumbing/rust:method_in_arg_ptr_doc_test (96 packages loaded, 8 targets configured)

Analyzing: target //score/mw/com/impl/plumbing/rust:method_in_arg_ptr_doc_test (96 packages loaded, 8 targets configured)

Analyzing: target //score/mw/com/impl/plumbing/rust:method_in_arg_ptr_doc_test (96 packages loaded, 8 targets configured)

Analyzing: target //score/mw/com/impl/plumbing/rust:method_in_arg_ptr_doc_test (96 packages loaded, 8 targets configured)

Analyzing: target //score/mw/com/impl/plumbing/rust:method_in_arg_ptr_doc_test (97 packages loaded, 8 targets configured)

Analyzing: target //score/mw/com/impl/plumbing/rust:method_in_arg_ptr_doc_test (97 packages loaded, 8 targets configured)

Analyzing: target //score/mw/com/impl/plumbing/rust:method_in_arg_ptr_doc_test (97 packages loaded, 8 targets configured)

Analyzing: target //score/mw/com/impl/plumbing/rust:method_in_arg_ptr_doc_test (97 packages loaded, 8 targets configured)

Analyzing: target //score/mw/com/impl/plumbing/rust:method_in_arg_ptr_doc_test (97 packages loaded, 8 targets configured)

Analyzing: target //score/mw/com/impl/plumbing/rust:method_in_arg_ptr_doc_test (97 packages loaded, 8 targets configured)

Analyzing: target //score/mw/com/impl/plumbing/rust:method_in_arg_ptr_doc_test (97 packages loaded, 8 targets configured)

Analyzing: target //score/mw/com/impl/plumbing/rust:method_in_arg_ptr_doc_test (97 packages loaded, 8 targets configured)

Analyzing: target //score/mw/com/impl/plumbing/rust:method_in_arg_ptr_doc_test (97 packages loaded, 8 targets configured)

Analyzing: target //score/mw/com/impl/plumbing/rust:method_in_arg_ptr_doc_test (97 packages loaded, 8 targets configured)

Analyzing: target //score/mw/com/impl/plumbing/rust:method_in_arg_ptr_doc_test (97 packages loaded, 8 targets configured)

Analyzing: target //score/mw/com/impl/plumbing/rust:method_in_arg_ptr_doc_test (97 packages loaded, 8 targets configured)

Analyzing: target //score/mw/com/impl/plumbing/rust:method_in_arg_ptr_doc_test (97 packages loaded, 8 targets configured)

Analyzing: target //score/mw/com/impl/plumbing/rust:method_in_arg_ptr_doc_test (97 packages loaded, 8 targets configured)

Analyzing: target //score/mw/com/impl/plumbing/rust:method_in_arg_ptr_doc_test (97 packages loaded, 8 targets configured)

Analyzing: target //score/mw/com/impl/plumbing/rust:method_in_arg_ptr_doc_test (97 packages loaded, 8 targets configured)

Analyzing: target //score/mw/com/impl/plumbing/rust:method_in_arg_ptr_doc_test (97 packages loaded, 8 targets configured)

Analyzing: target //score/mw/com/impl/plumbing/rust:method_in_arg_ptr_doc_test (97 packages loaded, 8 targets configured)

Analyzing: target //score/mw/com/impl/plumbing/rust:method_in_arg_ptr_doc_test (97 packages loaded, 8 targets configured)

Analyzing: target //score/mw/com/impl/plumbing/rust:method_in_arg_ptr_doc_test (97 packages loaded, 8 targets configured)

Analyzing: target //score/mw/com/impl/plumbing/rust:method_in_arg_ptr_doc_test (97 packages loaded, 8 targets configured)

Analyzing: target //score/mw/com/impl/plumbing/rust:method_in_arg_ptr_doc_test (97 packages loaded, 8 targets configured)

Analyzing: target //score/mw/com/impl/plumbing/rust:method_in_arg_ptr_doc_test (97 packages loaded, 8 targets configured)

Analyzing: target //score/mw/com/impl/plumbing/rust:method_in_arg_ptr_doc_test (97 packages loaded, 8 targets configured)

Analyzing: target //score/mw/com/impl/plumbing/rust:method_in_arg_ptr_doc_test (97 packages loaded, 8 targets configured)

Analyzing: target //score/mw/com/impl/plumbing/rust:method_in_arg_ptr_doc_test (97 packages loaded, 8 targets configured)

Analyzing: target //score/mw/com/impl/plumbing/rust:method_in_arg_ptr_doc_test (150 packages loaded, 3085 targets configured)

Analyzing: target //score/mw/com/impl/plumbing/rust:method_in_arg_ptr_doc_test (158 packages loaded, 3157 targets configured)

Analyzing: target //score/mw/com/impl/plumbing/rust:method_in_arg_ptr_doc_test (158 packages loaded, 3157 targets configured)

Analyzing: target //score/mw/com/impl/plumbing/rust:method_in_arg_ptr_doc_test (158 packages loaded, 3157 targets configured)

Analyzing: target //score/mw/com/impl/plumbing/rust:method_in_arg_ptr_doc_test (158 packages loaded, 3157 targets configured)

Analyzing: target //score/mw/com/impl/plumbing/rust:method_in_arg_ptr_doc_test (158 packages loaded, 3157 targets configured)

Analyzing: target //score/mw/com/impl/plumbing/rust:method_in_arg_ptr_doc_test (158 packages loaded, 3157 targets configured)

Analyzing: target //score/mw/com/impl/plumbing/rust:method_in_arg_ptr_doc_test (158 packages loaded, 3157 targets configured)

Analyzing: target //score/mw/com/impl/plumbing/rust:method_in_arg_ptr_doc_test (158 packages loaded, 3157 targets configured)

Analyzing: target //score/mw/com/impl/plumbing/rust:method_in_arg_ptr_doc_test (158 packages loaded, 3157 targets configured)

Analyzing: target //score/mw/com/impl/plumbing/rust:method_in_arg_ptr_doc_test (158 packages loaded, 3157 targets configured)

Analyzing: target //score/mw/com/impl/plumbing/rust:method_in_arg_ptr_doc_test (158 packages loaded, 3157 targets configured)

Analyzing: target //score/mw/com/impl/plumbing/rust:method_in_arg_ptr_doc_test (158 packages loaded, 3157 targets configured)

Analyzing: target //score/mw/com/impl/plumbing/rust:method_in_arg_ptr_doc_test (158 packages loaded, 3157 targets configured)

Analyzing: target //score/mw/com/impl/plumbing/rust:method_in_arg_ptr_doc_test (158 packages loaded, 3157 targets configured)

Analyzing: target //score/mw/com/impl/plumbing/rust:method_in_arg_ptr_doc_test (158 packages loaded, 3157 targets configured)

Analyzing: target //score/mw/com/impl/plumbing/rust:method_in_arg_ptr_doc_test (158 packages loaded, 3157 targets configured)

Analyzing: target //score/mw/com/impl/plumbing/rust:method_in_arg_ptr_doc_test (158 packages loaded, 3157 targets configured)

Analyzing: target //score/mw/com/impl/plumbing/rust:method_in_arg_ptr_doc_test (158 packages loaded, 3157 targets configured)

Analyzing: target //score/mw/com/impl/plumbing/rust:method_in_arg_ptr_doc_test (158 packages loaded, 3157 targets configured)

Analyzing: target //score/mw/com/impl/plumbing/rust:method_in_arg_ptr_doc_test (158 packages loaded, 3157 targets configured)

Analyzing: target //score/mw/com/impl/plumbing/rust:method_in_arg_ptr_doc_test (158 packages loaded, 3157 targets configured)

Analyzing: target //score/mw/com/impl/plumbing/rust:method_in_arg_ptr_doc_test (158 packages loaded, 3157 targets configured)

Analyzing: target //score/mw/com/impl/plumbing/rust:method_in_arg_ptr_doc_test (158 packages loaded, 3157 targets configured)

Analyzing: target //score/mw/com/impl/plumbing/rust:method_in_arg_ptr_doc_test (158 packages loaded, 3157 targets configured)

Analyzing: target //score/mw/com/impl/plumbing/rust:method_in_arg_ptr_doc_test (158 packages loaded, 3157 targets configured)

Analyzing: target //score/mw/com/impl/plumbing/rust:method_in_arg_ptr_doc_test (158 packages loaded, 3157 targets configured)

Analyzing: target //score/mw/com/impl/plumbing/rust:method_in_arg_ptr_doc_test (158 packages loaded, 3157 targets configured)

Analyzing: target //score/mw/com/impl/plumbing/rust:method_in_arg_ptr_doc_test (158 packages loaded, 3157 targets configured)

Analyzing: target //score/mw/com/impl/plumbing/rust:method_in_arg_ptr_doc_test (158 packages loaded, 3157 targets configured)

Analyzing: target //score/mw/com/impl/plumbing/rust:method_in_arg_ptr_doc_test (158 packages loaded, 3157 targets configured)

Analyzing: target //score/mw/com/impl/plumbing/rust:method_in_arg_ptr_doc_test (158 packages loaded, 3157 targets configured)

Analyzing: target //score/mw/com/impl/plumbing/rust:method_in_arg_ptr_doc_test (158 packages loaded, 3157 targets configured)

Analyzing: target //score/mw/com/impl/plumbing/rust:method_in_arg_ptr_doc_test (158 packages loaded, 3157 targets configured)

Analyzing: target //score/mw/com/impl/plumbing/rust:method_in_arg_ptr_doc_test (158 packages loaded, 3157 targets configured)

Analyzing: target //score/mw/com/impl/plumbing/rust:method_in_arg_ptr_doc_test (158 packages loaded, 3157 targets configured)

Analyzing: target //score/mw/com/impl/plumbing/rust:method_in_arg_ptr_doc_test (158 packages loaded, 3157 targets configured)

Analyzing: target //score/mw/com/impl/plumbing/rust:method_in_arg_ptr_doc_test (158 packages loaded, 3157 targets configured)

Analyzing: target //score/mw/com/impl/plumbing/rust:method_in_arg_ptr_doc_test (158 packages loaded, 3157 targets configured)

Analyzing: target //score/mw/com/impl/plumbing/rust:method_in_arg_ptr_doc_test (158 packages loaded, 3157 targets configured)

Analyzing: target //score/mw/com/impl/plumbing/rust:method_in_arg_ptr_doc_test (158 packages loaded, 3157 targets configured)

Analyzing: target //score/mw/com/impl/plumbing/rust:method_in_arg_ptr_doc_test (158 packages loaded, 3157 targets configured)

Analyzing: target //score/mw/com/impl/plumbing/rust:method_in_arg_ptr_doc_test (158 packages loaded, 3157 targets configured)

Analyzing: target //score/mw/com/impl/plumbing/rust:method_in_arg_ptr_doc_test (158 packages loaded, 3157 targets configured)

Analyzing: target //score/mw/com/impl/plumbing/rust:method_in_arg_ptr_doc_test (158 packages loaded, 3157 targets configured)

Analyzing: target //score/mw/com/impl/plumbing/rust:method_in_arg_ptr_doc_test (158 packages loaded, 3157 targets configured)

Analyzing: target //score/mw/com/impl/plumbing/rust:method_in_arg_ptr_doc_test (158 packages loaded, 3157 targets configured)

Analyzing: target //score/mw/com/impl/plumbing/rust:method_in_arg_ptr_doc_test (158 packages loaded, 3157 targets configured)

Analyzing: target //score/mw/com/impl/plumbing/rust:method_in_arg_ptr_doc_test (158 packages loaded, 3157 targets configured)

Analyzing: target //score/mw/com/impl/plumbing/rust:method_in_arg_ptr_doc_test (158 packages loaded, 3157 targets configured)

Analyzing: target //score/mw/com/impl/plumbing/rust:method_in_arg_ptr_doc_test (158 packages loaded, 3157 targets configured)

Analyzing: target //score/mw/com/impl/plumbing/rust:method_in_arg_ptr_doc_test (158 packages loaded, 3157 targets configured)

Analyzing: target //score/mw/com/impl/plumbing/rust:method_in_arg_ptr_doc_test (158 packages loaded, 3157 targets configured)

Analyzing: target //score/mw/com/impl/plumbing/rust:method_in_arg_ptr_doc_test (158 packages loaded, 3157 targets configured)

Analyzing: target //score/mw/com/impl/plumbing/rust:method_in_arg_ptr_doc_test (158 packages loaded, 3157 targets configured)

Analyzing: target //score/mw/com/impl/plumbing/rust:method_in_arg_ptr_doc_test (158 packages loaded, 3157 targets configured)

Analyzing: target //score/mw/com/impl/plumbing/rust:method_in_arg_ptr_doc_test (158 packages loaded, 3157 targets configured)

Analyzing: target //score/mw/com/impl/plumbing/rust:method_in_arg_ptr_doc_test (158 packages loaded, 3157 targets configured)

Analyzing: target //score/mw/com/impl/plumbing/rust:method_in_arg_ptr_doc_test (158 packages loaded, 3157 targets configured)

Analyzing: target //score/mw/com/impl/plumbing/rust:method_in_arg_ptr_doc_test (158 packages loaded, 3157 targets configured)

Analyzing: target //score/mw/com/impl/plumbing/rust:method_in_arg_ptr_doc_test (158 packages loaded, 3157 targets configured)

Analyzing: target //score/mw/com/impl/plumbing/rust:method_in_arg_ptr_doc_test (158 packages loaded, 3157 targets configured)

Analyzing: target //score/mw/com/impl/plumbing/rust:method_in_arg_ptr_doc_test (158 packages loaded, 3157 targets configured)

Analyzing: target //score/mw/com/impl/plumbing/rust:method_in_arg_ptr_doc_test (158 packages loaded, 3157 targets configured)

Analyzing: target //score/mw/com/impl/plumbing/rust:method_in_arg_ptr_doc_test (158 packages loaded, 3157 targets configured)

Analyzing: target //score/mw/com/impl/plumbing/rust:method_in_arg_ptr_doc_test (158 packages loaded, 3157 targets configured)

Analyzing: target //score/mw/com/impl/plumbing/rust:method_in_arg_ptr_doc_test (158 packages loaded, 3157 targets configured)

Analyzing: target //score/mw/com/impl/plumbing/rust:method_in_arg_ptr_doc_test (158 packages loaded, 3157 targets configured)

Analyzing: target //score/mw/com/impl/plumbing/rust:method_in_arg_ptr_doc_test (158 packages loaded, 3157 targets configured)

Analyzing: target //score/mw/com/impl/plumbing/rust:method_in_arg_ptr_doc_test (158 packages loaded, 3157 targets configured)

Analyzing: target //score/mw/com/impl/plumbing/rust:method_in_arg_ptr_doc_test (158 packages loaded, 3157 targets configured)

Analyzing: target //score/mw/com/impl/plumbing/rust:method_in_arg_ptr_doc_test (158 packages loaded, 3157 targets configured)

INFO: Analyzed target //score/mw/com/impl/plumbing/rust:method_in_arg_ptr_doc_test (179 packages loaded, 9539 targets configured).
[11 / 23] [Prepa] Creating symlink external/score_toolchains_rust++ferrocene_toolchain_ext+ferrocene_x86_64_unknown_linux_gnu/rust_ferrocene/bin/clippy-driver
[110 / 114] [Prepa] Compiling Rust rlib runfiles (1 file) [for tool]
[114 / 115] Testing //score/mw/com/impl/plumbing/rust:method_in_arg_ptr_doc_test; 0s linux-sandbox
INFO: Found 1 test target...
Target //score/mw/com/impl/plumbing/rust:method_in_arg_ptr_doc_test up-to-date:
  bazel-bin/score/mw/com/impl/plumbing/rust/method_in_arg_ptr_doc_test.rustdoc_test.sh
INFO: Elapsed time: 291.065s, Critical Path: 2.48s
INFO: 115 processes: 107 internal, 8 linux-sandbox.
INFO: Build completed successfully, 115 total actions
INFO: 
//score/mw/com/impl/plumbing/rust:method_in_arg_ptr_doc_test             PASSED in 0.1s

Executed 1 out of 1 test: 1 test passes.
There were tests whose specified size is too big. Use the --test_verbose_timeout_warnings command line option to see which ones these are.
INFO: Build Event Protocol files produced successfully.
