OpenJDK 64-Bit Server VM warning: Options -Xverify:none and -noverify were deprecated in JDK 13 and will likely be removed in a future release.
Computing main repo mapping: 
Computing main repo mapping: 
Computing main repo mapping: 
Computing main repo mapping: 
Computing main repo mapping: 
Computing main repo mapping: 
Loading: 
Loading: 5 packages loaded
Analyzing: target //score/mw/com/dependability/safety_analysis:aous (6 packages loaded, 0 targets configured)
Analyzing: target //score/mw/com/dependability/safety_analysis:aous (6 packages loaded, 0 targets configured)

Analyzing: target //score/mw/com/dependability/safety_analysis:aous (72 packages loaded, 111 targets configured)

Analyzing: target //score/mw/com/dependability/safety_analysis:aous (136 packages loaded, 550 targets configured)

Analyzing: target //score/mw/com/dependability/safety_analysis:aous (242 packages loaded, 5605 targets configured)

Analyzing: target //score/mw/com/dependability/safety_analysis:aous (284 packages loaded, 9604 targets configured)

Analyzing: target //score/mw/com/dependability/safety_analysis:aous (353 packages loaded, 12449 targets configured)

Analyzing: target //score/mw/com/dependability/safety_analysis:aous (379 packages loaded, 13517 targets configured)

Analyzing: target //score/mw/com/dependability/safety_analysis:aous (380 packages loaded, 13546 targets configured)

INFO: Analyzed target //score/mw/com/dependability/safety_analysis:aous (383 packages loaded, 13627 targets configured).
[81 / 547] [Prepa] Creating symlink external/score_toolchains_rust++ferrocene_toolchain_ext+ferrocene_x86_64_unknown_linux_gnu/rust_ferrocene/bin/rustdoc [for tool]
[220 / 547] [Prepa] Creating symlink external/score_toolchains_rust++ferrocene_toolchain_ext+ferrocene_x86_64_unknown_linux_gnu/rust_ferrocene/lib/rustlib/x86_64-unknown-linux-gnu/lib/libobject-c1f0cb62ccaa0d22.rlib [for tool]
[247 / 547] Compiling src/idl_gen_fbs.cpp [for tool]; 0s processwrapper-sandbox ... (8 actions running)
[248 / 547] Compiling src/idl_gen_fbs.cpp [for tool]; 1s processwrapper-sandbox ... (8 actions, 7 running)
[250 / 547] Compiling src/idl_gen_fbs.cpp [for tool]; 3s processwrapper-sandbox ... (8 actions running)
[251 / 547] Compiling src/idl_gen_fbs.cpp [for tool]; 5s processwrapper-sandbox ... (8 actions running)
[256 / 547] Compiling src/idl_gen_fbs.cpp [for tool]; 6s processwrapper-sandbox ... (8 actions, 7 running)
[261 / 547] Compiling src/idl_parser.cpp [for tool]; 7s processwrapper-sandbox ... (8 actions, 7 running)
[266 / 547] Compiling src/idl_parser.cpp [for tool]; 9s processwrapper-sandbox ... (8 actions running)
[274 / 547] Compiling src/idl_parser.cpp [for tool]; 10s processwrapper-sandbox ... (8 actions running)
[277 / 547] Compiling src/idl_parser.cpp [for tool]; 11s processwrapper-sandbox ... (8 actions, 7 running)
[280 / 547] Compiling src/idl_parser.cpp [for tool]; 13s processwrapper-sandbox ... (8 actions, 7 running)
[287 / 547] Compiling src/idl_parser.cpp [for tool]; 14s processwrapper-sandbox ... (8 actions, 7 running)
[294 / 547] Compiling src/idl_parser.cpp [for tool]; 15s processwrapper-sandbox ... (8 actions running)
[300 / 547] Compiling src/idl_parser.cpp [for tool]; 16s processwrapper-sandbox ... (8 actions, 7 running)
[303 / 547] Compiling src/idl_parser.cpp [for tool]; 18s processwrapper-sandbox ... (8 actions, 7 running)
[305 / 547] Compiling src/idl_parser.cpp [for tool]; 19s processwrapper-sandbox ... (8 actions, 7 running)
[307 / 547] Compiling src/idl_parser.cpp [for tool]; 20s processwrapper-sandbox ... (8 actions running)
[309 / 547] Compiling src/idl_parser.cpp [for tool]; 21s processwrapper-sandbox ... (8 actions, 7 running)
[311 / 547] Compiling src/idl_parser.cpp [for tool]; 22s processwrapper-sandbox ... (8 actions, 7 running)
[316 / 547] Compiling src/idl_parser.cpp [for tool]; 24s processwrapper-sandbox ... (8 actions, 7 running)
[317 / 547] Compiling src/idl_parser.cpp [for tool]; 25s processwrapper-sandbox ... (8 actions running)
[318 / 547] Compiling src/idl_parser.cpp [for tool]; 26s processwrapper-sandbox ... (8 actions running)
[319 / 547] Compiling src/idl_parser.cpp [for tool]; 28s processwrapper-sandbox ... (8 actions running)
[324 / 547] Compiling src/idl_gen_ts.cpp [for tool]; 10s processwrapper-sandbox ... (8 actions running)
[326 / 547] Compiling src/idl_gen_ts.cpp [for tool]; 11s processwrapper-sandbox ... (8 actions, 7 running)
[328 / 547] Compiling src/idl_gen_ts.cpp [for tool]; 12s processwrapper-sandbox ... (8 actions, 7 running)
[332 / 547] Compiling src/idl_gen_ts.cpp [for tool]; 14s processwrapper-sandbox ... (8 actions running)
[333 / 547] Compiling src/idl_gen_rust.cpp [for tool]; 12s processwrapper-sandbox ... (8 actions, 7 running)
[336 / 547] Compiling src/idl_gen_rust.cpp [for tool]; 14s processwrapper-sandbox ... (8 actions, 7 running)
[338 / 547] Compiling src/idl_gen_cpp.cpp [for tool]; 14s processwrapper-sandbox ... (8 actions, 7 running)
[339 / 547] Compiling src/idl_gen_cpp.cpp [for tool]; 15s processwrapper-sandbox ... (8 actions running)
[340 / 547] Compiling src/idl_gen_cpp.cpp [for tool]; 16s processwrapper-sandbox ... (8 actions, 7 running)
[341 / 547] Compiling src/idl_gen_cpp.cpp [for tool]; 18s processwrapper-sandbox ... (8 actions, 7 running)
[343 / 547] Compiling src/idl_gen_kotlin.cpp [for tool]; 7s processwrapper-sandbox ... (6 actions running)
[344 / 547] Compiling src/idl_gen_java.cpp [for tool]; 9s processwrapper-sandbox ... (5 actions running)
[345 / 547] Compiling src/idl_gen_java.cpp [for tool]; 12s processwrapper-sandbox ... (8 actions, 4 running)
[345 / 547] Compiling src/idl_gen_java.cpp [for tool]; 13s processwrapper-sandbox ... (8 actions running)
[346 / 547] Compiling src/idl_gen_java.cpp [for tool]; 14s processwrapper-sandbox ... (8 actions running)
[347 / 547] Compiling src/idl_gen_java.cpp [for tool]; 16s processwrapper-sandbox ... (8 actions, 7 running)
[347 / 547] Compiling src/idl_gen_java.cpp [for tool]; 17s processwrapper-sandbox ... (8 actions running)
[348 / 547] Compiling src/idl_gen_java.cpp [for tool]; 18s processwrapper-sandbox ... (7 actions running)
[349 / 547] Compiling src/idl_gen_csharp.cpp [for tool]; 16s processwrapper-sandbox ... (6 actions running)
[354 / 547] Compiling src/idl_gen_csharp.cpp [for tool]; 17s processwrapper-sandbox ... (4 actions running)
[356 / 547] Compiling Rust proc-macro serde_derive v1.0.217 (18 files) [for tool]; 20s processwrapper-sandbox ... (3 actions, 2 running)
[365 / 547] Compiling Rust proc-macro serde_derive v1.0.217 (18 files) [for tool]; 21s processwrapper-sandbox ... (2 actions running)
[369 / 547] Compiling Rust rlib serde v1.0.217 (20 files) [for tool]; 1s processwrapper-sandbox ... (2 actions running)
[371 / 547] Compiling Rust rlib serde v1.0.217 (20 files) [for tool]; 3s processwrapper-sandbox ... (2 actions, 1 running)
[374 / 547] Compiling Rust rlib icu_locid_transform v1.5.0 (15 files) [for tool]; 1s processwrapper-sandbox ... (5 actions, 4 running)
[378 / 547] Compiling Rust rlib toml_edit v0.22.24 (58 files) [for tool]; 1s processwrapper-sandbox ... (3 actions running)
[379 / 547] Compiling Rust rlib toml_edit v0.22.24 (58 files) [for tool]; 2s processwrapper-sandbox ... (2 actions running)
[380 / 547] Compiling Rust rlib toml_edit v0.22.24 (58 files) [for tool]; 4s processwrapper-sandbox ... (2 actions, 1 running)
[380 / 547] Compiling Rust rlib toml_edit v0.22.24 (58 files) [for tool]; 6s processwrapper-sandbox ... (2 actions running)
[381 / 547] Compiling Rust rlib icu_normalizer v1.5.0 (13 files) [for tool]; 2s processwrapper-sandbox ... (2 actions running)
[383 / 547] [Prepa] Compiling Rust rlib idna_adapter v1.2.0 (1 file) [for tool]
[384 / 547] Compiling Rust rlib idna v1.0.3 (11 files) [for tool]; 1s processwrapper-sandbox
[385 / 547] Compiling Rust rlib url v2.5.4 (9 files) [for tool]; 1s processwrapper-sandbox
[386 / 547] Compiling Rust rlib cargo_util_schemas v0.3.1 (8 files) [for tool]; 1s processwrapper-sandbox
[387 / 547] Compiling Rust bin cargo_toml_variable_extractor (1 file) [for tool]; 1s processwrapper-sandbox
[387 / 547] Compiling Rust bin cargo_toml_variable_extractor (1 file) [for tool]; 11s processwrapper-sandbox
[388 / 547] [Prepa] ExtractCargoTomlEnvVars external/rules_rust++crate+crates__pest-2.9.2/cargo_toml_env_vars.env [for tool] ... (7 actions, 0 running)
[411 / 547] Compiling Rust bin _bs_ (25 files) [for tool]; 1s processwrapper-sandbox ... (8 actions, 7 running)
[437 / 547] Compiling Rust rlib rustc_version v0.4.1 (2 files) [for tool]; 0s processwrapper-sandbox ... (8 actions, 7 running)
[464 / 547] Compiling Rust rlib memchr v2.8.3 (45 files) [for tool]; 1s processwrapper-sandbox ... (8 actions, 7 running)
[471 / 547] Compiling Rust rlib serde_core v1.0.229 (20 files) [for tool]; 2s processwrapper-sandbox ... (8 actions, 7 running)
[489 / 547] Compiling Rust rlib serde_core v1.0.229 (20 files) [for tool]; 3s processwrapper-sandbox ... (8 actions running)
[493 / 547] Compiling Rust rlib serde_core v1.0.229 (20 files) [for tool]; 4s processwrapper-sandbox ... (8 actions running)
[499 / 547] Compiling Rust rlib pest v2.9.2 (28 files) [for tool]; 3s processwrapper-sandbox ... (7 actions, 6 running)
[500 / 547] Compiling Rust rlib regex_syntax v0.8.11 (34 files) [for tool]; 4s processwrapper-sandbox ... (7 actions running)
[501 / 547] Compiling Rust rlib aho_corasick v1.1.5 (32 files) [for tool]; 7s processwrapper-sandbox ... (6 actions running)
[502 / 547] Compiling Rust rlib aho_corasick v1.1.5 (32 files) [for tool]; 9s processwrapper-sandbox ... (5 actions running)
[503 / 547] Compiling Rust rlib clap_builder v4.6.7 (57 files) [for tool]; 14s processwrapper-sandbox ... (5 actions, 4 running)
[503 / 547] Compiling Rust rlib clap_builder v4.6.7 (57 files) [for tool]; 15s processwrapper-sandbox ... (5 actions running)
[504 / 547] Compiling Rust rlib clap_builder v4.6.7 (57 files) [for tool]; 16s processwrapper-sandbox ... (4 actions running)
[506 / 547] Compiling Rust rlib syn v3.0.6 (96 files) [for tool]; 18s processwrapper-sandbox ... (4 actions running)
[507 / 547] Compiling Rust rlib syn v3.0.6 (96 files) [for tool]; 26s processwrapper-sandbox ... (4 actions, 3 running)
[507 / 547] Compiling Rust rlib syn v3.0.6 (96 files) [for tool]; 28s processwrapper-sandbox ... (4 actions running)
[510 / 547] Compiling Rust rlib syn v3.0.6 (96 files) [for tool]; 30s processwrapper-sandbox ... (2 actions running)
[511 / 547] Compiling Rust rlib regex_automata v0.4.18 (100 files) [for tool]; 17s processwrapper-sandbox ... (2 actions, 1 running)
[512 / 547] Compiling Rust proc-macro clap_derive v4.6.7 (16 files) [for tool]; 1s processwrapper-sandbox ... (3 actions, 2 running)
[512 / 547] Compiling Rust proc-macro clap_derive v4.6.7 (16 files) [for tool]; 2s processwrapper-sandbox ... (3 actions running)
[513 / 547] Compiling Rust proc-macro clap_derive v4.6.7 (16 files) [for tool]; 4s processwrapper-sandbox ... (3 actions running)
[514 / 547] Compiling Rust proc-macro clap_derive v4.6.7 (16 files) [for tool]; 6s processwrapper-sandbox ... (2 actions running)
[515 / 547] Compiling Rust proc-macro serde_derive v1.0.229 (28 files) [for tool]; 12s processwrapper-sandbox ... (2 actions, 1 running)
[518 / 547] [Prepa] Compiling Rust rlib puml_utils (4 files) [for tool]
[524 / 547] Compiling Rust rlib class_diagram (1 file) [for tool]; 0s processwrapper-sandbox ... (4 actions running)
[529 / 547] Compiling Rust rlib puml_parser_core (5 files) [for tool]; 2s processwrapper-sandbox
[529 / 547] Compiling Rust rlib puml_parser_core (5 files) [for tool]; 12s processwrapper-sandbox
[530 / 547] [Prepa] Compiling Rust rlib puml_parser_sequence (3 files) [for tool] ... (6 actions, 0 running)
[530 / 547] Compiling Rust rlib puml_parser_component (3 files) [for tool]; 1s processwrapper-sandbox ... (6 actions running)
[531 / 547] Compiling Rust rlib include_preprocessor (5 files) [for tool]; 4s processwrapper-sandbox ... (6 actions, 5 running)
[534 / 547] Compiling Rust rlib puml_parser_sequence (3 files) [for tool]; 5s processwrapper-sandbox ... (6 actions running)
[537 / 547] Compiling Rust rlib puml_parser_class (5 files) [for tool]; 6s processwrapper-sandbox ... (4 actions running)
[541 / 547] Compiling Rust rlib puml_parser_class (5 files) [for tool]; 8s processwrapper-sandbox
[544 / 547] [Prepa] Compiling Rust rlib puml_resolver (1 file) [for tool]
[545 / 547] Compiling Rust bin puml_cli (1 file) [for tool]; 1s processwrapper-sandbox
[546 / 547] [Prepa] Processing root cause FTA diagrams for mw_com_safety_analysis
INFO: From Processing root cause FTA diagrams for mw_com_safety_analysis:
[2026-10-06T17:56:29Z WARN  puml_fta] FTA map_containing_nonexistent_events_fta.puml: failure mode(s) ["Communication.MapContainingNonexistentEvents"] have no root cause; they stay uncovered in the traceability report
[2026-10-06T17:56:29Z WARN  puml_fta] FTA sends_to_wrong_consumer_fta.puml: failure mode(s) ["Communication.SendingEventSendsToWrongConsumer"] have no root cause; they stay uncovered in the traceability report
INFO: Found 1 target...
Target //score/mw/com/dependability/safety_analysis:aous_internal up-to-date:
  bazel-bin/score/mw/com/dependability/safety_analysis/mw_com_safety_analysis/fta_events.trlc
INFO: Elapsed time: 213.057s, Critical Path: 168.18s
INFO: 547 processes: 262 internal, 285 processwrapper-sandbox.
INFO: Build completed successfully, 547 total actions
