OpenJDK 64-Bit Server VM warning: Options -Xverify:none and -noverify were deprecated in JDK 13 and will likely be removed in a future release.
Computing main repo mapping: 
Computing main repo mapping: 
Computing main repo mapping: 
Computing main repo mapping: 
Computing main repo mapping: 
Computing main repo mapping: 
Loading: 
Loading: 5 packages loaded
WARNING: /media/jefferson/11c42dee-73a3-4c2b-ab42-a0440011d9e0/.s-core-build/runs/score-communication-bug-recovery-fw8j963z/issue-1236/score/memory/shared/BUILD:437:11: target '//score/memory/shared:types' is deprecated: This aggregation target is deprecated and pulls in the unmaintained/broken ':map' target on some platforms. Depend directly on the specific score/memory/shared sub-targets you need (e.g. ':offset_ptr', ':vector', ':string', ...) instead.
Analyzing: 2844 targets (304 packages loaded, 0 targets configured)
Analyzing: 2844 targets (304 packages loaded, 0 targets configured)

WARNING: /media/jefferson/11c42dee-73a3-4c2b-ab42-a0440011d9e0/.s-core-build/runs/score-communication-bug-recovery-fw8j963z/issue-1236/MODULE.bazel:196:20: The module extension apt defined in @rules_distroless//apt:extensions.bzl reported incorrect imports of repositories via use_repo():

Imported, but reported as indirect dependencies by the extension:
    ubuntu24_04_sysroot_resolve

Fix the use_repo calls by running 'bazel mod tidy'.
Analyzing: 2844 targets (354 packages loaded, 636 targets configured)
[15 / 15] no actions running
Analyzing: 2844 targets (365 packages loaded, 769 targets configured)
[22 / 22] no actions running
Analyzing: 2844 targets (451 packages loaded, 1112 targets configured)
[93 / 102] checking cached actions
Analyzing: 2844 targets (484 packages loaded, 1827 targets configured)
[126 / 126] no actions running
Analyzing: 2844 targets (514 packages loaded, 8249 targets configured)
[126 / 126] no actions running
Analyzing: 2844 targets (617 packages loaded, 23587 targets configured)
[171 / 176] checking cached actions
Analyzing: 2844 targets (784 packages loaded, 30863 targets configured)
[180 / 180] no actions running
Analyzing: 2844 targets (814 packages loaded, 33050 targets configured)
[359 / 405] checking cached actions
Analyzing: 2844 targets (853 packages loaded, 34303 targets configured)
[455 / 554] checking cached actions
Analyzing: 2844 targets (861 packages loaded, 37393 targets configured)
[477 / 594] checking cached actions
Analyzing: 2844 targets (933 packages loaded, 43620 targets configured)
[557 / 829] checking cached actions
Analyzing: 2844 targets (1088 packages loaded, 47795 targets configured)
[697 / 1,340] checking cached actions
Analyzing: 2844 targets (1184 packages loaded, 51381 targets configured)
[837 / 1,940] checking cached actions
Analyzing: 2844 targets (1258 packages loaded, 52535 targets configured)
[993 / 2,161] checking cached actions
Analyzing: 2844 targets (1348 packages loaded, 55179 targets configured)
[1,082 / 2,360] checking cached actions
Analyzing: 2844 targets (1422 packages loaded, 56077 targets configured)
[1,193 / 2,573] checking cached actions
Analyzing: 2844 targets (1495 packages loaded, 60759 targets configured)
[1,331 / 2,773] checking cached actions
WARNING: /media/jefferson/11c42dee-73a3-4c2b-ab42-a0440011d9e0/.s-core-build/runs/score-communication-bug-recovery-fw8j963z/issue-1236/score/mw/com/test/api/BUILD:18:11: in cc_library rule //score/mw/com/test/api:api: target '//score/mw/com/test/api:api' depends on deprecated target '//score/memory/shared:types': This aggregation target is deprecated and pulls in the unmaintained/broken ':map' target on some platforms. Depend directly on the specific score/memory/shared sub-targets you need (e.g. ':offset_ptr', ':vector', ':string', ...) instead.
Analyzing: 2844 targets (1561 packages loaded, 63707 targets configured)
[1,487 / 2,922] checking cached actions
Analyzing: 2844 targets (1604 packages loaded, 68513 targets configured)
[1,536 / 3,644] checking cached actions
Analyzing: 2844 targets (1647 packages loaded, 70408 targets configured)
[1,711 / 3,836] checking cached actions
DEBUG: /media/jefferson/11c42dee-73a3-4c2b-ab42-a0440011d9e0/.s-core-build/runs/score-communication-bug-recovery-fw8j963z/bazel-output/ae3faa9c0dd5776ee8fa52806c33e0fc/external/score_tooling+/bazel/rules/rules_score/private/dependable_element.bzl:1359:26: WARNING: Not in certified scope @@score_baselibs+//score/utils:static_destruction_guard, stopping at utils
Analyzing: 2844 targets (1647 packages loaded, 81013 targets configured)
[1,852 / 4,033] checking cached actions
INFO: Analyzed 2844 targets (1647 packages loaded, 103827 targets configured).
[2,020 / 4,442] checking cached actions
INFO: Found 2844 targets...
INFO: Elapsed time: 94.311s, Critical Path: 4.03s
INFO: 1 process: 16441 action cache hit, 1 internal.
INFO: Build completed successfully, 1 total action
