OpenJDK 64-Bit Server VM warning: Options -Xverify:none and -noverify were deprecated in JDK 13 and will likely be removed in a future release.
Computing main repo mapping: 
Computing main repo mapping: 
Computing main repo mapping: 
Computing main repo mapping: 
Computing main repo mapping: 
Computing main repo mapping: 
Loading: 
Loading: 5 packages loaded
Analyzing: target //:format.check (6 packages loaded, 0 targets configured)
Analyzing: target //:format.check (6 packages loaded, 0 targets configured)

Analyzing: target //:format.check (45 packages loaded, 11 targets configured)

Analyzing: target //:format.check (160 packages loaded, 605 targets configured)

Analyzing: target //:format.check (185 packages loaded, 12574 targets configured)

INFO: Analyzed target //:format.check (198 packages loaded, 14633 targets configured).
[29 / 79] checking cached actions
INFO: Found 1 target...
Target //:format.check up-to-date:
  bazel-bin/format.check.bash
INFO: Elapsed time: 15.233s, Critical Path: 0.12s
INFO: 1 process: 128 action cache hit, 1 internal.
INFO: Build completed successfully, 1 total action
INFO: Running command line: bazel-bin/format.check.bash
170 files already formatted
Formatted Python in 0m0.023s
Formatted Starlark in 0m0.176s
Formatted C++ in 0m22.297s
Formatted Rust in 0m0.195s
