[INFO] Initializing environment for https://github.com/pre-commit/pre-commit-hooks.
[INFO] Initializing environment for https://github.com/eclipse-score/tools.
[INFO] Installing environment for https://github.com/pre-commit/pre-commit-hooks.
[INFO] Once installed this environment will be reused.
[INFO] This may take a few minutes...
check yaml...............................................................Passed
check toml...............................................................Passed
check json...............................................................Passed
fix end of files.........................................................Passed
trim trailing whitespace.................................................Passed
check for merge conflicts................................................Passed
check for case conflicts.................................................Passed
mixed line ending........................................................Passed
detect private key.......................................................Passed
check for added large files..............................................Passed
format Bazel module files................................................Passed
bazel mod deps lockfile check............................................Passed
actionlint...............................................................Passed
ruff-check...............................................................Failed
- hook id: ruff-check
- exit code: 1

assurance/runner.py:69:12: UP038 Use `X | Y` in `isinstance` call instead of `(X, Y)`
   |
67 |     allowed = {"hashlib", "json", "os", "pathlib", "stat", "collections", "typing"}
68 |     for node in ast.walk(tree):
69 |         if isinstance(node, (ast.Import, ast.ImportFrom)):
   |            ^^^^^^^^^^^^^^^^^^^^^^^^^^^^^^^^^^^^^^^^^^^^^^ UP038
70 |             modules = (
71 |                 [item.name for item in node.names]
   |
   = help: Convert to `X | Y`

Found 1 error.
No fixes available (1 hidden fix can be enabled with the `--unsafe-fixes` option).

ruff-format..............................................................Passed
BasedPyright.............................................................Failed
- hook id: BasedPyright
- exit code: 1

$TEST_TMPDIR defined, some defaults will be overridden
OpenJDK 64-Bit Server VM warning: Options -Xverify:none and -noverify were deprecated in JDK 13 and will likely be removed in a future release.
Computing main repo mapping: 
Loading: 
Loading: 0 packages loaded
Analyzing: target //:ide_support (1 packages loaded)
Analyzing: target //:ide_support (1 packages loaded, 0 targets configured)
Analyzing: target //:ide_support (1 packages loaded, 0 targets configured)

Analyzing: target //:ide_support (80 packages loaded, 95 targets configured)

Analyzing: target //:ide_support (207 packages loaded, 1047 targets configured)

Analyzing: target //:ide_support (256 packages loaded, 4219 targets configured)

Analyzing: target //:ide_support (283 packages loaded, 7442 targets configured)

Analyzing: target //:ide_support (308 packages loaded, 13233 targets configured)

INFO: Analyzed target //:ide_support (309 packages loaded, 23432 targets configured).
[1 / 1] no actions running
[6 / 52] Creating runfiles tree bazel-out/k8-fastbuild/bin/ide_support.runfiles; 0s local ... (2 actions running)
[27 / 52] Creating runfiles tree bazel-out/k8-fastbuild/bin/ide_support.runfiles; 1s local ... (2 actions, 1 running)
[48 / 52] Creating runfiles tree bazel-out/k8-fastbuild/bin/ide_support.runfiles; 3s local
[48 / 52] Creating runfiles tree bazel-out/k8-fastbuild/bin/ide_support.runfiles; 8s local ... (2 actions, 1 running)
[48 / 52] Creating runfiles tree bazel-out/k8-fastbuild/bin/ide_support.runfiles; 10s local ... (2 actions running)
[49 / 52] Creating runfiles tree bazel-out/k8-fastbuild/bin/ide_support.runfiles; 11s local ... (2 actions, 1 running)
[49 / 52] Creating runfiles tree bazel-out/k8-fastbuild/bin/ide_support.runfiles; 13s local ... (2 actions running)
[50 / 52] Creating runfiles tree bazel-out/k8-fastbuild/bin/ide_support.runfiles; 14s local ... (2 actions running)
[51 / 52] Creating runfiles tree bazel-out/k8-fastbuild/bin/ide_support.runfiles; 15s local
INFO: Found 1 target...
Target //:ide_support up-to-date:
  bazel-bin/ide_support
  bazel-bin/ide_support.venv.pth
INFO: Elapsed time: 28.056s, Critical Path: 16.43s
INFO: 47 processes: 6 action cache hit, 2 internal, 44 processwrapper-sandbox, 1 worker.
INFO: Build completed successfully, 47 total actions
INFO: Running command line: bazel-bin/ide_support
Created virtualenv in /media/jefferson/11c42dee-73a3-4c2b-ab42-a0440011d9e0/.s-core-build/runs/score-assessment-fixes-_g8_rb47/docs-as-code/.venv_docs
/media/jefferson/11c42dee-73a3-4c2b-ab42-a0440011d9e0/.s-core-build/runs/score-assessment-fixes-_g8_rb47/docs-as-code/assurance/runner.py
  /media/jefferson/11c42dee-73a3-4c2b-ab42-a0440011d9e0/.s-core-build/runs/score-assessment-fixes-_g8_rb47/docs-as-code/assurance/runner.py:333:5 - warning: Type of "gate_output" is partially unknown
    Type of "gate_output" is "dict[str, Unknown]" (reportUnknownVariableType)
0 errors, 1 warning, 0 notes

Check and fix copyright headers with cr_checker..........................Passed
