{
  "left": "001/baseline",
  "right": "002/baseline",
  "match_delta": -20,
  "gate_pass_delta": -10,
  "changed_tasks": [
    "heldout-cr1-01",
    "heldout-cr1-02",
    "heldout-cr2-01",
    "heldout-cr2-02",
    "heldout-cr3-01",
    "heldout-cr3-02",
    "heldout-cr4-01",
    "heldout-cr4-02",
    "heldout-cr5-01",
    "heldout-cr5-02",
    "search-cr1-01",
    "search-cr1-02",
    "search-cr1-03",
    "search-cr1-04",
    "search-cr2-01",
    "search-cr2-02",
    "search-cr2-03",
    "search-cr2-04",
    "search-cr3-01",
    "search-cr3-02",
    "search-cr3-03",
    "search-cr3-04",
    "search-cr4-01",
    "search-cr4-02",
    "search-cr4-03",
    "search-cr4-04",
    "search-cr5-01",
    "search-cr5-02",
    "search-cr5-03",
    "search-cr5-04",
    "search-snapshot-01",
    "search-snapshot-02",
    "search-snapshot-03",
    "search-snapshot-04",
    "search-snapshot-05",
    "search-snapshot-06",
    "search-snapshot-07",
    "search-snapshot-08",
    "search-snapshot-09",
    "search-snapshot-10"
  ],
  "same_split": false
}
