OpenJDK 64-Bit Server VM warning: Options -Xverify:none and -noverify were deprecated in JDK 13 and will likely be removed in a future release.
Computing main repo mapping: 
Computing main repo mapping: 
Loading: 
Loading: 1 packages loaded
DEBUG: /media/jefferson/11c42dee-73a3-4c2b-ab42-a0440011d9e0/.s-core-build/runs/score-assessment-fixes-_g8_rb47/docs-as-code/docs.bzl:705:14: INFO: ⚠️ DEPRECATED: Passing a Needs inventory through docs(data = [...]) is deprecated!!! Move it to external_needs = [...] instead.
DEBUG: /media/jefferson/11c42dee-73a3-4c2b-ab42-a0440011d9e0/.s-core-build/runs/score-assessment-fixes-_g8_rb47/docs-as-code/docs.bzl:705:14: INFO: ⚠️ DEPRECATED: Passing a Needs inventory through docs(data = [...]) is deprecated!!! Move it to external_needs = [...] instead.
Loading: 48 packages loaded
Analyzing: 99 targets (48 packages loaded)
Analyzing: 99 targets (48 packages loaded, 0 targets configured)
Analyzing: 99 targets (48 packages loaded, 0 targets configured)

Analyzing: 99 targets (217 packages loaded, 438 targets configured)
[2 / 2] no actions running
Analyzing: 99 targets (264 packages loaded, 688 targets configured)
[2 / 2] no actions running
Analyzing: 99 targets (329 packages loaded, 8142 targets configured)
[2 / 2] no actions running
Analyzing: 99 targets (355 packages loaded, 23052 targets configured)
[23 / 25] [Prepa] Creating source manifest for //scripts_bazel:merge_needs_json
Analyzing: 99 targets (357 packages loaded, 24806 targets configured)
[25 / 29] Creating runfiles tree bazel-out/k8-fastbuild/bin/scripts_bazel/merge_needs_json.runfiles; 0s local
INFO: Analyzed 99 targets (357 packages loaded, 24827 targets configured).
[50 / 154] [Prepa] Creating runfiles tree bazel-out/k8-fastbuild/bin/scripts_bazel/traceability_gate.runfiles
[68 / 178] Creating runfiles tree bazel-out/k8-fastbuild/bin/scripts_bazel/traceability_gate.runfiles; 1s local ... (4 actions running)
[112 / 251] Creating runfiles tree bazel-out/k8-fastbuild/bin/scripts_bazel/traceability_gate.runfiles; 16s local ... (5 actions, 4 running)
[124 / 268] Creating runfiles tree bazel-out/k8-fastbuild/bin/scripts_bazel/traceability_gate.runfiles; 18s local ... (5 actions running)
[132 / 281] Creating runfiles tree bazel-out/k8-fastbuild/bin/scripts_bazel/traceability_gate.runfiles; 19s local ... (6 actions, 5 running)
[221 / 288] Creating runfiles tree bazel-out/k8-fastbuild/bin/scripts_bazel/traceability_gate.runfiles; 21s local ... (6 actions running)
[223 / 294] Creating runfiles tree bazel-out/k8-fastbuild/bin/tools/module_verification_reports.runfiles; 21s local ... (4 actions running)
[228 / 297] Creating runfiles tree bazel-out/k8-fastbuild/bin/scripts_bazel/generate_sourcelinks.runfiles; 22s local ... (4 actions, 3 running)
[247 / 321] Creating runfiles tree bazel-out/k8-fastbuild/bin/src/extensions/score_metamodel/docs/generate_metamodel_rst_bin.runfiles; 7s local ... (3 actions running)
[340 / 342] Creating runfiles tree bazel-out/k8-fastbuild/bin/assurance/query.runfiles; 16s local ... (2 actions running)
[341 / 342] Creating runfiles tree bazel-out/k8-fastbuild/bin/assurance/evaluate.runfiles; 14s local
INFO: Found 99 targets...
[342 / 342] no actions running
INFO: Elapsed time: 59.691s, Critical Path: 24.10s
INFO: 32 processes: 342 action cache hit, 32 internal.
INFO: Build completed successfully, 32 total actions
