$TEST_TMPDIR defined, some defaults will be overridden
OpenJDK 64-Bit Server VM warning: Options -Xverify:none and -noverify were deprecated in JDK 13 and will likely be removed in a future release.
WARNING: The following configs were expanded more than once: [linux_x64_gcc_15]. For repeatable flags, repeats are counted twice and may lead to unexpected behavior.
Computing main repo mapping: 
Computing main repo mapping: 
WARNING: The following configs were expanded more than once: [linux_x64_gcc_15]. For repeatable flags, repeats are counted twice and may lead to unexpected behavior.
Computing main repo mapping: 
Computing main repo mapping: 
Computing main repo mapping: 
Computing main repo mapping: 
Loading: 
Loading: 5 packages loaded
Analyzing: 4 targets (9 packages loaded, 0 targets configured)
Analyzing: 4 targets (9 packages loaded, 0 targets configured)

Analyzing: 4 targets (101 packages loaded, 12 targets configured)

Analyzing: 4 targets (303 packages loaded, 10851 targets configured)

Analyzing: 4 targets (379 packages loaded, 15297 targets configured)
[1 / 1] no actions running
INFO: Analyzed 4 targets (379 packages loaded, 15297 targets configured).
[62 / 2,251] checking cached actions
[2,238 / 2,262] [Prepa] Testing //score/mw/com/impl:runtime_test
INFO: Found 4 test targets...
INFO: Elapsed time: 19.369s, Critical Path: 1.19s
INFO: 5 processes: 2279 action cache hit, 6 linux-sandbox.
INFO: Build completed successfully, 5 total actions
INFO: 
//score/mw/com/impl:runtime_test                                         PASSED in 0.3s
//score/mw/com/impl/rust/com-api/com-api-ffi-lola:callback_ownership_test PASSED in 0.2s
//score/mw/com/impl/rust/com-api/com-api-runtime-lola:com-api-runtime-lola-tests PASSED in 0.1s
//score/mw/com/rust/score_com_concept:score_com_concept-test             PASSED in 0.0s

Executed 4 out of 4 tests: 4 tests pass.
There were tests whose specified size is too big. Use the --test_verbose_timeout_warnings command line option to see which ones these are.
INFO: Build Event Protocol files produced successfully.
