********************** ThreadX Validation/Regression Test Suite *********************************

Version: (c) 2024 Microsoft Corp. (c) 2026-present Eclipse ThreadX contributors.  *  ThreadX SMP/Linux/gcc Version 6.5.2.202603 *

Running validation/regression test:

Running SMP Random Suspensions/Resumptions/Exclusions/PT Test....... SUCCESS!
profiling:/work/test/smp/cmake/build/trace_build/threadx_smp/CMakeFiles/threadx_smp.dir/work/common_smp/src/tx_timer_smp_core_exclude_get.c.gcda:Cannot open
profiling:/work/test/smp/cmake/build/trace_build/threadx_smp/CMakeFiles/threadx_smp.dir/work/common_smp/src/tx_timer_smp_core_exclude.c.gcda:Cannot open
profiling:/work/test/smp/cmake/build/trace_build/threadx_smp/CMakeFiles/threadx_smp.dir/work/common_smp/src/tx_thread_smp_rebalance_execute_list.c.gcda:Cannot open
profiling:/work/test/smp/cmake/build/trace_build/threadx_smp/CMakeFiles/threadx_smp.dir/work/common_smp/src/tx_thread_smp_high_level_initialize.c.gcda:Cannot open
profiling:/work/test/smp/cmake/build/trace_build/threadx_smp/CMakeFiles/threadx_smp.dir/work/common_smp/src/tx_thread_smp_current_state_set.c.gcda:Cannot open
profiling:/work/test/smp/cmake/build/trace_build/threadx_smp/CMakeFiles/threadx_smp.dir/work/common_smp/src/tx_thread_smp_core_exclude_get.c.gcda:Cannot open
profiling:/work/test/smp/cmake/build/trace_build/threadx_smp/CMakeFiles/threadx_smp.dir/work/common_smp/src/tx_thread_smp_core_exclude.c.gcda:Cannot open
profiling:/work/test/smp/cmake/build/trace_build/threadx_smp/CMakeFiles/threadx_smp.dir/work/common_smp/src/tx_trace_user_event_insert.c.gcda:Cannot open
profiling:/work/test/smp/cmake/build/trace_build/threadx_smp/CMakeFiles/threadx_smp.dir/work/common_smp/src/tx_trace_object_unregister.c.gcda:Cannot open
profiling:/work/test/smp/cmake/build/trace_build/threadx_smp/CMakeFiles/threadx_smp.dir/work/common_smp/src/tx_trace_object_register.c.gcda:Cannot open
profiling:/work/test/smp/cmake/build/trace_build/threadx_smp/CMakeFiles/threadx_smp.dir/work/common_smp/src/tx_trace_isr_exit_insert.c.gcda:Cannot open
profiling:/work/test/smp/cmake/build/trace_build/threadx_smp/CMakeFiles/threadx_smp.dir/work/common_smp/src/tx_trace_isr_enter_insert.c.gcda:Cannot open
profiling:/work/test/smp/cmake/build/trace_build/threadx_smp/CMakeFiles/threadx_smp.dir/work/common_smp/src/tx_trace_interrupt_control.c.gcda:Cannot open
profiling:/work/test/smp/cmake/build/trace_build/threadx_smp/CMakeFiles/threadx_smp.dir/work/common_smp/src/tx_trace_initialize.c.gcda:Cannot open
profiling:/work/test/smp/cmake/build/trace_build/threadx_smp/CMakeFiles/threadx_smp.dir/work/common_smp/src/tx_trace_event_unfilter.c.gcda:Cannot open
profiling:/work/test/smp/cmake/build/trace_build/threadx_smp/CMakeFiles/threadx_smp.dir/work/common_smp/src/tx_trace_event_filter.c.gcda:Cannot open
profiling:/work/test/smp/cmake/build/trace_build/threadx_smp/CMakeFiles/threadx_smp.dir/work/common_smp/src/tx_trace_enable.c.gcda:Cannot open
profiling:/work/test/smp/cmake/build/trace_build/threadx_smp/CMakeFiles/threadx_smp.dir/work/common_smp/src/tx_trace_disable.c.gcda:Cannot open
profiling:/work/test/smp/cmake/build/trace_build/threadx_smp/CMakeFiles/threadx_smp.dir/work/common_smp/src/tx_trace_buffer_full_notify.c.gcda:Cannot open
profiling:/work/test/smp/cmake/build/trace_build/threadx_smp/CMakeFiles/threadx_smp.dir/work/common_smp/src/tx_time_set.c.gcda:Cannot open
profiling:/work/test/smp/cmake/build/trace_build/threadx_smp/CMakeFiles/threadx_smp.dir/work/common_smp/src/tx_timer_thread_entry.c.gcda:Cannot open
profiling:/work/test/smp/cmake/build/trace_build/threadx_smp/CMakeFiles/threadx_smp.dir/work/common_smp/src/tx_timer_system_deactivate.c.gcda:Cannot open
profiling:/work/test/smp/cmake/build/trace_build/threadx_smp/CMakeFiles/threadx_smp.dir/work/common_smp/src/tx_timer_system_activate.c.gcda:Cannot open
profiling:/work/test/smp/cmake/build/trace_build/threadx_smp/CMakeFiles/threadx_smp.dir/work/common_smp/src/tx_timer_performance_system_info_get.c.gcda:Cannot open
profiling:/work/test/smp/cmake/build/trace_build/threadx_smp/CMakeFiles/threadx_smp.dir/work/common_smp/src/tx_timer_performance_info_get.c.gcda:Cannot open
profiling:/work/test/smp/cmake/build/trace_build/threadx_smp/CMakeFiles/threadx_smp.dir/work/common_smp/src/tx_timer_initialize.c.gcda:Cannot open
profiling:/work/test/smp/cmake/build/trace_build/threadx_smp/CMakeFiles/threadx_smp.dir/work/common_smp/src/tx_timer_info_get.c.gcda:Cannot open
profiling:/work/test/smp/cmake/build/trace_build/threadx_smp/CMakeFiles/threadx_smp.dir/work/common_smp/src/tx_timer_expiration_process.c.gcda:Cannot open
profiling:/work/test/smp/cmake/build/trace_build/threadx_smp/CMakeFiles/threadx_smp.dir/work/common_smp/src/tx_timer_delete.c.gcda:Cannot open
profiling:/work/test/smp/cmake/build/trace_build/threadx_smp/CMakeFiles/threadx_smp.dir/work/common_smp/src/tx_timer_deactivate.c.gcda:Cannot open
profiling:/work/test/smp/cmake/build/trace_build/threadx_smp/CMakeFiles/threadx_smp.dir/work/common_smp/src/tx_timer_create.c.gcda:Cannot open
profiling:/work/test/smp/cmake/build/trace_build/threadx_smp/CMakeFiles/threadx_smp.dir/work/common_smp/src/tx_timer_change.c.gcda:Cannot open
profiling:/work/test/smp/cmake/build/trace_build/threadx_smp/CMakeFiles/threadx_smp.dir/work/common_smp/src/tx_timer_activate.c.gcda:Cannot open
profiling:/work/test/smp/cmake/build/trace_build/threadx_smp/CMakeFiles/threadx_smp.dir/work/common_smp/src/tx_time_get.c.gcda:Cannot open
profiling:/work/test/smp/cmake/build/trace_build/threadx_smp/CMakeFiles/threadx_smp.dir/work/common_smp/src/tx_thread_wait_abort.c.gcda:Cannot open
profiling:/work/test/smp/cmake/build/trace_build/threadx_smp/CMakeFiles/threadx_smp.dir/work/common_smp/src/tx_thread_time_slice_change.c.gcda:Cannot open
profiling:/work/test/smp/cmake/build/trace_build/threadx_smp/CMakeFiles/threadx_smp.dir/work/common_smp/src/tx_thread_time_slice.c.gcda:Cannot open
profiling:/work/test/smp/cmake/build/trace_build/threadx_smp/CMakeFiles/threadx_smp.dir/work/common_smp/src/tx_thread_timeout.c.gcda:Cannot open
profiling:/work/test/smp/cmake/build/trace_build/threadx_smp/CMakeFiles/threadx_smp.dir/work/common_smp/src/tx_thread_terminate.c.gcda:Cannot open
profiling:/work/test/smp/cmake/build/trace_build/threadx_smp/CMakeFiles/threadx_smp.dir/work/common_smp/src/tx_thread_system_suspend.c.gcda:Cannot open
profiling:/work/test/smp/cmake/build/trace_build/threadx_smp/CMakeFiles/threadx_smp.dir/work/common_smp/src/tx_thread_system_resume.c.gcda:Cannot open
profiling:/work/test/smp/cmake/build/trace_build/threadx_smp/CMakeFiles/threadx_smp.dir/work/common_smp/src/tx_thread_system_preempt_check.c.gcda:Cannot open
profiling:/work/test/smp/cmake/build/trace_build/threadx_smp/CMakeFiles/threadx_smp.dir/work/common_smp/src/tx_thread_suspend.c.gcda:Cannot open
profiling:/work/test/smp/cmake/build/trace_build/threadx_smp/CMakeFiles/threadx_smp.dir/work/common_smp/src/tx_thread_stack_error_notify.c.gcda:Cannot open
profiling:/work/test/smp/cmake/build/trace_build/threadx_smp/CMakeFiles/threadx_smp.dir/work/common_smp/src/tx_thread_stack_analyze.c.gcda:Cannot open
profiling:/work/test/smp/cmake/build/trace_build/threadx_smp/CMakeFiles/threadx_smp.dir/work/common_smp/src/tx_thread_smp_utilities.c.gcda:Cannot open
profiling:/work/test/smp/cmake/build/trace_build/threadx_smp/CMakeFiles/threadx_smp.dir/work/common_smp/src/tx_thread_sleep.c.gcda:Cannot open
profiling:/work/test/smp/cmake/build/trace_build/threadx_smp/CMakeFiles/threadx_smp.dir/work/common_smp/src/tx_thread_shell_entry.c.gcda:Cannot open
profiling:/work/test/smp/cmake/build/trace_build/threadx_smp/CMakeFiles/threadx_smp.dir/work/common_smp/src/tx_thread_resume.c.gcda:Cannot open
profiling:/work/test/smp/cmake/build/trace_build/threadx_smp/CMakeFiles/threadx_smp.dir/work/common_smp/src/tx_thread_relinquish.c.gcda:Cannot open
profiling:/work/test/smp/cmake/build/trace_build/threadx_smp/CMakeFiles/threadx_smp.dir/work/common_smp/src/tx_thread_priority_change.c.gcda:Cannot open
profiling:/work/test/smp/cmake/build/trace_build/threadx_smp/CMakeFiles/threadx_smp.dir/work/common_smp/src/tx_thread_preemption_change.c.gcda:Cannot open
profiling:/work/test/smp/cmake/build/trace_build/threadx_smp/CMakeFiles/threadx_smp.dir/work/common_smp/src/tx_thread_performance_system_info_get.c.gcda:Cannot open
profiling:/work/test/smp/cmake/build/trace_build/threadx_smp/CMakeFiles/threadx_smp.dir/work/common_smp/src/tx_thread_performance_info_get.c.gcda:Cannot open
profiling:/work/test/smp/cmake/build/trace_build/threadx_smp/CMakeFiles/threadx_smp.dir/work/common_smp/src/tx_thread_initialize.c.gcda:Cannot open
profiling:/work/test/smp/cmake/build/trace_build/threadx_smp/CMakeFiles/threadx_smp.dir/work/common_smp/src/tx_thread_info_get.c.gcda:Cannot open
profiling:/work/test/smp/cmake/build/trace_build/threadx_smp/CMakeFiles/threadx_smp.dir/work/common_smp/src/tx_thread_identify.c.gcda:Cannot open
profiling:/work/test/smp/cmake/build/trace_build/threadx_smp/CMakeFiles/threadx_smp.dir/work/common_smp/src/tx_thread_entry_exit_notify.c.gcda:Cannot open
profiling:/work/test/smp/cmake/build/trace_build/threadx_smp/CMakeFiles/threadx_smp.dir/work/common_smp/src/tx_thread_create.c.gcda:Cannot open
profiling:/work/test/smp/cmake/build/trace_build/threadx_smp/CMakeFiles/threadx_smp.dir/work/common_smp/src/tx_semaphore_put_notify.c.gcda:Cannot open
profiling:/work/test/smp/cmake/build/trace_build/threadx_smp/CMakeFiles/threadx_smp.dir/work/common_smp/src/tx_semaphore_put.c.gcda:Cannot open
profiling:/work/test/smp/cmake/build/trace_build/threadx_smp/CMakeFiles/threadx_smp.dir/work/common_smp/src/tx_semaphore_prioritize.c.gcda:Cannot open
profiling:/work/test/smp/cmake/build/trace_build/threadx_smp/CMakeFiles/threadx_smp.dir/work/common_smp/src/tx_semaphore_performance_system_info_get.c.gcda:Cannot open
profiling:/work/test/smp/cmake/build/trace_build/threadx_smp/CMakeFiles/threadx_smp.dir/work/common_smp/src/tx_semaphore_performance_info_get.c.gcda:Cannot open
profiling:/work/test/smp/cmake/build/trace_build/threadx_smp/CMakeFiles/threadx_smp.dir/work/common_smp/src/tx_semaphore_info_get.c.gcda:Cannot open
profiling:/work/test/smp/cmake/build/trace_build/threadx_smp/CMakeFiles/threadx_smp.dir/work/common_smp/src/tx_semaphore_get.c.gcda:Cannot open
profiling:/work/test/smp/cmake/build/trace_build/threadx_smp/CMakeFiles/threadx_smp.dir/work/common_smp/src/tx_semaphore_delete.c.gcda:Cannot open
profiling:/work/test/smp/cmake/build/trace_build/threadx_smp/CMakeFiles/threadx_smp.dir/work/common_smp/src/tx_semaphore_create.c.gcda:Cannot open
profiling:/work/test/smp/cmake/build/trace_build/threadx_smp/CMakeFiles/threadx_smp.dir/work/common_smp/src/tx_semaphore_cleanup.c.gcda:Cannot open
profiling:/work/test/smp/cmake/build/trace_build/threadx_smp/CMakeFiles/threadx_smp.dir/work/common_smp/src/tx_semaphore_ceiling_put.c.gcda:Cannot open
profiling:/work/test/smp/cmake/build/trace_build/threadx_smp/CMakeFiles/threadx_smp.dir/work/common_smp/src/tx_queue_send_notify.c.gcda:Cannot open
profiling:/work/test/smp/cmake/build/trace_build/threadx_smp/CMakeFiles/threadx_smp.dir/work/common_smp/src/tx_queue_send.c.gcda:Cannot open
profiling:/work/test/smp/cmake/build/trace_build/threadx_smp/CMakeFiles/threadx_smp.dir/work/common_smp/src/tx_queue_receive.c.gcda:Cannot open
profiling:/work/test/smp/cmake/build/trace_build/threadx_smp/CMakeFiles/threadx_smp.dir/work/common_smp/src/tx_queue_prioritize.c.gcda:Cannot open
profiling:/work/test/smp/cmake/build/trace_build/threadx_smp/CMakeFiles/threadx_smp.dir/work/common_smp/src/tx_queue_performance_system_info_get.c.gcda:Cannot open
profiling:/work/test/smp/cmake/build/trace_build/threadx_smp/CMakeFiles/threadx_smp.dir/work/common_smp/src/tx_queue_performance_info_get.c.gcda:Cannot open
profiling:/work/test/smp/cmake/build/trace_build/threadx_smp/CMakeFiles/threadx_smp.dir/work/common_smp/src/tx_queue_info_get.c.gcda:Cannot open
profiling:/work/test/smp/cmake/build/trace_build/threadx_smp/CMakeFiles/threadx_smp.dir/work/common_smp/src/tx_queue_front_send.c.gcda:Cannot open
profiling:/work/test/smp/cmake/build/trace_build/threadx_smp/CMakeFiles/threadx_smp.dir/work/common_smp/src/tx_queue_flush.c.gcda:Cannot open
profiling:/work/test/smp/cmake/build/trace_build/threadx_smp/CMakeFiles/threadx_smp.dir/work/common_smp/src/tx_queue_delete.c.gcda:Cannot open
profiling:/work/test/smp/cmake/build/trace_build/threadx_smp/CMakeFiles/threadx_smp.dir/work/common_smp/src/tx_queue_create.c.gcda:Cannot open
profiling:/work/test/smp/cmake/build/trace_build/threadx_smp/CMakeFiles/threadx_smp.dir/work/common_smp/src/tx_queue_cleanup.c.gcda:Cannot open
profiling:/work/test/smp/cmake/build/trace_build/threadx_smp/CMakeFiles/threadx_smp.dir/work/common_smp/src/tx_mutex_put.c.gcda:Cannot open
profiling:/work/test/smp/cmake/build/trace_build/threadx_smp/CMakeFiles/threadx_smp.dir/work/common_smp/src/tx_mutex_priority_change.c.gcda:Cannot open
profiling:/work/test/smp/cmake/build/trace_build/threadx_smp/CMakeFiles/threadx_smp.dir/work/common_smp/src/tx_mutex_prioritize.c.gcda:Cannot open
profiling:/work/test/smp/cmake/build/trace_build/threadx_smp/CMakeFiles/threadx_smp.dir/work/common_smp/src/tx_mutex_performance_system_info_get.c.gcda:Cannot open
profiling:/work/test/smp/cmake/build/trace_build/threadx_smp/CMakeFiles/threadx_smp.dir/work/common_smp/src/tx_mutex_performance_info_get.c.gcda:Cannot open
profiling:/work/test/smp/cmake/build/trace_build/threadx_smp/CMakeFiles/threadx_smp.dir/work/common_smp/src/tx_mutex_info_get.c.gcda:Cannot open
profiling:/work/test/smp/cmake/build/trace_build/threadx_smp/CMakeFiles/threadx_smp.dir/work/common_smp/src/tx_mutex_get.c.gcda:Cannot open
profiling:/work/test/smp/cmake/build/trace_build/threadx_smp/CMakeFiles/threadx_smp.dir/work/common_smp/src/tx_mutex_delete.c.gcda:Cannot open
profiling:/work/test/smp/cmake/build/trace_build/threadx_smp/CMakeFiles/threadx_smp.dir/work/common_smp/src/tx_mutex_create.c.gcda:Cannot open
profiling:/work/test/smp/cmake/build/trace_build/threadx_smp/CMakeFiles/threadx_smp.dir/work/common_smp/src/tx_mutex_cleanup.c.gcda:Cannot open
profiling:/work/test/smp/cmake/build/trace_build/threadx_smp/CMakeFiles/threadx_smp.dir/work/common_smp/src/tx_initialize_kernel_setup.c.gcda:Cannot open
profiling:/work/test/smp/cmake/build/trace_build/threadx_smp/CMakeFiles/threadx_smp.dir/work/common_smp/src/tx_initialize_kernel_enter.c.gcda:Cannot open
profiling:/work/test/smp/cmake/build/trace_build/threadx_smp/CMakeFiles/threadx_smp.dir/work/common_smp/src/tx_initialize_high_level.c.gcda:Cannot open
profiling:/work/test/smp/cmake/build/trace_build/threadx_smp/CMakeFiles/threadx_smp.dir/work/common_smp/src/tx_event_flags_set_notify.c.gcda:Cannot open
profiling:/work/test/smp/cmake/build/trace_build/threadx_smp/CMakeFiles/threadx_smp.dir/work/common_smp/src/tx_event_flags_set.c.gcda:Cannot open
profiling:/work/test/smp/cmake/build/trace_build/threadx_smp/CMakeFiles/threadx_smp.dir/work/common_smp/src/tx_event_flags_performance_system_info_get.c.gcda:Cannot open
profiling:/work/test/smp/cmake/build/trace_build/threadx_smp/CMakeFiles/threadx_smp.dir/work/common_smp/src/tx_event_flags_performance_info_get.c.gcda:Cannot open
profiling:/work/test/smp/cmake/build/trace_build/threadx_smp/CMakeFiles/threadx_smp.dir/work/common_smp/src/tx_event_flags_info_get.c.gcda:Cannot open
profiling:/work/test/smp/cmake/build/trace_build/threadx_smp/CMakeFiles/threadx_smp.dir/work/common_smp/src/tx_event_flags_get.c.gcda:Cannot open
profiling:/work/test/smp/cmake/build/trace_build/threadx_smp/CMakeFiles/threadx_smp.dir/work/common_smp/src/tx_event_flags_delete.c.gcda:Cannot open
profiling:/work/test/smp/cmake/build/trace_build/threadx_smp/CMakeFiles/threadx_smp.dir/work/common_smp/src/tx_event_flags_create.c.gcda:Cannot open
profiling:/work/test/smp/cmake/build/trace_build/threadx_smp/CMakeFiles/threadx_smp.dir/work/common_smp/src/tx_event_flags_cleanup.c.gcda:Cannot open
profiling:/work/test/smp/cmake/build/trace_build/threadx_smp/CMakeFiles/threadx_smp.dir/work/common_smp/src/txe_timer_info_get.c.gcda:Cannot open
profiling:/work/test/smp/cmake/build/trace_build/threadx_smp/CMakeFiles/threadx_smp.dir/work/common_smp/src/txe_timer_delete.c.gcda:Cannot open
profiling:/work/test/smp/cmake/build/trace_build/threadx_smp/CMakeFiles/threadx_smp.dir/work/common_smp/src/txe_timer_deactivate.c.gcda:Cannot open
profiling:/work/test/smp/cmake/build/trace_build/threadx_smp/CMakeFiles/threadx_smp.dir/work/common_smp/src/txe_timer_create.c.gcda:Cannot open
profiling:/work/test/smp/cmake/build/trace_build/threadx_smp/CMakeFiles/threadx_smp.dir/work/common_smp/src/txe_timer_change.c.gcda:Cannot open
profiling:/work/test/smp/cmake/build/trace_build/threadx_smp/CMakeFiles/threadx_smp.dir/work/common_smp/src/txe_timer_activate.c.gcda:Cannot open
profiling:/work/test/smp/cmake/build/trace_build/threadx_smp/CMakeFiles/threadx_smp.dir/work/common_smp/src/txe_thread_wait_abort.c.gcda:Cannot open
profiling:/work/test/smp/cmake/build/trace_build/threadx_smp/CMakeFiles/threadx_smp.dir/work/common_smp/src/txe_thread_time_slice_change.c.gcda:Cannot open
profiling:/work/test/smp/cmake/build/trace_build/threadx_smp/CMakeFiles/threadx_smp.dir/work/common_smp/src/txe_thread_terminate.c.gcda:Cannot open
profiling:/work/test/smp/cmake/build/trace_build/threadx_smp/CMakeFiles/threadx_smp.dir/work/common_smp/src/txe_thread_suspend.c.gcda:Cannot open
profiling:/work/test/smp/cmake/build/trace_build/threadx_smp/CMakeFiles/threadx_smp.dir/work/common_smp/src/txe_thread_resume.c.gcda:Cannot open
profiling:/work/test/smp/cmake/build/trace_build/threadx_smp/CMakeFiles/threadx_smp.dir/work/common_smp/src/txe_thread_reset.c.gcda:Cannot open
profiling:/work/test/smp/cmake/build/trace_build/threadx_smp/CMakeFiles/threadx_smp.dir/work/common_smp/src/txe_thread_relinquish.c.gcda:Cannot open
profiling:/work/test/smp/cmake/build/trace_build/threadx_smp/CMakeFiles/threadx_smp.dir/work/common_smp/src/txe_thread_priority_change.c.gcda:Cannot open
profiling:/work/test/smp/cmake/build/trace_build/threadx_smp/CMakeFiles/threadx_smp.dir/work/common_smp/src/txe_thread_preemption_change.c.gcda:Cannot open
profiling:/work/test/smp/cmake/build/trace_build/threadx_smp/CMakeFiles/threadx_smp.dir/work/common_smp/src/txe_thread_info_get.c.gcda:Cannot open
profiling:/work/test/smp/cmake/build/trace_build/threadx_smp/CMakeFiles/threadx_smp.dir/work/common_smp/src/txe_thread_entry_exit_notify.c.gcda:Cannot open
profiling:/work/test/smp/cmake/build/trace_build/threadx_smp/CMakeFiles/threadx_smp.dir/work/common_smp/src/txe_thread_delete.c.gcda:Cannot open
profiling:/work/test/smp/cmake/build/trace_build/threadx_smp/CMakeFiles/threadx_smp.dir/work/common_smp/src/txe_thread_create.c.gcda:Cannot open
profiling:/work/test/smp/cmake/build/trace_build/threadx_smp/CMakeFiles/threadx_smp.dir/work/common_smp/src/txe_semaphore_put_notify.c.gcda:Cannot open
profiling:/work/test/smp/cmake/build/trace_build/threadx_smp/CMakeFiles/threadx_smp.dir/work/common_smp/src/txe_semaphore_put.c.gcda:Cannot open
profiling:/work/test/smp/cmake/build/trace_build/threadx_smp/CMakeFiles/threadx_smp.dir/work/common_smp/src/txe_semaphore_prioritize.c.gcda:Cannot open
profiling:/work/test/smp/cmake/build/trace_build/threadx_smp/CMakeFiles/threadx_smp.dir/work/common_smp/src/txe_semaphore_info_get.c.gcda:Cannot open
profiling:/work/test/smp/cmake/build/trace_build/threadx_smp/CMakeFiles/threadx_smp.dir/work/common_smp/src/txe_semaphore_get.c.gcda:Cannot open
profiling:/work/test/smp/cmake/build/trace_build/threadx_smp/CMakeFiles/threadx_smp.dir/work/common_smp/src/txe_semaphore_delete.c.gcda:Cannot open
profiling:/work/test/smp/cmake/build/trace_build/threadx_smp/CMakeFiles/threadx_smp.dir/work/common_smp/src/txe_semaphore_create.c.gcda:Cannot open
profiling:/work/test/smp/cmake/build/trace_build/threadx_smp/CMakeFiles/threadx_smp.dir/work/common_smp/src/txe_semaphore_ceiling_put.c.gcda:Cannot open
profiling:/work/test/smp/cmake/build/trace_build/threadx_smp/CMakeFiles/threadx_smp.dir/work/common_smp/src/txe_queue_send_notify.c.gcda:Cannot open
profiling:/work/test/smp/cmake/build/trace_build/threadx_smp/CMakeFiles/threadx_smp.dir/work/common_smp/src/txe_queue_send.c.gcda:Cannot open
profiling:/work/test/smp/cmake/build/trace_build/threadx_smp/CMakeFiles/threadx_smp.dir/work/common_smp/src/txe_queue_receive.c.gcda:Cannot open
profiling:/work/test/smp/cmake/build/trace_build/threadx_smp/CMakeFiles/threadx_smp.dir/work/common_smp/src/txe_queue_prioritize.c.gcda:Cannot open
profiling:/work/test/smp/cmake/build/trace_build/threadx_smp/CMakeFiles/threadx_smp.dir/work/common_smp/src/txe_queue_info_get.c.gcda:Cannot open
profiling:/work/test/smp/cmake/build/trace_build/threadx_smp/CMakeFiles/threadx_smp.dir/work/common_smp/src/txe_queue_front_send.c.gcda:Cannot open
profiling:/work/test/smp/cmake/build/trace_build/threadx_smp/CMakeFiles/threadx_smp.dir/work/common_smp/src/txe_queue_flush.c.gcda:Cannot open
profiling:/work/test/smp/cmake/build/trace_build/threadx_smp/CMakeFiles/threadx_smp.dir/work/common_smp/src/txe_queue_delete.c.gcda:Cannot open
profiling:/work/test/smp/cmake/build/trace_build/threadx_smp/CMakeFiles/threadx_smp.dir/work/common_smp/src/txe_queue_create.c.gcda:Cannot open
profiling:/work/test/smp/cmake/build/trace_build/threadx_smp/CMakeFiles/threadx_smp.dir/work/common_smp/src/txe_mutex_put.c.gcda:Cannot open
profiling:/work/test/smp/cmake/build/trace_build/threadx_smp/CMakeFiles/threadx_smp.dir/work/common_smp/src/txe_mutex_prioritize.c.gcda:Cannot open
profiling:/work/test/smp/cmake/build/trace_build/threadx_smp/CMakeFiles/threadx_smp.dir/work/common_smp/src/txe_mutex_info_get.c.gcda:Cannot open
profiling:/work/test/smp/cmake/build/trace_build/threadx_smp/CMakeFiles/threadx_smp.dir/work/common_smp/src/txe_mutex_get.c.gcda:Cannot open
profiling:/work/test/smp/cmake/build/trace_build/threadx_smp/CMakeFiles/threadx_smp.dir/work/common_smp/src/txe_mutex_delete.c.gcda:Cannot open
profiling:/work/test/smp/cmake/build/trace_build/threadx_smp/CMakeFiles/threadx_smp.dir/work/common_smp/src/txe_mutex_create.c.gcda:Cannot open
profiling:/work/test/smp/cmake/build/trace_build/threadx_smp/CMakeFiles/threadx_smp.dir/work/common_smp/src/txe_event_flags_set_notify.c.gcda:Cannot open
profiling:/work/test/smp/cmake/build/trace_build/threadx_smp/CMakeFiles/threadx_smp.dir/work/common_smp/src/txe_event_flags_set.c.gcda:Cannot open
profiling:/work/test/smp/cmake/build/trace_build/threadx_smp/CMakeFiles/threadx_smp.dir/work/common_smp/src/txe_event_flags_info_get.c.gcda:Cannot open
profiling:/work/test/smp/cmake/build/trace_build/threadx_smp/CMakeFiles/threadx_smp.dir/work/common_smp/src/txe_event_flags_get.c.gcda:Cannot open
profiling:/work/test/smp/cmake/build/trace_build/threadx_smp/CMakeFiles/threadx_smp.dir/work/common_smp/src/txe_event_flags_delete.c.gcda:Cannot open
profiling:/work/test/smp/cmake/build/trace_build/threadx_smp/CMakeFiles/threadx_smp.dir/work/common_smp/src/txe_event_flags_create.c.gcda:Cannot open
profiling:/work/test/smp/cmake/build/trace_build/threadx_smp/CMakeFiles/threadx_smp.dir/work/common_smp/src/txe_byte_release.c.gcda:Cannot open
profiling:/work/test/smp/cmake/build/trace_build/threadx_smp/CMakeFiles/threadx_smp.dir/work/common_smp/src/txe_byte_pool_prioritize.c.gcda:Cannot open
profiling:/work/test/smp/cmake/build/trace_build/threadx_smp/CMakeFiles/threadx_smp.dir/work/common_smp/src/txe_byte_pool_info_get.c.gcda:Cannot open
profiling:/work/test/smp/cmake/build/trace_build/threadx_smp/CMakeFiles/threadx_smp.dir/work/common_smp/src/txe_byte_pool_delete.c.gcda:Cannot open
profiling:/work/test/smp/cmake/build/trace_build/threadx_smp/CMakeFiles/threadx_smp.dir/work/common_smp/src/txe_byte_pool_create.c.gcda:Cannot open
profiling:/work/test/smp/cmake/build/trace_build/threadx_smp/CMakeFiles/threadx_smp.dir/work/common_smp/src/txe_byte_allocate.c.gcda:Cannot open
profiling:/work/test/smp/cmake/build/trace_build/threadx_smp/CMakeFiles/threadx_smp.dir/work/common_smp/src/txe_block_release.c.gcda:Cannot open
profiling:/work/test/smp/cmake/build/trace_build/threadx_smp/CMakeFiles/threadx_smp.dir/work/common_smp/src/txe_block_pool_prioritize.c.gcda:Cannot open
profiling:/work/test/smp/cmake/build/trace_build/threadx_smp/CMakeFiles/threadx_smp.dir/work/common_smp/src/txe_block_pool_info_get.c.gcda:Cannot open
profiling:/work/test/smp/cmake/build/trace_build/threadx_smp/CMakeFiles/threadx_smp.dir/work/common_smp/src/txe_block_pool_delete.c.gcda:Cannot open
profiling:/work/test/smp/cmake/build/trace_build/threadx_smp/CMakeFiles/threadx_smp.dir/work/common_smp/src/txe_block_pool_create.c.gcda:Cannot open
profiling:/work/test/smp/cmake/build/trace_build/threadx_smp/CMakeFiles/threadx_smp.dir/work/common_smp/src/txe_block_allocate.c.gcda:Cannot open
profiling:/work/test/smp/cmake/build/trace_build/threadx_smp/CMakeFiles/threadx_smp.dir/work/common_smp/src/tx_byte_release.c.gcda:Cannot open
profiling:/work/test/smp/cmake/build/trace_build/threadx_smp/CMakeFiles/threadx_smp.dir/work/common_smp/src/tx_byte_pool_search.c.gcda:Cannot open
profiling:/work/test/smp/cmake/build/trace_build/threadx_smp/CMakeFiles/threadx_smp.dir/work/common_smp/src/tx_byte_pool_prioritize.c.gcda:Cannot open
profiling:/work/test/smp/cmake/build/trace_build/threadx_smp/CMakeFiles/threadx_smp.dir/work/common_smp/src/tx_byte_pool_performance_system_info_get.c.gcda:Cannot open
profiling:/work/test/smp/cmake/build/trace_build/threadx_smp/CMakeFiles/threadx_smp.dir/work/common_smp/src/tx_byte_pool_performance_info_get.c.gcda:Cannot open
profiling:/work/test/smp/cmake/build/trace_build/threadx_smp/CMakeFiles/threadx_smp.dir/work/common_smp/src/tx_byte_pool_info_get.c.gcda:Cannot open
profiling:/work/test/smp/cmake/build/trace_build/threadx_smp/CMakeFiles/threadx_smp.dir/work/common_smp/src/tx_byte_pool_delete.c.gcda:Cannot open
profiling:/work/test/smp/cmake/build/trace_build/threadx_smp/CMakeFiles/threadx_smp.dir/work/common_smp/src/tx_byte_pool_create.c.gcda:Cannot open
profiling:/work/test/smp/cmake/build/trace_build/threadx_smp/CMakeFiles/threadx_smp.dir/work/common_smp/src/tx_byte_pool_cleanup.c.gcda:Cannot open
profiling:/work/test/smp/cmake/build/trace_build/threadx_smp/CMakeFiles/threadx_smp.dir/work/common_smp/src/tx_byte_allocate.c.gcda:Cannot open
profiling:/work/test/smp/cmake/build/trace_build/threadx_smp/CMakeFiles/threadx_smp.dir/work/common_smp/src/tx_block_release.c.gcda:Cannot open
profiling:/work/test/smp/cmake/build/trace_build/threadx_smp/CMakeFiles/threadx_smp.dir/work/common_smp/src/tx_block_pool_prioritize.c.gcda:Cannot open
profiling:/work/test/smp/cmake/build/trace_build/threadx_smp/CMakeFiles/threadx_smp.dir/work/common_smp/src/tx_block_pool_performance_system_info_get.c.gcda:Cannot open
profiling:/work/test/smp/cmake/build/trace_build/threadx_smp/CMakeFiles/threadx_smp.dir/work/common_smp/src/tx_block_pool_performance_info_get.c.gcda:Cannot open
profiling:/work/test/smp/cmake/build/trace_build/threadx_smp/CMakeFiles/threadx_smp.dir/work/common_smp/src/tx_block_pool_info_get.c.gcda:Cannot open
profiling:/work/test/smp/cmake/build/trace_build/threadx_smp/CMakeFiles/threadx_smp.dir/work/common_smp/src/tx_block_pool_delete.c.gcda:Cannot open
profiling:/work/test/smp/cmake/build/trace_build/threadx_smp/CMakeFiles/threadx_smp.dir/work/common_smp/src/tx_block_pool_create.c.gcda:Cannot open
profiling:/work/test/smp/cmake/build/trace_build/threadx_smp/CMakeFiles/threadx_smp.dir/work/common_smp/src/tx_block_pool_cleanup.c.gcda:Cannot open
profiling:/work/test/smp/cmake/build/trace_build/threadx_smp/CMakeFiles/threadx_smp.dir/work/common_smp/src/tx_block_allocate.c.gcda:Cannot open
profiling:/work/test/smp/cmake/build/trace_build/threadx_smp/CMakeFiles/threadx_smp.dir/work/common_smp/src/tx_thread_reset.c.gcda:Cannot open
profiling:/work/test/smp/cmake/build/trace_build/threadx_smp/CMakeFiles/threadx_smp.dir/work/common_smp/src/tx_thread_delete.c.gcda:Cannot open
profiling:/work/test/smp/cmake/build/trace_build/threadx_smp/CMakeFiles/threadx_smp.dir/work/ports_smp/linux/gnu/src/tx_timer_interrupt.c.gcda:Cannot open
profiling:/work/test/smp/cmake/build/trace_build/threadx_smp/CMakeFiles/threadx_smp.dir/work/ports_smp/linux/gnu/src/tx_thread_system_return.c.gcda:Cannot open
profiling:/work/test/smp/cmake/build/trace_build/threadx_smp/CMakeFiles/threadx_smp.dir/work/ports_smp/linux/gnu/src/tx_thread_stack_build.c.gcda:Cannot open
profiling:/work/test/smp/cmake/build/trace_build/threadx_smp/CMakeFiles/threadx_smp.dir/work/ports_smp/linux/gnu/src/tx_thread_smp_unprotect.c.gcda:Cannot open
profiling:/work/test/smp/cmake/build/trace_build/threadx_smp/CMakeFiles/threadx_smp.dir/work/ports_smp/linux/gnu/src/tx_thread_smp_time_get.c.gcda:Cannot open
profiling:/work/test/smp/cmake/build/trace_build/threadx_smp/CMakeFiles/threadx_smp.dir/work/ports_smp/linux/gnu/src/tx_thread_smp_protect.c.gcda:Cannot open
profiling:/work/test/smp/cmake/build/trace_build/threadx_smp/CMakeFiles/threadx_smp.dir/work/ports_smp/linux/gnu/src/tx_thread_smp_low_level_initialize.c.gcda:Cannot open
**** Testing Complete ****
**** Test Summary:  Tests Passed:  1   Tests Failed:  0    System Errors:   0
profiling:/work/test/smp/cmake/build/trace_build/threadx_smp/CMakeFiles/threadx_smp.dir/work/ports_smp/linux/gnu/src/tx_thread_smp_initialize_wait.c.gcda:Cannot open
profiling:/work/test/smp/cmake/build/trace_build/threadx_smp/CMakeFiles/threadx_smp.dir/work/ports_smp/linux/gnu/src/tx_thread_smp_current_thread_get.c.gcda:Cannot open
profiling:/work/test/smp/cmake/build/trace_build/threadx_smp/CMakeFiles/threadx_smp.dir/work/ports_smp/linux/gnu/src/tx_thread_smp_current_state_get.c.gcda:Cannot open
profiling:/work/test/smp/cmake/build/trace_build/threadx_smp/CMakeFiles/threadx_smp.dir/work/ports_smp/linux/gnu/src/tx_thread_smp_core_preempt.c.gcda:Cannot open
profiling:/work/test/smp/cmake/build/trace_build/threadx_smp/CMakeFiles/threadx_smp.dir/work/ports_smp/linux/gnu/src/tx_thread_smp_core_get.c.gcda:Cannot open
profiling:/work/test/smp/cmake/build/trace_build/threadx_smp/CMakeFiles/threadx_smp.dir/work/ports_smp/linux/gnu/src/tx_thread_schedule.c.gcda:Cannot open
profiling:/work/test/smp/cmake/build/trace_build/threadx_smp/CMakeFiles/threadx_smp.dir/work/ports_smp/linux/gnu/src/tx_thread_interrupt_control.c.gcda:Cannot open
profiling:/work/test/smp/cmake/build/trace_build/threadx_smp/CMakeFiles/threadx_smp.dir/work/ports_smp/linux/gnu/src/tx_thread_context_save.c.gcda:Cannot open
profiling:/work/test/smp/cmake/build/trace_build/threadx_smp/CMakeFiles/threadx_smp.dir/work/ports_smp/linux/gnu/src/tx_thread_context_restore.c.gcda:Cannot open
profiling:/work/test/smp/cmake/build/trace_build/threadx_smp/CMakeFiles/threadx_smp.dir/work/ports_smp/linux/gnu/src/tx_initialize_low_level.c.gcda:Cannot open
