$TEST_TMPDIR defined, some defaults will be overridden
WARNING: Duplicate rc file: /media/jefferson/11c42dee-73a3-4c2b-ab42-a0440011d9e0/.s-core-build/runs/score-rust-issue-queue-ycbvxir7/workspaces/250/quality/static_analysis/static_analysis.bazelrc is read multiple times, it is a standard rc file location but must have been unnecessarily imported earlier.
OpenJDK 64-Bit Server VM warning: Options -Xverify:none and -noverify were deprecated in JDK 13 and will likely be removed in a future release.
WARNING: The following configs were expanded more than once: [linux_x64_gcc_15]. For repeatable flags, repeats are counted twice and may lead to unexpected behavior.
Computing main repo mapping: 
Computing main repo mapping: 
WARNING: The following configs were expanded more than once: [linux_x64_gcc_15]. For repeatable flags, repeats are counted twice and may lead to unexpected behavior.
Computing main repo mapping: 
Computing main repo mapping: 
Computing main repo mapping: 
Computing main repo mapping: 
Loading: 
Loading: 5 packages loaded
Analyzing: 4 targets (9 packages loaded, 0 targets configured)
Analyzing: 4 targets (9 packages loaded, 0 targets configured)

Analyzing: 4 targets (101 packages loaded, 9 targets configured)

Analyzing: 4 targets (275 packages loaded, 10921 targets configured)

Analyzing: 4 targets (378 packages loaded, 15099 targets configured)

INFO: Analyzed 4 targets (380 packages loaded, 15334 targets configured).
[46 / 1,301] [Prepa] Writing repo mapping manifest for //score/mw/com/test/basic_rust_api/consumer_async_apis:bigdata-consumer-async
[133 / 1,341] [Prepa] Writing repo mapping manifest for //score/mw/com/test/basic_rust_api/consumer_sync_apis:bigdata-consumer
[1,096 / 1,342] checking cached actions
INFO: Found 4 targets...
INFO: Elapsed time: 16.773s, Critical Path: 0.49s
INFO: 10 processes: 1346 action cache hit, 10 internal.
INFO: Build completed successfully, 10 total actions
