$TEST_TMPDIR defined, some defaults will be overridden
WARNING: Duplicate rc file: /media/jefferson/11c42dee-73a3-4c2b-ab42-a0440011d9e0/.s-core-build/runs/score-rust-issue-queue-ycbvxir7/workspaces/250/quality/static_analysis/static_analysis.bazelrc is read multiple times, it is a standard rc file location but must have been unnecessarily imported earlier.
OpenJDK 64-Bit Server VM warning: Options -Xverify:none and -noverify were deprecated in JDK 13 and will likely be removed in a future release.
WARNING: The following configs were expanded more than once: [linux_x64_gcc_15]. For repeatable flags, repeats are counted twice and may lead to unexpected behavior.
Computing main repo mapping: 
Computing main repo mapping: 
WARNING: The following configs were expanded more than once: [linux_x64_gcc_15]. For repeatable flags, repeats are counted twice and may lead to unexpected behavior.
Computing main repo mapping: 
Computing main repo mapping: 
Computing main repo mapping: 
Computing main repo mapping: 
Loading: 
Loading: 5 packages loaded
Analyzing: target //score/mw/com/test/find_any_semantics/integration_test:test_find_any_semantics (6 packages loaded, 0 targets configured)
Analyzing: target //score/mw/com/test/find_any_semantics/integration_test:test_find_any_semantics (6 packages loaded, 0 targets configured)

Analyzing: target //score/mw/com/test/find_any_semantics/integration_test:test_find_any_semantics (103 packages loaded, 22 targets configured)

WARNING: /media/jefferson/11c42dee-73a3-4c2b-ab42-a0440011d9e0/.s-core-build/runs/score-rust-issue-queue-ycbvxir7/workspaces/250/MODULE.bazel:196:20: The module extension apt defined in @rules_distroless//apt:extensions.bzl reported incorrect imports of repositories via use_repo():

Imported, but reported as indirect dependencies by the extension:
    ubuntu24_04_sysroot_resolve

Fix the use_repo calls by running 'bazel mod tidy'.
Analyzing: target //score/mw/com/test/find_any_semantics/integration_test:test_find_any_semantics (271 packages loaded, 4089 targets configured)

Analyzing: target //score/mw/com/test/find_any_semantics/integration_test:test_find_any_semantics (386 packages loaded, 13280 targets configured)

Analyzing: target //score/mw/com/test/find_any_semantics/integration_test:test_find_any_semantics (386 packages loaded, 13499 targets configured)

Analyzing: target //score/mw/com/test/find_any_semantics/integration_test:test_find_any_semantics (387 packages loaded, 13529 targets configured)

Analyzing: target //score/mw/com/test/find_any_semantics/integration_test:test_find_any_semantics (388 packages loaded, 13530 targets configured)

Analyzing: target //score/mw/com/test/find_any_semantics/integration_test:test_find_any_semantics (394 packages loaded, 13599 targets configured)

Analyzing: target //score/mw/com/test/find_any_semantics/integration_test:test_find_any_semantics (400 packages loaded, 14107 targets configured)

Analyzing: target //score/mw/com/test/find_any_semantics/integration_test:test_find_any_semantics (406 packages loaded, 14372 targets configured)

Analyzing: target //score/mw/com/test/find_any_semantics/integration_test:test_find_any_semantics (411 packages loaded, 14487 targets configured)

Analyzing: target //score/mw/com/test/find_any_semantics/integration_test:test_find_any_semantics (418 packages loaded, 16178 targets configured)

Analyzing: target //score/mw/com/test/find_any_semantics/integration_test:test_find_any_semantics (423 packages loaded, 16503 targets configured)

Analyzing: target //score/mw/com/test/find_any_semantics/integration_test:test_find_any_semantics (425 packages loaded, 17621 targets configured)

INFO: Analyzed target //score/mw/com/test/find_any_semantics/integration_test:test_find_any_semantics (473 packages loaded, 18749 targets configured).
[1 / 1] no actions running
[18 / 104] [Prepa] Writing file score/mw/com/test/find_any_semantics/integration_test/_oci_filesystem_test_find_any_semantics.manifest
[22 / 1,101] checking cached actions
[430 / 1,101] Compiling score/mw/com/test/common_test_resources/child_process_guard.cpp; 0s linux-sandbox ... (2 actions, 1 running)
[458 / 1,101] Compiling src/cmdline.cpp; 1s linux-sandbox ... (2 actions running)
[459 / 1,101] Compiling score/mw/com/test/common_test_resources/timeout_supervisor.cpp; 2s linux-sandbox ... (2 actions running)
[464 / 1,101] Compiling score/mw/com/test/common_test_resources/check_point_control.cpp; 1s linux-sandbox ... (2 actions, 1 running)
[492 / 1,101] Compiling src/options_description.cpp; 0s linux-sandbox
[675 / 1,101] Compiling src/options_description.cpp; 1s linux-sandbox ... (2 actions, 1 running)
[885 / 1,101] Compiling src/parsers.cpp; 1s linux-sandbox
[981 / 1,101] Compiling score/mw/com/test/find_any_semantics/test_datatype.cpp; 1s linux-sandbox ... (2 actions, 1 running)
[982 / 1,101] Compiling score/mw/com/test/find_any_semantics/test_datatype.cpp; 2s linux-sandbox ... (2 actions, 1 running)
[982 / 1,101] Compiling score/mw/com/test/find_any_semantics/test_datatype.cpp; 3s linux-sandbox ... (2 actions running)
[983 / 1,101] Compiling score/mw/com/test/find_any_semantics/test_datatype.cpp; 6s linux-sandbox ... (2 actions, 1 running)
INFO: From Compiling score/mw/com/test/find_any_semantics/test_datatype.cpp:
In file included from ./score/mw/com/impl/instance_identifier.h:16,
                 from ./score/mw/com/impl/handle_type.h:18,
                 from ./score/mw/com/impl/proxy_base.h:18,
                 from ./score/mw/com/impl/generic_proxy_event.h:18,
                 from ./score/mw/com/impl/generic_proxy.h:18,
                 from ./score/mw/com/types.h:24,
                 from ./score/mw/com/test/find_any_semantics/test_datatype.h:17,
                 from score/mw/com/test/find_any_semantics/test_datatype.cpp:14:
./score/mw/com/impl/com_error.h: In member function 'virtual std::string_view score::mw::com::impl::ComErrorDomain::MessageFor(const score::result::ErrorCode&) const':
./score/mw/com/impl/com_error.h:186:65: warning: 'score::mw::com::impl::ComErrc::kServiceInstanceAlreadyOffered' is deprecated: Value has never been used. Calls to OfferService shall be idempotent. [-Wdeprecated-declarations]
  186 |             case static_cast<score::result::ErrorCode>(ComErrc::kServiceInstanceAlreadyOffered):
      |                                                                 ^~~~~~~~~~~~~~~~~~~~~~~~~~~~~~
./score/mw/com/impl/com_error.h:57:5: note: declared here
   57 |     kServiceInstanceAlreadyOffered
      |     ^~~~~~~~~~~~~~~~~~~~~~~~~~~~~~
[986 / 1,101] Compiling score/mw/com/test/common_test_resources/command_line_parser.cpp; 1s linux-sandbox ... (2 actions running)
[987 / 1,101] Compiling src/value_semantic.cpp; 2s linux-sandbox ... (2 actions, 1 running)
[991 / 1,101] Compiling score/mw/com/test/common_test_resources/general_resources.cpp; 1s linux-sandbox ... (2 actions running)
[993 / 1,101] Compiling src/variables_map.cpp; 1s linux-sandbox ... (2 actions running)
[994 / 1,101] Compiling score/mw/com/test/find_any_semantics/client.cpp; 2s linux-sandbox ... (2 actions running)
[995 / 1,101] Compiling score/mw/com/test/find_any_semantics/client.cpp; 3s linux-sandbox ... (2 actions, 1 running)
[1,005 / 1,101] Compiling score/mw/com/test/find_any_semantics/client.cpp; 4s linux-sandbox ... (2 actions, 1 running)
[1,019 / 1,101] Compiling score/mw/com/test/find_any_semantics/client.cpp; 5s linux-sandbox ... (2 actions, 1 running)
[1,089 / 1,101] Compiling score/mw/com/test/find_any_semantics/client.cpp; 6s linux-sandbox ... (2 actions, 1 running)
[1,090 / 1,101] Compiling score/mw/com/test/find_any_semantics/client.cpp; 7s linux-sandbox ... (2 actions, 1 running)
INFO: From Compiling score/mw/com/test/find_any_semantics/client.cpp:
In file included from ./score/mw/com/impl/instance_identifier.h:16,
                 from ./score/mw/com/impl/handle_type.h:18,
                 from ./score/mw/com/impl/proxy_base.h:18,
                 from ./score/mw/com/impl/generic_proxy_event.h:18,
                 from ./score/mw/com/impl/generic_proxy.h:18,
                 from ./score/mw/com/types.h:24,
                 from ./score/mw/com/test/find_any_semantics/test_datatype.h:17,
                 from score/mw/com/test/find_any_semantics/client.cpp:15:
./score/mw/com/impl/com_error.h: In member function 'virtual std::string_view score::mw::com::impl::ComErrorDomain::MessageFor(const score::result::ErrorCode&) const':
./score/mw/com/impl/com_error.h:186:65: warning: 'score::mw::com::impl::ComErrc::kServiceInstanceAlreadyOffered' is deprecated: Value has never been used. Calls to OfferService shall be idempotent. [-Wdeprecated-declarations]
  186 |             case static_cast<score::result::ErrorCode>(ComErrc::kServiceInstanceAlreadyOffered):
      |                                                                 ^~~~~~~~~~~~~~~~~~~~~~~~~~~~~~
./score/mw/com/impl/com_error.h:57:5: note: declared here
   57 |     kServiceInstanceAlreadyOffered
      |     ^~~~~~~~~~~~~~~~~~~~~~~~~~~~~~
[1,092 / 1,101] Compiling score/mw/com/test/common_test_resources/sctf_test_runner.cpp; 1s linux-sandbox ... (2 actions running)
INFO: From Compiling score/mw/com/test/find_any_semantics/service.cpp:
In file included from ./score/mw/com/impl/instance_identifier.h:16,
                 from ./score/mw/com/impl/handle_type.h:18,
                 from ./score/mw/com/impl/proxy_base.h:18,
                 from ./score/mw/com/impl/generic_proxy_event.h:18,
                 from ./score/mw/com/impl/generic_proxy.h:18,
                 from ./score/mw/com/types.h:24,
                 from ./score/mw/com/test/find_any_semantics/test_datatype.h:17,
                 from score/mw/com/test/find_any_semantics/service.cpp:15:
./score/mw/com/impl/com_error.h: In member function 'virtual std::string_view score::mw::com::impl::ComErrorDomain::MessageFor(const score::result::ErrorCode&) const':
./score/mw/com/impl/com_error.h:186:65: warning: 'score::mw::com::impl::ComErrc::kServiceInstanceAlreadyOffered' is deprecated: Value has never been used. Calls to OfferService shall be idempotent. [-Wdeprecated-declarations]
  186 |             case static_cast<score::result::ErrorCode>(ComErrc::kServiceInstanceAlreadyOffered):
      |                                                                 ^~~~~~~~~~~~~~~~~~~~~~~~~~~~~~
./score/mw/com/impl/com_error.h:57:5: note: declared here
   57 |     kServiceInstanceAlreadyOffered
      |     ^~~~~~~~~~~~~~~~~~~~~~~~~~~~~~
[1,093 / 1,101] Compiling score/mw/com/test/common_test_resources/sctf_test_runner.cpp; 5s linux-sandbox
INFO: From Compiling score/mw/com/test/common_test_resources/sctf_test_runner.cpp:
In file included from ./score/mw/com/impl/instance_identifier.h:16,
                 from ./score/mw/com/impl/handle_type.h:18,
                 from ./score/mw/com/impl/proxy_base.h:18,
                 from ./score/mw/com/impl/generic_proxy_event.h:18,
                 from ./score/mw/com/impl/generic_proxy.h:18,
                 from ./score/mw/com/types.h:24,
                 from ./score/mw/com/mocking/i_runtime.h:17,
                 from ./score/mw/com/runtime.h:24,
                 from score/mw/com/test/common_test_resources/sctf_test_runner.cpp:16:
./score/mw/com/impl/com_error.h: In member function 'virtual std::string_view score::mw::com::impl::ComErrorDomain::MessageFor(const score::result::ErrorCode&) const':
./score/mw/com/impl/com_error.h:186:65: warning: 'score::mw::com::impl::ComErrc::kServiceInstanceAlreadyOffered' is deprecated: Value has never been used. Calls to OfferService shall be idempotent. [-Wdeprecated-declarations]
  186 |             case static_cast<score::result::ErrorCode>(ComErrc::kServiceInstanceAlreadyOffered):
      |                                                                 ^~~~~~~~~~~~~~~~~~~~~~~~~~~~~~
./score/mw/com/impl/com_error.h:57:5: note: declared here
   57 |     kServiceInstanceAlreadyOffered
      |     ^~~~~~~~~~~~~~~~~~~~~~~~~~~~~~
[1,095 / 1,101] Linking score/mw/com/test/find_any_semantics/client; 0s linux-sandbox ... (2 actions running)
[1,097 / 1,101] [Prepa] Writing: bazel-out/k8-fastbuild/bin/score/mw/com/test/find_any_semantics/integration_test/_oci_filesystem_test_find_any_semantics.tar
[1,099 / 1,101] OCI Image //score/mw/com/test/find_any_semantics/integration_test:_image_test_find_any_semantics; 0s linux-sandbox
[1,100 / 1,101] [Prepa] OCITarballManifest score/mw/com/test/find_any_semantics/integration_test/_image_test_find_any_semantics_loader/tarball.spec
[1,101 / 1,102] Testing //score/mw/com/test/find_any_semantics/integration_test:test_find_any_semantics; 0s linux-sandbox
[1,101 / 1,102] 1 / 1 tests; Testing //score/mw/com/test/find_any_semantics/integration_test:test_find_any_semantics; 6s linux-sandbox
INFO: Found 1 test target...
Target //score/mw/com/test/find_any_semantics/integration_test:test_find_any_semantics up-to-date:
  bazel-bin/score/mw/com/test/find_any_semantics/integration_test/test_find_any_semantics
INFO: Elapsed time: 76.302s, Critical Path: 21.21s
INFO: 100 processes: 1004 action cache hit, 17 internal, 83 linux-sandbox.
INFO: Build completed successfully, 100 total actions
INFO: 
//score/mw/com/test/find_any_semantics/integration_test:test_find_any_semantics PASSED in 6.5s

Executed 1 out of 1 test: 1 test passes.
There were tests whose specified size is too big. Use the --test_verbose_timeout_warnings command line option to see which ones these are.
INFO: Build Event Protocol files produced successfully.
