$TEST_TMPDIR defined, some defaults will be overridden
OpenJDK 64-Bit Server VM warning: Options -Xverify:none and -noverify were deprecated in JDK 13 and will likely be removed in a future release.
Computing main repo mapping: 
Computing main repo mapping: 
Loading: 
Loading: 2 packages loaded
Analyzing: 153 targets (42 packages loaded, 0 targets configured)
Analyzing: 153 targets (42 packages loaded, 0 targets configured)

Analyzing: 153 targets (164 packages loaded, 203 targets configured)
[26 / 26] no actions running
Analyzing: 153 targets (215 packages loaded, 6782 targets configured)
[26 / 26] no actions running
DEBUG: /media/jefferson/11c42dee-73a3-4c2b-ab42-a0440011d9e0/.s-core-build/runs/score-someip84-full-6w80fgob/bazel-output/16df730b0babb9c4a4b46d33742bb204/external/score_bazel_tools_python+/quality/private/python/python_tool_aspect.bzl:32:18: Python tools integration does not offer the feature "external_include_paths", but it will still be considered in the build.
Analyzing: 153 targets (370 packages loaded, 23144 targets configured)
[35 / 41] checking cached actions
Analyzing: 153 targets (434 packages loaded, 31871 targets configured)
[75 / 75] no actions running
WARNING: /media/jefferson/11c42dee-73a3-4c2b-ab42-a0440011d9e0/.s-core-build/runs/score-someip84-full-6w80fgob/bazel-output/16df730b0babb9c4a4b46d33742bb204/external/score_baselibs+/score/mw/log/detail/wait_free_stack/BUILD:23:11: in cc_library rule @@score_baselibs+//score/mw/log/detail/wait_free_stack:wait_free_stack: target '@@score_baselibs+//score/mw/log/detail/wait_free_stack:wait_free_stack' depends on deprecated target '@@score_baselibs+//score/memory/shared:atomic_indirector': This target is deprecated. Use @score_baselibs//score/concurrency:atomic_indirector instead.
WARNING: /media/jefferson/11c42dee-73a3-4c2b-ab42-a0440011d9e0/.s-core-build/runs/score-someip84-full-6w80fgob/bazel-output/16df730b0babb9c4a4b46d33742bb204/external/score_baselibs+/score/json/internal/model/BUILD:17:11: in cc_library rule @@score_baselibs+//score/json/internal/model:model: target '@@score_baselibs+//score/json/internal/model:model' depends on deprecated target '@@score_baselibs+//score/memory:string_comparison_adaptor': This target is deprecated. Use @score_baselibs//score/string_manipulation:string_comparison_adaptor instead.
Analyzing: 153 targets (481 packages loaded, 34758 targets configured)
[100 / 103] checking cached actions
WARNING: /media/jefferson/11c42dee-73a3-4c2b-ab42-a0440011d9e0/.s-core-build/runs/score-someip84-full-6w80fgob/bazel-output/16df730b0babb9c4a4b46d33742bb204/external/score_baselibs+/score/mw/log/detail/text_recorder/BUILD:23:11: in cc_library rule @@score_baselibs+//score/mw/log/detail/text_recorder:text_recorder: target '@@score_baselibs+//score/mw/log/detail/text_recorder:text_recorder' depends on deprecated target '@@score_baselibs+//score/os/utils:high_resolution_steady_clock': Deprecated, please use //platform/aas/mw/time/HighPrecisionLocalSteadyClock instead
WARNING: /media/jefferson/11c42dee-73a3-4c2b-ab42-a0440011d9e0/.s-core-build/runs/score-someip84-full-6w80fgob/bazel-output/16df730b0babb9c4a4b46d33742bb204/external/score_baselibs+/score/mw/log/configuration/BUILD:63:11: in cc_library rule @@score_baselibs+//score/mw/log/configuration:configuration_parser: target '@@score_baselibs+//score/mw/log/configuration:configuration_parser' depends on deprecated target '@@score_baselibs+//score/memory:split_string_view': This target is deprecated. Use @score_baselibs//score/string_manipulation:split_string_view instead.
Analyzing: 153 targets (525 packages loaded, 40278 targets configured)
[106 / 212] checking cached actions
Analyzing: 153 targets (561 packages loaded, 43639 targets configured)
[124 / 308] checking cached actions
Analyzing: 153 targets (618 packages loaded, 51857 targets configured)
[130 / 312] checking cached actions
Analyzing: 153 targets (627 packages loaded, 75241 targets configured)
[130 / 312] checking cached actions
Analyzing: 153 targets (627 packages loaded, 106457 targets configured)
[130 / 312] checking cached actions
INFO: Analyzed 153 targets (628 packages loaded, 106461 targets configured).
[130 / 312] checking cached actions
[1,589 / 2,017] [Scann] Compiling score/socom/impl/runtime_impl.cpp
[1,618 / 2,017] Compiling score/socom/impl/runtime_impl.cpp; 1s linux-sandbox
[1,620 / 2,017] Compiling score/socom/impl/runtime_impl.cpp; 11s linux-sandbox
[1,626 / 2,017] [Prepa] Linking score/socom/libsocom.a
[1,676 / 2,017] checking cached actions
[1,919 / 2,017] [Prepa] Linking score/gateway_ipc_binding/benchmark/gateway_ipc_binding_benchmark
[1,921 / 2,017] Linking score/gateway_ipc_binding/benchmark/gateway_ipc_binding_benchmark; 1s linux-sandbox
[1,925 / 2,017] checking cached actions
[1,931 / 2,017] [Prepa] Linking score/gatewayd/gatewayd
[1,939 / 2,017] Linking score/gatewayd/gatewayd; 1s linux-sandbox
[1,940 / 2,017] [Prepa] Creating symlink score/gatewayd/gatewayd_example.exe
[1,975 / 2,017] Linking score/someipd/someipd; 0s linux-sandbox
[2,010 / 2,017] [Prepa] Creating symlink score/someipd/someipd_example.exe
[2,012 / 2,017] Writing: bazel-out/k8-fastbuild/bin/deployment/gateway_tar-k8.tar.gz; 1s linux-sandbox
[2,014 / 2,017] Writing: bazel-out/k8-fastbuild/bin/deployment/gateway_tar-k8.tar.gz; 3s linux-sandbox ... (2 actions, 1 running)
[2,015 / 2,017] Writing: bazel-out/k8-fastbuild/bin/deployment/gateway_tar-k8.tar.gz; 4s linux-sandbox
[2,016 / 2,017] [Prepa] Creating symlink deployment/gateway_tar.tar.gz
INFO: Found 153 targets...
INFO: Elapsed time: 213.361s, Critical Path: 23.08s
INFO: 14 processes: 2047 action cache hit, 6 internal, 8 linux-sandbox.
INFO: Build completed successfully, 14 total actions
