$TEST_TMPDIR defined, some defaults will be overridden
OpenJDK 64-Bit Server VM warning: Options -Xverify:none and -noverify were deprecated in JDK 13 and will likely be removed in a future release.
Computing main repo mapping: 
Computing main repo mapping: 
Loading: 
Loading: 3 packages loaded
Analyzing: 10 targets (8 packages loaded, 0 targets configured)
Analyzing: 10 targets (8 packages loaded, 0 targets configured)

Analyzing: 10 targets (122 packages loaded, 198 targets configured)
[2 / 2] no actions running
Analyzing: 10 targets (199 packages loaded, 3864 targets configured)
[2 / 2] no actions running
WARNING: /media/jefferson/11c42dee-73a3-4c2b-ab42-a0440011d9e0/.s-core-build/runs/score-someip84-full-6w80fgob/bazel-output/16df730b0babb9c4a4b46d33742bb204/external/score_baselibs+/score/mw/log/detail/wait_free_stack/BUILD:23:11: in cc_library rule @@score_baselibs+//score/mw/log/detail/wait_free_stack:wait_free_stack: target '@@score_baselibs+//score/mw/log/detail/wait_free_stack:wait_free_stack' depends on deprecated target '@@score_baselibs+//score/memory/shared:atomic_indirector': This target is deprecated. Use @score_baselibs//score/concurrency:atomic_indirector instead.
WARNING: /media/jefferson/11c42dee-73a3-4c2b-ab42-a0440011d9e0/.s-core-build/runs/score-someip84-full-6w80fgob/bazel-output/16df730b0babb9c4a4b46d33742bb204/external/score_baselibs+/score/json/internal/model/BUILD:17:11: in cc_library rule @@score_baselibs+//score/json/internal/model:model: target '@@score_baselibs+//score/json/internal/model:model' depends on deprecated target '@@score_baselibs+//score/memory:string_comparison_adaptor': This target is deprecated. Use @score_baselibs//score/string_manipulation:string_comparison_adaptor instead.
Analyzing: 10 targets (224 packages loaded, 16252 targets configured)
[2 / 2] no actions running
WARNING: /media/jefferson/11c42dee-73a3-4c2b-ab42-a0440011d9e0/.s-core-build/runs/score-someip84-full-6w80fgob/bazel-output/16df730b0babb9c4a4b46d33742bb204/external/score_baselibs+/score/mw/log/detail/text_recorder/BUILD:23:11: in cc_library rule @@score_baselibs+//score/mw/log/detail/text_recorder:text_recorder: target '@@score_baselibs+//score/mw/log/detail/text_recorder:text_recorder' depends on deprecated target '@@score_baselibs+//score/os/utils:high_resolution_steady_clock': Deprecated, please use //platform/aas/mw/time/HighPrecisionLocalSteadyClock instead
WARNING: /media/jefferson/11c42dee-73a3-4c2b-ab42-a0440011d9e0/.s-core-build/runs/score-someip84-full-6w80fgob/bazel-output/16df730b0babb9c4a4b46d33742bb204/external/score_baselibs+/score/mw/log/configuration/BUILD:63:11: in cc_library rule @@score_baselibs+//score/mw/log/configuration:configuration_parser: target '@@score_baselibs+//score/mw/log/configuration:configuration_parser' depends on deprecated target '@@score_baselibs+//score/memory:split_string_view': This target is deprecated. Use @score_baselibs//score/string_manipulation:split_string_view instead.
Analyzing: 10 targets (232 packages loaded, 21365 targets configured)
[33 / 158] checking cached actions
INFO: Analyzed 10 targets (232 packages loaded, 21365 targets configured).
[88 / 212] checking cached actions
[110 / 271] [Prepa] Action score/socom/impl_service_identifier.AspectRulesLintClangTidy.out
[147 / 322] checking cached actions
[276 / 355] [Prepa] Linking score/socom/test/stress/socom_stress_test
[283 / 371] checking cached actions
[305 / 371] [Prepa] Linking score/socom/test/unit/socom_test
[307 / 372] checking cached actions
[307 / 372] [Prepa] Testing //score/socom/test/unit:socom_test
[307 / 372] Testing //score/socom/test/unit:socom_test; 0s linux-sandbox
[308 / 372] 1 / 2 tests; Testing //score/socom/test/stress:socom_stress_test; 0s linux-sandbox
[308 / 372] 2 / 2 tests; Testing //score/socom/test/stress:socom_stress_test; 5s linux-sandbox
[309 / 372] 2 / 2 tests; checking cached actions
[343 / 372] 2 / 2 tests; Linting //score/socom/test/framework:socom_test_framework:bridge_t.cpp with clang-tidy; 0s linux-sandbox
[345 / 372] 2 / 2 tests; Linting //score/socom/test/framework:socom_test_framework:bridge_t.cpp with clang-tidy; 2s linux-sandbox ... (2 actions, 1 running)
[346 / 372] 2 / 2 tests; Linting //score/socom/test/framework:socom_test_framework:bridge_t.cpp with clang-tidy; 3s linux-sandbox ... (2 actions running)
[349 / 372] 2 / 2 tests; Linting //score/socom/test/framework:socom_test_framework:socom_mocks.cpp with clang-tidy; 0s linux-sandbox ... (2 actions running)
[349 / 372] 2 / 2 tests; Linting //score/socom/test/framework:socom_test_framework:socom_mocks.cpp with clang-tidy; 12s linux-sandbox ... (2 actions running)
[350 / 372] 2 / 2 tests; Linting //score/socom/test/framework:socom_test_framework:socom_mocks.cpp with clang-tidy; 20s linux-sandbox ... (2 actions, 1 running)
[351 / 372] 2 / 2 tests; Linting //score/socom/test/framework:socom_test_framework:connector_factory.cpp with clang-tidy; 1s linux-sandbox ... (2 actions, 1 running)
[353 / 372] 2 / 2 tests; Linting //score/socom/test/framework:socom_test_framework:connector_factory.cpp with clang-tidy; 2s linux-sandbox ... (2 actions, 1 running)
[354 / 372] 2 / 2 tests; Linting //score/socom/test/framework:socom_test_framework:connector_factory.cpp with clang-tidy; 3s linux-sandbox ... (2 actions running)
[355 / 372] 2 / 2 tests; Linting //score/socom/test/framework:socom_test_framework:server_t.cpp with clang-tidy; 10s linux-sandbox ... (2 actions, 1 running)
[355 / 372] 2 / 2 tests; Linting //score/socom/test/framework:socom_test_framework:server_t.cpp with clang-tidy; 12s linux-sandbox ... (2 actions running)
[356 / 372] 2 / 2 tests; Linting //score/socom/test/framework:socom_test_framework:server_t.cpp with clang-tidy; 13s linux-sandbox ... (2 actions, 1 running)
[356 / 372] 2 / 2 tests; Linting //score/socom/test/framework:socom_test_framework:server_t.cpp with clang-tidy; 15s linux-sandbox ... (2 actions running)
[357 / 372] 2 / 2 tests; Linting //score/socom/test/framework:socom_test_framework:server_t.cpp with clang-tidy; 5s linux-sandbox ... (2 actions, 1 running)
[358 / 372] 2 / 2 tests; Linting //score/socom/test/framework:socom_test_framework:server_t.cpp with clang-tidy; 7s linux-sandbox ... (2 actions running)
[359 / 372] 2 / 2 tests; Linting //score/socom/test/framework:socom_test_framework:server_t.cpp with clang-tidy; 9s linux-sandbox ... (2 actions, 1 running)
[360 / 372] 2 / 2 tests; Linting //score/socom/test/framework:socom_test_framework:server_t.cpp with clang-tidy; 11s linux-sandbox ... (2 actions running)
[360 / 372] 2 / 2 tests; Linting //score/socom/test/framework:socom_test_framework:server_t.cpp with clang-tidy; 20s linux-sandbox ... (2 actions running)
[361 / 372] 2 / 2 tests; Linting //score/socom/test/framework:socom_test_framework:connector_factory.cpp with clang-tidy; 14s linux-sandbox ... (2 actions, 1 running)
[361 / 372] 2 / 2 tests; Linting //score/socom/test/framework:socom_test_framework:connector_factory.cpp with clang-tidy; 16s linux-sandbox ... (2 actions running)
[362 / 372] 2 / 2 tests; Linting //score/socom/test/framework:socom_test_framework:connector_factory.cpp with clang-tidy; 17s linux-sandbox ... (2 actions, 1 running)
[362 / 372] 2 / 2 tests; Linting //score/socom/test/framework:socom_test_framework:connector_factory.cpp with clang-tidy; 19s linux-sandbox ... (2 actions running)
[363 / 372] 2 / 2 tests; Linting //score/socom/test/framework:socom_test_framework:socom_mocks.cpp with clang-tidy; 3s linux-sandbox ... (2 actions, 1 running)
[364 / 372] 2 / 2 tests; Linting //score/socom/test/framework:socom_test_framework:socom_mocks.cpp with clang-tidy; 4s linux-sandbox ... (2 actions running)
[364 / 372] 2 / 2 tests; Linting //score/socom/test/framework:socom_test_framework:socom_mocks.cpp with clang-tidy; 15s linux-sandbox ... (2 actions running)
[364 / 372] 2 / 2 tests; Linting //score/socom/test/framework:socom_test_framework:socom_mocks.cpp with clang-tidy; 45s linux-sandbox ... (2 actions running)
[365 / 372] 2 / 2 tests; Linting //score/socom/test/framework:socom_test_framework:socom_mocks.cpp with clang-tidy; 46s linux-sandbox ... (2 actions, 1 running)
[366 / 372] 2 / 2 tests; Linting //score/socom/test/framework:socom_test_framework:socom_mocks.cpp with clang-tidy; 47s linux-sandbox ... (2 actions running)
[367 / 372] 2 / 2 tests; Linting //score/socom/test/framework:socom_test_framework:bridge_t.cpp with clang-tidy; 3s linux-sandbox ... (2 actions running)
[368 / 372] 2 / 2 tests; Linting //score/socom/test/framework:socom_test_framework:bridge_t.cpp with clang-tidy; 10s linux-sandbox ... (2 actions, 1 running)
[368 / 372] 2 / 2 tests; Linting //score/socom/test/framework:socom_test_framework:bridge_t.cpp with clang-tidy; 11s linux-sandbox ... (2 actions running)
[369 / 372] 2 / 2 tests; Linting //score/socom/test/framework:socom_test_framework:bridge_t.cpp with clang-tidy; 14s linux-sandbox ... (2 actions, 1 running)
INFO: Found 8 targets and 2 test targets...
INFO: Elapsed time: 180.022s, Critical Path: 48.11s
INFO: 37 processes: 337 action cache hit, 1 internal, 36 linux-sandbox.
INFO: Build completed successfully, 37 total actions
