$TEST_TMPDIR defined, some defaults will be overridden
OpenJDK 64-Bit Server VM warning: Options -Xverify:none and -noverify were deprecated in JDK 13 and will likely be removed in a future release.
Computing main repo mapping: 
Computing main repo mapping: 
Computing main repo mapping: 
Loading: 
Loading: 2 packages loaded
Analyzing: target //:traceability_gate (3 packages loaded, 0 targets configured)
Analyzing: target //:traceability_gate (3 packages loaded, 0 targets configured)

Analyzing: target //:traceability_gate (97 packages loaded, 8 targets configured)

Analyzing: target //:traceability_gate (248 packages loaded, 3209 targets configured)

Analyzing: target //:traceability_gate (331 packages loaded, 13008 targets configured)

INFO: Analyzed target //:traceability_gate (334 packages loaded, 26659 targets configured).
[1 / 1] no actions running
[5 / 48] [Prepa] Creating runfiles tree bazel-out/k8-fastbuild/bin/external/score_docs_as_code+/scripts_bazel/traceability_gate.runfiles
INFO: Found 1 target...
Target @@score_docs_as_code+//scripts_bazel:traceability_gate up-to-date:
  bazel-bin/external/score_docs_as_code+/scripts_bazel/traceability_gate
  bazel-bin/external/score_docs_as_code+/scripts_bazel/traceability_gate.venv.pth
INFO: Elapsed time: 12.527s, Critical Path: 1.30s
INFO: 6 processes: 42 action cache hit, 6 internal.
INFO: Build completed successfully, 6 total actions
INFO: Running command line: bazel-bin/external/score_docs_as_code+/scripts_bazel/traceability_gate <args omitted>
