$TEST_TMPDIR defined, some defaults will be overridden
OpenJDK 64-Bit Server VM warning: Options -Xverify:none and -noverify were deprecated in JDK 13 and will likely be removed in a future release.
Computing main repo mapping: 
Computing main repo mapping: 
Computing main repo mapping: 
Computing main repo mapping: 
Computing main repo mapping: 
Computing main repo mapping: 
Loading: 
Loading: 2 packages loaded
Loading: 2 packages loaded
    currently loading: 
Loading: 2 packages loaded
    currently loading: 
Analyzing: target //:format.fix (3 packages loaded)
Analyzing: target //:format.fix (3 packages loaded, 0 targets configured)
Analyzing: target //:format.fix (3 packages loaded, 0 targets configured)

Analyzing: target //:format.fix (102 packages loaded, 12 targets configured)

Analyzing: target //:format.fix (165 packages loaded, 3209 targets configured)

Analyzing: target //:format.fix (189 packages loaded, 15591 targets configured)

Analyzing: target //:format.fix (189 packages loaded, 15591 targets configured)

Analyzing: target //:format.fix (189 packages loaded, 15591 targets configured)

Analyzing: target //:format.fix (189 packages loaded, 15591 targets configured)

Analyzing: target //:format.fix (189 packages loaded, 15591 targets configured)

Analyzing: target //:format.fix (189 packages loaded, 15591 targets configured)

Analyzing: target //:format.fix (189 packages loaded, 15591 targets configured)

Analyzing: target //:format.fix (189 packages loaded, 15591 targets configured)

Analyzing: target //:format.fix (189 packages loaded, 15591 targets configured)

Analyzing: target //:format.fix (189 packages loaded, 15591 targets configured)

Analyzing: target //:format.fix (189 packages loaded, 15591 targets configured)

Analyzing: target //:format.fix (189 packages loaded, 15591 targets configured)

Analyzing: target //:format.fix (189 packages loaded, 15591 targets configured)

Analyzing: target //:format.fix (189 packages loaded, 15591 targets configured)

Analyzing: target //:format.fix (189 packages loaded, 15591 targets configured)

Analyzing: target //:format.fix (189 packages loaded, 15591 targets configured)

Analyzing: target //:format.fix (189 packages loaded, 15591 targets configured)

Analyzing: target //:format.fix (189 packages loaded, 15591 targets configured)

Analyzing: target //:format.fix (189 packages loaded, 15591 targets configured)

Analyzing: target //:format.fix (189 packages loaded, 15591 targets configured)

Analyzing: target //:format.fix (189 packages loaded, 15591 targets configured)

Analyzing: target //:format.fix (189 packages loaded, 15591 targets configured)

Analyzing: target //:format.fix (189 packages loaded, 15591 targets configured)

Analyzing: target //:format.fix (189 packages loaded, 15591 targets configured)

Analyzing: target //:format.fix (189 packages loaded, 15591 targets configured)

Analyzing: target //:format.fix (189 packages loaded, 15591 targets configured)

INFO: Analyzed target //:format.fix (192 packages loaded, 17480 targets configured).
[14 / 20] Reticulating @@rules_multirun+//internal:multirun build data [for tool]; 0s linux-sandbox
INFO: Found 1 target...
Target //:format.fix up-to-date:
  bazel-bin/format.fix.bash
INFO: Elapsed time: 63.945s, Critical Path: 0.20s
INFO: 20 processes: 19 internal, 1 linux-sandbox.
INFO: Build completed successfully, 20 total actions
INFO: Running command line: bazel-bin/format.fix.bash
38 files left unchanged
Formatted Python in 0m0.056s
Formatted Starlark in 0m0.380s
Formatted C++ in 0m2.225s
Formatted YAML in 0m0.155s
