$TEST_TMPDIR defined, some defaults will be overridden
WARNING: Running Bazel server needs to be killed, because the following startup options are different:
  - Only in old server: --noshutdown_on_low_sys_mem
  - Only in new server: --batch
OpenJDK 64-Bit Server VM warning: Options -Xverify:none and -noverify were deprecated in JDK 13 and will likely be removed in a future release.
Computing main repo mapping: 
Computing main repo mapping: 
Computing main repo mapping: 
Loading: 
Loading: 2 packages loaded
Analyzing: 4 targets (3 packages loaded, 0 targets configured)
Analyzing: 4 targets (3 packages loaded, 0 targets configured)

Analyzing: 4 targets (149 packages loaded, 384 targets configured)

Analyzing: 4 targets (166 packages loaded, 6342 targets configured)

INFO: Analyzed 4 targets (167 packages loaded, 6348 targets configured).
[24 / 25] 3 / 4 tests; Testing //:format.check_C++_with_clang-format; 1s local
INFO: Found 4 test targets...
INFO: Elapsed time: 10.719s, Critical Path: 1.44s
INFO: 21 processes: 4 action cache hit, 13 internal, 8 local.
INFO: Build completed successfully, 21 total actions
