$TEST_TMPDIR defined, some defaults will be overridden
OpenJDK 64-Bit Server VM warning: Options -Xverify:none and -noverify were deprecated in JDK 13 and will likely be removed in a future release.
Computing main repo mapping: 
Computing main repo mapping: 
Computing main repo mapping: 
Loading: 
Loading: 2 packages loaded
Analyzing: 29 targets (42 packages loaded, 0 targets configured)
Analyzing: 29 targets (42 packages loaded, 0 targets configured)

Analyzing: 29 targets (157 packages loaded, 703 targets configured)

DEBUG: /media/jefferson/11c42dee-73a3-4c2b-ab42-a0440011d9e0/.s-core-build/runs/score-someip84-full-6w80fgob/bazel-output/16df730b0babb9c4a4b46d33742bb204/external/score_bazel_tools_python+/quality/private/python/python_tool_aspect.bzl:32:18: Python tools integration does not offer the feature "external_include_paths", but it will still be considered in the build.
Analyzing: 29 targets (269 packages loaded, 7970 targets configured)

Analyzing: 29 targets (419 packages loaded, 15440 targets configured)

WARNING: /media/jefferson/11c42dee-73a3-4c2b-ab42-a0440011d9e0/.s-core-build/runs/score-someip84-full-6w80fgob/bazel-output/16df730b0babb9c4a4b46d33742bb204/external/score_baselibs+/score/mw/log/detail/wait_free_stack/BUILD:23:11: in cc_library rule @@score_baselibs+//score/mw/log/detail/wait_free_stack:wait_free_stack: target '@@score_baselibs+//score/mw/log/detail/wait_free_stack:wait_free_stack' depends on deprecated target '@@score_baselibs+//score/memory/shared:atomic_indirector': This target is deprecated. Use @score_baselibs//score/concurrency:atomic_indirector instead.
WARNING: /media/jefferson/11c42dee-73a3-4c2b-ab42-a0440011d9e0/.s-core-build/runs/score-someip84-full-6w80fgob/bazel-output/16df730b0babb9c4a4b46d33742bb204/external/score_baselibs+/score/json/internal/model/BUILD:17:11: in cc_library rule @@score_baselibs+//score/json/internal/model:model: target '@@score_baselibs+//score/json/internal/model:model' depends on deprecated target '@@score_baselibs+//score/memory:string_comparison_adaptor': This target is deprecated. Use @score_baselibs//score/string_manipulation:string_comparison_adaptor instead.
WARNING: /media/jefferson/11c42dee-73a3-4c2b-ab42-a0440011d9e0/.s-core-build/runs/score-someip84-full-6w80fgob/bazel-output/16df730b0babb9c4a4b46d33742bb204/external/score_baselibs+/score/mw/log/detail/text_recorder/BUILD:23:11: in cc_library rule @@score_baselibs+//score/mw/log/detail/text_recorder:text_recorder: target '@@score_baselibs+//score/mw/log/detail/text_recorder:text_recorder' depends on deprecated target '@@score_baselibs+//score/os/utils:high_resolution_steady_clock': Deprecated, please use //platform/aas/mw/time/HighPrecisionLocalSteadyClock instead
WARNING: /media/jefferson/11c42dee-73a3-4c2b-ab42-a0440011d9e0/.s-core-build/runs/score-someip84-full-6w80fgob/bazel-output/16df730b0babb9c4a4b46d33742bb204/external/score_baselibs+/score/mw/log/configuration/BUILD:63:11: in cc_library rule @@score_baselibs+//score/mw/log/configuration:configuration_parser: target '@@score_baselibs+//score/mw/log/configuration:configuration_parser' depends on deprecated target '@@score_baselibs+//score/memory:split_string_view': This target is deprecated. Use @score_baselibs//score/string_manipulation:split_string_view instead.
Analyzing: 29 targets (426 packages loaded, 42925 targets configured)
[10 / 19] checking cached actions
Analyzing: 29 targets (447 packages loaded, 83889 targets configured)
[20 / 78] checking cached actions
INFO: Analyzed 29 targets (447 packages loaded, 83897 targets configured).
[36 / 222] checking cached actions
[1,254 / 1,574] [Prepa] Testing //score/gatewayd:mw_com_config_schema_valid
[1,264 / 1,574] 10 / 29 tests; Testing //tests/tc8_conformance:tc8_someipd_config_test; 0s linux-sandbox
[1,280 / 1,574] 12 / 29 tests; checking cached actions
[1,564 / 1,574] 12 / 29 tests; [Prepa] Testing //tests/tc8_conformance:test_golden_vectors
[1,566 / 1,575] 12 / 29 tests; Testing //tests/tc8_conformance:test_golden_vectors; 1s linux-sandbox ... (2 actions running)
[1,569 / 1,575] 15 / 29 tests; Testing //tests/common:test_capture; 1s linux-sandbox ... (2 actions running)
[1,570 / 1,575] 16 / 29 tests; Testing //tests/common:test_capture; 2s linux-sandbox ... (2 actions running)
[1,570 / 1,575] 17 / 29 tests; Testing //tests/common:test_capture; 5s linux-sandbox ... (2 actions running)
[1,571 / 1,575] 17 / 29 tests; Testing //score/socom/test/stress:socom_stress_test; 4s linux-sandbox ... (2 actions running)
[1,571 / 1,575] 18 / 29 tests; Testing //score/socom/test/stress:socom_stress_test; 5s linux-sandbox ... (2 actions running)
[1,572 / 1,575] 18 / 29 tests; Testing //score/gateway_ipc_binding/test:gateway_ipc_binding_test; 4s linux-sandbox ... (2 actions running)
[1,574 / 1,575] 20 / 29 tests; Testing //:python_requirements.test; 2s local
[1,574 / 1,575] 20 / 29 tests; Testing //:python_requirements.test; 7s local
INFO: Found 29 test targets...
INFO: Elapsed time: 94.230s, Critical Path: 7.64s
INFO: 22 processes: 1575 action cache hit, 35 linux-sandbox, 2 local.
INFO: Build completed successfully, 22 total actions
