$TEST_TMPDIR defined, some defaults will be overridden
OpenJDK 64-Bit Server VM warning: Options -Xverify:none and -noverify were deprecated in JDK 13 and will likely be removed in a future release.
Computing main repo mapping: 
Computing main repo mapping: 
Loading: 
Loading: 2 packages loaded
Analyzing: target //score/socom/test/unit:socom_test (3 packages loaded, 0 targets configured)
Analyzing: target //score/socom/test/unit:socom_test (3 packages loaded, 0 targets configured)

Analyzing: target //score/socom/test/unit:socom_test (139 packages loaded, 134 targets configured)

WARNING: /media/jefferson/11c42dee-73a3-4c2b-ab42-a0440011d9e0/.s-core-build/runs/score-someip84-full-6w80fgob/bazel-output/16df730b0babb9c4a4b46d33742bb204/external/score_baselibs+/score/mw/log/detail/wait_free_stack/BUILD:23:11: in cc_library rule @@score_baselibs+//score/mw/log/detail/wait_free_stack:wait_free_stack: target '@@score_baselibs+//score/mw/log/detail/wait_free_stack:wait_free_stack' depends on deprecated target '@@score_baselibs+//score/memory/shared:atomic_indirector': This target is deprecated. Use @score_baselibs//score/concurrency:atomic_indirector instead.
Analyzing: target //score/socom/test/unit:socom_test (217 packages loaded, 13071 targets configured)

WARNING: /media/jefferson/11c42dee-73a3-4c2b-ab42-a0440011d9e0/.s-core-build/runs/score-someip84-full-6w80fgob/bazel-output/16df730b0babb9c4a4b46d33742bb204/external/score_baselibs+/score/json/internal/model/BUILD:17:11: in cc_library rule @@score_baselibs+//score/json/internal/model:model: target '@@score_baselibs+//score/json/internal/model:model' depends on deprecated target '@@score_baselibs+//score/memory:string_comparison_adaptor': This target is deprecated. Use @score_baselibs//score/string_manipulation:string_comparison_adaptor instead.
WARNING: /media/jefferson/11c42dee-73a3-4c2b-ab42-a0440011d9e0/.s-core-build/runs/score-someip84-full-6w80fgob/bazel-output/16df730b0babb9c4a4b46d33742bb204/external/score_baselibs+/score/mw/log/detail/text_recorder/BUILD:23:11: in cc_library rule @@score_baselibs+//score/mw/log/detail/text_recorder:text_recorder: target '@@score_baselibs+//score/mw/log/detail/text_recorder:text_recorder' depends on deprecated target '@@score_baselibs+//score/os/utils:high_resolution_steady_clock': Deprecated, please use //platform/aas/mw/time/HighPrecisionLocalSteadyClock instead
WARNING: /media/jefferson/11c42dee-73a3-4c2b-ab42-a0440011d9e0/.s-core-build/runs/score-someip84-full-6w80fgob/bazel-output/16df730b0babb9c4a4b46d33742bb204/external/score_baselibs+/score/mw/log/configuration/BUILD:63:11: in cc_library rule @@score_baselibs+//score/mw/log/configuration:configuration_parser: target '@@score_baselibs+//score/mw/log/configuration:configuration_parser' depends on deprecated target '@@score_baselibs+//score/memory:split_string_view': This target is deprecated. Use @score_baselibs//score/string_manipulation:split_string_view instead.
INFO: Analyzed target //score/socom/test/unit:socom_test (219 packages loaded, 16262 targets configured).
[4 / 5] checking cached actions
[112 / 284] [Scann] Compiling score/memory/shared/atomic_indirector.cpp
[115 / 284] Compiling score/mw/log/log_common.cpp; 0s linux-sandbox ... (2 actions, 1 running)
[120 / 284] [Scann] Compiling score/mw/log/configuration/itarget_config_reader.cpp
[124 / 284] [Scann] Compiling score/memory/string_comparison_adaptor.cpp
[127 / 284] Compiling score/mw/log/detail/irecorder_factory.cpp; 0s linux-sandbox ... (2 actions, 1 running)
[131 / 284] Compiling score/mw/log/detail/log_entry.cpp; 0s linux-sandbox ... (2 actions running)
[136 / 284] Compiling score/mw/log/detail/log_record.cpp; 0s linux-sandbox
[140 / 284] Compiling score/mw/log/detail/text_recorder/file_output_backend.cpp; 0s linux-sandbox ... (2 actions running)
[143 / 284] Compiling score/mw/log/detail/text_recorder/slot_drainer.cpp; 0s linux-sandbox ... (2 actions, 1 running)
[147 / 284] Compiling score/mw/log/detail/verbose_payload.cpp; 0s linux-sandbox ... (2 actions, 1 running)
[152 / 284] Compiling score/mw/log/detail/text_recorder/text_message_builder.cpp; 0s linux-sandbox ... (2 actions, 1 running)
[157 / 284] Compiling score/mw/log/detail/text_recorder/text_recorder.cpp; 0s linux-sandbox ... (2 actions, 1 running)
[164 / 284] Compiling score/language/futurecpp/src/jthread.cpp; 0s linux-sandbox ... (2 actions, 1 running)
[167 / 284] Compiling score/mw/log/detail/composite_recorder.cpp; 0s linux-sandbox ... (2 actions running)
[173 / 284] Compiling googlemock/src/gmock_main.cc; 0s linux-sandbox ... (2 actions, 1 running)
[176 / 284] Compiling googlemock/src/gmock-cardinalities.cc; 0s linux-sandbox ... (2 actions, 1 running)
[179 / 284] Compiling googlemock/src/gmock-internal-utils.cc; 0s linux-sandbox ... (2 actions, 1 running)
[184 / 284] Compiling googlemock/src/gmock-matchers.cc; 0s linux-sandbox ... (2 actions, 1 running)
[189 / 284] Compiling googlemock/src/gmock-spec-builders.cc; 0s linux-sandbox ... (2 actions, 1 running)
[192 / 284] Compiling googlemock/src/gmock.cc; 0s linux-sandbox ... (2 actions, 1 running)
[194 / 284] Compiling score/language/safecpp/safe_math/details/absolute/absolute.cpp; 0s linux-sandbox ... (2 actions running)
[198 / 284] Compiling score/language/safecpp/safe_math/details/floating_point_environment.cpp; 0s linux-sandbox ... (2 actions, 1 running)
[202 / 284] Compiling googletest/src/gtest-matchers.cc; 0s linux-sandbox ... (2 actions, 1 running)
[205 / 284] Compiling score/language/safecpp/safe_math/safe_math.cpp; 0s linux-sandbox ... (2 actions, 1 running)
[208 / 284] Compiling score/json/internal/model/number.cpp; 0s linux-sandbox ... (2 actions running)
[212 / 284] Compiling googletest/src/gtest-typed-test.cc; 0s linux-sandbox ... (2 actions, 1 running)
[215 / 284] Compiling googletest/src/gtest.cc; 1s linux-sandbox ... (2 actions, 1 running)
INFO: From Compiling googletest/src/gtest.cc:
In file included from external/googletest+/googletest/src/gtest.cc:33:
In file included from external/googletest+/googletest/include/gtest/gtest.h:55:
In file included from /usr/lib/gcc/x86_64-linux-gnu/12/../../../../include/c++/12/memory:66:
/usr/lib/gcc/x86_64-linux-gnu/12/../../../../include/c++/12/bits/stl_tempbuf.h:263:8: warning: 'get_temporary_buffer<testing::TestInfo *>' is deprecated [-Wdeprecated-declarations]
  263 |                 std::get_temporary_buffer<value_type>(_M_original_len));
      |                      ^
/usr/lib/gcc/x86_64-linux-gnu/12/../../../../include/c++/12/bits/stl_algo.h:4996:15: note: in instantiation of member function 'std::_Temporary_buffer<__gnu_cxx::__normal_iterator<testing::TestInfo **, std::vector<testing::TestInfo *>>, testing::TestInfo *>::_Temporary_buffer' requested here
 4996 |       _TmpBuf __buf(__first, (__last - __first + 1) / 2);
      |               ^
/usr/lib/gcc/x86_64-linux-gnu/12/../../../../include/c++/12/bits/stl_algo.h:5070:23: note: in instantiation of function template specialization 'std::__stable_sort<__gnu_cxx::__normal_iterator<testing::TestInfo **, std::vector<testing::TestInfo *>>, __gnu_cxx::__ops::_Iter_comp_iter<(lambda at external/googletest+/googletest/src/gtest.cc:3069:20)>>' requested here
 5070 |       _GLIBCXX_STD_A::__stable_sort(__first, __last,
      |                       ^
external/googletest+/googletest/src/gtest.cc:3068:8: note: in instantiation of function template specialization 'std::stable_sort<__gnu_cxx::__normal_iterator<testing::TestInfo **, std::vector<testing::TestInfo *>>, (lambda at external/googletest+/googletest/src/gtest.cc:3069:20)>' requested here
 3068 |   std::stable_sort(test_info_list_.begin(), test_info_list_.end(),
      |        ^
/usr/lib/gcc/x86_64-linux-gnu/12/../../../../include/c++/12/bits/stl_tempbuf.h:99:5: note: 'get_temporary_buffer<testing::TestInfo *>' has been explicitly marked deprecated here
   99 |     _GLIBCXX17_DEPRECATED
      |     ^
/usr/lib/gcc/x86_64-linux-gnu/12/../../../../include/x86_64-linux-gnu/c++/12/bits/c++config.h:119:34: note: expanded from macro '_GLIBCXX17_DEPRECATED'
  119 | # define _GLIBCXX17_DEPRECATED [[__deprecated__]]
      |                                  ^
1 warning generated.
[218 / 284] Compiling score/scope_exit/scope_exit.cpp; 0s linux-sandbox ... (2 actions, 1 running)
[222 / 284] Compiling score/filesystem/error.cpp; 0s linux-sandbox ... (2 actions, 1 running)
[224 / 284] Compiling score/mw/log/detail/console_registrant.cpp; 0s linux-sandbox ... (2 actions, 1 running)
[226 / 284] Compiling score/mw/log/detail/registry_aware_recorder_factory.cpp; 1s linux-sandbox ... (2 actions running)
[229 / 284] Compiling score/filesystem/filestream/file_factory.cpp; 0s linux-sandbox ... (2 actions, 1 running)
[230 / 284] Compiling score/mw/log/configuration/target_config_reader.cpp; 1s linux-sandbox ... (2 actions running)
[232 / 284] Compiling score/mw/log/configuration/target_config_reader.cpp; 2s linux-sandbox ... (2 actions, 1 running)
[234 / 284] Compiling score/json/json_parser.cpp; 1s linux-sandbox ... (2 actions, 1 running)
[236 / 284] Compiling score/json/internal/parser/nlohmann/nlohmann_parser.cpp; 1s linux-sandbox ... (2 actions running)
[238 / 284] Compiling score/json/internal/parser/nlohmann/nlohmann_parser.cpp; 2s linux-sandbox ... (2 actions, 1 running)
[240 / 284] Compiling score/json/internal/parser/nlohmann/json_builder.cpp; 0s linux-sandbox ... (2 actions, 1 running)
[241 / 284] Compiling score/json/internal/parser/nlohmann/json_builder.cpp; 2s linux-sandbox ... (2 actions running)
[245 / 284] Compiling score/socom/impl/service_interface_definition.cpp; 0s linux-sandbox ... (2 actions, 1 running)
[248 / 284] Compiling score/socom/impl/runtime_impl.cpp; 0s linux-sandbox ... (2 actions, 1 running)
[250 / 284] Compiling score/socom/impl/method.cpp; 0s linux-sandbox ... (2 actions running)
[253 / 284] Compiling score/socom/test/unit/client_tests.cpp; 0s linux-sandbox ... (2 actions running)
[254 / 284] Compiling score/socom/test/unit/client_tests.cpp; 2s linux-sandbox ... (2 actions, 1 running)
[255 / 284] Compiling score/socom/test/framework/src/temporary_event_subscription.cpp; 1s linux-sandbox ... (2 actions, 1 running)
[256 / 284] Compiling score/socom/test/unit/connection_tests.cpp; 1s linux-sandbox ... (2 actions running)
[257 / 284] Compiling score/socom/test/framework/src/socom_mocks.cpp; 1s linux-sandbox ... (2 actions running)
[260 / 284] Compiling score/socom/test/unit/event_tests.cpp; 0s linux-sandbox ... (2 actions, 1 running)
[261 / 284] Compiling score/socom/test/framework/src/server_t.cpp; 1s linux-sandbox ... (2 actions, 1 running)
[262 / 284] Compiling score/socom/test/framework/src/server_t.cpp; 2s linux-sandbox ... (2 actions, 1 running)
[264 / 284] Compiling score/socom/test/framework/src/multi_threaded_test_template.cpp; 0s linux-sandbox
[265 / 284] Compiling score/socom/test/unit/interface_compatibility_tests.cpp; 1s linux-sandbox ... (2 actions, 1 running)
[266 / 284] Compiling score/socom/test/framework/src/connector_factory.cpp; 1s linux-sandbox ... (2 actions running)
[267 / 284] Compiling score/socom/test/unit/method_call_tests.cpp; 1s linux-sandbox ... (2 actions running)
[268 / 284] Compiling score/socom/test/framework/src/clients_t.cpp; 2s linux-sandbox ... (2 actions running)
[270 / 284] Compiling score/socom/test/framework/src/bridge_t.cpp; 1s linux-sandbox ... (2 actions, 1 running)
[272 / 284] Compiling score/socom/test/unit/string_registry_tests.cpp; 0s linux-sandbox ... (2 actions, 1 running)
[273 / 284] Compiling score/socom/test/unit/multi_connection_tests.cpp; 1s linux-sandbox ... (2 actions running)
[275 / 284] Compiling score/socom/test/unit/multiple_runtimes_tests.cpp; 0s linux-sandbox ... (2 actions, 1 running)
[275 / 284] Compiling score/socom/test/unit/multiple_runtimes_tests.cpp; 2s linux-sandbox ... (2 actions running)
[277 / 284] Compiling score/socom/test/unit/payload_tests.cpp; 0s linux-sandbox ... (2 actions running)
[278 / 284] Compiling score/socom/test/unit/payload_tests.cpp; 3s linux-sandbox ... (2 actions, 1 running)
[279 / 284] Compiling score/socom/test/unit/service_discovery_tests.cpp; 1s linux-sandbox ... (2 actions running)
[280 / 284] Compiling score/socom/test/unit/service_discovery_tests.cpp; 3s linux-sandbox ... (2 actions running)
[281 / 284] Compiling score/socom/test/unit/runtime_tests.cpp; 3s linux-sandbox ... (2 actions running)
[283 / 284] Linking score/socom/test/unit/socom_test; 0s linux-sandbox
[284 / 285] 1 / 1 tests; Testing //score/socom/test/unit:socom_test; 1s linux-sandbox
INFO: Found 1 test target...
Target //score/socom/test/unit:socom_test up-to-date:
  bazel-bin/score/socom/test/unit/socom_test
INFO: Elapsed time: 96.660s, Critical Path: 6.23s
INFO: 174 processes: 111 action cache hit, 1 internal, 173 linux-sandbox.
INFO: Build completed successfully, 174 total actions
