$TEST_TMPDIR defined, some defaults will be overridden
Extracting Bazel installation...
OpenJDK 64-Bit Server VM warning: Options -Xverify:none and -noverify were deprecated in JDK 13 and will likely be removed in a future release.
Computing main repo mapping: 
Computing main repo mapping: 
Computing main repo mapping: 
Computing main repo mapping: 
Computing main repo mapping: 
Computing main repo mapping: 
Computing main repo mapping: 
Computing main repo mapping: 
Computing main repo mapping: 
Computing main repo mapping: 
Computing main repo mapping: 
Computing main repo mapping: 
Computing main repo mapping: 
Computing main repo mapping: 
Computing main repo mapping: 
Computing main repo mapping: 
Computing main repo mapping: 
Computing main repo mapping: 
Computing main repo mapping: 
Computing main repo mapping: 
Computing main repo mapping: 
Computing main repo mapping: 
Computing main repo mapping: 
Computing main repo mapping: 
Computing main repo mapping: 
Computing main repo mapping: 
Computing main repo mapping: 
Computing main repo mapping: 
Computing main repo mapping: 
Computing main repo mapping: 
Computing main repo mapping: 
Computing main repo mapping: 
Computing main repo mapping: 
Computing main repo mapping: 
Loading: 
Loading: 2 packages loaded
Analyzing: target //score/socom/test/unit:socom_test (3 packages loaded)
Analyzing: target //score/socom/test/unit:socom_test (3 packages loaded, 0 targets configured)
Analyzing: target //score/socom/test/unit:socom_test (3 packages loaded, 0 targets configured)

Analyzing: target //score/socom/test/unit:socom_test (18 packages loaded, 8 targets configured)

Analyzing: target //score/socom/test/unit:socom_test (86 packages loaded, 8 targets configured)

Analyzing: target //score/socom/test/unit:socom_test (95 packages loaded, 8 targets configured)

Analyzing: target //score/socom/test/unit:socom_test (155 packages loaded, 1029 targets configured)

Analyzing: target //score/socom/test/unit:socom_test (216 packages loaded, 3971 targets configured)

Analyzing: target //score/socom/test/unit:socom_test (216 packages loaded, 3972 targets configured)

Analyzing: target //score/socom/test/unit:socom_test (216 packages loaded, 3972 targets configured)

Analyzing: target //score/socom/test/unit:socom_test (217 packages loaded, 6680 targets configured)

WARNING: /media/jefferson/11c42dee-73a3-4c2b-ab42-a0440011d9e0/.s-core-build/runs/score-someip84-full-6w80fgob/bazel-output/16df730b0babb9c4a4b46d33742bb204/external/score_baselibs+/score/mw/log/detail/wait_free_stack/BUILD:23:11: in cc_library rule @@score_baselibs+//score/mw/log/detail/wait_free_stack:wait_free_stack: target '@@score_baselibs+//score/mw/log/detail/wait_free_stack:wait_free_stack' depends on deprecated target '@@score_baselibs+//score/memory/shared:atomic_indirector': This target is deprecated. Use @score_baselibs//score/concurrency:atomic_indirector instead.
WARNING: /media/jefferson/11c42dee-73a3-4c2b-ab42-a0440011d9e0/.s-core-build/runs/score-someip84-full-6w80fgob/bazel-output/16df730b0babb9c4a4b46d33742bb204/external/score_baselibs+/score/json/internal/model/BUILD:17:11: in cc_library rule @@score_baselibs+//score/json/internal/model:model: target '@@score_baselibs+//score/json/internal/model:model' depends on deprecated target '@@score_baselibs+//score/memory:string_comparison_adaptor': This target is deprecated. Use @score_baselibs//score/string_manipulation:string_comparison_adaptor instead.
WARNING: /media/jefferson/11c42dee-73a3-4c2b-ab42-a0440011d9e0/.s-core-build/runs/score-someip84-full-6w80fgob/bazel-output/16df730b0babb9c4a4b46d33742bb204/external/score_baselibs+/score/mw/log/detail/text_recorder/BUILD:23:11: in cc_library rule @@score_baselibs+//score/mw/log/detail/text_recorder:text_recorder: target '@@score_baselibs+//score/mw/log/detail/text_recorder:text_recorder' depends on deprecated target '@@score_baselibs+//score/os/utils:high_resolution_steady_clock': Deprecated, please use //platform/aas/mw/time/HighPrecisionLocalSteadyClock instead
WARNING: /media/jefferson/11c42dee-73a3-4c2b-ab42-a0440011d9e0/.s-core-build/runs/score-someip84-full-6w80fgob/bazel-output/16df730b0babb9c4a4b46d33742bb204/external/score_baselibs+/score/mw/log/configuration/BUILD:63:11: in cc_library rule @@score_baselibs+//score/mw/log/configuration:configuration_parser: target '@@score_baselibs+//score/mw/log/configuration:configuration_parser' depends on deprecated target '@@score_baselibs+//score/memory:split_string_view': This target is deprecated. Use @score_baselibs//score/string_manipulation:split_string_view instead.
Analyzing: target //score/socom/test/unit:socom_test (217 packages loaded, 13135 targets configured)

INFO: Analyzed target //score/socom/test/unit:socom_test (219 packages loaded, 16262 targets configured).
[1 / 1] no actions running
[4 / 5] checking cached actions
[4 / 178] [Prepa] Writing script external/googletest+/gtest.cppmap
[109 / 284] [Prepa] Expanding template external/toolchains_llvm++llvm+llvm_toolchain/module-x86_64-linux.modulemap
[111 / 284] checking cached actions
[111 / 284] [Prepa] Symlinking virtual headers for @score_baselibs//score/static_reflection_with_serialization/visitor:visitor
[112 / 284] checking cached actions
[112 / 284] [Sched] Compiling score/mw/log/detail/irecorder_factory.cpp ... (2 actions, 0 running)
[112 / 284] Compiling score/concurrency/atomic_indirector.cpp; 0s linux-sandbox ... (2 actions running)
[114 / 284] Compiling score/mw/log/detail/irecorder_factory.cpp; 1s linux-sandbox
[116 / 284] Compiling score/memory/string_comparison_adaptor.cpp; 0s linux-sandbox ... (2 actions running)
[118 / 284] Compiling score/string_manipulation/string_comparison_adaptor.cpp; 0s linux-sandbox
[121 / 284] Compiling score/language/safecpp/safe_math/safe_math.cpp; 0s linux-sandbox ... (2 actions, 1 running)
[123 / 284] Compiling score/mw/log/log_stream_error.cpp; 0s linux-sandbox ... (2 actions running)
[126 / 284] Compiling score/language/safecpp/safe_math/details/division/division.cpp; 0s linux-sandbox ... (2 actions, 1 running)
[128 / 284] Compiling score/language/safecpp/safe_math/details/multiplication/multiplication.cpp; 0s linux-sandbox ... (2 actions, 1 running)
[129 / 284] Compiling score/mw/log/backend_table.cpp; 1s linux-sandbox ... (2 actions running)
[130 / 284] Compiling score/language/safecpp/safe_math/details/floating_point_environment.cpp; 1s linux-sandbox ... (2 actions running)
[132 / 284] Compiling score/language/safecpp/safe_math/details/negate/negate.cpp; 0s linux-sandbox ... (2 actions running)
[135 / 284] Compiling score/language/safecpp/safe_math/details/absolute/absolute.cpp; 0s linux-sandbox ... (2 actions, 1 running)
[137 / 284] Compiling score/language/safecpp/safe_math/details/cast/cast.cpp; 0s linux-sandbox ... (2 actions, 1 running)
[139 / 284] Compiling score/language/safecpp/safe_math/return_mode.cpp; 0s linux-sandbox ... (2 actions, 1 running)
[141 / 284] Compiling score/mw/log/detail/text_recorder/text_format.cpp; 1s linux-sandbox ... (2 actions, 1 running)
[144 / 284] Compiling score/mw/log/detail/text_recorder/slot_drainer.cpp; 0s linux-sandbox ... (2 actions, 1 running)
[146 / 284] Compiling score/mw/log/detail/backend.cpp; 0s linux-sandbox ... (2 actions running)
[150 / 284] Compiling score/mw/log/detail/log_record.cpp; 0s linux-sandbox ... (2 actions, 1 running)
[154 / 284] Compiling score/mw/log/detail/verbose_payload.cpp; 0s linux-sandbox ... (2 actions, 1 running)
[157 / 284] Compiling score/os/stdlib_impl.cpp; 0s linux-sandbox ... (2 actions, 1 running)
[158 / 284] Compiling score/mw/log/detail/text_recorder/file_output_backend.cpp; 1s linux-sandbox ... (2 actions, 1 running)
[160 / 284] Compiling score/mw/log/detail/text_recorder/text_message_builder.cpp; 0s linux-sandbox ... (2 actions, 1 running)
[161 / 284] Compiling score/os/unistd.cpp; 1s linux-sandbox ... (2 actions running)
[165 / 284] Compiling score/mw/log/detail/text_recorder/console_recorder_factory.cpp; 0s linux-sandbox ... (2 actions, 1 running)
[167 / 284] Compiling score/mw/log/detail/initialization_reporter.cpp; 0s linux-sandbox ... (2 actions, 1 running)
[169 / 284] Compiling score/mw/log/detail/composite_recorder.cpp; 0s linux-sandbox ... (2 actions, 1 running)
[171 / 284] Compiling score/os/utils/path.cpp; 0s linux-sandbox ... (2 actions, 1 running)
[173 / 284] Compiling score/os/stat_impl.cpp; 0s linux-sandbox ... (2 actions, 1 running)
[174 / 284] Compiling score/os/libgen.cpp; 0s linux-sandbox ... (2 actions running)
[179 / 284] Compiling score/json/i_json_parser.cpp; 0s linux-sandbox ... (2 actions, 1 running)
[183 / 284] Compiling score/json/internal/writer/json_serialize/json_serialize.cpp; 0s linux-sandbox ... (2 actions, 1 running)
[186 / 284] Compiling score/json/internal/model/any.cpp; 0s linux-sandbox ... (2 actions running)
[190 / 284] Compiling score/json/internal/model/error.cpp; 0s linux-sandbox ... (2 actions running)
[192 / 284] Compiling score/json/internal/model/lossless_cast.cpp; 0s linux-sandbox ... (2 actions, 1 running)
[194 / 284] Compiling score/language/futurecpp/src/stop_token.cpp; 0s linux-sandbox ... (2 actions, 1 running)
[197 / 284] Compiling score/json/internal/model/number.cpp; 1s linux-sandbox ... (2 actions, 1 running)
[200 / 284] Compiling googlemock/src/gmock_main.cc; 0s linux-sandbox ... (2 actions, 1 running)
[202 / 284] Compiling googlemock/src/gmock_main.cc; 2s linux-sandbox ... (2 actions, 1 running)
[203 / 284] Compiling score/filesystem/file_status.cpp; 0s linux-sandbox ... (2 actions running)
[206 / 284] Compiling googlemock/src/gmock-internal-utils.cc; 0s linux-sandbox ... (2 actions, 1 running)
[207 / 284] Compiling googlemock/src/gmock-internal-utils.cc; 1s linux-sandbox ... (2 actions, 1 running)
[208 / 284] Compiling score/json/i_json_writer.cpp; 1s linux-sandbox ... (2 actions running)
[209 / 284] Compiling googlemock/src/gmock-matchers.cc; 1s linux-sandbox ... (2 actions running)
[211 / 284] Compiling googlemock/src/gmock-spec-builders.cc; 0s linux-sandbox ... (2 actions running)
[212 / 284] Compiling googlemock/src/gmock-spec-builders.cc; 2s linux-sandbox ... (2 actions, 1 running)
[214 / 284] Compiling googlemock/src/gmock.cc; 0s linux-sandbox ... (2 actions, 1 running)
[215 / 284] Compiling googlemock/src/gmock.cc; 1s linux-sandbox
[216 / 284] Compiling score/json/json_writer.cpp; 0s linux-sandbox ... (2 actions running)
[217 / 284] Compiling score/json/json_writer.cpp; 2s linux-sandbox ... (2 actions, 1 running)
[218 / 284] Compiling googletest/src/gtest-death-test.cc; 1s linux-sandbox ... (2 actions running)
[220 / 284] Compiling score/mw/log/detail/registry_aware_recorder_factory.cpp; 0s linux-sandbox
[221 / 284] Compiling score/mw/log/detail/registry_aware_recorder_factory.cpp; 1s linux-sandbox ... (2 actions, 1 running)
[222 / 284] Compiling googletest/src/gtest-matchers.cc; 1s linux-sandbox ... (2 actions running)
[224 / 284] Compiling googletest/src/gtest-port.cc; 1s linux-sandbox ... (2 actions running)
[225 / 284] Compiling score/mw/log/configuration/target_config_reader.cpp; 2s linux-sandbox ... (2 actions running)
[226 / 284] Compiling googletest/src/gtest-printers.cc; 1s linux-sandbox ... (2 actions running)
[227 / 284] Compiling score/json/json_parser.cpp; 1s linux-sandbox
[228 / 284] Compiling googletest/src/gtest-test-part.cc; 1s linux-sandbox ... (2 actions running)
[229 / 284] Compiling score/json/internal/parser/nlohmann/nlohmann_parser.cpp; 3s linux-sandbox ... (2 actions running)
[230 / 284] Compiling score/json/internal/parser/nlohmann/nlohmann_parser.cpp; 4s linux-sandbox ... (2 actions, 1 running)
[231 / 284] Compiling googletest/src/gtest.cc; 1s linux-sandbox ... (2 actions running)
INFO: From Compiling googletest/src/gtest.cc:
In file included from external/googletest+/googletest/src/gtest.cc:33:
In file included from external/googletest+/googletest/include/gtest/gtest.h:55:
In file included from /usr/lib/gcc/x86_64-linux-gnu/12/../../../../include/c++/12/memory:66:
/usr/lib/gcc/x86_64-linux-gnu/12/../../../../include/c++/12/bits/stl_tempbuf.h:263:8: warning: 'get_temporary_buffer<testing::TestInfo *>' is deprecated [-Wdeprecated-declarations]
  263 |                 std::get_temporary_buffer<value_type>(_M_original_len));
      |                      ^
/usr/lib/gcc/x86_64-linux-gnu/12/../../../../include/c++/12/bits/stl_algo.h:4996:15: note: in instantiation of member function 'std::_Temporary_buffer<__gnu_cxx::__normal_iterator<testing::TestInfo **, std::vector<testing::TestInfo *>>, testing::TestInfo *>::_Temporary_buffer' requested here
 4996 |       _TmpBuf __buf(__first, (__last - __first + 1) / 2);
      |               ^
/usr/lib/gcc/x86_64-linux-gnu/12/../../../../include/c++/12/bits/stl_algo.h:5070:23: note: in instantiation of function template specialization 'std::__stable_sort<__gnu_cxx::__normal_iterator<testing::TestInfo **, std::vector<testing::TestInfo *>>, __gnu_cxx::__ops::_Iter_comp_iter<(lambda at external/googletest+/googletest/src/gtest.cc:3069:20)>>' requested here
 5070 |       _GLIBCXX_STD_A::__stable_sort(__first, __last,
      |                       ^
external/googletest+/googletest/src/gtest.cc:3068:8: note: in instantiation of function template specialization 'std::stable_sort<__gnu_cxx::__normal_iterator<testing::TestInfo **, std::vector<testing::TestInfo *>>, (lambda at external/googletest+/googletest/src/gtest.cc:3069:20)>' requested here
 3068 |   std::stable_sort(test_info_list_.begin(), test_info_list_.end(),
      |        ^
/usr/lib/gcc/x86_64-linux-gnu/12/../../../../include/c++/12/bits/stl_tempbuf.h:99:5: note: 'get_temporary_buffer<testing::TestInfo *>' has been explicitly marked deprecated here
   99 |     _GLIBCXX17_DEPRECATED
      |     ^
/usr/lib/gcc/x86_64-linux-gnu/12/../../../../include/x86_64-linux-gnu/c++/12/bits/c++config.h:119:34: note: expanded from macro '_GLIBCXX17_DEPRECATED'
  119 | # define _GLIBCXX17_DEPRECATED [[__deprecated__]]
      |                                  ^
1 warning generated.
[232 / 284] Compiling score/json/internal/parser/nlohmann/json_builder.cpp; 5s linux-sandbox ... (2 actions, 1 running)
[234 / 284] Compiling score/memory/shared/atomic_indirector.cpp; 0s linux-sandbox ... (2 actions, 1 running)
[235 / 284] Compiling score/mw/log/log_stream.cpp; 1s linux-sandbox ... (2 actions running)
[236 / 284] Compiling score/socom/impl/client_connector_impl.cpp; 2s linux-sandbox ... (2 actions running)
[237 / 284] Compiling score/socom/impl/client_connector_impl.cpp; 4s linux-sandbox ... (2 actions, 1 running)
[238 / 284] Compiling score/socom/impl/service_interface_definition.cpp; 1s linux-sandbox ... (2 actions running)
[239 / 284] Compiling score/socom/impl/service_interface_definition.cpp; 2s linux-sandbox ... (2 actions running)
[240 / 284] Compiling score/socom/impl/runtime.cpp; 2s linux-sandbox ... (2 actions running)
[241 / 284] Compiling score/socom/impl/runtime.cpp; 3s linux-sandbox ... (2 actions, 1 running)
[243 / 284] Compiling score/socom/impl/runtime_impl.cpp; 0s linux-sandbox ... (2 actions, 1 running)
[243 / 284] Compiling score/socom/impl/runtime_impl.cpp; 2s linux-sandbox ... (2 actions running)
[244 / 284] Compiling score/socom/test/unit/client_tests.cpp; 2s linux-sandbox ... (2 actions, 1 running)
[244 / 284] Compiling score/socom/test/unit/client_tests.cpp; 4s linux-sandbox ... (2 actions running)
[245 / 284] Compiling score/socom/test/unit/client_tests.cpp; 5s linux-sandbox ... (2 actions, 1 running)
[246 / 284] Compiling score/socom/test/unit/client_tests.cpp; 7s linux-sandbox ... (2 actions, 1 running)
[247 / 284] Compiling score/socom/impl/string_registry.cpp; 1s linux-sandbox ... (2 actions, 1 running)
[248 / 284] Compiling score/socom/test/unit/connection_tests.cpp; 1s linux-sandbox ... (2 actions running)
[249 / 284] Compiling score/socom/test/unit/connection_tests.cpp; 2s linux-sandbox ... (2 actions, 1 running)
[249 / 284] Compiling score/socom/test/unit/connection_tests.cpp; 4s linux-sandbox ... (2 actions running)
[251 / 284] [Scann] Compiling score/socom/test/unit/error_tests.cpp ... (2 actions, 0 running)
[252 / 284] Compiling score/socom/test/unit/error_tests.cpp; 1s linux-sandbox ... (2 actions, 1 running)
[254 / 284] [Scann] Compiling score/socom/test/unit/event_tests.cpp
[254 / 284] Compiling score/socom/test/unit/event_tests.cpp; 1s linux-sandbox ... (2 actions running)
[255 / 284] Compiling score/socom/test/unit/event_tests.cpp; 3s linux-sandbox ... (2 actions running)
[256 / 284] Compiling score/socom/test/framework/src/utilities.cpp; 3s linux-sandbox ... (2 actions, 1 running)
[256 / 284] Compiling score/socom/test/framework/src/utilities.cpp; 4s linux-sandbox ... (2 actions running)
[258 / 284] Compiling score/socom/test/framework/src/vector_payload.cpp; 0s linux-sandbox ... (2 actions running)
[259 / 284] Compiling score/socom/test/unit/identity_tests.cpp; 1s linux-sandbox ... (2 actions running)
[260 / 284] Compiling score/socom/test/framework/src/temporary_event_subscription.cpp; 2s linux-sandbox ... (2 actions running)
[261 / 284] Compiling score/socom/test/unit/interface_compatibility_tests.cpp; 3s linux-sandbox ... (2 actions, 1 running)
[262 / 284] Compiling score/socom/test/framework/src/socom_mocks.cpp; 1s linux-sandbox ... (2 actions running)
[263 / 284] Compiling score/socom/test/unit/method_call_tests.cpp; 3s linux-sandbox ... (2 actions, 1 running)
[263 / 284] Compiling score/socom/test/unit/method_call_tests.cpp; 4s linux-sandbox ... (2 actions running)
[264 / 284] Compiling score/socom/test/framework/src/single_connection_test_fixture.cpp; 2s linux-sandbox ... (2 actions, 1 running)
[265 / 284] Compiling score/socom/test/unit/mock_tests.cpp; 1s linux-sandbox ... (2 actions, 1 running)
[265 / 284] Compiling score/socom/test/unit/mock_tests.cpp; 2s linux-sandbox ... (2 actions running)
[266 / 284] Compiling score/socom/test/framework/src/server_t.cpp; 6s linux-sandbox ... (2 actions, 1 running)
[267 / 284] Compiling score/socom/test/unit/move_only_function_mock.cpp; 1s linux-sandbox ... (2 actions running)
[268 / 284] Compiling score/socom/test/framework/src/multi_threaded_test_template.cpp; 4s linux-sandbox ... (2 actions, 1 running)
[268 / 284] Compiling score/socom/test/framework/src/multi_threaded_test_template.cpp; 5s linux-sandbox ... (2 actions running)
[269 / 284] Compiling score/socom/test/unit/multi_connection_tests.cpp; 2s linux-sandbox ... (2 actions running)
[271 / 284] checking cached actions
[271 / 284] Compiling score/socom/test/unit/multiple_runtimes_tests.cpp; 1s linux-sandbox ... (2 actions running)
[272 / 284] Compiling score/socom/test/framework/src/clients_t.cpp; 3s linux-sandbox ... (2 actions running)
[273 / 284] Compiling score/socom/test/unit/payload_tests.cpp; 2s linux-sandbox ... (2 actions running)
[275 / 284] [Scann] Compiling score/socom/test/unit/registry_string_view_tests.cpp
[275 / 284] Compiling score/socom/test/unit/registry_string_view_tests.cpp; 1s linux-sandbox ... (2 actions running)
[276 / 284] Compiling score/socom/test/unit/registry_string_view_tests.cpp; 2s linux-sandbox ... (2 actions, 1 running)
[277 / 284] Compiling score/socom/test/unit/smoke_test.cpp; 1s linux-sandbox ... (2 actions running)
[278 / 284] Compiling score/socom/test/unit/runtime_tests.cpp; 5s linux-sandbox ... (2 actions, 1 running)
[278 / 284] Compiling score/socom/test/unit/runtime_tests.cpp; 6s linux-sandbox ... (2 actions running)
[279 / 284] Compiling score/socom/test/unit/service_interface_identifier_tests.cpp; 2s linux-sandbox ... (2 actions running)
[280 / 284] Compiling score/socom/test/unit/server_tests.cpp; 1s linux-sandbox ... (2 actions running)
[281 / 284] Compiling score/socom/test/unit/server_tests.cpp; 5s linux-sandbox ... (2 actions, 1 running)
[282 / 284] Compiling score/socom/test/unit/service_discovery_tests.cpp; 1s linux-sandbox
[283 / 284] [Prepa] Linking score/socom/test/unit/socom_test
[283 / 284] Linking score/socom/test/unit/socom_test; 0s linux-sandbox
[284 / 285] Testing //score/socom/test/unit:socom_test; 1s linux-sandbox
[284 / 285] 1 / 1 tests; Testing //score/socom/test/unit:socom_test; 5s linux-sandbox
INFO: Found 1 test target...
Target //score/socom/test/unit:socom_test up-to-date:
  bazel-bin/score/socom/test/unit/socom_test
INFO: Elapsed time: 1088.308s, Critical Path: 15.70s
INFO: 285 processes: 112 internal, 173 linux-sandbox.
INFO: Build completed successfully, 285 total actions
