$TEST_TMPDIR defined, some defaults will be overridden
OpenJDK 64-Bit Server VM warning: Options -Xverify:none and -noverify were deprecated in JDK 13 and will likely be removed in a future release.
Computing main repo mapping: 
Computing main repo mapping: 
Computing main repo mapping: 
Loading: 
Loading: 3 packages loaded
Analyzing: 31 targets (8 packages loaded, 0 targets configured)
Analyzing: 31 targets (8 packages loaded, 0 targets configured)

Analyzing: 31 targets (172 packages loaded, 2515 targets configured)
[1 / 1] no actions running
Analyzing: 31 targets (255 packages loaded, 9142 targets configured)
[1 / 1] no actions running
Analyzing: 31 targets (306 packages loaded, 27462 targets configured)
[1 / 1] no actions running
WARNING: /media/jefferson/11c42dee-73a3-4c2b-ab42-a0440011d9e0/.s-core-build/runs/score-someip84-full-6w80fgob/bazel-output/16df730b0babb9c4a4b46d33742bb204/external/score_baselibs+/score/mw/log/detail/wait_free_stack/BUILD:23:11: in cc_library rule @@score_baselibs+//score/mw/log/detail/wait_free_stack:wait_free_stack: target '@@score_baselibs+//score/mw/log/detail/wait_free_stack:wait_free_stack' depends on deprecated target '@@score_baselibs+//score/memory/shared:atomic_indirector': This target is deprecated. Use @score_baselibs//score/concurrency:atomic_indirector instead.
WARNING: /media/jefferson/11c42dee-73a3-4c2b-ab42-a0440011d9e0/.s-core-build/runs/score-someip84-full-6w80fgob/bazel-output/16df730b0babb9c4a4b46d33742bb204/external/score_baselibs+/score/json/internal/model/BUILD:17:11: in cc_library rule @@score_baselibs+//score/json/internal/model:model: target '@@score_baselibs+//score/json/internal/model:model' depends on deprecated target '@@score_baselibs+//score/memory:string_comparison_adaptor': This target is deprecated. Use @score_baselibs//score/string_manipulation:string_comparison_adaptor instead.
WARNING: /media/jefferson/11c42dee-73a3-4c2b-ab42-a0440011d9e0/.s-core-build/runs/score-someip84-full-6w80fgob/bazel-output/16df730b0babb9c4a4b46d33742bb204/external/score_baselibs+/score/mw/log/detail/text_recorder/BUILD:23:11: in cc_library rule @@score_baselibs+//score/mw/log/detail/text_recorder:text_recorder: target '@@score_baselibs+//score/mw/log/detail/text_recorder:text_recorder' depends on deprecated target '@@score_baselibs+//score/os/utils:high_resolution_steady_clock': Deprecated, please use //platform/aas/mw/time/HighPrecisionLocalSteadyClock instead
WARNING: /media/jefferson/11c42dee-73a3-4c2b-ab42-a0440011d9e0/.s-core-build/runs/score-someip84-full-6w80fgob/bazel-output/16df730b0babb9c4a4b46d33742bb204/external/score_baselibs+/score/mw/log/configuration/BUILD:63:11: in cc_library rule @@score_baselibs+//score/mw/log/configuration:configuration_parser: target '@@score_baselibs+//score/mw/log/configuration:configuration_parser' depends on deprecated target '@@score_baselibs+//score/memory:split_string_view': This target is deprecated. Use @score_baselibs//score/string_manipulation:split_string_view instead.
Analyzing: 31 targets (323 packages loaded, 31405 targets configured)
[16 / 194] checking cached actions
Analyzing: 31 targets (323 packages loaded, 70423 targets configured)
[151 / 402] checking cached actions
Analyzing: 31 targets (323 packages loaded, 70440 targets configured)
[180 / 733] checking cached actions
Analyzing: 31 targets (324 packages loaded, 70448 targets configured)
[182 / 733] checking cached actions
Analyzing: 31 targets (324 packages loaded, 70448 targets configured)
[182 / 733] checking cached actions
Analyzing: 31 targets (324 packages loaded, 70448 targets configured)
[488 / 1,385] checking cached actions
Analyzing: 31 targets (324 packages loaded, 70448 targets configured)
[512 / 1,411] checking cached actions
Analyzing: 31 targets (324 packages loaded, 70448 targets configured)
[512 / 1,411] checking cached actions
Analyzing: 31 targets (324 packages loaded, 70448 targets configured)
[512 / 1,411] checking cached actions
Analyzing: 31 targets (324 packages loaded, 70448 targets configured)
[536 / 1,411] checking cached actions
Analyzing: 31 targets (324 packages loaded, 70448 targets configured)
[536 / 1,411] checking cached actions
Analyzing: 31 targets (324 packages loaded, 70448 targets configured)
[536 / 1,411] checking cached actions
Analyzing: 31 targets (324 packages loaded, 70448 targets configured)
[555 / 1,434] checking cached actions
Analyzing: 31 targets (324 packages loaded, 70448 targets configured)
[555 / 1,434] checking cached actions
Analyzing: 31 targets (324 packages loaded, 70448 targets configured)
[555 / 1,434] checking cached actions
Analyzing: 31 targets (324 packages loaded, 70448 targets configured)
[555 / 1,434] checking cached actions
Analyzing: 31 targets (324 packages loaded, 70448 targets configured)
[608 / 1,434] checking cached actions
Analyzing: 31 targets (324 packages loaded, 70448 targets configured)
[608 / 1,434] checking cached actions
Analyzing: 31 targets (324 packages loaded, 70448 targets configured)
[608 / 1,434] checking cached actions
Analyzing: 31 targets (324 packages loaded, 70448 targets configured)
[608 / 1,434] checking cached actions
Analyzing: 31 targets (324 packages loaded, 70448 targets configured)
[608 / 1,434] checking cached actions
Analyzing: 31 targets (324 packages loaded, 70448 targets configured)
[608 / 1,434] checking cached actions
Analyzing: 31 targets (324 packages loaded, 70448 targets configured)
[608 / 1,434] checking cached actions
Analyzing: 31 targets (324 packages loaded, 70448 targets configured)
[608 / 1,434] checking cached actions
Analyzing: 31 targets (324 packages loaded, 70448 targets configured)
[608 / 1,434] checking cached actions
Analyzing: 31 targets (324 packages loaded, 70448 targets configured)
[608 / 1,434] checking cached actions
Analyzing: 31 targets (324 packages loaded, 70448 targets configured)
[608 / 1,434] checking cached actions
Analyzing: 31 targets (324 packages loaded, 70448 targets configured)
[608 / 1,434] checking cached actions
Analyzing: 31 targets (324 packages loaded, 70448 targets configured)
[608 / 1,434] checking cached actions
Analyzing: 31 targets (324 packages loaded, 70448 targets configured)
[608 / 1,434] checking cached actions
Analyzing: 31 targets (324 packages loaded, 70448 targets configured)
[608 / 1,434] checking cached actions
Analyzing: 31 targets (324 packages loaded, 70448 targets configured)
[608 / 1,434] checking cached actions
Analyzing: 31 targets (324 packages loaded, 70448 targets configured)
[608 / 1,434] checking cached actions
Analyzing: 31 targets (324 packages loaded, 70448 targets configured)
[608 / 1,434] checking cached actions
Analyzing: 31 targets (324 packages loaded, 70448 targets configured)
[608 / 1,434] checking cached actions
Analyzing: 31 targets (324 packages loaded, 70448 targets configured)
[608 / 1,434] checking cached actions
Analyzing: 31 targets (324 packages loaded, 70448 targets configured)
[608 / 1,434] checking cached actions
Analyzing: 31 targets (324 packages loaded, 70448 targets configured)
[608 / 1,434] checking cached actions
Analyzing: 31 targets (324 packages loaded, 70448 targets configured)
[608 / 1,434] checking cached actions
Analyzing: 31 targets (324 packages loaded, 70448 targets configured)
[608 / 1,434] checking cached actions
Analyzing: 31 targets (324 packages loaded, 70448 targets configured)
[608 / 1,434] checking cached actions
Analyzing: 31 targets (324 packages loaded, 70448 targets configured)
[608 / 1,434] checking cached actions
Analyzing: 31 targets (324 packages loaded, 70448 targets configured)
[608 / 1,434] checking cached actions
Analyzing: 31 targets (324 packages loaded, 70448 targets configured)
[608 / 1,434] checking cached actions
Analyzing: 31 targets (324 packages loaded, 70448 targets configured)
[608 / 1,434] checking cached actions
Analyzing: 31 targets (324 packages loaded, 70448 targets configured)
[608 / 1,434] checking cached actions
Analyzing: 31 targets (324 packages loaded, 70448 targets configured)
[608 / 1,434] checking cached actions
Analyzing: 31 targets (324 packages loaded, 70448 targets configured)
[608 / 1,434] checking cached actions
Analyzing: 31 targets (324 packages loaded, 70448 targets configured)
[608 / 1,434] checking cached actions
Analyzing: 31 targets (354 packages loaded, 71037 targets configured)
[608 / 1,434] checking cached actions
Analyzing: 31 targets (354 packages loaded, 71037 targets configured)
[608 / 1,434] checking cached actions
Analyzing: 31 targets (360 packages loaded, 71127 targets configured)
[608 / 1,434] checking cached actions
Analyzing: 31 targets (371 packages loaded, 71660 targets configured)
[608 / 1,434] checking cached actions
Analyzing: 31 targets (377 packages loaded, 71827 targets configured)
[633 / 1,434] checking cached actions
Analyzing: 31 targets (380 packages loaded, 71970 targets configured)
[633 / 1,434] checking cached actions
Analyzing: 31 targets (382 packages loaded, 72024 targets configured)
[633 / 1,434] checking cached actions
INFO: Analyzed 31 targets (382 packages loaded, 72024 targets configured).
[633 / 1,434] checking cached actions
[633 / 1,435] [Prepa] Writing script tests/integration_test/test_tcpdump
[638 / 1,450] checking cached actions
[646 / 1,463] checking cached actions
[646 / 1,464] [Prepa] Writing script tests/integration_test/test_someipd_startup
[665 / 1,486] [Prepa] Writing script tests/integration_test/test_someipd_sends_someip-sd_message
[679 / 1,507] checking cached actions
[727 / 1,507] [Prepa] Creating symlink external/score_itf+/scripts/run_under_qemu
[728 / 1,507] checking cached actions
[788 / 1,507] [Scann] Compiling score/memory/shared/atomic_indirector.cpp
[788 / 1,507] Compiling score/memory/shared/atomic_indirector.cpp; 0s linux-sandbox
[789 / 1,507] Compiling score/concurrency/atomic_indirector.cpp; 0s linux-sandbox
[792 / 1,507] Compiling score/memory/string_comparison_adaptor.cpp; 0s linux-sandbox
[794 / 1,507] [Scann] Compiling score/language/safecpp/string_view/zstring_view.cpp
[796 / 1,507] [Scann] Compiling score/quality/compiler_warnings/warnings.cpp
[799 / 1,507] [Scann] Compiling score/memory/split_string_view.cpp
[803 / 1,507] [Scann] Compiling googlemock/src/gmock_main.cc
[803 / 1,507] Compiling googlemock/src/gmock_main.cc; 1s linux-sandbox
[804 / 1,507] [Prepa] Compiling googlemock/src/gmock-cardinalities.cc
[805 / 1,507] checking cached actions
[806 / 1,507] Compiling googlemock/src/gmock-internal-utils.cc; 0s linux-sandbox
[807 / 1,507] [Scann] Compiling googlemock/src/gmock-matchers.cc
[814 / 1,507] Compiling googletest/src/gtest.cc; 0s linux-sandbox ... (2 actions, 1 running)
[814 / 1,507] Compiling googletest/src/gtest.cc; 2s linux-sandbox ... (2 actions running)
INFO: From Compiling googletest/src/gtest.cc:
In file included from external/googletest+/googletest/src/gtest.cc:33:
In file included from external/googletest+/googletest/include/gtest/gtest.h:55:
In file included from /usr/lib/gcc/x86_64-linux-gnu/12/../../../../include/c++/12/memory:66:
/usr/lib/gcc/x86_64-linux-gnu/12/../../../../include/c++/12/bits/stl_tempbuf.h:263:8: warning: 'get_temporary_buffer<testing::TestInfo *>' is deprecated [-Wdeprecated-declarations]
  263 |                 std::get_temporary_buffer<value_type>(_M_original_len));
      |                      ^
/usr/lib/gcc/x86_64-linux-gnu/12/../../../../include/c++/12/bits/stl_algo.h:4996:15: note: in instantiation of member function 'std::_Temporary_buffer<__gnu_cxx::__normal_iterator<testing::TestInfo **, std::vector<testing::TestInfo *>>, testing::TestInfo *>::_Temporary_buffer' requested here
 4996 |       _TmpBuf __buf(__first, (__last - __first + 1) / 2);
      |               ^
/usr/lib/gcc/x86_64-linux-gnu/12/../../../../include/c++/12/bits/stl_algo.h:5070:23: note: in instantiation of function template specialization 'std::__stable_sort<__gnu_cxx::__normal_iterator<testing::TestInfo **, std::vector<testing::TestInfo *>>, __gnu_cxx::__ops::_Iter_comp_iter<(lambda at external/googletest+/googletest/src/gtest.cc:3069:20)>>' requested here
 5070 |       _GLIBCXX_STD_A::__stable_sort(__first, __last,
      |                       ^
external/googletest+/googletest/src/gtest.cc:3068:8: note: in instantiation of function template specialization 'std::stable_sort<__gnu_cxx::__normal_iterator<testing::TestInfo **, std::vector<testing::TestInfo *>>, (lambda at external/googletest+/googletest/src/gtest.cc:3069:20)>' requested here
 3068 |   std::stable_sort(test_info_list_.begin(), test_info_list_.end(),
      |        ^
/usr/lib/gcc/x86_64-linux-gnu/12/../../../../include/c++/12/bits/stl_tempbuf.h:99:5: note: 'get_temporary_buffer<testing::TestInfo *>' has been explicitly marked deprecated here
   99 |     _GLIBCXX17_DEPRECATED
      |     ^
/usr/lib/gcc/x86_64-linux-gnu/12/../../../../include/x86_64-linux-gnu/c++/12/bits/c++config.h:119:34: note: expanded from macro '_GLIBCXX17_DEPRECATED'
  119 | # define _GLIBCXX17_DEPRECATED [[__deprecated__]]
      |                                  ^
1 warning generated.
[816 / 1,507] Compiling googlemock/src/gmock.cc; 0s linux-sandbox ... (2 actions running)
[820 / 1,507] Compiling googletest/src/gtest-death-test.cc; 1s linux-sandbox ... (2 actions, 1 running)
[821 / 1,507] Compiling googletest/src/gtest-printers.cc; 0s linux-sandbox ... (2 actions running)
[824 / 1,507] Compiling googletest/src/gtest-port.cc; 0s linux-sandbox ... (2 actions, 1 running)
[827 / 1,507] [Scann] Compiling score/result/details/expected/extensions.cpp
[865 / 1,507] Compiling score/result/error.cpp; 0s linux-sandbox ... (2 actions, 1 running)
[870 / 1,507] Compiling score/filesystem/path.cpp; 0s linux-sandbox ... (2 actions, 1 running)
[873 / 1,507] Compiling score/mw/log/recorder.cpp; 0s linux-sandbox ... (2 actions running)
[890 / 1,507] Compiling score/mw/log/detail/dlt_argument_counter.cpp; 0s linux-sandbox ... (2 actions, 1 running)
[893 / 1,507] Compiling score/language/safecpp/safe_math/return_mode.cpp; 0s linux-sandbox ... (2 actions, 1 running)
[896 / 1,507] Compiling score/mw/log/detail/text_recorder/imessage_builder.cpp; 0s linux-sandbox ... (2 actions, 1 running)
[899 / 1,507] Compiling score/language/safecpp/safe_math/details/addition_subtraction/addition_subtraction.cpp; 0s linux-sandbox ... (2 actions, 1 running)
[901 / 1,507] Compiling score/language/safecpp/safe_math/details/division/division.cpp; 0s linux-sandbox ... (2 actions running)
[906 / 1,507] [Scann] Compiling score/mw/log/detail/log_entry.cpp
[909 / 1,507] Compiling score/language/safecpp/safe_math/details/negate/negate.cpp; 0s linux-sandbox ... (2 actions, 1 running)
[912 / 1,507] [Scann] Compiling score/mw/log/backend_table.cpp
[915 / 1,507] Compiling score/mw/log/configuration/configuration.cpp; 0s linux-sandbox ... (2 actions, 1 running)
[933 / 1,507] Compiling score/mw/log/logger.cpp; 0s linux-sandbox ... (2 actions, 1 running)
[935 / 1,507] Compiling score/mw/log/logger_container.cpp; 0s linux-sandbox ... (2 actions running)
[936 / 1,507] Compiling score/os/stdio_impl.cpp; 2s linux-sandbox ... (2 actions, 1 running)
[940 / 1,507] Compiling score/mw/log/runtime.cpp; 0s linux-sandbox ... (2 actions, 1 running)
[940 / 1,507] Compiling score/mw/log/runtime.cpp; 2s linux-sandbox ... (2 actions running)
[943 / 1,507] Compiling score/mw/log/detail/composite_recorder.cpp; 0s linux-sandbox ... (2 actions, 1 running)
[947 / 1,507] Compiling score/os/unistd.cpp; 0s linux-sandbox ... (2 actions, 1 running)
[953 / 1,507] Compiling score/mw/log/detail/text_recorder/non_blocking_writer.cpp; 0s linux-sandbox
[959 / 1,507] Compiling score/mw/log/detail/text_recorder/slot_drainer.cpp; 0s linux-sandbox ... (2 actions running)
[962 / 1,507] checking cached actions
[964 / 1,507] Compiling score/os/stat_impl.cpp; 0s linux-sandbox ... (2 actions running)
[966 / 1,507] Compiling score/os/errno.cpp; 0s linux-sandbox ... (2 actions, 1 running)
[969 / 1,507] Compiling score/mw/log/detail/text_recorder/text_recorder.cpp; 1s linux-sandbox ... (2 actions, 1 running)
[970 / 1,507] Compiling score/language/futurecpp/src/hash.cpp; 1s linux-sandbox ... (2 actions, 1 running)
[973 / 1,507] Compiling score/language/futurecpp/src/jthread.cpp; 0s linux-sandbox ... (2 actions running)
[975 / 1,507] Compiling score/language/futurecpp/src/memory_resource.cpp; 1s linux-sandbox ... (2 actions running)
[976 / 1,507] Compiling score/json/internal/writer/json_serialize/json_serialize.cpp; 2s linux-sandbox ... (2 actions running)
[977 / 1,507] Compiling score/language/futurecpp/src/stop_token.cpp; 1s linux-sandbox ... (2 actions running)
[978 / 1,507] Compiling score/json/internal/model/any.cpp; 1s linux-sandbox ... (2 actions running)
[979 / 1,507] Compiling score/language/futurecpp/src/string.cpp; 1s linux-sandbox ... (2 actions, 1 running)
[981 / 1,507] Compiling score/filesystem/filestream/file_buf.cpp; 1s linux-sandbox ... (2 actions, 1 running)
[982 / 1,507] Compiling score/json/internal/model/lossless_cast.cpp; 0s linux-sandbox ... (2 actions, 1 running)
[982 / 1,507] Compiling score/json/internal/model/lossless_cast.cpp; 2s linux-sandbox ... (2 actions running)
[984 / 1,507] Compiling score/filesystem/filestream/file_factory.cpp; 2s linux-sandbox ... (2 actions running)
[985 / 1,507] Compiling score/json/internal/model/number.cpp; 1s linux-sandbox ... (2 actions running)
[986 / 1,507] Compiling score/filesystem/filestream/file_stream.cpp; 1s linux-sandbox ... (2 actions, 1 running)
[987 / 1,507] Compiling score/json/i_json_writer.cpp; 1s linux-sandbox ... (2 actions running)
[989 / 1,507] Compiling score/json/json_writer.cpp; 0s linux-sandbox
[989 / 1,507] Compiling score/json/json_writer.cpp; 2s linux-sandbox ... (2 actions running)
[1,000 / 1,507] Compiling score/socom/impl/server_connector_impl.cpp; 0s linux-sandbox
[1,008 / 1,507] Compiling score/socom/impl/server_connector_impl.cpp; 2s linux-sandbox ... (2 actions running)
[1,009 / 1,507] Compiling score/socom/impl/server_connector_impl.cpp; 3s linux-sandbox ... (2 actions running)
[1,011 / 1,507] Compiling score/socom/impl/service_identifier.cpp; 1s linux-sandbox ... (2 actions, 1 running)
[1,012 / 1,507] Compiling score/mw/log/configuration/configuration_file_discoverer.cpp; 1s linux-sandbox ... (2 actions running)
[1,015 / 1,507] Compiling score/mw/log/configuration/target_config_reader.cpp; 1s linux-sandbox ... (2 actions, 1 running)
[1,016 / 1,507] Compiling score/mw/log/configuration/target_config_reader.cpp; 2s linux-sandbox ... (2 actions, 1 running)
[1,017 / 1,507] Compiling score/socom/impl/runtime_impl.cpp; 1s linux-sandbox ... (2 actions running)
[1,019 / 1,507] Compiling score/json/internal/parser/nlohmann/nlohmann_parser.cpp; 1s linux-sandbox ... (2 actions, 1 running)
[1,019 / 1,507] Compiling score/json/internal/parser/nlohmann/nlohmann_parser.cpp; 2s linux-sandbox ... (2 actions running)
[1,020 / 1,507] Compiling score/json/internal/parser/nlohmann/nlohmann_parser.cpp; 3s linux-sandbox ... (2 actions running)
[1,022 / 1,507] Compiling score/json/internal/parser/nlohmann/json_builder.cpp; 1s linux-sandbox ... (2 actions running)
[1,023 / 1,507] Compiling score/json/internal/parser/nlohmann/json_builder.cpp; 2s linux-sandbox ... (2 actions running)
[1,028 / 1,507] Compiling score/socom/impl/client_connector_impl.cpp; 1s linux-sandbox ... (2 actions running)
[1,029 / 1,507] Compiling score/socom/test/unit/client_tests.cpp; 3s linux-sandbox ... (2 actions running)
[1,030 / 1,507] Compiling score/socom/test/framework/src/utilities.cpp; 3s linux-sandbox ... (2 actions, 1 running)
[1,031 / 1,507] Compiling score/socom/test/unit/connection_tests.cpp; 1s linux-sandbox ... (2 actions running)
[1,032 / 1,507] Compiling score/socom/test/framework/src/temporary_event_subscription.cpp; 2s linux-sandbox
[1,033 / 1,507] Compiling score/socom/test/unit/event_tests.cpp; 1s linux-sandbox ... (2 actions running)
[1,035 / 1,507] Compiling score/socom/test/unit/final_action_tests.cpp; 0s linux-sandbox ... (2 actions running)
[1,036 / 1,507] Compiling score/socom/test/framework/src/single_connection_test_fixture.cpp; 1s linux-sandbox ... (2 actions running)
[1,038 / 1,507] Compiling score/socom/test/framework/src/server_t.cpp; 0s linux-sandbox ... (2 actions, 1 running)
[1,038 / 1,507] Compiling score/socom/test/framework/src/server_t.cpp; 2s linux-sandbox ... (2 actions running)
[1,040 / 1,507] [Scann] Compiling score/socom/test/framework/src/multi_threaded_test_template.cpp
[1,040 / 1,507] Compiling score/socom/test/framework/src/multi_threaded_test_template.cpp; 1s linux-sandbox ... (2 actions running)
[1,042 / 1,507] Compiling score/socom/test/unit/service_discovery_tests.cpp; 0s linux-sandbox ... (2 actions running)
[1,044 / 1,507] [Scann] Compiling score/socom/test/unit/move_only_function_mock.cpp
[1,045 / 1,507] Compiling score/socom/test/unit/server_tests.cpp; 1s linux-sandbox ... (2 actions, 1 running)
[1,046 / 1,507] Compiling score/socom/test/unit/service_identifier_tests.cpp; 1s linux-sandbox ... (2 actions running)
[1,047 / 1,507] Compiling score/socom/test/unit/runtime_tests.cpp; 2s linux-sandbox ... (2 actions running)
[1,048 / 1,507] Compiling score/socom/test/unit/service_interface_identifier_tests.cpp; 5s linux-sandbox ... (2 actions, 1 running)
[1,050 / 1,507] Compiling score/socom/test/unit/smoke_test.cpp; 1s linux-sandbox ... (2 actions running)
[1,051 / 1,507] Compiling score/socom/test/unit/payload_tests.cpp; 3s linux-sandbox ... (2 actions, 1 running)
[1,053 / 1,507] Compiling score/socom/test/unit/multiple_runtimes_tests.cpp; 0s linux-sandbox ... (2 actions, 1 running)
[1,053 / 1,507] Compiling score/socom/test/unit/multiple_runtimes_tests.cpp; 1s linux-sandbox ... (2 actions running)
[1,055 / 1,507] [Scann] Compiling score/socom/test/unit/multi_connection_tests.cpp
[1,055 / 1,507] Compiling score/socom/test/unit/multi_connection_tests.cpp; 1s linux-sandbox ... (2 actions running)
[1,057 / 1,507] [Scann] Compiling score/socom/test/unit/error_tests.cpp
[1,057 / 1,507] Compiling score/socom/test/unit/error_tests.cpp; 1s linux-sandbox ... (2 actions running)
[1,061 / 1,507] [Scann] Compiling score/socom/test/framework/src/vector_payload.cpp
[1,117 / 1,507] Linking score/socom/test/unit/socom_test; 1s linux-sandbox
[1,209 / 1,507] checking cached actions
[1,426 / 1,507] [Prepa] Creating ext4 image tests/integration_test/qemu_disk_test_score_test_applications.ext4
[1,474 / 1,507] checking cached actions
[1,478 / 1,507] [Prepa] Expanding template tests/integration_test/test_someipd_started_by_test.test_binary [for tool]
ERROR: /media/jefferson/11c42dee-73a3-4c2b-ab42-a0440011d9e0/.s-core-build/runs/score-someip84-full-6w80fgob/bazel-output/16df730b0babb9c4a4b46d33742bb204/external/os_images+/ubuntu_x86_64/BUILD:14:8: Executing genrule @@os_images+//ubuntu_x86_64:itf-image failed: (Exit 1): bash failed: error executing Genrule command (from target @@os_images+//ubuntu_x86_64:itf-image) /bin/bash -c ... (remaining 1 argument skipped)

Use --sandbox_debug to see verbose messages from the sandbox and retain the sandbox build root for debugging
+ [[ 6 -ne 6 ]]
+ WORKING_DIR=bazel-out/k8-fastbuild/bin/external/os_images+/ubuntu_x86_64
+ IMAGE_SOURCE=external/os_images++_repo_rules+ubuntu_noble_minimal_cloudimg_amd64/file/ubuntu-24.04-minimal-cloudimg-amd64.img
+ IMAGE_TARGET=bazel-out/k8-fastbuild/bin/external/os_images+/ubuntu_x86_64/ubuntu-x86_64-itf/ubuntu-24.04-minimal-cloudimg-amd64.img
+ USER_DATA=external/os_images+/ubuntu_x86_64/cloud-init/user-data
+ META_DATA=external/os_images+/ubuntu_x86_64/cloud-init/meta-data
+ QEMU_CONFIG=external/os_images+/ubuntu_x86_64/qemu_config.json
+ IMAGE_SIZE=8G
+ BOOT_TIMEOUT_SECONDS=1200
+ for tool in qemu-system-x86_64 qemu-img cloud-localds python3
+ command -v qemu-system-x86_64
+ for tool in qemu-system-x86_64 qemu-img cloud-localds python3
+ command -v qemu-img
+ for tool in qemu-system-x86_64 qemu-img cloud-localds python3
+ command -v cloud-localds
+ echo 'Error: cloud-localds is not installed. Please install it to proceed.'
Error: cloud-localds is not installed. Please install it to proceed.
+ exit 1
[1,491 / 1,507] 1 / 6 tests, 1 failed; checking cached actions
Use --verbose_failures to see the command lines of failed build steps.
INFO: Elapsed time: 407.277s, Critical Path: 8.79s
INFO: 241 processes: 1251 action cache hit, 62 internal, 179 linux-sandbox.
ERROR: Build did NOT complete successfully
