$TEST_TMPDIR defined, some defaults will be overridden
OpenJDK 64-Bit Server VM warning: Options -Xverify:none and -noverify were deprecated in JDK 13 and will likely be removed in a future release.
Computing main repo mapping: 
Loading: 
Loading: 6 packages loaded
Analyzing: target //score/mw/com/impl/rust/com-api/com-api-ffi-lola:registry_bridge_macro_cpp (7 packages loaded, 0 targets configured)
Analyzing: target //score/mw/com/impl/rust/com-api/com-api-ffi-lola:registry_bridge_macro_cpp (7 packages loaded, 0 targets configured)

WARNING: /media/jefferson/11c42dee-73a3-4c2b-ab42-a0440011d9e0/.s-core-build/runs/communication-complete-3c7jhdey/workspaces/integrated/MODULE.bazel:196:20: The module extension apt defined in @rules_distroless//apt:extensions.bzl reported incorrect imports of repositories via use_repo():

Imported, but reported as indirect dependencies by the extension:
    ubuntu24_04_sysroot_resolve

Fix the use_repo calls by running 'bazel mod tidy'.
INFO: Analyzed target //score/mw/com/impl/rust/com-api/com-api-ffi-lola:registry_bridge_macro_cpp (278 packages loaded, 22342 targets configured).
[11 / 14] checking cached actions
[11 / 14] [Prepa] Linting //score/mw/com/impl/rust/com-api/com-api-ffi-lola:registry_bridge_macro_cpp:registry_bridge_macro.cpp with clang-tidy ... (2 actions, 0 running)
INFO: Found 1 target...
Aspect //tools/lint:linters.bzl%clang_tidy of //score/mw/com/impl/rust/com-api/com-api-ffi-lola:registry_bridge_macro_cpp up-to-date:
  bazel-bin/score/mw/com/impl/rust/com-api/com-api-ffi-lola/registry_bridge_macro_cpp_rules_lint/score/mw/com/impl/rust/com-api/com-api-ffi-lola/registry_bridge_macro.cpp.AspectRulesLintClangTidy.out
  bazel-bin/score/mw/com/impl/rust/com-api/com-api-ffi-lola/registry_bridge_macro_cpp_rules_lint/score/mw/com/impl/rust/com-api/com-api-ffi-lola/registry_bridge_macro.cpp.AspectRulesLintClangTidy.report
INFO: Elapsed time: 34.381s, Critical Path: 3.71s
INFO: 4 processes: 12 action cache hit, 1 internal, 3 linux-sandbox.
INFO: Build completed successfully, 4 total actions
INFO: 
INFO: Build Event Protocol files produced successfully.
