$TEST_TMPDIR defined, some defaults will be overridden
OpenJDK 64-Bit Server VM warning: Options -Xverify:none and -noverify were deprecated in JDK 13 and will likely be removed in a future release.
Computing main repo mapping: 
Computing main repo mapping: 
Computing main repo mapping: 
Computing main repo mapping: 
Loading: 
Loading: 5 packages loaded
Loading: 304 packages loaded
    currently loading: score/mw/com/design/doxygen_build
Loading: 304 packages loaded
    currently loading: score/mw/com/design/doxygen_build
Loading: 304 packages loaded
    currently loading: score/mw/com/design/doxygen_build
Loading: 304 packages loaded
    currently loading: score/mw/com/design/doxygen_build
Loading: 304 packages loaded
    currently loading: score/mw/com/design/doxygen_build
Loading: 304 packages loaded
    currently loading: score/mw/com/design/doxygen_build
Loading: 304 packages loaded
    currently loading: score/mw/com/design/doxygen_build
Loading: 304 packages loaded
    currently loading: score/mw/com/design/doxygen_build
Loading: 304 packages loaded
    currently loading: score/mw/com/design/doxygen_build
Loading: 304 packages loaded
    currently loading: score/mw/com/design/doxygen_build
Loading: 304 packages loaded
    currently loading: score/mw/com/design/doxygen_build
Loading: 304 packages loaded
    currently loading: score/mw/com/design/doxygen_build
Loading: 304 packages loaded
    currently loading: score/mw/com/design/doxygen_build
Loading: 304 packages loaded
    currently loading: score/mw/com/design/doxygen_build
Loading: 304 packages loaded
    currently loading: score/mw/com/design/doxygen_build
Loading: 304 packages loaded
    currently loading: score/mw/com/design/doxygen_build
Loading: 304 packages loaded
    currently loading: score/mw/com/design/doxygen_build
Loading: 304 packages loaded
    currently loading: score/mw/com/design/doxygen_build
Loading: 304 packages loaded
    currently loading: score/mw/com/design/doxygen_build
Loading: 304 packages loaded
    currently loading: score/mw/com/design/doxygen_build
Loading: 304 packages loaded
    currently loading: score/mw/com/design/doxygen_build
Loading: 304 packages loaded
    currently loading: score/mw/com/design/doxygen_build
Loading: 304 packages loaded
    currently loading: score/mw/com/design/doxygen_build
WARNING: /media/jefferson/11c42dee-73a3-4c2b-ab42-a0440011d9e0/.s-core-build/runs/score-fabric-3fhaccha/native-workspace-01M47333K8DT7E4K3HCXPB7NYR/score/memory/shared/BUILD:437:11: target '//score/memory/shared:types' is deprecated: This aggregation target is deprecated and pulls in the unmaintained/broken ':map' target on some platforms. Depend directly on the specific score/memory/shared sub-targets you need (e.g. ':offset_ptr', ':vector', ':string', ...) instead.
Analyzing: 2859 targets (305 packages loaded, 0 targets configured)
Analyzing: 2859 targets (305 packages loaded, 0 targets configured)

WARNING: /media/jefferson/11c42dee-73a3-4c2b-ab42-a0440011d9e0/.s-core-build/runs/score-fabric-3fhaccha/native-workspace-01M47333K8DT7E4K3HCXPB7NYR/MODULE.bazel:196:20: The module extension apt defined in @rules_distroless//apt:extensions.bzl reported incorrect imports of repositories via use_repo():

Imported, but reported as indirect dependencies by the extension:
    ubuntu24_04_sysroot_resolve

Fix the use_repo calls by running 'bazel mod tidy'.
Analyzing: 2859 targets (499 packages loaded, 8776 targets configured)
[127 / 127] no actions running
Analyzing: 2859 targets (731 packages loaded, 21114 targets configured)
[162 / 180] checking cached actions
DEBUG: Rule '+_repo_rules+jsonschema' indicated that a canonical reproducible form can be obtained by modifying arguments integrity = "sha256-rugv6PaV/h4ielG3dMOujCuyVpUGUampKGbFI7FQQs4="
DEBUG: Repository +_repo_rules+jsonschema instantiated at:
  <builtin>: in <toplevel>
Repository rule archive defined at:
  /media/jefferson/11c42dee-73a3-4c2b-ab42-a0440011d9e0/.s-core-build/runs/score-fabric-3fhaccha/bazel-output/e57f7dfc140c5b8f945597d6f38a1128/external/download_utils+/download/archive/repository.bzl:83:26: in <toplevel>
Analyzing: 2859 targets (756 packages loaded, 21742 targets configured)
[184 / 352] checking cached actions
Analyzing: 2859 targets (804 packages loaded, 24380 targets configured)
[471 / 1,226] checking cached actions
Analyzing: 2859 targets (818 packages loaded, 24670 targets configured)
[535 / 1,379] checking cached actions
Analyzing: 2859 targets (858 packages loaded, 25894 targets configured)
[657 / 1,561] checking cached actions
Analyzing: 2859 targets (862 packages loaded, 26106 targets configured)
[669 / 1,591] checking cached actions
Analyzing: 2859 targets (882 packages loaded, 29242 targets configured)
[678 / 1,608] checking cached actions
Analyzing: 2859 targets (885 packages loaded, 29344 targets configured)
[678 / 1,608] checking cached actions
Analyzing: 2859 targets (887 packages loaded, 29357 targets configured)
[678 / 1,608] checking cached actions
Analyzing: 2859 targets (890 packages loaded, 29635 targets configured)
[678 / 1,608] checking cached actions
Analyzing: 2859 targets (894 packages loaded, 29721 targets configured)
[678 / 1,608] checking cached actions
Analyzing: 2859 targets (913 packages loaded, 29838 targets configured)
[682 / 1,612] checking cached actions
Analyzing: 2859 targets (941 packages loaded, 31021 targets configured)
[712 / 1,971] Creating runfiles tree bazel-out/k8-fastbuild/bin/docs/sphinx/utils/generate_api_rst_bin.runfiles; 0s local ... (2 actions running)
Analyzing: 2859 targets (958 packages loaded, 32260 targets configured)
[818 / 3,250] Creating runfiles tree bazel-out/k8-fastbuild/bin/quality/dashboard/generate_dashboard_test.runfiles; 0s local ... (2 actions running)
Analyzing: 2859 targets (960 packages loaded, 32275 targets configured)
[878 / 3,430] checking cached actions
Analyzing: 2859 targets (989 packages loaded, 32663 targets configured)
[981 / 3,697] checking cached actions
Analyzing: 2859 targets (998 packages loaded, 32746 targets configured)
[1,156 / 4,163] checking cached actions
Analyzing: 2859 targets (1002 packages loaded, 32828 targets configured)
[1,223 / 4,428] checking cached actions
Analyzing: 2859 targets (1028 packages loaded, 33732 targets configured)
[1,343 / 4,533] checking cached actions
Analyzing: 2859 targets (1028 packages loaded, 33732 targets configured)
[1,343 / 4,533] checking cached actions
Analyzing: 2859 targets (1030 packages loaded, 33773 targets configured)
[1,343 / 4,533] checking cached actions
Analyzing: 2859 targets (1080 packages loaded, 33839 targets configured)
[1,619 / 4,904] checking cached actions
Analyzing: 2859 targets (1081 packages loaded, 33890 targets configured)
[1,619 / 4,904] checking cached actions
Analyzing: 2859 targets (1086 packages loaded, 34092 targets configured)
[1,649 / 4,959] checking cached actions
Analyzing: 2859 targets (1088 packages loaded, 34120 targets configured)
[1,649 / 4,959] checking cached actions
Analyzing: 2859 targets (1091 packages loaded, 34485 targets configured)
[1,649 / 4,959] checking cached actions
Analyzing: 2859 targets (1094 packages loaded, 34577 targets configured)
[1,649 / 4,959] checking cached actions
Analyzing: 2859 targets (1099 packages loaded, 34809 targets configured)
[1,649 / 4,959] checking cached actions
Analyzing: 2859 targets (1105 packages loaded, 34838 targets configured)
[1,701 / 4,999] checking cached actions
Analyzing: 2859 targets (1113 packages loaded, 34854 targets configured)
[1,753 / 5,081] checking cached actions
Analyzing: 2859 targets (1119 packages loaded, 35550 targets configured)
[1,781 / 5,164] checking cached actions
Analyzing: 2859 targets (1135 packages loaded, 35612 targets configured)
[1,781 / 5,164] checking cached actions
Analyzing: 2859 targets (1137 packages loaded, 35625 targets configured)
[1,782 / 5,164] checking cached actions
Analyzing: 2859 targets (1139 packages loaded, 36682 targets configured)
[1,810 / 5,216] checking cached actions
Analyzing: 2859 targets (1141 packages loaded, 36694 targets configured)
[1,810 / 5,216] checking cached actions
Analyzing: 2859 targets (1146 packages loaded, 36871 targets configured)
[1,810 / 5,216] checking cached actions
Analyzing: 2859 targets (1169 packages loaded, 36920 targets configured)
[1,842 / 5,216] checking cached actions
Analyzing: 2859 targets (1183 packages loaded, 37055 targets configured)
[1,842 / 5,216] checking cached actions
Analyzing: 2859 targets (1194 packages loaded, 37156 targets configured)
[1,870 / 5,216] checking cached actions
Analyzing: 2859 targets (1195 packages loaded, 37175 targets configured)
[1,870 / 5,216] checking cached actions
Analyzing: 2859 targets (1218 packages loaded, 37479 targets configured)
[1,990 / 5,454] Creating runfiles tree bazel-out/k8-fastbuild/bin/quality/scripts/merge_flaky_reports.runfiles; 0s local ... (3 actions running)
Analyzing: 2859 targets (1218 packages loaded, 37479 targets configured)
[1,993 / 5,454] checking cached actions
Analyzing: 2859 targets (1226 packages loaded, 38458 targets configured)
[1,993 / 5,454] checking cached actions
Analyzing: 2859 targets (1236 packages loaded, 38665 targets configured)
[1,993 / 5,454] checking cached actions
Analyzing: 2859 targets (1242 packages loaded, 38712 targets configured)
[2,042 / 5,523] checking cached actions
Analyzing: 2859 targets (1261 packages loaded, 38940 targets configured)
[2,078 / 5,627] Creating runfiles tree bazel-out/k8-fastbuild/bin/score/mw/com/runtime_configuration_test.runfiles; 0s local ... (11 actions, 8 running)
Analyzing: 2859 targets (1295 packages loaded, 40717 targets configured)
[2,128 / 5,687] checking cached actions
Analyzing: 2859 targets (1309 packages loaded, 40900 targets configured)
[2,137 / 5,687] checking cached actions
Analyzing: 2859 targets (1331 packages loaded, 45575 targets configured)
[2,212 / 5,804] checking cached actions
Analyzing: 2859 targets (1338 packages loaded, 45802 targets configured)
[2,212 / 5,804] checking cached actions
Analyzing: 2859 targets (1340 packages loaded, 45847 targets configured)
[2,212 / 5,804] checking cached actions
Analyzing: 2859 targets (1342 packages loaded, 45860 targets configured)
[2,212 / 5,804] checking cached actions
Analyzing: 2859 targets (1371 packages loaded, 47354 targets configured)
[2,234 / 5,804] Compiling grpc/src/compiler/java_generator.cc [for tool]; 0s linux-sandbox ... (31 actions running)
Analyzing: 2859 targets (1383 packages loaded, 48010 targets configured)
[2,289 / 5,804] Compiling grpc/src/compiler/java_generator.cc [for tool]; 1s linux-sandbox ... (31 actions running)
Analyzing: 2859 targets (1393 packages loaded, 48602 targets configured)
[2,406 / 6,561] Compiling grpc/src/compiler/java_generator.cc [for tool]; 2s linux-sandbox ... (32 actions running)
ERROR: /media/jefferson/11c42dee-73a3-4c2b-ab42-a0440011d9e0/.s-core-build/runs/score-fabric-3fhaccha/bazel-output/e57f7dfc140c5b8f945597d6f38a1128/external/rules_rust++i+rules_rust_tinyjson/BUILD.bazel:4:37: Compiling Rust (without process_wrapper) rlib tinyjson (4 files) [for tool] failed: (Exit 1): bootstrap_process_wrapper.sh failed: error executing Rustc command (from target @@rules_rust++i+rules_rust_tinyjson//:tinyjson) bazel-out/k8-opt-exec-ST-d57f47055a04/bin/external/rules_rust+/util/process_wrapper/bootstrap_process_wrapper.sh -- ... (remaining 25 arguments skipped)

Use --sandbox_debug to see verbose messages from the sandbox and retain the sandbox build root for debugging
bazel-out/k8-opt-exec-ST-d57f47055a04/bin/external/score_toolchains_rust++ferrocene_toolchain_ext+ferrocene_x86_64_unknown_linux_gnu/rust_ferrocene/bin/rustc: /lib/x86_64-linux-gnu/libstdc++.so.6: version `GLIBCXX_3.4.32' not found (required by /media/jefferson/11c42dee-73a3-4c2b-ab42-a0440011d9e0/.s-core-build/runs/score-fabric-3fhaccha/bazel-output/e57f7dfc140c5b8f945597d6f38a1128/external/score_toolchains_rust++ferrocene_toolchain_ext+ferrocene_x86_64_unknown_linux_gnu/bin/../lib/librustc_driver-c236fde3428c5a4d.so)
bazel-out/k8-opt-exec-ST-d57f47055a04/bin/external/score_toolchains_rust++ferrocene_toolchain_ext+ferrocene_x86_64_unknown_linux_gnu/rust_ferrocene/bin/rustc: /lib/x86_64-linux-gnu/libc.so.6: version `GLIBC_2.36' not found (required by /media/jefferson/11c42dee-73a3-4c2b-ab42-a0440011d9e0/.s-core-build/runs/score-fabric-3fhaccha/bazel-output/e57f7dfc140c5b8f945597d6f38a1128/external/score_toolchains_rust++ferrocene_toolchain_ext+ferrocene_x86_64_unknown_linux_gnu/bin/../lib/librustc_driver-c236fde3428c5a4d.so)
bazel-out/k8-opt-exec-ST-d57f47055a04/bin/external/score_toolchains_rust++ferrocene_toolchain_ext+ferrocene_x86_64_unknown_linux_gnu/rust_ferrocene/bin/rustc: /lib/x86_64-linux-gnu/libc.so.6: version `GLIBC_2.38' not found (required by /media/jefferson/11c42dee-73a3-4c2b-ab42-a0440011d9e0/.s-core-build/runs/score-fabric-3fhaccha/bazel-output/e57f7dfc140c5b8f945597d6f38a1128/external/score_toolchains_rust++ferrocene_toolchain_ext+ferrocene_x86_64_unknown_linux_gnu/bin/../lib/librustc_driver-c236fde3428c5a4d.so)
bazel-out/k8-opt-exec-ST-d57f47055a04/bin/external/score_toolchains_rust++ferrocene_toolchain_ext+ferrocene_x86_64_unknown_linux_gnu/rust_ferrocene/bin/rustc: /lib/x86_64-linux-gnu/libc.so.6: version `GLIBC_2.39' not found (required by /media/jefferson/11c42dee-73a3-4c2b-ab42-a0440011d9e0/.s-core-build/runs/score-fabric-3fhaccha/bazel-output/e57f7dfc140c5b8f945597d6f38a1128/external/score_toolchains_rust++ferrocene_toolchain_ext+ferrocene_x86_64_unknown_linux_gnu/bin/../lib/librustc_driver-c236fde3428c5a4d.so)
Analyzing: 2859 targets (1393 packages loaded, 48602 targets configured)
[2,442 / 6,561] checking cached actions
Analyzing: 2859 targets (1393 packages loaded, 48602 targets configured)
[2,442 / 6,561] checking cached actions
Analyzing: 2859 targets (1393 packages loaded, 48602 targets configured)
[2,442 / 6,561] checking cached actions
Analyzing: 2859 targets (1393 packages loaded, 48602 targets configured)
[2,442 / 6,561] checking cached actions
Analyzing: 2859 targets (1393 packages loaded, 48602 targets configured)
[2,442 / 6,561] checking cached actions
Analyzing: 2859 targets (1393 packages loaded, 48602 targets configured)
[2,442 / 6,561] checking cached actions
Analyzing: 2859 targets (1393 packages loaded, 48602 targets configured)
[2,442 / 6,561] checking cached actions
Analyzing: 2859 targets (1393 packages loaded, 48602 targets configured)
[2,442 / 6,561] checking cached actions
Analyzing: 2859 targets (1393 packages loaded, 48602 targets configured)
[2,442 / 6,561] checking cached actions
Analyzing: 2859 targets (1393 packages loaded, 48602 targets configured)
[2,442 / 6,561] checking cached actions
Analyzing: 2859 targets (1393 packages loaded, 48602 targets configured)
[2,442 / 6,561] checking cached actions
Analyzing: 2859 targets (1393 packages loaded, 48602 targets configured)
[2,442 / 6,561] checking cached actions
Analyzing: 2859 targets (1393 packages loaded, 48602 targets configured)
[2,442 / 6,561] checking cached actions
Analyzing: 2859 targets (1393 packages loaded, 48602 targets configured)
[2,442 / 6,561] checking cached actions
Analyzing: 2859 targets (1393 packages loaded, 48602 targets configured)
[2,442 / 6,561] checking cached actions
Analyzing: 2859 targets (1393 packages loaded, 48602 targets configured)
[2,442 / 6,561] checking cached actions
Analyzing: 2859 targets (1393 packages loaded, 48602 targets configured)
[2,442 / 6,561] checking cached actions
Analyzing: 2859 targets (1393 packages loaded, 48602 targets configured)
[2,442 / 6,561] checking cached actions
Analyzing: 2859 targets (1393 packages loaded, 48602 targets configured)
[2,442 / 6,561] checking cached actions
Analyzing: 2859 targets (1393 packages loaded, 48602 targets configured)
[2,442 / 6,561] checking cached actions
Analyzing: 2859 targets (1393 packages loaded, 48602 targets configured)
[2,442 / 6,561] checking cached actions
Analyzing: 2859 targets (1393 packages loaded, 48602 targets configured)
[2,442 / 6,561] checking cached actions
Analyzing: 2859 targets (1393 packages loaded, 48602 targets configured)
[2,442 / 6,561] checking cached actions
Analyzing: 2859 targets (1393 packages loaded, 48602 targets configured)
[2,442 / 6,561] checking cached actions
Analyzing: 2859 targets (1393 packages loaded, 48602 targets configured)
[2,442 / 6,561] checking cached actions
Analyzing: 2859 targets (1393 packages loaded, 48602 targets configured)
[2,442 / 6,561] checking cached actions
Analyzing: 2859 targets (1393 packages loaded, 48602 targets configured)
[2,442 / 6,561] checking cached actions
Analyzing: 2859 targets (1393 packages loaded, 48602 targets configured)
[2,442 / 6,561] checking cached actions
Analyzing: 2859 targets (1393 packages loaded, 48602 targets configured)
[2,442 / 6,561] checking cached actions
Analyzing: 2859 targets (1393 packages loaded, 48602 targets configured)
[2,442 / 6,561] checking cached actions
Analyzing: 2859 targets (1393 packages loaded, 48602 targets configured)
[2,442 / 6,561] checking cached actions
Analyzing: 2859 targets (1393 packages loaded, 48602 targets configured)
[2,442 / 6,561] checking cached actions
Analyzing: 2859 targets (1393 packages loaded, 48602 targets configured)
[2,442 / 6,561] checking cached actions
Analyzing: 2859 targets (1393 packages loaded, 48602 targets configured)
[2,442 / 6,561] checking cached actions
Analyzing: 2859 targets (1393 packages loaded, 48602 targets configured)
[2,442 / 6,561] checking cached actions
Analyzing: 2859 targets (1393 packages loaded, 48602 targets configured)
[2,442 / 6,561] checking cached actions
Analyzing: 2859 targets (1393 packages loaded, 48602 targets configured)
[2,442 / 6,561] checking cached actions
Analyzing: 2859 targets (1393 packages loaded, 48602 targets configured)
[2,442 / 6,561] checking cached actions
Analyzing: 2859 targets (1393 packages loaded, 48602 targets configured)
[2,442 / 6,561] checking cached actions
Analyzing: 2859 targets (1393 packages loaded, 48602 targets configured)
[2,442 / 6,561] checking cached actions
Analyzing: 2859 targets (1393 packages loaded, 48602 targets configured)
[2,442 / 6,561] checking cached actions
Analyzing: 2859 targets (1393 packages loaded, 48602 targets configured)
[2,442 / 6,561] checking cached actions
Analyzing: 2859 targets (1393 packages loaded, 48602 targets configured)
[2,442 / 6,561] checking cached actions
Analyzing: 2859 targets (1393 packages loaded, 48602 targets configured)
[2,442 / 6,561] checking cached actions
Analyzing: 2859 targets (1393 packages loaded, 48602 targets configured)
[2,442 / 6,561] checking cached actions
Analyzing: 2859 targets (1393 packages loaded, 48602 targets configured)
[2,442 / 6,561] checking cached actions
Analyzing: 2859 targets (1393 packages loaded, 48602 targets configured)
[2,442 / 6,561] checking cached actions
Analyzing: 2859 targets (1393 packages loaded, 48602 targets configured)
[2,442 / 6,561] checking cached actions
Analyzing: 2859 targets (1393 packages loaded, 48602 targets configured)
[2,442 / 6,561] checking cached actions
Analyzing: 2859 targets (1393 packages loaded, 48602 targets configured)
[2,442 / 6,561] checking cached actions
Analyzing: 2859 targets (1393 packages loaded, 48602 targets configured)
[2,442 / 6,561] checking cached actions
Analyzing: 2859 targets (1393 packages loaded, 48602 targets configured)
[2,442 / 6,561] checking cached actions
Analyzing: 2859 targets (1393 packages loaded, 48602 targets configured)
[2,442 / 6,561] checking cached actions
Analyzing: 2859 targets (1393 packages loaded, 48602 targets configured)
[2,442 / 6,561] checking cached actions
Analyzing: 2859 targets (1393 packages loaded, 48602 targets configured)
[2,442 / 6,561] checking cached actions
Analyzing: 2859 targets (1393 packages loaded, 48602 targets configured)
[2,442 / 6,561] checking cached actions
Analyzing: 2859 targets (1393 packages loaded, 48602 targets configured)
[2,442 / 6,561] checking cached actions
Analyzing: 2859 targets (1393 packages loaded, 48602 targets configured)
[2,442 / 6,561] checking cached actions
Analyzing: 2859 targets (1393 packages loaded, 48602 targets configured)
[2,442 / 6,561] checking cached actions
Analyzing: 2859 targets (1393 packages loaded, 48602 targets configured)
[2,442 / 6,561] checking cached actions
Analyzing: 2859 targets (1393 packages loaded, 48602 targets configured)
[2,442 / 6,561] checking cached actions
Analyzing: 2859 targets (1393 packages loaded, 48602 targets configured)
[2,442 / 6,561] checking cached actions
Analyzing: 2859 targets (1393 packages loaded, 48602 targets configured)
[2,442 / 6,561] checking cached actions
Analyzing: 2859 targets (1393 packages loaded, 48602 targets configured)
[2,442 / 6,561] checking cached actions
Analyzing: 2859 targets (1393 packages loaded, 48602 targets configured)
[2,442 / 6,561] checking cached actions
Analyzing: 2859 targets (1393 packages loaded, 48602 targets configured)
[2,442 / 6,561] checking cached actions
Analyzing: 2859 targets (1393 packages loaded, 48602 targets configured)
[2,442 / 6,561] checking cached actions
Analyzing: 2859 targets (1393 packages loaded, 48602 targets configured)
[2,442 / 6,561] checking cached actions
Analyzing: 2859 targets (1393 packages loaded, 48602 targets configured)
[2,442 / 6,561] checking cached actions
Analyzing: 2859 targets (1393 packages loaded, 48602 targets configured)
[2,442 / 6,561] checking cached actions
Analyzing: 2859 targets (1393 packages loaded, 48602 targets configured)
[2,442 / 6,561] checking cached actions
Analyzing: 2859 targets (1393 packages loaded, 48602 targets configured)
[2,442 / 6,561] checking cached actions
Analyzing: 2859 targets (1393 packages loaded, 48602 targets configured)
[2,442 / 6,561] checking cached actions
Analyzing: 2859 targets (1393 packages loaded, 48602 targets configured)
[2,442 / 6,561] checking cached actions
Analyzing: 2859 targets (1393 packages loaded, 48602 targets configured)
[2,442 / 6,561] checking cached actions
Analyzing: 2859 targets (1393 packages loaded, 48602 targets configured)
[2,442 / 6,561] checking cached actions
Analyzing: 2859 targets (1393 packages loaded, 48602 targets configured)
[2,442 / 6,561] checking cached actions
Analyzing: 2859 targets (1393 packages loaded, 48602 targets configured)
[2,442 / 6,561] checking cached actions
Analyzing: 2859 targets (1393 packages loaded, 48602 targets configured)
[2,442 / 6,561] checking cached actions
Analyzing: 2859 targets (1393 packages loaded, 48602 targets configured)
[2,442 / 6,561] checking cached actions
Analyzing: 2859 targets (1393 packages loaded, 48602 targets configured)
[2,442 / 6,561] checking cached actions
Analyzing: 2859 targets (1393 packages loaded, 48602 targets configured)
[2,442 / 6,561] checking cached actions
Analyzing: 2859 targets (1393 packages loaded, 48602 targets configured)
[2,442 / 6,561] checking cached actions
Analyzing: 2859 targets (1393 packages loaded, 48602 targets configured)
[2,442 / 6,561] checking cached actions
Analyzing: 2859 targets (1393 packages loaded, 48602 targets configured)
[2,442 / 6,561] checking cached actions
Analyzing: 2859 targets (1393 packages loaded, 48602 targets configured)
[2,442 / 6,561] checking cached actions
Analyzing: 2859 targets (1393 packages loaded, 48602 targets configured)
[2,442 / 6,561] checking cached actions
Analyzing: 2859 targets (1393 packages loaded, 48602 targets configured)
[2,442 / 6,561] checking cached actions
Analyzing: 2859 targets (1393 packages loaded, 48602 targets configured)
[2,442 / 6,561] checking cached actions
Analyzing: 2859 targets (1393 packages loaded, 48602 targets configured)
[2,442 / 6,561] checking cached actions
Analyzing: 2859 targets (1393 packages loaded, 48602 targets configured)
[2,442 / 6,561] checking cached actions
Analyzing: 2859 targets (1393 packages loaded, 48602 targets configured)
[2,442 / 6,561] checking cached actions
Analyzing: 2859 targets (1393 packages loaded, 48602 targets configured)
[2,442 / 6,561] checking cached actions
Analyzing: 2859 targets (1393 packages loaded, 48602 targets configured)
[2,442 / 6,561] checking cached actions
Analyzing: 2859 targets (1393 packages loaded, 48602 targets configured)
[2,442 / 6,561] checking cached actions
Analyzing: 2859 targets (1393 packages loaded, 48602 targets configured)
[2,442 / 6,561] checking cached actions
Analyzing: 2859 targets (1393 packages loaded, 48602 targets configured)
[2,442 / 6,561] checking cached actions
Analyzing: 2859 targets (1393 packages loaded, 48602 targets configured)
[2,442 / 6,561] checking cached actions
Analyzing: 2859 targets (1393 packages loaded, 48602 targets configured)
[2,442 / 6,561] checking cached actions
Analyzing: 2859 targets (1393 packages loaded, 48602 targets configured)
[2,442 / 6,561] checking cached actions
Analyzing: 2859 targets (1393 packages loaded, 48602 targets configured)
[2,442 / 6,561] checking cached actions
Analyzing: 2859 targets (1393 packages loaded, 48602 targets configured)
[2,442 / 6,561] checking cached actions
Analyzing: 2859 targets (1393 packages loaded, 48602 targets configured)
[2,442 / 6,561] checking cached actions
Analyzing: 2859 targets (1393 packages loaded, 48602 targets configured)
[2,442 / 6,561] checking cached actions
Analyzing: 2859 targets (1393 packages loaded, 48602 targets configured)
[2,442 / 6,561] checking cached actions
Analyzing: 2859 targets (1393 packages loaded, 48602 targets configured)
[2,442 / 6,561] checking cached actions
Analyzing: 2859 targets (1393 packages loaded, 48602 targets configured)
[2,442 / 6,561] checking cached actions
Analyzing: 2859 targets (1393 packages loaded, 48602 targets configured)
[2,442 / 6,561] checking cached actions
Analyzing: 2859 targets (1393 packages loaded, 48602 targets configured)
[2,442 / 6,561] checking cached actions
Analyzing: 2859 targets (1393 packages loaded, 48602 targets configured)
[2,442 / 6,561] checking cached actions
Analyzing: 2859 targets (1393 packages loaded, 48602 targets configured)
[2,442 / 6,561] checking cached actions
Analyzing: 2859 targets (1393 packages loaded, 48602 targets configured)
[2,442 / 6,561] checking cached actions
Analyzing: 2859 targets (1393 packages loaded, 48602 targets configured)
[2,442 / 6,561] checking cached actions
Analyzing: 2859 targets (1393 packages loaded, 48602 targets configured)
[2,442 / 6,561] checking cached actions
Analyzing: 2859 targets (1393 packages loaded, 48602 targets configured)
[2,442 / 6,561] checking cached actions
Analyzing: 2859 targets (1393 packages loaded, 48602 targets configured)
[2,442 / 6,561] checking cached actions
Analyzing: 2859 targets (1393 packages loaded, 48602 targets configured)
[2,442 / 6,561] checking cached actions
Analyzing: 2859 targets (1393 packages loaded, 48602 targets configured)
[2,442 / 6,561] checking cached actions
Analyzing: 2859 targets (1393 packages loaded, 48602 targets configured)
[2,442 / 6,561] checking cached actions
Analyzing: 2859 targets (1393 packages loaded, 48602 targets configured)
[2,442 / 6,561] checking cached actions
Analyzing: 2859 targets (1393 packages loaded, 48602 targets configured)
[2,442 / 6,561] checking cached actions
Analyzing: 2859 targets (1393 packages loaded, 48602 targets configured)
[2,442 / 6,561] checking cached actions
Analyzing: 2859 targets (1393 packages loaded, 48602 targets configured)
[2,442 / 6,561] checking cached actions
Analyzing: 2859 targets (1393 packages loaded, 48602 targets configured)
[2,442 / 6,561] checking cached actions
Use --verbose_failures to see the command lines of failed build steps.
INFO: Elapsed time: 215.190s, Critical Path: 2.88s
INFO: 2286 processes: 158 action cache hit, 2214 internal, 72 linux-sandbox.
ERROR: Build did NOT complete successfully
FAILED: 
