/home/jefferson/.local/lib/python3.10/site-packages/pygame/pkgdata.py:25: UserWarning: pkg_resources is deprecated as an API. See https://setuptools.pypa.io/en/latest/pkg_resources.html. The pkg_resources package is slated for removal as early as 2025-11-30. Refrain from using this package or pin to Setuptools<81.
  from pkg_resources import resource_stream, resource_exists
pygame 2.6.1 (SDL 2.28.4, Python 3.10.12)
Hello from the pygame community. https://www.pygame.org/contribute.html
[
  {
    "id": "two-real-peers",
    "status": "passed"
  },
  {
    "id": "one-real-cluster",
    "status": "passed"
  },
  {
    "id": "managed-bridge-a",
    "status": "passed"
  },
  {
    "id": "managed-bridge-b",
    "status": "passed"
  },
  {
    "id": "startup-unknown",
    "status": "passed"
  },
  {
    "id": "fault-startup-not-healthy",
    "status": "passed"
  },
  {
    "id": "receiver-through-opendut",
    "status": "passed"
  },
  {
    "id": "real-carla-moving-actor",
    "status": "passed"
  },
  {
    "id": "actual-controller-artifact",
    "status": "passed"
  },
  {
    "id": "baseline-timing-measured",
    "status": "passed"
  },
  {
    "id": "native-dfm-nominal",
    "status": "passed"
  },
  {
    "id": "data-only-fault-exposure",
    "status": "passed"
  },
  {
    "id": "engagement-preserved",
    "status": "passed"
  },
  {
    "id": "control-return-through-opendut",
    "status": "passed"
  },
  {
    "id": "diagnostic-stall-control-continues",
    "status": "passed"
  },
  {
    "id": "diagnostic-stall-recovery",
    "status": "passed"
  },
  {
    "id": "real-carla-return-actuation",
    "status": "passed"
  },
  {
    "id": "no-bypass-management-reachable",
    "status": "passed"
  },
  {
    "id": "native-report-stored-query",
    "status": "passed"
  },
  {
    "id": "declared-detector-timing",
    "status": "passed"
  },
  {
    "id": "actual-fault-attribution",
    "status": "passed"
  },
  {
    "id": "native-ipc-sigint-graceful",
    "status": "passed"
  },
  {
    "id": "real-process-history-reload",
    "status": "passed"
  },
  {
    "id": "tunnel-recovery-consumed",
    "status": "passed"
  },
  {
    "id": "native-recovery-retains-history",
    "status": "passed"
  },
  {
    "id": "actual-engagement-separate-from-recovery",
    "status": "passed"
  },
  {
    "id": "collector-loss-is-unknown",
    "status": "passed"
  },
  {
    "id": "native-ipc-sigterm-graceful",
    "status": "passed"
  },
  {
    "id": "restore-tunnel",
    "status": "passed"
  },
  {
    "id": "stop-capture-a-sdv-net-7bd2775688-dut.pid",
    "status": "passed"
  },
  {
    "id": "stop-capture-a-sdv-net-7bd2775688-gre.pid",
    "status": "passed"
  },
  {
    "id": "stop-capture-b-sdv-net-7bd2775688-dut.pid",
    "status": "passed"
  },
  {
    "id": "stop-capture-b-sdv-net-7bd2775688-gre.pid",
    "status": "passed"
  },
  {
    "id": "read-capture-a-dut",
    "status": "passed"
  },
  {
    "id": "read-capture-a-gre",
    "status": "passed"
  },
  {
    "id": "read-capture-b-dut",
    "status": "passed"
  },
  {
    "id": "read-capture-b-gre",
    "status": "passed"
  },
  {
    "id": "receiver-packet-provenance",
    "status": "passed"
  },
  {
    "id": "return-packet-provenance",
    "status": "passed"
  },
  {
    "id": "gre-packet-provenance",
    "status": "passed"
  },
  {
    "id": "cleanup-sdv-net-7bd2775688-diag",
    "status": "passed"
  },
  {
    "id": "cleanup-sdv-net-7bd2775688-score",
    "status": "passed"
  },
  {
    "id": "cleanup-sdv-net-7bd2775688-bridge",
    "status": "passed"
  },
  {
    "id": "cleanup-owned-carla",
    "status": "passed"
  },
  {
    "id": "restore-private-directory-owner",
    "status": "passed"
  }
]
