$TEST_TMPDIR defined, some defaults will be overridden
OpenJDK 64-Bit Server VM warning: Options -Xverify:none and -noverify were deprecated in JDK 13 and will likely be removed in a future release.
WARNING: The following configs were expanded more than once: [linux_x64_gcc_15]. For repeatable flags, repeats are counted twice and may lead to unexpected behavior.
Computing main repo mapping: 
Computing main repo mapping: 
WARNING: The following configs were expanded more than once: [linux_x64_gcc_15]. For repeatable flags, repeats are counted twice and may lead to unexpected behavior.
Computing main repo mapping: 
Computing main repo mapping: 
Computing main repo mapping: 
Computing main repo mapping: 
Computing main repo mapping: 
Computing main repo mapping: 
Loading: 
Loading: 5 packages loaded
Analyzing: target //tools/lint:rustfmt_with_config (6 packages loaded, 0 targets configured)
Analyzing: target //tools/lint:rustfmt_with_config (6 packages loaded, 0 targets configured)

Analyzing: target //tools/lint:rustfmt_with_config (97 packages loaded, 7 targets configured)

Analyzing: target //tools/lint:rustfmt_with_config (178 packages loaded, 12248 targets configured)

Analyzing: target //tools/lint:rustfmt_with_config (181 packages loaded, 12619 targets configured)

Analyzing: target //tools/lint:rustfmt_with_config (181 packages loaded, 12619 targets configured)

Analyzing: target //tools/lint:rustfmt_with_config (181 packages loaded, 12619 targets configured)

Analyzing: target //tools/lint:rustfmt_with_config (181 packages loaded, 12619 targets configured)

INFO: Analyzed target //tools/lint:rustfmt_with_config (182 packages loaded, 12699 targets configured).
[1 / 1] no actions running
[13 / 25] checking cached actions
[109 / 111] [Prepa] Compiling Rust rlib runfiles (1 file)
[109 / 111] Compiling Rust rlib runfiles (1 file); 0s linux-sandbox
[110 / 111] [Prepa] Compiling Rust bin rustfmt (1 file)
[110 / 111] Compiling Rust bin rustfmt (1 file); 1s linux-sandbox
INFO: Found 1 target...
Target //tools/lint:rustfmt_with_config up-to-date:
  bazel-bin/tools/lint/rustfmt_wrapper.sh
  bazel-bin/tools/lint/rustfmt_with_config
INFO: Elapsed time: 54.552s, Critical Path: 4.88s
INFO: 8 processes: 105 action cache hit, 6 internal, 2 linux-sandbox.
INFO: Build completed successfully, 8 total actions
INFO: Running command line: bazel-bin/tools/lint/rustfmt_with_config <args omitted>
