$TEST_TMPDIR defined, some defaults will be overridden
OpenJDK 64-Bit Server VM warning: Options -Xverify:none and -noverify were deprecated in JDK 13 and will likely be removed in a future release.
WARNING: The following configs were expanded more than once: [linux_x64_gcc_15]. For repeatable flags, repeats are counted twice and may lead to unexpected behavior.
Computing main repo mapping: 
Computing main repo mapping: 
WARNING: The following configs were expanded more than once: [linux_x64_gcc_15]. For repeatable flags, repeats are counted twice and may lead to unexpected behavior.
Computing main repo mapping: 
Computing main repo mapping: 
Computing main repo mapping: 
Computing main repo mapping: 
Computing main repo mapping: 
Loading: 
Loading: 5 packages loaded
Analyzing: target //:format (6 packages loaded)
Analyzing: target //:format (6 packages loaded, 0 targets configured)
Analyzing: target //:format (6 packages loaded, 0 targets configured)

Analyzing: target //:format (100 packages loaded, 11 targets configured)

DEBUG: Rule '+_repo_rules3+clang_format' indicated that a canonical reproducible form can be obtained by modifying arguments integrity = "sha256-Lj6lg0XiCgKLjDWv+WT3TfFOTNF+LVJKjvwbqeztfaI="
DEBUG: Repository +_repo_rules3+clang_format instantiated at:
  <builtin>: in <toplevel>
Repository rule file defined at:
  /media/jefferson/11c42dee-73a3-4c2b-ab42-a0440011d9e0/.s-core-build/runs/communication-complete-3c7jhdey/bazel-output/8d7477de0cf318c0a7997a7b39c23d59/external/download_utils+/download/file/repository.bzl:75:23: in <toplevel>
Analyzing: target //:format (146 packages loaded, 479 targets configured)

Analyzing: target //:format (183 packages loaded, 7790 targets configured)

Analyzing: target //:format (187 packages loaded, 12706 targets configured)

Analyzing: target //:format (187 packages loaded, 12706 targets configured)

Analyzing: target //:format (188 packages loaded, 12712 targets configured)

Analyzing: target //:format (188 packages loaded, 12712 targets configured)

Analyzing: target //:format (195 packages loaded, 12746 targets configured)

Analyzing: target //:format (195 packages loaded, 12746 targets configured)

Analyzing: target //:format (195 packages loaded, 12746 targets configured)

INFO: Analyzed target //:format (198 packages loaded, 14633 targets configured).
[29 / 79] checking cached actions
[116 / 126] checking cached actions
INFO: Found 1 target...
Target //:format up-to-date:
  bazel-bin/format.bash
INFO: Elapsed time: 33.296s, Critical Path: 0.30s
INFO: 19 processes: 109 action cache hit, 19 internal.
INFO: Build completed successfully, 19 total actions
INFO: Running command line: bazel-bin/format.bash <args omitted>
3 files left unchanged
Formatted Python in 0m0.020s
Formatted Starlark in 0m0.024s
Formatted C++ in 0m0.290s
Formatted Rust in 0m0.245s
