$TEST_TMPDIR defined, some defaults will be overridden
OpenJDK 64-Bit Server VM warning: Options -Xverify:none and -noverify were deprecated in JDK 13 and will likely be removed in a future release.
WARNING: The following configs were expanded more than once: [linux_x64_gcc_15]. For repeatable flags, repeats are counted twice and may lead to unexpected behavior.
Computing main repo mapping: 
Computing main repo mapping: 
WARNING: The following configs were expanded more than once: [linux_x64_gcc_15]. For repeatable flags, repeats are counted twice and may lead to unexpected behavior.
Computing main repo mapping: 
Computing main repo mapping: 
Computing main repo mapping: 
Computing main repo mapping: 
Loading: 
Loading: 5 packages loaded
Loading: 5 packages loaded
    currently loading: score/mw/com/test/basic_rust_api/all_services_stream/integration_test
Analyzing: target //score/mw/com/test/basic_rust_api/all_services_stream/integration_test:test_com_api_all_services_stream (6 packages loaded, 0 targets configured)
Analyzing: target //score/mw/com/test/basic_rust_api/all_services_stream/integration_test:test_com_api_all_services_stream (6 packages loaded, 0 targets configured)

Analyzing: target //score/mw/com/test/basic_rust_api/all_services_stream/integration_test:test_com_api_all_services_stream (10 packages loaded, 7 targets configured)

Analyzing: target //score/mw/com/test/basic_rust_api/all_services_stream/integration_test:test_com_api_all_services_stream (103 packages loaded, 22 targets configured)

Analyzing: target //score/mw/com/test/basic_rust_api/all_services_stream/integration_test:test_com_api_all_services_stream (230 packages loaded, 7647 targets configured)

Analyzing: target //score/mw/com/test/basic_rust_api/all_services_stream/integration_test:test_com_api_all_services_stream (383 packages loaded, 16542 targets configured)

WARNING: /media/jefferson/11c42dee-73a3-4c2b-ab42-a0440011d9e0/.s-core-build/runs/communication-complete-3c7jhdey/workspaces/integrated/MODULE.bazel:196:20: The module extension apt defined in @rules_distroless//apt:extensions.bzl reported incorrect imports of repositories via use_repo():

Imported, but reported as indirect dependencies by the extension:
    ubuntu24_04_sysroot_resolve

Fix the use_repo calls by running 'bazel mod tidy'.
Analyzing: target //score/mw/com/test/basic_rust_api/all_services_stream/integration_test:test_com_api_all_services_stream (456 packages loaded, 16961 targets configured)

Analyzing: target //score/mw/com/test/basic_rust_api/all_services_stream/integration_test:test_com_api_all_services_stream (463 packages loaded, 16984 targets configured)

Analyzing: target //score/mw/com/test/basic_rust_api/all_services_stream/integration_test:test_com_api_all_services_stream (474 packages loaded, 17038 targets configured)

Analyzing: target //score/mw/com/test/basic_rust_api/all_services_stream/integration_test:test_com_api_all_services_stream (490 packages loaded, 17114 targets configured)

Analyzing: target //score/mw/com/test/basic_rust_api/all_services_stream/integration_test:test_com_api_all_services_stream (495 packages loaded, 17334 targets configured)

Analyzing: target //score/mw/com/test/basic_rust_api/all_services_stream/integration_test:test_com_api_all_services_stream (497 packages loaded, 17345 targets configured)

Analyzing: target //score/mw/com/test/basic_rust_api/all_services_stream/integration_test:test_com_api_all_services_stream (511 packages loaded, 17428 targets configured)

Analyzing: target //score/mw/com/test/basic_rust_api/all_services_stream/integration_test:test_com_api_all_services_stream (511 packages loaded, 17428 targets configured)

Analyzing: target //score/mw/com/test/basic_rust_api/all_services_stream/integration_test:test_com_api_all_services_stream (511 packages loaded, 17428 targets configured)

Analyzing: target //score/mw/com/test/basic_rust_api/all_services_stream/integration_test:test_com_api_all_services_stream (525 packages loaded, 17640 targets configured)

Analyzing: target //score/mw/com/test/basic_rust_api/all_services_stream/integration_test:test_com_api_all_services_stream (533 packages loaded, 17796 targets configured)

Analyzing: target //score/mw/com/test/basic_rust_api/all_services_stream/integration_test:test_com_api_all_services_stream (535 packages loaded, 17849 targets configured)

Analyzing: target //score/mw/com/test/basic_rust_api/all_services_stream/integration_test:test_com_api_all_services_stream (544 packages loaded, 18438 targets configured)

INFO: Analyzed target //score/mw/com/test/basic_rust_api/all_services_stream/integration_test:test_com_api_all_services_stream (545 packages loaded, 18466 targets configured).
[1 / 1] no actions running
[63 / 1,422] checking cached actions
[102 / 1,475] [Prepa] Creating symlink to ambiguous lib: external/score_baselibs++_repo_rules+acl-deb/usr/lib/x86_64-linux-gnu/libacl.a
[131 / 1,475] checking cached actions
[151 / 1,475] [Prepa] Creating symlink external/gawk+/config/config.h [for tool]
[287 / 1,475] Compiling score/mw/com/test/basic_rust_api/bigdata_com_api_gen.cpp; 0s linux-sandbox ... (5 actions, 4 running)
[507 / 1,475] Compiling score/mw/com/test/basic_rust_api/bigdata_com_api_gen.cpp; 1s linux-sandbox ... (4 actions, 3 running)
[762 / 1,475] Compiling score/mw/com/test/basic_rust_api/bigdata_com_api_gen.cpp; 2s linux-sandbox ... (4 actions running)
[902 / 1,475] Compiling score/mw/com/test/basic_rust_api/bigdata_com_api_gen.cpp; 3s linux-sandbox ... (4 actions running)
[1,242 / 1,475] Compiling score/mw/com/test/basic_rust_api/bigdata_com_api_gen.cpp; 4s linux-sandbox ... (5 actions, 4 running)
[1,370 / 1,475] Compiling score/mw/com/test/basic_rust_api/bigdata_com_api_gen.cpp; 6s linux-sandbox ... (6 actions, 5 running)
[1,376 / 1,475] Compiling score/mw/com/test/basic_rust_api/bigdata_com_api_gen.cpp; 7s linux-sandbox ... (6 actions, 5 running)
[1,379 / 1,475] Compiling score/mw/com/test/basic_rust_api/bigdata_com_api_gen.cpp; 8s linux-sandbox ... (6 actions, 5 running)
[1,383 / 1,475] Compiling score/mw/com/test/basic_rust_api/bigdata_com_api_gen.cpp; 9s linux-sandbox ... (6 actions, 5 running)
INFO: From Compiling score/mw/com/com_error_domain.cpp:
In file included from ./score/mw/com/com_error_domain.h:16,
                 from score/mw/com/com_error_domain.cpp:13:
./score/mw/com/impl/com_error.h: In member function 'virtual std::string_view score::mw::com::impl::ComErrorDomain::MessageFor(const score::result::ErrorCode&) const':
./score/mw/com/impl/com_error.h:186:65: warning: 'score::mw::com::impl::ComErrc::kServiceInstanceAlreadyOffered' is deprecated: Value has never been used. Calls to OfferService shall be idempotent. [-Wdeprecated-declarations]
  186 |             case static_cast<score::result::ErrorCode>(ComErrc::kServiceInstanceAlreadyOffered):
      |                                                                 ^~~~~~~~~~~~~~~~~~~~~~~~~~~~~~
./score/mw/com/impl/com_error.h:57:5: note: declared here
   57 |     kServiceInstanceAlreadyOffered
      |     ^~~~~~~~~~~~~~~~~~~~~~~~~~~~~~
[1,384 / 1,475] Compiling score/mw/com/test/basic_rust_api/bigdata_com_api_gen.cpp; 10s linux-sandbox ... (6 actions, 5 running)
INFO: From Compiling score/mw/com/test/basic_rust_api/bigdata_com_api_gen.cpp:
In file included from ./score/mw/com/impl/instance_identifier.h:16,
                 from ./score/mw/com/impl/handle_type.h:18,
                 from ./score/mw/com/impl/proxy_base.h:18,
                 from ./score/mw/com/impl/generic_proxy_event.h:18,
                 from ./score/mw/com/impl/generic_proxy.h:18,
                 from ./score/mw/com/types.h:24,
                 from ./score/mw/com/test/common_test_resources/big_datatype.h:20,
                 from ./score/mw/com/test/basic_rust_api/bigdata_com_api_gen.h:19,
                 from score/mw/com/test/basic_rust_api/bigdata_com_api_gen.cpp:14:
./score/mw/com/impl/com_error.h: In member function 'virtual std::string_view score::mw::com::impl::ComErrorDomain::MessageFor(const score::result::ErrorCode&) const':
./score/mw/com/impl/com_error.h:186:65: warning: 'score::mw::com::impl::ComErrc::kServiceInstanceAlreadyOffered' is deprecated: Value has never been used. Calls to OfferService shall be idempotent. [-Wdeprecated-declarations]
  186 |             case static_cast<score::result::ErrorCode>(ComErrc::kServiceInstanceAlreadyOffered):
      |                                                                 ^~~~~~~~~~~~~~~~~~~~~~~~~~~~~~
./score/mw/com/impl/com_error.h:57:5: note: declared here
   57 |     kServiceInstanceAlreadyOffered
      |     ^~~~~~~~~~~~~~~~~~~~~~~~~~~~~~
INFO: From Compiling score/mw/com/rust/score_com_cpp_bridge/register_interface.cpp:
In file included from ./score/mw/com/impl/instance_identifier.h:16,
                 from ./score/mw/com/impl/handle_type.h:18,
                 from ./score/mw/com/impl/proxy_base.h:18,
                 from ./score/mw/com/impl/rust/com-api/com-api-ffi-lola/registry_bridge_macro.h:68,
                 from ./score/mw/com/rust/score_com_cpp_bridge/register_interface.h:45,
                 from score/mw/com/rust/score_com_cpp_bridge/register_interface.cpp:14:
./score/mw/com/impl/com_error.h: In member function 'virtual std::string_view score::mw::com::impl::ComErrorDomain::MessageFor(const score::result::ErrorCode&) const':
./score/mw/com/impl/com_error.h:186:65: warning: 'score::mw::com::impl::ComErrc::kServiceInstanceAlreadyOffered' is deprecated: Value has never been used. Calls to OfferService shall be idempotent. [-Wdeprecated-declarations]
  186 |             case static_cast<score::result::ErrorCode>(ComErrc::kServiceInstanceAlreadyOffered):
      |                                                                 ^~~~~~~~~~~~~~~~~~~~~~~~~~~~~~
./score/mw/com/impl/com_error.h:57:5: note: declared here
   57 |     kServiceInstanceAlreadyOffered
      |     ^~~~~~~~~~~~~~~~~~~~~~~~~~~~~~
[1,392 / 1,475] Compiling debug.c [for tool]; 3s linux-sandbox ... (2 actions running)
[1,427 / 1,475] Compiling score/mw/com/test/common_test_resources/big_datatype.cpp; 2s linux-sandbox ... (6 actions running)
[1,464 / 1,475] Compiling score/mw/com/test/common_test_resources/big_datatype.cpp; 3s linux-sandbox ... (3 actions, 2 running)
[1,467 / 1,475] Compiling score/mw/com/test/common_test_resources/big_datatype.cpp; 5s linux-sandbox
INFO: From Compiling score/mw/com/test/common_test_resources/big_datatype.cpp:
In file included from ./score/mw/com/impl/instance_identifier.h:16,
                 from ./score/mw/com/impl/handle_type.h:18,
                 from ./score/mw/com/impl/proxy_base.h:18,
                 from ./score/mw/com/impl/generic_proxy_event.h:18,
                 from ./score/mw/com/impl/generic_proxy.h:18,
                 from ./score/mw/com/types.h:24,
                 from ./score/mw/com/test/common_test_resources/big_datatype.h:20,
                 from score/mw/com/test/common_test_resources/big_datatype.cpp:14:
./score/mw/com/impl/com_error.h: In member function 'virtual std::string_view score::mw::com::impl::ComErrorDomain::MessageFor(const score::result::ErrorCode&) const':
./score/mw/com/impl/com_error.h:186:65: warning: 'score::mw::com::impl::ComErrc::kServiceInstanceAlreadyOffered' is deprecated: Value has never been used. Calls to OfferService shall be idempotent. [-Wdeprecated-declarations]
  186 |             case static_cast<score::result::ErrorCode>(ComErrc::kServiceInstanceAlreadyOffered):
      |                                                                 ^~~~~~~~~~~~~~~~~~~~~~~~~~~~~~
./score/mw/com/impl/com_error.h:57:5: note: declared here
   57 |     kServiceInstanceAlreadyOffered
      |     ^~~~~~~~~~~~~~~~~~~~~~~~~~~~~~
[1,469 / 1,475] Compiling Rust bin all-services-consumer (1 file); 0s linux-sandbox ... (2 actions running)
[1,470 / 1,475] Compiling Rust bin all-services-consumer (1 file); 3s linux-sandbox
[1,472 / 1,475] OCI Descriptor score/mw/com/test/basic_rust_api/all_services_stream/integration_test/_oci_filesystem_test_com_api_all_services_stream.tar; 0s linux-sandbox
[1,473 / 1,475] OCI Image //score/mw/com/test/basic_rust_api/all_services_stream/integration_test:_image_test_com_api_all_services_stream; 1s linux-sandbox
[1,474 / 1,475] [Prepa] OCITarballManifest score/mw/com/test/basic_rust_api/all_services_stream/integration_test/_image_test_com_api_all_services_stream_loader/tarball.spec
[1,475 / 1,476] Testing //score/mw/com/test/basic_rust_api/all_services_stream/integration_test:test_com_api_all_services_stream; 1s linux-sandbox
[1,475 / 1,476] Testing //score/mw/com/test/basic_rust_api/all_services_stream/integration_test:test_com_api_all_services_stream; 11s linux-sandbox
[1,475 / 1,476] 1 / 1 tests; Testing //score/mw/com/test/basic_rust_api/all_services_stream/integration_test:test_com_api_all_services_stream; 26s linux-sandbox
INFO: Found 1 test target...
Target //score/mw/com/test/basic_rust_api/all_services_stream/integration_test:test_com_api_all_services_stream up-to-date:
  bazel-bin/score/mw/com/test/basic_rust_api/all_services_stream/integration_test/test_com_api_all_services_stream
INFO: Elapsed time: 91.125s, Critical Path: 47.12s
INFO: 240 processes: 1250 action cache hit, 110 internal, 130 linux-sandbox.
INFO: Build completed successfully, 240 total actions
INFO: 
//score/mw/com/test/basic_rust_api/all_services_stream/integration_test:test_com_api_all_services_stream PASSED in 26.9s

Executed 1 out of 1 test: 1 test passes.
There were tests whose specified size is too big. Use the --test_verbose_timeout_warnings command line option to see which ones these are.
INFO: Build Event Protocol files produced successfully.
