$TEST_TMPDIR defined, some defaults will be overridden
OpenJDK 64-Bit Server VM warning: Options -Xverify:none and -noverify were deprecated in JDK 13 and will likely be removed in a future release.
WARNING: The following configs were expanded more than once: [linux_x64_gcc_15]. For repeatable flags, repeats are counted twice and may lead to unexpected behavior.
Computing main repo mapping: 
Computing main repo mapping: 
WARNING: The following configs were expanded more than once: [linux_x64_gcc_15]. For repeatable flags, repeats are counted twice and may lead to unexpected behavior.
Computing main repo mapping: 
Computing main repo mapping: 
Computing main repo mapping: 
Computing main repo mapping: 
Computing main repo mapping: 
Computing main repo mapping: 
Computing main repo mapping: 
Loading: 
Loading: 5 packages loaded
Analyzing: target //score/mw/com/test/basic_rust_api/consumer_any_apis/integration_test:test_com_api_any (6 packages loaded, 0 targets configured)
Analyzing: target //score/mw/com/test/basic_rust_api/consumer_any_apis/integration_test:test_com_api_any (6 packages loaded, 0 targets configured)

Analyzing: target //score/mw/com/test/basic_rust_api/consumer_any_apis/integration_test:test_com_api_any (99 packages loaded, 22 targets configured)

Analyzing: target //score/mw/com/test/basic_rust_api/consumer_any_apis/integration_test:test_com_api_any (162 packages loaded, 3166 targets configured)

WARNING: /media/jefferson/11c42dee-73a3-4c2b-ab42-a0440011d9e0/.s-core-build/runs/communication-complete-3c7jhdey/workspaces/integrated/MODULE.bazel:196:20: The module extension apt defined in @rules_distroless//apt:extensions.bzl reported incorrect imports of repositories via use_repo():

Imported, but reported as indirect dependencies by the extension:
    ubuntu24_04_sysroot_resolve

Fix the use_repo calls by running 'bazel mod tidy'.
Analyzing: target //score/mw/com/test/basic_rust_api/consumer_any_apis/integration_test:test_com_api_any (456 packages loaded, 12747 targets configured)

Analyzing: target //score/mw/com/test/basic_rust_api/consumer_any_apis/integration_test:test_com_api_any (505 packages loaded, 17664 targets configured)

Analyzing: target //score/mw/com/test/basic_rust_api/consumer_any_apis/integration_test:test_com_api_any (559 packages loaded, 18858 targets configured)

INFO: Analyzed target //score/mw/com/test/basic_rust_api/consumer_any_apis/integration_test:test_com_api_any (559 packages loaded, 18861 targets configured).
[97 / 963] checking cached actions
[484 / 1,501] OCI Descriptor external/rules_distroless++apt+ubuntu24_04_integration_testing/dpkg_status.tar; 0s linux-sandbox
[1,382 / 1,501] OCI Descriptor external/rules_distroless++apt+ubuntu24_04_integration_testing_coreutils_9.4-3ubuntu6.2_amd64/layer.tar.gz; 0s linux-sandbox ... (4 actions running)
[1,491 / 1,501] Compiling Rust rlib heck v0.5.0 (9 files) [for tool]; 1s linux-sandbox ... (2 actions, 1 running)
[1,492 / 1,501] Compiling Rust rlib clap_builder v4.6.7 (57 files); 1s linux-sandbox ... (2 actions running)
[1,493 / 1,501] Compiling Rust proc-macro clap_derive v4.6.7 (16 files) [for tool]; 4s linux-sandbox
[1,494 / 1,501] [Prepa] Compiling Rust rlib clap v4.6.7 (85 files)
[1,495 / 1,501] Compiling Rust bin bigdata-producer (1 file); 0s linux-sandbox ... (2 actions running)
[1,497 / 1,501] [Prepa] Writing: bazel-out/k8-fastbuild/bin/score/mw/com/test/basic_rust_api/consumer_any_apis/integration_test/_oci_filesystem_test_com_api_any.tar
[1,499 / 1,501] OCI Image //score/mw/com/test/basic_rust_api/consumer_any_apis/integration_test:_image_test_com_api_any; 0s linux-sandbox
[1,500 / 1,501] [Prepa] OCITarballManifest score/mw/com/test/basic_rust_api/consumer_any_apis/integration_test/_image_test_com_api_any_loader/tarball.spec
[1,501 / 1,502] Testing //score/mw/com/test/basic_rust_api/consumer_any_apis/integration_test:test_com_api_any; 1s linux-sandbox
[1,501 / 1,502] Testing //score/mw/com/test/basic_rust_api/consumer_any_apis/integration_test:test_com_api_any; 11s linux-sandbox
[1,501 / 1,502] 1 / 1 tests; Testing //score/mw/com/test/basic_rust_api/consumer_any_apis/integration_test:test_com_api_any; 26s linux-sandbox
INFO: Found 1 test target...
Target //score/mw/com/test/basic_rust_api/consumer_any_apis/integration_test:test_com_api_any up-to-date:
  bazel-bin/score/mw/com/test/basic_rust_api/consumer_any_apis/integration_test/test_com_api_any
INFO: Elapsed time: 66.856s, Critical Path: 45.95s
INFO: 164 processes: 1354 action cache hit, 97 internal, 67 linux-sandbox.
INFO: Build completed successfully, 164 total actions
INFO: 
//score/mw/com/test/basic_rust_api/consumer_any_apis/integration_test:test_com_api_any PASSED in 26.7s

Executed 1 out of 1 test: 1 test passes.
There were tests whose specified size is too big. Use the --test_verbose_timeout_warnings command line option to see which ones these are.
INFO: Build Event Protocol files produced successfully.
