$TEST_TMPDIR defined, some defaults will be overridden
OpenJDK 64-Bit Server VM warning: Options -Xverify:none and -noverify were deprecated in JDK 13 and will likely be removed in a future release.
WARNING: The following configs were expanded more than once: [linux_x64_gcc_15]. For repeatable flags, repeats are counted twice and may lead to unexpected behavior.
Computing main repo mapping: 
WARNING: The following configs were expanded more than once: [linux_x64_gcc_15]. For repeatable flags, repeats are counted twice and may lead to unexpected behavior.
Computing main repo mapping: 
Computing main repo mapping: 
Computing main repo mapping: 
Computing main repo mapping: 
Loading: 
Loading: 5 packages loaded
Analyzing: target //score/mw/com/test/basic_rust_api/subscription_state_apis/integration_test:test_subscription_state_apis (6 packages loaded, 0 targets configured)
Analyzing: target //score/mw/com/test/basic_rust_api/subscription_state_apis/integration_test:test_subscription_state_apis (6 packages loaded, 0 targets configured)

Analyzing: target //score/mw/com/test/basic_rust_api/subscription_state_apis/integration_test:test_subscription_state_apis (103 packages loaded, 22 targets configured)

WARNING: /media/jefferson/11c42dee-73a3-4c2b-ab42-a0440011d9e0/.s-core-build/runs/communication-complete-3c7jhdey/workspaces/integrated/MODULE.bazel:196:20: The module extension apt defined in @rules_distroless//apt:extensions.bzl reported incorrect imports of repositories via use_repo():

Imported, but reported as indirect dependencies by the extension:
    ubuntu24_04_sysroot_resolve

Fix the use_repo calls by running 'bazel mod tidy'.
Analyzing: target //score/mw/com/test/basic_rust_api/subscription_state_apis/integration_test:test_subscription_state_apis (385 packages loaded, 10880 targets configured)

Analyzing: target //score/mw/com/test/basic_rust_api/subscription_state_apis/integration_test:test_subscription_state_apis (498 packages loaded, 17371 targets configured)

INFO: Analyzed target //score/mw/com/test/basic_rust_api/subscription_state_apis/integration_test:test_subscription_state_apis (545 packages loaded, 18463 targets configured).
[37 / 637] checking cached actions
[98 / 1,434] [Prepa] Expanding template score/mw/com/test/basic_rust_api/subscription_state_apis/integration_test/image__image_test_subscription_state_apis.sh
[159 / 1,434] [Prepa] Creating symlink to ambiguous lib: external/score_baselibs++_repo_rules+acl-deb/usr/lib/x86_64-linux-gnu/libacl.a
[961 / 1,434] OCI Descriptor external/rules_distroless++apt+ubuntu24_04_integration_testing_bash_5.2.21-2ubuntu4_amd64/layer.tar.gz; 0s linux-sandbox ... (2 actions, 1 running)
[1,429 / 1,434] Compiling Rust bin subscription-state-apis (1 file); 0s linux-sandbox
[1,430 / 1,434] [Prepa] Writing: bazel-out/k8-fastbuild/bin/score/mw/com/test/basic_rust_api/subscription_state_apis/integration_test/_oci_filesystem_test_subscription_state_apis.tar
[1,432 / 1,434] OCI Image //score/mw/com/test/basic_rust_api/subscription_state_apis/integration_test:_image_test_subscription_state_apis; 1s linux-sandbox
[1,433 / 1,434] [Prepa] OCITarballManifest score/mw/com/test/basic_rust_api/subscription_state_apis/integration_test/_image_test_subscription_state_apis_loader/tarball.spec
[1,434 / 1,435] Testing //score/mw/com/test/basic_rust_api/subscription_state_apis/integration_test:test_subscription_state_apis; 1s linux-sandbox
[1,434 / 1,435] Testing //score/mw/com/test/basic_rust_api/subscription_state_apis/integration_test:test_subscription_state_apis; 11s linux-sandbox
[1,434 / 1,435] 1 / 1 tests; Testing //score/mw/com/test/basic_rust_api/subscription_state_apis/integration_test:test_subscription_state_apis; 28s linux-sandbox
INFO: Found 1 test target...
Target //score/mw/com/test/basic_rust_api/subscription_state_apis/integration_test:test_subscription_state_apis up-to-date:
  bazel-bin/score/mw/com/test/basic_rust_api/subscription_state_apis/integration_test/test_subscription_state_apis
INFO: Elapsed time: 50.438s, Critical Path: 34.91s
INFO: 99 processes: 1352 action cache hit, 57 internal, 42 linux-sandbox.
INFO: Build completed successfully, 99 total actions
INFO: 
//score/mw/com/test/basic_rust_api/subscription_state_apis/integration_test:test_subscription_state_apis PASSED in 28.0s

Executed 1 out of 1 test: 1 test passes.
There were tests whose specified size is too big. Use the --test_verbose_timeout_warnings command line option to see which ones these are.
INFO: Build Event Protocol files produced successfully.
