OpenJDK 64-Bit Server VM warning: Options -Xverify:none and -noverify were deprecated in JDK 13 and will likely be removed in a future release.
Computing main repo mapping: 
Computing main repo mapping: 
Computing main repo mapping: 
Computing main repo mapping: 
Computing main repo mapping: 
Loading: 
Loading: 5 packages loaded
Analyzing: 2 targets (6 packages loaded, 0 targets configured)
Analyzing: 2 targets (6 packages loaded, 0 targets configured)

Analyzing: 2 targets (107 packages loaded, 454 targets configured)

Analyzing: 2 targets (170 packages loaded, 6261 targets configured)

INFO: Analyzed 2 targets (178 packages loaded, 11310 targets configured).
[16 / 20] [Prepa] Creating source manifest for //tools/lint/buildifier:buildifier_lint ... (2 actions, 0 running)
FAIL: //tools/lint/buildifier:buildifier_lint_test (Exit 1) (see /media/jefferson/11c42dee-73a3-4c2b-ab42-a0440011d9e0/.s-core-build/runs/score-communication-bug-recovery-fw8j963z/bazel-output/ae3faa9c0dd5776ee8fa52806c33e0fc/execroot/_main/bazel-out/k8-fastbuild/testlogs/tools/lint/buildifier/buildifier_lint_test/test.log)
INFO: From Testing //tools/lint/buildifier:buildifier_lint_test:
INFO: Found 1 target and 1 test target...
INFO: Elapsed time: 9.858s, Critical Path: 0.44s
INFO: 20 processes: 1 action cache hit, 18 internal, 2 processwrapper-sandbox.
INFO: Build completed, 1 test FAILED, 20 total actions
