$TEST_TMPDIR defined, some defaults will be overridden
OpenJDK 64-Bit Server VM warning: Options -Xverify:none and -noverify were deprecated in JDK 13 and will likely be removed in a future release.
WARNING: The following configs were expanded more than once: [linux_x64_gcc_15]. For repeatable flags, repeats are counted twice and may lead to unexpected behavior.
Computing main repo mapping: 
WARNING: The following configs were expanded more than once: [linux_x64_gcc_15]. For repeatable flags, repeats are counted twice and may lead to unexpected behavior.
Computing main repo mapping: 
Computing main repo mapping: 
Computing main repo mapping: 
Loading: 
Loading: 5 packages loaded
Analyzing: target //tools/lint:rustfmt_with_config (6 packages loaded, 0 targets configured)
Analyzing: target //tools/lint:rustfmt_with_config (6 packages loaded, 0 targets configured)

Analyzing: target //tools/lint:rustfmt_with_config (97 packages loaded, 7 targets configured)

Analyzing: target //tools/lint:rustfmt_with_config (178 packages loaded, 6583 targets configured)

INFO: Analyzed target //tools/lint:rustfmt_with_config (182 packages loaded, 12699 targets configured).
[17 / 64] checking cached actions
[107 / 111] [Prepa] Compiling Rust (without process_wrapper) rlib tinyjson (4 files) [for tool]
[108 / 111] Compiling Rust (without process_wrapper) bin process_wrapper (6 files) [for tool]; 1s linux-sandbox
INFO: Found 1 target...
Target //tools/lint:rustfmt_with_config up-to-date:
  bazel-bin/tools/lint/rustfmt_wrapper.sh
  bazel-bin/tools/lint/rustfmt_with_config
INFO: Elapsed time: 15.958s, Critical Path: 1.92s
INFO: 4 processes: 109 action cache hit, 2 internal, 2 linux-sandbox.
INFO: Build completed successfully, 4 total actions
INFO: 
INFO: Running command line: bazel-bin/tools/lint/rustfmt_with_config <args omitted>
INFO: Build Event Protocol files produced successfully.
