OpenJDK 64-Bit Server VM warning: Options -Xverify:none and -noverify were deprecated in JDK 13 and will likely be removed in a future release.
Computing main repo mapping: 
Computing main repo mapping: 
Computing main repo mapping: 
Computing main repo mapping: 
Computing main repo mapping: 
Computing main repo mapping: 
Computing main repo mapping: 
Computing main repo mapping: 
Computing main repo mapping: 
Computing main repo mapping: 
Loading: 
Loading: 5 packages loaded
Analyzing: target //score/mw/com/dependability/safety_analysis:aous (6 packages loaded, 0 targets configured)
Analyzing: target //score/mw/com/dependability/safety_analysis:aous (6 packages loaded, 0 targets configured)

Analyzing: target //score/mw/com/dependability/safety_analysis:aous (111 packages loaded, 113 targets configured)

Analyzing: target //score/mw/com/dependability/safety_analysis:aous (122 packages loaded, 113 targets configured)

Analyzing: target //score/mw/com/dependability/safety_analysis:aous (125 packages loaded, 113 targets configured)

Analyzing: target //score/mw/com/dependability/safety_analysis:aous (127 packages loaded, 113 targets configured)

Analyzing: target //score/mw/com/dependability/safety_analysis:aous (128 packages loaded, 113 targets configured)

Analyzing: target //score/mw/com/dependability/safety_analysis:aous (128 packages loaded, 113 targets configured)

Analyzing: target //score/mw/com/dependability/safety_analysis:aous (128 packages loaded, 113 targets configured)

Analyzing: target //score/mw/com/dependability/safety_analysis:aous (128 packages loaded, 113 targets configured)

Analyzing: target //score/mw/com/dependability/safety_analysis:aous (128 packages loaded, 113 targets configured)

Analyzing: target //score/mw/com/dependability/safety_analysis:aous (128 packages loaded, 113 targets configured)

Analyzing: target //score/mw/com/dependability/safety_analysis:aous (128 packages loaded, 113 targets configured)

Analyzing: target //score/mw/com/dependability/safety_analysis:aous (128 packages loaded, 113 targets configured)

Analyzing: target //score/mw/com/dependability/safety_analysis:aous (128 packages loaded, 113 targets configured)

Analyzing: target //score/mw/com/dependability/safety_analysis:aous (128 packages loaded, 113 targets configured)

Analyzing: target //score/mw/com/dependability/safety_analysis:aous (128 packages loaded, 113 targets configured)

Analyzing: target //score/mw/com/dependability/safety_analysis:aous (128 packages loaded, 113 targets configured)

Analyzing: target //score/mw/com/dependability/safety_analysis:aous (128 packages loaded, 113 targets configured)

Analyzing: target //score/mw/com/dependability/safety_analysis:aous (128 packages loaded, 113 targets configured)

Analyzing: target //score/mw/com/dependability/safety_analysis:aous (128 packages loaded, 113 targets configured)

Analyzing: target //score/mw/com/dependability/safety_analysis:aous (128 packages loaded, 113 targets configured)

Analyzing: target //score/mw/com/dependability/safety_analysis:aous (129 packages loaded, 113 targets configured)

Analyzing: target //score/mw/com/dependability/safety_analysis:aous (129 packages loaded, 113 targets configured)

Analyzing: target //score/mw/com/dependability/safety_analysis:aous (188 packages loaded, 3259 targets configured)

Analyzing: target //score/mw/com/dependability/safety_analysis:aous (188 packages loaded, 3259 targets configured)

Analyzing: target //score/mw/com/dependability/safety_analysis:aous (188 packages loaded, 3259 targets configured)

Analyzing: target //score/mw/com/dependability/safety_analysis:aous (188 packages loaded, 3259 targets configured)

Analyzing: target //score/mw/com/dependability/safety_analysis:aous (188 packages loaded, 3259 targets configured)

Analyzing: target //score/mw/com/dependability/safety_analysis:aous (188 packages loaded, 3259 targets configured)

Analyzing: target //score/mw/com/dependability/safety_analysis:aous (188 packages loaded, 3259 targets configured)

Analyzing: target //score/mw/com/dependability/safety_analysis:aous (188 packages loaded, 3259 targets configured)

Analyzing: target //score/mw/com/dependability/safety_analysis:aous (188 packages loaded, 3259 targets configured)

Analyzing: target //score/mw/com/dependability/safety_analysis:aous (188 packages loaded, 3259 targets configured)

Analyzing: target //score/mw/com/dependability/safety_analysis:aous (188 packages loaded, 3259 targets configured)

Analyzing: target //score/mw/com/dependability/safety_analysis:aous (188 packages loaded, 3259 targets configured)

Analyzing: target //score/mw/com/dependability/safety_analysis:aous (188 packages loaded, 3259 targets configured)

Analyzing: target //score/mw/com/dependability/safety_analysis:aous (188 packages loaded, 3259 targets configured)

Analyzing: target //score/mw/com/dependability/safety_analysis:aous (188 packages loaded, 3259 targets configured)

Analyzing: target //score/mw/com/dependability/safety_analysis:aous (188 packages loaded, 3259 targets configured)

Analyzing: target //score/mw/com/dependability/safety_analysis:aous (188 packages loaded, 3259 targets configured)

Analyzing: target //score/mw/com/dependability/safety_analysis:aous (188 packages loaded, 3259 targets configured)

Analyzing: target //score/mw/com/dependability/safety_analysis:aous (188 packages loaded, 3259 targets configured)

Analyzing: target //score/mw/com/dependability/safety_analysis:aous (188 packages loaded, 3259 targets configured)

Analyzing: target //score/mw/com/dependability/safety_analysis:aous (188 packages loaded, 3259 targets configured)

Analyzing: target //score/mw/com/dependability/safety_analysis:aous (188 packages loaded, 3259 targets configured)

Analyzing: target //score/mw/com/dependability/safety_analysis:aous (188 packages loaded, 3259 targets configured)

Analyzing: target //score/mw/com/dependability/safety_analysis:aous (188 packages loaded, 3259 targets configured)

Analyzing: target //score/mw/com/dependability/safety_analysis:aous (284 packages loaded, 7999 targets configured)

Analyzing: target //score/mw/com/dependability/safety_analysis:aous (306 packages loaded, 9524 targets configured)

Analyzing: target //score/mw/com/dependability/safety_analysis:aous (340 packages loaded, 10554 targets configured)

Analyzing: target //score/mw/com/dependability/safety_analysis:aous (370 packages loaded, 11442 targets configured)

Analyzing: target //score/mw/com/dependability/safety_analysis:aous (370 packages loaded, 11442 targets configured)

Analyzing: target //score/mw/com/dependability/safety_analysis:aous (371 packages loaded, 11462 targets configured)

Analyzing: target //score/mw/com/dependability/safety_analysis:aous (376 packages loaded, 11628 targets configured)

Analyzing: target //score/mw/com/dependability/safety_analysis:aous (376 packages loaded, 11628 targets configured)

Analyzing: target //score/mw/com/dependability/safety_analysis:aous (377 packages loaded, 11649 targets configured)

Analyzing: target //score/mw/com/dependability/safety_analysis:aous (377 packages loaded, 11649 targets configured)

Analyzing: target //score/mw/com/dependability/safety_analysis:aous (377 packages loaded, 11649 targets configured)

Analyzing: target //score/mw/com/dependability/safety_analysis:aous (377 packages loaded, 11649 targets configured)

Analyzing: target //score/mw/com/dependability/safety_analysis:aous (377 packages loaded, 11649 targets configured)

Analyzing: target //score/mw/com/dependability/safety_analysis:aous (380 packages loaded, 13546 targets configured)

Analyzing: target //score/mw/com/dependability/safety_analysis:aous (382 packages loaded, 13597 targets configured)

INFO: Analyzed target //score/mw/com/dependability/safety_analysis:aous (383 packages loaded, 13626 targets configured).
[1 / 1] no actions running
[248 / 547] Compiling src/bfbs_gen_lua.cpp [for tool]; 0s processwrapper-sandbox ... (8 actions, 7 running)
[255 / 547] Compiling src/bfbs_gen_lua.cpp [for tool]; 1s processwrapper-sandbox ... (8 actions, 7 running)
[270 / 547] Compiling src/idl_parser.cpp [for tool]; 3s processwrapper-sandbox ... (8 actions, 7 running)
[280 / 547] Compiling src/idl_parser.cpp [for tool]; 4s processwrapper-sandbox ... (8 actions, 7 running)
[292 / 547] Compiling src/idl_parser.cpp [for tool]; 5s processwrapper-sandbox ... (8 actions, 7 running)
[300 / 547] Compiling src/idl_parser.cpp [for tool]; 6s processwrapper-sandbox ... (8 actions, 7 running)
[308 / 547] Compiling src/idl_parser.cpp [for tool]; 7s processwrapper-sandbox ... (8 actions, 7 running)
[311 / 547] Compiling src/idl_parser.cpp [for tool]; 8s processwrapper-sandbox ... (8 actions, 7 running)
[316 / 547] Compiling src/idl_parser.cpp [for tool]; 9s processwrapper-sandbox ... (8 actions running)
[322 / 547] Compiling src/idl_gen_swift.cpp [for tool]; 3s processwrapper-sandbox ... (8 actions running)
[326 / 547] Compiling src/idl_gen_rust.cpp [for tool]; 4s processwrapper-sandbox ... (8 actions, 7 running)
[333 / 547] Compiling src/idl_gen_cpp.cpp [for tool]; 4s processwrapper-sandbox ... (8 actions, 7 running)
[342 / 547] Compiling src/idl_gen_cpp.cpp [for tool]; 6s processwrapper-sandbox ... (6 actions, 5 running)
[346 / 547] Compiling src/idl_gen_dart.cpp [for tool]; 2s processwrapper-sandbox ... (3 actions running)
[347 / 547] Compiling src/idl_gen_csharp.cpp [for tool]; 3s processwrapper-sandbox ... (2 actions running)
[355 / 547] Compiling Rust proc-macro thiserror_impl v1.0.69 (10 files) [for tool]; 0s processwrapper-sandbox ... (6 actions running)
[360 / 547] Compiling Rust proc-macro serde_derive v1.0.217 (18 files) [for tool]; 1s processwrapper-sandbox ... (4 actions, 3 running)
[363 / 547] Compiling Rust proc-macro serde_derive v1.0.217 (18 files) [for tool]; 3s processwrapper-sandbox ... (2 actions, 1 running)
[365 / 547] Compiling Rust proc-macro serde_derive v1.0.217 (18 files) [for tool]; 4s processwrapper-sandbox ... (2 actions running)
[370 / 547] Compiling Rust rlib serde v1.0.217 (20 files) [for tool]; 1s processwrapper-sandbox ... (2 actions, 1 running)
[372 / 547] Compiling Rust rlib icu_locid_transform v1.5.0 (15 files) [for tool]; 0s processwrapper-sandbox ... (5 actions, 1 running)
[379 / 547] Compiling Rust rlib icu_properties v1.5.1 (14 files) [for tool]; 1s processwrapper-sandbox ... (2 actions running)
[380 / 547] Compiling Rust rlib toml_edit v0.22.24 (58 files) [for tool]; 2s processwrapper-sandbox ... (2 actions running)
[382 / 547] Compiling Rust rlib toml v0.8.20 (29 files) [for tool]; 0s processwrapper-sandbox ... (2 actions, 1 running)
[385 / 547] Compiling Rust rlib url v2.5.4 (9 files) [for tool]; 0s processwrapper-sandbox
[386 / 547] Compiling Rust rlib cargo_util_schemas v0.3.1 (8 files) [for tool]; 1s processwrapper-sandbox
[387 / 547] Compiling Rust bin cargo_toml_variable_extractor (1 file) [for tool]; 0s processwrapper-sandbox
[388 / 547] [Prepa] ExtractCargoTomlEnvVars external/rules_rust++crate+crates__proc-macro2-1.0.107/cargo_toml_env_vars.env [for tool] ... (6 actions, 0 running)
[451 / 547] Compiling Rust rlib memchr v2.8.3 (45 files) [for tool]; 0s processwrapper-sandbox ... (8 actions, 7 running)
[470 / 547] Compiling Rust rlib regex_syntax v0.8.11 (34 files) [for tool]; 1s processwrapper-sandbox ... (8 actions, 7 running)
[495 / 547] Compiling Rust rlib regex_syntax v0.8.11 (34 files) [for tool]; 2s processwrapper-sandbox ... (8 actions, 7 running)
[503 / 547] Compiling Rust rlib syn v2.0.119 (97 files) [for tool]; 2s processwrapper-sandbox ... (5 actions, 4 running)
[504 / 547] Compiling Rust rlib syn v3.0.6 (96 files) [for tool]; 2s processwrapper-sandbox ... (5 actions running)
[505 / 547] Compiling Rust rlib syn v3.0.6 (96 files) [for tool]; 5s processwrapper-sandbox ... (5 actions, 4 running)
[505 / 547] Compiling Rust rlib syn v3.0.6 (96 files) [for tool]; 6s processwrapper-sandbox ... (5 actions running)
[507 / 547] Compiling Rust rlib syn v3.0.6 (96 files) [for tool]; 7s processwrapper-sandbox ... (4 actions running)
[508 / 547] Compiling Rust rlib syn v3.0.6 (96 files) [for tool]; 8s processwrapper-sandbox ... (3 actions running)
[511 / 547] Compiling Rust proc-macro pest_derive v2.9.2 (11 files) [for tool]; 0s processwrapper-sandbox ... (4 actions, 2 running)
[514 / 547] Compiling Rust proc-macro serde_derive v1.0.229 (28 files) [for tool]; 1s processwrapper-sandbox ... (2 actions running)
[515 / 547] Compiling Rust proc-macro serde_derive v1.0.229 (28 files) [for tool]; 4s processwrapper-sandbox ... (2 actions, 1 running)
[522 / 547] Compiling Rust rlib sequence_diagram (1 file) [for tool]; 0s processwrapper-sandbox ... (5 actions, 4 running)
[529 / 547] Compiling Rust rlib puml_parser_core (5 files) [for tool]; 2s processwrapper-sandbox
[529 / 547] Compiling Rust rlib puml_parser_core (5 files) [for tool]; 12s processwrapper-sandbox
[530 / 547] [Prepa] Compiling Rust rlib procedure_preprocessor (4 files) [for tool] ... (6 actions, 0 running)
[531 / 547] Compiling Rust rlib procedure_preprocessor (4 files) [for tool]; 1s processwrapper-sandbox ... (6 actions, 5 running)
[542 / 547] [Prepa] Compiling Rust rlib puml_parser (1 file) [for tool]
[545 / 547] Compiling Rust bin puml_cli (1 file) [for tool]; 0s processwrapper-sandbox
[546 / 547] [Prepa] Processing root cause FTA diagrams for mw_com_safety_analysis
INFO: From Processing root cause FTA diagrams for mw_com_safety_analysis:
[2026-10-06T12:33:25Z WARN  puml_fta] FTA map_containing_nonexistent_events_fta.puml: failure mode(s) ["Communication.MapContainingNonexistentEvents"] have no root cause; they stay uncovered in the traceability report
[2026-10-06T12:33:25Z WARN  puml_fta] FTA sends_to_wrong_consumer_fta.puml: failure mode(s) ["Communication.SendingEventSendsToWrongConsumer"] have no root cause; they stay uncovered in the traceability report
INFO: Found 1 target...
Target //score/mw/com/dependability/safety_analysis:aous up-to-date:
  bazel-bin/score/mw/com/dependability/safety_analysis/mw_com_safety_analysis/fta_events.trlc
INFO: Elapsed time: 169.714s, Critical Path: 70.45s
INFO: 547 processes: 262 internal, 285 processwrapper-sandbox.
INFO: Build completed successfully, 547 total actions
