OpenJDK 64-Bit Server VM warning: Options -Xverify:none and -noverify were deprecated in JDK 13 and will likely be removed in a future release.
Computing main repo mapping: 
Computing main repo mapping: 
Computing main repo mapping: 
Computing main repo mapping: 
Loading: 
Loading: 5 packages loaded
Analyzing: target //:format.check (6 packages loaded, 0 targets configured)
Analyzing: target //:format.check (6 packages loaded, 0 targets configured)

Analyzing: target //:format.check (184 packages loaded, 12621 targets configured)

Analyzing: target //:format.check (184 packages loaded, 12621 targets configured)

Analyzing: target //:format.check (185 packages loaded, 12623 targets configured)

Analyzing: target //:format.check (185 packages loaded, 12623 targets configured)

Analyzing: target //:format.check (185 packages loaded, 12623 targets configured)

Analyzing: target //:format.check (185 packages loaded, 12623 targets configured)

Analyzing: target //:format.check (185 packages loaded, 12623 targets configured)

Analyzing: target //:format.check (185 packages loaded, 12623 targets configured)

DEBUG: Rule '+_repo_rules3+clang_format' indicated that a canonical reproducible form can be obtained by modifying arguments integrity = "sha256-Lj6lg0XiCgKLjDWv+WT3TfFOTNF+LVJKjvwbqeztfaI="
DEBUG: Repository +_repo_rules3+clang_format instantiated at:
  <builtin>: in <toplevel>
Repository rule file defined at:
  /media/jefferson/11c42dee-73a3-4c2b-ab42-a0440011d9e0/.s-core-build/runs/score-communication-bug-queue-8bw5ur7n/bazel-output/e2b31b9e65ffcefdf5aa66abc8f4087f/external/download_utils+/download/file/repository.bzl:75:23: in <toplevel>
Analyzing: target //:format.check (188 packages loaded, 12636 targets configured)

Analyzing: target //:format.check (188 packages loaded, 12636 targets configured)

Analyzing: target //:format.check (189 packages loaded, 12717 targets configured)

INFO: Analyzed target //:format.check (198 packages loaded, 14633 targets configured).
[125 / 126] [Prepa] Compiling Rust bin rustfmt (1 file)
INFO: Found 1 target...
Target //:format.check up-to-date:
  bazel-bin/format.check.bash
INFO: Elapsed time: 21.220s, Critical Path: 0.42s
INFO: 70 processes: 58 action cache hit, 68 internal, 2 processwrapper-sandbox.
INFO: Build completed successfully, 70 total actions
INFO: Running command line: bazel-bin/format.check.bash
168 files already formatted
Formatted Python in 0m0.040s
Formatted Starlark in 0m0.112s
Formatted C++ in 0m14.213s
Formatted Rust in 0m0.139s
