alias rule //score/mw/com/dependability/safety_analysis:aous
_score_requirements_rule rule //score/mw/com/dependability/safety_analysis:aous_internal
py_test rule //score/mw/com/dependability/safety_analysis:aous_internal_test
_dependability_analysis_test rule //score/mw/com/dependability/safety_analysis:mw_com_dependability_analysis
_safety_analysis rule //score/mw/com/dependability/safety_analysis:mw_com_safety_analysis
filegroup rule //score/mw/com/dependability/safety_analysis:root_causes
_score_requirements_rule rule //score/mw/com/dependability/safety_analysis/aou_forwarding_test:component_requirements
py_test rule //score/mw/com/dependability/safety_analysis/aou_forwarding_test:component_requirements_test
filegroup rule //score/mw/com/dependability/safety_analysis/root_causes:general
filegroup rule //score/mw/com/dependability/safety_analysis/root_causes/proxy:root_causes_proxy
filegroup rule //score/mw/com/dependability/safety_analysis/root_causes/proxy/call_method:call_method_fta
filegroup rule //score/mw/com/dependability/safety_analysis/root_causes/proxy/construction:construction_fta
filegroup rule //score/mw/com/dependability/safety_analysis/root_causes/proxy/find_service:service_not_found_fta
filegroup rule //score/mw/com/dependability/safety_analysis/root_causes/proxy/find_service:wrong_service_found_fta
filegroup rule //score/mw/com/dependability/safety_analysis/root_causes/proxy/generic_proxy/generic_proxy_event/getsamplesize_from_generic_proxy_event:the_size_returned_is_bigger_then_the_actual_value_fta
filegroup rule //score/mw/com/dependability/safety_analysis/root_causes/proxy/generic_proxy/getting_access_to_generic_proxy_events:map_containing_nonexistent_events_fta
filegroup rule //score/mw/com/dependability/safety_analysis/root_causes/proxy/get_new_samples_on_an_event:callback_invoked_with_wrong_data_fta
filegroup rule //score/mw/com/dependability/safety_analysis/root_causes/proxy/get_new_samples_on_an_event:callback_not_invoked_despite_samples_available_fta
filegroup rule //score/mw/com/dependability/safety_analysis/root_causes/proxy/start_find_service_construction:start_find_service_callback_is_redundantly_called_fta
filegroup rule //score/mw/com/dependability/safety_analysis/root_causes/proxy/subscribe_for_an_event:subscribe_to_wrong_event_fta
filegroup rule //score/mw/com/dependability/safety_analysis/root_causes/proxy/subscribe_for_an_event:subscribe_with_wrong_max_sample_count_fta
filegroup rule //score/mw/com/dependability/safety_analysis/root_causes/proxy/unsubscribe_for_an_event:does_not_unsubscribe_fta
filegroup rule //score/mw/com/dependability/safety_analysis/root_causes/skeleton:root_causes_skeleton
filegroup rule //score/mw/com/dependability/safety_analysis/root_causes/skeleton/allocate_an_event_or_field:allocate_in_wrong_memory_fta
filegroup rule //score/mw/com/dependability/safety_analysis/root_causes/skeleton/allocate_an_event_or_field:to_few_memory_allocated_fta
filegroup rule //score/mw/com/dependability/safety_analysis/root_causes/skeleton/creation:creation_of_skeleton_not_possible_fta
filegroup rule //score/mw/com/dependability/safety_analysis/root_causes/skeleton/destruction:no_resources_freed_fta
filegroup rule //score/mw/com/dependability/safety_analysis/root_causes/skeleton/destruction:wrong_resources_freed_fta
filegroup rule //score/mw/com/dependability/safety_analysis/root_causes/skeleton/handle_method_call:wrong_in_args_used_fta
filegroup rule //score/mw/com/dependability/safety_analysis/root_causes/skeleton/handle_method_call:wrong_method_called_fta
filegroup rule //score/mw/com/dependability/safety_analysis/root_causes/skeleton/handle_method_call:wrong_results_provided_fta
filegroup rule //score/mw/com/dependability/safety_analysis/root_causes/skeleton/offer_a_service:offers_already_offered_service_fta
filegroup rule //score/mw/com/dependability/safety_analysis/root_causes/skeleton/offer_a_service:only_partially_offered_fta
filegroup rule //score/mw/com/dependability/safety_analysis/root_causes/skeleton/offer_a_service:service_offered_under_wrong_id_fta
filegroup rule //score/mw/com/dependability/safety_analysis/root_causes/skeleton/offer_a_service:skeleton_not_offered_fta
filegroup rule //score/mw/com/dependability/safety_analysis/root_causes/skeleton/offer_a_service:skeleton_not_offered_without_initial_field_value_fta
filegroup rule //score/mw/com/dependability/safety_analysis/root_causes/skeleton/offer_a_service:skeleton_offered_wrong_binding_fta
filegroup rule //score/mw/com/dependability/safety_analysis/root_causes/skeleton/send_an_event_or_field:changes_user_data_fta
filegroup rule //score/mw/com/dependability/safety_analysis/root_causes/skeleton/send_an_event_or_field:does_not_free_resources_after_usage_fta
filegroup rule //score/mw/com/dependability/safety_analysis/root_causes/skeleton/send_an_event_or_field:only_partially_notifies_user_fta
filegroup rule //score/mw/com/dependability/safety_analysis/root_causes/skeleton/send_an_event_or_field:sends_to_wrong_consumer_fta
filegroup rule //score/mw/com/dependability/safety_analysis/root_causes/skeleton/stop_offer_a_service:offer_not_stopped_in_sd_fta
filegroup rule //score/mw/com/dependability/safety_analysis/root_causes/skeleton/stop_offer_a_service:offer_stopped_for_wrong_instance_in_sd_fta
filegroup rule //score/mw/com/dependability/safety_analysis/root_causes/skeleton/stop_offer_a_service:shm_objects_unlink_failure_fta
filegroup rule //score/mw/com/dependability/safety_analysis/root_causes/skeleton/stop_offer_a_service:stop_offer_state_inconsistent_fta
filegroup rule //score/mw/com/dependability/safety_analysis/root_causes/smart_pointer:smart_pointer_fta
filegroup rule //score/mw/com/dependability/safety_analysis/root_causes/smart_pointer/method_signature_element_ptr:method_signature_element_ptr_fta
filegroup rule //score/mw/com/dependability/safety_analysis/root_causes/smart_pointer/sample_ptr_sample_allocate_ptr:sample_ptr_sample_allocate_ptr
