$TEST_TMPDIR defined, some defaults will be overridden
Computing main repo mapping: 
Loading: 
Loading: 0 packages loaded
Analyzing: 2 targets (2 packages loaded, 0 targets configured)
Analyzing: 2 targets (2 packages loaded, 0 targets configured)

Analyzing: 2 targets (77 packages loaded, 638 targets configured)

Analyzing: 2 targets (77 packages loaded, 638 targets configured)

Analyzing: 2 targets (82 packages loaded, 779 targets configured)

Analyzing: 2 targets (82 packages loaded, 779 targets configured)

Analyzing: 2 targets (82 packages loaded, 779 targets configured)

Analyzing: 2 targets (85 packages loaded, 2682 targets configured)

Analyzing: 2 targets (85 packages loaded, 2682 targets configured)

Analyzing: 2 targets (85 packages loaded, 2682 targets configured)

Analyzing: 2 targets (93 packages loaded, 3114 targets configured)

Analyzing: 2 targets (100 packages loaded, 3163 targets configured)

Analyzing: 2 targets (104 packages loaded, 3263 targets configured)

Analyzing: 2 targets (106 packages loaded, 3300 targets configured)

Analyzing: 2 targets (111 packages loaded, 4368 targets configured)

Analyzing: 2 targets (113 packages loaded, 4437 targets configured)

Analyzing: 2 targets (124 packages loaded, 9510 targets configured)

Analyzing: 2 targets (131 packages loaded, 15046 targets configured)
[6 / 19] Creating source manifest for //scripts/config_mapping/tests:lifecycle_config_tests; 0s local
Analyzing: 2 targets (133 packages loaded, 15078 targets configured)
[19 / 20] Testing //scripts/config_mapping/tests:lifecycle_config_tests; 0s linux-sandbox
INFO: Analyzed 2 targets (134 packages loaded, 15106 targets configured).
INFO: From generating Launch Manager config from tests/integration/switch_run_target/switch_run_target.json:
Schema Validation successful
[261 / 962] Testing //scripts/config_mapping/tests:lifecycle_config_tests; 1s linux-sandbox ... (4 actions running)
[445 / 1,027] 1 / 2 tests; Compiling score/launch_manager/src/lifecycle_client/src/aasapplicationcontainer.cpp; 0s linux-sandbox ... (4 actions running)
[641 / 1,096] 1 / 2 tests; Compiling score/flatbuffers/details/idl_parser.cpp; 0s linux-sandbox ... (3 actions running)
[780 / 1,174] 1 / 2 tests; Compiling grpc/src/compiler/cpp_generator.cc [for tool]; 0s linux-sandbox ... (4 actions, 3 running)
INFO: From Compiling grpc/src/compiler/cpp_generator.cc [for tool]:
In file included from external/flatbuffers+/grpc/src/compiler/cpp_generator.cc:1:
bazel-out/k8-opt-exec-ST-db392155ee03/bin/external/flatbuffers+/grpc/src/compiler/_virtual_includes/cpp_generator/src/compiler/cpp_generator.h:93:14: warning: redundant redeclaration of 'grpc::string grpc_cpp_generator::GetMockPrologue(grpc_generator::File*, const Parameters&)' in same scope [-Wredundant-decls]
   93 | grpc::string GetMockPrologue(grpc_generator::File* file,
      |              ^~~~~~~~~~~~~~~
bazel-out/k8-opt-exec-ST-db392155ee03/bin/external/flatbuffers+/grpc/src/compiler/_virtual_includes/cpp_generator/src/compiler/cpp_generator.h:77:14: note: previous declaration of 'grpc::string grpc_cpp_generator::GetMockPrologue(grpc_generator::File*, const Parameters&)'
   77 | grpc::string GetMockPrologue(grpc_generator::File* file,
      |              ^~~~~~~~~~~~~~~
bazel-out/k8-opt-exec-ST-db392155ee03/bin/external/flatbuffers+/grpc/src/compiler/_virtual_includes/cpp_generator/src/compiler/cpp_generator.h:97:14: warning: redundant redeclaration of 'grpc::string grpc_cpp_generator::GetMockIncludes(grpc_generator::File*, const Parameters&)' in same scope [-Wredundant-decls]
   97 | grpc::string GetMockIncludes(grpc_generator::File* file,
      |              ^~~~~~~~~~~~~~~
bazel-out/k8-opt-exec-ST-db392155ee03/bin/external/flatbuffers+/grpc/src/compiler/_virtual_includes/cpp_generator/src/compiler/cpp_generator.h:81:14: note: previous declaration of 'grpc::string grpc_cpp_generator::GetMockIncludes(grpc_generator::File*, const Parameters&)'
   81 | grpc::string GetMockIncludes(grpc_generator::File* file,
      |              ^~~~~~~~~~~~~~~
bazel-out/k8-opt-exec-ST-db392155ee03/bin/external/flatbuffers+/grpc/src/compiler/_virtual_includes/cpp_generator/src/compiler/cpp_generator.h:101:14: warning: redundant redeclaration of 'grpc::string grpc_cpp_generator::GetMockServices(grpc_generator::File*, const Parameters&)' in same scope [-Wredundant-decls]
  101 | grpc::string GetMockServices(grpc_generator::File* file,
      |              ^~~~~~~~~~~~~~~
bazel-out/k8-opt-exec-ST-db392155ee03/bin/external/flatbuffers+/grpc/src/compiler/_virtual_includes/cpp_generator/src/compiler/cpp_generator.h:85:14: note: previous declaration of 'grpc::string grpc_cpp_generator::GetMockServices(grpc_generator::File*, const Parameters&)'
   85 | grpc::string GetMockServices(grpc_generator::File* file,
      |              ^~~~~~~~~~~~~~~
bazel-out/k8-opt-exec-ST-db392155ee03/bin/external/flatbuffers+/grpc/src/compiler/_virtual_includes/cpp_generator/src/compiler/cpp_generator.h:105:14: warning: redundant redeclaration of 'grpc::string grpc_cpp_generator::GetMockEpilogue(grpc_generator::File*, const Parameters&)' in same scope [-Wredundant-decls]
  105 | grpc::string GetMockEpilogue(grpc_generator::File* file,
      |              ^~~~~~~~~~~~~~~
bazel-out/k8-opt-exec-ST-db392155ee03/bin/external/flatbuffers+/grpc/src/compiler/_virtual_includes/cpp_generator/src/compiler/cpp_generator.h:89:14: note: previous declaration of 'grpc::string grpc_cpp_generator::GetMockEpilogue(grpc_generator::File*, const Parameters&)'
   89 | grpc::string GetMockEpilogue(grpc_generator::File* file,
      |              ^~~~~~~~~~~~~~~
[897 / 1,231] 1 / 2 tests; Compiling grpc/src/compiler/go_generator.cc [for tool]; 0s linux-sandbox ... (4 actions, 3 running)
[1,027 / 1,294] 1 / 2 tests; Compiling grpc/src/compiler/swift_generator.cc [for tool]; 0s linux-sandbox ... (4 actions, 3 running)
[1,159 / 1,363] 1 / 2 tests; Compiling grpc/src/compiler/ts_generator.cc [for tool]; 0s linux-sandbox ... (4 actions, 3 running)
[1,277 / 1,421] 1 / 2 tests; Linking tests/integration/switch_run_target/component_a; 0s linux-sandbox ... (4 actions, 3 running)
[1,283 / 1,421] 1 / 2 tests; Compiling src/idl_parser.cpp [for tool]; 1s linux-sandbox ... (4 actions, 3 running)
[1,287 / 1,421] 1 / 2 tests; Compiling src/idl_parser.cpp [for tool]; 2s linux-sandbox ... (4 actions, 3 running)
[1,289 / 1,421] 1 / 2 tests; Compiling src/idl_parser.cpp [for tool]; 3s linux-sandbox ... (4 actions running)
[1,293 / 1,421] 1 / 2 tests; Compiling src/idl_parser.cpp [for tool]; 4s linux-sandbox ... (4 actions running)
[1,294 / 1,421] 1 / 2 tests; Compiling src/idl_parser.cpp [for tool]; 6s linux-sandbox ... (4 actions, 3 running)
[1,296 / 1,421] 1 / 2 tests; Compiling src/idl_parser.cpp [for tool]; 7s linux-sandbox ... (4 actions running)
[1,301 / 1,421] 1 / 2 tests; Compiling src/idl_gen_kotlin.cpp [for tool]; 0s linux-sandbox ... (4 actions, 3 running)
[1,305 / 1,421] 1 / 2 tests; Compiling src/idl_gen_kotlin.cpp [for tool]; 1s linux-sandbox ... (4 actions, 3 running)
[1,309 / 1,421] 1 / 2 tests; Compiling src/idl_gen_cpp.cpp [for tool]; 1s linux-sandbox ... (4 actions, 3 running)
[1,323 / 1,421] 1 / 2 tests; Compiling src/idl_gen_cpp.cpp [for tool]; 2s linux-sandbox ... (4 actions, 3 running)
[1,343 / 1,421] 1 / 2 tests; Compiling src/idl_gen_cpp.cpp [for tool]; 3s linux-sandbox ... (4 actions, 3 running)
[1,350 / 1,421] 1 / 2 tests; Compiling src/idl_gen_cpp.cpp [for tool]; 4s linux-sandbox ... (4 actions running)
[1,359 / 1,421] 1 / 2 tests; Compiling score/launch_manager/src/daemon/src/alive_monitor/details/daemon/AliveMonitorImpl.cpp; 0s linux-sandbox ... (4 actions running)
[1,370 / 1,421] 1 / 2 tests; Compiling src/idl_gen_csharp.cpp [for tool]; 1s linux-sandbox ... (4 actions, 3 running)
[1,377 / 1,421] 1 / 2 tests; Compiling score/launch_manager/src/daemon/src/process_group_manager/details/graph.cpp; 2s linux-sandbox ... (4 actions, 3 running)
[1,379 / 1,421] 1 / 2 tests; Compiling src/idl_gen_ts.cpp [for tool]; 2s linux-sandbox ... (4 actions running)
[1,381 / 1,421] 1 / 2 tests; Compiling src/idl_gen_ts.cpp [for tool]; 3s linux-sandbox ... (3 actions running)
[1,384 / 1,421] 1 / 2 tests; Compiling src/idl_gen_go.cpp [for tool]; 2s linux-sandbox ... (4 actions running)
INFO: From Compiling src/idl_gen_grpc.cpp [for tool]:
In file included from external/flatbuffers+/src/idl_gen_grpc.cpp:25:
bazel-out/k8-opt-exec-ST-db392155ee03/bin/external/flatbuffers+/grpc/src/compiler/_virtual_includes/cpp_generator/src/compiler/cpp_generator.h:93:14: warning: redundant redeclaration of 'grpc::string grpc_cpp_generator::GetMockPrologue(grpc_generator::File*, const Parameters&)' in same scope [-Wredundant-decls]
   93 | grpc::string GetMockPrologue(grpc_generator::File* file,
      |              ^~~~~~~~~~~~~~~
bazel-out/k8-opt-exec-ST-db392155ee03/bin/external/flatbuffers+/grpc/src/compiler/_virtual_includes/cpp_generator/src/compiler/cpp_generator.h:77:14: note: previous declaration of 'grpc::string grpc_cpp_generator::GetMockPrologue(grpc_generator::File*, const Parameters&)'
   77 | grpc::string GetMockPrologue(grpc_generator::File* file,
      |              ^~~~~~~~~~~~~~~
bazel-out/k8-opt-exec-ST-db392155ee03/bin/external/flatbuffers+/grpc/src/compiler/_virtual_includes/cpp_generator/src/compiler/cpp_generator.h:97:14: warning: redundant redeclaration of 'grpc::string grpc_cpp_generator::GetMockIncludes(grpc_generator::File*, const Parameters&)' in same scope [-Wredundant-decls]
   97 | grpc::string GetMockIncludes(grpc_generator::File* file,
      |              ^~~~~~~~~~~~~~~
bazel-out/k8-opt-exec-ST-db392155ee03/bin/external/flatbuffers+/grpc/src/compiler/_virtual_includes/cpp_generator/src/compiler/cpp_generator.h:81:14: note: previous declaration of 'grpc::string grpc_cpp_generator::GetMockIncludes(grpc_generator::File*, const Parameters&)'
   81 | grpc::string GetMockIncludes(grpc_generator::File* file,
      |              ^~~~~~~~~~~~~~~
bazel-out/k8-opt-exec-ST-db392155ee03/bin/external/flatbuffers+/grpc/src/compiler/_virtual_includes/cpp_generator/src/compiler/cpp_generator.h:101:14: warning: redundant redeclaration of 'grpc::string grpc_cpp_generator::GetMockServices(grpc_generator::File*, const Parameters&)' in same scope [-Wredundant-decls]
  101 | grpc::string GetMockServices(grpc_generator::File* file,
      |              ^~~~~~~~~~~~~~~
bazel-out/k8-opt-exec-ST-db392155ee03/bin/external/flatbuffers+/grpc/src/compiler/_virtual_includes/cpp_generator/src/compiler/cpp_generator.h:85:14: note: previous declaration of 'grpc::string grpc_cpp_generator::GetMockServices(grpc_generator::File*, const Parameters&)'
   85 | grpc::string GetMockServices(grpc_generator::File* file,
      |              ^~~~~~~~~~~~~~~
bazel-out/k8-opt-exec-ST-db392155ee03/bin/external/flatbuffers+/grpc/src/compiler/_virtual_includes/cpp_generator/src/compiler/cpp_generator.h:105:14: warning: redundant redeclaration of 'grpc::string grpc_cpp_generator::GetMockEpilogue(grpc_generator::File*, const Parameters&)' in same scope [-Wredundant-decls]
  105 | grpc::string GetMockEpilogue(grpc_generator::File* file,
      |              ^~~~~~~~~~~~~~~
bazel-out/k8-opt-exec-ST-db392155ee03/bin/external/flatbuffers+/grpc/src/compiler/_virtual_includes/cpp_generator/src/compiler/cpp_generator.h:89:14: note: previous declaration of 'grpc::string grpc_cpp_generator::GetMockEpilogue(grpc_generator::File*, const Parameters&)'
   89 | grpc::string GetMockEpilogue(grpc_generator::File* file,
      |              ^~~~~~~~~~~~~~~
[1,387 / 1,421] 1 / 2 tests; Compiling src/idl_gen_rust.cpp [for tool]; 3s linux-sandbox ... (4 actions, 3 running)
[1,390 / 1,421] 1 / 2 tests; Compiling src/idl_gen_java.cpp [for tool]; 1s linux-sandbox ... (3 actions running)
[1,391 / 1,421] 1 / 2 tests; Compiling src/idl_gen_java.cpp [for tool]; 2s linux-sandbox ... (2 actions running)
[1,395 / 1,421] 1 / 2 tests; [Prepa] Generating C++ header from ../score_baselibs+/score/flatbuffers/common/buffer_version_envelope.fbs ... (4 actions, 0 running)
[1,414 / 1,421] 1 / 2 tests; Compiling score/launch_manager/src/daemon/src/configuration/details/flatbuffer_config_loader.cpp; 0s linux-sandbox ... (3 actions, 2 running)
[1,417 / 1,421] 1 / 2 tests; Compiling score/launch_manager/src/daemon/src/run.cpp; 2s linux-sandbox
[1,419 / 1,421] 1 / 2 tests; Linking score/launch_manager/src/daemon/launch_manager; 1s linux-sandbox
[1,421 / 1,422] 1 / 2 tests; Testing //tests/integration/switch_run_target:switch_run_target; 0s linux-sandbox
INFO: Found 2 test targets...
INFO: Elapsed time: 62.094s, Critical Path: 12.88s
INFO: 887 processes: 299 internal, 588 linux-sandbox.
INFO: Build completed successfully, 887 total actions
//scripts/config_mapping/tests:lifecycle_config_tests                    PASSED in 1.6s
//tests/integration/switch_run_target:switch_run_target                  PASSED in 1.2s

Executed 2 out of 2 tests: 2 tests pass.
There were tests whose specified size is too big. Use the --test_verbose_timeout_warnings command line option to see which ones these are.
