              ███████╗██████╗ ███████╗ ██████╗██╗███████╗██╗   ██╗              
              ██╔════╝██╔══██╗██╔════╝██╔════╝██║██╔════╝╚██╗ ██╔╝              
              ███████╗██████╔╝█████╗  ██║     ██║█████╗   ╚████╔╝               
              ╚════██║██╔═══╝ ██╔══╝  ██║     ██║██╔══╝    ╚██╔╝                
              ███████║██║     ███████╗╚██████╗██║██║        ██║                 
              ╚══════╝╚═╝     ╚══════╝ ╚═════╝╚═╝╚═╝        ╚═╝                 
                                                                                
               GitHub Spec Kit - Spec-Driven Development Toolkit                

╭────────────────────────── Specify CLI Information ───────────────────────────╮
│                                                                              │
│     CLI Version    1.0.12                                                    │
│                                                                              │
│          Python    3.12.14                                                   │
│        Platform    Linux                                                     │
│    Architecture    x86_64                                                    │
│      OS Version    #138~22.04.1-Ubuntu SMP PREEMPT_DYNAMIC Fri Aug  7        │
│                    13:43:15 UTC                                              │
│         OpenSSL    OpenSSL 3.5.8 25 Aug 2026                                 │
│                                                                              │
╰──────────────────────────────────────────────────────────────────────────────╯

   Building specify-cli @ git+https://github.com/github/spec-kit.git@e77daa9021d20db26b878f7dfa5640fe5a42d04e
Downloading pygments (1.2MiB)
 Downloaded pygments
      Built specify-cli @ git+https://github.com/github/spec-kit.git@e77daa9021d20db26b878f7dfa5640fe5a42d04e
Installed 14 packages in 6ms
