$TEST_TMPDIR defined, some defaults will be overridden
OpenJDK 64-Bit Server VM warning: Options -Xverify:none and -noverify were deprecated in JDK 13 and will likely be removed in a future release.
WARNING: The following configs were expanded more than once: [linux_x64_gcc_15]. For repeatable flags, repeats are counted twice and may lead to unexpected behavior.
Computing main repo mapping: 
WARNING: The following configs were expanded more than once: [linux_x64_gcc_15]. For repeatable flags, repeats are counted twice and may lead to unexpected behavior.
Computing main repo mapping: 
Computing main repo mapping: 
Computing main repo mapping: 
Loading: 
Loading: 5 packages loaded
Analyzing: 4 targets (9 packages loaded, 0 targets configured)
Analyzing: 4 targets (9 packages loaded, 0 targets configured)

Analyzing: 4 targets (158 packages loaded, 1001 targets configured)

Analyzing: 4 targets (332 packages loaded, 12873 targets configured)

INFO: Analyzed 4 targets (379 packages loaded, 15297 targets configured).
[71 / 2,215] checking cached actions
[2,237 / 2,262] [Prepa] Testing //score/mw/com/impl:runtime_test ... (2 actions, 0 running)
[2,260 / 2,262] 2 / 4 tests; Compiling Rust bin com-api-runtime-lola-tests (5 files); 1s linux-sandbox ... (2 actions running)
INFO: Found 4 test targets...
[2,264 / 2,264] 4 / 4 tests; no actions running
INFO: Elapsed time: 15.527s, Critical Path: 3.03s
INFO: 10 processes: 2274 action cache hit, 11 linux-sandbox.
INFO: Build completed successfully, 10 total actions
INFO: 
//score/mw/com/impl:runtime_test                                         PASSED in 0.2s
//score/mw/com/impl/rust/com-api/com-api-ffi-lola:callback_ownership_test PASSED in 0.2s
//score/mw/com/impl/rust/com-api/com-api-runtime-lola:com-api-runtime-lola-tests PASSED in 0.0s
//score/mw/com/rust/score_com_concept:score_com_concept-test             PASSED in 0.0s

Executed 4 out of 4 tests: 4 tests pass.
There were tests whose specified size is too big. Use the --test_verbose_timeout_warnings command line option to see which ones these are.
INFO: Build Event Protocol files produced successfully.
