2026-10-07T15:31:56.7513267Z Current runner version: '2.337.0'
2026-10-07T15:31:56.7539283Z ##[group]Runner Image Provisioner
2026-10-07T15:31:56.7540306Z Hosted Compute Agent
2026-10-07T15:31:56.7540947Z Version: 20260901.588
2026-10-07T15:31:56.7541995Z Commit: f88ec8081b781fac6c440065ac7ff9e710ce3d0b
2026-10-07T15:31:56.7542777Z Build Date: 2026-09-01T19:56:44Z
2026-10-07T15:31:56.7543491Z Worker ID: {532feb06-88bd-41eb-93f0-9d35c2ade320}
2026-10-07T15:31:56.7544303Z Azure Region: westus3
2026-10-07T15:31:56.7544904Z ##[endgroup]
2026-10-07T15:31:56.7546491Z ##[group]Operating System
2026-10-07T15:31:56.7547153Z Ubuntu
2026-10-07T15:31:56.7547774Z 24.04.5
2026-10-07T15:31:56.7548355Z LTS
2026-10-07T15:31:56.7548903Z ##[endgroup]
2026-10-07T15:31:56.7549434Z ##[group]Runner Image
2026-10-07T15:31:56.7550151Z Image: ubuntu-24.04
2026-10-07T15:31:56.7550718Z Version: 20260927.320.1
2026-10-07T15:31:56.7552297Z Included Software: https://github.com/actions/runner-images/blob/ubuntu24/20260927.320/images/ubuntu/Ubuntu2404-Readme.md
2026-10-07T15:31:56.7553874Z Image Release: https://github.com/actions/runner-images/releases/tag/ubuntu24%2F20260927.320
2026-10-07T15:31:56.7555003Z ##[endgroup]
2026-10-07T15:31:56.7556188Z ##[group]GITHUB_TOKEN Permissions
2026-10-07T15:31:56.7558450Z Actions: write
2026-10-07T15:31:56.7559121Z Contents: read
2026-10-07T15:31:56.7560008Z Metadata: read
2026-10-07T15:31:56.7560571Z ##[endgroup]
2026-10-07T15:31:56.7562896Z Secret source: Actions
2026-10-07T15:31:56.7564054Z Cache mode: write
2026-10-07T15:31:56.7564750Z Prepare workflow directory
2026-10-07T15:31:56.7958415Z Prepare all required actions
2026-10-07T15:31:56.8006739Z Getting action download info
2026-10-07T15:31:57.1183791Z Download action repository 'actions/checkout@v6.0.2' (SHA:de0fac2e4500dabe0009e67214ff5f5447ce83dd)
2026-10-07T15:31:57.3353230Z Uses: jnsagai/communication/.github/workflows/_build_and_test_gcc15.yml@refs/pull/1/merge (f1ad21baa6cdd9767509e8ae9f136a723e2915f6)
2026-10-07T15:31:57.3357778Z ##[group] Inputs
2026-10-07T15:31:57.3358343Z   cache-mode: 
2026-10-07T15:31:57.3358804Z   fetch-only: 
2026-10-07T15:31:57.3359318Z ##[endgroup]
2026-10-07T15:31:57.3359788Z Complete job name: GCC15 / Build & Test
2026-10-07T15:31:57.4149875Z ##[group]Run actions/checkout@v6.0.2
2026-10-07T15:31:57.4150859Z with:
2026-10-07T15:31:57.4151873Z   repository: jnsagai/communication
2026-10-07T15:31:57.4156081Z   token: ***
2026-10-07T15:31:57.4156537Z   ssh-strict: true
2026-10-07T15:31:57.4156984Z   ssh-user: git
2026-10-07T15:31:57.4157437Z   persist-credentials: true
2026-10-07T15:31:57.4157940Z   clean: true
2026-10-07T15:31:57.4158389Z   sparse-checkout-cone-mode: true
2026-10-07T15:31:57.4158935Z   fetch-depth: 1
2026-10-07T15:31:57.4159376Z   fetch-tags: false
2026-10-07T15:31:57.4159825Z   show-progress: true
2026-10-07T15:31:57.4160275Z   lfs: false
2026-10-07T15:31:57.4160692Z   submodules: false
2026-10-07T15:31:57.4161166Z   set-safe-directory: true
2026-10-07T15:31:57.4162241Z ##[endgroup]
2026-10-07T15:31:57.5229104Z Syncing repository: jnsagai/communication
2026-10-07T15:31:57.5232202Z ##[group]Getting Git version info
2026-10-07T15:31:57.5233504Z Working directory is '/home/runner/work/communication/communication'
2026-10-07T15:31:57.5235170Z [command]/usr/bin/git version
2026-10-07T15:31:57.5300646Z git version 2.55.0
2026-10-07T15:31:57.5334971Z ##[endgroup]
2026-10-07T15:31:57.5357932Z Temporarily overriding HOME='/home/runner/work/_temp/f2bce550-ec74-42a2-bd0f-127a84b02ef2' before making global git config changes
2026-10-07T15:31:57.5359386Z Adding repository directory to the temporary git global config as a safe directory
2026-10-07T15:31:57.5360578Z [command]/usr/bin/git config --global --add safe.directory /home/runner/work/communication/communication
2026-10-07T15:31:57.5422616Z Deleting the contents of '/home/runner/work/communication/communication'
2026-10-07T15:31:57.5427996Z ##[group]Initializing the repository
2026-10-07T15:31:57.5433629Z [command]/usr/bin/git init /home/runner/work/communication/communication
2026-10-07T15:31:57.5574207Z hint: Using 'master' as the name for the initial branch. This default branch name
2026-10-07T15:31:57.5576408Z hint: will change to "main" in Git 3.0. To configure the initial branch name
2026-10-07T15:31:57.5582794Z hint: to use in all of your new repositories, which will suppress this warning,
2026-10-07T15:31:57.5584251Z hint: call:
2026-10-07T15:31:57.5585020Z hint:
2026-10-07T15:31:57.5585985Z hint: 	git config --global init.defaultBranch <name>
2026-10-07T15:31:57.5587110Z hint:
2026-10-07T15:31:57.5588213Z hint: Names commonly chosen instead of 'master' are 'main', 'trunk' and
2026-10-07T15:31:57.5589856Z hint: 'development'. The just-created branch can be renamed via this command:
2026-10-07T15:31:57.5591191Z hint:
2026-10-07T15:31:57.5592196Z hint: 	git branch -m <name>
2026-10-07T15:31:57.5592871Z hint:
2026-10-07T15:31:57.5593549Z hint: Disable this message with "git config set advice.defaultBranchName false"
2026-10-07T15:31:57.5594631Z Initialized empty Git repository in /home/runner/work/communication/communication/.git/
2026-10-07T15:31:57.5598680Z [command]/usr/bin/git remote add origin https://github.com/jnsagai/communication
2026-10-07T15:31:57.5656993Z ##[endgroup]
2026-10-07T15:31:57.5658335Z ##[group]Disabling automatic garbage collection
2026-10-07T15:31:57.5662378Z [command]/usr/bin/git config --local gc.auto 0
2026-10-07T15:31:57.5696510Z ##[endgroup]
2026-10-07T15:31:57.5697829Z ##[group]Setting up auth
2026-10-07T15:31:57.5698738Z Removing SSH command configuration
2026-10-07T15:31:57.5704400Z [command]/usr/bin/git config --local --name-only --get-regexp core\.sshCommand
2026-10-07T15:31:57.5742663Z [command]/usr/bin/git submodule foreach --recursive sh -c "git config --local --name-only --get-regexp 'core\.sshCommand' && git config --local --unset-all 'core.sshCommand' || :"
2026-10-07T15:31:57.6159060Z Removing HTTP extra header
2026-10-07T15:31:57.6166941Z [command]/usr/bin/git config --local --name-only --get-regexp http\.https\:\/\/github\.com\/\.extraheader
2026-10-07T15:31:57.6206117Z [command]/usr/bin/git submodule foreach --recursive sh -c "git config --local --name-only --get-regexp 'http\.https\:\/\/github\.com\/\.extraheader' && git config --local --unset-all 'http.https://github.com/.extraheader' || :"
2026-10-07T15:31:57.6424151Z Removing includeIf entries pointing to credentials config files
2026-10-07T15:31:57.6430538Z [command]/usr/bin/git config --local --name-only --get-regexp ^includeIf\.gitdir:
2026-10-07T15:31:57.6467096Z [command]/usr/bin/git submodule foreach --recursive git config --local --show-origin --name-only --get-regexp remote.origin.url
2026-10-07T15:31:57.6697688Z [command]/usr/bin/git config --file /home/runner/work/_temp/git-credentials-5f966eeb-b054-4972-827f-b42d7f398d0c.config http.https://github.com/.extraheader AUTHORIZATION: basic ***
2026-10-07T15:31:57.6740962Z [command]/usr/bin/git config --local includeIf.gitdir:/home/runner/work/communication/communication/.git.path /home/runner/work/_temp/git-credentials-5f966eeb-b054-4972-827f-b42d7f398d0c.config
2026-10-07T15:31:57.6777061Z [command]/usr/bin/git config --local includeIf.gitdir:/home/runner/work/communication/communication/.git/worktrees/*.path /home/runner/work/_temp/git-credentials-5f966eeb-b054-4972-827f-b42d7f398d0c.config
2026-10-07T15:31:57.6815246Z [command]/usr/bin/git config --local includeIf.gitdir:/github/workspace/.git.path /github/runner_temp/git-credentials-5f966eeb-b054-4972-827f-b42d7f398d0c.config
2026-10-07T15:31:57.6959803Z [command]/usr/bin/git config --local includeIf.gitdir:/github/workspace/.git/worktrees/*.path /github/runner_temp/git-credentials-5f966eeb-b054-4972-827f-b42d7f398d0c.config
2026-10-07T15:31:57.6963573Z ##[endgroup]
2026-10-07T15:31:57.6964784Z ##[group]Fetching the repository
2026-10-07T15:31:57.6966304Z [command]/usr/bin/git -c protocol.version=2 fetch --no-tags --prune --no-recurse-submodules --depth=1 origin +f1ad21baa6cdd9767509e8ae9f136a723e2915f6:refs/remotes/pull/1/merge
2026-10-07T15:31:59.4200299Z From https://github.com/jnsagai/communication
2026-10-07T15:31:59.4202490Z  * [new ref]         f1ad21baa6cdd9767509e8ae9f136a723e2915f6 -> pull/1/merge
2026-10-07T15:31:59.4216319Z ##[endgroup]
2026-10-07T15:31:59.4217136Z ##[group]Determining the checkout info
2026-10-07T15:31:59.4217876Z ##[endgroup]
2026-10-07T15:31:59.4220734Z [command]/usr/bin/git sparse-checkout disable
2026-10-07T15:31:59.4287500Z [command]/usr/bin/git config --local --unset-all extensions.worktreeConfig
2026-10-07T15:31:59.4320266Z ##[group]Checking out the ref
2026-10-07T15:31:59.4325599Z [command]/usr/bin/git checkout --progress --force refs/remotes/pull/1/merge
2026-10-07T15:31:59.6330384Z Note: switching to 'refs/remotes/pull/1/merge'.
2026-10-07T15:31:59.6331086Z 
2026-10-07T15:31:59.6331850Z You are in 'detached HEAD' state. You can look around, make experimental
2026-10-07T15:31:59.6332896Z changes and commit them, and you can discard any commits you make in this
2026-10-07T15:31:59.6333930Z state without impacting any branches by switching back to a branch.
2026-10-07T15:31:59.6334554Z 
2026-10-07T15:31:59.6334941Z If you want to create a new branch to retain commits you create, you may
2026-10-07T15:31:59.6335841Z do so (now or later) by using -c with the switch command. Example:
2026-10-07T15:31:59.6336316Z 
2026-10-07T15:31:59.6336533Z   git switch -c <new-branch-name>
2026-10-07T15:31:59.6336883Z 
2026-10-07T15:31:59.6337112Z Or undo this operation with:
2026-10-07T15:31:59.6337431Z 
2026-10-07T15:31:59.6337625Z   git switch -
2026-10-07T15:31:59.6337882Z 
2026-10-07T15:31:59.6338937Z Turn off this advice by setting config variable advice.detachedHead to false
2026-10-07T15:31:59.6339705Z 
2026-10-07T15:31:59.6340717Z HEAD is now at f1ad21b Merge c5eac2321cce88d50faaf3b0c945097b6c07a761 into c77751819b8885a902540dbef7f0fe25cf85d51c
2026-10-07T15:31:59.6350607Z ##[endgroup]
2026-10-07T15:31:59.6407926Z [command]/usr/bin/git log -1 --format=%H
2026-10-07T15:31:59.6439920Z f1ad21baa6cdd9767509e8ae9f136a723e2915f6
2026-10-07T15:31:59.6803504Z Prepare all required actions
2026-10-07T15:31:59.6804198Z Getting action download info
2026-10-07T15:31:59.8273778Z Download action repository 'eclipse-score/more-disk-space@v1' (SHA:beee38c3b4426a7c43fdfeb2495d1af812179c3e)
2026-10-07T15:32:00.2678144Z Download action repository 'bazel-contrib/setup-bazel@0.19.0' (SHA:c5acdfb288317d0b5c0bbd7a396a3dc868bb0f86)
2026-10-07T15:32:01.2015380Z Download action repository 'eclipse-score/cicd-actions@f89865691445b60e9229c36adb1c37b675e1ca85' (SHA:f89865691445b60e9229c36adb1c37b675e1ca85)
2026-10-07T15:32:01.8952612Z ##[group]Run ./.github/actions/00_infrastructure/prepare_bazel_environment
2026-10-07T15:32:01.8953030Z with:
2026-10-07T15:32:01.8953246Z   disk-cache: build_and_test_host
2026-10-07T15:32:01.8953513Z   repository-cache: false
2026-10-07T15:32:01.8953746Z ##[endgroup]
2026-10-07T15:32:01.9011594Z ##[start-action display=Set environment and compute cache mode;id=__self.__run]
2026-10-07T15:32:01.9068309Z ##[group]Run echo "ANDROID_HOME=" >> "$GITHUB_ENV"
2026-10-07T15:32:01.9068750Z [36;1mecho "ANDROID_HOME=" >> "$GITHUB_ENV"[0m
2026-10-07T15:32:01.9069094Z [36;1mecho "ANDROID_SDK_ROOT=" >> "$GITHUB_ENV"[0m
2026-10-07T15:32:01.9069491Z [36;1mecho "FORCE_JAVASCRIPT_ACTIONS_TO_NODE24=true" >> "$GITHUB_ENV"[0m
2026-10-07T15:32:01.9069865Z [36;1m[0m
2026-10-07T15:32:01.9070067Z [36;1mif [[ -n "" ]]; then[0m
2026-10-07T15:32:01.9070305Z [36;1m  MODE=""[0m
2026-10-07T15:32:01.9070807Z [36;1melif [[ "pull_request" == "pull_request" || "pull_request" == "pull_request_target" || "pull_request" == "merge_group" ]]; then[0m
2026-10-07T15:32:01.9071643Z [36;1m  MODE="read-only"[0m
2026-10-07T15:32:01.9072039Z [36;1melif [[ "pull_request" == "push" && "refs/pull/1/merge" == "refs/heads/main" ]]; then[0m
2026-10-07T15:32:01.9072474Z [36;1m  MODE="update-disk"[0m
2026-10-07T15:32:01.9072712Z [36;1melse[0m
2026-10-07T15:32:01.9072919Z [36;1m  MODE="disabled"[0m
2026-10-07T15:32:01.9073146Z [36;1mfi[0m
2026-10-07T15:32:01.9073382Z [36;1mecho "CACHE_MODE=${MODE}" >> "$GITHUB_ENV"[0m
2026-10-07T15:32:01.9073895Z [36;1mecho "Cache mode: ${MODE}"[0m
2026-10-07T15:32:01.9363726Z shell: /usr/bin/bash --noprofile --norc -e -o pipefail {0}
2026-10-07T15:32:01.9364239Z ##[endgroup]
2026-10-07T15:32:01.9468435Z Cache mode: read-only
2026-10-07T15:32:01.9491485Z ##[end-action id=__self.__run;outcome=success;conclusion=success;duration_ms=47]
2026-10-07T15:32:01.9494114Z ##[start-action display=Free Disk Space (Ubuntu);id=__self.__eclipse-score_more-disk-space]
2026-10-07T15:32:01.9534088Z ##[group]Run eclipse-score/more-disk-space@v1
2026-10-07T15:32:01.9534435Z with:
2026-10-07T15:32:01.9534663Z   level: 4
2026-10-07T15:32:01.9534885Z   enable-problem-matchers: true
2026-10-07T15:32:01.9535174Z env:
2026-10-07T15:32:01.9535357Z   ANDROID_HOME: 
2026-10-07T15:32:01.9535564Z   ANDROID_SDK_ROOT: 
2026-10-07T15:32:01.9535799Z   FORCE_JAVASCRIPT_ACTIONS_TO_NODE24: true
2026-10-07T15:32:01.9536080Z   CACHE_MODE: read-only
2026-10-07T15:32:01.9536309Z ##[endgroup]
2026-10-07T15:32:01.9855119Z 🗑️  More Disk Space - running 13 steps (level 4)
2026-10-07T15:32:01.9855520Z 
2026-10-07T15:32:01.9855780Z Available space before: 86 GiB
2026-10-07T15:32:01.9856089Z 
2026-10-07T15:32:01.9913161Z Downloading rmz 3.1.1 for parallel removal...
2026-10-07T15:32:02.2476809Z Removing /usr/share/swift...
2026-10-07T15:32:02.2478624Z Removing /usr/local/share/powershell...
2026-10-07T15:32:02.2479656Z Removing /usr/local/share/chromium...
2026-10-07T15:32:02.2480588Z Removing /usr/share/dotnet...
2026-10-07T15:32:02.2481733Z Removing /usr/share/gradle-9.8.0...
2026-10-07T15:32:02.2482647Z Removing /usr/local/.ghcup...
2026-10-07T15:32:02.2483456Z Removing /opt/ghc...
2026-10-07T15:32:02.2484175Z Removing /opt/cabal...
2026-10-07T15:32:02.2484998Z Removing /home/runner/.ghcup...
2026-10-07T15:32:02.2485870Z Removing /home/runner/.cabal...
2026-10-07T15:32:02.2486803Z Removing /usr/local/julia1.13.1...
2026-10-07T15:32:02.2488036Z Removing /usr/local/aws-cli...
2026-10-07T15:32:02.2488774Z Removing /opt/az...
2026-10-07T15:32:02.2489567Z Removing /usr/share/az_15.6.1...
2026-10-07T15:32:02.2490390Z Removing /usr/local/lib/android...
2026-10-07T15:32:02.2491151Z Removing /opt/android...
2026-10-07T15:32:02.2492472Z Removing /usr/local/android-sdk...
2026-10-07T15:32:02.2493189Z Removing /home/runner/Android...
2026-10-07T15:32:02.2493895Z Removing /usr/local/aws-sam-cli...
2026-10-07T15:32:02.2494603Z Removing /usr/share/miniconda...
2026-10-07T15:32:52.0020852Z Removing dotnet packages...
2026-10-07T15:32:52.0264436Z Removing haskell packages...
2026-10-07T15:32:52.0448011Z Removing android-sdk packages...
2026-10-07T15:32:52.0626841Z Cleared Android SDK environment after removing the Android SDK.
2026-10-07T15:32:52.0652676Z 
2026-10-07T15:32:52.0653482Z ✅ Cleanup complete!
2026-10-07T15:32:52.0653844Z Available space after: 115 GiB
2026-10-07T15:32:52.0654171Z Space freed: 29 GiB
2026-10-07T15:32:52.0720854Z ##[end-action id=__self.__eclipse-score_more-disk-space;outcome=success;conclusion=success;duration_ms=50122]
2026-10-07T15:32:52.0724144Z ##[start-action display=Install Bazelisk;id=__self.__bazel-contrib_setup-bazel]
2026-10-07T15:32:52.0792665Z ##[group]Run bazel-contrib/setup-bazel@0.19.0
2026-10-07T15:32:52.0792957Z with:
2026-10-07T15:32:52.0793152Z   bazelisk-cache: true
2026-10-07T15:32:52.0793375Z   disk-cache: false
2026-10-07T15:32:52.0793593Z   repository-cache: false
2026-10-07T15:32:52.0793816Z   cache-save: false
2026-10-07T15:32:52.0794019Z   cache-version: 1
2026-10-07T15:32:52.0794220Z   module-root: .
2026-10-07T15:32:52.0796854Z   token: ***
2026-10-07T15:32:52.0797041Z env:
2026-10-07T15:32:52.0797220Z   ANDROID_HOME: 
2026-10-07T15:32:52.0797426Z   ANDROID_SDK_ROOT: 
2026-10-07T15:32:52.0797657Z   FORCE_JAVASCRIPT_ACTIONS_TO_NODE24: true
2026-10-07T15:32:52.0797932Z   CACHE_MODE: read-only
2026-10-07T15:32:52.0798144Z ##[endgroup]
2026-10-07T15:32:52.2255814Z ##[group]Configure Bazel
2026-10-07T15:32:52.2256551Z Configuration:
2026-10-07T15:32:52.2257034Z {
2026-10-07T15:32:52.2257678Z   "baseCacheKey": "setup-bazel-1-linux-x64",
2026-10-07T15:32:52.2258641Z   "cacheSave": false,
2026-10-07T15:32:52.2259103Z   "bazeliskCache": {
2026-10-07T15:32:52.2259565Z     "enabled": true,
2026-10-07T15:32:52.2259974Z     "files": [
2026-10-07T15:32:52.2260413Z       "./.bazelversion"
2026-10-07T15:32:52.2260786Z     ],
2026-10-07T15:32:52.2261433Z     "name": "bazelisk",
2026-10-07T15:32:52.2261871Z     "paths": [
2026-10-07T15:32:52.2262403Z       "/home/runner/.cache/bazelisk"
2026-10-07T15:32:52.2262831Z     ]
2026-10-07T15:32:52.2263018Z   },
2026-10-07T15:32:52.2263279Z   "bazeliskVersion": "",
2026-10-07T15:32:52.2263553Z   "bazelrc": [],
2026-10-07T15:32:52.2263801Z   "diskCache": {
2026-10-07T15:32:52.2264052Z     "enabled": false,
2026-10-07T15:32:52.2264297Z     "files": [
2026-10-07T15:32:52.2264749Z       "./MODULE.bazel",
2026-10-07T15:32:52.2265215Z       "./WORKSPACE.bazel",
2026-10-07T15:32:52.2265866Z       "./WORKSPACE.bzlmod",
2026-10-07T15:32:52.2266372Z       "./WORKSPACE",
2026-10-07T15:32:52.2266807Z       "./**/BUILD.bazel",
2026-10-07T15:32:52.2267219Z       "./**/BUILD"
2026-10-07T15:32:52.2267541Z     ],
2026-10-07T15:32:52.2267937Z     "name": "disk",
2026-10-07T15:32:52.2268348Z     "paths": [
2026-10-07T15:32:52.2268895Z       "/home/runner/.cache/bazel-disk"
2026-10-07T15:32:52.2269327Z     ]
2026-10-07T15:32:52.2269618Z   },
2026-10-07T15:32:52.2270029Z   "externalCache": {},
2026-10-07T15:32:52.2270425Z   "paths": {
2026-10-07T15:32:52.2271063Z     "bazelExternal": "/home/runner/.bazel/external",
2026-10-07T15:32:52.2271999Z     "bazelOutputBase": "/home/runner/.bazel",
2026-10-07T15:32:52.2272563Z     "bazelrc": [
2026-10-07T15:32:52.2273059Z       "/home/runner/.bazelrc"
2026-10-07T15:32:52.2273477Z     ]
2026-10-07T15:32:52.2273795Z   },
2026-10-07T15:32:52.2274231Z   "os": {
2026-10-07T15:32:52.2274684Z     "arch": "x64",
2026-10-07T15:32:52.2275149Z     "platform": "linux"
2026-10-07T15:32:52.2275527Z   },
2026-10-07T15:32:52.2276434Z   "repositoryCache": {
2026-10-07T15:32:52.2276954Z     "enabled": false,
2026-10-07T15:32:52.2277381Z     "files": [
2026-10-07T15:32:52.2277904Z       "./MODULE.bazel",
2026-10-07T15:32:52.2278463Z       "./WORKSPACE.bazel",
2026-10-07T15:32:52.2278997Z       "./WORKSPACE.bzlmod",
2026-10-07T15:32:52.2279479Z       "./WORKSPACE"
2026-10-07T15:32:52.2279917Z     ],
2026-10-07T15:32:52.2280410Z     "name": "repository",
2026-10-07T15:32:52.2280850Z     "paths": [
2026-10-07T15:32:52.2281624Z       "/home/runner/.cache/bazel-repo"
2026-10-07T15:32:52.2282053Z     ]
2026-10-07T15:32:52.2282341Z   }
2026-10-07T15:32:52.2282624Z }
2026-10-07T15:32:52.2283486Z ##[endgroup]
2026-10-07T15:32:52.5294997Z ##[group]Restore cache for bazelisk
2026-10-07T15:32:52.7823029Z Failed to restore bazelisk cache
2026-10-07T15:32:52.7823826Z ##[endgroup]
2026-10-07T15:32:52.7901123Z ##[end-action id=__self.__bazel-contrib_setup-bazel;outcome=success;conclusion=success;duration_ms=717]
2026-10-07T15:32:52.7904457Z ##[start-action display=Register post cache save hook and restore caches;id=__self.__self]
2026-10-07T15:32:52.7961059Z ##[group]Run ./.github/actions/00_infrastructure/setup_bazel_cache
2026-10-07T15:32:52.7961728Z with:
2026-10-07T15:32:52.7961945Z   cache-mode: read-only
2026-10-07T15:32:52.7962189Z   disk-cache-name: build_and_test_host
2026-10-07T15:32:52.7965021Z   github-token: ***
2026-10-07T15:32:52.7965234Z env:
2026-10-07T15:32:52.7965414Z   ANDROID_HOME: 
2026-10-07T15:32:52.7965615Z   ANDROID_SDK_ROOT: 
2026-10-07T15:32:52.7965848Z   FORCE_JAVASCRIPT_ACTIONS_TO_NODE24: true
2026-10-07T15:32:52.7966132Z   CACHE_MODE: read-only
2026-10-07T15:32:52.7968830Z   BAZELISK_GITHUB_TOKEN: ***
2026-10-07T15:32:52.7969067Z ##[endgroup]
2026-10-07T15:32:52.9053828Z Restoring repository cache...
2026-10-07T15:32:53.1513964Z No repository cache found.
2026-10-07T15:32:53.1514791Z Restoring disk cache 'build_and_test_host'...
2026-10-07T15:32:53.3485791Z No disk cache found.
2026-10-07T15:32:53.3486983Z Bazel cache paths written to /home/runner/.bazelrc
2026-10-07T15:32:53.3488929Z Cache setup complete (mode: read-only, disk-cache: build_and_test_host). Post hook registered for save.
2026-10-07T15:32:53.3562534Z ##[end-action id=__self.__self;outcome=success;conclusion=success;duration_ms=565]
2026-10-07T15:32:53.3567385Z ##[start-action display=Configure optional Ubuntu snapshot mirror for Bazel downloader;id=__self.__run_2]
2026-10-07T15:32:53.3588431Z ##[group]Run if [[ -z "${UBUNTU_SNAPSHOT_MIRROR_URL}" ]]; then
2026-10-07T15:32:53.3588874Z [36;1mif [[ -z "${UBUNTU_SNAPSHOT_MIRROR_URL}" ]]; then[0m
2026-10-07T15:32:53.3589434Z [36;1m  echo "No override for public Ubuntu snapshot mirror configured; using default snapshot.ubuntu.com URL."[0m
2026-10-07T15:32:53.3589945Z [36;1m  exit 0[0m
2026-10-07T15:32:53.3590142Z [36;1mfi[0m
2026-10-07T15:32:53.3590330Z [36;1m[0m
2026-10-07T15:32:53.3590557Z [36;1mMIRROR_URL="${UBUNTU_SNAPSHOT_MIRROR_URL}"[0m
2026-10-07T15:32:53.3590981Z [36;1mDOWNLOADER_CONFIG="${GITHUB_WORKSPACE}/user.downloader_config"[0m
2026-10-07T15:32:53.3591669Z [36;1m[0m
2026-10-07T15:32:53.3592029Z [36;1mMIRROR_URL="${MIRROR_URL}" DOWNLOADER_CONFIG="${DOWNLOADER_CONFIG}" python3 - <<'PY'[0m
2026-10-07T15:32:53.3592460Z [36;1mimport os[0m
2026-10-07T15:32:53.3592683Z [36;1mfrom pathlib import Path[0m
2026-10-07T15:32:53.3592930Z [36;1m[0m
2026-10-07T15:32:53.3593146Z [36;1mmirror_url = os.environ["MIRROR_URL"][0m
2026-10-07T15:32:53.3593534Z [36;1mdownloader_config = Path(os.environ["DOWNLOADER_CONFIG"])[0m
2026-10-07T15:32:53.3593912Z [36;1mdownloader_config.write_text([0m
2026-10-07T15:32:53.3594180Z [36;1m    "\n".join([[0m
2026-10-07T15:32:53.3594761Z [36;1m        f"rewrite snapshot.ubuntu.com/ubuntu/[^/]*/(.*) {mirror_url}.debmirror.stablebuild.com/2026-04-01T10:40:01Z/archive.ubuntu.com/ubuntu/$1",[0m
2026-10-07T15:32:53.3595854Z [36;1m        f"rewrite snapshot.ubuntu.com/ubuntu/[^/]*/(.*) {mirror_url}.debmirror.stablebuild.com/2026-04-01T10:40:01Z/ports.ubuntu.com/$1",[0m
2026-10-07T15:32:53.3596603Z [36;1m        # Retain public mirror as fallback should quota of override mirror be exhausted[0m
2026-10-07T15:32:53.3597173Z [36;1m        "rewrite snapshot.ubuntu.com/ubuntu/(.*) snapshot.ubuntu.com/ubuntu/$1",[0m
2026-10-07T15:32:53.3597575Z [36;1m    ]) + "\n",[0m
2026-10-07T15:32:53.3597817Z [36;1m    encoding="utf-8",[0m
2026-10-07T15:32:53.3598050Z [36;1m)[0m
2026-10-07T15:32:53.3598229Z [36;1mPY[0m
2026-10-07T15:32:53.3598406Z [36;1m[0m
2026-10-07T15:32:53.3598785Z [36;1mecho "common --downloader_config=${DOWNLOADER_CONFIG}" >> "${GITHUB_WORKSPACE}/user.bazelrc"[0m
2026-10-07T15:32:53.3599419Z [36;1mecho "Configured Bazel downloader mirror with fallback for Ubuntu snapshot URLs."[0m
2026-10-07T15:32:53.3660735Z shell: /usr/bin/bash --noprofile --norc -e -o pipefail {0}
2026-10-07T15:32:53.3661062Z env:
2026-10-07T15:32:53.3661579Z   ANDROID_HOME: 
2026-10-07T15:32:53.3661818Z   ANDROID_SDK_ROOT: 
2026-10-07T15:32:53.3662060Z   FORCE_JAVASCRIPT_ACTIONS_TO_NODE24: true
2026-10-07T15:32:53.3662335Z   CACHE_MODE: read-only
2026-10-07T15:32:53.3665141Z   BAZELISK_GITHUB_TOKEN: ***
2026-10-07T15:32:53.3665398Z   UBUNTU_SNAPSHOT_MIRROR_URL: 
2026-10-07T15:32:53.3665643Z ##[endgroup]
2026-10-07T15:32:53.3744761Z No override for public Ubuntu snapshot mirror configured; using default snapshot.ubuntu.com URL.
2026-10-07T15:32:53.3750420Z ##[end-action id=__self.__run_2;outcome=success;conclusion=success;duration_ms=18]
2026-10-07T15:32:53.3752833Z ##[start-action display=Allow linux-sandbox;id=__self.__eclipse-score_cicd-actions]
2026-10-07T15:32:53.3783324Z ##[group]Run eclipse-score/cicd-actions/unblock-user-namespace-for-linux-sandbox@f89865691445b60e9229c36adb1c37b675e1ca85
2026-10-07T15:32:53.3783891Z env:
2026-10-07T15:32:53.3784074Z   ANDROID_HOME: 
2026-10-07T15:32:53.3784272Z   ANDROID_SDK_ROOT: 
2026-10-07T15:32:53.3784502Z   FORCE_JAVASCRIPT_ACTIONS_TO_NODE24: true
2026-10-07T15:32:53.3784772Z   CACHE_MODE: read-only
2026-10-07T15:32:53.3787582Z   BAZELISK_GITHUB_TOKEN: ***
2026-10-07T15:32:53.3787998Z ##[endgroup]
2026-10-07T15:32:53.3791433Z ##[start-action display=Allow linux-sandbox to create user namespace;id=__self.__eclipse-score_cicd-actions.__run]
2026-10-07T15:32:53.3809269Z ##[group]Run /home/runner/work/_actions/eclipse-score/cicd-actions/f89865691445b60e9229c36adb1c37b675e1ca85/unblock-user-namespace-for-linux-sandbox/action_callable.sh
2026-10-07T15:32:53.3810471Z [36;1m/home/runner/work/_actions/eclipse-score/cicd-actions/f89865691445b60e9229c36adb1c37b675e1ca85/unblock-user-namespace-for-linux-sandbox/action_callable.sh[0m
2026-10-07T15:32:53.3865076Z shell: /usr/bin/bash --noprofile --norc -e -o pipefail {0}
2026-10-07T15:32:53.3865411Z env:
2026-10-07T15:32:53.3865592Z   ANDROID_HOME: 
2026-10-07T15:32:53.3865792Z   ANDROID_SDK_ROOT: 
2026-10-07T15:32:53.3866060Z   FORCE_JAVASCRIPT_ACTIONS_TO_NODE24: true
2026-10-07T15:32:53.3866342Z   CACHE_MODE: read-only
2026-10-07T15:32:53.3869077Z   BAZELISK_GITHUB_TOKEN: ***
2026-10-07T15:32:53.3869327Z ##[endgroup]
2026-10-07T15:32:54.0843520Z 2026/10/07 15:32:54 Downloading https://releases.bazel.build/8.7.0/release/bazel-8.7.0-linux-x86_64...
2026-10-07T15:32:54.3164234Z Extracting Bazel installation...
2026-10-07T15:32:55.4642546Z Starting local Bazel server (8.7.0) and connecting to it...
2026-10-07T15:32:57.2100394Z INFO: Invocation ID: 20f3ef4b-7465-484b-8225-b01eeb6af29c
2026-10-07T15:32:57.2973576Z Success: '/home/runner/.cache/bazel/_bazel_runner/install/24cd1949a87b52de06e695638d54f5e1/linux-sandbox /bin/true' succeeded.
2026-10-07T15:32:57.2982901Z ##[end-action id=__self.__eclipse-score_cicd-actions.__run;outcome=success;conclusion=success;duration_ms=3919]
2026-10-07T15:32:57.2997047Z ##[end-action id=__self.__eclipse-score_cicd-actions;outcome=success;conclusion=success;duration_ms=3924]
2026-10-07T15:32:57.3032229Z ##[group]Run bazel build --config=ci //...
2026-10-07T15:32:57.3032624Z [36;1mbazel build --config=ci //...[0m
2026-10-07T15:32:57.3094988Z shell: /usr/bin/bash -e {0}
2026-10-07T15:32:57.3095244Z env:
2026-10-07T15:32:57.3095447Z   ANDROID_HOME: 
2026-10-07T15:32:57.3095655Z   ANDROID_SDK_ROOT: 
2026-10-07T15:32:57.3095888Z   FORCE_JAVASCRIPT_ACTIONS_TO_NODE24: true
2026-10-07T15:32:57.3096175Z   CACHE_MODE: read-only
2026-10-07T15:32:57.3099193Z   BAZELISK_GITHUB_TOKEN: ***
2026-10-07T15:32:57.3099448Z ##[endgroup]
2026-10-07T15:32:57.4249979Z INFO: Invocation ID: a877ef53-dbc5-4379-a3dc-0f120b3b646f
2026-10-07T15:32:57.4882273Z Computing main repo mapping: 
2026-10-07T15:33:07.4900757Z Computing main repo mapping: 
2026-10-07T15:33:17.4906022Z Computing main repo mapping: 
2026-10-07T15:33:24.4552561Z Loading: 
2026-10-07T15:33:24.4553514Z Loading: 5 packages loaded
2026-10-07T15:33:28.7200306Z WARNING: /home/runner/work/communication/communication/score/memory/shared/BUILD:437:11: target '//score/memory/shared:types' is deprecated: This aggregation target is deprecated and pulls in the unmaintained/broken ':map' target on some platforms. Depend directly on the specific score/memory/shared sub-targets you need (e.g. ':offset_ptr', ':vector', ':string', ...) instead.
2026-10-07T15:33:28.9968414Z Analyzing: 2893 targets (310 packages loaded, 0 targets configured)
2026-10-07T15:33:29.0436704Z Analyzing: 2893 targets (310 packages loaded, 0 targets configured)
2026-10-07T15:33:29.0452007Z 
2026-10-07T15:33:30.3401771Z WARNING: /home/runner/work/communication/communication/MODULE.bazel:196:20: The module extension apt defined in @rules_distroless//apt:extensions.bzl reported incorrect imports of repositories via use_repo():
2026-10-07T15:33:30.3443038Z 
2026-10-07T15:33:30.3507907Z Imported, but reported as indirect dependencies by the extension:
2026-10-07T15:33:30.3560730Z     ubuntu24_04_sysroot_resolve
2026-10-07T15:33:30.3586368Z 
2026-10-07T15:33:30.3602854Z Fix the use_repo calls by running 'bazel mod tidy'.
2026-10-07T15:33:31.7642513Z DEBUG: Rule '+_repo_rules+jsonschema' indicated that a canonical reproducible form can be obtained by modifying arguments integrity = "sha256-rugv6PaV/h4ielG3dMOujCuyVpUGUampKGbFI7FQQs4="
2026-10-07T15:33:31.7673775Z DEBUG: Repository +_repo_rules+jsonschema instantiated at:
2026-10-07T15:33:31.7686048Z   <builtin>: in <toplevel>
2026-10-07T15:33:31.7693046Z Repository rule archive defined at:
2026-10-07T15:33:31.7694552Z   /home/runner/.bazel/external/download_utils+/download/archive/repository.bzl:83:26: in <toplevel>
2026-10-07T15:33:32.2604603Z DEBUG: Rule '+_repo_rules3+clang_format' indicated that a canonical reproducible form can be obtained by modifying arguments integrity = "sha256-Lj6lg0XiCgKLjDWv+WT3TfFOTNF+LVJKjvwbqeztfaI="
2026-10-07T15:33:32.2672765Z DEBUG: Repository +_repo_rules3+clang_format instantiated at:
2026-10-07T15:33:32.2676158Z   <builtin>: in <toplevel>
2026-10-07T15:33:32.2688637Z Repository rule file defined at:
2026-10-07T15:33:32.2701457Z   /home/runner/.bazel/external/download_utils+/download/file/repository.bzl:75:23: in <toplevel>
2026-10-07T15:33:39.1484518Z Analyzing: 2893 targets (453 packages loaded, 1268 targets configured)
2026-10-07T15:33:39.1502221Z [98 / 98] no actions running
2026-10-07T15:33:49.6083050Z Analyzing: 2893 targets (461 packages loaded, 1284 targets configured)
2026-10-07T15:33:49.6105612Z [127 / 127] no actions running
2026-10-07T15:34:01.5269564Z Analyzing: 2893 targets (471 packages loaded, 1445 targets configured)
2026-10-07T15:34:01.5282754Z [127 / 127] no actions running
2026-10-07T15:34:11.5847225Z Analyzing: 2893 targets (516 packages loaded, 10735 targets configured)
2026-10-07T15:34:11.5848444Z [127 / 127] no actions running
2026-10-07T15:34:21.6634624Z Analyzing: 2893 targets (596 packages loaded, 24344 targets configured)
2026-10-07T15:34:21.6672766Z [127 / 146] checking cached actions
2026-10-07T15:34:31.7577601Z Analyzing: 2893 targets (674 packages loaded, 28503 targets configured)
2026-10-07T15:34:31.7633698Z [179 / 295] Compiling score/language/futurecpp/src/memory_resource.cpp; 2s disk-cache, linux-sandbox ... (4 actions running)
2026-10-07T15:34:41.8013320Z Analyzing: 2893 targets (710 packages loaded, 30594 targets configured)
2026-10-07T15:34:41.8123376Z [410 / 853] Compiling quality/integration_testing/test/main.cpp; 1s disk-cache, linux-sandbox ... (4 actions running)
2026-10-07T15:34:44.3244803Z DEBUG: Rule 'score_baselibs++_repo_rules+acl-deb' indicated that a canonical reproducible form can be obtained by modifying arguments integrity = "sha256-5AjUxw54AQdOpFkYAgilQtVPVjibpIU3BDTy0A6VCYA=" and dropping ["visibility"]
2026-10-07T15:34:44.3303033Z DEBUG: Repository score_baselibs++_repo_rules+acl-deb instantiated at:
2026-10-07T15:34:44.3352290Z   <builtin>: in <toplevel>
2026-10-07T15:34:44.3462720Z Repository rule deb defined at:
2026-10-07T15:34:44.3482850Z   /home/runner/.bazel/external/download_utils+/download/deb/repository.bzl:78:22: in <toplevel>
2026-10-07T15:34:52.0303052Z Analyzing: 2893 targets (744 packages loaded, 33836 targets configured)
2026-10-07T15:34:52.0305125Z [463 / 853] Compiling score/message_passing/client_connection.cpp; 4s disk-cache, linux-sandbox ... (4 actions, 3 running)
2026-10-07T15:35:02.2942240Z Analyzing: 2893 targets (753 packages loaded, 34897 targets configured)
2026-10-07T15:35:02.2962407Z [580 / 1,265] checking cached actions
2026-10-07T15:35:12.4973033Z Analyzing: 2893 targets (825 packages loaded, 72256 targets configured)
2026-10-07T15:35:12.4993116Z [713 / 1,497] Compiling score/mw/log/log_common.cpp; 1s disk-cache, linux-sandbox ... (4 actions running)
2026-10-07T15:35:22.4888295Z Analyzing: 2893 targets (890 packages loaded, 72728 targets configured)
2026-10-07T15:35:22.4993482Z [724 / 1,510] Compiling score/message_passing/log/logging_callback_test.cpp; 7s disk-cache, linux-sandbox ... (4 actions running)
2026-10-07T15:35:32.4952785Z Analyzing: 2893 targets (917 packages loaded, 74739 targets configured)
2026-10-07T15:35:32.4975099Z [874 / 1,686] Compiling score/message_passing/client_connection_test.cpp; 9s disk-cache, linux-sandbox ... (4 actions running)
2026-10-07T15:35:42.8857351Z Analyzing: 2893 targets (969 packages loaded, 75063 targets configured)
2026-10-07T15:35:42.8883044Z [881 / 1,686] Compiling score/message_passing/client_connection_test.cpp; 20s disk-cache, linux-sandbox ... (4 actions running)
2026-10-07T15:35:48.9802856Z INFO: From Compiling score/mw/com/impl/com_error.cpp:
2026-10-07T15:35:48.9804014Z In file included from score/mw/com/impl/com_error.cpp:13:
2026-10-07T15:35:48.9894646Z ./score/mw/com/impl/com_error.h: In member function 'virtual std::string_view score::mw::com::impl::ComErrorDomain::MessageFor(const score::result::ErrorCode&) const':
2026-10-07T15:35:48.9898353Z ./score/mw/com/impl/com_error.h:186:65: warning: 'score::mw::com::impl::ComErrc::kServiceInstanceAlreadyOffered' is deprecated: Value has never been used. Calls to OfferService shall be idempotent. [-Wdeprecated-declarations]
2026-10-07T15:35:48.9901116Z   186 |             case static_cast<score::result::ErrorCode>(ComErrc::kServiceInstanceAlreadyOffered):
2026-10-07T15:35:48.9902916Z       |                                                                 ^~~~~~~~~~~~~~~~~~~~~~~~~~~~~~
2026-10-07T15:35:48.9904015Z ./score/mw/com/impl/com_error.h:57:5: note: declared here
2026-10-07T15:35:48.9904903Z    57 |     kServiceInstanceAlreadyOffered
2026-10-07T15:35:48.9905692Z       |     ^~~~~~~~~~~~~~~~~~~~~~~~~~~~~~
2026-10-07T15:35:50.2009198Z INFO: From Compiling score/mw/com/com_error_domain.cpp:
2026-10-07T15:35:50.2011085Z In file included from ./score/mw/com/com_error_domain.h:16,
2026-10-07T15:35:50.2027524Z                  from score/mw/com/com_error_domain.cpp:13:
2026-10-07T15:35:50.2029783Z ./score/mw/com/impl/com_error.h: In member function 'virtual std::string_view score::mw::com::impl::ComErrorDomain::MessageFor(const score::result::ErrorCode&) const':
2026-10-07T15:35:50.2033853Z ./score/mw/com/impl/com_error.h:186:65: warning: 'score::mw::com::impl::ComErrc::kServiceInstanceAlreadyOffered' is deprecated: Value has never been used. Calls to OfferService shall be idempotent. [-Wdeprecated-declarations]
2026-10-07T15:35:50.2045482Z   186 |             case static_cast<score::result::ErrorCode>(ComErrc::kServiceInstanceAlreadyOffered):
2026-10-07T15:35:50.2047095Z       |                                                                 ^~~~~~~~~~~~~~~~~~~~~~~~~~~~~~
2026-10-07T15:35:50.2048207Z ./score/mw/com/impl/com_error.h:57:5: note: declared here
2026-10-07T15:35:50.2049142Z    57 |     kServiceInstanceAlreadyOffered
2026-10-07T15:35:50.2049970Z       |     ^~~~~~~~~~~~~~~~~~~~~~~~~~~~~~
2026-10-07T15:35:50.8883917Z INFO: From Compiling score/mw/com/impl/error_serializer.cpp:
2026-10-07T15:35:50.8887447Z In file included from score/mw/com/impl/error_serializer.cpp:16:
2026-10-07T15:35:50.8904295Z ./score/mw/com/impl/com_error.h: In member function 'virtual std::string_view score::mw::com::impl::ComErrorDomain::MessageFor(const score::result::ErrorCode&) const':
2026-10-07T15:35:50.8944001Z ./score/mw/com/impl/com_error.h:186:65: warning: 'score::mw::com::impl::ComErrc::kServiceInstanceAlreadyOffered' is deprecated: Value has never been used. Calls to OfferService shall be idempotent. [-Wdeprecated-declarations]
2026-10-07T15:35:50.8972565Z   186 |             case static_cast<score::result::ErrorCode>(ComErrc::kServiceInstanceAlreadyOffered):
2026-10-07T15:35:50.9022523Z       |                                                                 ^~~~~~~~~~~~~~~~~~~~~~~~~~~~~~
2026-10-07T15:35:50.9071906Z ./score/mw/com/impl/com_error.h:57:5: note: declared here
2026-10-07T15:35:50.9123858Z    57 |     kServiceInstanceAlreadyOffered
2026-10-07T15:35:50.9182179Z       |     ^~~~~~~~~~~~~~~~~~~~~~~~~~~~~~
2026-10-07T15:35:53.0012910Z Analyzing: 2893 targets (1000 packages loaded, 77308 targets configured)
2026-10-07T15:35:53.0053641Z [901 / 1,686] Compiling score/mw/com/impl/data_type_meta_info_test.cpp; 2s disk-cache, linux-sandbox ... (4 actions running)
2026-10-07T15:35:53.0636655Z INFO: From Compiling score/mw/com/impl/data_type_meta_info_test.cpp:
2026-10-07T15:35:53.0723069Z In file included from score/mw/com/impl/data_type_meta_info_test.cpp:15:
2026-10-07T15:35:53.0777206Z ./score/mw/com/impl/com_error.h: In member function 'virtual std::string_view score::mw::com::impl::ComErrorDomain::MessageFor(const score::result::ErrorCode&) const':
2026-10-07T15:35:53.0830479Z ./score/mw/com/impl/com_error.h:186:65: warning: 'score::mw::com::impl::ComErrc::kServiceInstanceAlreadyOffered' is deprecated: Value has never been used. Calls to OfferService shall be idempotent. [-Wdeprecated-declarations]
2026-10-07T15:35:53.0862982Z   186 |             case static_cast<score::result::ErrorCode>(ComErrc::kServiceInstanceAlreadyOffered):
2026-10-07T15:35:53.0904667Z       |                                                                 ^~~~~~~~~~~~~~~~~~~~~~~~~~~~~~
2026-10-07T15:35:53.0966244Z ./score/mw/com/impl/com_error.h:57:5: note: declared here
2026-10-07T15:35:53.0999504Z    57 |     kServiceInstanceAlreadyOffered
2026-10-07T15:35:53.1032687Z       |     ^~~~~~~~~~~~~~~~~~~~~~~~~~~~~~
2026-10-07T15:35:54.2077472Z INFO: From Compiling score/mw/com/impl/data_type_meta_info.cpp:
2026-10-07T15:35:54.2192655Z In file included from score/mw/com/impl/data_type_meta_info.cpp:15:
2026-10-07T15:35:54.2249548Z ./score/mw/com/impl/com_error.h: In member function 'virtual std::string_view score::mw::com::impl::ComErrorDomain::MessageFor(const score::result::ErrorCode&) const':
2026-10-07T15:35:54.2297043Z ./score/mw/com/impl/com_error.h:186:65: warning: 'score::mw::com::impl::ComErrc::kServiceInstanceAlreadyOffered' is deprecated: Value has never been used. Calls to OfferService shall be idempotent. [-Wdeprecated-declarations]
2026-10-07T15:35:54.2362641Z   186 |             case static_cast<score::result::ErrorCode>(ComErrc::kServiceInstanceAlreadyOffered):
2026-10-07T15:35:54.2412907Z       |                                                                 ^~~~~~~~~~~~~~~~~~~~~~~~~~~~~~
2026-10-07T15:35:54.2482211Z ./score/mw/com/impl/com_error.h:57:5: note: declared here
2026-10-07T15:35:54.2512240Z    57 |     kServiceInstanceAlreadyOffered
2026-10-07T15:35:54.2525688Z       |     ^~~~~~~~~~~~~~~~~~~~~~~~~~~~~~
2026-10-07T15:36:03.0453114Z Analyzing: 2893 targets (1011 packages loaded, 77870 targets configured)
2026-10-07T15:36:03.0479704Z [948 / 1,686] Compiling score/mw/service/provided_services_container_test.cpp; 3s disk-cache, linux-sandbox ... (4 actions, 3 running)
2026-10-07T15:36:12.2408866Z INFO: From Compiling score/mw/com/impl/error_serializer_test.cpp:
2026-10-07T15:36:12.2438391Z In file included from score/mw/com/impl/error_serializer_test.cpp:16:
2026-10-07T15:36:12.2489472Z ./score/mw/com/impl/com_error.h: In member function 'virtual std::string_view score::mw::com::impl::ComErrorDomain::MessageFor(const score::result::ErrorCode&) const':
2026-10-07T15:36:12.2545646Z ./score/mw/com/impl/com_error.h:186:65: warning: 'score::mw::com::impl::ComErrc::kServiceInstanceAlreadyOffered' is deprecated: Value has never been used. Calls to OfferService shall be idempotent. [-Wdeprecated-declarations]
2026-10-07T15:36:12.2574613Z   186 |             case static_cast<score::result::ErrorCode>(ComErrc::kServiceInstanceAlreadyOffered):
2026-10-07T15:36:12.2622506Z       |                                                                 ^~~~~~~~~~~~~~~~~~~~~~~~~~~~~~
2026-10-07T15:36:12.2646712Z ./score/mw/com/impl/com_error.h:57:5: note: declared here
2026-10-07T15:36:12.2718396Z    57 |     kServiceInstanceAlreadyOffered
2026-10-07T15:36:12.2772324Z       |     ^~~~~~~~~~~~~~~~~~~~~~~~~~~~~~
2026-10-07T15:36:12.7583156Z INFO: From Compiling score/mw/com/impl/com_error_test.cpp:
2026-10-07T15:36:12.7602904Z In file included from score/mw/com/impl/com_error_test.cpp:13:
2026-10-07T15:36:12.7663854Z ./score/mw/com/impl/com_error.h: In member function 'virtual std::string_view score::mw::com::impl::ComErrorDomain::MessageFor(const score::result::ErrorCode&) const':
2026-10-07T15:36:12.7724077Z ./score/mw/com/impl/com_error.h:186:65: warning: 'score::mw::com::impl::ComErrc::kServiceInstanceAlreadyOffered' is deprecated: Value has never been used. Calls to OfferService shall be idempotent. [-Wdeprecated-declarations]
2026-10-07T15:36:12.7727175Z   186 |             case static_cast<score::result::ErrorCode>(ComErrc::kServiceInstanceAlreadyOffered):
2026-10-07T15:36:12.7782505Z       |                                                                 ^~~~~~~~~~~~~~~~~~~~~~~~~~~~~~
2026-10-07T15:36:12.7783641Z ./score/mw/com/impl/com_error.h:57:5: note: declared here
2026-10-07T15:36:12.7784741Z    57 |     kServiceInstanceAlreadyOffered
2026-10-07T15:36:12.7999201Z       |     ^~~~~~~~~~~~~~~~~~~~~~~~~~~~~~
2026-10-07T15:36:12.8001931Z score/mw/com/impl/com_error_test.cpp: In member function 'virtual void score::mw::com::impl::{anonymous}::ComErrorMessageForFixture_MessageForServiceInstanceAlreadyOffered_Test::TestBody()':
2026-10-07T15:36:12.8005947Z score/mw/com/impl/com_error_test.cpp:164:31: warning: 'score::mw::com::impl::ComErrc::kServiceInstanceAlreadyOffered' is deprecated: Value has never been used. Calls to OfferService shall be idempotent. [-Wdeprecated-declarations]
2026-10-07T15:36:12.8008814Z   164 |     testErrorMessage(ComErrc::kServiceInstanceAlreadyOffered, "Service instance is already offered");
2026-10-07T15:36:12.8010139Z       |                               ^~~~~~~~~~~~~~~~~~~~~~~~~~~~~~
2026-10-07T15:36:12.8011058Z ./score/mw/com/impl/com_error.h:57:5: note: declared here
2026-10-07T15:36:12.8012134Z    57 |     kServiceInstanceAlreadyOffered
2026-10-07T15:36:12.8013026Z       |     ^~~~~~~~~~~~~~~~~~~~~~~~~~~~~~
2026-10-07T15:36:13.0762886Z Analyzing: 2893 targets (1026 packages loaded, 80729 targets configured)
2026-10-07T15:36:13.0802367Z [959 / 1,686] Compiling score/concurrency/timed_executor/periodic_task.cpp; 3s disk-cache, linux-sandbox ... (4 actions running)
2026-10-07T15:36:23.0804393Z Analyzing: 2893 targets (1043 packages loaded, 81288 targets configured)
2026-10-07T15:36:23.0834083Z [981 / 1,686] Compiling score/mw/com/gateway/transport_layer/sample/messages/message_error_test.cpp; 2s disk-cache, linux-sandbox ... (4 actions running)
2026-10-07T15:36:33.0833862Z Analyzing: 2893 targets (1126 packages loaded, 82962 targets configured)
2026-10-07T15:36:33.0883434Z [997 / 1,686] Compiling score/concurrency/future/interruptible_shared_future.cpp; 2s disk-cache, linux-sandbox ... (4 actions running)
2026-10-07T15:36:43.3422803Z Analyzing: 2893 targets (1147 packages loaded, 84053 targets configured)
2026-10-07T15:36:43.3484282Z [1,014 / 1,686] Compiling score/concurrency/thread_pool.cpp; 3s disk-cache, linux-sandbox ... (4 actions running)
2026-10-07T15:36:53.3703182Z Analyzing: 2893 targets (1179 packages loaded, 86112 targets configured)
2026-10-07T15:36:53.3713378Z [1,026 / 1,686] Compiling score/mw/service/proxy_future_test.cpp; 4s disk-cache, linux-sandbox ... (4 actions, 3 running)
2026-10-07T15:37:03.3795431Z Analyzing: 2893 targets (1234 packages loaded, 88406 targets configured)
2026-10-07T15:37:03.3883313Z [1,035 / 1,686] Compiling score/os/socket_impl.cpp; 1s disk-cache, linux-sandbox ... (4 actions running)
2026-10-07T15:37:04.9446732Z WARNING: /home/runner/work/communication/communication/score/mw/com/test/api/BUILD:18:11: in cc_library rule //score/mw/com/test/api:api: target '//score/mw/com/test/api:api' depends on deprecated target '//score/memory/shared:types': This aggregation target is deprecated and pulls in the unmaintained/broken ':map' target on some platforms. Depend directly on the specific score/memory/shared sub-targets you need (e.g. ':offset_ptr', ':vector', ':string', ...) instead.
2026-10-07T15:37:13.9351752Z Analyzing: 2893 targets (1396 packages loaded, 91141 targets configured)
2026-10-07T15:37:13.9373437Z [1,044 / 1,686] Compiling score/mw/service/details/proxy_builder_test.cpp; 8s disk-cache, linux-sandbox ... (4 actions running)
2026-10-07T15:37:23.9393405Z Analyzing: 2893 targets (1455 packages loaded, 91744 targets configured)
2026-10-07T15:37:23.9443541Z [1,055 / 1,686] Compiling score/mw/service/details/proxy_spec_traits_test.cpp; 3s disk-cache, linux-sandbox ... (4 actions running)
2026-10-07T15:37:34.2522851Z Analyzing: 2893 targets (1486 packages loaded, 92169 targets configured)
2026-10-07T15:37:34.2553617Z [1,600 / 5,436] Compiling score/mw/service/backend/common/test/multiple_immediate_instantiation_strategy_test.cpp; 1s disk-cache, linux-sandbox ... (4 actions running)
2026-10-07T15:37:44.2683031Z Analyzing: 2893 targets (1540 packages loaded, 92436 targets configured)
2026-10-07T15:37:44.2710071Z [1,723 / 5,436] Compiling googletest/src/gtest-printers.cc; 1s disk-cache, linux-sandbox ... (4 actions, 3 running)
2026-10-07T15:37:54.2970401Z Analyzing: 2893 targets (1563 packages loaded, 92541 targets configured)
2026-10-07T15:37:54.3004398Z [2,508 / 6,677] Linking external/score_baselibs+/score/concurrency/libdelayed_task.so; 0s disk-cache, linux-sandbox ... (4 actions, 3 running)
2026-10-07T15:38:04.3733945Z Analyzing: 2893 targets (1570 packages loaded, 92569 targets configured)
2026-10-07T15:38:04.3760393Z [3,490 / 11,070] Compiling field.c [for tool]; 0s disk-cache, linux-sandbox ... (4 actions, 3 running)
2026-10-07T15:38:14.3792774Z Analyzing: 2893 targets (1591 packages loaded, 92706 targets configured)
2026-10-07T15:38:14.3853078Z [3,840 / 11,070] Compiling src/statistics.cc; 1s disk-cache, linux-sandbox ... (4 actions, 3 running)
2026-10-07T15:38:24.3782911Z Analyzing: 2893 targets (1618 packages loaded, 93538 targets configured)
2026-10-07T15:38:24.3872996Z [4,021 / 11,070] Compiling src/commandlineflags.cc; 0s disk-cache, linux-sandbox ... (4 actions running)
2026-10-07T15:38:34.5172901Z Analyzing: 2893 targets (1647 packages loaded, 94151 targets configured)
2026-10-07T15:38:34.5202915Z [4,152 / 11,070] Compiling src/benchmark.cc; 3s disk-cache, linux-sandbox ... (4 actions, 3 running)
2026-10-07T15:38:44.6903036Z Analyzing: 2893 targets (1652 packages loaded, 94779 targets configured)
2026-10-07T15:38:44.6943626Z [4,371 / 11,070] Compiling src/code_generators.cpp [for tool]; 2s disk-cache, linux-sandbox ... (4 actions, 3 running)
2026-10-07T15:38:54.7232976Z Analyzing: 2893 targets (1652 packages loaded, 94779 targets configured)
2026-10-07T15:38:54.7283178Z [4,586 / 11,591] Compiling score/concurrency/executor_mock.cpp; 2s disk-cache, linux-sandbox ... (4 actions, 3 running)
2026-10-07T15:39:04.7372408Z Analyzing: 2893 targets (1652 packages loaded, 94779 targets configured)
2026-10-07T15:39:04.7374369Z [5,003 / 11,911] Compiling src/idl_parser.cpp [for tool]; 1s disk-cache, linux-sandbox ... (4 actions, 3 running)
2026-10-07T15:39:14.7811716Z Analyzing: 2893 targets (1652 packages loaded, 94779 targets configured)
2026-10-07T15:39:14.7863255Z [5,525 / 12,185] Compiling src/idl_parser.cpp [for tool]; 11s disk-cache, linux-sandbox ... (3 actions, 2 running)
2026-10-07T15:39:24.8002933Z Analyzing: 2893 targets (1652 packages loaded, 94779 targets configured)
2026-10-07T15:39:24.8032969Z [5,915 / 12,203] Compiling src/idl_parser.cpp [for tool]; 21s disk-cache, linux-sandbox ... (4 actions, 3 running)
2026-10-07T15:39:34.8355184Z Analyzing: 2893 targets (1652 packages loaded, 94779 targets configured)
2026-10-07T15:39:34.8364184Z [6,226 / 12,203] Compiling src/string-format-check.cpp [for tool]; 5s disk-cache, linux-sandbox ... (4 actions, 3 running)
2026-10-07T15:39:39.8576850Z ##[error]The operation was canceled.
2026-10-07T15:39:39.9115102Z Post job cleanup.
2026-10-07T15:39:39.9122583Z ##[start-action display=Register post cache save hook and restore caches;id=__48b8f6f5-57c9-47a9-bfc5-0795e96ce581.__self]
2026-10-07T15:39:39.9134158Z ##[end-action id=__48b8f6f5-57c9-47a9-bfc5-0795e96ce581.__self;outcome=skipped;conclusion=skipped;duration_ms=0]
2026-10-07T15:39:39.9137572Z ##[start-action display=Install Bazelisk;id=__48b8f6f5-57c9-47a9-bfc5-0795e96ce581.__bazel-contrib_setup-bazel]
2026-10-07T15:39:39.9162037Z ##[end-action id=__48b8f6f5-57c9-47a9-bfc5-0795e96ce581.__bazel-contrib_setup-bazel;outcome=skipped;conclusion=skipped;duration_ms=0]
2026-10-07T15:39:39.9165842Z ##[start-action display=Free Disk Space (Ubuntu);id=__48b8f6f5-57c9-47a9-bfc5-0795e96ce581.__eclipse-score_more-disk-space]
2026-10-07T15:39:39.9264959Z Post job cleanup.
2026-10-07T15:39:40.2202520Z 
2026-10-07T15:39:40.2232403Z 📊 Final disk space report
2026-10-07T15:39:40.2264027Z ==========================
2026-10-07T15:39:40.2282905Z Space before action:   86 GiB
2026-10-07T15:39:40.2315124Z Space freed by action: 29 GiB
2026-10-07T15:39:40.2342072Z Space used by build:   21 GiB
2026-10-07T15:39:40.2383213Z Available now:         94 GiB
2026-10-07T15:39:40.2426543Z 
2026-10-07T15:39:40.2472362Z ✅ Good buffer remaining (94 GiB).
2026-10-07T15:39:40.2510435Z ##[end-action id=__48b8f6f5-57c9-47a9-bfc5-0795e96ce581.__eclipse-score_more-disk-space;outcome=success;conclusion=success;duration_ms=334]
2026-10-07T15:39:40.2749661Z Post job cleanup.
2026-10-07T15:39:41.1198233Z [command]/usr/bin/git version
2026-10-07T15:39:41.1199395Z git version 2.55.0
2026-10-07T15:39:41.2284061Z Temporarily overriding HOME='/home/runner/work/_temp/c0769fa4-5c4a-4758-946a-51c599d822b8' before making global git config changes
2026-10-07T15:39:41.2285856Z Adding repository directory to the temporary git global config as a safe directory
2026-10-07T15:39:41.2287560Z [command]/usr/bin/git config --global --add safe.directory /home/runner/work/communication/communication
2026-10-07T15:39:41.2289208Z Removing SSH command configuration
2026-10-07T15:39:41.2290291Z [command]/usr/bin/git config --local --name-only --get-regexp core\.sshCommand
2026-10-07T15:39:41.2303881Z [command]/usr/bin/git submodule foreach --recursive sh -c "git config --local --name-only --get-regexp 'core\.sshCommand' && git config --local --unset-all 'core.sshCommand' || :"
2026-10-07T15:39:41.2305838Z Removing HTTP extra header
2026-10-07T15:39:41.2307111Z [command]/usr/bin/git config --local --name-only --get-regexp http\.https\:\/\/github\.com\/\.extraheader
2026-10-07T15:39:41.2310436Z [command]/usr/bin/git submodule foreach --recursive sh -c "git config --local --name-only --get-regexp 'http\.https\:\/\/github\.com\/\.extraheader' && git config --local --unset-all 'http.https://github.com/.extraheader' || :"
2026-10-07T15:39:41.2313131Z Removing includeIf entries pointing to credentials config files
2026-10-07T15:39:41.2314328Z [command]/usr/bin/git config --local --name-only --get-regexp ^includeIf\.gitdir:
2026-10-07T15:39:41.2315603Z includeif.gitdir:/home/runner/work/communication/communication/.git.path
2026-10-07T15:39:41.2317008Z includeif.gitdir:/home/runner/work/communication/communication/.git/worktrees/*.path
2026-10-07T15:39:41.2318027Z includeif.gitdir:/github/workspace/.git.path
2026-10-07T15:39:41.2318903Z includeif.gitdir:/github/workspace/.git/worktrees/*.path
2026-10-07T15:39:41.2321015Z [command]/usr/bin/git config --local --get-all includeif.gitdir:/home/runner/work/communication/communication/.git.path
2026-10-07T15:39:41.2322883Z /home/runner/work/_temp/git-credentials-5f966eeb-b054-4972-827f-b42d7f398d0c.config
2026-10-07T15:39:41.2326198Z [command]/usr/bin/git config --local --unset includeif.gitdir:/home/runner/work/communication/communication/.git.path /home/runner/work/_temp/git-credentials-5f966eeb-b054-4972-827f-b42d7f398d0c.config
2026-10-07T15:39:41.2329381Z [command]/usr/bin/git config --local --get-all includeif.gitdir:/home/runner/work/communication/communication/.git/worktrees/*.path
2026-10-07T15:39:41.2331051Z /home/runner/work/_temp/git-credentials-5f966eeb-b054-4972-827f-b42d7f398d0c.config
2026-10-07T15:39:41.2335633Z [command]/usr/bin/git config --local --unset includeif.gitdir:/home/runner/work/communication/communication/.git/worktrees/*.path /home/runner/work/_temp/git-credentials-5f966eeb-b054-4972-827f-b42d7f398d0c.config
2026-10-07T15:39:41.2338469Z [command]/usr/bin/git config --local --get-all includeif.gitdir:/github/workspace/.git.path
2026-10-07T15:39:41.2361935Z /github/runner_temp/git-credentials-5f966eeb-b054-4972-827f-b42d7f398d0c.config
2026-10-07T15:39:41.2364974Z [command]/usr/bin/git config --local --unset includeif.gitdir:/github/workspace/.git.path /github/runner_temp/git-credentials-5f966eeb-b054-4972-827f-b42d7f398d0c.config
2026-10-07T15:39:41.2367724Z [command]/usr/bin/git config --local --get-all includeif.gitdir:/github/workspace/.git/worktrees/*.path
2026-10-07T15:39:41.2369796Z /github/runner_temp/git-credentials-5f966eeb-b054-4972-827f-b42d7f398d0c.config
2026-10-07T15:39:41.2373215Z [command]/usr/bin/git config --local --unset includeif.gitdir:/github/workspace/.git/worktrees/*.path /github/runner_temp/git-credentials-5f966eeb-b054-4972-827f-b42d7f398d0c.config
2026-10-07T15:39:41.2418953Z [command]/usr/bin/git submodule foreach --recursive git config --local --show-origin --name-only --get-regexp remote.origin.url
2026-10-07T15:39:41.2424863Z Removing credentials config '/home/runner/work/_temp/git-credentials-5f966eeb-b054-4972-827f-b42d7f398d0c.config'
2026-10-07T15:39:41.2551741Z Cleaning up orphan processes
2026-10-07T15:39:41.3322463Z Terminate orphan process: pid (2404) (java.lang=ALL-UNNAMED)
2026-10-07T15:39:41.3409835Z Terminate orphan process: pid (2458) (node)
2026-10-07T15:39:41.3475634Z Terminate orphan process: pid (2465) (bazelisk-linux_amd64)
2026-10-07T15:39:41.3514769Z Terminate orphan process: pid (2471) (bazel)
