$TEST_TMPDIR defined, some defaults will be overridden
OpenJDK 64-Bit Server VM warning: Options -Xverify:none and -noverify were deprecated in JDK 13 and will likely be removed in a future release.
Computing main repo mapping: 
Computing main repo mapping: 
Computing main repo mapping: 
Loading: 
Loading: 5 packages loaded
WARNING: /media/jefferson/11c42dee-73a3-4c2b-ab42-a0440011d9e0/.s-core-build/runs/score-communication1167-review-wzlezbhr/native-workspace/score/memory/shared/BUILD:437:11: target '//score/memory/shared:types' is deprecated: This aggregation target is deprecated and pulls in the unmaintained/broken ':map' target on some platforms. Depend directly on the specific score/memory/shared sub-targets you need (e.g. ':offset_ptr', ':vector', ':string', ...) instead.
Analyzing: 2859 targets (305 packages loaded, 0 targets configured)
Analyzing: 2859 targets (305 packages loaded, 0 targets configured)

WARNING: /media/jefferson/11c42dee-73a3-4c2b-ab42-a0440011d9e0/.s-core-build/runs/score-communication1167-review-wzlezbhr/native-workspace/MODULE.bazel:196:20: The module extension apt defined in @rules_distroless//apt:extensions.bzl reported incorrect imports of repositories via use_repo():

Imported, but reported as indirect dependencies by the extension:
    ubuntu24_04_sysroot_resolve

Fix the use_repo calls by running 'bazel mod tidy'.
Analyzing: 2859 targets (467 packages loaded, 1436 targets configured)
[127 / 127] no actions running
Analyzing: 2859 targets (698 packages loaded, 23989 targets configured)
[176 / 177] checking cached actions
Analyzing: 2859 targets (1125 packages loaded, 43139 targets configured)
[348 / 1,016] checking cached actions
Analyzing: 2859 targets (1560 packages loaded, 62574 targets configured)
[523 / 1,808] checking cached actions
WARNING: /media/jefferson/11c42dee-73a3-4c2b-ab42-a0440011d9e0/.s-core-build/runs/score-communication1167-review-wzlezbhr/native-workspace/score/mw/com/test/api/BUILD:18:11: in cc_library rule //score/mw/com/test/api:api: target '//score/mw/com/test/api:api' depends on deprecated target '//score/memory/shared:types': This aggregation target is deprecated and pulls in the unmaintained/broken ':map' target on some platforms. Depend directly on the specific score/memory/shared sub-targets you need (e.g. ':offset_ptr', ':vector', ':string', ...) instead.
DEBUG: /media/jefferson/11c42dee-73a3-4c2b-ab42-a0440011d9e0/.s-core-build/runs/score-communication1167-review-wzlezbhr/bazel-output/87133c72bf7ae1cb42b36a2ab32613c6/external/score_tooling+/bazel/rules/rules_score/private/dependable_element.bzl:1359:26: WARNING: Not in certified scope @@score_baselibs+//score/utils:static_destruction_guard, stopping at utils
Analyzing: 2859 targets (1648 packages loaded, 71040 targets configured)
[1,030 / 4,152] checking cached actions
Analyzing: 2859 targets (1648 packages loaded, 103845 targets configured)
[1,789 / 8,247] checking cached actions
INFO: Analyzed 2859 targets (1648 packages loaded, 103845 targets configured).
[2,263 / 8,830] checking cached actions
INFO: Found 2859 targets...
INFO: Elapsed time: 66.672s, Critical Path: 3.57s
INFO: 1 process: 16498 action cache hit, 1 internal.
INFO: Build completed successfully, 1 total action
