$TEST_TMPDIR defined, some defaults will be overridden
OpenJDK 64-Bit Server VM warning: Options -Xverify:none and -noverify were deprecated in JDK 13 and will likely be removed in a future release.
Computing main repo mapping: 
Computing main repo mapping: 
Computing main repo mapping: 
Loading: 
Loading: 5 packages loaded
Analyzing: 17 targets (7 packages loaded, 0 targets configured)
Analyzing: 17 targets (7 packages loaded, 0 targets configured)

WARNING: /media/jefferson/11c42dee-73a3-4c2b-ab42-a0440011d9e0/.s-core-build/runs/score-communication1167-review-wzlezbhr/native-workspace/MODULE.bazel:196:20: The module extension apt defined in @rules_distroless//apt:extensions.bzl reported incorrect imports of repositories via use_repo():

Imported, but reported as indirect dependencies by the extension:
    ubuntu24_04_sysroot_resolve

Fix the use_repo calls by running 'bazel mod tidy'.
Analyzing: 17 targets (238 packages loaded, 10307 targets configured)
[2 / 2] no actions running
INFO: Analyzed 17 targets (475 packages loaded, 18748 targets configured).
[52 / 1,096] [Prepa] Testing //score/mw/com/test/api_idempotency:validate_lola_schema
[656 / 1,107] 1 / 2 tests; checking cached actions
[1,107 / 1,108] 1 / 2 tests; Testing //score/mw/com/test/api_idempotency/integration_test:api_idempotency_test; 0s processwrapper-sandbox
[1,107 / 1,108] 2 / 2 tests; Testing //score/mw/com/test/api_idempotency/integration_test:api_idempotency_test; 1s processwrapper-sandbox
INFO: Found 15 targets and 2 test targets...
INFO: Elapsed time: 10.032s, Critical Path: 2.15s
INFO: 3 processes: 1110 action cache hit, 3 processwrapper-sandbox.
INFO: Build completed successfully, 3 total actions
