$TEST_TMPDIR defined, some defaults will be overridden
OpenJDK 64-Bit Server VM warning: Options -Xverify:none and -noverify were deprecated in JDK 13 and will likely be removed in a future release.
Computing main repo mapping: 
Loading: 
Loading: 6 packages loaded
WARNING: /media/jefferson/11c42dee-73a3-4c2b-ab42-a0440011d9e0/.s-core-build/runs/communication-complete-3c7jhdey/workspaces/integrated/score/memory/shared/BUILD:437:11: target '//score/memory/shared:types' is deprecated: This aggregation target is deprecated and pulls in the unmaintained/broken ':map' target on some platforms. Depend directly on the specific score/memory/shared sub-targets you need (e.g. ':offset_ptr', ':vector', ':string', ...) instead.
Analyzing: 2924 targets (317 packages loaded, 0 targets configured)
Analyzing: 2924 targets (317 packages loaded, 0 targets configured)

WARNING: /media/jefferson/11c42dee-73a3-4c2b-ab42-a0440011d9e0/.s-core-build/runs/communication-complete-3c7jhdey/workspaces/integrated/MODULE.bazel:196:20: The module extension apt defined in @rules_distroless//apt:extensions.bzl reported incorrect imports of repositories via use_repo():

Imported, but reported as indirect dependencies by the extension:
    ubuntu24_04_sysroot_resolve

Fix the use_repo calls by running 'bazel mod tidy'.
Analyzing: 2924 targets (482 packages loaded, 10517 targets configured)
[1 / 1] no actions running
Analyzing: 2924 targets (482 packages loaded, 10517 targets configured)
[1 / 1] no actions running
Analyzing: 2924 targets (482 packages loaded, 10517 targets configured)
[1 / 1] no actions running
Analyzing: 2924 targets (482 packages loaded, 10517 targets configured)
[1 / 1] no actions running
Analyzing: 2924 targets (482 packages loaded, 10517 targets configured)
[1 / 1] no actions running
Analyzing: 2924 targets (482 packages loaded, 10517 targets configured)
[1 / 1] no actions running
Analyzing: 2924 targets (746 packages loaded, 29039 targets configured)
[1 / 1] no actions running
WARNING: /media/jefferson/11c42dee-73a3-4c2b-ab42-a0440011d9e0/.s-core-build/runs/communication-complete-3c7jhdey/workspaces/integrated/score/mw/com/test/api/BUILD:18:11: in cc_library rule //score/mw/com/test/api:api: target '//score/mw/com/test/api:api' depends on deprecated target '//score/memory/shared:types': This aggregation target is deprecated and pulls in the unmaintained/broken ':map' target on some platforms. Depend directly on the specific score/memory/shared sub-targets you need (e.g. ':offset_ptr', ':vector', ':string', ...) instead.
Analyzing: 2924 targets (1666 packages loaded, 105485 targets configured)
[11 / 528] checking cached actions
DEBUG: /media/jefferson/11c42dee-73a3-4c2b-ab42-a0440011d9e0/.s-core-build/runs/communication-complete-3c7jhdey/bazel-output/8d7477de0cf318c0a7997a7b39c23d59/external/score_tooling+/bazel/rules/rules_score/private/dependable_element.bzl:1359:26: WARNING: Not in certified scope @@score_baselibs+//score/utils:static_destruction_guard, stopping at utils
INFO: Analyzed 2924 targets (1666 packages loaded, 106353 targets configured).
[20 / 1,293] checking cached actions
[40 / 2,071] checking cached actions
[69 / 2,206] Linting //score/mw/com/impl/configuration/test:configuration_test_resources:configuration_test_resources.cpp with clang-tidy; 9s linux-sandbox ... (6 actions, 5 running)
[81 / 2,206] Linting //score/memory/shared:shared_memory_resource:shared_memory_resource.cpp with clang-tidy; 15s linux-sandbox ... (6 actions, 5 running)
[133 / 2,206] Linting //score/mw/com/impl/bindings/lola/messaging:message_passing_service_instance_factory_mock:message_passing_service_instance_factory_mock.cpp with clang-tidy; 2s linux-sandbox ... (6 actions, 5 running)
[197 / 2,206] Linting //score/mw/com/impl/configuration:lola_service_instance_deployment:lola_service_instance_deployment.cpp with clang-tidy; 4s linux-sandbox ... (6 actions, 5 running)
[226 / 2,206] Linting //score/mw/com/test/move_semantics/proxy_method:test_parameters:test_parameters.cpp with clang-tidy; 6s linux-sandbox ... (6 actions, 4 running)
[267 / 2,206] Linting //score/memory/shared:shared_memory_test_resources:shared_memory_test_resources.cpp with clang-tidy; 10s linux-sandbox ... (6 actions, 5 running)
[313 / 2,206] Linting //score/mw/com/impl/configuration:service_type_deployment:service_type_deployment.cpp with clang-tidy; 8s linux-sandbox ... (6 actions, 5 running)
[357 / 2,206] Linting //score/mw/com/impl/bindings/lola/service_discovery/client:service_discovery_client:service_discovery_client.cpp with clang-tidy; 4s linux-sandbox ... (6 actions, 5 running)
[409 / 2,206] Linting //score/message_passing:message_passing_common:client_connection.cpp with clang-tidy; 5s linux-sandbox ... (6 actions, 5 running)
[468 / 2,206] Linting //score/mw/com/test/generic_skeleton:generic_typed_interaction_16_byte_app:generic_typed_interaction_app.cpp with clang-tidy; 4s linux-sandbox ... (6 actions, 5 running)
[516 / 2,206] Linting //score/mw/com/impl/bindings/lola/service_discovery/test:service_discovery_client_test_fixtures:service_discovery_client_test_fixtures.cpp with clang-tidy; 4s linux-sandbox ... (6 actions, 5 running)
[580 / 2,206] Linting //score/mw/com/impl:i_service_discovery_client:i_service_discovery_client.cpp with clang-tidy; 1s linux-sandbox ... (6 actions, 5 running)
[646 / 2,206] Linting //score/mw/com/gateway/transport_layer/qemu/ivshmem:ivshmem_typed_memory_provider_mock:ivshmem_typed_memory_provider_mock.cpp with clang-tidy; 1s linux-sandbox ... (6 actions, 5 running)
[709 / 2,206] Linting //score/mw/com/impl/configuration:someip_service_instance_id:someip_service_instance_id.cpp with clang-tidy; 1s linux-sandbox ... (6 actions, 4 running)
[739 / 2,206] Linting //score/mw/com/impl/configuration:service_instance_id:service_instance_id.cpp with clang-tidy; 5s linux-sandbox ... (6 actions, 5 running)
[770 / 2,206] Linting //score/mw/com/impl:proxy_base:proxy_base.cpp with clang-tidy; 6s linux-sandbox ... (6 actions, 5 running)
[818 / 2,206] Linting //score/mw/com/test/all_service_elements:consumer:consumer.cpp with clang-tidy; 7s linux-sandbox ... (6 actions, 5 running)
[828 / 2,206] Linting //score/mw/com/test/all_service_elements:consumer:consumer.cpp with clang-tidy; 18s linux-sandbox ... (6 actions, 5 running)
[841 / 2,206] Linting //score/mw/com/test/all_service_elements:consumer:consumer.cpp with clang-tidy; 29s linux-sandbox ... (6 actions, 5 running)
[852 / 2,206] Linting //score/mw/com/test/all_service_elements:consumer:consumer.cpp with clang-tidy; 9s linux-sandbox ... (6 actions, 5 running)
[869 / 2,206] Linting //score/mw/com/test/all_service_elements:consumer:consumer.cpp with clang-tidy; 19s linux-sandbox ... (6 actions, 5 running)
[885 / 2,206] Linting //score/mw/com/test/fields/set_and_get_and_notifier:field_consumer:consumer.cpp with clang-tidy; 5s linux-sandbox ... (6 actions running)
[898 / 2,206] Linting //score/mw/com/test/partial_restart/consumer_restart:consumer_restart_application:consumer_restart_application.cpp with clang-tidy; 4s linux-sandbox ... (6 actions, 5 running)
[912 / 2,206] Linting //score/mw/com/test/service_discovery_offer_and_search:client:client.cpp with clang-tidy; 5s linux-sandbox ... (6 actions, 5 running)
[924 / 2,206] Linting //score/mw/com/impl/test/shared_memory_storage:shared_memory_storage:shared_memory_storage_application.cpp with clang-tidy; 6s linux-sandbox ... (6 actions, 5 running)
[956 / 2,206] Linting //score/mw/com/impl/plumbing:proxy_binding_factory_impl:proxy_binding_factory_impl.cpp with clang-tidy; 2s linux-sandbox ... (6 actions, 5 running)
[974 / 2,206] Linting //score/mw/com/test/fields/mixed_criticality:consumer:consumer.cpp with clang-tidy; 8s linux-sandbox ... (6 actions, 5 running)
[991 / 2,206] Linting //score/mw/com/test/receive_handler_usage:receive_handler_usage:receive_handler_usage_application.cpp with clang-tidy; 9s linux-sandbox ... (6 actions, 5 running)
[1,009 / 2,206] Linting //score/mw/com/doc/tutorial/chapter_13:bidirectional_discovery_application_b:application_b.cpp with clang-tidy; 7s linux-sandbox ... (6 actions, 5 running)
[1,024 / 2,206] Linting //score/mw/com/doc/tutorial/chapter_1:provider_app:provider.cpp with clang-tidy; 6s linux-sandbox ... (6 actions, 5 running)
[1,039 / 2,206] Linting //score/mw/com/impl/bindings/lola/test:skeleton_event_test_resources:skeleton_event_test_resources.cpp with clang-tidy; 10s linux-sandbox ... (6 actions, 5 running)
[1,058 / 2,206] Linting //score/mw/com/impl/methods:proxy_method:proxy_method_with_return_type.cpp with clang-tidy; 6s linux-sandbox ... (6 actions, 5 running)
[1,078 / 2,206] Linting //score/mw/com/impl/bindings/lola/test:skeleton_event_test_resources:skeleton_event_test_resources.cpp with clang-tidy; 6s linux-sandbox ... (6 actions, 5 running)
[1,091 / 2,206] Linting //score/mw/com/test/unsubscribe_deadlock:unsubscribe_deadlock:unsubscribe_deadlock_application.cpp with clang-tidy; 5s linux-sandbox ... (6 actions, 5 running)
[1,101 / 2,206] Linting //score/mw/com/doc/tutorial/chapter_7:consumer_app:consumer.cpp with clang-tidy; 8s linux-sandbox ... (6 actions running)
[1,145 / 2,206] Linting //score/mw/com/doc/tutorial/chapter_7:consumer_app:consumer.cpp with clang-tidy; 6s linux-sandbox ... (6 actions, 5 running)
[1,180 / 2,206] Linting //score/mw/com/impl/bindings/lola/messaging:message_passing_service_instance:message_passing_service_instance.cpp with clang-tidy; 13s linux-sandbox ... (5 actions, 4 running)
[1,195 / 2,206] Linting //score/mw/com/impl/bindings/lola/test:skeleton_test_resources:skeleton_test_resources.cpp with clang-tidy; 17s linux-sandbox ... (5 actions, 3 running)
[1,211 / 2,206] Linting //score/mw/com/impl/bindings/lola/test:skeleton_test_resources:skeleton_test_resources.cpp with clang-tidy; 29s linux-sandbox ... (6 actions, 5 running)
[1,223 / 2,206] Linting //score/mw/com/impl/bindings/lola/test:skeleton_test_resources:skeleton_test_resources.cpp with clang-tidy; 40s linux-sandbox ... (6 actions, 5 running)
[1,252 / 2,206] Linting //score/mw/com/test/methods/basic_acceptance_test:test_method_datatype:test_method_datatype.cpp with clang-tidy; 4s linux-sandbox ... (6 actions, 5 running)
[1,265 / 2,206] Linting //score/mw/com/performance_benchmarks/api_microbenchmarks:lola_allocate_send_benchmark:lola_allocate_send_benchmarks.cpp with clang-tidy; 6s linux-sandbox ... (6 actions running)
[1,281 / 2,206] Linting //score/mw/com/doc/tutorial/chapter_7:provider_app:provider.cpp with clang-tidy; 7s linux-sandbox ... (6 actions, 5 running)
[1,298 / 2,206] Linting //score/mw/com/test/service_discovery_during_consumer_crash:consumer:consumer.cpp with clang-tidy; 7s linux-sandbox ... (6 actions, 5 running)
[1,313 / 2,206] Linting //score/mw/com/test/partial_restart/checks_number_of_allocations:check_number_of_allocations:application.cpp with clang-tidy; 6s linux-sandbox ... (6 actions, 5 running)
[1,332 / 2,206] Linting //score/mw/com/impl/bindings/lola/test:proxy_event_test_resources:proxy_event_test_resources.cpp with clang-tidy; 6s linux-sandbox ... (6 actions, 5 running)
[1,355 / 2,206] Linting //score/mw/com/impl/bindings/lola/test:proxy_event_test_resources:proxy_event_test_resources.cpp with clang-tidy; 18s linux-sandbox ... (6 actions, 5 running)
[1,378 / 2,206] Linting //score/mw/com/doc/tutorial/chapter_3:consumer_app:consumer.cpp with clang-tidy; 4s linux-sandbox ... (6 actions, 5 running)
[1,396 / 2,206] Linting //score/mw/com/impl/bindings/lola/test:proxy_event_test_resources:proxy_event_test_resources.cpp with clang-tidy; 14s linux-sandbox ... (6 actions, 5 running)
[1,411 / 2,206] Linting //score/mw/com/test/partial_restart/proxy_restart_shall_not_affect_other_proxies:consumer:consumer.cpp with clang-tidy; 4s linux-sandbox ... (6 actions, 5 running)
[1,427 / 2,206] Linting //score/mw/com/test/all_service_elements:provider:provider.cpp with clang-tidy; 6s linux-sandbox ... (6 actions, 5 running)
[1,446 / 2,206] Linting //score/mw/com/impl/test:dummy_instance_identifier_builder:dummy_instance_identifier_builder.cpp with clang-tidy; 7s linux-sandbox ... (5 actions, 4 running)
[1,466 / 2,206] Linting //score/mw/com/test/common_test_resources:sctf_test_runner:sctf_test_runner.cpp with clang-tidy; 6s linux-sandbox ... (6 actions, 5 running)
[1,483 / 2,206] Linting //score/mw/com/test/smokeyeyes:smokeyeyes:smokeyeyes.cpp with clang-tidy; 6s linux-sandbox ... (6 actions, 5 running)
[1,501 / 2,206] Linting //score/mw/com/test/move_semantics/skeleton_method:consumer:consumer.cpp with clang-tidy; 3s linux-sandbox ... (6 actions, 5 running)
[1,520 / 2,206] Linting //score/mw/com/test/fields/set_and_get_and_notifier:consumer:main_consumer.cpp with clang-tidy; 3s linux-sandbox ... (6 actions, 5 running)
[1,550 / 2,206] Linting //score/mw/com/test/move_semantics/proxy_method:main_provider:main_provider.cpp with clang-tidy; 3s linux-sandbox ... (6 actions, 5 running)
[1,574 / 2,206] Linting //score/mw/com/impl/bindings/lola/test:service_discovery_test_resources:service_discovery_test_resources.cpp with clang-tidy; 5s linux-sandbox ... (6 actions, 5 running)
[1,601 / 2,206] Linting //score/mw/com/impl:skeleton_field:skeleton_field.cpp with clang-tidy; 4s linux-sandbox ... (6 actions running)
[1,616 / 2,206] Linting //score/mw/com/doc/tutorial/chapter_13:event_send_receive_consumer:consumer.cpp with clang-tidy; 3s linux-sandbox ... (6 actions running)
[1,630 / 2,206] Linting //score/mw/com/test/generic_skeleton:generic_typed_interaction_8_byte_app:generic_typed_interaction_app.cpp with clang-tidy; 5s linux-sandbox ... (6 actions, 5 running)
[1,644 / 2,206] Linting //score/mw/com/test/concurrent_skeleton_creation:concurrent_skeleton_creation:concurrent_skeleton_creation_application.cpp with clang-tidy; 4s linux-sandbox ... (6 actions, 5 running)
[1,659 / 2,206] Linting //score/mw/com/test/concurrent_skeleton_creation:concurrent_skeleton_creation:concurrent_skeleton_creation_application.cpp with clang-tidy; 14s linux-sandbox ... (6 actions, 5 running)
[1,678 / 2,206] Linting //score/mw/com/test/move_semantics/skeleton_event:consumer:consumer.cpp with clang-tidy; 3s linux-sandbox ... (6 actions, 5 running)
[1,693 / 2,206] Linting //score/mw/com/test/service_discovery_during_provider_crash:service_discovery_during_provider_crash_application:service_discovery_during_provider_crash_application.cpp with clang-tidy; 2s linux-sandbox ... (6 actions, 5 running)
[1,712 / 2,206] Linting //score/mw/com/test/multiple_proxies:multiple_proxies:multiple_proxies_application.cpp with clang-tidy; 3s linux-sandbox ... (6 actions, 5 running)
[1,733 / 2,206] Linting //score/mw/com/test/methods/non_trivial_constructors:main_consumer:main_consumer.cpp with clang-tidy; 3s linux-sandbox ... (6 actions, 5 running)
[1,746 / 2,206] Linting //score/mw/com/test/methods/edge_cases_test:skeleton_recreation_test:skeleton_recreation_test.cpp with clang-tidy; 9s linux-sandbox ... (6 actions, 5 running)
[1,826 / 2,206] Linting //score/message_passing:message_passing_unix_domain:unix_domain_server_factory.cpp with clang-tidy; 1s linux-sandbox ... (6 actions, 5 running)
[1,870 / 2,206] Linting //score/mw/com/impl/bindings/lola:transaction_log_rollback_executor:transaction_log_rollback_executor.cpp with clang-tidy; 1s linux-sandbox ... (6 actions, 5 running)
[1,921 / 2,206] Linting //score/mw/com/impl:runtime:runtime.cpp with clang-tidy; 4s linux-sandbox ... (6 actions, 5 running)
[1,955 / 2,206] Linting //score/mw/com/impl/test/methods/semi_dynamic_methods:consumer:consumer.cpp with clang-tidy; 2s linux-sandbox ... (6 actions, 5 running)
[1,979 / 2,206] Linting //score/mw/com/test/fields/field_initial_value:test_datatype:test_datatype.cpp with clang-tidy; 3s linux-sandbox ... (6 actions, 5 running)
[2,000 / 2,206] Linting //score/mw/com/impl/bindings/lola:skeleton:skeleton.cpp with clang-tidy; 6s linux-sandbox ... (6 actions, 5 running)
[2,013 / 2,206] Linting //score/mw/com/doc/tutorial/chapter_13:bidirectional_discovery_application_a:application_a.cpp with clang-tidy; 10s linux-sandbox ... (6 actions, 5 running)
[2,043 / 2,206] Linting //score/mw/com/impl/bindings/mock_binding:mock_binding_lib:proxy_event.cpp with clang-tidy; 4s linux-sandbox ... (6 actions, 5 running)
[2,065 / 2,206] Linting //score/mw/com/test/partial_restart/provider_restart:provider:provider.cpp with clang-tidy; 10s linux-sandbox ... (6 actions, 5 running)
[2,084 / 2,206] Linting //score/mw/com/gateway/transport_layer/sample:bidirectional_transport:bidirectional_transport.cpp with clang-tidy; 7s linux-sandbox ... (6 actions, 5 running)
[2,108 / 2,206] Linting //score/mw/com/doc/tutorial/chapter_13:start_find_service_provider:provider.cpp with clang-tidy; 5s linux-sandbox ... (6 actions running)
[2,128 / 2,206] Linting //score/mw/com/test/common_test_resources:sample_sender_receiver:sample_sender_receiver.cpp with clang-tidy; 7s linux-sandbox ... (6 actions, 5 running)
[2,167 / 2,206] Linting //score/mw/com/test/common_test_resources:sample_sender_receiver:sample_sender_receiver.cpp with clang-tidy; 17s linux-sandbox ... (6 actions, 5 running)
[2,177 / 2,206] Linting //score/mw/com/impl/configuration:configuration_json_parsing_strategy:configuration_json_parsing_strategy.cpp with clang-tidy; 14s linux-sandbox ... (6 actions, 5 running)
[2,196 / 2,206] Linting //score/mw/com/test/common_test_resources:sample_sender_receiver:sample_sender_receiver.cpp with clang-tidy; 13s linux-sandbox ... (6 actions, 5 running)
[2,205 / 2,206] [Prepa] Parsing machine-readable report to SARIF for //score/mw/com/test/common_test_resources:sample_sender_receiver
INFO: Found 2924 targets...
INFO: Elapsed time: 1008.435s, Critical Path: 42.11s
INFO: 2192 processes: 14 action cache hit, 9 internal, 2183 linux-sandbox.
INFO: Build completed successfully, 2192 total actions
INFO: 
INFO: Build Event Protocol files produced successfully.
