$TEST_TMPDIR defined, some defaults will be overridden
WARNING: Duplicate rc file: /media/jefferson/11c42dee-73a3-4c2b-ab42-a0440011d9e0/.s-core-build/runs/score-rust-issue-queue-ycbvxir7/workspaces/781/quality/static_analysis/static_analysis.bazelrc is read multiple times, it is a standard rc file location but must have been unnecessarily imported earlier.
OpenJDK 64-Bit Server VM warning: Options -Xverify:none and -noverify were deprecated in JDK 13 and will likely be removed in a future release.
WARNING: The following configs were expanded more than once: [linux_x64_gcc_15]. For repeatable flags, repeats are counted twice and may lead to unexpected behavior.
Computing main repo mapping: 
Computing main repo mapping: 
WARNING: The following configs were expanded more than once: [linux_x64_gcc_15]. For repeatable flags, repeats are counted twice and may lead to unexpected behavior.
Computing main repo mapping: 
Computing main repo mapping: 
Computing main repo mapping: 
Computing main repo mapping: 
Computing main repo mapping: 
Computing main repo mapping: 
Computing main repo mapping: 
Loading: 
Loading: 5 packages loaded
Analyzing: target //score/mw/com/impl/plumbing/rust:method_in_arg_ptr_rs (6 packages loaded, 0 targets configured)
Analyzing: target //score/mw/com/impl/plumbing/rust:method_in_arg_ptr_rs (6 packages loaded, 0 targets configured)

Analyzing: target //score/mw/com/impl/plumbing/rust:method_in_arg_ptr_rs (97 packages loaded, 9 targets configured)

Analyzing: target //score/mw/com/impl/plumbing/rust:method_in_arg_ptr_rs (97 packages loaded, 9 targets configured)

Analyzing: target //score/mw/com/impl/plumbing/rust:method_in_arg_ptr_rs (158 packages loaded, 3158 targets configured)

Analyzing: target //score/mw/com/impl/plumbing/rust:method_in_arg_ptr_rs (158 packages loaded, 3158 targets configured)

Analyzing: target //score/mw/com/impl/plumbing/rust:method_in_arg_ptr_rs (158 packages loaded, 3158 targets configured)

Analyzing: target //score/mw/com/impl/plumbing/rust:method_in_arg_ptr_rs (170 packages loaded, 6325 targets configured)

INFO: Analyzed target //score/mw/com/impl/plumbing/rust:method_in_arg_ptr_rs (174 packages loaded, 9512 targets configured).
[7 / 19] [Prepa] Creating symlink external/score_toolchains_rust++ferrocene_toolchain_ext+ferrocene_x86_64_unknown_linux_gnu/rust_ferrocene/bin/clippy-driver [for tool]
[102 / 105] Compiling Rust (without process_wrapper) rlib tinyjson (4 files) [for tool]; 0s linux-sandbox
[103 / 105] Compiling Rust (without process_wrapper) bin process_wrapper (6 files) [for tool]; 0s linux-sandbox
[104 / 105] [Prepa] Compiling Rust rlib method_in_arg_ptr_rs (1 file)
INFO: Found 1 target...
Target //score/mw/com/impl/plumbing/rust:method_in_arg_ptr_rs up-to-date:
  bazel-bin/score/mw/com/impl/plumbing/rust/libmethod_in_arg_ptr_rs-375123505.rlib
INFO: Elapsed time: 51.223s, Critical Path: 4.19s
INFO: 105 processes: 102 internal, 3 linux-sandbox.
INFO: Build completed successfully, 105 total actions
