$TEST_TMPDIR defined, some defaults will be overridden
WARNING: Duplicate rc file: /media/jefferson/11c42dee-73a3-4c2b-ab42-a0440011d9e0/.s-core-build/runs/score-rust-issue-queue-ycbvxir7/workspaces/781/quality/static_analysis/static_analysis.bazelrc is read multiple times, it is a standard rc file location but must have been unnecessarily imported earlier.
OpenJDK 64-Bit Server VM warning: Options -Xverify:none and -noverify were deprecated in JDK 13 and will likely be removed in a future release.
WARNING: The following configs were expanded more than once: [linux_x64_gcc_15]. For repeatable flags, repeats are counted twice and may lead to unexpected behavior.
Computing main repo mapping: 
Computing main repo mapping: 
WARNING: The following configs were expanded more than once: [linux_x64_gcc_15]. For repeatable flags, repeats are counted twice and may lead to unexpected behavior.
Computing main repo mapping: 
Computing main repo mapping: 
Computing main repo mapping: 
Computing main repo mapping: 
Loading: 
Loading: 5 packages loaded
Analyzing: target //score/mw/com/impl/plumbing/rust/test_support:test_helper_size_provider (6 packages loaded, 0 targets configured)
Analyzing: target //score/mw/com/impl/plumbing/rust/test_support:test_helper_size_provider (6 packages loaded, 0 targets configured)

Analyzing: target //score/mw/com/impl/plumbing/rust/test_support:test_helper_size_provider (97 packages loaded, 7 targets configured)

Analyzing: target //score/mw/com/impl/plumbing/rust/test_support:test_helper_size_provider (215 packages loaded, 7028 targets configured)

INFO: Analyzed target //score/mw/com/impl/plumbing/rust/test_support:test_helper_size_provider (215 packages loaded, 7028 targets configured).
[4 / 189] Compiling score/language/futurecpp/src/assert.cpp; 0s linux-sandbox ... (2 actions, 1 running)
[14 / 189] Compiling score/language/futurecpp/src/jthread.cpp; 0s linux-sandbox ... (2 actions, 1 running)
[19 / 189] Compiling score/language/futurecpp/src/memory_resource.cpp; 0s linux-sandbox ... (2 actions, 1 running)
[28 / 189] Compiling score/language/futurecpp/src/string.cpp; 0s linux-sandbox ... (2 actions, 1 running)
[32 / 189] Compiling score/result/details/expected/expected.cpp; 0s linux-sandbox ... (2 actions, 1 running)
[34 / 189] Compiling score/filesystem/path.cpp; 1s linux-sandbox ... (2 actions, 1 running)
[36 / 189] Compiling score/scope_exit/scope_exit.cpp; 0s linux-sandbox ... (2 actions running)
INFO: From Compiling score/mw/com/impl/com_error.cpp:
In file included from score/mw/com/impl/com_error.cpp:13:
./score/mw/com/impl/com_error.h: In member function 'virtual std::string_view score::mw::com::impl::ComErrorDomain::MessageFor(const score::result::ErrorCode&) const':
./score/mw/com/impl/com_error.h:186:65: warning: 'score::mw::com::impl::ComErrc::kServiceInstanceAlreadyOffered' is deprecated: Value has never been used. Calls to OfferService shall be idempotent. [-Wdeprecated-declarations]
  186 |             case static_cast<score::result::ErrorCode>(ComErrc::kServiceInstanceAlreadyOffered):
      |                                                                 ^~~~~~~~~~~~~~~~~~~~~~~~~~~~~~
./score/mw/com/impl/com_error.h:57:5: note: declared here
   57 |     kServiceInstanceAlreadyOffered
      |     ^~~~~~~~~~~~~~~~~~~~~~~~~~~~~~
[38 / 189] Compiling score/memory/shared/managed_memory_resource.cpp; 0s linux-sandbox ... (2 actions running)
[41 / 189] Compiling score/os/errno.cpp; 0s linux-sandbox ... (2 actions running)
[43 / 189] Compiling score/mw/log/detail/initialization_reporter.cpp; 0s linux-sandbox ... (2 actions, 1 running)
[46 / 189] Compiling score/os/stdlib_impl.cpp; 0s linux-sandbox ... (2 actions, 1 running)
[48 / 189] Compiling score/language/safecpp/safe_math/details/absolute/absolute.cpp; 0s linux-sandbox ... (2 actions, 1 running)
[50 / 189] Compiling score/language/safecpp/safe_math/details/cast/cast.cpp; 0s linux-sandbox ... (2 actions, 1 running)
[51 / 189] Compiling score/os/stat_impl.cpp; 1s linux-sandbox ... (2 actions running)
[54 / 189] Compiling score/language/safecpp/safe_math/details/floating_point_environment.cpp; 0s linux-sandbox ... (2 actions, 1 running)
[58 / 189] Compiling score/language/safecpp/safe_math/details/multiplication/multiplication.cpp; 0s linux-sandbox ... (2 actions, 1 running)
[61 / 189] Compiling score/json/internal/writer/json_serialize/json_serialize_backend.cpp; 0s linux-sandbox ... (2 actions, 1 running)
[63 / 189] Compiling score/mw/log/log_stream.cpp; 0s linux-sandbox ... (2 actions, 1 running)
[66 / 189] Compiling score/mw/log/detail/text_recorder/non_blocking_writer.cpp; 1s linux-sandbox ... (2 actions running)
[70 / 189] Compiling score/mw/log/detail/irecorder_factory.cpp; 0s linux-sandbox ... (2 actions running)
[76 / 189] Compiling score/mw/log/detail/composite_recorder.cpp; 0s linux-sandbox ... (2 actions, 1 running)
[80 / 189] Compiling score/mw/log/detail/log_record.cpp; 0s linux-sandbox ... (2 actions, 1 running)
[85 / 189] Compiling score/mw/log/detail/dlt_argument_counter.cpp; 0s linux-sandbox ... (2 actions, 1 running)
[87 / 189] Compiling score/os/fcntl_impl.cpp; 1s linux-sandbox ... (2 actions running)
[89 / 189] Compiling score/os/fcntl.cpp; 0s linux-sandbox ... (2 actions running)
[93 / 189] Compiling score/mw/log/logging.cpp; 0s linux-sandbox ... (2 actions, 1 running)
[95 / 189] Compiling score/mw/log/runtime.cpp; 0s linux-sandbox ... (2 actions, 1 running)
[98 / 189] Compiling score/os/utils/path.cpp; 0s linux-sandbox ... (2 actions, 1 running)
[100 / 189] Compiling score/os/unistd.cpp; 0s linux-sandbox ... (2 actions running)
[103 / 189] Compiling score/mw/log/detail/backend.cpp; 0s linux-sandbox ... (2 actions, 1 running)
[107 / 189] Compiling score/language/safecpp/safe_math/safe_math.cpp; 0s linux-sandbox ... (2 actions, 1 running)
[109 / 189] Compiling score/json/internal/writer/json_serialize/json_serialize.cpp; 0s linux-sandbox ... (2 actions, 1 running)
[111 / 189] Compiling score/filesystem/filestream/file_factory.cpp; 0s linux-sandbox ... (2 actions running)
[114 / 189] Compiling score/filesystem/filestream/i_file_factory.cpp; 0s linux-sandbox ... (2 actions, 1 running)
[117 / 189] Compiling score/json/i_json_writer.cpp; 0s linux-sandbox ... (2 actions, 1 running)
[120 / 189] Compiling score/mw/log/detail/text_recorder/text_recorder.cpp; 0s linux-sandbox ... (2 actions, 1 running)
[121 / 189] Compiling score/json/internal/parser/nlohmann/json_builder.cpp; 1s linux-sandbox ... (2 actions running)
[123 / 189] Compiling score/json/internal/parser/nlohmann/json_builder.cpp; 2s linux-sandbox ... (2 actions, 1 running)
[126 / 189] Compiling score/json/internal/parser/nlohmann/nlohmann_parser.cpp; 1s linux-sandbox ... (2 actions, 1 running)
[128 / 189] Compiling score/mw/com/impl/instance_specifier.cpp; 0s linux-sandbox ... (2 actions, 1 running)
INFO: From Compiling score/mw/com/impl/instance_specifier.cpp:
In file included from score/mw/com/impl/instance_specifier.cpp:15:
./score/mw/com/impl/com_error.h: In member function 'virtual std::string_view score::mw::com::impl::ComErrorDomain::MessageFor(const score::result::ErrorCode&) const':
./score/mw/com/impl/com_error.h:186:65: warning: 'score::mw::com::impl::ComErrc::kServiceInstanceAlreadyOffered' is deprecated: Value has never been used. Calls to OfferService shall be idempotent. [-Wdeprecated-declarations]
  186 |             case static_cast<score::result::ErrorCode>(ComErrc::kServiceInstanceAlreadyOffered):
      |                                                                 ^~~~~~~~~~~~~~~~~~~~~~~~~~~~~~
./score/mw/com/impl/com_error.h:57:5: note: declared here
   57 |     kServiceInstanceAlreadyOffered
      |     ^~~~~~~~~~~~~~~~~~~~~~~~~~~~~~
[132 / 189] Compiling score/mw/com/impl/sample_allocatee_tracker.cpp; 0s linux-sandbox ... (2 actions running)
[134 / 189] Compiling score/json/internal/model/number.cpp; 1s linux-sandbox ... (2 actions running)
[138 / 189] Compiling score/json/internal/model/lossless_cast.cpp; 1s linux-sandbox ... (2 actions, 1 running)
[141 / 189] Compiling score/json/internal/model/any.cpp; 0s linux-sandbox ... (2 actions, 1 running)
[142 / 189] Compiling score/json/internal/model/any.cpp; 1s linux-sandbox ... (2 actions, 1 running)
[144 / 189] Compiling score/mw/com/impl/configuration/service_version_type.cpp; 1s linux-sandbox ... (2 actions running)
[146 / 189] Compiling score/mw/log/configuration/itarget_config_reader.cpp; 0s linux-sandbox ... (2 actions, 1 running)
[148 / 189] Compiling score/mw/com/impl/configuration/lola_event_instance_deployment.cpp; 1s linux-sandbox ... (2 actions running)
[150 / 189] Compiling score/mw/com/impl/configuration/lola_method_instance_deployment.cpp; 0s linux-sandbox ... (2 actions running)
[153 / 189] Compiling score/mw/com/impl/configuration/lola_service_instance_id.cpp; 0s linux-sandbox ... (2 actions, 1 running)
[156 / 189] Compiling score/mw/com/impl/configuration/lola_field_instance_deployment.cpp; 0s linux-sandbox ... (2 actions, 1 running)
[158 / 189] Compiling score/mw/com/impl/configuration/lola_service_instance_deployment.cpp; 0s linux-sandbox ... (2 actions running)
[159 / 189] Compiling score/mw/com/impl/configuration/lola_service_instance_deployment.cpp; 1s linux-sandbox ... (2 actions running)
[162 / 189] Compiling score/memory/shared/polymorphic_offset_ptr_allocator.cpp; 0s linux-sandbox ... (2 actions, 1 running)
[163 / 189] Compiling score/mw/com/impl/configuration/service_type_deployment.cpp; 1s linux-sandbox ... (2 actions running)
[166 / 189] Compiling score/mw/com/impl/bindings/lola/provider_event_data_control_local_view.cpp; 0s linux-sandbox ... (2 actions, 1 running)
INFO: From Compiling score/mw/com/impl/bindings/lola/transaction_log_local_view.cpp:
In file included from score/mw/com/impl/bindings/lola/transaction_log_local_view.cpp:19:
./score/mw/com/impl/com_error.h: In member function 'virtual std::string_view score::mw::com::impl::ComErrorDomain::MessageFor(const score::result::ErrorCode&) const':
./score/mw/com/impl/com_error.h:186:65: warning: 'score::mw::com::impl::ComErrc::kServiceInstanceAlreadyOffered' is deprecated: Value has never been used. Calls to OfferService shall be idempotent. [-Wdeprecated-declarations]
  186 |             case static_cast<score::result::ErrorCode>(ComErrc::kServiceInstanceAlreadyOffered):
      |                                                                 ^~~~~~~~~~~~~~~~~~~~~~~~~~~~~~
./score/mw/com/impl/com_error.h:57:5: note: declared here
   57 |     kServiceInstanceAlreadyOffered
      |     ^~~~~~~~~~~~~~~~~~~~~~~~~~~~~~
[168 / 189] Compiling score/mw/com/impl/configuration/service_instance_id.cpp; 1s linux-sandbox ... (2 actions, 1 running)
[170 / 189] Compiling score/mw/com/impl/configuration/service_identifier_type.cpp; 0s linux-sandbox ... (2 actions, 1 running)
[170 / 189] Compiling score/mw/com/impl/configuration/service_identifier_type.cpp; 1s linux-sandbox ... (2 actions running)
[172 / 189] Compiling score/mw/com/impl/bindings/lola/event_data_control_composite.cpp; 1s linux-sandbox ... (2 actions running)
[173 / 189] Compiling score/mw/com/impl/configuration/service_instance_deployment.cpp; 2s linux-sandbox ... (2 actions running)
[174 / 189] Compiling score/mw/com/impl/configuration/service_instance_deployment.cpp; 5s linux-sandbox ... (2 actions, 1 running)
[174 / 189] Compiling score/mw/com/impl/configuration/service_instance_deployment.cpp; 7s linux-sandbox ... (2 actions running)
INFO: From Compiling score/mw/com/impl/configuration/service_instance_deployment.cpp:
In file included from ./score/mw/com/impl/configuration/service_instance_deployment.h:17,
                 from score/mw/com/impl/configuration/service_instance_deployment.cpp:13:
./score/mw/com/impl/com_error.h: In member function 'virtual std::string_view score::mw::com::impl::ComErrorDomain::MessageFor(const score::result::ErrorCode&) const':
./score/mw/com/impl/com_error.h:186:65: warning: 'score::mw::com::impl::ComErrc::kServiceInstanceAlreadyOffered' is deprecated: Value has never been used. Calls to OfferService shall be idempotent. [-Wdeprecated-declarations]
  186 |             case static_cast<score::result::ErrorCode>(ComErrc::kServiceInstanceAlreadyOffered):
      |                                                                 ^~~~~~~~~~~~~~~~~~~~~~~~~~~~~~
./score/mw/com/impl/com_error.h:57:5: note: declared here
   57 |     kServiceInstanceAlreadyOffered
      |     ^~~~~~~~~~~~~~~~~~~~~~~~~~~~~~
[175 / 189] Compiling score/mw/com/impl/bindings/lola/slot_decrementer.cpp; 2s linux-sandbox ... (2 actions running)
[176 / 189] Compiling score/mw/com/impl/configuration/config_parser.cpp; 2s linux-sandbox ... (2 actions, 1 running)
[176 / 189] Compiling score/mw/com/impl/configuration/config_parser.cpp; 3s linux-sandbox ... (2 actions running)
INFO: From Compiling score/mw/com/impl/configuration/config_parser.cpp:
In file included from ./score/mw/com/impl/configuration/service_instance_deployment.h:17,
                 from ./score/mw/com/impl/configuration/configuration.h:18,
                 from ./score/mw/com/impl/configuration/config_parser.h:17,
                 from score/mw/com/impl/configuration/config_parser.cpp:13:
./score/mw/com/impl/com_error.h: In member function 'virtual std::string_view score::mw::com::impl::ComErrorDomain::MessageFor(const score::result::ErrorCode&) const':
./score/mw/com/impl/com_error.h:186:65: warning: 'score::mw::com::impl::ComErrc::kServiceInstanceAlreadyOffered' is deprecated: Value has never been used. Calls to OfferService shall be idempotent. [-Wdeprecated-declarations]
  186 |             case static_cast<score::result::ErrorCode>(ComErrc::kServiceInstanceAlreadyOffered):
      |                                                                 ^~~~~~~~~~~~~~~~~~~~~~~~~~~~~~
./score/mw/com/impl/com_error.h:57:5: note: declared here
   57 |     kServiceInstanceAlreadyOffered
      |     ^~~~~~~~~~~~~~~~~~~~~~~~~~~~~~
[178 / 189] Compiling score/mw/com/impl/configuration/configuration.cpp; 0s linux-sandbox ... (2 actions running)
[179 / 189] Compiling score/mw/com/impl/configuration/configuration.cpp; 2s linux-sandbox ... (2 actions, 1 running)
[179 / 189] Compiling score/mw/com/impl/configuration/configuration.cpp; 3s linux-sandbox ... (2 actions running)
[180 / 189] Compiling score/mw/com/impl/configuration/configuration.cpp; 4s linux-sandbox ... (2 actions running)
INFO: From Compiling score/mw/com/impl/configuration/configuration.cpp:
In file included from ./score/mw/com/impl/configuration/service_instance_deployment.h:17,
                 from ./score/mw/com/impl/configuration/configuration.h:18,
                 from score/mw/com/impl/configuration/configuration.cpp:13:
./score/mw/com/impl/com_error.h: In member function 'virtual std::string_view score::mw::com::impl::ComErrorDomain::MessageFor(const score::result::ErrorCode&) const':
./score/mw/com/impl/com_error.h:186:65: warning: 'score::mw::com::impl::ComErrc::kServiceInstanceAlreadyOffered' is deprecated: Value has never been used. Calls to OfferService shall be idempotent. [-Wdeprecated-declarations]
  186 |             case static_cast<score::result::ErrorCode>(ComErrc::kServiceInstanceAlreadyOffered):
      |                                                                 ^~~~~~~~~~~~~~~~~~~~~~~~~~~~~~
./score/mw/com/impl/com_error.h:57:5: note: declared here
   57 |     kServiceInstanceAlreadyOffered
      |     ^~~~~~~~~~~~~~~~~~~~~~~~~~~~~~
INFO: From Compiling score/mw/com/impl/bindings/lola/transaction_log_set.cpp:
In file included from score/mw/com/impl/bindings/lola/transaction_log_set.cpp:17:
./score/mw/com/impl/com_error.h: In member function 'virtual std::string_view score::mw::com::impl::ComErrorDomain::MessageFor(const score::result::ErrorCode&) const':
./score/mw/com/impl/com_error.h:186:65: warning: 'score::mw::com::impl::ComErrc::kServiceInstanceAlreadyOffered' is deprecated: Value has never been used. Calls to OfferService shall be idempotent. [-Wdeprecated-declarations]
  186 |             case static_cast<score::result::ErrorCode>(ComErrc::kServiceInstanceAlreadyOffered):
      |                                                                 ^~~~~~~~~~~~~~~~~~~~~~~~~~~~~~
./score/mw/com/impl/com_error.h:57:5: note: declared here
   57 |     kServiceInstanceAlreadyOffered
      |     ^~~~~~~~~~~~~~~~~~~~~~~~~~~~~~
[182 / 189] Compiling score/mw/com/impl/bindings/lola/event_control.cpp; 0s linux-sandbox ... (2 actions, 1 running)
[184 / 189] Compiling score/mw/com/impl/plumbing/sample_allocatee_ptr.cpp; 0s linux-sandbox ... (2 actions, 1 running)
[185 / 189] Compiling score/mw/com/impl/plumbing/sample_ptr.cpp; 0s linux-sandbox ... (2 actions running)
[187 / 189] [Prepa] Linking score/mw/com/impl/plumbing/rust/test_support/libtest_helper_size_provider.a
INFO: Found 1 target...
Target //score/mw/com/impl/plumbing/rust/test_support:test_helper_size_provider up-to-date:
  bazel-bin/score/mw/com/impl/plumbing/rust/test_support/libtest_helper_size_provider.a
  bazel-bin/score/mw/com/impl/plumbing/rust/test_support/libtest_helper_size_provider.so
INFO: Elapsed time: 103.239s, Critical Path: 7.28s
INFO: 189 processes: 3 internal, 186 linux-sandbox.
INFO: Build completed successfully, 189 total actions
