OpenJDK 64-Bit Server VM warning: Options -Xverify:none and -noverify were deprecated in JDK 13 and will likely be removed in a future release.
Computing main repo mapping: 
Computing main repo mapping: 
Computing main repo mapping: 
Computing main repo mapping: 
Loading: 
Loading: 5 packages loaded
Analyzing: target //quality/static_analysis:codeql_lint (6 packages loaded, 0 targets configured)
Analyzing: target //quality/static_analysis:codeql_lint (6 packages loaded, 0 targets configured)

Analyzing: target //quality/static_analysis:codeql_lint (100 packages loaded, 11 targets configured)

Analyzing: target //quality/static_analysis:codeql_lint (171 packages loaded, 7583 targets configured)

Analyzing: target //quality/static_analysis:codeql_lint (200 packages loaded, 17909 targets configured)

INFO: Analyzed target //quality/static_analysis:codeql_lint (201 packages loaded, 50716 targets configured).
[29 / 29] no actions running
INFO: Found 1 target...
Target //quality/static_analysis:codeql_lint up-to-date:
  bazel-bin/quality/static_analysis/codeql_lint
INFO: Elapsed time: 16.954s, Critical Path: 0.74s
INFO: 1 process: 29 action cache hit, 1 internal.
INFO: Build completed successfully, 1 total action
INFO: Running command line: bazel-bin/quality/static_analysis/codeql_lint '--codeql_path=../+_repo_rules4+codeql_bundle/codeql_cli' '--config_path=quality/static_analysis/config.yaml' '--analysis_report_path=../+_repo_rules4+codeql_coding_standards/analysis_report' '--guideline_recategorize_path=../+_repo_rules4+codeql_coding_standards/guideline_recategorize' <args omitted>
Running queries.
[1/218] No need to rerun /media/jefferson/11c42dee-73a3-4c2b-ab42-a0440011d9e0/.s-core-build/runs/score-communication-bug-recovery-fw8j963z/bazel-output/0ee02474a779b83b3b0b23a41897ed42/external/+_repo_rules5+codeql_coding_standards_compiled/pack/rules/RULE-6-4-3/NameShallBeReferredUsingAQualifiedIdOrThisAudit.ql.
[2/218] No need to rerun /media/jefferson/11c42dee-73a3-4c2b-ab42-a0440011d9e0/.s-core-build/runs/score-communication-bug-recovery-fw8j963z/bazel-output/0ee02474a779b83b3b0b23a41897ed42/external/+_repo_rules5+codeql_coding_standards_compiled/pack/rules/RULE-6-4-3/NameShallBeReferredUsingAQualifiedIdOrThis.ql.
[3/218] No need to rerun /media/jefferson/11c42dee-73a3-4c2b-ab42-a0440011d9e0/.s-core-build/runs/score-communication-bug-recovery-fw8j963z/bazel-output/0ee02474a779b83b3b0b23a41897ed42/external/+_repo_rules5+codeql_coding_standards_compiled/pack/rules/RULE-19-3-1/AndPreprocessorOperatorsShouldNotBeUsed.ql.
[4/218] No need to rerun /media/jefferson/11c42dee-73a3-4c2b-ab42-a0440011d9e0/.s-core-build/runs/score-communication-bug-recovery-fw8j963z/bazel-output/0ee02474a779b83b3b0b23a41897ed42/external/+_repo_rules5+codeql_coding_standards_compiled/pack/rules/RULE-6-8-4/MemberFunctionsRefqualified.ql.
[5/218] No need to rerun /media/jefferson/11c42dee-73a3-4c2b-ab42-a0440011d9e0/.s-core-build/runs/score-communication-bug-recovery-fw8j963z/bazel-output/0ee02474a779b83b3b0b23a41897ed42/external/+_repo_rules5+codeql_coding_standards_compiled/pack/rules/RULE-0-2-2/UnusedParameterMisraCpp.ql.
[6/218] No need to rerun /media/jefferson/11c42dee-73a3-4c2b-ab42-a0440011d9e0/.s-core-build/runs/score-communication-bug-recovery-fw8j963z/bazel-output/0ee02474a779b83b3b0b23a41897ed42/external/+_repo_rules5+codeql_coding_standards_compiled/pack/rules/RULE-14-1-1/PrivateAndPublicDataMembersMixed.ql.
[7/218] No need to rerun /media/jefferson/11c42dee-73a3-4c2b-ab42-a0440011d9e0/.s-core-build/runs/score-communication-bug-recovery-fw8j963z/bazel-output/0ee02474a779b83b3b0b23a41897ed42/external/+_repo_rules5+codeql_coding_standards_compiled/pack/rules/RULE-7-0-5/NoSignednessChangeFromPromotion.ql.
[8/218] No need to rerun /media/jefferson/11c42dee-73a3-4c2b-ab42-a0440011d9e0/.s-core-build/runs/score-communication-bug-recovery-fw8j963z/bazel-output/0ee02474a779b83b3b0b23a41897ed42/external/+_repo_rules5+codeql_coding_standards_compiled/pack/rules/RULE-21-6-3/AdvancedMemoryManagementUsed.ql.
[9/218] No need to rerun /media/jefferson/11c42dee-73a3-4c2b-ab42-a0440011d9e0/.s-core-build/runs/score-communication-bug-recovery-fw8j963z/bazel-output/0ee02474a779b83b3b0b23a41897ed42/external/+_repo_rules5+codeql_coding_standards_compiled/pack/rules/RULE-6-8-3/AutomaticStorageAssignedToObjectGreaterLifetime.ql.
[10/218] No need to rerun /media/jefferson/11c42dee-73a3-4c2b-ab42-a0440011d9e0/.s-core-build/runs/score-communication-bug-recovery-fw8j963z/bazel-output/0ee02474a779b83b3b0b23a41897ed42/external/+_repo_rules5+codeql_coding_standards_compiled/pack/rules/RULE-26-3-1/VectorShouldNotBeSpecializedWithBool.ql.
[11/218] No need to rerun /media/jefferson/11c42dee-73a3-4c2b-ab42-a0440011d9e0/.s-core-build/runs/score-communication-bug-recovery-fw8j963z/bazel-output/0ee02474a779b83b3b0b23a41897ed42/external/+_repo_rules5+codeql_coding_standards_compiled/pack/rules/RULE-13-1-2/VirtualAndNonVirtualClassInTheHierarchy.ql.
[12/218] No need to rerun /media/jefferson/11c42dee-73a3-4c2b-ab42-a0440011d9e0/.s-core-build/runs/score-communication-bug-recovery-fw8j963z/bazel-output/0ee02474a779b83b3b0b23a41897ed42/external/+_repo_rules5+codeql_coding_standards_compiled/pack/rules/DIR-0-3-1/PossibleMisuseOfInfiniteFloatingPointValue.ql.
[13/218] No need to rerun /media/jefferson/11c42dee-73a3-4c2b-ab42-a0440011d9e0/.s-core-build/runs/score-communication-bug-recovery-fw8j963z/bazel-output/0ee02474a779b83b3b0b23a41897ed42/external/+_repo_rules5+codeql_coding_standards_compiled/pack/rules/DIR-0-3-1/PossibleMisuseOfNaNFloatingPointValue.ql.
[14/218] No need to rerun /media/jefferson/11c42dee-73a3-4c2b-ab42-a0440011d9e0/.s-core-build/runs/score-communication-bug-recovery-fw8j963z/bazel-output/0ee02474a779b83b3b0b23a41897ed42/external/+_repo_rules5+codeql_coding_standards_compiled/pack/rules/RULE-21-10-3/CsignalFacilitiesUsed.ql.
[15/218] No need to rerun /media/jefferson/11c42dee-73a3-4c2b-ab42-a0440011d9e0/.s-core-build/runs/score-communication-bug-recovery-fw8j963z/bazel-output/0ee02474a779b83b3b0b23a41897ed42/external/+_repo_rules5+codeql_coding_standards_compiled/pack/rules/RULE-21-10-3/CsignalTypesShallNotBeUsed.ql.
[16/218] No need to rerun /media/jefferson/11c42dee-73a3-4c2b-ab42-a0440011d9e0/.s-core-build/runs/score-communication-bug-recovery-fw8j963z/bazel-output/0ee02474a779b83b3b0b23a41897ed42/external/+_repo_rules5+codeql_coding_standards_compiled/pack/rules/RULE-7-0-6/NumericAssignmentTypeMismatch.ql.
[17/218] No need to rerun /media/jefferson/11c42dee-73a3-4c2b-ab42-a0440011d9e0/.s-core-build/runs/score-communication-bug-recovery-fw8j963z/bazel-output/0ee02474a779b83b3b0b23a41897ed42/external/+_repo_rules5+codeql_coding_standards_compiled/pack/rules/RULE-6-5-1/ExternalLinkageNotDeclaredInHeaderFileMisra.ql.
[18/218] No need to rerun /media/jefferson/11c42dee-73a3-4c2b-ab42-a0440011d9e0/.s-core-build/runs/score-communication-bug-recovery-fw8j963z/bazel-output/0ee02474a779b83b3b0b23a41897ed42/external/+_repo_rules5+codeql_coding_standards_compiled/pack/rules/RULE-8-2-10/FunctionsCallThemselvesEitherDirectlyOrIndirectly.ql.
[19/218] No need to rerun /media/jefferson/11c42dee-73a3-4c2b-ab42-a0440011d9e0/.s-core-build/runs/score-communication-bug-recovery-fw8j963z/bazel-output/0ee02474a779b83b3b0b23a41897ed42/external/+_repo_rules5+codeql_coding_standards_compiled/pack/rules/RULE-30-0-1/CstdioFunctionsShallNotBeUsed.ql.
[20/218] No need to rerun /media/jefferson/11c42dee-73a3-4c2b-ab42-a0440011d9e0/.s-core-build/runs/score-communication-bug-recovery-fw8j963z/bazel-output/0ee02474a779b83b3b0b23a41897ed42/external/+_repo_rules5+codeql_coding_standards_compiled/pack/rules/RULE-30-0-1/CstdioMacrosShallNotBeUsed.ql.
[21/218] No need to rerun /media/jefferson/11c42dee-73a3-4c2b-ab42-a0440011d9e0/.s-core-build/runs/score-communication-bug-recovery-fw8j963z/bazel-output/0ee02474a779b83b3b0b23a41897ed42/external/+_repo_rules5+codeql_coding_standards_compiled/pack/rules/RULE-30-0-1/CstdioTypesShallNotBeUsed.ql.
[22/218] No need to rerun /media/jefferson/11c42dee-73a3-4c2b-ab42-a0440011d9e0/.s-core-build/runs/score-communication-bug-recovery-fw8j963z/bazel-output/0ee02474a779b83b3b0b23a41897ed42/external/+_repo_rules5+codeql_coding_standards_compiled/pack/rules/RULE-4-1-3/DeallocationTypeMismatch.ql.
[23/218] No need to rerun /media/jefferson/11c42dee-73a3-4c2b-ab42-a0440011d9e0/.s-core-build/runs/score-communication-bug-recovery-fw8j963z/bazel-output/0ee02474a779b83b3b0b23a41897ed42/external/+_repo_rules5+codeql_coding_standards_compiled/pack/rules/RULE-4-1-3/NullPointerToMemberAccessUndefinedBehavior.ql.
[24/218] No need to rerun /media/jefferson/11c42dee-73a3-4c2b-ab42-a0440011d9e0/.s-core-build/runs/score-communication-bug-recovery-fw8j963z/bazel-output/0ee02474a779b83b3b0b23a41897ed42/external/+_repo_rules5+codeql_coding_standards_compiled/pack/rules/RULE-4-1-3/OutOfRangeEnumCastCriticalUnspecifiedBehavior.ql.
[25/218] No need to rerun /media/jefferson/11c42dee-73a3-4c2b-ab42-a0440011d9e0/.s-core-build/runs/score-communication-bug-recovery-fw8j963z/bazel-output/0ee02474a779b83b3b0b23a41897ed42/external/+_repo_rules5+codeql_coding_standards_compiled/pack/rules/RULE-4-1-3/UninitializedStaticPointerToMemberUndefinedBehavior.ql.
[26/218] No need to rerun /media/jefferson/11c42dee-73a3-4c2b-ab42-a0440011d9e0/.s-core-build/runs/score-communication-bug-recovery-fw8j963z/bazel-output/0ee02474a779b83b3b0b23a41897ed42/external/+_repo_rules5+codeql_coding_standards_compiled/pack/rules/RULE-4-1-3/DivisionByZeroUndefinedBehavior.ql.
[27/218] No need to rerun /media/jefferson/11c42dee-73a3-4c2b-ab42-a0440011d9e0/.s-core-build/runs/score-communication-bug-recovery-fw8j963z/bazel-output/0ee02474a779b83b3b0b23a41897ed42/external/+_repo_rules5+codeql_coding_standards_compiled/pack/rules/RULE-4-1-3/SignedIntegerOverflow.ql.
[28/218] No need to rerun /media/jefferson/11c42dee-73a3-4c2b-ab42-a0440011d9e0/.s-core-build/runs/score-communication-bug-recovery-fw8j963z/bazel-output/0ee02474a779b83b3b0b23a41897ed42/external/+_repo_rules5+codeql_coding_standards_compiled/pack/rules/RULE-4-1-3/ArrayDeletedThroughPointerOfIncorrectType.ql.
[29/218] No need to rerun /media/jefferson/11c42dee-73a3-4c2b-ab42-a0440011d9e0/.s-core-build/runs/score-communication-bug-recovery-fw8j963z/bazel-output/0ee02474a779b83b3b0b23a41897ed42/external/+_repo_rules5+codeql_coding_standards_compiled/pack/rules/RULE-4-1-3/NonExistentMemberAccessUndefinedBehavior.ql.
[30/218] No need to rerun /media/jefferson/11c42dee-73a3-4c2b-ab42-a0440011d9e0/.s-core-build/runs/score-communication-bug-recovery-fw8j963z/bazel-output/0ee02474a779b83b3b0b23a41897ed42/external/+_repo_rules5+codeql_coding_standards_compiled/pack/rules/RULE-4-1-3/PossibleDataRaceBetweenThreads.ql.
[31/218] No need to rerun /media/jefferson/11c42dee-73a3-4c2b-ab42-a0440011d9e0/.s-core-build/runs/score-communication-bug-recovery-fw8j963z/bazel-output/0ee02474a779b83b3b0b23a41897ed42/external/+_repo_rules5+codeql_coding_standards_compiled/pack/rules/RULE-21-10-2/NoCsetjmpHeader.ql.
[32/218] No need to rerun /media/jefferson/11c42dee-73a3-4c2b-ab42-a0440011d9e0/.s-core-build/runs/score-communication-bug-recovery-fw8j963z/bazel-output/0ee02474a779b83b3b0b23a41897ed42/external/+_repo_rules5+codeql_coding_standards_compiled/pack/rules/RULE-9-4-1/IfElseIfEndCondition.ql.
[33/218] No need to rerun /media/jefferson/11c42dee-73a3-4c2b-ab42-a0440011d9e0/.s-core-build/runs/score-communication-bug-recovery-fw8j963z/bazel-output/0ee02474a779b83b3b0b23a41897ed42/external/+_repo_rules5+codeql_coding_standards_compiled/pack/rules/RULE-21-6-5/PointerToAnIncompleteClassTypeDeleted.ql.
[34/218] No need to rerun /media/jefferson/11c42dee-73a3-4c2b-ab42-a0440011d9e0/.s-core-build/runs/score-communication-bug-recovery-fw8j963z/bazel-output/0ee02474a779b83b3b0b23a41897ed42/external/+_repo_rules5+codeql_coding_standards_compiled/pack/rules/RULE-8-2-1/VirtualBaseClassCastToDerived.ql.
[35/218] No need to rerun /media/jefferson/11c42dee-73a3-4c2b-ab42-a0440011d9e0/.s-core-build/runs/score-communication-bug-recovery-fw8j963z/bazel-output/0ee02474a779b83b3b0b23a41897ed42/external/+_repo_rules5+codeql_coding_standards_compiled/pack/rules/RULE-0-1-2/UnusedReturnValueMisraCpp.ql.
[36/218] No need to rerun /media/jefferson/11c42dee-73a3-4c2b-ab42-a0440011d9e0/.s-core-build/runs/score-communication-bug-recovery-fw8j963z/bazel-output/0ee02474a779b83b3b0b23a41897ed42/external/+_repo_rules5+codeql_coding_standards_compiled/pack/rules/RULE-13-3-2/OverridingShallSpecifyDifferentDefaultArguments.ql.
[37/218] No need to rerun /media/jefferson/11c42dee-73a3-4c2b-ab42-a0440011d9e0/.s-core-build/runs/score-communication-bug-recovery-fw8j963z/bazel-output/0ee02474a779b83b3b0b23a41897ed42/external/+_repo_rules5+codeql_coding_standards_compiled/pack/rules/RULE-12-2-1/BitFieldsShouldNotBeDeclaredMisraCpp.ql.
[38/218] No need to rerun /media/jefferson/11c42dee-73a3-4c2b-ab42-a0440011d9e0/.s-core-build/runs/score-communication-bug-recovery-fw8j963z/bazel-output/0ee02474a779b83b3b0b23a41897ed42/external/+_repo_rules5+codeql_coding_standards_compiled/pack/rules/RULE-6-8-2/ReturnReferenceOrPointerToAutomaticLocalVariable.ql.
[39/218] No need to rerun /media/jefferson/11c42dee-73a3-4c2b-ab42-a0440011d9e0/.s-core-build/runs/score-communication-bug-recovery-fw8j963z/bazel-output/0ee02474a779b83b3b0b23a41897ed42/external/+_repo_rules5+codeql_coding_standards_compiled/pack/rules/RULE-24-5-2/NoMemoryFunctionsFromCString.ql.
[40/218] No need to rerun /media/jefferson/11c42dee-73a3-4c2b-ab42-a0440011d9e0/.s-core-build/runs/score-communication-bug-recovery-fw8j963z/bazel-output/0ee02474a779b83b3b0b23a41897ed42/external/+_repo_rules5+codeql_coding_standards_compiled/pack/rules/RULE-19-3-5/TokensThatLookLikeDirectivesInAMacroArgument.ql.
[41/218] No need to rerun /media/jefferson/11c42dee-73a3-4c2b-ab42-a0440011d9e0/.s-core-build/runs/score-communication-bug-recovery-fw8j963z/bazel-output/0ee02474a779b83b3b0b23a41897ed42/external/+_repo_rules5+codeql_coding_standards_compiled/pack/rules/RULE-16-5-2/AddressOfOperatorOverloaded.ql.
[42/218] No need to rerun /media/jefferson/11c42dee-73a3-4c2b-ab42-a0440011d9e0/.s-core-build/runs/score-communication-bug-recovery-fw8j963z/bazel-output/0ee02474a779b83b3b0b23a41897ed42/external/+_repo_rules5+codeql_coding_standards_compiled/pack/rules/RULE-4-6-1/MemoryUsageNotSequenced.ql.
[43/218] No need to rerun /media/jefferson/11c42dee-73a3-4c2b-ab42-a0440011d9e0/.s-core-build/runs/score-communication-bug-recovery-fw8j963z/bazel-output/0ee02474a779b83b3b0b23a41897ed42/external/+_repo_rules5+codeql_coding_standards_compiled/pack/rules/RULE-0-0-2/InvariantCondition.ql.
[44/218] No need to rerun /media/jefferson/11c42dee-73a3-4c2b-ab42-a0440011d9e0/.s-core-build/runs/score-communication-bug-recovery-fw8j963z/bazel-output/0ee02474a779b83b3b0b23a41897ed42/external/+_repo_rules5+codeql_coding_standards_compiled/pack/rules/RULE-8-2-2/NoCStyleOrFunctionalCasts.ql.
[45/218] No need to rerun /media/jefferson/11c42dee-73a3-4c2b-ab42-a0440011d9e0/.s-core-build/runs/score-communication-bug-recovery-fw8j963z/bazel-output/0ee02474a779b83b3b0b23a41897ed42/external/+_repo_rules5+codeql_coding_standards_compiled/pack/rules/RULE-15-0-2/InvalidSignatureForSpecialMemberFunction.ql.
[46/218] No need to rerun /media/jefferson/11c42dee-73a3-4c2b-ab42-a0440011d9e0/.s-core-build/runs/score-communication-bug-recovery-fw8j963z/bazel-output/0ee02474a779b83b3b0b23a41897ed42/external/+_repo_rules5+codeql_coding_standards_compiled/pack/rules/RULE-28-3-1/PredicateWithPersistentSideEffects.ql.
[47/218] No need to rerun /media/jefferson/11c42dee-73a3-4c2b-ab42-a0440011d9e0/.s-core-build/runs/score-communication-bug-recovery-fw8j963z/bazel-output/0ee02474a779b83b3b0b23a41897ed42/external/+_repo_rules5+codeql_coding_standards_compiled/pack/rules/RULE-28-3-1/NonConstPredicateFunctionObject.ql.
[48/218] No need to rerun /media/jefferson/11c42dee-73a3-4c2b-ab42-a0440011d9e0/.s-core-build/runs/score-communication-bug-recovery-fw8j963z/bazel-output/0ee02474a779b83b3b0b23a41897ed42/external/+_repo_rules5+codeql_coding_standards_compiled/pack/rules/RULE-8-2-8/PointerToIntegralCast.ql.
[49/218] No need to rerun /media/jefferson/11c42dee-73a3-4c2b-ab42-a0440011d9e0/.s-core-build/runs/score-communication-bug-recovery-fw8j963z/bazel-output/0ee02474a779b83b3b0b23a41897ed42/external/+_repo_rules5+codeql_coding_standards_compiled/pack/rules/RULE-0-2-1/UnusedLimitedVisibilityVariable.ql.
[50/218] No need to rerun /media/jefferson/11c42dee-73a3-4c2b-ab42-a0440011d9e0/.s-core-build/runs/score-communication-bug-recovery-fw8j963z/bazel-output/0ee02474a779b83b3b0b23a41897ed42/external/+_repo_rules5+codeql_coding_standards_compiled/pack/rules/RULE-10-1-2/VolatileQualifierNotUsedAppropriately.ql.
[51/218] No need to rerun /media/jefferson/11c42dee-73a3-4c2b-ab42-a0440011d9e0/.s-core-build/runs/score-communication-bug-recovery-fw8j963z/bazel-output/0ee02474a779b83b3b0b23a41897ed42/external/+_repo_rules5+codeql_coding_standards_compiled/pack/rules/RULE-11-3-1/VariableDeclaredArrayType.ql.
[52/218] No need to rerun /media/jefferson/11c42dee-73a3-4c2b-ab42-a0440011d9e0/.s-core-build/runs/score-communication-bug-recovery-fw8j963z/bazel-output/0ee02474a779b83b3b0b23a41897ed42/external/+_repo_rules5+codeql_coding_standards_compiled/pack/rules/RULE-8-2-6/IntToPointerCastProhibited.ql.
[53/218] No need to rerun /media/jefferson/11c42dee-73a3-4c2b-ab42-a0440011d9e0/.s-core-build/runs/score-communication-bug-recovery-fw8j963z/bazel-output/0ee02474a779b83b3b0b23a41897ed42/external/+_repo_rules5+codeql_coding_standards_compiled/pack/rules/RULE-8-2-4/CastsBetweenAPointerToFunctionAndAnyOtherType.ql.
[54/218] No need to rerun /media/jefferson/11c42dee-73a3-4c2b-ab42-a0440011d9e0/.s-core-build/runs/score-communication-bug-recovery-fw8j963z/bazel-output/0ee02474a779b83b3b0b23a41897ed42/external/+_repo_rules5+codeql_coding_standards_compiled/pack/rules/RULE-7-0-4/InappropriateBitwiseOrShiftOperands.ql.
[55/218] No need to rerun /media/jefferson/11c42dee-73a3-4c2b-ab42-a0440011d9e0/.s-core-build/runs/score-communication-bug-recovery-fw8j963z/bazel-output/0ee02474a779b83b3b0b23a41897ed42/external/+_repo_rules5+codeql_coding_standards_compiled/pack/rules/RULE-6-2-2/IncompatibleObjectDeclarationsCpp.ql.
[56/218] No need to rerun /media/jefferson/11c42dee-73a3-4c2b-ab42-a0440011d9e0/.s-core-build/runs/score-communication-bug-recovery-fw8j963z/bazel-output/0ee02474a779b83b3b0b23a41897ed42/external/+_repo_rules5+codeql_coding_standards_compiled/pack/rules/RULE-6-2-2/IncompatibleFunctionDeclarationsCpp.ql.
[57/218] No need to rerun /media/jefferson/11c42dee-73a3-4c2b-ab42-a0440011d9e0/.s-core-build/runs/score-communication-bug-recovery-fw8j963z/bazel-output/0ee02474a779b83b3b0b23a41897ed42/external/+_repo_rules5+codeql_coding_standards_compiled/pack/rules/RULE-6-9-1/TypeAliasesDeclaration.ql.
[58/218] No need to rerun /media/jefferson/11c42dee-73a3-4c2b-ab42-a0440011d9e0/.s-core-build/runs/score-communication-bug-recovery-fw8j963z/bazel-output/0ee02474a779b83b3b0b23a41897ed42/external/+_repo_rules5+codeql_coding_standards_compiled/pack/rules/RULE-9-6-5/NonVoidFunctionShallReturnAValueOnAllPaths.ql.
[59/218] No need to rerun /media/jefferson/11c42dee-73a3-4c2b-ab42-a0440011d9e0/.s-core-build/runs/score-communication-bug-recovery-fw8j963z/bazel-output/0ee02474a779b83b3b0b23a41897ed42/external/+_repo_rules5+codeql_coding_standards_compiled/pack/rules/RULE-10-2-1/EnumerationNotDefinedWithAnExplicitUnderlyingType.ql.
[60/218] No need to rerun /media/jefferson/11c42dee-73a3-4c2b-ab42-a0440011d9e0/.s-core-build/runs/score-communication-bug-recovery-fw8j963z/bazel-output/0ee02474a779b83b3b0b23a41897ed42/external/+_repo_rules5+codeql_coding_standards_compiled/pack/rules/RULE-15-1-3/NonExplicitConversionMember.ql.
[61/218] No need to rerun /media/jefferson/11c42dee-73a3-4c2b-ab42-a0440011d9e0/.s-core-build/runs/score-communication-bug-recovery-fw8j963z/bazel-output/0ee02474a779b83b3b0b23a41897ed42/external/+_repo_rules5+codeql_coding_standards_compiled/pack/rules/DIR-5-7-2/SectionsOfCodeShouldNotBeCommentedOut.ql.
[62/218] No need to rerun /media/jefferson/11c42dee-73a3-4c2b-ab42-a0440011d9e0/.s-core-build/runs/score-communication-bug-recovery-fw8j963z/bazel-output/0ee02474a779b83b3b0b23a41897ed42/external/+_repo_rules5+codeql_coding_standards_compiled/pack/rules/RULE-0-1-1/UnnecessaryWriteToLocalObject.ql.
[63/218] No need to rerun /media/jefferson/11c42dee-73a3-4c2b-ab42-a0440011d9e0/.s-core-build/runs/score-communication-bug-recovery-fw8j963z/bazel-output/0ee02474a779b83b3b0b23a41897ed42/external/+_repo_rules5+codeql_coding_standards_compiled/pack/rules/RULE-16-5-1/LogicalAndAndLogicalOrOperatorsOverloaded.ql.
[64/218] No need to rerun /media/jefferson/11c42dee-73a3-4c2b-ab42-a0440011d9e0/.s-core-build/runs/score-communication-bug-recovery-fw8j963z/bazel-output/0ee02474a779b83b3b0b23a41897ed42/external/+_repo_rules5+codeql_coding_standards_compiled/pack/rules/RULE-6-4-2/InheritedOverridableMemberFunction.ql.
[65/218] No need to rerun /media/jefferson/11c42dee-73a3-4c2b-ab42-a0440011d9e0/.s-core-build/runs/score-communication-bug-recovery-fw8j963z/bazel-output/0ee02474a779b83b3b0b23a41897ed42/external/+_repo_rules5+codeql_coding_standards_compiled/pack/rules/RULE-6-4-2/InheritedNonOverridableMemberFunction.ql.
[66/218] No need to rerun /media/jefferson/11c42dee-73a3-4c2b-ab42-a0440011d9e0/.s-core-build/runs/score-communication-bug-recovery-fw8j963z/bazel-output/0ee02474a779b83b3b0b23a41897ed42/external/+_repo_rules5+codeql_coding_standards_compiled/pack/rules/RULE-6-4-2/DefinitionShallBeConsideredForUnqualifiedLookup.ql.
[67/218] No need to rerun /media/jefferson/11c42dee-73a3-4c2b-ab42-a0440011d9e0/.s-core-build/runs/score-communication-bug-recovery-fw8j963z/bazel-output/0ee02474a779b83b3b0b23a41897ed42/external/+_repo_rules5+codeql_coding_standards_compiled/pack/rules/RULE-30-0-2/ReadsAndWritesOnStreamNotSeparatedByPositioning.ql.
[68/218] No need to rerun /media/jefferson/11c42dee-73a3-4c2b-ab42-a0440011d9e0/.s-core-build/runs/score-communication-bug-recovery-fw8j963z/bazel-output/0ee02474a779b83b3b0b23a41897ed42/external/+_repo_rules5+codeql_coding_standards_compiled/pack/rules/RULE-8-2-5/ReinterpretCastShallNotBeUsed.ql.
[69/218] No need to rerun /media/jefferson/11c42dee-73a3-4c2b-ab42-a0440011d9e0/.s-core-build/runs/score-communication-bug-recovery-fw8j963z/bazel-output/0ee02474a779b83b3b0b23a41897ed42/external/+_repo_rules5+codeql_coding_standards_compiled/pack/rules/RULE-8-0-1/MissingSizeofOperatorParenthesis.ql.
[70/218] No need to rerun /media/jefferson/11c42dee-73a3-4c2b-ab42-a0440011d9e0/.s-core-build/runs/score-communication-bug-recovery-fw8j963z/bazel-output/0ee02474a779b83b3b0b23a41897ed42/external/+_repo_rules5+codeql_coding_standards_compiled/pack/rules/RULE-8-0-1/MissingPrecedenceClarifyingParenthesis.ql.
[71/218] No need to rerun /media/jefferson/11c42dee-73a3-4c2b-ab42-a0440011d9e0/.s-core-build/runs/score-communication-bug-recovery-fw8j963z/bazel-output/0ee02474a779b83b3b0b23a41897ed42/external/+_repo_rules5+codeql_coding_standards_compiled/pack/rules/RULE-9-6-3/GotoShallJumpToLabelDeclaredLaterInTheFunction.ql.
[72/218] No need to rerun /media/jefferson/11c42dee-73a3-4c2b-ab42-a0440011d9e0/.s-core-build/runs/score-communication-bug-recovery-fw8j963z/bazel-output/0ee02474a779b83b3b0b23a41897ed42/external/+_repo_rules5+codeql_coding_standards_compiled/pack/rules/RULE-6-0-1/BlockScopeFunctionAmbiguous.ql.
[73/218] No need to rerun /media/jefferson/11c42dee-73a3-4c2b-ab42-a0440011d9e0/.s-core-build/runs/score-communication-bug-recovery-fw8j963z/bazel-output/0ee02474a779b83b3b0b23a41897ed42/external/+_repo_rules5+codeql_coding_standards_compiled/pack/rules/RULE-5-13-6/LongLongLiteralWithSingleLSuffix.ql.
[74/218] No need to rerun /media/jefferson/11c42dee-73a3-4c2b-ab42-a0440011d9e0/.s-core-build/runs/score-communication-bug-recovery-fw8j963z/bazel-output/0ee02474a779b83b3b0b23a41897ed42/external/+_repo_rules5+codeql_coding_standards_compiled/pack/rules/RULE-5-7-3/LineSplicingUsedInComments.ql.
[75/218] No need to rerun /media/jefferson/11c42dee-73a3-4c2b-ab42-a0440011d9e0/.s-core-build/runs/score-communication-bug-recovery-fw8j963z/bazel-output/0ee02474a779b83b3b0b23a41897ed42/external/+_repo_rules5+codeql_coding_standards_compiled/pack/rules/RULE-8-14-1/ShortCircuitedPersistentSideEffect.ql.
[76/218] No need to rerun /media/jefferson/11c42dee-73a3-4c2b-ab42-a0440011d9e0/.s-core-build/runs/score-communication-bug-recovery-fw8j963z/bazel-output/0ee02474a779b83b3b0b23a41897ed42/external/+_repo_rules5+codeql_coding_standards_compiled/pack/rules/RULE-9-5-2/ForRangeInitializerAtMostOneFunctionCall.ql.
[77/218] No need to rerun /media/jefferson/11c42dee-73a3-4c2b-ab42-a0440011d9e0/.s-core-build/runs/score-communication-bug-recovery-fw8j963z/bazel-output/0ee02474a779b83b3b0b23a41897ed42/external/+_repo_rules5+codeql_coding_standards_compiled/pack/rules/RULE-24-5-1/CharacterHandlingFunctionRestrictions.ql.
[78/218] No need to rerun /media/jefferson/11c42dee-73a3-4c2b-ab42-a0440011d9e0/.s-core-build/runs/score-communication-bug-recovery-fw8j963z/bazel-output/0ee02474a779b83b3b0b23a41897ed42/external/+_repo_rules5+codeql_coding_standards_compiled/pack/rules/RULE-10-2-2/UnscopedEnumerationsShouldNotBeDeclared.ql.
[79/218] No need to rerun /media/jefferson/11c42dee-73a3-4c2b-ab42-a0440011d9e0/.s-core-build/runs/score-communication-bug-recovery-fw8j963z/bazel-output/0ee02474a779b83b3b0b23a41897ed42/external/+_repo_rules5+codeql_coding_standards_compiled/pack/rules/RULE-9-5-1/LegacyForStatementsShouldBeSimple.ql.
[80/218] No need to rerun /media/jefferson/11c42dee-73a3-4c2b-ab42-a0440011d9e0/.s-core-build/runs/score-communication-bug-recovery-fw8j963z/bazel-output/0ee02474a779b83b3b0b23a41897ed42/external/+_repo_rules5+codeql_coding_standards_compiled/pack/rules/RULE-19-0-4/UndefOfMacroNotDefinedInFile.ql.
[81/218] No need to rerun /media/jefferson/11c42dee-73a3-4c2b-ab42-a0440011d9e0/.s-core-build/runs/score-communication-bug-recovery-fw8j963z/bazel-output/0ee02474a779b83b3b0b23a41897ed42/external/+_repo_rules5+codeql_coding_standards_compiled/pack/rules/RULE-6-8-1/ObjectAccessedAfterLifetimeMisra.ql.
[82/218] No need to rerun /media/jefferson/11c42dee-73a3-4c2b-ab42-a0440011d9e0/.s-core-build/runs/score-communication-bug-recovery-fw8j963z/bazel-output/0ee02474a779b83b3b0b23a41897ed42/external/+_repo_rules5+codeql_coding_standards_compiled/pack/rules/RULE-6-8-1/ObjectAccessedBeforeLifetimeMisra.ql.
[83/218] No need to rerun /media/jefferson/11c42dee-73a3-4c2b-ab42-a0440011d9e0/.s-core-build/runs/score-communication-bug-recovery-fw8j963z/bazel-output/0ee02474a779b83b3b0b23a41897ed42/external/+_repo_rules5+codeql_coding_standards_compiled/pack/rules/RULE-10-0-1/UseSingleGlobalOrMemberDeclarators.ql.
[84/218] No need to rerun /media/jefferson/11c42dee-73a3-4c2b-ab42-a0440011d9e0/.s-core-build/runs/score-communication-bug-recovery-fw8j963z/bazel-output/0ee02474a779b83b3b0b23a41897ed42/external/+_repo_rules5+codeql_coding_standards_compiled/pack/rules/RULE-10-0-1/UseSingleLocalDeclarators.ql.
[85/218] No need to rerun /media/jefferson/11c42dee-73a3-4c2b-ab42-a0440011d9e0/.s-core-build/runs/score-communication-bug-recovery-fw8j963z/bazel-output/0ee02474a779b83b3b0b23a41897ed42/external/+_repo_rules5+codeql_coding_standards_compiled/pack/rules/RULE-21-2-4/MacroOffsetofShallNotBeUsed.ql.
[86/218] No need to rerun /media/jefferson/11c42dee-73a3-4c2b-ab42-a0440011d9e0/.s-core-build/runs/score-communication-bug-recovery-fw8j963z/bazel-output/0ee02474a779b83b3b0b23a41897ed42/external/+_repo_rules5+codeql_coding_standards_compiled/pack/rules/RULE-6-9-2/AvoidStandardIntegerTypeNames.ql.
[87/218] No need to rerun /media/jefferson/11c42dee-73a3-4c2b-ab42-a0440011d9e0/.s-core-build/runs/score-communication-bug-recovery-fw8j963z/bazel-output/0ee02474a779b83b3b0b23a41897ed42/external/+_repo_rules5+codeql_coding_standards_compiled/pack/rules/RULE-12-2-2/BitFieldShallHaveAnAppropriateType.ql.
[88/218] No need to rerun /media/jefferson/11c42dee-73a3-4c2b-ab42-a0440011d9e0/.s-core-build/runs/score-communication-bug-recovery-fw8j963z/bazel-output/0ee02474a779b83b3b0b23a41897ed42/external/+_repo_rules5+codeql_coding_standards_compiled/pack/rules/RULE-0-2-3/UnusedTypeWithLimitedVisibility.ql.
[89/218] No need to rerun /media/jefferson/11c42dee-73a3-4c2b-ab42-a0440011d9e0/.s-core-build/runs/score-communication-bug-recovery-fw8j963z/bazel-output/0ee02474a779b83b3b0b23a41897ed42/external/+_repo_rules5+codeql_coding_standards_compiled/pack/rules/RULE-11-6-2/ValueOfAnObjectMustNotBeReadBeforeItHasBeenSet.ql.
[90/218] No need to rerun /media/jefferson/11c42dee-73a3-4c2b-ab42-a0440011d9e0/.s-core-build/runs/score-communication-bug-recovery-fw8j963z/bazel-output/0ee02474a779b83b3b0b23a41897ed42/external/+_repo_rules5+codeql_coding_standards_compiled/pack/rules/RULE-19-6-1/DisallowedUseOfPragma.ql.
[91/218] No need to rerun /media/jefferson/11c42dee-73a3-4c2b-ab42-a0440011d9e0/.s-core-build/runs/score-communication-bug-recovery-fw8j963z/bazel-output/0ee02474a779b83b3b0b23a41897ed42/external/+_repo_rules5+codeql_coding_standards_compiled/pack/rules/RULE-8-2-3/CastRemovesConstOrVolatileFromPointerOrReference.ql.
[92/218] No need to rerun /media/jefferson/11c42dee-73a3-4c2b-ab42-a0440011d9e0/.s-core-build/runs/score-communication-bug-recovery-fw8j963z/bazel-output/0ee02474a779b83b3b0b23a41897ed42/external/+_repo_rules5+codeql_coding_standards_compiled/pack/rules/RULE-16-6-1/InvalidOperatorOverloadedAsMemberFunction.ql.
[93/218] No need to rerun /media/jefferson/11c42dee-73a3-4c2b-ab42-a0440011d9e0/.s-core-build/runs/score-communication-bug-recovery-fw8j963z/bazel-output/0ee02474a779b83b3b0b23a41897ed42/external/+_repo_rules5+codeql_coding_standards_compiled/pack/rules/RULE-19-3-4/UnparenthesizedMacroArgument.ql.
[94/218] No need to rerun /media/jefferson/11c42dee-73a3-4c2b-ab42-a0440011d9e0/.s-core-build/runs/score-communication-bug-recovery-fw8j963z/bazel-output/0ee02474a779b83b3b0b23a41897ed42/external/+_repo_rules5+codeql_coding_standards_compiled/pack/rules/RULE-8-2-11/InappropriateArgumentTypePassedViaEllipsis.ql.
[95/218] No need to rerun /media/jefferson/11c42dee-73a3-4c2b-ab42-a0440011d9e0/.s-core-build/runs/score-communication-bug-recovery-fw8j963z/bazel-output/0ee02474a779b83b3b0b23a41897ed42/external/+_repo_rules5+codeql_coding_standards_compiled/pack/rules/RULE-7-0-1/NoConversionFromBool.ql.
[96/218] No need to rerun /media/jefferson/11c42dee-73a3-4c2b-ab42-a0440011d9e0/.s-core-build/runs/score-communication-bug-recovery-fw8j963z/bazel-output/0ee02474a779b83b3b0b23a41897ed42/external/+_repo_rules5+codeql_coding_standards_compiled/pack/rules/RULE-19-1-1/InvalidTokenInDefinedOperator.ql.
[97/218] No need to rerun /media/jefferson/11c42dee-73a3-4c2b-ab42-a0440011d9e0/.s-core-build/runs/score-communication-bug-recovery-fw8j963z/bazel-output/0ee02474a779b83b3b0b23a41897ed42/external/+_repo_rules5+codeql_coding_standards_compiled/pack/rules/RULE-19-1-1/DefinedOperatorExpandedInIfDirective.ql.
[98/218] No need to rerun /media/jefferson/11c42dee-73a3-4c2b-ab42-a0440011d9e0/.s-core-build/runs/score-communication-bug-recovery-fw8j963z/bazel-output/0ee02474a779b83b3b0b23a41897ed42/external/+_repo_rules5+codeql_coding_standards_compiled/pack/rules/RULE-9-6-2/GotoReferenceALabelInSurroundingBlock.ql.
[99/218] No need to rerun /media/jefferson/11c42dee-73a3-4c2b-ab42-a0440011d9e0/.s-core-build/runs/score-communication-bug-recovery-fw8j963z/bazel-output/0ee02474a779b83b3b0b23a41897ed42/external/+_repo_rules5+codeql_coding_standards_compiled/pack/rules/RULE-5-13-5/LowercaseLStartsInLiteralSuffix.ql.
[100/218] No need to rerun /media/jefferson/11c42dee-73a3-4c2b-ab42-a0440011d9e0/.s-core-build/runs/score-communication-bug-recovery-fw8j963z/bazel-output/0ee02474a779b83b3b0b23a41897ed42/external/+_repo_rules5+codeql_coding_standards_compiled/pack/rules/RULE-6-5-2/InternalLinkageSpecifiedAppropriately.ql.
[101/218] No need to rerun /media/jefferson/11c42dee-73a3-4c2b-ab42-a0440011d9e0/.s-core-build/runs/score-communication-bug-recovery-fw8j963z/bazel-output/0ee02474a779b83b3b0b23a41897ed42/external/+_repo_rules5+codeql_coding_standards_compiled/pack/rules/RULE-15-1-2/InitializeAllVirtualBaseClasses.ql.
[102/218] No need to rerun /media/jefferson/11c42dee-73a3-4c2b-ab42-a0440011d9e0/.s-core-build/runs/score-communication-bug-recovery-fw8j963z/bazel-output/0ee02474a779b83b3b0b23a41897ed42/external/+_repo_rules5+codeql_coding_standards_compiled/pack/rules/RULE-11-6-1/UninitializedVariable.ql.
[103/218] No need to rerun /media/jefferson/11c42dee-73a3-4c2b-ab42-a0440011d9e0/.s-core-build/runs/score-communication-bug-recovery-fw8j963z/bazel-output/0ee02474a779b83b3b0b23a41897ed42/external/+_repo_rules5+codeql_coding_standards_compiled/pack/rules/RULE-18-4-1/ExceptionUnfriendlyFunctionMustBeNoexcept.ql.
[104/218] No need to rerun /media/jefferson/11c42dee-73a3-4c2b-ab42-a0440011d9e0/.s-core-build/runs/score-communication-bug-recovery-fw8j963z/bazel-output/0ee02474a779b83b3b0b23a41897ed42/external/+_repo_rules5+codeql_coding_standards_compiled/pack/rules/RULE-15-1-5/InitializerListConstructorIsTheOnlyConstructor.ql.
[105/218] No need to rerun /media/jefferson/11c42dee-73a3-4c2b-ab42-a0440011d9e0/.s-core-build/runs/score-communication-bug-recovery-fw8j963z/bazel-output/0ee02474a779b83b3b0b23a41897ed42/external/+_repo_rules5+codeql_coding_standards_compiled/pack/rules/RULE-9-4-2/AppropriateStructureOfSwitchStatement.ql.
[106/218] No need to rerun /media/jefferson/11c42dee-73a3-4c2b-ab42-a0440011d9e0/.s-core-build/runs/score-communication-bug-recovery-fw8j963z/bazel-output/0ee02474a779b83b3b0b23a41897ed42/external/+_repo_rules5+codeql_coding_standards_compiled/pack/rules/RULE-7-11-3/FunctionPointerConversionContext.ql.
[107/218] No need to rerun /media/jefferson/11c42dee-73a3-4c2b-ab42-a0440011d9e0/.s-core-build/runs/score-communication-bug-recovery-fw8j963z/bazel-output/0ee02474a779b83b3b0b23a41897ed42/external/+_repo_rules5+codeql_coding_standards_compiled/pack/rules/RULE-6-0-4/NonGlobalFunctionMain.ql.
[108/218] No need to rerun /media/jefferson/11c42dee-73a3-4c2b-ab42-a0440011d9e0/.s-core-build/runs/score-communication-bug-recovery-fw8j963z/bazel-output/0ee02474a779b83b3b0b23a41897ed42/external/+_repo_rules5+codeql_coding_standards_compiled/pack/rules/RULE-5-0-1/TrigraphLikeSequencesShouldNotBeUsed.ql.
[109/218] No need to rerun /media/jefferson/11c42dee-73a3-4c2b-ab42-a0440011d9e0/.s-core-build/runs/score-communication-bug-recovery-fw8j963z/bazel-output/0ee02474a779b83b3b0b23a41897ed42/external/+_repo_rules5+codeql_coding_standards_compiled/pack/rules/RULE-5-7-1/CharacterSequenceUsedWithinACStyleComment.ql.
[110/218] No need to rerun /media/jefferson/11c42dee-73a3-4c2b-ab42-a0440011d9e0/.s-core-build/runs/score-communication-bug-recovery-fw8j963z/bazel-output/0ee02474a779b83b3b0b23a41897ed42/external/+_repo_rules5+codeql_coding_standards_compiled/pack/rules/RULE-8-18-1/ObjectAssignedToAnOverlappingObjectMisraCpp.ql.
[111/218] No need to rerun /media/jefferson/11c42dee-73a3-4c2b-ab42-a0440011d9e0/.s-core-build/runs/score-communication-bug-recovery-fw8j963z/bazel-output/0ee02474a779b83b3b0b23a41897ed42/external/+_repo_rules5+codeql_coding_standards_compiled/pack/rules/RULE-8-18-1/ObjectCopiedToAnOverlappingObjectMisraCpp.ql.
[112/218] No need to rerun /media/jefferson/11c42dee-73a3-4c2b-ab42-a0440011d9e0/.s-core-build/runs/score-communication-bug-recovery-fw8j963z/bazel-output/0ee02474a779b83b3b0b23a41897ed42/external/+_repo_rules5+codeql_coding_standards_compiled/pack/rules/RULE-28-6-1/StdMoveWithNonConstLvalue.ql.
[113/218] No need to rerun /media/jefferson/11c42dee-73a3-4c2b-ab42-a0440011d9e0/.s-core-build/runs/score-communication-bug-recovery-fw8j963z/bazel-output/0ee02474a779b83b3b0b23a41897ed42/external/+_repo_rules5+codeql_coding_standards_compiled/pack/rules/RULE-10-1-1/PointerOrRefParamNotConst.ql.
[114/218] No need to rerun /media/jefferson/11c42dee-73a3-4c2b-ab42-a0440011d9e0/.s-core-build/runs/score-communication-bug-recovery-fw8j963z/bazel-output/0ee02474a779b83b3b0b23a41897ed42/external/+_repo_rules5+codeql_coding_standards_compiled/pack/rules/RULE-8-20-1/UnsignedOperationWithConstantOperandsWraps.ql.
[115/218] No need to rerun /media/jefferson/11c42dee-73a3-4c2b-ab42-a0440011d9e0/.s-core-build/runs/score-communication-bug-recovery-fw8j963z/bazel-output/0ee02474a779b83b3b0b23a41897ed42/external/+_repo_rules5+codeql_coding_standards_compiled/pack/rules/RULE-18-1-1/ExceptionObjectHavePointerType.ql.
[116/218] No need to rerun /media/jefferson/11c42dee-73a3-4c2b-ab42-a0440011d9e0/.s-core-build/runs/score-communication-bug-recovery-fw8j963z/bazel-output/0ee02474a779b83b3b0b23a41897ed42/external/+_repo_rules5+codeql_coding_standards_compiled/pack/rules/RULE-25-5-1/LocaleGlobalFunctionNotAllowed.ql.
[117/218] No need to rerun /media/jefferson/11c42dee-73a3-4c2b-ab42-a0440011d9e0/.s-core-build/runs/score-communication-bug-recovery-fw8j963z/bazel-output/0ee02474a779b83b3b0b23a41897ed42/external/+_repo_rules5+codeql_coding_standards_compiled/pack/rules/RULE-19-0-2/FunctionLikeMacrosDefined.ql.
[118/218] No need to rerun /media/jefferson/11c42dee-73a3-4c2b-ab42-a0440011d9e0/.s-core-build/runs/score-communication-bug-recovery-fw8j963z/bazel-output/0ee02474a779b83b3b0b23a41897ed42/external/+_repo_rules5+codeql_coding_standards_compiled/pack/rules/RULE-11-3-2/DeclarationOfAnObjectIndirectionsLevel.ql.
[119/218] No need to rerun /media/jefferson/11c42dee-73a3-4c2b-ab42-a0440011d9e0/.s-core-build/runs/score-communication-bug-recovery-fw8j963z/bazel-output/0ee02474a779b83b3b0b23a41897ed42/external/+_repo_rules5+codeql_coding_standards_compiled/pack/rules/RULE-5-10-1/PoorlyFormedIdentifier.ql.
[120/218] No need to rerun /media/jefferson/11c42dee-73a3-4c2b-ab42-a0440011d9e0/.s-core-build/runs/score-communication-bug-recovery-fw8j963z/bazel-output/0ee02474a779b83b3b0b23a41897ed42/external/+_repo_rules5+codeql_coding_standards_compiled/pack/rules/RULE-7-11-1/NullptrNotTheOnlyFormOfTheNullPointerConstant.ql.
[121/218] No need to rerun /media/jefferson/11c42dee-73a3-4c2b-ab42-a0440011d9e0/.s-core-build/runs/score-communication-bug-recovery-fw8j963z/bazel-output/0ee02474a779b83b3b0b23a41897ed42/external/+_repo_rules5+codeql_coding_standards_compiled/pack/rules/RULE-19-2-3/CharsThatShouldNotOccurInHeaderFileName.ql.
[122/218] No need to rerun /media/jefferson/11c42dee-73a3-4c2b-ab42-a0440011d9e0/.s-core-build/runs/score-communication-bug-recovery-fw8j963z/bazel-output/0ee02474a779b83b3b0b23a41897ed42/external/+_repo_rules5+codeql_coding_standards_compiled/pack/rules/RULE-22-4-1/InvalidAssignmentToErrno.ql.
[123/218] No need to rerun /media/jefferson/11c42dee-73a3-4c2b-ab42-a0440011d9e0/.s-core-build/runs/score-communication-bug-recovery-fw8j963z/bazel-output/0ee02474a779b83b3b0b23a41897ed42/external/+_repo_rules5+codeql_coding_standards_compiled/pack/rules/RULE-19-0-3/IncludeDirectivesPrecededByPreprocessorDirectives.ql.
[124/218] No need to rerun /media/jefferson/11c42dee-73a3-4c2b-ab42-a0440011d9e0/.s-core-build/runs/score-communication-bug-recovery-fw8j963z/bazel-output/0ee02474a779b83b3b0b23a41897ed42/external/+_repo_rules5+codeql_coding_standards_compiled/pack/rules/RULE-8-9-1/PointerComparedBetweenDifferentArrays.ql.
[125/218] No need to rerun /media/jefferson/11c42dee-73a3-4c2b-ab42-a0440011d9e0/.s-core-build/runs/score-communication-bug-recovery-fw8j963z/bazel-output/0ee02474a779b83b3b0b23a41897ed42/external/+_repo_rules5+codeql_coding_standards_compiled/pack/rules/RULE-22-3-1/AssertMacroUsedWithAConstantExpression.ql.
[126/218] No need to rerun /media/jefferson/11c42dee-73a3-4c2b-ab42-a0440011d9e0/.s-core-build/runs/score-communication-bug-recovery-fw8j963z/bazel-output/0ee02474a779b83b3b0b23a41897ed42/external/+_repo_rules5+codeql_coding_standards_compiled/pack/rules/RULE-5-13-3/OctalConstantsUsed.ql.
[127/218] No need to rerun /media/jefferson/11c42dee-73a3-4c2b-ab42-a0440011d9e0/.s-core-build/runs/score-communication-bug-recovery-fw8j963z/bazel-output/0ee02474a779b83b3b0b23a41897ed42/external/+_repo_rules5+codeql_coding_standards_compiled/pack/rules/RULE-15-1-1/ObjectsDynamicTypeUsedFromConstructorOrDestructor.ql.
[128/218] No need to rerun /media/jefferson/11c42dee-73a3-4c2b-ab42-a0440011d9e0/.s-core-build/runs/score-communication-bug-recovery-fw8j963z/bazel-output/0ee02474a779b83b3b0b23a41897ed42/external/+_repo_rules5+codeql_coding_standards_compiled/pack/rules/RULE-10-3-1/UnnamedNamespacesInHeaderFiles.ql.
[129/218] No need to rerun /media/jefferson/11c42dee-73a3-4c2b-ab42-a0440011d9e0/.s-core-build/runs/score-communication-bug-recovery-fw8j963z/bazel-output/0ee02474a779b83b3b0b23a41897ed42/external/+_repo_rules5+codeql_coding_standards_compiled/pack/rules/RULE-5-13-1/BackslashCharacterMisuse.ql.
[130/218] No need to rerun /media/jefferson/11c42dee-73a3-4c2b-ab42-a0440011d9e0/.s-core-build/runs/score-communication-bug-recovery-fw8j963z/bazel-output/0ee02474a779b83b3b0b23a41897ed42/external/+_repo_rules5+codeql_coding_standards_compiled/pack/rules/RULE-8-2-9/PolymorphicClassTypeExpressionInTypeid.ql.
[131/218] No need to rerun /media/jefferson/11c42dee-73a3-4c2b-ab42-a0440011d9e0/.s-core-build/runs/score-communication-bug-recovery-fw8j963z/bazel-output/0ee02474a779b83b3b0b23a41897ed42/external/+_repo_rules5+codeql_coding_standards_compiled/pack/rules/RULE-9-6-4/FunctionDeclaredWithTheNoreturnAttributeReturn.ql.
[132/218] No need to rerun /media/jefferson/11c42dee-73a3-4c2b-ab42-a0440011d9e0/.s-core-build/runs/score-communication-bug-recovery-fw8j963z/bazel-output/0ee02474a779b83b3b0b23a41897ed42/external/+_repo_rules5+codeql_coding_standards_compiled/pack/rules/RULE-4-1-1/CompilerLanguageExtensionsUsed.ql.
[133/218] No need to rerun /media/jefferson/11c42dee-73a3-4c2b-ab42-a0440011d9e0/.s-core-build/runs/score-communication-bug-recovery-fw8j963z/bazel-output/0ee02474a779b83b3b0b23a41897ed42/external/+_repo_rules5+codeql_coding_standards_compiled/pack/rules/RULE-15-0-1/ImproperlyProvidedSpecialMemberFunctions.ql.
[134/218] No need to rerun /media/jefferson/11c42dee-73a3-4c2b-ab42-a0440011d9e0/.s-core-build/runs/score-communication-bug-recovery-fw8j963z/bazel-output/0ee02474a779b83b3b0b23a41897ed42/external/+_repo_rules5+codeql_coding_standards_compiled/pack/rules/RULE-6-2-3/DuplicateTypeDefinitions.ql.
[135/218] No need to rerun /media/jefferson/11c42dee-73a3-4c2b-ab42-a0440011d9e0/.s-core-build/runs/score-communication-bug-recovery-fw8j963z/bazel-output/0ee02474a779b83b3b0b23a41897ed42/external/+_repo_rules5+codeql_coding_standards_compiled/pack/rules/RULE-6-2-3/DuplicateInlineFunctionDefinitions.ql.
[136/218] No need to rerun /media/jefferson/11c42dee-73a3-4c2b-ab42-a0440011d9e0/.s-core-build/runs/score-communication-bug-recovery-fw8j963z/bazel-output/0ee02474a779b83b3b0b23a41897ed42/external/+_repo_rules5+codeql_coding_standards_compiled/pack/rules/RULE-6-2-3/TemplateSpecializationWrongLocation.ql.
[137/218] No need to rerun /media/jefferson/11c42dee-73a3-4c2b-ab42-a0440011d9e0/.s-core-build/runs/score-communication-bug-recovery-fw8j963z/bazel-output/0ee02474a779b83b3b0b23a41897ed42/external/+_repo_rules5+codeql_coding_standards_compiled/pack/rules/RULE-8-1-1/NonTransientLambdaImplicitlyCapturesThis.ql.
[138/218] No need to rerun /media/jefferson/11c42dee-73a3-4c2b-ab42-a0440011d9e0/.s-core-build/runs/score-communication-bug-recovery-fw8j963z/bazel-output/0ee02474a779b83b3b0b23a41897ed42/external/+_repo_rules5+codeql_coding_standards_compiled/pack/rules/RULE-21-6-1/DynamicMemoryShouldNotBeUsed.ql.
[139/218] No need to rerun /media/jefferson/11c42dee-73a3-4c2b-ab42-a0440011d9e0/.s-core-build/runs/score-communication-bug-recovery-fw8j963z/bazel-output/0ee02474a779b83b3b0b23a41897ed42/external/+_repo_rules5+codeql_coding_standards_compiled/pack/rules/RULE-8-7-1/PointerArgumentToCstringFunctionIsInvalid.ql.
[140/218] Loaded /media/jefferson/11c42dee-73a3-4c2b-ab42-a0440011d9e0/.s-core-build/runs/score-communication-bug-recovery-fw8j963z/bazel-output/0ee02474a779b83b3b0b23a41897ed42/external/+_repo_rules5+codeql_coding_standards_compiled/pack/rules/RULE-8-7-1/PointerArithmeticFormsAnInvalidPointer.qlx.
[141/218] No need to rerun /media/jefferson/11c42dee-73a3-4c2b-ab42-a0440011d9e0/.s-core-build/runs/score-communication-bug-recovery-fw8j963z/bazel-output/0ee02474a779b83b3b0b23a41897ed42/external/+_repo_rules5+codeql_coding_standards_compiled/pack/rules/RULE-8-3-1/BuiltInUnaryOperatorAppliedToUnsignedExpression.ql.
[142/218] No need to rerun /media/jefferson/11c42dee-73a3-4c2b-ab42-a0440011d9e0/.s-core-build/runs/score-communication-bug-recovery-fw8j963z/bazel-output/0ee02474a779b83b3b0b23a41897ed42/external/+_repo_rules5+codeql_coding_standards_compiled/pack/rules/RULE-21-2-2/UnsafeStringHandlingFunctions.ql.
[143/218] No need to rerun /media/jefferson/11c42dee-73a3-4c2b-ab42-a0440011d9e0/.s-core-build/runs/score-communication-bug-recovery-fw8j963z/bazel-output/0ee02474a779b83b3b0b23a41897ed42/external/+_repo_rules5+codeql_coding_standards_compiled/pack/rules/RULE-8-19-1/CommaOperatorShouldNotBeUsed.ql.
[144/218] No need to rerun /media/jefferson/11c42dee-73a3-4c2b-ab42-a0440011d9e0/.s-core-build/runs/score-communication-bug-recovery-fw8j963z/bazel-output/0ee02474a779b83b3b0b23a41897ed42/external/+_repo_rules5+codeql_coding_standards_compiled/pack/rules/RULE-8-7-2/PointerDifferenceTakenBetweenDifferentArrays.ql.
[145/218] No need to rerun /media/jefferson/11c42dee-73a3-4c2b-ab42-a0440011d9e0/.s-core-build/runs/score-communication-bug-recovery-fw8j963z/bazel-output/0ee02474a779b83b3b0b23a41897ed42/external/+_repo_rules5+codeql_coding_standards_compiled/pack/rules/RULE-19-3-2/MacroParameterFollowingHash.ql.
[146/218] No need to rerun /media/jefferson/11c42dee-73a3-4c2b-ab42-a0440011d9e0/.s-core-build/runs/score-communication-bug-recovery-fw8j963z/bazel-output/0ee02474a779b83b3b0b23a41897ed42/external/+_repo_rules5+codeql_coding_standards_compiled/pack/rules/RULE-11-6-3/NonUniqueEnumerationConstant.ql.
[147/218] No need to rerun /media/jefferson/11c42dee-73a3-4c2b-ab42-a0440011d9e0/.s-core-build/runs/score-communication-bug-recovery-fw8j963z/bazel-output/0ee02474a779b83b3b0b23a41897ed42/external/+_repo_rules5+codeql_coding_standards_compiled/pack/rules/RULE-18-3-3/HandlersReferToNonStaticMembersFromTheirClass.ql.
[148/218] No need to rerun /media/jefferson/11c42dee-73a3-4c2b-ab42-a0440011d9e0/.s-core-build/runs/score-communication-bug-recovery-fw8j963z/bazel-output/0ee02474a779b83b3b0b23a41897ed42/external/+_repo_rules5+codeql_coding_standards_compiled/pack/rules/RULE-25-5-2/PointersReturnedByLocaleFunctionsMustBeUsedAsConst.ql.
[149/218] No need to rerun /media/jefferson/11c42dee-73a3-4c2b-ab42-a0440011d9e0/.s-core-build/runs/score-communication-bug-recovery-fw8j963z/bazel-output/0ee02474a779b83b3b0b23a41897ed42/external/+_repo_rules5+codeql_coding_standards_compiled/pack/rules/RULE-9-6-1/GotoStatementShouldNotBeUsed.ql.
[150/218] No need to rerun /media/jefferson/11c42dee-73a3-4c2b-ab42-a0440011d9e0/.s-core-build/runs/score-communication-bug-recovery-fw8j963z/bazel-output/0ee02474a779b83b3b0b23a41897ed42/external/+_repo_rules5+codeql_coding_standards_compiled/pack/rules/RULE-19-2-1/NoValidIfdefGuardInHeader.ql.
[151/218] No need to rerun /media/jefferson/11c42dee-73a3-4c2b-ab42-a0440011d9e0/.s-core-build/runs/score-communication-bug-recovery-fw8j963z/bazel-output/0ee02474a779b83b3b0b23a41897ed42/external/+_repo_rules5+codeql_coding_standards_compiled/pack/rules/RULE-19-2-1/IncludeOutsideGuard.ql.
[152/218] No need to rerun /media/jefferson/11c42dee-73a3-4c2b-ab42-a0440011d9e0/.s-core-build/runs/score-communication-bug-recovery-fw8j963z/bazel-output/0ee02474a779b83b3b0b23a41897ed42/external/+_repo_rules5+codeql_coding_standards_compiled/pack/rules/RULE-13-3-4/PotentiallyVirtualPointerOnlyComparesToNullptr.ql.
[153/218] No need to rerun /media/jefferson/11c42dee-73a3-4c2b-ab42-a0440011d9e0/.s-core-build/runs/score-communication-bug-recovery-fw8j963z/bazel-output/0ee02474a779b83b3b0b23a41897ed42/external/+_repo_rules5+codeql_coding_standards_compiled/pack/rules/RULE-28-6-2/ForwardingReferencesAndForwardNotUsedTogether.ql.
[154/218] No need to rerun /media/jefferson/11c42dee-73a3-4c2b-ab42-a0440011d9e0/.s-core-build/runs/score-communication-bug-recovery-fw8j963z/bazel-output/0ee02474a779b83b3b0b23a41897ed42/external/+_repo_rules5+codeql_coding_standards_compiled/pack/rules/RULE-23-11-1/UseSmartPtrFactoryFunctions.ql.
[155/218] No need to rerun /media/jefferson/11c42dee-73a3-4c2b-ab42-a0440011d9e0/.s-core-build/runs/score-communication-bug-recovery-fw8j963z/bazel-output/0ee02474a779b83b3b0b23a41897ed42/external/+_repo_rules5+codeql_coding_standards_compiled/pack/rules/RULE-5-13-4/UnsignedIntegerLiteralsNotAppropriatelySuffixed.ql.
[156/218] No need to rerun /media/jefferson/11c42dee-73a3-4c2b-ab42-a0440011d9e0/.s-core-build/runs/score-communication-bug-recovery-fw8j963z/bazel-output/0ee02474a779b83b3b0b23a41897ed42/external/+_repo_rules5+codeql_coding_standards_compiled/pack/rules/RULE-19-3-3/AMixedUseMacroArgumentSubjectToExpansion.ql.
[157/218] No need to rerun /media/jefferson/11c42dee-73a3-4c2b-ab42-a0440011d9e0/.s-core-build/runs/score-communication-bug-recovery-fw8j963z/bazel-output/0ee02474a779b83b3b0b23a41897ed42/external/+_repo_rules5+codeql_coding_standards_compiled/pack/rules/RULE-8-3-2/BuiltInUnaryPlusOperatorShouldNotBeUsed.ql.
[158/218] No need to rerun /media/jefferson/11c42dee-73a3-4c2b-ab42-a0440011d9e0/.s-core-build/runs/score-communication-bug-recovery-fw8j963z/bazel-output/0ee02474a779b83b3b0b23a41897ed42/external/+_repo_rules5+codeql_coding_standards_compiled/pack/rules/RULE-9-3-1/SwitchBodyCompoundCondition.ql.
[159/218] No need to rerun /media/jefferson/11c42dee-73a3-4c2b-ab42-a0440011d9e0/.s-core-build/runs/score-communication-bug-recovery-fw8j963z/bazel-output/0ee02474a779b83b3b0b23a41897ed42/external/+_repo_rules5+codeql_coding_standards_compiled/pack/rules/RULE-9-3-1/LoopBodyCompoundCondition.ql.
[160/218] No need to rerun /media/jefferson/11c42dee-73a3-4c2b-ab42-a0440011d9e0/.s-core-build/runs/score-communication-bug-recovery-fw8j963z/bazel-output/0ee02474a779b83b3b0b23a41897ed42/external/+_repo_rules5+codeql_coding_standards_compiled/pack/rules/RULE-17-8-1/FunctionTemplatesExplicitlySpecialized.ql.
[161/218] No need to rerun /media/jefferson/11c42dee-73a3-4c2b-ab42-a0440011d9e0/.s-core-build/runs/score-communication-bug-recovery-fw8j963z/bazel-output/0ee02474a779b83b3b0b23a41897ed42/external/+_repo_rules5+codeql_coding_standards_compiled/pack/rules/RULE-6-0-2/ExternalLinkageArrayWithoutExplicitSizeMisra.ql.
[162/218] No need to rerun /media/jefferson/11c42dee-73a3-4c2b-ab42-a0440011d9e0/.s-core-build/runs/score-communication-bug-recovery-fw8j963z/bazel-output/0ee02474a779b83b3b0b23a41897ed42/external/+_repo_rules5+codeql_coding_standards_compiled/pack/rules/RULE-18-3-2/ClassExceptionCaughtByValue.ql.
[163/218] No need to rerun /media/jefferson/11c42dee-73a3-4c2b-ab42-a0440011d9e0/.s-core-build/runs/score-communication-bug-recovery-fw8j963z/bazel-output/0ee02474a779b83b3b0b23a41897ed42/external/+_repo_rules5+codeql_coding_standards_compiled/pack/rules/RULE-28-6-3/ObjectUsedWhileInPotentiallyMovedFromState.ql.
[164/218] No need to rerun /media/jefferson/11c42dee-73a3-4c2b-ab42-a0440011d9e0/.s-core-build/runs/score-communication-bug-recovery-fw8j963z/bazel-output/0ee02474a779b83b3b0b23a41897ed42/external/+_repo_rules5+codeql_coding_standards_compiled/pack/rules/RULE-21-2-1/AtofAtoiAtolAndAtollUsed.ql.
[165/218] No need to rerun /media/jefferson/11c42dee-73a3-4c2b-ab42-a0440011d9e0/.s-core-build/runs/score-communication-bug-recovery-fw8j963z/bazel-output/0ee02474a779b83b3b0b23a41897ed42/external/+_repo_rules5+codeql_coding_standards_compiled/pack/rules/RULE-12-3-1/UnionKeywordUsed.ql.
[166/218] No need to rerun /media/jefferson/11c42dee-73a3-4c2b-ab42-a0440011d9e0/.s-core-build/runs/score-communication-bug-recovery-fw8j963z/bazel-output/0ee02474a779b83b3b0b23a41897ed42/external/+_repo_rules5+codeql_coding_standards_compiled/pack/rules/RULE-6-4-1/VariableDeclaredInInnerScopeHidesOuterScope.ql.
[167/218] No need to rerun /media/jefferson/11c42dee-73a3-4c2b-ab42-a0440011d9e0/.s-core-build/runs/score-communication-bug-recovery-fw8j963z/bazel-output/0ee02474a779b83b3b0b23a41897ed42/external/+_repo_rules5+codeql_coding_standards_compiled/pack/rules/RULE-6-2-4/ViolationsOfOneDefinitionRuleMisra.ql.
[168/218] No need to rerun /media/jefferson/11c42dee-73a3-4c2b-ab42-a0440011d9e0/.s-core-build/runs/score-communication-bug-recovery-fw8j963z/bazel-output/0ee02474a779b83b3b0b23a41897ed42/external/+_repo_rules5+codeql_coding_standards_compiled/pack/rules/RULE-9-2-1/NoStandaloneTypeCastExpression.ql.
[169/218] No need to rerun /media/jefferson/11c42dee-73a3-4c2b-ab42-a0440011d9e0/.s-core-build/runs/score-communication-bug-recovery-fw8j963z/bazel-output/0ee02474a779b83b3b0b23a41897ed42/external/+_repo_rules5+codeql_coding_standards_compiled/pack/rules/RULE-21-2-3/BannedSystemFunction.ql.
[170/218] No need to rerun /media/jefferson/11c42dee-73a3-4c2b-ab42-a0440011d9e0/.s-core-build/runs/score-communication-bug-recovery-fw8j963z/bazel-output/0ee02474a779b83b3b0b23a41897ed42/external/+_repo_rules5+codeql_coding_standards_compiled/pack/rules/RULE-6-0-3/GlobalNamespaceDeclarations.ql.
[171/218] No need to rerun /media/jefferson/11c42dee-73a3-4c2b-ab42-a0440011d9e0/.s-core-build/runs/score-communication-bug-recovery-fw8j963z/bazel-output/0ee02474a779b83b3b0b23a41897ed42/external/+_repo_rules5+codeql_coding_standards_compiled/pack/rules/RULE-4-1-2/UseOfDeprecatedSharedPtrUnique.ql.
[172/218] No need to rerun /media/jefferson/11c42dee-73a3-4c2b-ab42-a0440011d9e0/.s-core-build/runs/score-communication-bug-recovery-fw8j963z/bazel-output/0ee02474a779b83b3b0b23a41897ed42/external/+_repo_rules5+codeql_coding_standards_compiled/pack/rules/RULE-4-1-2/UseOfDeprecatedCHeaders.ql.
[173/218] No need to rerun /media/jefferson/11c42dee-73a3-4c2b-ab42-a0440011d9e0/.s-core-build/runs/score-communication-bug-recovery-fw8j963z/bazel-output/0ee02474a779b83b3b0b23a41897ed42/external/+_repo_rules5+codeql_coding_standards_compiled/pack/rules/RULE-4-1-2/UseOfDeprecatedIsLiteralTypeTraits.ql.
[174/218] No need to rerun /media/jefferson/11c42dee-73a3-4c2b-ab42-a0440011d9e0/.s-core-build/runs/score-communication-bug-recovery-fw8j963z/bazel-output/0ee02474a779b83b3b0b23a41897ed42/external/+_repo_rules5+codeql_coding_standards_compiled/pack/rules/RULE-4-1-2/NoexceptSpecifierThrow.ql.
[175/218] No need to rerun /media/jefferson/11c42dee-73a3-4c2b-ab42-a0440011d9e0/.s-core-build/runs/score-communication-bug-recovery-fw8j963z/bazel-output/0ee02474a779b83b3b0b23a41897ed42/external/+_repo_rules5+codeql_coding_standards_compiled/pack/rules/RULE-4-1-2/UseOfUncaughtException.ql.
[176/218] No need to rerun /media/jefferson/11c42dee-73a3-4c2b-ab42-a0440011d9e0/.s-core-build/runs/score-communication-bug-recovery-fw8j963z/bazel-output/0ee02474a779b83b3b0b23a41897ed42/external/+_repo_rules5+codeql_coding_standards_compiled/pack/rules/RULE-4-1-2/UseOfDeprecatedTemporaryBuffers.ql.
[177/218] No need to rerun /media/jefferson/11c42dee-73a3-4c2b-ab42-a0440011d9e0/.s-core-build/runs/score-communication-bug-recovery-fw8j963z/bazel-output/0ee02474a779b83b3b0b23a41897ed42/external/+_repo_rules5+codeql_coding_standards_compiled/pack/rules/RULE-4-1-2/UseOfDeprecatedStrStreamClass.ql.
[178/218] No need to rerun /media/jefferson/11c42dee-73a3-4c2b-ab42-a0440011d9e0/.s-core-build/runs/score-communication-bug-recovery-fw8j963z/bazel-output/0ee02474a779b83b3b0b23a41897ed42/external/+_repo_rules5+codeql_coding_standards_compiled/pack/rules/RULE-4-1-2/ImplicitDeclarationOfCopyConstructor.ql.
[179/218] No need to rerun /media/jefferson/11c42dee-73a3-4c2b-ab42-a0440011d9e0/.s-core-build/runs/score-communication-bug-recovery-fw8j963z/bazel-output/0ee02474a779b83b3b0b23a41897ed42/external/+_repo_rules5+codeql_coding_standards_compiled/pack/rules/RULE-4-1-2/UseOfDeprecatedStdAllocatorMember.ql.
[180/218] No need to rerun /media/jefferson/11c42dee-73a3-4c2b-ab42-a0440011d9e0/.s-core-build/runs/score-communication-bug-recovery-fw8j963z/bazel-output/0ee02474a779b83b3b0b23a41897ed42/external/+_repo_rules5+codeql_coding_standards_compiled/pack/rules/RULE-4-1-2/UseOfDeprecatedUnaryOrBinaryNegate.ql.
[181/218] No need to rerun /media/jefferson/11c42dee-73a3-4c2b-ab42-a0440011d9e0/.s-core-build/runs/score-communication-bug-recovery-fw8j963z/bazel-output/0ee02474a779b83b3b0b23a41897ed42/external/+_repo_rules5+codeql_coding_standards_compiled/pack/rules/RULE-4-1-2/RedeclarationOfStaticConstexprDataMember.ql.
[182/218] No need to rerun /media/jefferson/11c42dee-73a3-4c2b-ab42-a0440011d9e0/.s-core-build/runs/score-communication-bug-recovery-fw8j963z/bazel-output/0ee02474a779b83b3b0b23a41897ed42/external/+_repo_rules5+codeql_coding_standards_compiled/pack/rules/RULE-4-1-2/UseOfDeprecatedRawStorageIterator.ql.
[183/218] No need to rerun /media/jefferson/11c42dee-73a3-4c2b-ab42-a0440011d9e0/.s-core-build/runs/score-communication-bug-recovery-fw8j963z/bazel-output/0ee02474a779b83b3b0b23a41897ed42/external/+_repo_rules5+codeql_coding_standards_compiled/pack/rules/RULE-4-1-2/UseOfDeprecatedFunctionBinderTypedefMember.ql.
[184/218] No need to rerun /media/jefferson/11c42dee-73a3-4c2b-ab42-a0440011d9e0/.s-core-build/runs/score-communication-bug-recovery-fw8j963z/bazel-output/0ee02474a779b83b3b0b23a41897ed42/external/+_repo_rules5+codeql_coding_standards_compiled/pack/rules/RULE-4-1-2/UseOfDeprecatedStdIteratorBaseClass.ql.
[185/218] No need to rerun /media/jefferson/11c42dee-73a3-4c2b-ab42-a0440011d9e0/.s-core-build/runs/score-communication-bug-recovery-fw8j963z/bazel-output/0ee02474a779b83b3b0b23a41897ed42/external/+_repo_rules5+codeql_coding_standards_compiled/pack/rules/RULE-4-1-2/UseOfDeprecatedAllocatorVoid.ql.
[186/218] No need to rerun /media/jefferson/11c42dee-73a3-4c2b-ab42-a0440011d9e0/.s-core-build/runs/score-communication-bug-recovery-fw8j963z/bazel-output/0ee02474a779b83b3b0b23a41897ed42/external/+_repo_rules5+codeql_coding_standards_compiled/pack/rules/RULE-6-7-1/LocalVariableStaticStorageDuration.ql.
[187/218] No need to rerun /media/jefferson/11c42dee-73a3-4c2b-ab42-a0440011d9e0/.s-core-build/runs/score-communication-bug-recovery-fw8j963z/bazel-output/0ee02474a779b83b3b0b23a41897ed42/external/+_repo_rules5+codeql_coding_standards_compiled/pack/rules/RULE-8-2-7/NoPointerToIntegralCast.ql.
[188/218] No need to rerun /media/jefferson/11c42dee-73a3-4c2b-ab42-a0440011d9e0/.s-core-build/runs/score-communication-bug-recovery-fw8j963z/bazel-output/0ee02474a779b83b3b0b23a41897ed42/external/+_repo_rules5+codeql_coding_standards_compiled/pack/rules/DIR-15-8-1/CopyAndMoveAssignmentsShallHandleSelfAssignment.ql.
[189/218] No need to rerun /media/jefferson/11c42dee-73a3-4c2b-ab42-a0440011d9e0/.s-core-build/runs/score-communication-bug-recovery-fw8j963z/bazel-output/0ee02474a779b83b3b0b23a41897ed42/external/+_repo_rules5+codeql_coding_standards_compiled/pack/rules/RULE-10-4-1/AsmDeclarationShallNotBeUsed.ql.
[190/218] No need to rerun /media/jefferson/11c42dee-73a3-4c2b-ab42-a0440011d9e0/.s-core-build/runs/score-communication-bug-recovery-fw8j963z/bazel-output/0ee02474a779b83b3b0b23a41897ed42/external/+_repo_rules5+codeql_coding_standards_compiled/pack/rules/RULE-8-1-2/ImplicitCapturesDisallowedInNonTransientLambda.ql.
[191/218] No need to rerun /media/jefferson/11c42dee-73a3-4c2b-ab42-a0440011d9e0/.s-core-build/runs/score-communication-bug-recovery-fw8j963z/bazel-output/0ee02474a779b83b3b0b23a41897ed42/external/+_repo_rules5+codeql_coding_standards_compiled/pack/rules/RULE-13-1-1/VirtualInheritanceNotAllowed.ql.
[192/218] No need to rerun /media/jefferson/11c42dee-73a3-4c2b-ab42-a0440011d9e0/.s-core-build/runs/score-communication-bug-recovery-fw8j963z/bazel-output/0ee02474a779b83b3b0b23a41897ed42/external/+_repo_rules5+codeql_coding_standards_compiled/pack/rules/RULE-21-6-2/DynamicMemoryManagedManually.ql.
[193/218] No need to rerun /media/jefferson/11c42dee-73a3-4c2b-ab42-a0440011d9e0/.s-core-build/runs/score-communication-bug-recovery-fw8j963z/bazel-output/0ee02474a779b83b3b0b23a41897ed42/external/+_repo_rules5+codeql_coding_standards_compiled/pack/rules/RULE-19-1-3/IdentifiersUsedInTheControllingExpressionOf.ql.
[194/218] No need to rerun /media/jefferson/11c42dee-73a3-4c2b-ab42-a0440011d9e0/.s-core-build/runs/score-communication-bug-recovery-fw8j963z/bazel-output/0ee02474a779b83b3b0b23a41897ed42/external/+_repo_rules5+codeql_coding_standards_compiled/pack/rules/RULE-7-0-3/NoCharacterNumericalValue.ql.
[195/218] No need to rerun /media/jefferson/11c42dee-73a3-4c2b-ab42-a0440011d9e0/.s-core-build/runs/score-communication-bug-recovery-fw8j963z/bazel-output/0ee02474a779b83b3b0b23a41897ed42/external/+_repo_rules5+codeql_coding_standards_compiled/pack/rules/RULE-7-11-2/ArrayPassedAsFunctionArgumentDecayToAPointer.ql.
[196/218] No need to rerun /media/jefferson/11c42dee-73a3-4c2b-ab42-a0440011d9e0/.s-core-build/runs/score-communication-bug-recovery-fw8j963z/bazel-output/0ee02474a779b83b3b0b23a41897ed42/external/+_repo_rules5+codeql_coding_standards_compiled/pack/rules/RULE-18-1-2/EmptyThrowOnlyWithinACatchHandler.ql.
[197/218] No need to rerun /media/jefferson/11c42dee-73a3-4c2b-ab42-a0440011d9e0/.s-core-build/runs/score-communication-bug-recovery-fw8j963z/bazel-output/0ee02474a779b83b3b0b23a41897ed42/external/+_repo_rules5+codeql_coding_standards_compiled/pack/rules/RULE-28-6-4/PotentiallyErroneousContainerUsage.ql.
[198/218] No need to rerun /media/jefferson/11c42dee-73a3-4c2b-ab42-a0440011d9e0/.s-core-build/runs/score-communication-bug-recovery-fw8j963z/bazel-output/0ee02474a779b83b3b0b23a41897ed42/external/+_repo_rules5+codeql_coding_standards_compiled/pack/rules/RULE-21-6-4/GlobalSizedOperatorDeleteShallBeDefined.ql.
[199/218] No need to rerun /media/jefferson/11c42dee-73a3-4c2b-ab42-a0440011d9e0/.s-core-build/runs/score-communication-bug-recovery-fw8j963z/bazel-output/0ee02474a779b83b3b0b23a41897ed42/external/+_repo_rules5+codeql_coding_standards_compiled/pack/rules/RULE-21-6-4/GlobalUnsizedOperatorDeleteShallBeDefined.ql.
[200/218] No need to rerun /media/jefferson/11c42dee-73a3-4c2b-ab42-a0440011d9e0/.s-core-build/runs/score-communication-bug-recovery-fw8j963z/bazel-output/0ee02474a779b83b3b0b23a41897ed42/external/+_repo_rules5+codeql_coding_standards_compiled/pack/rules/RULE-0-2-4/UnusedLimitedVisibilityFunction.ql.
[201/218] No need to rerun /media/jefferson/11c42dee-73a3-4c2b-ab42-a0440011d9e0/.s-core-build/runs/score-communication-bug-recovery-fw8j963z/bazel-output/0ee02474a779b83b3b0b23a41897ed42/external/+_repo_rules5+codeql_coding_standards_compiled/pack/rules/RULE-18-5-2/AvoidProgramTerminatingFunctions.ql.
[202/218] No need to rerun /media/jefferson/11c42dee-73a3-4c2b-ab42-a0440011d9e0/.s-core-build/runs/score-communication-bug-recovery-fw8j963z/bazel-output/0ee02474a779b83b3b0b23a41897ed42/external/+_repo_rules5+codeql_coding_standards_compiled/pack/rules/RULE-7-0-2/NoImplicitBoolConversion.ql.
[203/218] No need to rerun /media/jefferson/11c42dee-73a3-4c2b-ab42-a0440011d9e0/.s-core-build/runs/score-communication-bug-recovery-fw8j963z/bazel-output/0ee02474a779b83b3b0b23a41897ed42/external/+_repo_rules5+codeql_coding_standards_compiled/pack/rules/RULE-13-3-1/MemberSpecifiersNotUsedAppropriately.ql.
[204/218] No need to rerun /media/jefferson/11c42dee-73a3-4c2b-ab42-a0440011d9e0/.s-core-build/runs/score-communication-bug-recovery-fw8j963z/bazel-output/0ee02474a779b83b3b0b23a41897ed42/external/+_repo_rules5+codeql_coding_standards_compiled/pack/rules/RULE-6-7-2/GlobalVariableUsed.ql.
[205/218] No need to rerun /media/jefferson/11c42dee-73a3-4c2b-ab42-a0440011d9e0/.s-core-build/runs/score-communication-bug-recovery-fw8j963z/bazel-output/0ee02474a779b83b3b0b23a41897ed42/external/+_repo_rules5+codeql_coding_standards_compiled/pack/rules/RULE-12-2-3/SignedIntegerNamedBitFieldHaveALengthOfOneBit.ql.
[206/218] No need to rerun /media/jefferson/11c42dee-73a3-4c2b-ab42-a0440011d9e0/.s-core-build/runs/score-communication-bug-recovery-fw8j963z/bazel-output/0ee02474a779b83b3b0b23a41897ed42/external/+_repo_rules5+codeql_coding_standards_compiled/pack/rules/RULE-15-1-4/NonStaticMemberNotInitBeforeUse.ql.
[207/218] No need to rerun /media/jefferson/11c42dee-73a3-4c2b-ab42-a0440011d9e0/.s-core-build/runs/score-communication-bug-recovery-fw8j963z/bazel-output/0ee02474a779b83b3b0b23a41897ed42/external/+_repo_rules5+codeql_coding_standards_compiled/pack/rules/RULE-18-5-1/NoexceptFunctionShouldNotPropagateToTheCaller.ql.
[208/218] No need to rerun /media/jefferson/11c42dee-73a3-4c2b-ab42-a0440011d9e0/.s-core-build/runs/score-communication-bug-recovery-fw8j963z/bazel-output/0ee02474a779b83b3b0b23a41897ed42/external/+_repo_rules5+codeql_coding_standards_compiled/pack/rules/RULE-25-5-3/CallToSetlocaleInvalidatesOldPointersWarnMisra.ql.
[209/218] No need to rerun /media/jefferson/11c42dee-73a3-4c2b-ab42-a0440011d9e0/.s-core-build/runs/score-communication-bug-recovery-fw8j963z/bazel-output/0ee02474a779b83b3b0b23a41897ed42/external/+_repo_rules5+codeql_coding_standards_compiled/pack/rules/RULE-25-5-3/CallToSetlocaleInvalidatesOldPointersMisra.ql.
[210/218] No need to rerun /media/jefferson/11c42dee-73a3-4c2b-ab42-a0440011d9e0/.s-core-build/runs/score-communication-bug-recovery-fw8j963z/bazel-output/0ee02474a779b83b3b0b23a41897ed42/external/+_repo_rules5+codeql_coding_standards_compiled/pack/rules/RULE-10-2-3/UnscopedEnumWithoutFixedUnderlyingTypeUsed.ql.
[211/218] No need to rerun /media/jefferson/11c42dee-73a3-4c2b-ab42-a0440011d9e0/.s-core-build/runs/score-communication-bug-recovery-fw8j963z/bazel-output/0ee02474a779b83b3b0b23a41897ed42/external/+_repo_rules5+codeql_coding_standards_compiled/pack/rules/RULE-19-2-2/InvalidIncludeDirective.ql.
[212/218] No need to rerun /media/jefferson/11c42dee-73a3-4c2b-ab42-a0440011d9e0/.s-core-build/runs/score-communication-bug-recovery-fw8j963z/bazel-output/0ee02474a779b83b3b0b23a41897ed42/external/+_repo_rules5+codeql_coding_standards_compiled/pack/rules/RULE-0-0-1/UnreachableStatement.ql.
[213/218] No need to rerun /media/jefferson/11c42dee-73a3-4c2b-ab42-a0440011d9e0/.s-core-build/runs/score-communication-bug-recovery-fw8j963z/bazel-output/0ee02474a779b83b3b0b23a41897ed42/external/+_repo_rules5+codeql_coding_standards_compiled/pack/rules/RULE-13-3-3/DeclarationsOfAFunctionSameParameterName.ql.
[214/218] No need to rerun /media/jefferson/11c42dee-73a3-4c2b-ab42-a0440011d9e0/.s-core-build/runs/score-communication-bug-recovery-fw8j963z/bazel-output/0ee02474a779b83b3b0b23a41897ed42/external/+_repo_rules5+codeql_coding_standards_compiled/pack/rules/RULE-18-3-1/MissingCatchAllExceptionHandlerInMain.ql.
[215/218] No need to rerun /media/jefferson/11c42dee-73a3-4c2b-ab42-a0440011d9e0/.s-core-build/runs/score-communication-bug-recovery-fw8j963z/bazel-output/0ee02474a779b83b3b0b23a41897ed42/external/+_repo_rules5+codeql_coding_standards_compiled/pack/rules/RULE-21-10-1/NoVariadicFunctionMacros.ql.
[216/218] No need to rerun /media/jefferson/11c42dee-73a3-4c2b-ab42-a0440011d9e0/.s-core-build/runs/score-communication-bug-recovery-fw8j963z/bazel-output/0ee02474a779b83b3b0b23a41897ed42/external/+_repo_rules5+codeql_coding_standards_compiled/pack/rules/RULE-5-13-2/NonTerminatedEscapeSequences.ql.
[217/218] No need to rerun /media/jefferson/11c42dee-73a3-4c2b-ab42-a0440011d9e0/.s-core-build/runs/score-communication-bug-recovery-fw8j963z/bazel-output/0ee02474a779b83b3b0b23a41897ed42/external/+_repo_rules5+codeql_coding_standards_compiled/pack/rules/RULE-8-18-2/ResultOfAnAssignmentOperatorShouldNotBeUsed.ql.
[218/218] No need to rerun /media/jefferson/11c42dee-73a3-4c2b-ab42-a0440011d9e0/.s-core-build/runs/score-communication-bug-recovery-fw8j963z/bazel-output/0ee02474a779b83b3b0b23a41897ed42/external/+_repo_rules5+codeql_coding_standards_compiled/pack/rules/RULE-6-2-1/OneDefinitionRuleViolated.ql.
Starting evaluation of codeql/misra-cpp-coding-standards/rules/RULE-8-7-1/PointerArithmeticFormsAnInvalidPointer.ql.
CodeQL encountered an uncaught exception in thread AsyncAppender-Worker-null
java.lang.NoClassDefFoundError: ch/qos/logback/core/status/ErrorStatus
	at ch.qos.logback.core.recovery.ResilientOutputStreamBase.postIOFailure(ResilientOutputStreamBase.java:113)
	at ch.qos.logback.core.recovery.ResilientOutputStreamBase.flush(ResilientOutputStreamBase.java:94)
	at ch.qos.logback.core.OutputStreamAppender.writeByteArrayToOutputStreamWithPossibleFlush(OutputStreamAppender.java:216)
	at ch.qos.logback.core.OutputStreamAppender.writeBytes(OutputStreamAppender.java:202)
	at ch.qos.logback.core.OutputStreamAppender.writeOut(OutputStreamAppender.java:193)
	at ch.qos.logback.core.FileAppender.writeOut(FileAppender.java:247)
	at ch.qos.logback.core.OutputStreamAppender.subAppend(OutputStreamAppender.java:237)
	at ch.qos.logback.core.OutputStreamAppender.append(OutputStreamAppender.java:102)
	at ch.qos.logback.core.UnsynchronizedAppenderBase.doAppend(UnsynchronizedAppenderBase.java:85)
	at ch.qos.logback.core.spi.AppenderAttachableImpl.appendLoopOnAppenders(AppenderAttachableImpl.java:51)
	at ch.qos.logback.core.AsyncAppenderBase$Worker.run(AsyncAppenderBase.java:302)
Caused by: java.lang.ClassNotFoundException: ch.qos.logback.core.status.ErrorStatus
	at java.base/jdk.internal.loader.BuiltinClassLoader.loadClass(Unknown Source)
	at java.base/jdk.internal.loader.ClassLoaders$AppClassLoader.loadClass(Unknown Source)
	at java.base/java.lang.ClassLoader.loadClass(Unknown Source)
	... 11 more
CodeQL encountered an uncaught exception in thread Thread-1
java.lang.NoClassDefFoundError: ch/qos/logback/core/util/InterruptUtil
	at ch.qos.logback.core.AsyncAppenderBase.stop(AsyncAppenderBase.java:137)
	at com.semmle.util.logging.AsyncAppender.access$001(AsyncAppender.java:10)
	at com.semmle.util.logging.AsyncAppender$1.run(AsyncAppender.java:23)
	at java.base/java.lang.Thread.run(Unknown Source)
Caused by: java.lang.ClassNotFoundException: ch.qos.logback.core.util.InterruptUtil
	at java.base/jdk.internal.loader.BuiltinClassLoader.loadClass(Unknown Source)
	at java.base/jdk.internal.loader.ClassLoaders$AppClassLoader.loadClass(Unknown Source)
	at java.base/java.lang.ClassLoader.loadClass(Unknown Source)
	... 4 more
CodeQL encountered an uncaught exception in thread Thread-2
java.lang.NoClassDefFoundError: com/semmle/util/files/FileUtil8$2
	at com.semmle.util.files.FileUtil8.recursiveDelete(FileUtil8.java:162)
	at com.semmle.util.files.FileUtil8.strictRecursiveDelete(FileUtil8.java:136)
	at com.semmle.util.files.FileUtil8.strictRecursiveDeleteWithRetries(FileUtil8.java:112)
	at com.semmle.util.files.ManagedTempDirectory.deleteTempDirs(ManagedTempDirectory.java:48)
	at com.semmle.util.files.ManagedTempDirectory$1.run(ManagedTempDirectory.java:40)
Caused by: java.lang.ClassNotFoundException: com.semmle.util.files.FileUtil8$2
	at java.base/jdk.internal.loader.BuiltinClassLoader.loadClass(Unknown Source)
	at java.base/jdk.internal.loader.ClassLoaders$AppClassLoader.loadClass(Unknown Source)
	at java.base/java.lang.ClassLoader.loadClass(Unknown Source)
	... 5 more
CodeQL encountered an uncaught exception in thread pool-1-thread-4
java.lang.NoClassDefFoundError: ch/qos/logback/classic/spi/ThrowableProxy
	at ch.qos.logback.classic.spi.LoggingEvent.<init>(LoggingEvent.java:143)
	at ch.qos.logback.classic.Logger.buildLoggingEventAndAppend(Logger.java:424)
	at ch.qos.logback.classic.Logger.filterAndLog_0_Or3Plus(Logger.java:386)
	at ch.qos.logback.classic.Logger.error(Logger.java:543)
	at com.semmle.util.concurrent.CancellationToken.cancel(CancellationToken.java:121)
	at com.semmle.inmemory.scheduler.execution.ExecutionScheduler.runnerMain(ExecutionScheduler.java:740)
	at java.base/java.util.concurrent.ThreadPoolExecutor.runWorker(Unknown Source)
	at java.base/java.util.concurrent.ThreadPoolExecutor$Worker.run(Unknown Source)
	at java.base/java.lang.Thread.run(Unknown Source)
Caused by: java.lang.ClassNotFoundException: ch.qos.logback.classic.spi.ThrowableProxy
	at java.base/jdk.internal.loader.BuiltinClassLoader.loadClass(Unknown Source)
	at java.base/jdk.internal.loader.ClassLoaders$AppClassLoader.loadClass(Unknown Source)
	at java.base/java.lang.ClassLoader.loadClass(Unknown Source)
	... 9 more
