$TEST_TMPDIR defined, some defaults will be overridden
WARNING: Duplicate rc file: /media/jefferson/11c42dee-73a3-4c2b-ab42-a0440011d9e0/.s-core-build/runs/score-rust-issue-queue-ycbvxir7/workspaces/1263/quality/static_analysis/static_analysis.bazelrc is read multiple times, it is a standard rc file location but must have been unnecessarily imported earlier.
OpenJDK 64-Bit Server VM warning: Options -Xverify:none and -noverify were deprecated in JDK 13 and will likely be removed in a future release.
WARNING: The following configs were expanded more than once: [linux_x64_gcc_15]. For repeatable flags, repeats are counted twice and may lead to unexpected behavior.
Computing main repo mapping: 
Computing main repo mapping: 
WARNING: The following configs were expanded more than once: [linux_x64_gcc_15]. For repeatable flags, repeats are counted twice and may lead to unexpected behavior.
Computing main repo mapping: 
Computing main repo mapping: 
Computing main repo mapping: 
Computing main repo mapping: 
Loading: 
Loading: 5 packages loaded
Analyzing: target //score/mw/com/impl/rust/com-api/com-api-runtime-mock:com-api-runtime-mock (6 packages loaded, 0 targets configured)
Analyzing: target //score/mw/com/impl/rust/com-api/com-api-runtime-mock:com-api-runtime-mock (6 packages loaded, 0 targets configured)

Analyzing: target //score/mw/com/impl/rust/com-api/com-api-runtime-mock:com-api-runtime-mock (98 packages loaded, 9 targets configured)

Analyzing: target //score/mw/com/impl/rust/com-api/com-api-runtime-mock:com-api-runtime-mock (192 packages loaded, 9734 targets configured)

INFO: Analyzed target //score/mw/com/impl/rust/com-api/com-api-runtime-mock:com-api-runtime-mock (270 packages loaded, 12801 targets configured).
[17 / 115] checking cached actions
INFO: Found 1 target...
Target //score/mw/com/impl/rust/com-api/com-api-runtime-mock:com-api-runtime-mock up-to-date:
  bazel-bin/score/mw/com/impl/rust/com-api/com-api-runtime-mock/libcom_api_runtime_mock-751917231.rlib
INFO: Elapsed time: 14.332s, Critical Path: 0.29s
INFO: 1 process: 287 action cache hit, 1 internal.
INFO: Build completed successfully, 1 total action
