$TEST_TMPDIR defined, some defaults will be overridden
WARNING: Duplicate rc file: /media/jefferson/11c42dee-73a3-4c2b-ab42-a0440011d9e0/.s-core-build/runs/score-rust-issue-queue-ycbvxir7/workspaces/794/quality/static_analysis/static_analysis.bazelrc is read multiple times, it is a standard rc file location but must have been unnecessarily imported earlier.
OpenJDK 64-Bit Server VM warning: Options -Xverify:none and -noverify were deprecated in JDK 13 and will likely be removed in a future release.
WARNING: The following configs were expanded more than once: [linux_x64_gcc_15]. For repeatable flags, repeats are counted twice and may lead to unexpected behavior.
Computing main repo mapping: 
WARNING: The following configs were expanded more than once: [linux_x64_gcc_15]. For repeatable flags, repeats are counted twice and may lead to unexpected behavior.
Computing main repo mapping: 
Computing main repo mapping: 
Computing main repo mapping: 
Computing main repo mapping: 
Computing main repo mapping: 
Loading: 
Loading: 5 packages loaded
Analyzing: target //score/mw/com/rust/score_com_concept:score_com_concept-test (6 packages loaded, 0 targets configured)
Analyzing: target //score/mw/com/rust/score_com_concept:score_com_concept-test (6 packages loaded, 0 targets configured)

Analyzing: target //score/mw/com/rust/score_com_concept:score_com_concept-test (98 packages loaded, 9 targets configured)

Analyzing: target //score/mw/com/rust/score_com_concept:score_com_concept-test (205 packages loaded, 8701 targets configured)

Analyzing: target //score/mw/com/rust/score_com_concept:score_com_concept-test (354 packages loaded, 13221 targets configured)

DEBUG: Rule 'score_baselibs++_repo_rules+acl-deb' indicated that a canonical reproducible form can be obtained by modifying arguments integrity = "sha256-5AjUxw54AQdOpFkYAgilQtVPVjibpIU3BDTy0A6VCYA=" and dropping ["visibility"]
DEBUG: Repository score_baselibs++_repo_rules+acl-deb instantiated at:
  <builtin>: in <toplevel>
Repository rule deb defined at:
  /media/jefferson/11c42dee-73a3-4c2b-ab42-a0440011d9e0/.s-core-build/runs/score-rust-issue-queue-ycbvxir7/bazel-output/1042e90a30b1d71cbf6bd8024ac93457/external/download_utils+/download/deb/repository.bzl:78:22: in <toplevel>
INFO: Analyzed target //score/mw/com/rust/score_com_concept:score_com_concept-test (364 packages loaded, 14938 targets configured).
[10 / 456] checking cached actions
[101 / 1,237] [Prepa] Creating symlink to ambiguous lib: external/score_baselibs++_repo_rules+acl-deb/usr/lib/x86_64-linux-gnu/libacl.a
[130 / 1,237] Compiling score/mw/com/impl/bindings/lola/methods/offered_state_machine.cpp; 0s linux-sandbox ... (2 actions, 1 running)
[153 / 1,237] Compiling score/concurrency/synchronized_queue.cpp; 0s linux-sandbox ... (2 actions, 1 running)
[165 / 1,237] Compiling score/concurrency/notification.cpp; 0s linux-sandbox ... (2 actions, 1 running)
[178 / 1,237] Compiling score/concurrency/interruptible_wait.cpp; 0s linux-sandbox ... (2 actions running)
[185 / 1,237] Compiling score/concurrency/interruptible_wait.cpp; 1s linux-sandbox ... (2 actions running)
[195 / 1,237] Compiling score/concurrency/condition_variable.cpp; 0s linux-sandbox ... (2 actions, 1 running)
[205 / 1,237] Compiling score/language/safecpp/scoped_function/details/allocator_wrapper.cpp; 0s linux-sandbox ... (2 actions, 1 running)
[219 / 1,237] Compiling score/language/futurecpp/src/charconv.cpp; 0s linux-sandbox ... (2 actions, 1 running)
[231 / 1,237] Compiling score/language/safecpp/scoped_function/scope.cpp; 0s linux-sandbox ... (2 actions, 1 running)
[240 / 1,237] Compiling score/language/safecpp/scoped_function/details/scope_state.cpp; 0s linux-sandbox ... (2 actions, 1 running)
[246 / 1,237] Compiling score/filesystem/path.cpp; 1s linux-sandbox ... (2 actions, 1 running)
[255 / 1,237] Compiling score/mw/com/impl/event_receive_handler.cpp; 0s linux-sandbox ... (2 actions, 1 running)
[263 / 1,237] Compiling score/memory/shared/managed_memory_resource.cpp; 0s linux-sandbox ... (2 actions, 1 running)
[274 / 1,237] Compiling score/mw/com/impl/initialize_sample_callback.cpp; 0s linux-sandbox ... (2 actions running)
[284 / 1,237] Compiling score/mw/com/impl/receive_handler_registration_changed_handler.cpp; 0s linux-sandbox ... (2 actions running)
[297 / 1,237] Compiling score/language/safecpp/scoped_function/details/allocator_aware_type_erasure_pointer.cpp; 0s linux-sandbox ... (2 actions, 1 running)
[303 / 1,237] Compiling score/mw/com/impl/scoped_event_receive_handler.cpp; 0s linux-sandbox ... (2 actions, 1 running)
[308 / 1,237] Compiling score/mw/com/impl/bindings/lola/methods/method_error.cpp; 0s linux-sandbox
[312 / 1,237] Compiling score/concurrency/delayed_task.cpp; 1s linux-sandbox ... (2 actions, 1 running)
[318 / 1,237] Compiling score/concurrency/timed_executor/delayed_task.cpp; 0s linux-sandbox ... (2 actions running)
[326 / 1,237] Compiling score/memory/shared/shared_memory_error.cpp; 0s linux-sandbox ... (2 actions, 1 running)
INFO: From Compiling score/mw/com/impl/data_type_meta_info.cpp:
In file included from score/mw/com/impl/data_type_meta_info.cpp:15:
./score/mw/com/impl/com_error.h: In member function 'virtual std::string_view score::mw::com::impl::ComErrorDomain::MessageFor(const score::result::ErrorCode&) const':
./score/mw/com/impl/com_error.h:186:65: warning: 'score::mw::com::impl::ComErrc::kServiceInstanceAlreadyOffered' is deprecated: Value has never been used. Calls to OfferService shall be idempotent. [-Wdeprecated-declarations]
  186 |             case static_cast<score::result::ErrorCode>(ComErrc::kServiceInstanceAlreadyOffered):
      |                                                                 ^~~~~~~~~~~~~~~~~~~~~~~~~~~~~~
./score/mw/com/impl/com_error.h:57:5: note: declared here
   57 |     kServiceInstanceAlreadyOffered
      |     ^~~~~~~~~~~~~~~~~~~~~~~~~~~~~~
[333 / 1,237] Linking score/mw/com/impl/libdata_type_meta_info.a; 0s linux-sandbox ... (2 actions running)
INFO: From Compiling score/mw/com/impl/error_serializer.cpp:
In file included from score/mw/com/impl/error_serializer.cpp:16:
./score/mw/com/impl/com_error.h: In member function 'virtual std::string_view score::mw::com::impl::ComErrorDomain::MessageFor(const score::result::ErrorCode&) const':
./score/mw/com/impl/com_error.h:186:65: warning: 'score::mw::com::impl::ComErrc::kServiceInstanceAlreadyOffered' is deprecated: Value has never been used. Calls to OfferService shall be idempotent. [-Wdeprecated-declarations]
  186 |             case static_cast<score::result::ErrorCode>(ComErrc::kServiceInstanceAlreadyOffered):
      |                                                                 ^~~~~~~~~~~~~~~~~~~~~~~~~~~~~~
./score/mw/com/impl/com_error.h:57:5: note: declared here
   57 |     kServiceInstanceAlreadyOffered
      |     ^~~~~~~~~~~~~~~~~~~~~~~~~~~~~~
INFO: From Compiling score/mw/com/impl/com_error.cpp:
In file included from score/mw/com/impl/com_error.cpp:13:
./score/mw/com/impl/com_error.h: In member function 'virtual std::string_view score::mw::com::impl::ComErrorDomain::MessageFor(const score::result::ErrorCode&) const':
./score/mw/com/impl/com_error.h:186:65: warning: 'score::mw::com::impl::ComErrc::kServiceInstanceAlreadyOffered' is deprecated: Value has never been used. Calls to OfferService shall be idempotent. [-Wdeprecated-declarations]
  186 |             case static_cast<score::result::ErrorCode>(ComErrc::kServiceInstanceAlreadyOffered):
      |                                                                 ^~~~~~~~~~~~~~~~~~~~~~~~~~~~~~
./score/mw/com/impl/com_error.h:57:5: note: declared here
   57 |     kServiceInstanceAlreadyOffered
      |     ^~~~~~~~~~~~~~~~~~~~~~~~~~~~~~
[339 / 1,237] Compiling score/concurrency/task.cpp; 0s linux-sandbox ... (2 actions, 1 running)
[347 / 1,237] Compiling score/concurrency/shared_task_result.cpp; 0s linux-sandbox ... (2 actions, 1 running)
[350 / 1,237] Compiling score/concurrency/task_result_base.cpp; 0s linux-sandbox ... (2 actions, 1 running)
[353 / 1,237] Compiling score/language/safecpp/safe_math/details/absolute/absolute.cpp; 0s linux-sandbox ... (2 actions running)
[355 / 1,237] Compiling score/concurrency/future/base_interruptible_future.cpp; 1s linux-sandbox ... (2 actions running)
[358 / 1,237] Compiling score/concurrency/future/base_interruptible_promise.cpp; 0s linux-sandbox ... (2 actions running)
[362 / 1,237] Compiling score/concurrency/future/base_interruptible_state.cpp; 0s linux-sandbox ... (2 actions, 1 running)
[367 / 1,237] Compiling score/language/safecpp/safe_math/details/multiplication/multiplication.cpp; 0s linux-sandbox ... (2 actions, 1 running)
[373 / 1,237] Compiling score/concurrency/future/interruptible_state.cpp; 0s linux-sandbox ... (2 actions, 1 running)
[380 / 1,237] Compiling score/analysis/tracing/common/interface_types/shared_memory_location.cpp; 0s linux-sandbox ... (2 actions running)
