$TEST_TMPDIR defined, some defaults will be overridden
WARNING: Duplicate rc file: /media/jefferson/11c42dee-73a3-4c2b-ab42-a0440011d9e0/.s-core-build/runs/score-rust-issue-queue-ycbvxir7/workspaces/1264/quality/static_analysis/static_analysis.bazelrc is read multiple times, it is a standard rc file location but must have been unnecessarily imported earlier.
OpenJDK 64-Bit Server VM warning: Options -Xverify:none and -noverify were deprecated in JDK 13 and will likely be removed in a future release.
WARNING: The following configs were expanded more than once: [linux_x64_gcc_15]. For repeatable flags, repeats are counted twice and may lead to unexpected behavior.
Computing main repo mapping: 
Computing main repo mapping: 
WARNING: The following configs were expanded more than once: [linux_x64_gcc_15]. For repeatable flags, repeats are counted twice and may lead to unexpected behavior.
Computing main repo mapping: 
Computing main repo mapping: 
Computing main repo mapping: 
Computing main repo mapping: 
Computing main repo mapping: 
Computing main repo mapping: 
Computing main repo mapping: 
Computing main repo mapping: 
Loading: 
Loading: 5 packages loaded
Analyzing: 2 targets (7 packages loaded, 0 targets configured)
Analyzing: 2 targets (7 packages loaded, 0 targets configured)

Analyzing: 2 targets (98 packages loaded, 8 targets configured)

Analyzing: 2 targets (158 packages loaded, 1975 targets configured)

Analyzing: 2 targets (244 packages loaded, 10428 targets configured)

Analyzing: 2 targets (365 packages loaded, 14773 targets configured)

INFO: Analyzed 2 targets (365 packages loaded, 14938 targets configured).
[4 / 11] checking cached actions
[7 / 13] checking cached actions
INFO: Found 2 targets...
INFO: Elapsed time: 27.528s, Critical Path: 0.44s
INFO: 1 process: 319 action cache hit, 1 internal.
INFO: Build completed successfully, 1 total action
