OpenJDK 64-Bit Server VM warning: Options -Xverify:none and -noverify were deprecated in JDK 13 and will likely be removed in a future release.
Computing main repo mapping: 
Computing main repo mapping: 
Computing main repo mapping: 
Computing main repo mapping: 
Computing main repo mapping: 
Loading: 
Loading: 5 packages loaded
Analyzing: target //:format.check (6 packages loaded, 0 targets configured)
Analyzing: target //:format.check (6 packages loaded, 0 targets configured)

Analyzing: target //:format.check (37 packages loaded, 10 targets configured)

Analyzing: target //:format.check (113 packages loaded, 361 targets configured)

Analyzing: target //:format.check (183 packages loaded, 7026 targets configured)

DEBUG: Rule '+_repo_rules3+clang_format' indicated that a canonical reproducible form can be obtained by modifying arguments integrity = "sha256-Lj6lg0XiCgKLjDWv+WT3TfFOTNF+LVJKjvwbqeztfaI="
DEBUG: Repository +_repo_rules3+clang_format instantiated at:
  <builtin>: in <toplevel>
Repository rule file defined at:
  /media/jefferson/11c42dee-73a3-4c2b-ab42-a0440011d9e0/.s-core-build/runs/score-communication-bug-recovery-fw8j963z/bazel-output/5dd5f0ca3cd39a98dd71b3161bfc39d7/external/download_utils+/download/file/repository.bzl:75:23: in <toplevel>
Analyzing: target //:format.check (188 packages loaded, 12636 targets configured)

Analyzing: target //:format.check (188 packages loaded, 12636 targets configured)

INFO: Analyzed target //:format.check (198 packages loaded, 14633 targets configured).
[33 / 126] checking cached actions
[88 / 126] [Prepa] Creating symlink external/score_toolchains_rust++ferrocene_toolchain_ext+ferrocene_x86_64_unknown_linux_gnu/rust_ferrocene/lib/rustlib/x86_64-unknown-linux-gnu/lib/librustc_std_workspace_std-3ba901c15e1d4d52.rlib ... (2 actions, 0 running)
[123 / 126] [Prepa] Compiling Rust (without process_wrapper) bin process_wrapper (6 files) [for tool]
[124 / 126] [Prepa] Compiling Rust rlib runfiles (1 file)
INFO: Found 1 target...
Target //:format.check up-to-date:
  bazel-bin/format.check.bash
INFO: Elapsed time: 22.342s, Critical Path: 2.08s
INFO: 126 processes: 122 internal, 4 processwrapper-sandbox.
INFO: Build completed successfully, 126 total actions
INFO: Running command line: bazel-bin/format.check.bash
169 files already formatted
Formatted Python in 0m0.024s
Formatted Starlark in 0m0.145s
Formatted C++ in 0m15.866s
Formatted Rust in 0m0.236s
