$TEST_TMPDIR defined, some defaults will be overridden
OpenJDK 64-Bit Server VM warning: Options -Xverify:none and -noverify were deprecated in JDK 13 and will likely be removed in a future release.
WARNING: The following configs were expanded more than once: [linux_x64_gcc_15]. For repeatable flags, repeats are counted twice and may lead to unexpected behavior.
Computing main repo mapping: 
Computing main repo mapping: 
WARNING: The following configs were expanded more than once: [linux_x64_gcc_15]. For repeatable flags, repeats are counted twice and may lead to unexpected behavior.
Computing main repo mapping: 
Computing main repo mapping: 
Computing main repo mapping: 
Computing main repo mapping: 
Computing main repo mapping: 
Computing main repo mapping: 
Computing main repo mapping: 
Loading: 
Loading: 5 packages loaded
Analyzing: target //score/mw/com/rust/score_com_concept:score_com_concept-macros-tests (6 packages loaded, 0 targets configured)
Analyzing: target //score/mw/com/rust/score_com_concept:score_com_concept-macros-tests (6 packages loaded, 0 targets configured)

Analyzing: target //score/mw/com/rust/score_com_concept:score_com_concept-macros-tests (98 packages loaded, 8 targets configured)

Analyzing: target //score/mw/com/rust/score_com_concept:score_com_concept-macros-tests (158 packages loaded, 2074 targets configured)

Analyzing: target //score/mw/com/rust/score_com_concept:score_com_concept-macros-tests (203 packages loaded, 9232 targets configured)

Analyzing: target //score/mw/com/rust/score_com_concept:score_com_concept-macros-tests (361 packages loaded, 14914 targets configured)

INFO: Analyzed target //score/mw/com/rust/score_com_concept:score_com_concept-macros-tests (365 packages loaded, 14938 targets configured).
[28 / 175] checking cached actions
[298 / 299] [Prepa] Generating Rustdoc test runner for @@//score/mw/com/rust/score_com_concept:score_com_concept
[299 / 300] Testing //score/mw/com/rust/score_com_concept:score_com_concept-macros-tests; 0s linux-sandbox
INFO: Found 1 test target...
Target //score/mw/com/rust/score_com_concept:score_com_concept-macros-tests up-to-date:
  bazel-bin/score/mw/com/rust/score_com_concept/score_com_concept-macros-tests.rustdoc_test.sh
INFO: Elapsed time: 27.860s, Critical Path: 1.62s
INFO: 3 processes: 312 action cache hit, 3 linux-sandbox.
INFO: Build completed successfully, 3 total actions
INFO: 
//score/mw/com/rust/score_com_concept:score_com_concept-macros-tests     PASSED in 0.6s

Executed 1 out of 1 test: 1 test passes.
There were tests whose specified size is too big. Use the --test_verbose_timeout_warnings command line option to see which ones these are.
INFO: Build Event Protocol files produced successfully.
