$TEST_TMPDIR defined, some defaults will be overridden
OpenJDK 64-Bit Server VM warning: Options -Xverify:none and -noverify were deprecated in JDK 13 and will likely be removed in a future release.
Computing main repo mapping: 
Computing main repo mapping: 
Computing main repo mapping: 
Computing main repo mapping: 
Computing main repo mapping: 
Computing main repo mapping: 
Computing main repo mapping: 
Computing main repo mapping: 
Computing main repo mapping: 
Computing main repo mapping: 
Loading: 
Loading: 6 packages loaded
Analyzing: 6 targets (10 packages loaded, 0 targets configured)
Analyzing: 6 targets (10 packages loaded, 0 targets configured)

Analyzing: 6 targets (99 packages loaded, 9 targets configured)

Analyzing: 6 targets (154 packages loaded, 562 targets configured)

Analyzing: 6 targets (211 packages loaded, 7762 targets configured)

Analyzing: 6 targets (363 packages loaded, 14162 targets configured)

Analyzing: 6 targets (378 packages loaded, 15149 targets configured)

Analyzing: 6 targets (384 packages loaded, 20220 targets configured)
[7 / 12] checking cached actions
INFO: Analyzed 6 targets (384 packages loaded, 20220 targets configured).
[51 / 290] checking cached actions
[1,147 / 1,300] [Prepa] Clippy //score/mw/com/impl/rust/com-api/com-api-runtime-lola:com-api-runtime-lola
[1,270 / 1,300] [Prepa] Clippy //score/mw/com/rust:score_com
INFO: Found 6 targets...
INFO: Elapsed time: 33.318s, Critical Path: 1.57s
INFO: 3 processes: 1316 action cache hit, 1 internal, 2 linux-sandbox.
INFO: Build completed successfully, 3 total actions
