$TEST_TMPDIR defined, some defaults will be overridden
OpenJDK 64-Bit Server VM warning: Options -Xverify:none and -noverify were deprecated in JDK 13 and will likely be removed in a future release.
WARNING: The following configs were expanded more than once: [linux_x64_gcc_15]. For repeatable flags, repeats are counted twice and may lead to unexpected behavior.
Computing main repo mapping: 
WARNING: The following configs were expanded more than once: [linux_x64_gcc_15]. For repeatable flags, repeats are counted twice and may lead to unexpected behavior.
Computing main repo mapping: 
Computing main repo mapping: 
Computing main repo mapping: 
Loading: 
Loading: 5 packages loaded
Analyzing: target //:format.check (6 packages loaded, 0 targets configured)
Analyzing: target //:format.check (6 packages loaded, 0 targets configured)

Analyzing: target //:format.check (162 packages loaded, 850 targets configured)

INFO: Analyzed target //:format.check (198 packages loaded, 14633 targets configured).
[1 / 1] no actions running
INFO: Found 1 target...
Target //:format.check up-to-date:
  bazel-bin/format.check.bash
INFO: Elapsed time: 8.485s, Critical Path: 0.04s
INFO: 1 process: 128 action cache hit, 1 internal.
INFO: Build completed successfully, 1 total action
INFO: 
INFO: Running command line: bazel-bin/format.check.bash <args omitted>
INFO: Build Event Protocol files produced successfully.
3 files already formatted
Formatted Python in 0m0.019s
Formatted Starlark in 0m0.041s
Formatted C++ in 0m0.150s
Formatted Rust in 0m0.166s
