$TEST_TMPDIR defined, some defaults will be overridden
OpenJDK 64-Bit Server VM warning: Options -Xverify:none and -noverify were deprecated in JDK 13 and will likely be removed in a future release.
WARNING: The following configs were expanded more than once: [linux_x64_gcc_15]. For repeatable flags, repeats are counted twice and may lead to unexpected behavior.
Computing main repo mapping: 
WARNING: The following configs were expanded more than once: [linux_x64_gcc_15]. For repeatable flags, repeats are counted twice and may lead to unexpected behavior.
Computing main repo mapping: 
Computing main repo mapping: 
Computing main repo mapping: 
Computing main repo mapping: 
Computing main repo mapping: 
Loading: 
Loading: 5 packages loaded
Analyzing: 4 targets (9 packages loaded, 0 targets configured)
Analyzing: 4 targets (9 packages loaded, 0 targets configured)

Analyzing: 4 targets (157 packages loaded, 384 targets configured)

Analyzing: 4 targets (341 packages loaded, 13200 targets configured)

INFO: Analyzed 4 targets (379 packages loaded, 15297 targets configured).
[9 / 1,418] checking cached actions
[141 / 2,260] checking cached actions
[837 / 2,260] Compiling score/mw/com/impl/rust/com-api/com-api-ffi-lola/registry_bridge_macro.cpp; 0s linux-sandbox ... (2 actions running)
[1,931 / 2,260] Compiling score/mw/com/impl/rust/com-api/com-api-ffi-lola/registry_bridge_macro.cpp; 1s linux-sandbox ... (2 actions, 1 running)
[2,086 / 2,262] Compiling score/mw/com/impl/rust/com-api/com-api-ffi-lola/registry_bridge_macro.cpp; 2s linux-sandbox ... (6 actions, 5 running)
INFO: From Compiling score/mw/com/impl/rust/com-api/com-api-ffi-lola/registry_bridge_macro.cpp:
In file included from ./score/mw/com/impl/instance_identifier.h:16,
                 from ./score/mw/com/impl/handle_type.h:18,
                 from ./score/mw/com/impl/proxy_base.h:18,
                 from ./score/mw/com/impl/rust/com-api/com-api-ffi-lola/registry_bridge_macro.h:68,
                 from score/mw/com/impl/rust/com-api/com-api-ffi-lola/registry_bridge_macro.cpp:24:
./score/mw/com/impl/com_error.h: In member function 'virtual std::string_view score::mw::com::impl::ComErrorDomain::MessageFor(const score::result::ErrorCode&) const':
./score/mw/com/impl/com_error.h:186:65: warning: 'score::mw::com::impl::ComErrc::kServiceInstanceAlreadyOffered' is deprecated: Value has never been used. Calls to OfferService shall be idempotent. [-Wdeprecated-declarations]
  186 |             case static_cast<score::result::ErrorCode>(ComErrc::kServiceInstanceAlreadyOffered):
      |                                                                 ^~~~~~~~~~~~~~~~~~~~~~~~~~~~~~
./score/mw/com/impl/com_error.h:57:5: note: declared here
   57 |     kServiceInstanceAlreadyOffered
      |     ^~~~~~~~~~~~~~~~~~~~~~~~~~~~~~
[2,105 / 2,262] Compiling Rust rlib winnow v0.7.2 (93 files) [for tool]; 1s linux-sandbox ... (6 actions, 5 running)
[2,116 / 2,262] 2 / 4 tests; Running Cargo build script proc-macro2 [for tool]; 0s linux-sandbox ... (6 actions, 5 running)
[2,124 / 2,262] 2 / 4 tests; Compiling Rust rlib proc_macro2 v1.0.93 (17 files) [for tool]; 1s linux-sandbox ... (2 actions, 1 running)
[2,127 / 2,262] 2 / 4 tests; checking cached actions
[2,127 / 2,262] 2 / 4 tests; Compiling Rust rlib syn v2.0.98 (96 files) [for tool]; 0s linux-sandbox
[2,128 / 2,262] 2 / 4 tests; [Prepa] Compiling Rust rlib synstructure v0.13.1 (2 files) [for tool]
[2,140 / 2,262] 2 / 4 tests; Compiling Rust rlib synstructure v0.13.1 (2 files) [for tool]; 1s linux-sandbox ... (3 actions running)
[2,145 / 2,262] 2 / 4 tests; Compiling Rust proc-macro yoke_derive v0.7.5 (3 files) [for tool]; 0s linux-sandbox ... (2 actions, 1 running)
[2,161 / 2,262] 2 / 4 tests; checking cached actions
[2,260 / 2,262] 2 / 4 tests; Compiling Rust bin score_com_concept-test (5 files); 1s linux-sandbox ... (2 actions running)
[2,263 / 2,264] 3 / 4 tests; [Prepa] Testing //score/mw/com/impl/rust/com-api/com-api-runtime-lola:com-api-runtime-lola-tests
INFO: Found 4 test targets...
INFO: Elapsed time: 34.809s, Critical Path: 18.98s
INFO: 72 processes: 2203 action cache hit, 16 internal, 56 linux-sandbox.
INFO: Build completed successfully, 72 total actions
INFO: 
//score/mw/com/impl:runtime_test                                         PASSED in 0.3s
//score/mw/com/impl/rust/com-api/com-api-ffi-lola:callback_ownership_test PASSED in 0.3s
//score/mw/com/impl/rust/com-api/com-api-runtime-lola:com-api-runtime-lola-tests PASSED in 0.0s
//score/mw/com/rust/score_com_concept:score_com_concept-test             PASSED in 0.0s

Executed 4 out of 4 tests: 4 tests pass.
There were tests whose specified size is too big. Use the --test_verbose_timeout_warnings command line option to see which ones these are.
INFO: Build Event Protocol files produced successfully.
