rotating: kvs_0_0.json -> kvs_0_1.json
receiver diagnostics listening at 172.30.77.12:7691; budgets are provisional; native faults unavailable
0 [W] "Config::global_config()" 
| No config file was loaded, a config with default values will be used. 
1 [I] "Config::global_config()" 
| Using config file at "/etc/iceoryx2/iceoryx2.toml" 
error: get_value could not find key: cruise_control
error: get_value could not find key: cruise_control
error: get_value could not find key: cruise_control
error: get_value could not find key: cruise_control
error: get_value could not find key: cruise_control
error: get_value could not find key: cruise_control
error: get_value could not find key: cruise_control
error: get_value could not find key: cruise_control
error: get_value could not find key: cruise_control
error: get_value could not find key: cruise_control
error: get_value could not find key: cruise_control
error: get_value could not find key: cruise_control
error: get_value could not find key: cruise_control
error: get_value could not find key: cruise_control
error: get_value could not find key: cruise_control
error: get_value could not find key: cruise_control
error: get_value could not find key: cruise_control
error: get_value could not find key: cruise_control
error: get_value could not find key: cruise_control
error: get_value could not find key: cruise_control
error: get_value could not find key: cruise_control
error: get_value could not find key: cruise_control
error: get_value could not find key: cruise_control
error: get_value could not find key: cruise_control
error: get_value could not find key: cruise_control
error: get_value could not find key: cruise_control
error: get_value could not find key: cruise_control
error: get_value could not find key: cruise_control
error: get_value could not find key: cruise_control
error: get_value could not find key: cruise_control
error: get_value could not find key: cruise_control
error: get_value could not find key: cruise_control
error: get_value could not find key: cruise_control
error: get_value could not find key: cruise_control
error: get_value could not find key: cruise_control
error: get_value could not find key: cruise_control
error: get_value could not find key: cruise_control
error: get_value could not find key: cruise_control
error: get_value could not find key: cruise_control
error: get_value could not find key: cruise_control
error: get_value could not find key: cruise_control
error: get_value could not find key: cruise_control
error: get_value could not find key: cruise_control
error: get_value could not find key: cruise_control
error: get_value could not find key: cruise_control
error: get_value could not find key: cruise_control
error: get_value could not find key: cruise_control
error: get_value could not find key: cruise_control
error: get_value could not find key: cruise_control
error: get_value could not find key: cruise_control
error: get_value could not find key: cruise_control
error: get_value could not find key: cruise_control
error: get_value could not find key: cruise_control
error: get_value could not find key: cruise_control
error: get_value could not find key: cruise_control
error: get_value could not find key: cruise_control
error: get_value could not find key: cruise_control
error: get_value could not find key: cruise_control
error: get_value could not find key: cruise_control
error: get_value could not find key: cruise_control
error: get_value could not find key: cruise_control
error: get_value could not find key: cruise_control
error: get_value could not find key: cruise_control
error: get_value could not find key: cruise_control
error: get_value could not find key: cruise_control
error: get_value could not find key: cruise_control
error: get_value could not find key: cruise_control
error: get_value could not find key: cruise_control
error: get_value could not find key: cruise_control
error: get_value could not find key: cruise_control
error: get_value could not find key: cruise_control
error: get_value could not find key: cruise_control
error: get_value could not find key: cruise_control
error: get_value could not find key: cruise_control
error: get_value could not find key: cruise_control
error: get_value could not find key: cruise_control
error: get_value could not find key: cruise_control
error: get_value could not find key: cruise_control
error: get_value could not find key: cruise_control
error: get_value could not find key: cruise_control
error: get_value could not find key: cruise_control
error: get_value could not find key: cruise_control
error: get_value could not find key: cruise_control
error: get_value could not find key: cruise_control
error: get_value could not find key: cruise_control
error: get_value could not find key: cruise_control
error: get_value could not find key: cruise_control
error: get_value could not find key: cruise_control
error: get_value could not find key: cruise_control
error: get_value could not find key: cruise_control
error: get_value could not find key: cruise_control
error: get_value could not find key: cruise_control
error: get_value could not find key: cruise_control
error: get_value could not find key: cruise_control
error: get_value could not find key: cruise_control
error: get_value could not find key: cruise_control
error: get_value could not find key: cruise_control
error: get_value could not find key: cruise_control
error: get_value could not find key: cruise_control
error: get_value could not find key: cruise_control
error: get_value could not find key: cruise_control
error: get_value could not find key: cruise_control
error: get_value could not find key: cruise_control
error: get_value could not find key: cruise_control
error: get_value could not find key: cruise_control
error: get_value could not find key: cruise_control
error: get_value could not find key: cruise_control
error: get_value could not find key: cruise_control
error: get_value could not find key: cruise_control
error: get_value could not find key: cruise_control
error: get_value could not find key: cruise_control
error: get_value could not find key: cruise_control
error: get_value could not find key: cruise_control
error: get_value could not find key: cruise_control
error: get_value could not find key: cruise_control
error: get_value could not find key: cruise_control
error: get_value could not find key: cruise_control
error: get_value could not find key: cruise_control
error: get_value could not find key: cruise_control
error: get_value could not find key: cruise_control
error: get_value could not find key: cruise_control
error: get_value could not find key: cruise_control
error: get_value could not find key: cruise_control
error: get_value could not find key: cruise_control
error: get_value could not find key: cruise_control
error: get_value could not find key: cruise_control
error: get_value could not find key: cruise_control
error: get_value could not find key: cruise_control
error: get_value could not find key: cruise_control
error: get_value could not find key: cruise_control
error: get_value could not find key: cruise_control
error: get_value could not find key: cruise_control
error: get_value could not find key: cruise_control
error: get_value could not find key: cruise_control
error: get_value could not find key: cruise_control
error: get_value could not find key: cruise_control
error: get_value could not find key: cruise_control
error: get_value could not find key: cruise_control
error: get_value could not find key: cruise_control
error: get_value could not find key: cruise_control
error: get_value could not find key: cruise_control
error: get_value could not find key: cruise_control
error: get_value could not find key: cruise_control
error: get_value could not find key: cruise_control
error: get_value could not find key: cruise_control
error: get_value could not find key: cruise_control
error: get_value could not find key: cruise_control
error: get_value could not find key: cruise_control
error: get_value could not find key: cruise_control
error: get_value could not find key: cruise_control
error: get_value could not find key: cruise_control
