$TEST_TMPDIR defined, some defaults will be overridden
OpenJDK 64-Bit Server VM warning: Options -Xverify:none and -noverify were deprecated in JDK 13 and will likely be removed in a future release.
WARNING: The following configs were expanded more than once: [linux_x64_gcc_15]. For repeatable flags, repeats are counted twice and may lead to unexpected behavior.
Computing main repo mapping: 
WARNING: The following configs were expanded more than once: [linux_x64_gcc_15]. For repeatable flags, repeats are counted twice and may lead to unexpected behavior.
Loading: 
Loading: 5 packages loaded
WARNING: /media/jefferson/11c42dee-73a3-4c2b-ab42-a0440011d9e0/.s-core-build/runs/communication-complete-3c7jhdey/workspaces/integrated/score/memory/shared/BUILD:437:11: target '//score/memory/shared:types' is deprecated: This aggregation target is deprecated and pulls in the unmaintained/broken ':map' target on some platforms. Depend directly on the specific score/memory/shared sub-targets you need (e.g. ':offset_ptr', ':vector', ':string', ...) instead.
Analyzing: 2924 targets (316 packages loaded, 0 targets configured)
Analyzing: 2924 targets (316 packages loaded, 0 targets configured)

WARNING: /media/jefferson/11c42dee-73a3-4c2b-ab42-a0440011d9e0/.s-core-build/runs/communication-complete-3c7jhdey/workspaces/integrated/MODULE.bazel:196:20: The module extension apt defined in @rules_distroless//apt:extensions.bzl reported incorrect imports of repositories via use_repo():

Imported, but reported as indirect dependencies by the extension:
    ubuntu24_04_sysroot_resolve

Fix the use_repo calls by running 'bazel mod tidy'.
WARNING: /media/jefferson/11c42dee-73a3-4c2b-ab42-a0440011d9e0/.s-core-build/runs/communication-complete-3c7jhdey/workspaces/integrated/score/mw/com/test/api/BUILD:18:11: in cc_library rule //score/mw/com/test/api:api: target '//score/mw/com/test/api:api' depends on deprecated target '//score/memory/shared:types': This aggregation target is deprecated and pulls in the unmaintained/broken ':map' target on some platforms. Depend directly on the specific score/memory/shared sub-targets you need (e.g. ':offset_ptr', ':vector', ':string', ...) instead.
DEBUG: /media/jefferson/11c42dee-73a3-4c2b-ab42-a0440011d9e0/.s-core-build/runs/communication-complete-3c7jhdey/bazel-output/8d7477de0cf318c0a7997a7b39c23d59/external/score_tooling+/bazel/rules/rules_score/private/dependable_element.bzl:1359:26: WARNING: Not in certified scope @@score_baselibs+//score/utils:static_destruction_guard, stopping at utils
INFO: Analyzed 2924 targets (1659 packages loaded, 103985 targets configured).
[1,711 / 5,413] [Prepa] Writing repo mapping manifest for @@lobster+//:lobster-html-report [for tool]
[4,925 / 14,528] Compiling src/json-validator.cpp [for tool]; 4s linux-sandbox ... (2 actions, 1 running)
[5,870 / 14,773] Compiling src/idl_gen_cpp.cpp [for tool]; 6s linux-sandbox ... (2 actions, 1 running)
[8,249 / 16,155] checking cached actions
[9,677 / 16,229] [Scann] Compiling score/mw/com/impl/rust/com-api/com-api-ffi-lola/registry_bridge_macro.cpp
INFO: From Compiling score/mw/com/impl/rust/com-api/com-api-ffi-lola/registry_bridge_macro.cpp:
In file included from ./score/mw/com/impl/instance_identifier.h:16,
                 from ./score/mw/com/impl/handle_type.h:18,
                 from ./score/mw/com/impl/proxy_base.h:18,
                 from ./score/mw/com/impl/rust/com-api/com-api-ffi-lola/registry_bridge_macro.h:68,
                 from score/mw/com/impl/rust/com-api/com-api-ffi-lola/registry_bridge_macro.cpp:24:
./score/mw/com/impl/com_error.h: In member function 'virtual std::string_view score::mw::com::impl::ComErrorDomain::MessageFor(const score::result::ErrorCode&) const':
./score/mw/com/impl/com_error.h:186:65: warning: 'score::mw::com::impl::ComErrc::kServiceInstanceAlreadyOffered' is deprecated: Value has never been used. Calls to OfferService shall be idempotent. [-Wdeprecated-declarations]
  186 |             case static_cast<score::result::ErrorCode>(ComErrc::kServiceInstanceAlreadyOffered):
      |                                                                 ^~~~~~~~~~~~~~~~~~~~~~~~~~~~~~
./score/mw/com/impl/com_error.h:57:5: note: declared here
   57 |     kServiceInstanceAlreadyOffered
      |     ^~~~~~~~~~~~~~~~~~~~~~~~~~~~~~
[15,220 / 16,229] [Prepa] Linking score/mw/com/impl/rust/com-api/com-api-ffi-lola/libregistry_bridge_macro_cpp.so
[16,227 / 16,229] checking cached actions
INFO: Found 2924 targets...
INFO: Elapsed time: 93.003s, Critical Path: 11.00s
INFO: 66 processes: 17008 action cache hit, 27 internal, 34 linux-sandbox, 5 local.
INFO: Build completed successfully, 66 total actions
INFO: 
INFO: Build Event Protocol files produced successfully.
