$TEST_TMPDIR defined, some defaults will be overridden
WARNING: Duplicate rc file: /media/jefferson/11c42dee-73a3-4c2b-ab42-a0440011d9e0/.s-core-build/runs/score-rust-issue-queue-ycbvxir7/workspaces/1264/quality/static_analysis/static_analysis.bazelrc is read multiple times, it is a standard rc file location but must have been unnecessarily imported earlier.
OpenJDK 64-Bit Server VM warning: Options -Xverify:none and -noverify were deprecated in JDK 13 and will likely be removed in a future release.
WARNING: The following configs were expanded more than once: [linux_x64_gcc_15]. For repeatable flags, repeats are counted twice and may lead to unexpected behavior.
Computing main repo mapping: 
WARNING: The following configs were expanded more than once: [linux_x64_gcc_15]. For repeatable flags, repeats are counted twice and may lead to unexpected behavior.
Computing main repo mapping: 
Computing main repo mapping: 
Computing main repo mapping: 
Computing main repo mapping: 
Computing main repo mapping: 
Loading: 
Loading: 5 packages loaded
Analyzing: 3 targets (7 packages loaded, 0 targets configured)
Analyzing: 3 targets (7 packages loaded, 0 targets configured)

Analyzing: 3 targets (99 packages loaded, 10 targets configured)

Analyzing: 3 targets (299 packages loaded, 11802 targets configured)

Analyzing: 3 targets (374 packages loaded, 15145 targets configured)
[1 / 1] no actions running
INFO: Analyzed 3 targets (374 packages loaded, 15145 targets configured).
[98 / 1,308] [Prepa] Creating symlink to ambiguous lib: external/score_baselibs++_repo_rules+acl-deb/usr/lib/x86_64-linux-gnu/libacl.a
[155 / 1,342] Compiling score/mw/com/impl/service_element_map_view.cpp; 0s linux-sandbox ... (2 actions, 1 running)
[201 / 1,342] [Scann] Compiling score/mw/com/impl/bindings/lola/messaging/client_quality_type.cpp
[217 / 1,342] Compiling score/language/futurecpp/src/jthread.cpp; 0s linux-sandbox ... (2 actions, 1 running)
[226 / 1,342] Compiling score/os/utils/interprocess/interprocess_mutex.cpp; 0s linux-sandbox ... (2 actions, 1 running)
[236 / 1,342] Compiling score/concurrency/interruptible_interprocess_condition_variable.cpp; 0s linux-sandbox ... (2 actions, 1 running)
[240 / 1,342] Compiling score/concurrency/synchronized_queue.cpp; 0s linux-sandbox ... (2 actions running)
[244 / 1,342] Compiling score/concurrency/notification.cpp; 0s linux-sandbox ... (2 actions running)
[247 / 1,342] Compiling score/mw/log/detail/backend.cpp; 0s linux-sandbox ... (2 actions, 1 running)
[251 / 1,342] Compiling score/concurrency/interruptible_wait.cpp; 1s linux-sandbox ... (2 actions, 1 running)
[257 / 1,342] Compiling score/concurrency/condition_variable.cpp; 0s linux-sandbox ... (2 actions, 1 running)
[267 / 1,342] Compiling score/result/details/expected/extensions.cpp; 0s linux-sandbox ... (2 actions, 1 running)
[273 / 1,342] Compiling score/mw/log/log_stream_error.cpp; 0s linux-sandbox ... (2 actions, 1 running)
[281 / 1,342] Compiling score/mw/com/impl/mocking/i_skeleton_base.cpp; 0s linux-sandbox ... (2 actions, 1 running)
[285 / 1,342] Compiling score/mw/com/impl/plumbing/binding_factory_error.cpp; 0s linux-sandbox ... (2 actions, 1 running)
