OpenJDK 64-Bit Server VM warning: Options -Xverify:none and -noverify were deprecated in JDK 13 and will likely be removed in a future release.
Computing main repo mapping: 
Computing main repo mapping: 
Computing main repo mapping: 
Computing main repo mapping: 
Computing main repo mapping: 
Computing main repo mapping: 
Computing main repo mapping: 
Loading: 
Loading: 5 packages loaded
Analyzing: target //score/mw/com/dependability/safety_analysis:aous (6 packages loaded, 0 targets configured)
Analyzing: target //score/mw/com/dependability/safety_analysis:aous (6 packages loaded, 0 targets configured)

Analyzing: target //score/mw/com/dependability/safety_analysis:aous (84 packages loaded, 113 targets configured)

Analyzing: target //score/mw/com/dependability/safety_analysis:aous (187 packages loaded, 1901 targets configured)

Analyzing: target //score/mw/com/dependability/safety_analysis:aous (321 packages loaded, 10619 targets configured)

INFO: Analyzed target //score/mw/com/dependability/safety_analysis:aous (383 packages loaded, 13627 targets configured).
[68 / 547] checking cached actions
INFO: Found 1 target...
Target //score/mw/com/dependability/safety_analysis:aous_internal up-to-date:
  bazel-bin/score/mw/com/dependability/safety_analysis/mw_com_safety_analysis/fta_events.trlc
INFO: Elapsed time: 16.644s, Critical Path: 0.49s
INFO: 1 process: 567 action cache hit, 1 internal.
INFO: Build completed successfully, 1 total action
