OpenJDK 64-Bit Server VM warning: Options -Xverify:none and -noverify were deprecated in JDK 13 and will likely be removed in a future release.
Computing main repo mapping: 
Computing main repo mapping: 
Computing main repo mapping: 
Computing main repo mapping: 
Computing main repo mapping: 
Loading: 
Loading: 5 packages loaded
WARNING: /media/jefferson/11c42dee-73a3-4c2b-ab42-a0440011d9e0/.s-core-build/runs/score-communication-bug-recovery-fw8j963z/issue-1031/score/memory/shared/BUILD:437:11: target '//score/memory/shared:types' is deprecated: This aggregation target is deprecated and pulls in the unmaintained/broken ':map' target on some platforms. Depend directly on the specific score/memory/shared sub-targets you need (e.g. ':offset_ptr', ':vector', ':string', ...) instead.
Analyzing: 2845 targets (304 packages loaded, 0 targets configured)
Analyzing: 2845 targets (304 packages loaded, 0 targets configured)

WARNING: /media/jefferson/11c42dee-73a3-4c2b-ab42-a0440011d9e0/.s-core-build/runs/score-communication-bug-recovery-fw8j963z/issue-1031/MODULE.bazel:196:20: The module extension apt defined in @rules_distroless//apt:extensions.bzl reported incorrect imports of repositories via use_repo():

Imported, but reported as indirect dependencies by the extension:
    ubuntu24_04_sysroot_resolve

Fix the use_repo calls by running 'bazel mod tidy'.
Analyzing: 2845 targets (359 packages loaded, 894 targets configured)
[72 / 72] no actions running
Analyzing: 2845 targets (376 packages loaded, 1032 targets configured)
[92 / 92] no actions running
Analyzing: 2845 targets (429 packages loaded, 1273 targets configured)
[121 / 121] no actions running
Analyzing: 2845 targets (495 packages loaded, 11480 targets configured)
[126 / 126] no actions running
Analyzing: 2845 targets (597 packages loaded, 21063 targets configured)
[126 / 134] checking cached actions
Analyzing: 2845 targets (658 packages loaded, 29355 targets configured)
[154 / 155] checking cached actions
Analyzing: 2845 targets (784 packages loaded, 33490 targets configured)
[180 / 315] checking cached actions
Analyzing: 2845 targets (993 packages loaded, 40813 targets configured)
[508 / 1,036] checking cached actions
Analyzing: 2845 targets (1113 packages loaded, 45339 targets configured)
[632 / 1,596] checking cached actions
Analyzing: 2845 targets (1216 packages loaded, 53228 targets configured)
[717 / 1,739] checking cached actions
Analyzing: 2845 targets (1386 packages loaded, 63701 targets configured)
[818 / 1,836] checking cached actions
Analyzing: 2845 targets (1485 packages loaded, 93074 targets configured)
[903 / 1,904] checking cached actions
Analyzing: 2845 targets (1600 packages loaded, 98657 targets configured)
[1,019 / 1,942] checking cached actions
Analyzing: 2845 targets (1647 packages loaded, 102160 targets configured)
[1,191 / 1,960] checking cached actions
DEBUG: /media/jefferson/11c42dee-73a3-4c2b-ab42-a0440011d9e0/.s-core-build/runs/score-communication-bug-recovery-fw8j963z/bazel-output/c206fe6ea158a2c03fb7588dc2fb0570/external/score_tooling+/bazel/rules/rules_score/private/dependable_element.bzl:1359:26: WARNING: Not in certified scope @@score_baselibs+//score/utils:static_destruction_guard, stopping at utils
Analyzing: 2845 targets (1647 packages loaded, 103628 targets configured)
[1,338 / 2,524] checking cached actions
WARNING: /media/jefferson/11c42dee-73a3-4c2b-ab42-a0440011d9e0/.s-core-build/runs/score-communication-bug-recovery-fw8j963z/issue-1031/score/mw/com/test/api/BUILD:18:11: in cc_library rule //score/mw/com/test/api:api: target '//score/mw/com/test/api:api' depends on deprecated target '//score/memory/shared:types': This aggregation target is deprecated and pulls in the unmaintained/broken ':map' target on some platforms. Depend directly on the specific score/memory/shared sub-targets you need (e.g. ':offset_ptr', ':vector', ':string', ...) instead.
INFO: Analyzed 2845 targets (1647 packages loaded, 103827 targets configured).
[1,835 / 5,072] checking cached actions
INFO: Found 2845 targets...
INFO: Elapsed time: 81.048s, Critical Path: 3.99s
INFO: 1 process: 16431 action cache hit, 1 internal.
INFO: Build completed successfully, 1 total action
