OpenJDK 64-Bit Server VM warning: Options -Xverify:none and -noverify were deprecated in JDK 13 and will likely be removed in a future release.
Computing main repo mapping: 
Computing main repo mapping: 
Computing main repo mapping: 
Computing main repo mapping: 
Computing main repo mapping: 
Computing main repo mapping: 
Loading: 
Loading: 5 packages loaded
Analyzing: target //:format_Starlark_with_buildifier (6 packages loaded)
Analyzing: target //:format_Starlark_with_buildifier (6 packages loaded, 0 targets configured)
Analyzing: target //:format_Starlark_with_buildifier (6 packages loaded, 0 targets configured)

Analyzing: target //:format_Starlark_with_buildifier (42 packages loaded, 10 targets configured)

Analyzing: target //:format_Starlark_with_buildifier (146 packages loaded, 519 targets configured)

INFO: Analyzed target //:format_Starlark_with_buildifier (164 packages loaded, 3176 targets configured).
INFO: Found 1 target...
Target //:format_Starlark_with_buildifier up-to-date:
  bazel-bin/format_Starlark_with_buildifier.bash
INFO: Elapsed time: 12.415s, Critical Path: 0.04s
INFO: 1 process: 7 action cache hit, 1 internal.
INFO: Build completed successfully, 1 total action
INFO: Running command line: bazel-bin/format_Starlark_with_buildifier.bash <args omitted>
Formatted Starlark in 0m0.018s
