OpenJDK 64-Bit Server VM warning: Options -Xverify:none and -noverify were deprecated in JDK 13 and will likely be removed in a future release.
Computing main repo mapping: 
Computing main repo mapping: 
Computing main repo mapping: 
Computing main repo mapping: 
Computing main repo mapping: 
Loading: 
Loading: 5 packages loaded
Analyzing: target //quality/visibility_guard:visibility_guard_test (6 packages loaded, 0 targets configured)
Analyzing: target //quality/visibility_guard:visibility_guard_test (6 packages loaded, 0 targets configured)

Analyzing: target //quality/visibility_guard:visibility_guard_test (99 packages loaded, 10 targets configured)

Analyzing: target //quality/visibility_guard:visibility_guard_test (168 packages loaded, 6242 targets configured)

INFO: Analyzed target //quality/visibility_guard:visibility_guard_test (175 packages loaded, 11295 targets configured).
[10 / 11] [Prepa] Testing //quality/visibility_guard:visibility_guard_test
[10 / 11] Testing //quality/visibility_guard:visibility_guard_test; 1s local
[10 / 11] Testing //quality/visibility_guard:visibility_guard_test; 10s local
[10 / 11] Testing //quality/visibility_guard:visibility_guard_test; 40s local
[10 / 11] Testing //quality/visibility_guard:visibility_guard_test; 70s local
INFO: Found 1 test target...
Target //quality/visibility_guard:visibility_guard_test up-to-date:
  bazel-bin/quality/visibility_guard/visibility_guard_test
INFO: Elapsed time: 80.872s, Critical Path: 70.70s
INFO: 2 processes: 10 action cache hit, 2 local.
INFO: Build completed successfully, 2 total actions
