$TEST_TMPDIR defined, some defaults will be overridden
OpenJDK 64-Bit Server VM warning: Options -Xverify:none and -noverify were deprecated in JDK 13 and will likely be removed in a future release.
WARNING: The following configs were expanded more than once: [linux_x64_gcc_15]. For repeatable flags, repeats are counted twice and may lead to unexpected behavior.
Computing main repo mapping: 
WARNING: The following configs were expanded more than once: [linux_x64_gcc_15]. For repeatable flags, repeats are counted twice and may lead to unexpected behavior.
Computing main repo mapping: 
Computing main repo mapping: 
Computing main repo mapping: 
Computing main repo mapping: 
Loading: 
Loading: 5 packages loaded
Analyzing: 2 targets (7 packages loaded, 0 targets configured)
Analyzing: 2 targets (7 packages loaded, 0 targets configured)

Analyzing: 2 targets (75 packages loaded, 45 targets configured)

Analyzing: 2 targets (167 packages loaded, 6277 targets configured)

WARNING: /media/jefferson/11c42dee-73a3-4c2b-ab42-a0440011d9e0/.s-core-build/runs/score-rust-resumed-67y5042v/workspaces/173/MODULE.bazel:196:20: The module extension apt defined in @rules_distroless//apt:extensions.bzl reported incorrect imports of repositories via use_repo():

Imported, but reported as indirect dependencies by the extension:
    ubuntu24_04_sysroot_resolve

Fix the use_repo calls by running 'bazel mod tidy'.
Analyzing: 2 targets (467 packages loaded, 15382 targets configured)

Analyzing: 2 targets (475 packages loaded, 15462 targets configured)

Analyzing: 2 targets (479 packages loaded, 15467 targets configured)

Analyzing: 2 targets (481 packages loaded, 15469 targets configured)

Analyzing: 2 targets (481 packages loaded, 15469 targets configured)

Analyzing: 2 targets (481 packages loaded, 15469 targets configured)

Analyzing: 2 targets (488 packages loaded, 15493 targets configured)

Analyzing: 2 targets (505 packages loaded, 15571 targets configured)

Analyzing: 2 targets (514 packages loaded, 15616 targets configured)

Analyzing: 2 targets (520 packages loaded, 15646 targets configured)

Analyzing: 2 targets (521 packages loaded, 15648 targets configured)

Analyzing: 2 targets (521 packages loaded, 15648 targets configured)

Analyzing: 2 targets (521 packages loaded, 15648 targets configured)

Analyzing: 2 targets (521 packages loaded, 15648 targets configured)

Analyzing: 2 targets (521 packages loaded, 15648 targets configured)

Analyzing: 2 targets (521 packages loaded, 15648 targets configured)

Analyzing: 2 targets (523 packages loaded, 15878 targets configured)

Analyzing: 2 targets (523 packages loaded, 15878 targets configured)

Analyzing: 2 targets (523 packages loaded, 15878 targets configured)

Analyzing: 2 targets (523 packages loaded, 15878 targets configured)

Analyzing: 2 targets (523 packages loaded, 15878 targets configured)

Analyzing: 2 targets (523 packages loaded, 15878 targets configured)

Analyzing: 2 targets (523 packages loaded, 15878 targets configured)

Analyzing: 2 targets (523 packages loaded, 15878 targets configured)

Analyzing: 2 targets (523 packages loaded, 15878 targets configured)

Analyzing: 2 targets (523 packages loaded, 15878 targets configured)

Analyzing: 2 targets (523 packages loaded, 15878 targets configured)

Analyzing: 2 targets (523 packages loaded, 15878 targets configured)

Analyzing: 2 targets (523 packages loaded, 15878 targets configured)

Analyzing: 2 targets (523 packages loaded, 15878 targets configured)

Analyzing: 2 targets (523 packages loaded, 15878 targets configured)

Analyzing: 2 targets (523 packages loaded, 15878 targets configured)

Analyzing: 2 targets (523 packages loaded, 15878 targets configured)

Analyzing: 2 targets (523 packages loaded, 15878 targets configured)

Analyzing: 2 targets (523 packages loaded, 15878 targets configured)

Analyzing: 2 targets (523 packages loaded, 15878 targets configured)

Analyzing: 2 targets (523 packages loaded, 15878 targets configured)

Analyzing: 2 targets (523 packages loaded, 15878 targets configured)

Analyzing: 2 targets (523 packages loaded, 15878 targets configured)

Analyzing: 2 targets (523 packages loaded, 15878 targets configured)

Analyzing: 2 targets (523 packages loaded, 15878 targets configured)

Analyzing: 2 targets (523 packages loaded, 15878 targets configured)

Analyzing: 2 targets (523 packages loaded, 15878 targets configured)

Analyzing: 2 targets (523 packages loaded, 15878 targets configured)

Analyzing: 2 targets (523 packages loaded, 15878 targets configured)

Analyzing: 2 targets (523 packages loaded, 15878 targets configured)

Analyzing: 2 targets (523 packages loaded, 15878 targets configured)

Analyzing: 2 targets (523 packages loaded, 15878 targets configured)

Analyzing: 2 targets (523 packages loaded, 15878 targets configured)

Analyzing: 2 targets (523 packages loaded, 15878 targets configured)

Analyzing: 2 targets (526 packages loaded, 17777 targets configured)

Analyzing: 2 targets (526 packages loaded, 17777 targets configured)

Analyzing: 2 targets (526 packages loaded, 17777 targets configured)

Analyzing: 2 targets (540 packages loaded, 17989 targets configured)

Analyzing: 2 targets (540 packages loaded, 17989 targets configured)

Analyzing: 2 targets (549 packages loaded, 18133 targets configured)

Analyzing: 2 targets (554 packages loaded, 18262 targets configured)

Analyzing: 2 targets (559 packages loaded, 18695 targets configured)

INFO: Analyzed 2 targets (560 packages loaded, 18817 targets configured).
[89 / 1,534] checking cached actions
[666 / 1,534] Compiling score/mw/com/com_error_domain.cpp; 0s linux-sandbox
INFO: From Compiling score/mw/com/com_error_domain.cpp:
In file included from ./score/mw/com/com_error_domain.h:16,
                 from score/mw/com/com_error_domain.cpp:13:
./score/mw/com/impl/com_error.h: In member function 'virtual std::string_view score::mw::com::impl::ComErrorDomain::MessageFor(const score::result::ErrorCode&) const':
./score/mw/com/impl/com_error.h:186:65: warning: 'score::mw::com::impl::ComErrc::kServiceInstanceAlreadyOffered' is deprecated: Value has never been used. Calls to OfferService shall be idempotent. [-Wdeprecated-declarations]
  186 |             case static_cast<score::result::ErrorCode>(ComErrc::kServiceInstanceAlreadyOffered):
      |                                                                 ^~~~~~~~~~~~~~~~~~~~~~~~~~~~~~
./score/mw/com/impl/com_error.h:57:5: note: declared here
   57 |     kServiceInstanceAlreadyOffered
      |     ^~~~~~~~~~~~~~~~~~~~~~~~~~~~~~
[944 / 1,534] Compiling score/memory/shared/string.cpp; 0s linux-sandbox ... (2 actions, 1 running)
[1,193 / 1,534] Compiling support/regex.c [for tool]; 0s linux-sandbox ... (2 actions, 1 running)
[1,196 / 1,534] Compiling support/regex.c [for tool]; 1s linux-sandbox ... (2 actions, 1 running)
[1,200 / 1,534] Compiling eval.c [for tool]; 1s linux-sandbox ... (2 actions, 1 running)
[1,204 / 1,534] Compiling debug.c [for tool]; 0s linux-sandbox ... (2 actions, 1 running)
[1,210 / 1,534] Compiling builtin.c [for tool]; 0s linux-sandbox ... (2 actions, 1 running)
[1,213 / 1,534] Compiling awkgram.c [for tool]; 0s linux-sandbox ... (2 actions, 1 running)
[1,223 / 1,534] Compiling score/mw/com/test/common_test_resources/big_datatype.cpp; 0s linux-sandbox ... (2 actions, 1 running)
[1,238 / 1,534] Compiling score/mw/com/test/common_test_resources/big_datatype.cpp; 1s linux-sandbox ... (2 actions, 1 running)
[1,252 / 1,534] Compiling score/mw/com/test/common_test_resources/big_datatype.cpp; 2s linux-sandbox ... (2 actions running)
INFO: From Compiling score/mw/com/test/common_test_resources/big_datatype.cpp:
In file included from ./score/mw/com/impl/instance_identifier.h:16,
                 from ./score/mw/com/impl/handle_type.h:18,
                 from ./score/mw/com/impl/proxy_base.h:18,
                 from ./score/mw/com/impl/generic_proxy_event.h:18,
                 from ./score/mw/com/impl/generic_proxy.h:18,
                 from ./score/mw/com/types.h:24,
                 from ./score/mw/com/test/common_test_resources/big_datatype.h:20,
                 from score/mw/com/test/common_test_resources/big_datatype.cpp:14:
./score/mw/com/impl/com_error.h: In member function 'virtual std::string_view score::mw::com::impl::ComErrorDomain::MessageFor(const score::result::ErrorCode&) const':
./score/mw/com/impl/com_error.h:186:65: warning: 'score::mw::com::impl::ComErrc::kServiceInstanceAlreadyOffered' is deprecated: Value has never been used. Calls to OfferService shall be idempotent. [-Wdeprecated-declarations]
  186 |             case static_cast<score::result::ErrorCode>(ComErrc::kServiceInstanceAlreadyOffered):
      |                                                                 ^~~~~~~~~~~~~~~~~~~~~~~~~~~~~~
./score/mw/com/impl/com_error.h:57:5: note: declared here
   57 |     kServiceInstanceAlreadyOffered
      |     ^~~~~~~~~~~~~~~~~~~~~~~~~~~~~~
[1,275 / 1,534] Compiling score/mw/com/test/basic_rust_api/bigdata_com_api_gen.cpp; 0s linux-sandbox ... (2 actions running)
[1,299 / 1,534] Compiling score/mw/com/test/basic_rust_api/bigdata_com_api_gen.cpp; 1s linux-sandbox ... (2 actions, 1 running)
[1,311 / 1,534] Compiling score/mw/com/test/basic_rust_api/bigdata_com_api_gen.cpp; 2s linux-sandbox ... (2 actions, 1 running)
[1,373 / 1,534] Compiling score/mw/com/test/basic_rust_api/bigdata_com_api_gen.cpp; 3s linux-sandbox ... (2 actions, 1 running)
[1,453 / 1,534] Compiling score/mw/com/test/basic_rust_api/bigdata_com_api_gen.cpp; 4s linux-sandbox ... (2 actions, 1 running)
INFO: From Compiling score/mw/com/test/basic_rust_api/bigdata_com_api_gen.cpp:
In file included from ./score/mw/com/impl/instance_identifier.h:16,
                 from ./score/mw/com/impl/handle_type.h:18,
                 from ./score/mw/com/impl/proxy_base.h:18,
                 from ./score/mw/com/impl/generic_proxy_event.h:18,
                 from ./score/mw/com/impl/generic_proxy.h:18,
                 from ./score/mw/com/types.h:24,
                 from ./score/mw/com/test/common_test_resources/big_datatype.h:20,
                 from ./score/mw/com/test/basic_rust_api/bigdata_com_api_gen.h:19,
                 from score/mw/com/test/basic_rust_api/bigdata_com_api_gen.cpp:14:
./score/mw/com/impl/com_error.h: In member function 'virtual std::string_view score::mw::com::impl::ComErrorDomain::MessageFor(const score::result::ErrorCode&) const':
./score/mw/com/impl/com_error.h:186:65: warning: 'score::mw::com::impl::ComErrc::kServiceInstanceAlreadyOffered' is deprecated: Value has never been used. Calls to OfferService shall be idempotent. [-Wdeprecated-declarations]
  186 |             case static_cast<score::result::ErrorCode>(ComErrc::kServiceInstanceAlreadyOffered):
      |                                                                 ^~~~~~~~~~~~~~~~~~~~~~~~~~~~~~
./score/mw/com/impl/com_error.h:57:5: note: declared here
   57 |     kServiceInstanceAlreadyOffered
      |     ^~~~~~~~~~~~~~~~~~~~~~~~~~~~~~
[1,461 / 1,534] Compiling score/mw/com/rust/score_com_cpp_bridge/register_interface.cpp; 1s linux-sandbox ... (2 actions running)
INFO: From Compiling score/mw/com/rust/score_com_cpp_bridge/register_interface.cpp:
In file included from ./score/mw/com/impl/instance_identifier.h:16,
                 from ./score/mw/com/impl/handle_type.h:18,
                 from ./score/mw/com/impl/proxy_base.h:18,
                 from ./score/mw/com/impl/rust/com-api/com-api-ffi-lola/registry_bridge_macro.h:68,
                 from ./score/mw/com/rust/score_com_cpp_bridge/register_interface.h:45,
                 from score/mw/com/rust/score_com_cpp_bridge/register_interface.cpp:14:
./score/mw/com/impl/com_error.h: In member function 'virtual std::string_view score::mw::com::impl::ComErrorDomain::MessageFor(const score::result::ErrorCode&) const':
./score/mw/com/impl/com_error.h:186:65: warning: 'score::mw::com::impl::ComErrc::kServiceInstanceAlreadyOffered' is deprecated: Value has never been used. Calls to OfferService shall be idempotent. [-Wdeprecated-declarations]
  186 |             case static_cast<score::result::ErrorCode>(ComErrc::kServiceInstanceAlreadyOffered):
      |                                                                 ^~~~~~~~~~~~~~~~~~~~~~~~~~~~~~
./score/mw/com/impl/com_error.h:57:5: note: declared here
   57 |     kServiceInstanceAlreadyOffered
      |     ^~~~~~~~~~~~~~~~~~~~~~~~~~~~~~
[1,520 / 1,534] Compiling Rust rlib heck v0.5.0 (9 files) [for tool]; 0s linux-sandbox
[1,521 / 1,534] Compiling Rust proc-macro clap_derive v4.6.7 (16 files) [for tool]; 1s linux-sandbox
[1,522 / 1,534] [Prepa] Compiling Rust rlib clap v4.6.7 (85 files)
[1,523 / 1,534] Compiling Rust bin bigdata-consumer-async (1 file); 1s linux-sandbox ... (2 actions running)
[1,528 / 1,534] OCI Image //score/mw/com/test/basic_rust_api/consumer_async_apis/integration_test:_image_test_com_api_async; 1s linux-sandbox ... (2 actions, 1 running)
[1,532 / 1,535] OCI Image //score/mw/com/test/basic_rust_api/consumer_sync_apis/integration_test:_image_test_com_api_sync; 0s linux-sandbox ... (2 actions running)
[1,533 / 1,535] Testing //score/mw/com/test/basic_rust_api/consumer_async_apis/integration_test:test_com_api_async; 1s linux-sandbox ... (2 actions, 1 running)
[1,534 / 1,536] Testing //score/mw/com/test/basic_rust_api/consumer_async_apis/integration_test:test_com_api_async; 3s linux-sandbox ... (2 actions, 1 running)
[1,534 / 1,536] Testing //score/mw/com/test/basic_rust_api/consumer_async_apis/integration_test:test_com_api_async; 12s linux-sandbox ... (2 actions, 1 running)
[1,534 / 1,536] Testing //score/mw/com/test/basic_rust_api/consumer_async_apis/integration_test:test_com_api_async; 25s linux-sandbox ... (2 actions running)
[1,535 / 1,536] 1 / 2 tests; Testing //score/mw/com/test/basic_rust_api/consumer_sync_apis/integration_test:test_com_api_sync; 1s linux-sandbox
[1,535 / 1,536] 1 / 2 tests; Testing //score/mw/com/test/basic_rust_api/consumer_sync_apis/integration_test:test_com_api_sync; 11s linux-sandbox
[1,535 / 1,536] 2 / 2 tests; Testing //score/mw/com/test/basic_rust_api/consumer_sync_apis/integration_test:test_com_api_sync; 25s linux-sandbox
INFO: Found 2 test targets...
INFO: Elapsed time: 151.782s, Critical Path: 58.54s
INFO: 334 processes: 1216 action cache hit, 136 internal, 198 linux-sandbox.
INFO: Build completed successfully, 334 total actions
INFO: 
//score/mw/com/test/basic_rust_api/consumer_async_apis/integration_test:test_com_api_async PASSED in 25.7s
//score/mw/com/test/basic_rust_api/consumer_sync_apis/integration_test:test_com_api_sync PASSED in 25.2s

Executed 2 out of 2 tests: 2 tests pass.
There were tests whose specified size is too big. Use the --test_verbose_timeout_warnings command line option to see which ones these are.
INFO: Build Event Protocol files produced successfully.
