$TEST_TMPDIR defined, some defaults will be overridden
OpenJDK 64-Bit Server VM warning: Options -Xverify:none and -noverify were deprecated in JDK 13 and will likely be removed in a future release.
Computing main repo mapping: 
Computing main repo mapping: 
Computing main repo mapping: 
Computing main repo mapping: 
Computing main repo mapping: 
Loading: 
Loading: 6 packages loaded
Analyzing: 2 targets (8 packages loaded, 0 targets configured)
Analyzing: 2 targets (8 packages loaded, 0 targets configured)

Analyzing: 2 targets (108 packages loaded, 29 targets configured)

Analyzing: 2 targets (295 packages loaded, 11782 targets configured)

Analyzing: 2 targets (370 packages loaded, 14945 targets configured)
[7 / 12] checking cached actions
Analyzing: 2 targets (370 packages loaded, 14945 targets configured)
[48 / 275] checking cached actions
Analyzing: 2 targets (370 packages loaded, 14945 targets configured)
[81 / 290] checking cached actions
Analyzing: 2 targets (370 packages loaded, 14945 targets configured)
[96 / 290] checking cached actions
Analyzing: 2 targets (371 packages loaded, 14951 targets configured)
[290 / 290] no actions running
Analyzing: 2 targets (371 packages loaded, 14951 targets configured)
[290 / 290] no actions running
INFO: Analyzed 2 targets (372 packages loaded, 19995 targets configured).
INFO: From Action score/mw/com/rust/score_com_concept/score_com_concept.AspectRulesLintClippy.report:
Successfully wrote output to bazel-out/k8-fastbuild/bin/score/mw/com/rust/score_com_concept/score_com_concept.AspectRulesLintClippy.report
INFO: From Action score/mw/com/rust/score_com_concept/score_com_concept.AspectRulesLintClippy.out:

INFO: From Action score/mw/com/rust/score_com.AspectRulesLintClippy.out:

INFO: From Action score/mw/com/rust/score_com.AspectRulesLintClippy.report:
Successfully wrote output to bazel-out/k8-fastbuild/bin/score/mw/com/rust/score_com.AspectRulesLintClippy.report
INFO: Found 2 targets...
INFO: Elapsed time: 16.794s, Critical Path: 0.50s
INFO: 18 processes: 303 action cache hit, 10 internal, 6 linux-sandbox, 2 local.
INFO: Build completed successfully, 18 total actions
