$TEST_TMPDIR defined, some defaults will be overridden
OpenJDK 64-Bit Server VM warning: Options -Xverify:none and -noverify were deprecated in JDK 13 and will likely be removed in a future release.
WARNING: The following configs were expanded more than once: [linux_x64_gcc_15]. For repeatable flags, repeats are counted twice and may lead to unexpected behavior.
Computing main repo mapping: 
Computing main repo mapping: 
WARNING: The following configs were expanded more than once: [linux_x64_gcc_15]. For repeatable flags, repeats are counted twice and may lead to unexpected behavior.
Computing main repo mapping: 
Computing main repo mapping: 
Computing main repo mapping: 
Computing main repo mapping: 
Computing main repo mapping: 
Computing main repo mapping: 
Computing main repo mapping: 
Computing main repo mapping: 
Computing main repo mapping: 
Computing main repo mapping: 
Loading: 
Loading: 5 packages loaded
Analyzing: target //score/mw/com/impl/rust/com-api/com-api-runtime-lola:com-api-runtime-lola-tests (6 packages loaded, 0 targets configured)
Analyzing: target //score/mw/com/impl/rust/com-api/com-api-runtime-lola:com-api-runtime-lola-tests (6 packages loaded, 0 targets configured)

Analyzing: target //score/mw/com/impl/rust/com-api/com-api-runtime-lola:com-api-runtime-lola-tests (12 packages loaded, 9 targets configured)

Analyzing: target //score/mw/com/impl/rust/com-api/com-api-runtime-lola:com-api-runtime-lola-tests (32 packages loaded, 9 targets configured)

Analyzing: target //score/mw/com/impl/rust/com-api/com-api-runtime-lola:com-api-runtime-lola-tests (96 packages loaded, 9 targets configured)

Analyzing: target //score/mw/com/impl/rust/com-api/com-api-runtime-lola:com-api-runtime-lola-tests (98 packages loaded, 9 targets configured)

Analyzing: target //score/mw/com/impl/rust/com-api/com-api-runtime-lola:com-api-runtime-lola-tests (158 packages loaded, 2161 targets configured)

Analyzing: target //score/mw/com/impl/rust/com-api/com-api-runtime-lola:com-api-runtime-lola-tests (161 packages loaded, 3160 targets configured)

Analyzing: target //score/mw/com/impl/rust/com-api/com-api-runtime-lola:com-api-runtime-lola-tests (209 packages loaded, 8367 targets configured)

Analyzing: target //score/mw/com/impl/rust/com-api/com-api-runtime-lola:com-api-runtime-lola-tests (296 packages loaded, 11838 targets configured)

Analyzing: target //score/mw/com/impl/rust/com-api/com-api-runtime-lola:com-api-runtime-lola-tests (370 packages loaded, 14828 targets configured)

Analyzing: target //score/mw/com/impl/rust/com-api/com-api-runtime-lola:com-api-runtime-lola-tests (370 packages loaded, 15116 targets configured)

INFO: Analyzed target //score/mw/com/impl/rust/com-api/com-api-runtime-lola:com-api-runtime-lola-tests (373 packages loaded, 15138 targets configured).
[1 / 1] no actions running
[10 / 456] checking cached actions
[48 / 1,174] [Prepa] Writing repo mapping manifest for @@rules_rust++crate+crate_index__mockall_derive-0.14.0//:_bs- [for tool]
[60 / 1,272] checking cached actions
[75 / 1,272] [Prepa] Creating symlink to ambiguous lib: external/score_baselibs++_repo_rules+acl-deb/usr/lib/x86_64-linux-gnu/libacl.a
[96 / 1,272] checking cached actions
[252 / 1,272] [Prepa] Creating symlink to ambiguous lib: bazel-out/k8-fastbuild/bin/external/score_baselibs+/score/language/safecpp/safe_atomics/liberror.a
[426 / 1,272] [Prepa] Creating symlink to ambiguous lib: bazel-out/k8-fastbuild/bin/external/score_baselibs+/score/os/utils/acl/libacl.a
[553 / 1,272] checking cached actions
[723 / 1,272] [Prepa] Creating symlink to ambiguous lib: bazel-out/k8-fastbuild/bin/score/mw/com/impl/libflag_owner.a
[877 / 1,272] [Prepa] Creating symlink to ambiguous lib: bazel-out/k8-fastbuild/bin/score/mw/com/impl/bindings/mock_binding/libsample_allocatee_ptr.a
[1,056 / 1,272] checking cached actions
[1,147 / 1,272] checking cached actions
[1,220 / 1,272] Compiling Rust bin _bs_ (9 files) [for tool]; 0s linux-sandbox ... (2 actions running)
[1,229 / 1,272] Running Cargo build script mockall_derive [for tool]; 0s linux-sandbox ... (2 actions running)
[1,242 / 1,272] Compiling Rust rlib termtree v0.5.1 (4 files); 0s linux-sandbox ... (2 actions running)
[1,250 / 1,272] Compiling Rust rlib cfg_if v1.0.5 (2 files); 0s linux-sandbox ... (2 actions running)
[1,260 / 1,272] Compiling Rust rlib downcast v0.11.0 (5 files); 0s linux-sandbox ... (2 actions, 1 running)
[1,268 / 1,272] Compiling Rust proc-macro mockall_derive v0.14.0 (9 files) [for tool]; 1s linux-sandbox
[1,268 / 1,272] Compiling Rust proc-macro mockall_derive v0.14.0 (9 files) [for tool]; 11s linux-sandbox
[1,269 / 1,272] [Prepa] Compiling Rust rlib mockall v0.14.0 (3 files)
[1,270 / 1,272] Compiling Rust rlib bridge_ffi_mock (1 file); 0s linux-sandbox
[1,271 / 1,272] [Prepa] Compiling Rust bin com-api-runtime-lola-tests (4 files)
[1,271 / 1,272] Compiling Rust bin com-api-runtime-lola-tests (4 files); 1s linux-sandbox
[1,272 / 1,273] [Prepa] Testing //score/mw/com/impl/rust/com-api/com-api-runtime-lola:com-api-runtime-lola-tests
INFO: Found 1 test target...
Target //score/mw/com/impl/rust/com-api/com-api-runtime-lola:com-api-runtime-lola-tests up-to-date:
  bazel-bin/score/mw/com/impl/rust/com-api/com-api-runtime-lola/test-54569430/com-api-runtime-lola-tests
INFO: Elapsed time: 113.726s, Critical Path: 47.75s
INFO: 70 processes: 1217 action cache hit, 41 internal, 29 linux-sandbox.
INFO: Build completed successfully, 70 total actions
INFO: 
//score/mw/com/impl/rust/com-api/com-api-runtime-lola:com-api-runtime-lola-tests PASSED in 0.1s

Executed 1 out of 1 test: 1 test passes.
There were tests whose specified size is too big. Use the --test_verbose_timeout_warnings command line option to see which ones these are.
INFO: Build Event Protocol files produced successfully.
