$TEST_TMPDIR defined, some defaults will be overridden
WARNING: Duplicate rc file: /media/jefferson/11c42dee-73a3-4c2b-ab42-a0440011d9e0/.s-core-build/runs/score-rust-issue-queue-ycbvxir7/workspaces/781/quality/static_analysis/static_analysis.bazelrc is read multiple times, it is a standard rc file location but must have been unnecessarily imported earlier.
OpenJDK 64-Bit Server VM warning: Options -Xverify:none and -noverify were deprecated in JDK 13 and will likely be removed in a future release.
WARNING: The following configs were expanded more than once: [_lint]. For repeatable flags, repeats are counted twice and may lead to unexpected behavior.
Computing main repo mapping: 
WARNING: The following configs were expanded more than once: [_lint]. For repeatable flags, repeats are counted twice and may lead to unexpected behavior.
Computing main repo mapping: 
Computing main repo mapping: 
Computing main repo mapping: 
Computing main repo mapping: 
Computing main repo mapping: 
Loading: 
Loading: 6 packages loaded
Analyzing: target //score/mw/com/impl/plumbing/rust:method_in_arg_ptr_rs (7 packages loaded, 0 targets configured)
Analyzing: target //score/mw/com/impl/plumbing/rust:method_in_arg_ptr_rs (7 packages loaded, 0 targets configured)

ERROR: aspect @@score_rust_policies+//clippy:linters.bzl%clippy_strict added more than once
Analyzing: target //score/mw/com/impl/plumbing/rust:method_in_arg_ptr_rs (99 packages loaded, 9 targets configured)

Analyzing: target //score/mw/com/impl/plumbing/rust:method_in_arg_ptr_rs (171 packages loaded, 6330 targets configured)

INFO: Analyzed target //score/mw/com/impl/plumbing/rust:method_in_arg_ptr_rs (175 packages loaded, 9512 targets configured).
WARNING: errors encountered while analyzing target '//score/mw/com/impl/plumbing/rust:method_in_arg_ptr_rs', it will not be built.
aspect @@score_rust_policies+//clippy:linters.bzl%clippy_strict added more than once
INFO: Found 1 target...
Target //score/mw/com/impl/plumbing/rust:method_in_arg_ptr_rs up-to-date:
  bazel-bin/score/mw/com/impl/plumbing/rust/libmethod_in_arg_ptr_rs-375123505.rlib
ERROR: command succeeded, but not all targets were analyzed
INFO: Elapsed time: 12.297s, Critical Path: 0.03s
INFO: 1 process: 106 action cache hit, 1 internal.
ERROR: Build did NOT complete successfully
