$TEST_TMPDIR defined, some defaults will be overridden
WARNING: Duplicate rc file: /media/jefferson/11c42dee-73a3-4c2b-ab42-a0440011d9e0/.s-core-build/runs/score-rust-issue-queue-ycbvxir7/workspaces/781/quality/static_analysis/static_analysis.bazelrc is read multiple times, it is a standard rc file location but must have been unnecessarily imported earlier.
OpenJDK 64-Bit Server VM warning: Options -Xverify:none and -noverify were deprecated in JDK 13 and will likely be removed in a future release.
WARNING: The following configs were expanded more than once: [linux_x64_gcc_15]. For repeatable flags, repeats are counted twice and may lead to unexpected behavior.
Computing main repo mapping: 
Computing main repo mapping: 
WARNING: The following configs were expanded more than once: [linux_x64_gcc_15]. For repeatable flags, repeats are counted twice and may lead to unexpected behavior.
Computing main repo mapping: 
Computing main repo mapping: 
Computing main repo mapping: 
Computing main repo mapping: 
Computing main repo mapping: 
Computing main repo mapping: 
Loading: 
Loading: 5 packages loaded
Analyzing: target //score/mw/com/impl/plumbing/rust:method_in_arg_ptr_test_rs (6 packages loaded, 0 targets configured)
Analyzing: target //score/mw/com/impl/plumbing/rust:method_in_arg_ptr_test_rs (6 packages loaded, 0 targets configured)

Analyzing: target //score/mw/com/impl/plumbing/rust:method_in_arg_ptr_test_rs (98 packages loaded, 10 targets configured)

Analyzing: target //score/mw/com/impl/plumbing/rust:method_in_arg_ptr_test_rs (227 packages loaded, 10113 targets configured)

INFO: Analyzed target //score/mw/com/impl/plumbing/rust:method_in_arg_ptr_test_rs (229 packages loaded, 10343 targets configured).
[107 / 473] [Prepa] Linking external/score_baselibs+/score/mw/log/detail/libinitialization_reporter.a
[210 / 473] Compiling score/memory/shared/shared_memory_error.cpp; 0s linux-sandbox ... (2 actions, 1 running)
[259 / 473] Compiling score/mw/com/impl/configuration/i_configuration_parsing_strategy.cpp; 0s linux-sandbox ... (2 actions, 1 running)
[285 / 473] Compiling score/mw/com/impl/configuration/i_configuration_parsing_strategy.cpp; 1s linux-sandbox ... (2 actions running)
INFO: From Compiling score/mw/com/impl/configuration/i_configuration_parsing_strategy.cpp:
In file included from ./score/mw/com/impl/configuration/service_instance_deployment.h:17,
                 from ./score/mw/com/impl/configuration/configuration.h:18,
                 from ./score/mw/com/impl/configuration/i_configuration_parsing_strategy.h:16,
                 from score/mw/com/impl/configuration/i_configuration_parsing_strategy.cpp:13:
./score/mw/com/impl/com_error.h: In member function 'virtual std::string_view score::mw::com::impl::ComErrorDomain::MessageFor(const score::result::ErrorCode&) const':
./score/mw/com/impl/com_error.h:186:65: warning: 'score::mw::com::impl::ComErrc::kServiceInstanceAlreadyOffered' is deprecated: Value has never been used. Calls to OfferService shall be idempotent. [-Wdeprecated-declarations]
  186 |             case static_cast<score::result::ErrorCode>(ComErrc::kServiceInstanceAlreadyOffered):
      |                                                                 ^~~~~~~~~~~~~~~~~~~~~~~~~~~~~~
./score/mw/com/impl/com_error.h:57:5: note: declared here
   57 |     kServiceInstanceAlreadyOffered
      |     ^~~~~~~~~~~~~~~~~~~~~~~~~~~~~~
[287 / 473] [Prepa] Linking external/score_baselibs+/score/filesystem/libfile_status.a
[290 / 473] Compiling score/mw/com/impl/configuration/configuration_json_parsing_strategy.cpp; 1s linux-sandbox ... (2 actions, 1 running)
[291 / 473] Compiling score/mw/com/impl/configuration/configuration_json_parsing_strategy.cpp; 2s linux-sandbox ... (2 actions, 1 running)
[338 / 473] Compiling score/mw/com/impl/configuration/configuration_json_parsing_strategy.cpp; 3s linux-sandbox ... (2 actions, 1 running)
[413 / 473] Compiling score/mw/com/impl/configuration/configuration_json_parsing_strategy.cpp; 4s linux-sandbox ... (2 actions, 1 running)
[461 / 473] Compiling score/mw/com/impl/configuration/configuration_json_parsing_strategy.cpp; 5s linux-sandbox ... (2 actions, 1 running)
[468 / 473] Compiling score/mw/com/impl/configuration/configuration_json_parsing_strategy.cpp; 6s linux-sandbox ... (2 actions running)
INFO: From Compiling score/mw/com/impl/configuration/configuration_json_parsing_strategy.cpp:
In file included from ./score/mw/com/impl/configuration/service_instance_deployment.h:17,
                 from ./score/mw/com/impl/configuration/configuration.h:18,
                 from ./score/mw/com/impl/configuration/i_configuration_parsing_strategy.h:16,
                 from ./score/mw/com/impl/configuration/configuration_json_parsing_strategy.h:16,
                 from score/mw/com/impl/configuration/configuration_json_parsing_strategy.cpp:13:
./score/mw/com/impl/com_error.h: In member function 'virtual std::string_view score::mw::com::impl::ComErrorDomain::MessageFor(const score::result::ErrorCode&) const':
./score/mw/com/impl/com_error.h:186:65: warning: 'score::mw::com::impl::ComErrc::kServiceInstanceAlreadyOffered' is deprecated: Value has never been used. Calls to OfferService shall be idempotent. [-Wdeprecated-declarations]
  186 |             case static_cast<score::result::ErrorCode>(ComErrc::kServiceInstanceAlreadyOffered):
      |                                                                 ^~~~~~~~~~~~~~~~~~~~~~~~~~~~~~
./score/mw/com/impl/com_error.h:57:5: note: declared here
   57 |     kServiceInstanceAlreadyOffered
      |     ^~~~~~~~~~~~~~~~~~~~~~~~~~~~~~
INFO: From Compiling score/mw/com/impl/configuration/config_validate.cpp:
In file included from ./score/mw/com/impl/configuration/service_instance_deployment.h:17,
                 from ./score/mw/com/impl/configuration/configuration.h:18,
                 from ./score/mw/com/impl/configuration/config_validate.h:17,
                 from score/mw/com/impl/configuration/config_validate.cpp:13:
./score/mw/com/impl/com_error.h: In member function 'virtual std::string_view score::mw::com::impl::ComErrorDomain::MessageFor(const score::result::ErrorCode&) const':
./score/mw/com/impl/com_error.h:186:65: warning: 'score::mw::com::impl::ComErrc::kServiceInstanceAlreadyOffered' is deprecated: Value has never been used. Calls to OfferService shall be idempotent. [-Wdeprecated-declarations]
  186 |             case static_cast<score::result::ErrorCode>(ComErrc::kServiceInstanceAlreadyOffered):
      |                                                                 ^~~~~~~~~~~~~~~~~~~~~~~~~~~~~~
./score/mw/com/impl/com_error.h:57:5: note: declared here
   57 |     kServiceInstanceAlreadyOffered
      |     ^~~~~~~~~~~~~~~~~~~~~~~~~~~~~~
[472 / 473] Compiling Rust bin method_in_arg_ptr_test_rs_linux (1 file); 0s linux-sandbox
INFO: Found 1 test target...
Target //score/mw/com/impl/plumbing/rust:method_in_arg_ptr_test_rs up-to-date:
  bazel-bin/score/mw/com/impl/plumbing/rust/method_in_arg_ptr_test_rs
INFO: Elapsed time: 27.771s, Critical Path: 7.73s
INFO: 184 processes: 292 action cache hit, 16 internal, 168 linux-sandbox.
INFO: Build completed successfully, 184 total actions
INFO: 
//score/mw/com/impl/plumbing/rust:method_in_arg_ptr_test_rs              PASSED in 0.0s

Executed 1 out of 1 test: 1 test passes.
There were tests whose specified size is too big. Use the --test_verbose_timeout_warnings command line option to see which ones these are.
INFO: Build Event Protocol files produced successfully.
