$TEST_TMPDIR defined, some defaults will be overridden
Extracting Bazel installation...
OpenJDK 64-Bit Server VM warning: Options -Xverify:none and -noverify were deprecated in JDK 13 and will likely be removed in a future release.
INFO: Invocation ID: ab48c1f4-e770-45fd-a0f3-be8296092975
Computing main repo mapping: 
Computing main repo mapping: 
Computing main repo mapping: 
Computing main repo mapping: 
Computing main repo mapping: 
Computing main repo mapping: 
Computing main repo mapping: 
Computing main repo mapping: 
Computing main repo mapping: 
Computing main repo mapping: 
Computing main repo mapping: 
Computing main repo mapping: 
Loading: 
Loading: 0 packages loaded
Loading: 0 packages loaded
Loading: 0 packages loaded
Loading: 0 packages loaded
Loading: 0 packages loaded
Loading: 0 packages loaded
Loading: 0 packages loaded
Loading: 0 packages loaded
    currently loading: 
Loading: 0 packages loaded
    currently loading: 
Loading: 0 packages loaded
    currently loading: 
Loading: 0 packages loaded
    currently loading: 
Loading: 0 packages loaded
    currently loading: 
Loading: 0 packages loaded
    currently loading: 
Loading: 0 packages loaded
    currently loading: 
Loading: 0 packages loaded
    currently loading: 
Loading: 0 packages loaded
    currently loading: 
Loading: 0 packages loaded
    currently loading: 
Analyzing: target //:docs_check (1 packages loaded, 0 targets configured)
Analyzing: target //:docs_check (1 packages loaded, 0 targets configured)

Analyzing: target //:docs_check (65 packages loaded, 8 targets configured)

Analyzing: target //:docs_check (74 packages loaded, 8 targets configured)

Analyzing: target //:docs_check (79 packages loaded, 8 targets configured)

Analyzing: target //:docs_check (79 packages loaded, 8 targets configured)

Analyzing: target //:docs_check (79 packages loaded, 8 targets configured)

Analyzing: target //:docs_check (79 packages loaded, 8 targets configured)

Analyzing: target //:docs_check (79 packages loaded, 8 targets configured)

Analyzing: target //:docs_check (79 packages loaded, 8 targets configured)

Analyzing: target //:docs_check (79 packages loaded, 8 targets configured)

Analyzing: target //:docs_check (79 packages loaded, 8 targets configured)

Analyzing: target //:docs_check (79 packages loaded, 8 targets configured)

Analyzing: target //:docs_check (79 packages loaded, 8 targets configured)

Analyzing: target //:docs_check (79 packages loaded, 8 targets configured)

Analyzing: target //:docs_check (79 packages loaded, 8 targets configured)

Analyzing: target //:docs_check (79 packages loaded, 8 targets configured)

Analyzing: target //:docs_check (80 packages loaded, 8 targets configured)

Analyzing: target //:docs_check (80 packages loaded, 8 targets configured)

Analyzing: target //:docs_check (80 packages loaded, 8 targets configured)

Analyzing: target //:docs_check (80 packages loaded, 8 targets configured)

Analyzing: target //:docs_check (80 packages loaded, 8 targets configured)

Analyzing: target //:docs_check (80 packages loaded, 8 targets configured)

Analyzing: target //:docs_check (80 packages loaded, 8 targets configured)

Analyzing: target //:docs_check (80 packages loaded, 8 targets configured)

Analyzing: target //:docs_check (80 packages loaded, 8 targets configured)

Analyzing: target //:docs_check (80 packages loaded, 8 targets configured)

Analyzing: target //:docs_check (80 packages loaded, 8 targets configured)

Analyzing: target //:docs_check (80 packages loaded, 8 targets configured)

Analyzing: target //:docs_check (80 packages loaded, 8 targets configured)

Analyzing: target //:docs_check (80 packages loaded, 8 targets configured)

Analyzing: target //:docs_check (80 packages loaded, 8 targets configured)

Analyzing: target //:docs_check (80 packages loaded, 8 targets configured)

Analyzing: target //:docs_check (80 packages loaded, 8 targets configured)

Analyzing: target //:docs_check (80 packages loaded, 8 targets configured)

Analyzing: target //:docs_check (80 packages loaded, 8 targets configured)

Analyzing: target //:docs_check (80 packages loaded, 8 targets configured)

Analyzing: target //:docs_check (80 packages loaded, 8 targets configured)

Analyzing: target //:docs_check (80 packages loaded, 8 targets configured)

Analyzing: target //:docs_check (80 packages loaded, 8 targets configured)

Analyzing: target //:docs_check (80 packages loaded, 8 targets configured)

Analyzing: target //:docs_check (80 packages loaded, 8 targets configured)

Analyzing: target //:docs_check (80 packages loaded, 8 targets configured)

Analyzing: target //:docs_check (80 packages loaded, 8 targets configured)

Analyzing: target //:docs_check (80 packages loaded, 8 targets configured)

Analyzing: target //:docs_check (80 packages loaded, 8 targets configured)

Analyzing: target //:docs_check (80 packages loaded, 8 targets configured)

Analyzing: target //:docs_check (80 packages loaded, 8 targets configured)

Analyzing: target //:docs_check (80 packages loaded, 8 targets configured)

Analyzing: target //:docs_check (80 packages loaded, 8 targets configured)

Analyzing: target //:docs_check (80 packages loaded, 8 targets configured)

Analyzing: target //:docs_check (80 packages loaded, 8 targets configured)

Analyzing: target //:docs_check (80 packages loaded, 8 targets configured)

Analyzing: target //:docs_check (80 packages loaded, 8 targets configured)

Analyzing: target //:docs_check (80 packages loaded, 8 targets configured)

Analyzing: target //:docs_check (80 packages loaded, 8 targets configured)

Analyzing: target //:docs_check (80 packages loaded, 8 targets configured)

Analyzing: target //:docs_check (80 packages loaded, 8 targets configured)

Analyzing: target //:docs_check (80 packages loaded, 8 targets configured)

Analyzing: target //:docs_check (249 packages loaded, 3561 targets configured)

Analyzing: target //:docs_check (254 packages loaded, 3620 targets configured)

Analyzing: target //:docs_check (254 packages loaded, 3620 targets configured)

Analyzing: target //:docs_check (254 packages loaded, 3620 targets configured)

Analyzing: target //:docs_check (254 packages loaded, 3620 targets configured)

Analyzing: target //:docs_check (254 packages loaded, 3620 targets configured)

Analyzing: target //:docs_check (254 packages loaded, 3620 targets configured)

Analyzing: target //:docs_check (254 packages loaded, 3620 targets configured)

Analyzing: target //:docs_check (254 packages loaded, 3620 targets configured)

Analyzing: target //:docs_check (254 packages loaded, 3620 targets configured)

Analyzing: target //:docs_check (254 packages loaded, 3620 targets configured)

Analyzing: target //:docs_check (254 packages loaded, 3620 targets configured)

Analyzing: target //:docs_check (254 packages loaded, 3620 targets configured)

Analyzing: target //:docs_check (254 packages loaded, 3620 targets configured)

Analyzing: target //:docs_check (254 packages loaded, 3620 targets configured)

Analyzing: target //:docs_check (255 packages loaded, 3994 targets configured)

Analyzing: target //:docs_check (255 packages loaded, 3994 targets configured)

Analyzing: target //:docs_check (255 packages loaded, 3994 targets configured)

Analyzing: target //:docs_check (255 packages loaded, 3994 targets configured)

Analyzing: target //:docs_check (255 packages loaded, 3994 targets configured)

Analyzing: target //:docs_check (255 packages loaded, 3994 targets configured)

Analyzing: target //:docs_check (255 packages loaded, 3994 targets configured)

Analyzing: target //:docs_check (255 packages loaded, 3994 targets configured)

Analyzing: target //:docs_check (255 packages loaded, 3994 targets configured)

Analyzing: target //:docs_check (255 packages loaded, 3994 targets configured)

Analyzing: target //:docs_check (255 packages loaded, 3994 targets configured)

Analyzing: target //:docs_check (255 packages loaded, 3994 targets configured)

Analyzing: target //:docs_check (255 packages loaded, 3994 targets configured)

Analyzing: target //:docs_check (255 packages loaded, 3994 targets configured)

Analyzing: target //:docs_check (255 packages loaded, 3994 targets configured)

Analyzing: target //:docs_check (255 packages loaded, 3994 targets configured)

Analyzing: target //:docs_check (255 packages loaded, 3994 targets configured)

Analyzing: target //:docs_check (255 packages loaded, 3994 targets configured)

Analyzing: target //:docs_check (255 packages loaded, 3994 targets configured)

Analyzing: target //:docs_check (255 packages loaded, 3994 targets configured)

Analyzing: target //:docs_check (255 packages loaded, 3994 targets configured)

Analyzing: target //:docs_check (255 packages loaded, 3994 targets configured)

Analyzing: target //:docs_check (256 packages loaded, 4014 targets configured)

Analyzing: target //:docs_check (256 packages loaded, 4014 targets configured)

Analyzing: target //:docs_check (257 packages loaded, 4139 targets configured)

Analyzing: target //:docs_check (257 packages loaded, 4139 targets configured)

Analyzing: target //:docs_check (257 packages loaded, 4139 targets configured)

Analyzing: target //:docs_check (257 packages loaded, 4139 targets configured)

Analyzing: target //:docs_check (257 packages loaded, 4139 targets configured)

Analyzing: target //:docs_check (257 packages loaded, 4139 targets configured)

Analyzing: target //:docs_check (257 packages loaded, 4139 targets configured)

Analyzing: target //:docs_check (258 packages loaded, 4142 targets configured)

Analyzing: target //:docs_check (258 packages loaded, 4142 targets configured)

Analyzing: target //:docs_check (258 packages loaded, 4142 targets configured)

Analyzing: target //:docs_check (258 packages loaded, 4142 targets configured)

Analyzing: target //:docs_check (259 packages loaded, 4150 targets configured)

Analyzing: target //:docs_check (259 packages loaded, 4150 targets configured)

Analyzing: target //:docs_check (259 packages loaded, 4150 targets configured)

Analyzing: target //:docs_check (259 packages loaded, 4150 targets configured)

Analyzing: target //:docs_check (259 packages loaded, 4150 targets configured)

Analyzing: target //:docs_check (259 packages loaded, 4150 targets configured)

Analyzing: target //:docs_check (259 packages loaded, 4150 targets configured)

Analyzing: target //:docs_check (259 packages loaded, 4150 targets configured)

Analyzing: target //:docs_check (259 packages loaded, 4150 targets configured)

Analyzing: target //:docs_check (259 packages loaded, 4150 targets configured)

Analyzing: target //:docs_check (259 packages loaded, 4150 targets configured)

Analyzing: target //:docs_check (259 packages loaded, 4150 targets configured)

Analyzing: target //:docs_check (259 packages loaded, 4150 targets configured)

Analyzing: target //:docs_check (259 packages loaded, 4150 targets configured)

Analyzing: target //:docs_check (259 packages loaded, 4150 targets configured)

Analyzing: target //:docs_check (259 packages loaded, 4150 targets configured)

Analyzing: target //:docs_check (259 packages loaded, 4150 targets configured)

Analyzing: target //:docs_check (259 packages loaded, 4150 targets configured)

Analyzing: target //:docs_check (260 packages loaded, 4270 targets configured)

Analyzing: target //:docs_check (260 packages loaded, 4270 targets configured)

Analyzing: target //:docs_check (260 packages loaded, 4270 targets configured)

Analyzing: target //:docs_check (261 packages loaded, 4271 targets configured)

Analyzing: target //:docs_check (261 packages loaded, 4271 targets configured)

Analyzing: target //:docs_check (261 packages loaded, 4271 targets configured)

Analyzing: target //:docs_check (261 packages loaded, 4271 targets configured)

Analyzing: target //:docs_check (261 packages loaded, 4271 targets configured)

Analyzing: target //:docs_check (261 packages loaded, 4271 targets configured)

Analyzing: target //:docs_check (261 packages loaded, 4271 targets configured)

Analyzing: target //:docs_check (261 packages loaded, 4271 targets configured)

Analyzing: target //:docs_check (261 packages loaded, 4271 targets configured)

Analyzing: target //:docs_check (261 packages loaded, 4271 targets configured)

Analyzing: target //:docs_check (261 packages loaded, 4271 targets configured)

Analyzing: target //:docs_check (261 packages loaded, 4271 targets configured)

Analyzing: target //:docs_check (261 packages loaded, 4271 targets configured)

Analyzing: target //:docs_check (261 packages loaded, 4271 targets configured)

Analyzing: target //:docs_check (261 packages loaded, 4271 targets configured)

Analyzing: target //:docs_check (261 packages loaded, 4271 targets configured)

Analyzing: target //:docs_check (261 packages loaded, 4271 targets configured)

Analyzing: target //:docs_check (261 packages loaded, 4271 targets configured)

Analyzing: target //:docs_check (261 packages loaded, 4271 targets configured)

Analyzing: target //:docs_check (261 packages loaded, 4271 targets configured)

Analyzing: target //:docs_check (261 packages loaded, 4271 targets configured)

Analyzing: target //:docs_check (261 packages loaded, 4271 targets configured)

Analyzing: target //:docs_check (261 packages loaded, 4271 targets configured)

Analyzing: target //:docs_check (261 packages loaded, 4271 targets configured)

Analyzing: target //:docs_check (264 packages loaded, 6187 targets configured)

Analyzing: target //:docs_check (264 packages loaded, 6187 targets configured)

Analyzing: target //:docs_check (264 packages loaded, 6187 targets configured)

Analyzing: target //:docs_check (264 packages loaded, 6187 targets configured)

Analyzing: target //:docs_check (276 packages loaded, 6637 targets configured)

Analyzing: target //:docs_check (284 packages loaded, 6964 targets configured)

Analyzing: target //:docs_check (292 packages loaded, 7363 targets configured)

Analyzing: target //:docs_check (293 packages loaded, 7411 targets configured)

Analyzing: target //:docs_check (303 packages loaded, 7700 targets configured)

Analyzing: target //:docs_check (310 packages loaded, 8152 targets configured)

Analyzing: target //:docs_check (318 packages loaded, 8334 targets configured)

Analyzing: target //:docs_check (320 packages loaded, 8367 targets configured)

Analyzing: target //:docs_check (331 packages loaded, 9959 targets configured)

Analyzing: target //:docs_check (337 packages loaded, 10325 targets configured)

Analyzing: target //:docs_check (337 packages loaded, 10325 targets configured)

Analyzing: target //:docs_check (338 packages loaded, 10687 targets configured)

Analyzing: target //:docs_check (342 packages loaded, 11999 targets configured)

Analyzing: target //:docs_check (342 packages loaded, 11999 targets configured)

Analyzing: target //:docs_check (345 packages loaded, 19194 targets configured)

Analyzing: target //:docs_check (345 packages loaded, 19194 targets configured)

Analyzing: target //:docs_check (346 packages loaded, 20184 targets configured)

Analyzing: target //:docs_check (346 packages loaded, 20184 targets configured)

Analyzing: target //:docs_check (346 packages loaded, 20184 targets configured)

INFO: Analyzed target //:docs_check (347 packages loaded, 24965 targets configured).
[17 / 128] [Prepa] Creating source manifest for //:docs_check ... (4 actions, 0 running)
[118 / 146] Creating runfiles tree bazel-out/k8-fastbuild/bin/docs_check.runfiles; 0s local ... (8 actions, 6 running)
[122 / 146] Creating runfiles tree bazel-out/k8-fastbuild/bin/docs_check.runfiles; 1s local ... (5 actions, 4 running)
[124 / 146] Creating runfiles tree bazel-out/k8-opt-exec-ST-d57f47055a04/bin/external/score_docs_as_code+/scripts_bazel/merge_sourcelinks.runfiles [for tool]; 2s local ... (10 actions, 7 running)
[125 / 146] Creating runfiles tree bazel-out/k8-opt-exec-ST-d57f47055a04/bin/external/score_docs_as_code+/scripts_bazel/merge_sourcelinks.runfiles [for tool]; 3s local ... (10 actions, 9 running)
[128 / 146] Executing genrule @@score_docs_as_code+//src/extensions/score_metamodel/docs:generate_metamodel_rst [for tool]; 3s linux-sandbox, disk-cache ... (11 actions running)
[130 / 146] Executing genrule @@score_docs_as_code+//src/extensions/score_metamodel/docs:generate_metamodel_rst [for tool]; 4s linux-sandbox, disk-cache ... (9 actions running)
[131 / 146] Executing genrule @@score_docs_as_code+//src/extensions/score_metamodel/docs:generate_metamodel_rst; 15s linux-sandbox, disk-cache ... (8 actions running)
INFO: From MergeBundleSourcelinks sourcelinks_json.json:
Merged 0 files into 0 total references
[133 / 146] GenerateCodeTargetSourcelinks external/score_docs_as_code+/src/tests/docs_bzl/scenarios/nested_bundles/child.__internal__.sourcelinks_json.json; 17s linux-sandbox, disk-cache ... (6 actions running)
INFO: From GenerateCodeTargetSourcelinks external/score_docs_as_code+/src/tests/docs_bzl/scenarios/nested_bundles/child.__internal__.sourcelinks_json.json:
Found 3 need references in 4 files
INFO: From GenerateCodeTargetSourcelinks external/score_docs_as_code+/src/tests/docs_bzl/scenarios/nested_bundles/child.__internal__.sourcelinks_json.json [for tool]:
Found 3 need references in 4 files
INFO: From MergeBundleSourcelinks external/score_process_description+/sourcelinks_json.json [for tool]:
Merged 0 files into 0 total references
INFO: From MergeBundleSourcelinks external/score_process_description+/sourcelinks_json.json:
Merged 0 files into 0 total references
[137 / 146] GenerateCodeTargetSourcelinks external/score_docs_as_code+/docs_bundle.__internal__.sourcelinks_json.json [for tool]; 18s linux-sandbox, disk-cache ... (4 actions, 2 running)
[137 / 146] GenerateCodeTargetSourcelinks external/score_docs_as_code+/docs_bundle.__internal__.sourcelinks_json.json [for tool]; 20s linux-sandbox, disk-cache ... (4 actions running)
INFO: From GenerateCodeTargetSourcelinks external/score_docs_as_code+/docs_bundle.__internal__.sourcelinks_json.json:
Found 204 need references in 3739 files
[138 / 146] GenerateCodeTargetSourcelinks external/score_docs_as_code+/docs_bundle.__internal__.sourcelinks_json.json [for tool]; 22s linux-sandbox, disk-cache ... (4 actions, 3 running)
INFO: From GenerateCodeTargetSourcelinks external/score_docs_as_code+/docs_bundle.__internal__.sourcelinks_json.json [for tool]:
Found 204 need references in 3739 files
[139 / 146] Building Needs inventory for @@score_process_description+//:needs_json [for tool]; 5s linux-sandbox, disk-cache ... (4 actions running)
INFO: From MergeBundleSourcelinks external/score_docs_as_code+/sourcelinks_json.json:
Merged 2 files into 207 total references
INFO: From MergeBundleSourcelinks external/score_docs_as_code+/sourcelinks_json.json [for tool]:
Merged 2 files into 207 total references
[141 / 146] Building Needs inventory for @@score_process_description+//:needs_json [for tool]; 8s linux-sandbox, disk-cache ... (2 actions running)
[141 / 146] Building Needs inventory for @@score_process_description+//:needs_json [for tool]; 19s linux-sandbox, disk-cache ... (2 actions running)
INFO: From Building Needs inventory for @@score_process_description+//:needs_json:
/home/jefferson/.config/matplotlib is not a writable directory
Matplotlib created a temporary cache directory at /media/jefferson/11c42dee-73a3-4c2b-ab42-a0440011d9e0/.s-core-build/runs/score-3115-upstream-p_lepjsx/tool-tmp/matplotlib-kxgoc1li because there was an issue with the default path ({configdir}); it is highly recommended to set the MPLCONFIGDIR environment variable to a writable directory, in particular to speed up the import of Matplotlib and to better support multiprocessing.
Running Sphinx v9.1.0
loading translations [en]... done
Cleared default Sphinx-Needs types: {'req', 'test', 'spec', 'impl', 'need'}
score_mounts: added 0 data mount(s)
score_mounts: registered 0 mount(s)
myst v5.1.0: MdParserConfig(commonmark_only=False, gfm_only=False, enable_extensions={'colon_fence'}, disable_syntax=[], all_links_external=False, links_external_new_tab=False, url_schemes=('http', 'https', 'mailto', 'ftp'), ref_domains=None, fence_as_directive=set(), number_code_blocks=[], title_to_header=False, heading_anchors=4, heading_slug_func=<function make_id at 0x77d741bed1c0>, html_meta={}, footnote_sort=True, footnote_transition=True, words_per_minute=200, substitutions={}, linkify_fuzzy_links=True, dmath_allow_labels=True, dmath_allow_space=True, dmath_allow_digits=True, dmath_double_inline=False, update_mathjax=True, mathjax_classes='tex2jax_process|mathjax_process|math|output_area', enable_checkboxes=False, strikethrough_single_tilde=False, colon_fence_exact_match=False, suppress_warnings=[], highlight_code_blocks=True)
building [mo]: targets for 0 po files that are out of date
writing output... 
building [needs]: targets for 0 source files that are out of date
updating environment: [new config] 313 added, 0 changed, 0 removed
Needs configuration written to '/media/jefferson/11c42dee-73a3-4c2b-ab42-a0440011d9e0/.s-core-build/runs/score-3115-upstream-p_lepjsx/cache/score-base/sandbox/linux-sandbox/103/execroot/_main/bazel-out/k8-fastbuild/bin/external/score_process_description+/needs_json/_build/needs/ubproject.toml'
reading sources... [  3%] folder_templates/index .. folder_templates/platform/docs/safety_mgt/platform_safety_plan
reading sources... [  6%] folder_templates/platform/docs/safety_mgt/platform_safety_plan_fdr .. folder_templates/platform/docs/verification/platform_verification_report
reading sources... [  9%] folder_templates/platform/features/feature_name/architecture/index .. folder_templates/tools/index
reading sources... [ 11%] folder_templates/tools/tool_verification_report_template .. introduction/index
reading sources... [ 14%] process_areas/architecture_design/architecture_concept .. process_areas/architecture_design/guidance/component_architecture_template
reading sources... [ 17%] process_areas/architecture_design/guidance/feature_architecture_template .. process_areas/change_management/guidance/change_management_checklist
reading sources... [ 20%] process_areas/change_management/guidance/change_management_component_template .. process_areas/configuration_management/configuration_concept
reading sources... [ 23%] process_areas/configuration_management/configuration_getstrt .. process_areas/documentation_management/documentation_concept
reading sources... [ 26%] process_areas/documentation_management/documentation_getstrt .. process_areas/documentation_management/guidance/index
reading sources... [ 29%] process_areas/documentation_management/index .. process_areas/implementation/implementation_getstrt
reading sources... [ 31%] process_areas/implementation/implementation_roles .. process_areas/platform_management/index
reading sources... [ 34%] process_areas/platform_management/platform_management_concept .. process_areas/problem_resolution/guidance/problem_resolution_reqs
reading sources... [ 37%] process_areas/problem_resolution/guidance/problem_resolution_template .. process_areas/process_management/guidance/process_management_guideline
reading sources... [ 40%] process_areas/process_management/guidance/process_management_reqs .. process_areas/quality_management/guidance/index
reading sources... [ 43%] process_areas/quality_management/guidance/quality_plan_guideline .. process_areas/quality_management/quality_getstrt
reading sources... [ 46%] process_areas/quality_management/quality_roles .. process_areas/release_management/release_concept
reading sources... [ 49%] process_areas/release_management/release_getstrt .. process_areas/requirements_engineering/guidance/requirements_templates
reading sources... [ 51%] process_areas/requirements_engineering/index .. process_areas/safety_analysis/guidance/fault_models_guideline
reading sources... [ 54%] process_areas/safety_analysis/guidance/fmea_templates .. process_areas/safety_analysis/safety_analysis_roles
reading sources... [ 57%] process_areas/safety_analysis/safety_analysis_workflow .. process_areas/safety_management/guidance/template_component_classification
reading sources... [ 60%] process_areas/safety_management/guidance/template_safety_manual .. process_areas/security_analysis/guidance/index
reading sources... [ 63%] process_areas/security_analysis/guidance/security_analysis_checklist .. process_areas/security_analysis/security_analysis_concept
reading sources... [ 66%] process_areas/security_analysis/security_analysis_getstrt .. process_areas/security_management/guidance/security_management_process_reqs
reading sources... [ 69%] process_areas/security_management/guidance/security_manual_templates .. process_areas/tool_management/guidance/index
reading sources... [ 71%] process_areas/tool_management/guidance/tool_management_checklist .. process_areas/tool_management/tool_management_workflow
reading sources... [ 74%] process_areas/tool_management/tool_management_workproducts .. process_areas/verification/guidance/verification_templates
reading sources... [ 77%] process_areas/verification/index .. release_notes/release_note_v_2_0_0
reading sources... [ 80%] release_notes/release_note_v_2_0_1 .. standards/aspice_40/iic/iic-06
reading sources... [ 83%] standards/aspice_40/iic/iic-07 .. standards/aspice_40/iic/iic-16
reading sources... [ 86%] standards/aspice_40/iic/iic-17 .. standards/aspice_40/mle/index
reading sources... [ 89%] standards/aspice_40/mle/mle.1 .. standards/aspice_40/spl/index
reading sources... [ 91%] standards/aspice_40/spl/spl.2 .. standards/aspice_40/swe/swe.1
reading sources... [ 94%] standards/aspice_40/swe/swe.2 .. standards/isosae21434/isosae21434
reading sources... [ 97%] standards/process_reqs_list/index .. trainings/trainings_templates/content/index
reading sources... [100%] trainings/trainings_templates/content/module-N .. workproducts/index

looking for now-outdated files... none found
pickling environment... done
checking consistency... done
Schema validation completed with 0 warning(s) in 6.137 seconds. Validated 204 needs/s.
Needs successfully exported
Traceability metrics written to: /media/jefferson/11c42dee-73a3-4c2b-ab42-a0440011d9e0/.s-core-build/runs/score-3115-upstream-p_lepjsx/cache/score-base/sandbox/linux-sandbox/103/execroot/_main/bazel-out/k8-fastbuild/bin/external/score_process_description+/needs_json/_build/needs/metrics.json
build succeeded.
docs (build_needs_json) finished in 12.4 seconds
INFO: From Building Needs inventory for @@score_process_description+//:needs_json [for tool]:
/home/jefferson/.config/matplotlib is not a writable directory
Matplotlib created a temporary cache directory at /media/jefferson/11c42dee-73a3-4c2b-ab42-a0440011d9e0/.s-core-build/runs/score-3115-upstream-p_lepjsx/tool-tmp/matplotlib-8kmt9i_d because there was an issue with the default path ({configdir}); it is highly recommended to set the MPLCONFIGDIR environment variable to a writable directory, in particular to speed up the import of Matplotlib and to better support multiprocessing.
Running Sphinx v9.1.0
loading translations [en]... done
Cleared default Sphinx-Needs types: {'need', 'test', 'impl', 'req', 'spec'}
score_mounts: added 0 data mount(s)
score_mounts: registered 0 mount(s)
myst v5.1.0: MdParserConfig(commonmark_only=False, gfm_only=False, enable_extensions={'colon_fence'}, disable_syntax=[], all_links_external=False, links_external_new_tab=False, url_schemes=('http', 'https', 'mailto', 'ftp'), ref_domains=None, fence_as_directive=set(), number_code_blocks=[], title_to_header=False, heading_anchors=4, heading_slug_func=<function make_id at 0x7473e7efd1c0>, html_meta={}, footnote_sort=True, footnote_transition=True, words_per_minute=200, substitutions={}, linkify_fuzzy_links=True, dmath_allow_labels=True, dmath_allow_space=True, dmath_allow_digits=True, dmath_double_inline=False, update_mathjax=True, mathjax_classes='tex2jax_process|mathjax_process|math|output_area', enable_checkboxes=False, strikethrough_single_tilde=False, colon_fence_exact_match=False, suppress_warnings=[], highlight_code_blocks=True)
building [mo]: targets for 0 po files that are out of date
writing output... 
building [needs]: targets for 0 source files that are out of date
updating environment: [new config] 313 added, 0 changed, 0 removed
Needs configuration written to '/media/jefferson/11c42dee-73a3-4c2b-ab42-a0440011d9e0/.s-core-build/runs/score-3115-upstream-p_lepjsx/cache/score-base/sandbox/linux-sandbox/102/execroot/_main/bazel-out/k8-opt-exec-ST-d57f47055a04/bin/external/score_process_description+/needs_json/_build/needs/ubproject.toml'
reading sources... [  3%] folder_templates/index .. folder_templates/platform/docs/safety_mgt/platform_safety_plan
reading sources... [  6%] folder_templates/platform/docs/safety_mgt/platform_safety_plan_fdr .. folder_templates/platform/docs/verification/platform_verification_report
reading sources... [  9%] folder_templates/platform/features/feature_name/architecture/index .. folder_templates/tools/index
reading sources... [ 11%] folder_templates/tools/tool_verification_report_template .. introduction/index
reading sources... [ 14%] process_areas/architecture_design/architecture_concept .. process_areas/architecture_design/guidance/component_architecture_template
reading sources... [ 17%] process_areas/architecture_design/guidance/feature_architecture_template .. process_areas/change_management/guidance/change_management_checklist
reading sources... [ 20%] process_areas/change_management/guidance/change_management_component_template .. process_areas/configuration_management/configuration_concept
reading sources... [ 23%] process_areas/configuration_management/configuration_getstrt .. process_areas/documentation_management/documentation_concept
reading sources... [ 26%] process_areas/documentation_management/documentation_getstrt .. process_areas/documentation_management/guidance/index
reading sources... [ 29%] process_areas/documentation_management/index .. process_areas/implementation/implementation_getstrt
reading sources... [ 31%] process_areas/implementation/implementation_roles .. process_areas/platform_management/index
reading sources... [ 34%] process_areas/platform_management/platform_management_concept .. process_areas/problem_resolution/guidance/problem_resolution_reqs
reading sources... [ 37%] process_areas/problem_resolution/guidance/problem_resolution_template .. process_areas/process_management/guidance/process_management_guideline
reading sources... [ 40%] process_areas/process_management/guidance/process_management_reqs .. process_areas/quality_management/guidance/index
reading sources... [ 43%] process_areas/quality_management/guidance/quality_plan_guideline .. process_areas/quality_management/quality_getstrt
reading sources... [ 46%] process_areas/quality_management/quality_roles .. process_areas/release_management/release_concept
reading sources... [ 49%] process_areas/release_management/release_getstrt .. process_areas/requirements_engineering/guidance/requirements_templates
reading sources... [ 51%] process_areas/requirements_engineering/index .. process_areas/safety_analysis/guidance/fault_models_guideline
reading sources... [ 54%] process_areas/safety_analysis/guidance/fmea_templates .. process_areas/safety_analysis/safety_analysis_roles
reading sources... [ 57%] process_areas/safety_analysis/safety_analysis_workflow .. process_areas/safety_management/guidance/template_component_classification
reading sources... [ 60%] process_areas/safety_management/guidance/template_safety_manual .. process_areas/security_analysis/guidance/index
reading sources... [ 63%] process_areas/security_analysis/guidance/security_analysis_checklist .. process_areas/security_analysis/security_analysis_concept
reading sources... [ 66%] process_areas/security_analysis/security_analysis_getstrt .. process_areas/security_management/guidance/security_management_process_reqs
reading sources... [ 69%] process_areas/security_management/guidance/security_manual_templates .. process_areas/tool_management/guidance/index
reading sources... [ 71%] process_areas/tool_management/guidance/tool_management_checklist .. process_areas/tool_management/tool_management_workflow
reading sources... [ 74%] process_areas/tool_management/tool_management_workproducts .. process_areas/verification/guidance/verification_templates
reading sources... [ 77%] process_areas/verification/index .. release_notes/release_note_v_2_0_0
reading sources... [ 80%] release_notes/release_note_v_2_0_1 .. standards/aspice_40/iic/iic-06
reading sources... [ 83%] standards/aspice_40/iic/iic-07 .. standards/aspice_40/iic/iic-16
reading sources... [ 86%] standards/aspice_40/iic/iic-17 .. standards/aspice_40/mle/index
reading sources... [ 89%] standards/aspice_40/mle/mle.1 .. standards/aspice_40/spl/index
reading sources... [ 91%] standards/aspice_40/spl/spl.2 .. standards/aspice_40/swe/swe.1
reading sources... [ 94%] standards/aspice_40/swe/swe.2 .. standards/isosae21434/isosae21434
reading sources... [ 97%] standards/process_reqs_list/index .. trainings/trainings_templates/content/index
reading sources... [100%] trainings/trainings_templates/content/module-N .. workproducts/index

looking for now-outdated files... none found
pickling environment... done
checking consistency... done
Schema validation completed with 0 warning(s) in 6.215 seconds. Validated 201 needs/s.
Needs successfully exported
Traceability metrics written to: /media/jefferson/11c42dee-73a3-4c2b-ab42-a0440011d9e0/.s-core-build/runs/score-3115-upstream-p_lepjsx/cache/score-base/sandbox/linux-sandbox/102/execroot/_main/bazel-out/k8-opt-exec-ST-d57f47055a04/bin/external/score_process_description+/needs_json/_build/needs/metrics.json
build succeeded.
docs (build_needs_json) finished in 12.6 seconds
[145 / 146] Building Needs inventory for @@score_docs_as_code+//:needs_json; 0s disk-cache
[145 / 146] Building Needs inventory for @@score_docs_as_code+//:needs_json; 1s linux-sandbox, disk-cache
[145 / 146] Building Needs inventory for @@score_docs_as_code+//:needs_json; 10s linux-sandbox, disk-cache
INFO: From Building Needs inventory for @@score_docs_as_code+//:needs_json:
/home/jefferson/.config/matplotlib is not a writable directory
Matplotlib created a temporary cache directory at /media/jefferson/11c42dee-73a3-4c2b-ab42-a0440011d9e0/.s-core-build/runs/score-3115-upstream-p_lepjsx/tool-tmp/matplotlib-y6v9cuko because there was an issue with the default path ({configdir}); it is highly recommended to set the MPLCONFIGDIR environment variable to a writable directory, in particular to speed up the import of Matplotlib and to better support multiprocessing.
Running Sphinx v9.1.0
loading translations [en]... done
Cleared default Sphinx-Needs types: {'need', 'impl', 'test', 'req', 'spec'}
score_mounts: added 1 data mount(s)
score_mounts: registered 6 mount(s)
myst v5.1.0: MdParserConfig(commonmark_only=False, gfm_only=False, enable_extensions={'colon_fence'}, disable_syntax=[], all_links_external=False, links_external_new_tab=False, url_schemes=('http', 'https', 'mailto', 'ftp'), ref_domains=None, fence_as_directive=set(), number_code_blocks=[], title_to_header=False, heading_anchors=4, heading_slug_func=<function make_id at 0x74cf49b1d1c0>, html_meta={}, footnote_sort=True, footnote_transition=True, words_per_minute=200, substitutions={}, linkify_fuzzy_links=True, dmath_allow_labels=True, dmath_allow_space=True, dmath_allow_digits=True, dmath_double_inline=False, update_mathjax=True, mathjax_classes='tex2jax_process|mathjax_process|math|output_area', enable_checkboxes=False, strikethrough_single_tilde=False, colon_fence_exact_match=False, suppress_warnings=[], highlight_code_blocks=True)
sphinx-mounts: installed mount-aware project with 6 mount(s)
building [mo]: targets for 0 po files that are out of date
writing output... 
building [needs]: targets for 0 source files that are out of date
updating environment: [new config] 48 added, 0 changed, 0 removed
Needs configuration written to '/media/jefferson/11c42dee-73a3-4c2b-ab42-a0440011d9e0/.s-core-build/runs/score-3115-upstream-p_lepjsx/cache/score-base/sandbox/linux-sandbox/108/execroot/_main/bazel-out/k8-fastbuild/bin/external/score_docs_as_code+/needs_json/_build/needs/ubproject.toml'
reading sources... [  2%] concepts/bidirectional_traceability
reading sources... [  4%] concepts/cross_module_compatibility
reading sources... [  6%] concepts/docs_deps
reading sources... [  8%] concepts/index
reading sources... [ 10%] concepts/mounts/index
reading sources... [ 12%] how-to/add_extensions
sphinx-mounts: wired ['how-to/bundles/examples/nested/index'] into toctree of 'how-to/bundles/examples'
sphinx-mounts: wired ['how-to/bundles/examples/generated-data/index'] into toctree of 'how-to/bundles/examples'
reading sources... [ 15%] how-to/bundles/examples
reading sources... [ 17%] how-to/bundles/examples/generated-data/index
reading sources... [ 19%] how-to/bundles/examples/nested/child/index
reading sources... [ 21%] how-to/bundles/examples/nested/child/landing
sphinx-mounts: wired ['how-to/bundles/examples/nested/child/landing'] into toctree of 'how-to/bundles/examples/nested/index'
reading sources... [ 23%] how-to/bundles/examples/nested/index
reading sources... [ 25%] how-to/bundles/index
reading sources... [ 27%] how-to/cross_module_compatibility
reading sources... [ 29%] how-to/dashboards_and_quality_gates
reading sources... [ 31%] how-to/generated_docs
reading sources... [ 33%] how-to/get_started
reading sources... [ 35%] how-to/index
reading sources... [ 38%] how-to/mounts/index
reading sources... [ 40%] how-to/other_modules
reading sources... [ 42%] how-to/perform_tool_verification
reading sources... [ 44%] how-to/setup
reading sources... [ 46%] how-to/source_to_doc_links
reading sources... [ 48%] how-to/test_to_doc_links
reading sources... [ 50%] how-to/write_docs
reading sources... [ 52%] index
reading sources... [ 54%] internals/benchmark_results
reading sources... [ 56%] internals/decisions/001-test-results-in-workflow
reading sources... [ 58%] internals/decisions/index
reading sources... [ 60%] internals/extensions/extension_guide
reading sources... [ 62%] internals/extensions/index
reading sources... [ 65%] internals/extensions/metamodel
reading sources... [ 67%] internals/extensions/mounts_internals
reading sources... [ 69%] internals/extensions/rst_filebased_testing
sphinx-mounts: wired ['reference/metamodel/index'] into toctree of 'reference/index'
reading sources... [ 71%] internals/extensions/source_code_linker
reading sources... [ 73%] internals/extensions/sync_toml
reading sources... [ 75%] internals/index
reading sources... [ 77%] internals/requirements/capabilities
reading sources... [ 79%] internals/requirements/index
reading sources... [ 81%] internals/requirements/process_overview
reading sources... [ 83%] internals/requirements/requirement_coverage
reading sources... [ 85%] internals/requirements/requirements
reading sources... [ 88%] internals/requirements/tool_verification
reading sources... [ 90%] internals/requirements/tooling_verification
reading sources... [ 92%] internals/testing
sphinx-mounts: wired ['internals/extensions/index'] into toctree of 'internals/index'
reading sources... [ 94%] reference/bazel_macros
reading sources... [ 96%] reference/commands
reading sources... [ 98%] reference/index
reading sources... [100%] reference/metamodel/index

bundle '@@score_docs_as_code+//:docs_bundle' ('docs_bundle') has direct code targets but no primary_need_id; bundle metadata is not attached to a Need
bundle '@@score_docs_as_code+//src/tests/docs_bzl/scenarios/nested_bundles:child' ('child') has direct code targets but no primary_need_id; bundle metadata is not attached to a Need
looking for now-outdated files... none found
pickling environment... done
checking consistency... done
Schema validation completed with 0 warning(s) in 0.220 seconds. Validated 6112 needs/s.
Needs successfully exported
Traceability metrics written to: /media/jefferson/11c42dee-73a3-4c2b-ab42-a0440011d9e0/.s-core-build/runs/score-3115-upstream-p_lepjsx/cache/score-base/sandbox/linux-sandbox/108/execroot/_main/bazel-out/k8-fastbuild/bin/external/score_docs_as_code+/needs_json/_build/needs/metrics.json
build succeeded.
docs (build_needs_json) finished in 10.5 seconds
INFO: Found 1 target...
Target //:docs_check up-to-date:
  bazel-bin/docs_check
  bazel-bin/docs_check.venv.pth
INFO: Elapsed time: 337.982s, Critical Path: 56.02s
INFO: 146 processes: 38 internal, 106 linux-sandbox, 2 worker.
INFO: Build completed successfully, 146 total actions
INFO: Running command line: bazel-bin/docs_check
Running Sphinx v9.1.0
loading translations [en]... done
Cleared default Sphinx-Needs types: {'req', 'spec', 'impl', 'test', 'need'}
score_mounts: added 0 data mount(s)
score_mounts: registered 0 mount(s)
myst v5.1.0: MdParserConfig(commonmark_only=False, gfm_only=False, enable_extensions={'colon_fence'}, disable_syntax=[], all_links_external=False, links_external_new_tab=False, url_schemes=('http', 'https', 'mailto', 'ftp'), ref_domains=None, fence_as_directive=set(), number_code_blocks=[], title_to_header=False, heading_anchors=4, heading_slug_func=<function make_id at 0x72cecd4cd3a0>, html_meta={}, footnote_sort=True, footnote_transition=True, words_per_minute=200, substitutions={}, linkify_fuzzy_links=True, dmath_allow_labels=True, dmath_allow_space=True, dmath_allow_digits=True, dmath_double_inline=False, update_mathjax=True, mathjax_classes='tex2jax_process|mathjax_process|math|output_area', enable_checkboxes=False, strikethrough_single_tilde=False, colon_fence_exact_match=False, suppress_warnings=[], highlight_code_blocks=True)
building [mo]: targets for 0 po files that are out of date
writing output... 
building [needs]: targets for 0 source files that are out of date
updating environment: [new config] 318 added, 0 changed, 0 removed
Path 'needs.flow_configs.score_config' matches pattern 'needs_flow_configs.score_config' (prefix='!include ', suffix=None)
Relativizing embedded string path at 'needs.flow_configs.score_config': !include /media/jefferson/11c42dee-73a3-4c2b-ab42-a0440011d9e0/.s-core-build/runs/score-3115-upstream-p_lepjsx/cache/score-base/execroot/_main/bazel-out/k8-fastbuild/bin/docs_check.runfiles/score_docs_as_code+/src/extensions/score_layout/assets/puml-theme-score.puml -> !include ../cache/score-base/external/score_docs_as_code+/src/extensions/score_layout/assets/puml-theme-score.puml
Path 'needs.external_needs[0].json_path' matches pattern 'needs_external_needs[*].json_path' (prefix=None, suffix=None)
Relativizing path at 'needs.external_needs[0].json_path': /media/jefferson/11c42dee-73a3-4c2b-ab42-a0440011d9e0/.s-core-build/runs/score-3115-upstream-p_lepjsx/cache/score-base/execroot/_main/bazel-out/k8-fastbuild/bin/docs_check.runfiles/score_docs_as_code+/needs_json/_build/needs/needs.json -> bazel-bin/external/score_docs_as_code+/needs_json/_build/needs/needs.json
Path 'needs.external_needs[1].json_path' matches pattern 'needs_external_needs[*].json_path' (prefix=None, suffix=None)
Relativizing path at 'needs.external_needs[1].json_path': /media/jefferson/11c42dee-73a3-4c2b-ab42-a0440011d9e0/.s-core-build/runs/score-3115-upstream-p_lepjsx/cache/score-base/execroot/_main/bazel-out/k8-fastbuild/bin/docs_check.runfiles/score_process_description+/needs_json/_build/needs/needs.json -> bazel-bin/external/score_process_description+/needs_json/_build/needs/needs.json
Merged TOML configuration from '/media/jefferson/11c42dee-73a3-4c2b-ab42-a0440011d9e0/.s-core-build/runs/score-3115-upstream-p_lepjsx/cache/score-base/execroot/_main/bazel-out/k8-fastbuild/bin/docs_check.runfiles/score_docs_as_code+/src/extensions/score_sync_toml/shared.toml'
Needs configuration written to '/media/jefferson/11c42dee-73a3-4c2b-ab42-a0440011d9e0/.s-core-build/runs/score-3115-upstream-p_lepjsx/score/ubproject.toml'
reading sources... [  3%] architecture/index .. contribute/development/cpp/index
reading sources... [  6%] contribute/development/cpp/misra_2023_rule_mapping .. contribute/development/rust/certification/toolchain/compiler
reading sources... [  8%] contribute/development/rust/certification/toolchain/index .. contribute/development/rust/index
reading sources... [ 11%] contribute/development/rust/rust_api_design .. contribute/general/git
reading sources... [ 14%] contribute/general/index .. design_decisions/architecture/index
reading sources... [ 17%] design_decisions/index .. design_decisions/infrastructure/DR-008-infra
reading sources... [ 19%] design_decisions/infrastructure/index .. design_decisions/strategy/DR-002-strat
reading sources... [ 22%] design_decisions/strategy/DR-003-strat .. features/baselibs/architecture/index
reading sources... [ 25%] features/baselibs/index .. features/communication/ipc/architecture/index
reading sources... [ 28%] features/communication/ipc/index .. features/communication/some_ip_gateway/index
reading sources... [ 31%] features/communication/some_ip_gateway/requirements/index .. features/diagnostics/index
reading sources... [ 33%] features/diagnostics/requirements/index .. features/frameworks/feo/requirements/chklst_req_inspection
reading sources... [ 36%] features/frameworks/feo/requirements/feature_req .. features/lifecycle/glossary
reading sources... [ 39%] features/lifecycle/index .. features/log_and_trace/tracing/architecture/index
reading sources... [ 42%] features/log_and_trace/tracing/index .. features/persistency/index
reading sources... [ 44%] features/persistency/requirements/chklst_req_inspection .. features/time/requirements/index
reading sources... [ 47%] index .. modules/communication/docs/requirements/aou_req
reading sources... [ 50%] modules/communication/docs/safety_mgt/index .. modules/communication/index
reading sources... [ 53%] modules/communication/ipc_binding/docs/architecture/index .. modules/communication/lola/docs/safety_analysis/fmea
reading sources... [ 56%] modules/communication/message_passing/docs/architecture/index .. modules/feo/docs/safety_mgt/index
reading sources... [ 58%] modules/feo/docs/safety_mgt/module_safety_package_fdr .. modules/feo/feo/docs/detailed_design/component_detailed_design
reading sources... [ 61%] modules/feo/feo/docs/index .. modules/feo/feo_log/docs/index
reading sources... [ 64%] modules/feo/feo_time/docs/index .. modules/orchestrator/docs/safety_mgt/index
reading sources... [ 67%] modules/orchestrator/docs/safety_mgt/module_codeowners .. modules/orchestrator/executor/docs/index
reading sources... [ 69%] modules/orchestrator/executor/docs/requirements/chklst_req_inspection .. modules/orchestrator/orchestrator/docs/index
reading sources... [ 72%] modules/orchestrator/orchestrator/docs/requirements/chklst_req_inspection .. modules/os/index
reading sources... [ 75%] modules/os/libc/docs/architecture/index .. modules/os/operating_systems/docs/community/ebclfsa
reading sources... [ 78%] modules/os/operating_systems/docs/community/index .. modules/tracing/tracing/docs/index
reading sources... [ 81%] platform_management_plan/change_management .. platform_management_plan/release_management
reading sources... [ 83%] platform_management_plan/role_assignment/platform_quality_manager .. platform_management_plan/tool_management
reading sources... [ 86%] platform_management_plan/vulnerability_management .. safety/index
reading sources... [ 89%] safety/platform_dfa .. score_tools/tools_compiler/index
reading sources... [ 92%] score_tools/tools_compiler/qcc .. score_tools/tools_static_analysis_code_quality/index
reading sources... [ 94%] score_tools/tools_static_analysis_code_quality/rustfmt .. users_guide/building_simple_application/cicd_workflows
reading sources... [ 97%] users_guide/building_simple_application/doc_generation .. users_guide/project_basics/software_architecture_overview
reading sources... [100%] users_guide/project_basics/technology_overview .. users_guide/whats_next/index

tests-report folder not found. Defaulting to `bazel-testlogs`. Searching for test.xml files in there
Found 0 test files in total. Parsing them now
Did not find any test.xml files. If you expected xml files to be found, please ensure that you have ran your tests and put all testfiles either in tests-reports or bazel-testlogs.
Saving 0 test case needs to the cache `score_testcaseneeds_cache.json` in _build/.
Saving 0 parsed testcases to the cache `score_xml_parser_cache.json` in _build/.
looking for now-outdated files... none found
pickling environment... done
checking consistency... done
/media/jefferson/11c42dee-73a3-4c2b-ab42-a0440011d9e0/.s-core-build/runs/score-3115-upstream-p_lepjsx/score/docs/features/lifecycle/architecture/index.rst:75: WARNING: Need 'logic_arc_int__lifecycle__report_running_if' has unknown outgoing link 'feat_req__lifecycle__switch_run_targets' in field 'fulfils' [needs.link_outgoing]
Schema validation completed with 0 warning(s) in 0.962 seconds. Validated 2359 needs/s.
============ 1 non-fatal warnings (will become fatal in the future) ============
features/lifecycle/architecture/index.rst:75: logic_arc_int__lifecycle__report_running_if: is valid but links to invalid need(s): {'feat_req__lifecycle__switch_run_targets'}

The 1 warnings above are non fatal for now. They will become fatal in the future. Please fix them as soon as possible.

Needs successfully exported
Traceability metrics written to: /media/jefferson/11c42dee-73a3-4c2b-ab42-a0440011d9e0/.s-core-build/runs/score-3115-upstream-p_lepjsx/score/_build/metrics.json
build finished with problems, 1 warning (with warnings treated as errors).
docs (check) finished in 13.6 seconds
