$TEST_TMPDIR defined, some defaults will be overridden
OpenJDK 64-Bit Server VM warning: Options -Xverify:none and -noverify were deprecated in JDK 13 and will likely be removed in a future release.
INFO: Invocation ID: 49bc46cb-4b12-4001-8ba3-45307cdaba97
Computing main repo mapping: 
Loading: 
Loading: 0 packages loaded
Analyzing: target //:copyright-check (1 packages loaded)
Analyzing: target //:copyright-check (1 packages loaded, 0 targets configured)
Analyzing: target //:copyright-check (1 packages loaded, 0 targets configured)

Analyzing: target //:copyright-check (236 packages loaded, 1514 targets configured)

Analyzing: target //:copyright-check (340 packages loaded, 13155 targets configured)

Analyzing: target //:copyright-check (348 packages loaded, 24823 targets configured)

INFO: Analyzed target //:copyright-check (349 packages loaded, 24980 targets configured).
[114 / 148] [Prepa] Creating source manifest for //:copyright.check
WARNING: Directory artifact tools crosses package boundary into package rooted at tools/format
[147 / 148] Creating runfiles tree bazel-out/k8-fastbuild/bin/copyright.check.runfiles; 0s local
INFO: Found 1 target...
Target //:copyright.check up-to-date:
  bazel-bin/copyright.check
  bazel-bin/copyright.check.venv.pth
INFO: Elapsed time: 7.556s, Critical Path: 1.36s
INFO: 6 processes: 147 action cache hit, 6 internal.
INFO: Build completed successfully, 6 total actions
INFO: Running command line: bazel-bin/copyright.check -t ../score_tooling+/cr_checker/resources/templates.ini -c ../score_tooling+/cr_checker/resources/config.json ./.github ./_score_docs_cli ./tools ./BUILD ./MODULE.bazel
[32mINFO:[0m ================================================================
[32mINFO:[0m Process completed.
[32mINFO:[0m Total files without copyright: [32m0[0m
[32mINFO:[0m ================================================================
