[0/1] Re-running CMake...
-- PLATFORM_SUPPORT_CAN ON
-- PLATFORM_SUPPORT_ETHERNET ON
-- PLATFORM_SUPPORT_IO ON
-- PLATFORM_SUPPORT_MPU ON
-- PLATFORM_SUPPORT_TRANSPORT ON
-- PLATFORM_SUPPORT_UDS ON
-- PLATFORM_SUPPORT_WATCHDOG ON
-- Doxygen build started
-- Configuring done (0.2s)
-- Generating done (0.2s)
-- Build files have been written to: /media/jefferson/11c42dee-73a3-4c2b-ab42-a0440011d9e0/openbsw-sil/build/gateway-s32k148-threadx
[1/16] Building ASM object openbsw/platforms/s32k1xx/hardFaultHandler/CMakeFiles/hardFaultHandler.dir/src/hardFaultHandler.s.obj
[2/16] Linking ASM static library openbsw/platforms/s32k1xx/hardFaultHandler/libhardFaultHandler.a
[3/16] Building ASM object openbsw/platforms/s32k1xx/3rdparty/threadx/CMakeFiles/threadXCortexM4.dir/ports/cortex_m4/gnu/src/tx_thread_system_return.S.obj
[4/16] Building ASM object openbsw/platforms/s32k1xx/3rdparty/threadx/CMakeFiles/threadXCortexM4.dir/ports/cortex_m4/gnu/src/tx_thread_interrupt_control.S.obj
[5/16] Building ASM object openbsw/platforms/s32k1xx/3rdparty/threadx/CMakeFiles/threadXCortexM4.dir/ports/cortex_m4/gnu/src/tx_thread_schedule.S.obj
[6/16] Building ASM object openbsw/platforms/s32k1xx/3rdparty/threadx/CMakeFiles/threadXCortexM4.dir/ports/cortex_m4/gnu/src/tx_thread_stack_build.S.obj
[7/16] Building ASM object app/platforms/s32k148evb/main/CMakeFiles/startUpAsm.dir/src/bsp/bootHeader.S.obj
[8/16] Building ASM object openbsw/platforms/s32k1xx/3rdparty/threadx/CMakeFiles/threadXCortexM4.dir/ports/cortex_m4/gnu/src/tx_thread_context_restore.S.obj
[9/16] Building ASM object openbsw/platforms/s32k1xx/3rdparty/threadx/CMakeFiles/threadXCortexM4.dir/ports/cortex_m4/gnu/src/tx_thread_context_save.S.obj
[10/16] Building ASM object app/platforms/s32k148evb/main/CMakeFiles/startUpAsm.dir/src/bsp/threadx/tx_initialize_low_level.S.obj
[11/16] Building ASM object openbsw/platforms/s32k1xx/3rdparty/threadx/CMakeFiles/threadXCortexM4.dir/ports/cortex_m4/gnu/src/tx_timer_interrupt.S.obj
[12/16] Building ASM object app/platforms/s32k148evb/main/CMakeFiles/startUpAsm.dir/src/bsp/startUp.S.obj
[13/16] Linking CXX static library openbsw/platforms/s32k1xx/3rdparty/threadx/libthreadXCortexM4.a
[14/16] Linking CXX static library app/platforms/s32k148evb/main/libstartUp.a
[15/16] Linking CXX executable app/application/openbsw-zonal-gw.elf
/media/jefferson/11c42dee-73a3-4c2b-ab42-a0440011d9e0/openbsw-sil/tools/arm-gnu-toolchain-14.3.rel1-x86_64-arm-none-eabi/bin/../lib/gcc/arm-none-eabi/14.3.1/../../../../arm-none-eabi/bin/ld: /media/jefferson/11c42dee-73a3-4c2b-ab42-a0440011d9e0/openbsw-sil/tools/arm-gnu-toolchain-14.3.rel1-x86_64-arm-none-eabi/bin/../lib/gcc/arm-none-eabi/14.3.1/../../../../arm-none-eabi/lib/thumb/v7e-m+fp/hard/libg_nano.a(libc_a-closer.o): in function `_close_r':
closer.c:(.text._close_r+0xc): warning: _close is not implemented and will always fail
/media/jefferson/11c42dee-73a3-4c2b-ab42-a0440011d9e0/openbsw-sil/tools/arm-gnu-toolchain-14.3.rel1-x86_64-arm-none-eabi/bin/../lib/gcc/arm-none-eabi/14.3.1/../../../../arm-none-eabi/bin/ld: /media/jefferson/11c42dee-73a3-4c2b-ab42-a0440011d9e0/openbsw-sil/tools/arm-gnu-toolchain-14.3.rel1-x86_64-arm-none-eabi/bin/../lib/gcc/arm-none-eabi/14.3.1/../../../../arm-none-eabi/lib/thumb/v7e-m+fp/hard/libg_nano.a(libc_a-closer.o): note: the message above does not take linker garbage collection into account
/media/jefferson/11c42dee-73a3-4c2b-ab42-a0440011d9e0/openbsw-sil/tools/arm-gnu-toolchain-14.3.rel1-x86_64-arm-none-eabi/bin/../lib/gcc/arm-none-eabi/14.3.1/../../../../arm-none-eabi/bin/ld: /media/jefferson/11c42dee-73a3-4c2b-ab42-a0440011d9e0/openbsw-sil/tools/arm-gnu-toolchain-14.3.rel1-x86_64-arm-none-eabi/bin/../lib/gcc/arm-none-eabi/14.3.1/../../../../arm-none-eabi/lib/thumb/v7e-m+fp/hard/libg_nano.a(libc_a-lseekr.o): in function `_lseek_r':
lseekr.c:(.text._lseek_r+0x10): warning: _lseek is not implemented and will always fail
/media/jefferson/11c42dee-73a3-4c2b-ab42-a0440011d9e0/openbsw-sil/tools/arm-gnu-toolchain-14.3.rel1-x86_64-arm-none-eabi/bin/../lib/gcc/arm-none-eabi/14.3.1/../../../../arm-none-eabi/bin/ld: /media/jefferson/11c42dee-73a3-4c2b-ab42-a0440011d9e0/openbsw-sil/tools/arm-gnu-toolchain-14.3.rel1-x86_64-arm-none-eabi/bin/../lib/gcc/arm-none-eabi/14.3.1/../../../../arm-none-eabi/lib/thumb/v7e-m+fp/hard/libg_nano.a(libc_a-lseekr.o): note: the message above does not take linker garbage collection into account
/media/jefferson/11c42dee-73a3-4c2b-ab42-a0440011d9e0/openbsw-sil/tools/arm-gnu-toolchain-14.3.rel1-x86_64-arm-none-eabi/bin/../lib/gcc/arm-none-eabi/14.3.1/../../../../arm-none-eabi/bin/ld: /media/jefferson/11c42dee-73a3-4c2b-ab42-a0440011d9e0/openbsw-sil/tools/arm-gnu-toolchain-14.3.rel1-x86_64-arm-none-eabi/bin/../lib/gcc/arm-none-eabi/14.3.1/../../../../arm-none-eabi/lib/thumb/v7e-m+fp/hard/libg_nano.a(libc_a-readr.o): in function `_read_r':
readr.c:(.text._read_r+0x10): warning: _read is not implemented and will always fail
/media/jefferson/11c42dee-73a3-4c2b-ab42-a0440011d9e0/openbsw-sil/tools/arm-gnu-toolchain-14.3.rel1-x86_64-arm-none-eabi/bin/../lib/gcc/arm-none-eabi/14.3.1/../../../../arm-none-eabi/bin/ld: /media/jefferson/11c42dee-73a3-4c2b-ab42-a0440011d9e0/openbsw-sil/tools/arm-gnu-toolchain-14.3.rel1-x86_64-arm-none-eabi/bin/../lib/gcc/arm-none-eabi/14.3.1/../../../../arm-none-eabi/lib/thumb/v7e-m+fp/hard/libg_nano.a(libc_a-readr.o): note: the message above does not take linker garbage collection into account
/media/jefferson/11c42dee-73a3-4c2b-ab42-a0440011d9e0/openbsw-sil/tools/arm-gnu-toolchain-14.3.rel1-x86_64-arm-none-eabi/bin/../lib/gcc/arm-none-eabi/14.3.1/../../../../arm-none-eabi/bin/ld: /media/jefferson/11c42dee-73a3-4c2b-ab42-a0440011d9e0/openbsw-sil/tools/arm-gnu-toolchain-14.3.rel1-x86_64-arm-none-eabi/bin/../lib/gcc/arm-none-eabi/14.3.1/../../../../arm-none-eabi/lib/thumb/v7e-m+fp/hard/libg_nano.a(libc_a-writer.o): in function `_write_r':
writer.c:(.text._write_r+0x10): warning: _write is not implemented and will always fail
/media/jefferson/11c42dee-73a3-4c2b-ab42-a0440011d9e0/openbsw-sil/tools/arm-gnu-toolchain-14.3.rel1-x86_64-arm-none-eabi/bin/../lib/gcc/arm-none-eabi/14.3.1/../../../../arm-none-eabi/bin/ld: /media/jefferson/11c42dee-73a3-4c2b-ab42-a0440011d9e0/openbsw-sil/tools/arm-gnu-toolchain-14.3.rel1-x86_64-arm-none-eabi/bin/../lib/gcc/arm-none-eabi/14.3.1/../../../../arm-none-eabi/lib/thumb/v7e-m+fp/hard/libg_nano.a(libc_a-writer.o): note: the message above does not take linker garbage collection into account
/media/jefferson/11c42dee-73a3-4c2b-ab42-a0440011d9e0/openbsw-sil/tools/arm-gnu-toolchain-14.3.rel1-x86_64-arm-none-eabi/bin/../lib/gcc/arm-none-eabi/14.3.1/../../../../arm-none-eabi/bin/ld: warning: app/application/openbsw-zonal-gw.elf has a LOAD segment with RWX permissions
Memory region         Used Size  Region Size  %age Used
             Isr:          1 KB         1 KB    100.00%
FlashConfigField:           0 B         16 B      0.00%
ApplicationStartUpCode:           8 B         32 B     25.00%
     Application:      197132 B    1571728 B     12.54%
         CrcMeta:          32 B         64 B     50.00%
    RAMFunctions:          60 B         4 KB      1.46%
         HotData:       17780 B       124 KB     14.00%
         MainRAM:       90440 B       123 KB     71.81%
          NoInit:           0 B         1 KB      0.00%
