$TEST_TMPDIR defined, some defaults will be overridden
OpenJDK 64-Bit Server VM warning: Options -Xverify:none and -noverify were deprecated in JDK 13 and will likely be removed in a future release.
WARNING: The following configs were expanded more than once: [linux_x64_gcc_15]. For repeatable flags, repeats are counted twice and may lead to unexpected behavior.
Computing main repo mapping: 
Computing main repo mapping: 
WARNING: The following configs were expanded more than once: [linux_x64_gcc_15]. For repeatable flags, repeats are counted twice and may lead to unexpected behavior.
Computing main repo mapping: 
Computing main repo mapping: 
Computing main repo mapping: 
Computing main repo mapping: 
Computing main repo mapping: 
Computing main repo mapping: 
Computing main repo mapping: 
Loading: 
Loading: 5 packages loaded
Analyzing: 3 targets (8 packages loaded, 0 targets configured)
Analyzing: 3 targets (8 packages loaded, 0 targets configured)

Analyzing: 3 targets (103 packages loaded, 22 targets configured)

Analyzing: 3 targets (164 packages loaded, 3166 targets configured)

WARNING: /media/jefferson/11c42dee-73a3-4c2b-ab42-a0440011d9e0/.s-core-build/runs/communication-review-pb5v82w4/workspaces/560/MODULE.bazel:196:20: The module extension apt defined in @rules_distroless//apt:extensions.bzl reported incorrect imports of repositories via use_repo():

Imported, but reported as indirect dependencies by the extension:
    ubuntu24_04_sysroot_resolve

Fix the use_repo calls by running 'bazel mod tidy'.
Analyzing: 3 targets (461 packages loaded, 13236 targets configured)

Analyzing: 3 targets (524 packages loaded, 17772 targets configured)

INFO: Analyzed 3 targets (562 packages loaded, 18830 targets configured).
[9 / 59] checking cached actions
[1,606 / 1,621] [Prepa] Writing: bazel-out/k8-fastbuild/bin/score/mw/com/test/basic_rust_api/subscription_state_apis/integration_test/_oci_filesystem_test_subscription_state_apis.tar
[1,619 / 1,623] OCI Image //score/mw/com/test/basic_rust_api/subscription_state_apis/integration_test:_image_test_subscription_state_apis; 0s linux-sandbox ... (2 actions, 1 running)
[1,619 / 1,623] OCI Image //score/mw/com/test/basic_rust_api/subscription_state_apis/integration_test:_image_test_subscription_state_apis; 1s linux-sandbox ... (2 actions running)
[1,620 / 1,623] Testing //score/mw/com/test/basic_rust_api/consumer_async_apis/integration_test:test_com_api_async; 5s linux-sandbox ... (2 actions, 1 running)
[1,621 / 1,624] Testing //score/mw/com/test/basic_rust_api/consumer_async_apis/integration_test:test_com_api_async; 7s linux-sandbox ... (2 actions, 1 running)
[1,621 / 1,624] Testing //score/mw/com/test/basic_rust_api/consumer_async_apis/integration_test:test_com_api_async; 17s linux-sandbox ... (2 actions, 1 running)
[1,621 / 1,624] Testing //score/mw/com/test/basic_rust_api/consumer_async_apis/integration_test:test_com_api_async; 49s linux-sandbox ... (2 actions, 1 running)
[1,621 / 1,624] Testing //score/mw/com/test/basic_rust_api/consumer_async_apis/integration_test:test_com_api_async; 93s linux-sandbox ... (2 actions running)
[1,622 / 1,624] 1 / 3 tests; Testing //score/mw/com/test/basic_rust_api/consumer_sync_apis/integration_test:test_com_api_sync; 1s linux-sandbox ... (2 actions, 1 running)
[1,622 / 1,624] 1 / 3 tests; Testing //score/mw/com/test/basic_rust_api/consumer_sync_apis/integration_test:test_com_api_sync; 12s linux-sandbox ... (2 actions, 1 running)
[1,622 / 1,624] 1 / 3 tests; Testing //score/mw/com/test/basic_rust_api/consumer_sync_apis/integration_test:test_com_api_sync; 42s linux-sandbox ... (2 actions, 1 running)
[1,622 / 1,624] 1 / 3 tests; Testing //score/mw/com/test/basic_rust_api/consumer_sync_apis/integration_test:test_com_api_sync; 44s linux-sandbox ... (2 actions running)
[1,623 / 1,624] 2 / 3 tests; Testing //score/mw/com/test/basic_rust_api/subscription_state_apis/integration_test:test_subscription_state_apis; 1s linux-sandbox
[1,623 / 1,624] 2 / 3 tests; Testing //score/mw/com/test/basic_rust_api/subscription_state_apis/integration_test:test_subscription_state_apis; 11s linux-sandbox
[1,623 / 1,624] 3 / 3 tests; Testing //score/mw/com/test/basic_rust_api/subscription_state_apis/integration_test:test_subscription_state_apis; 35s linux-sandbox
INFO: Found 3 test targets...
INFO: Elapsed time: 204.807s, Critical Path: 132.93s
INFO: 8 processes: 1634 action cache hit, 1 internal, 7 linux-sandbox.
INFO: Build completed successfully, 8 total actions
INFO: 
//score/mw/com/test/basic_rust_api/consumer_async_apis/integration_test:test_com_api_async PASSED in 93.4s
//score/mw/com/test/basic_rust_api/consumer_sync_apis/integration_test:test_com_api_sync PASSED in 42.9s
//score/mw/com/test/basic_rust_api/subscription_state_apis/integration_test:test_subscription_state_apis PASSED in 35.1s

Executed 3 out of 3 tests: 3 tests pass.
INFO: Build Event Protocol files produced successfully.
