$TEST_TMPDIR defined, some defaults will be overridden
WARNING: Duplicate rc file: /media/jefferson/11c42dee-73a3-4c2b-ab42-a0440011d9e0/.s-core-build/runs/score-rust-issue-queue-ycbvxir7/workspaces/782/quality/static_analysis/static_analysis.bazelrc is read multiple times, it is a standard rc file location but must have been unnecessarily imported earlier.
OpenJDK 64-Bit Server VM warning: Options -Xverify:none and -noverify were deprecated in JDK 13 and will likely be removed in a future release.
WARNING: The following configs were expanded more than once: [linux_x64_gcc_15]. For repeatable flags, repeats are counted twice and may lead to unexpected behavior.
Computing main repo mapping: 
Computing main repo mapping: 
WARNING: The following configs were expanded more than once: [linux_x64_gcc_15]. For repeatable flags, repeats are counted twice and may lead to unexpected behavior.
Computing main repo mapping: 
Computing main repo mapping: 
Computing main repo mapping: 
Computing main repo mapping: 
Computing main repo mapping: 
Computing main repo mapping: 
Computing main repo mapping: 
Computing main repo mapping: 
Loading: 
Loading: 5 packages loaded
Analyzing: target //score/mw/com/test/basic_rust_api/consumer_async_apis/integration_test:test_com_api_async (6 packages loaded, 0 targets configured)
Analyzing: target //score/mw/com/test/basic_rust_api/consumer_async_apis/integration_test:test_com_api_async (6 packages loaded, 0 targets configured)

Analyzing: target //score/mw/com/test/basic_rust_api/consumer_async_apis/integration_test:test_com_api_async (68 packages loaded, 22 targets configured)

Analyzing: target //score/mw/com/test/basic_rust_api/consumer_async_apis/integration_test:test_com_api_async (162 packages loaded, 3166 targets configured)

WARNING: /media/jefferson/11c42dee-73a3-4c2b-ab42-a0440011d9e0/.s-core-build/runs/score-rust-issue-queue-ycbvxir7/workspaces/782/MODULE.bazel:196:20: The module extension apt defined in @rules_distroless//apt:extensions.bzl reported incorrect imports of repositories via use_repo():

Imported, but reported as indirect dependencies by the extension:
    ubuntu24_04_sysroot_resolve

Fix the use_repo calls by running 'bazel mod tidy'.
Analyzing: target //score/mw/com/test/basic_rust_api/consumer_async_apis/integration_test:test_com_api_async (496 packages loaded, 16711 targets configured)

Analyzing: target //score/mw/com/test/basic_rust_api/consumer_async_apis/integration_test:test_com_api_async (544 packages loaded, 17999 targets configured)

INFO: Analyzed target //score/mw/com/test/basic_rust_api/consumer_async_apis/integration_test:test_com_api_async (558 packages loaded, 18804 targets configured).
[9 / 48] [Prepa] Writing repo mapping manifest for //score/mw/com/test/basic_rust_api/consumer_async_apis/integration_test:test_com_api_async
[134 / 1,447] [Prepa] Creating symlink to ambiguous lib: external/score_baselibs++_repo_rules+acl-deb/usr/lib/x86_64-linux-gnu/libacl.a
[556 / 1,447] OCI Descriptor external/rules_distroless++apt+ubuntu24_04_integration_testing_binutils-x86-64-linux-gnu_2.42-4ubuntu2.10_amd64/layer.tar.gz; 0s linux-sandbox ... (2 actions, 1 running)
[925 / 1,447] [Prepa] OCI Descriptor external/rules_distroless++apt+ubuntu24_04_integration_testing_libacl1_2.3.2-1build1.1_amd64/layer.tar.gz
[1,283 / 1,447] checking cached actions
[1,407 / 1,447] checking cached actions
[1,442 / 1,447] Compiling Rust bin bigdata-consumer-async (1 file); 0s linux-sandbox
[1,443 / 1,447] [Prepa] Writing: bazel-out/k8-fastbuild/bin/score/mw/com/test/basic_rust_api/consumer_async_apis/integration_test/_oci_filesystem_test_com_api_async.tar
[1,445 / 1,447] OCI Image //score/mw/com/test/basic_rust_api/consumer_async_apis/integration_test:_image_test_com_api_async; 0s linux-sandbox
[1,446 / 1,447] [Prepa] OCITarballManifest score/mw/com/test/basic_rust_api/consumer_async_apis/integration_test/_image_test_com_api_async_loader/tarball.spec
[1,447 / 1,448] Testing //score/mw/com/test/basic_rust_api/consumer_async_apis/integration_test:test_com_api_async; 1s linux-sandbox
[1,447 / 1,448] Testing //score/mw/com/test/basic_rust_api/consumer_async_apis/integration_test:test_com_api_async; 11s linux-sandbox
[1,447 / 1,448] 1 / 1 tests; Testing //score/mw/com/test/basic_rust_api/consumer_async_apis/integration_test:test_com_api_async; 23s linux-sandbox
INFO: Found 1 test target...
Target //score/mw/com/test/basic_rust_api/consumer_async_apis/integration_test:test_com_api_async up-to-date:
  bazel-bin/score/mw/com/test/basic_rust_api/consumer_async_apis/integration_test/test_com_api_async
INFO: Elapsed time: 60.061s, Critical Path: 34.43s
INFO: 89 processes: 1375 action cache hit, 47 internal, 42 linux-sandbox.
INFO: Build completed successfully, 89 total actions
INFO: 
//score/mw/com/test/basic_rust_api/consumer_async_apis/integration_test:test_com_api_async PASSED in 23.9s

Executed 1 out of 1 test: 1 test passes.
There were tests whose specified size is too big. Use the --test_verbose_timeout_warnings command line option to see which ones these are.
INFO: Build Event Protocol files produced successfully.
