$TEST_TMPDIR defined, some defaults will be overridden
WARNING: Duplicate rc file: /media/jefferson/11c42dee-73a3-4c2b-ab42-a0440011d9e0/.s-core-build/runs/score-rust-issue-queue-ycbvxir7/workspaces/782/quality/static_analysis/static_analysis.bazelrc is read multiple times, it is a standard rc file location but must have been unnecessarily imported earlier.
OpenJDK 64-Bit Server VM warning: Options -Xverify:none and -noverify were deprecated in JDK 13 and will likely be removed in a future release.
WARNING: The following configs were expanded more than once: [linux_x64_gcc_15]. For repeatable flags, repeats are counted twice and may lead to unexpected behavior.
Computing main repo mapping: 
WARNING: The following configs were expanded more than once: [linux_x64_gcc_15]. For repeatable flags, repeats are counted twice and may lead to unexpected behavior.
Computing main repo mapping: 
Computing main repo mapping: 
Computing main repo mapping: 
Computing main repo mapping: 
Computing main repo mapping: 
Computing main repo mapping: 
Computing main repo mapping: 
Loading: 
Loading: 5 packages loaded
Analyzing: target //score/mw/com/example/com-api-example:com-api-example-tokio-integration-test (6 packages loaded, 0 targets configured)
Analyzing: target //score/mw/com/example/com-api-example:com-api-example-tokio-integration-test (6 packages loaded, 0 targets configured)

Analyzing: target //score/mw/com/example/com-api-example:com-api-example-tokio-integration-test (96 packages loaded, 20 targets configured)

Analyzing: target //score/mw/com/example/com-api-example:com-api-example-tokio-integration-test (159 packages loaded, 2893 targets configured)

Analyzing: target //score/mw/com/example/com-api-example:com-api-example-tokio-integration-test (368 packages loaded, 14990 targets configured)

INFO: Analyzed target //score/mw/com/example/com-api-example:com-api-example-tokio-integration-test (376 packages loaded, 15736 targets configured).
[10 / 801] checking cached actions
[212 / 1,258] [Prepa] Creating symlink to ambiguous lib: bazel-out/k8-fastbuild/bin/external/score_baselibs+/score/concurrency/libdelayed_task.a
[835 / 1,258] Compiling score/mw/com/example/com-api-example/com-api-gen/vehicle_gen.cpp; 0s linux-sandbox ... (2 actions, 1 running)
[1,178 / 1,258] Compiling score/mw/com/example/com-api-example/com-api-gen/vehicle_gen.cpp; 1s linux-sandbox ... (2 actions, 1 running)
[1,178 / 1,258] Compiling score/mw/com/example/com-api-example/com-api-gen/vehicle_gen.cpp; 3s linux-sandbox ... (2 actions running)
[1,187 / 1,258] Compiling score/mw/com/example/com-api-example/com-api-gen/vehicle_gen.cpp; 6s linux-sandbox ... (2 actions, 1 running)
[1,190 / 1,258] Compiling score/mw/com/example/com-api-example/com-api-gen/vehicle_gen.cpp; 7s linux-sandbox ... (2 actions, 1 running)
INFO: From Compiling score/mw/com/example/com-api-example/com-api-gen/vehicle_gen.cpp:
In file included from ./score/mw/com/impl/instance_identifier.h:16,
                 from ./score/mw/com/impl/handle_type.h:18,
                 from ./score/mw/com/impl/proxy_base.h:18,
                 from ./score/mw/com/impl/generic_proxy_event.h:18,
                 from ./score/mw/com/impl/generic_proxy.h:18,
                 from ./score/mw/com/types.h:24,
                 from score/mw/com/example/com-api-example/com-api-gen/vehicle_gen.h:17,
                 from score/mw/com/example/com-api-example/com-api-gen/vehicle_gen.cpp:14:
./score/mw/com/impl/com_error.h: In member function 'virtual std::string_view score::mw::com::impl::ComErrorDomain::MessageFor(const score::result::ErrorCode&) const':
./score/mw/com/impl/com_error.h:186:65: warning: 'score::mw::com::impl::ComErrc::kServiceInstanceAlreadyOffered' is deprecated: Value has never been used. Calls to OfferService shall be idempotent. [-Wdeprecated-declarations]
  186 |             case static_cast<score::result::ErrorCode>(ComErrc::kServiceInstanceAlreadyOffered):
      |                                                                 ^~~~~~~~~~~~~~~~~~~~~~~~~~~~~~
./score/mw/com/impl/com_error.h:57:5: note: declared here
   57 |     kServiceInstanceAlreadyOffered
      |     ^~~~~~~~~~~~~~~~~~~~~~~~~~~~~~
[1,195 / 1,258] Compiling score/mw/com/rust/score_com_cpp_bridge/register_interface.cpp; 0s linux-sandbox ... (2 actions running)
[1,196 / 1,258] Compiling score/mw/com/rust/score_com_cpp_bridge/register_interface.cpp; 2s linux-sandbox ... (2 actions running)
INFO: From Compiling score/mw/com/rust/score_com_cpp_bridge/register_interface.cpp:
In file included from ./score/mw/com/impl/instance_identifier.h:16,
                 from ./score/mw/com/impl/handle_type.h:18,
                 from ./score/mw/com/impl/proxy_base.h:18,
                 from ./score/mw/com/impl/rust/com-api/com-api-ffi-lola/registry_bridge_macro.h:68,
                 from ./score/mw/com/rust/score_com_cpp_bridge/register_interface.h:45,
                 from score/mw/com/rust/score_com_cpp_bridge/register_interface.cpp:14:
./score/mw/com/impl/com_error.h: In member function 'virtual std::string_view score::mw::com::impl::ComErrorDomain::MessageFor(const score::result::ErrorCode&) const':
./score/mw/com/impl/com_error.h:186:65: warning: 'score::mw::com::impl::ComErrc::kServiceInstanceAlreadyOffered' is deprecated: Value has never been used. Calls to OfferService shall be idempotent. [-Wdeprecated-declarations]
  186 |             case static_cast<score::result::ErrorCode>(ComErrc::kServiceInstanceAlreadyOffered):
      |                                                                 ^~~~~~~~~~~~~~~~~~~~~~~~~~~~~~
./score/mw/com/impl/com_error.h:57:5: note: declared here
   57 |     kServiceInstanceAlreadyOffered
      |     ^~~~~~~~~~~~~~~~~~~~~~~~~~~~~~
[1,197 / 1,258] Compiling Rust rlib tokio v1.53.2 (555 files); 5s linux-sandbox ... (2 actions, 1 running)
[1,256 / 1,258] Compiling Rust rlib tokio v1.53.2 (555 files); 6s linux-sandbox
[1,257 / 1,258] Compiling Rust bin com-api-example-tokio-integration-test (1 file); 1s linux-sandbox
[1,258 / 1,259] [Prepa] Testing //score/mw/com/example/com-api-example:com-api-example-tokio-integration-test
[1,258 / 1,259] Testing //score/mw/com/example/com-api-example:com-api-example-tokio-integration-test; 1s linux-sandbox
[1,258 / 1,259] Testing //score/mw/com/example/com-api-example:com-api-example-tokio-integration-test; 6s linux-sandbox
INFO: Found 1 test target...
Target //score/mw/com/example/com-api-example:com-api-example-tokio-integration-test up-to-date:
  bazel-bin/score/mw/com/example/com-api-example/test-1311856799/com-api-example-tokio-integration-test
INFO: Elapsed time: 44.933s, Critical Path: 21.99s
INFO: 57 processes: 1216 action cache hit, 33 internal, 24 linux-sandbox.
INFO: Build completed successfully, 57 total actions
INFO: 
//score/mw/com/example/com-api-example:com-api-example-tokio-integration-test PASSED in 6.1s

Executed 1 out of 1 test: 1 test passes.
There were tests whose specified size is too big. Use the --test_verbose_timeout_warnings command line option to see which ones these are.
INFO: Build Event Protocol files produced successfully.
