Using Python 3.12.14 environment at: /media/jefferson/11c42dee-73a3-4c2b-ab42-a0440011d9e0/.s-core-build/runs/score-3115-review-14n7mwek/ci-env
Resolved 24 packages in 7.52s
   Building sh==1.14.3
Downloading cryptography (4.5MiB)
Downloading pynacl (1.3MiB)
Downloading pygments (1.2MiB)
      Built sh==1.14.3
 Downloaded pygments
 Downloaded pynacl
 Downloaded cryptography
Prepared 24 packages in 9.71s
Installed 24 packages in 27ms
 + arrow==1.2.3
 + certifi==2026.7.22
 + cffi==2.1.1
 + charset-normalizer==3.5.2
 + click==8.1.3
 + cryptography==50.0.2
 + gitlint==0.19.1
 + gitlint-core==0.19.1
 + idna==3.20
 + iniconfig==2.3.1
 + packaging==26.3
 + pluggy==1.6.0
 + pycparser==3.0
 + pygithub==2.10.0
 + pygments==2.21.0
 + pyjwt==2.15.1
 + pynacl==1.6.2
 + pytest==9.0.3
 + python-dateutil==2.9.0.post0
 + requests==2.34.2
 + sh==1.14.3
 + six==1.17.0
 + typing-extensions==4.16.0
 + urllib3==2.8.0
