$TEST_TMPDIR defined, some defaults will be overridden
OpenJDK 64-Bit Server VM warning: Options -Xverify:none and -noverify were deprecated in JDK 13 and will likely be removed in a future release.
INFO: Invocation ID: 46f61c57-c21a-45a7-b4a0-97c4a7b7c627
Computing main repo mapping: 
Computing main repo mapping: 
Loading: 
Loading: 0 packages loaded
Loading: 0 packages loaded
    currently loading: 
Analyzing: target //:copyright.check (1 packages loaded)
Analyzing: target //:copyright.check (1 packages loaded, 0 targets configured)
Analyzing: target //:copyright.check (1 packages loaded, 0 targets configured)

Analyzing: target //:copyright.check (80 packages loaded, 8 targets configured)

Analyzing: target //:copyright.check (249 packages loaded, 2022 targets configured)

Analyzing: target //:copyright.check (286 packages loaded, 7126 targets configured)

Analyzing: target //:copyright.check (339 packages loaded, 13334 targets configured)

INFO: Analyzed target //:copyright.check (349 packages loaded, 24979 targets configured).
[1 / 1] no actions running
WARNING: Directory artifact tools crosses package boundary into package rooted at tools/format
INFO: Found 1 target...
Target //:copyright.check up-to-date:
  bazel-bin/copyright.check
  bazel-bin/copyright.check.venv.pth
INFO: Elapsed time: 35.621s, Critical Path: 6.11s
INFO: 1 process: 152 action cache hit, 1 internal.
INFO: Build completed successfully, 1 total action
INFO: Running command line: bazel-bin/copyright.check -t ../score_tooling+/cr_checker/resources/templates.ini -c ../score_tooling+/cr_checker/resources/config.json ./.github ./_score_docs_cli ./tools ./BUILD ./MODULE.bazel
[32mINFO:[0m ================================================================
[32mINFO:[0m Process completed.
[32mINFO:[0m Total files without copyright: [32m0[0m
[32mINFO:[0m ================================================================
