contributions/issues/eclipse-score/score/3115/completion/attempts/01-heading/candidate-docs-check.log:4: trailing whitespace.
+Computing main repo mapping: 
contributions/issues/eclipse-score/score/3115/completion/attempts/01-heading/candidate-docs-check.log:5: trailing whitespace.
+Computing main repo mapping: 
contributions/issues/eclipse-score/score/3115/completion/attempts/01-heading/candidate-docs-check.log:6: trailing whitespace.
+Loading: 
contributions/issues/eclipse-score/score/3115/completion/attempts/01-heading/candidate-docs-check.log:10: trailing whitespace.
+    currently loading: 
contributions/issues/eclipse-score/score/3115/completion/attempts/01-heading/candidate-docs-check.log:12: trailing whitespace.
+    currently loading: 
contributions/issues/eclipse-score/score/3115/completion/attempts/01-heading/candidate-docs-check.log:49: trailing whitespace.
+writing output... 
contributions/issues/eclipse-score/score/3115/completion/candidate-docs-check.log:4: trailing whitespace.
+Computing main repo mapping: 
contributions/issues/eclipse-score/score/3115/completion/candidate-docs-check.log:5: trailing whitespace.
+Computing main repo mapping: 
contributions/issues/eclipse-score/score/3115/completion/candidate-docs-check.log:6: trailing whitespace.
+Computing main repo mapping: 
contributions/issues/eclipse-score/score/3115/completion/candidate-docs-check.log:7: trailing whitespace.
+Loading: 
contributions/issues/eclipse-score/score/3115/completion/candidate-docs-check.log:10: trailing whitespace.
+    currently loading: 
contributions/issues/eclipse-score/score/3115/completion/candidate-docs-check.log:12: trailing whitespace.
+    currently loading: 
contributions/issues/eclipse-score/score/3115/completion/candidate-docs-check.log:47: trailing whitespace.
+writing output... 
contributions/issues/eclipse-score/score/3115/completion/candidate-html.log:4: trailing whitespace.
+Computing main repo mapping: 
contributions/issues/eclipse-score/score/3115/completion/candidate-html.log:5: trailing whitespace.
+Computing main repo mapping: 
contributions/issues/eclipse-score/score/3115/completion/candidate-html.log:6: trailing whitespace.
+Loading: 
contributions/issues/eclipse-score/score/3115/completion/candidate-html.log:10: trailing whitespace.
+    currently loading: 
contributions/issues/eclipse-score/score/3115/completion/candidate-html.log:12: trailing whitespace.
+    currently loading: 
contributions/issues/eclipse-score/score/3115/completion/candidate-html.log:14: trailing whitespace.
+    currently loading: 
contributions/issues/eclipse-score/score/3115/completion/candidate-html.log:52: trailing whitespace.
+writing output... 
contributions/issues/eclipse-score/score/3115/completion/candidate-html.log:113: trailing whitespace.
+copying assets... 
contributions/issues/eclipse-score/score/3115/completion/candidate-html.log:114: trailing whitespace.
+copying static files... 
contributions/issues/eclipse-score/score/3115/completion/candidate-html.log:119: trailing whitespace.
+copying extra files... 
contributions/issues/eclipse-score/score/3115/completion/candidate-rendered.html:12: trailing whitespace.
+  
contributions/issues/eclipse-score/score/3115/completion/candidate-rendered.html:13: trailing whitespace.
+  
contributions/issues/eclipse-score/score/3115/completion/candidate-rendered.html:14: trailing whitespace.
+  
contributions/issues/eclipse-score/score/3115/completion/candidate-rendered.html:28: trailing whitespace.
+  
contributions/issues/eclipse-score/score/3115/completion/candidate-rendered.html:48: trailing whitespace.
+  
contributions/issues/eclipse-score/score/3115/completion/candidate-rendered.html:75: trailing whitespace.
+  
contributions/issues/eclipse-score/score/3115/completion/candidate-rendered.html:76: trailing whitespace.
+    
contributions/issues/eclipse-score/score/3115/completion/candidate-rendered.html:80: trailing whitespace.
+  
contributions/issues/eclipse-score/score/3115/completion/candidate-rendered.html:83: trailing whitespace.
+  
contributions/issues/eclipse-score/score/3115/completion/candidate-rendered.html:84: trailing whitespace.
+  
contributions/issues/eclipse-score/score/3115/completion/candidate-rendered.html:87: trailing whitespace.
+  
contributions/issues/eclipse-score/score/3115/completion/candidate-rendered.html:89: trailing whitespace.
+  
contributions/issues/eclipse-score/score/3115/completion/candidate-rendered.html:92: trailing whitespace.
+  
contributions/issues/eclipse-score/score/3115/completion/candidate-rendered.html:93: trailing whitespace.
+  
contributions/issues/eclipse-score/score/3115/completion/candidate-rendered.html:94: trailing whitespace.
+  
contributions/issues/eclipse-score/score/3115/completion/candidate-rendered.html:95: trailing whitespace.
+  
contributions/issues/eclipse-score/score/3115/completion/candidate-rendered.html:97: trailing whitespace.
+    
contributions/issues/eclipse-score/score/3115/completion/candidate-rendered.html:119: trailing whitespace.
+  
contributions/issues/eclipse-score/score/3115/completion/candidate-rendered.html:125: trailing whitespace.
+  
contributions/issues/eclipse-score/score/3115/completion/candidate-rendered.html:126: trailing whitespace.
+  
contributions/issues/eclipse-score/score/3115/completion/candidate-rendered.html:128: trailing whitespace.
+    
contributions/issues/eclipse-score/score/3115/completion/candidate-rendered.html:131: trailing whitespace.
+  
contributions/issues/eclipse-score/score/3115/completion/candidate-rendered.html:132: trailing whitespace.
+    
contributions/issues/eclipse-score/score/3115/completion/candidate-rendered.html:133: trailing whitespace.
+  
contributions/issues/eclipse-score/score/3115/completion/candidate-rendered.html:136: trailing whitespace.
+  
contributions/issues/eclipse-score/score/3115/completion/candidate-rendered.html:137: trailing whitespace.
+  
contributions/issues/eclipse-score/score/3115/completion/candidate-rendered.html:138: trailing whitespace.
+  
contributions/issues/eclipse-score/score/3115/completion/candidate-rendered.html:139: trailing whitespace.
+  
contributions/issues/eclipse-score/score/3115/completion/candidate-rendered.html:140: trailing whitespace.
+  
contributions/issues/eclipse-score/score/3115/completion/candidate-rendered.html:141: trailing whitespace.
+  
contributions/issues/eclipse-score/score/3115/completion/candidate-rendered.html:143: trailing whitespace.
+  
contributions/issues/eclipse-score/score/3115/completion/candidate-rendered.html:145: trailing whitespace.
+    
contributions/issues/eclipse-score/score/3115/completion/candidate-rendered.html:147: trailing whitespace.
+  
contributions/issues/eclipse-score/score/3115/completion/candidate-rendered.html:149: trailing whitespace.
+    
contributions/issues/eclipse-score/score/3115/completion/candidate-rendered.html:151: trailing whitespace.
+      
contributions/issues/eclipse-score/score/3115/completion/candidate-rendered.html:155: trailing whitespace.
+    
contributions/issues/eclipse-score/score/3115/completion/candidate-rendered.html:197: trailing whitespace.
+                    
contributions/issues/eclipse-score/score/3115/completion/candidate-rendered.html:262: trailing whitespace.
+            
contributions/issues/eclipse-score/score/3115/completion/candidate-rendered.html:265: trailing whitespace.
+      
contributions/issues/eclipse-score/score/3115/completion/candidate-rendered.html:267: trailing whitespace.
+    
contributions/issues/eclipse-score/score/3115/completion/candidate-rendered.html:268: trailing whitespace.
+    
contributions/issues/eclipse-score/score/3115/completion/candidate-rendered.html:270: trailing whitespace.
+      
contributions/issues/eclipse-score/score/3115/completion/candidate-rendered.html:272: trailing whitespace.
+          
contributions/issues/eclipse-score/score/3115/completion/candidate-rendered.html:280: trailing whitespace.
+      
contributions/issues/eclipse-score/score/3115/completion/candidate-rendered.html:281: trailing whitespace.
+      
contributions/issues/eclipse-score/score/3115/completion/candidate-rendered.html:296: trailing whitespace.
+      
contributions/issues/eclipse-score/score/3115/completion/candidate-rendered.html:300: trailing whitespace.
+          
contributions/issues/eclipse-score/score/3115/completion/candidate-rendered.html:301: trailing whitespace.
+          
contributions/issues/eclipse-score/score/3115/completion/candidate-rendered.html:302: trailing whitespace.
+          
contributions/issues/eclipse-score/score/3115/completion/candidate-rendered.html:303: trailing whitespace.
+          
contributions/issues/eclipse-score/score/3115/completion/candidate-rendered.html:304: trailing whitespace.
+          
contributions/issues/eclipse-score/score/3115/completion/candidate-rendered.html:305: trailing whitespace.
+          
contributions/issues/eclipse-score/score/3115/completion/candidate-rendered.html:306: trailing whitespace.
+          
contributions/issues/eclipse-score/score/3115/completion/candidate-rendered.html:307: trailing whitespace.
+          
contributions/issues/eclipse-score/score/3115/completion/candidate-rendered.html:311: trailing whitespace.
+      
contributions/issues/eclipse-score/score/3115/completion/candidate-rendered.html:313: trailing whitespace.
+    
contributions/issues/eclipse-score/score/3115/completion/candidate-rendered.html:315: trailing whitespace.
+  
contributions/issues/eclipse-score/score/3115/completion/candidate-rendered.html:316: trailing whitespace.
+  
contributions/issues/eclipse-score/score/3115/completion/candidate-rendered.html:325: trailing whitespace.
+  
contributions/issues/eclipse-score/score/3115/completion/candidate-rendered.html:327: trailing whitespace.
+  
contributions/issues/eclipse-score/score/3115/completion/candidate-rendered.html:331: trailing whitespace.
+  
contributions/issues/eclipse-score/score/3115/completion/candidate-rendered.html:335: trailing whitespace.
+  
contributions/issues/eclipse-score/score/3115/completion/candidate-rendered.html:339: trailing whitespace.
+      
contributions/issues/eclipse-score/score/3115/completion/candidate-rendered.html:340: trailing whitespace.
+      
contributions/issues/eclipse-score/score/3115/completion/candidate-rendered.html:341: trailing whitespace.
+      
contributions/issues/eclipse-score/score/3115/completion/candidate-rendered.html:344: trailing whitespace.
+        
contributions/issues/eclipse-score/score/3115/completion/candidate-rendered.html:346: trailing whitespace.
+  
contributions/issues/eclipse-score/score/3115/completion/candidate-rendered.html:348: trailing whitespace.
+    
contributions/issues/eclipse-score/score/3115/completion/candidate-rendered.html:349: trailing whitespace.
+    
contributions/issues/eclipse-score/score/3115/completion/candidate-rendered.html:351: trailing whitespace.
+        
contributions/issues/eclipse-score/score/3115/completion/candidate-rendered.html:352: trailing whitespace.
+          
contributions/issues/eclipse-score/score/3115/completion/candidate-rendered.html:353: trailing whitespace.
+          
contributions/issues/eclipse-score/score/3115/completion/candidate-rendered.html:357: trailing whitespace.
+    
contributions/issues/eclipse-score/score/3115/completion/candidate-rendered.html:457: trailing whitespace.
+          
contributions/issues/eclipse-score/score/3115/completion/candidate-rendered.html:458: trailing whitespace.
+        
contributions/issues/eclipse-score/score/3115/completion/candidate-rendered.html:460: trailing whitespace.
+    
contributions/issues/eclipse-score/score/3115/completion/candidate-rendered.html:461: trailing whitespace.
+    
contributions/issues/eclipse-score/score/3115/completion/candidate-rendered.html:462: trailing whitespace.
+    
contributions/issues/eclipse-score/score/3115/completion/candidate-rendered.html:464: trailing whitespace.
+        
contributions/issues/eclipse-score/score/3115/completion/candidate-rendered.html:479: trailing whitespace.
+        
contributions/issues/eclipse-score/score/3115/completion/candidate-rendered.html:483: trailing whitespace.
+          
contributions/issues/eclipse-score/score/3115/completion/candidate-rendered.html:484: trailing whitespace.
+          
contributions/issues/eclipse-score/score/3115/completion/candidate-rendered.html:485: trailing whitespace.
+          
contributions/issues/eclipse-score/score/3115/completion/candidate-rendered.html:486: trailing whitespace.
+          
contributions/issues/eclipse-score/score/3115/completion/candidate-rendered.html:487: trailing whitespace.
+          
contributions/issues/eclipse-score/score/3115/completion/candidate-rendered.html:488: trailing whitespace.
+          
contributions/issues/eclipse-score/score/3115/completion/candidate-rendered.html:489: trailing whitespace.
+          
contributions/issues/eclipse-score/score/3115/completion/candidate-rendered.html:490: trailing whitespace.
+          
contributions/issues/eclipse-score/score/3115/completion/candidate-rendered.html:494: trailing whitespace.
+        
contributions/issues/eclipse-score/score/3115/completion/candidate-rendered.html:496: trailing whitespace.
+    
contributions/issues/eclipse-score/score/3115/completion/candidate-rendered.html:498: trailing whitespace.
+  
contributions/issues/eclipse-score/score/3115/completion/candidate-rendered.html:533: trailing whitespace.
+  
contributions/issues/eclipse-score/score/3115/completion/candidate-rendered.html:534: trailing whitespace.
+  
contributions/issues/eclipse-score/score/3115/completion/candidate-rendered.html:547: trailing whitespace.
+      
contributions/issues/eclipse-score/score/3115/completion/candidate-rendered.html:549: trailing whitespace.
+        
contributions/issues/eclipse-score/score/3115/completion/candidate-rendered.html:550: trailing whitespace.
+        
contributions/issues/eclipse-score/score/3115/completion/candidate-rendered.html:553: trailing whitespace.
+              
contributions/issues/eclipse-score/score/3115/completion/candidate-rendered.html:556: trailing whitespace.
+  
contributions/issues/eclipse-score/score/3115/completion/candidate-rendered.html:558: trailing whitespace.
+      
contributions/issues/eclipse-score/score/3115/completion/candidate-rendered.html:563: trailing whitespace.
+    
contributions/issues/eclipse-score/score/3115/completion/candidate-rendered.html:569: trailing whitespace.
+    
contributions/issues/eclipse-score/score/3115/completion/candidate-rendered.html:571: trailing whitespace.
+    
contributions/issues/eclipse-score/score/3115/completion/candidate-rendered.html:572: trailing whitespace.
+    
contributions/issues/eclipse-score/score/3115/completion/candidate-rendered.html:574: trailing whitespace.
+    
contributions/issues/eclipse-score/score/3115/completion/candidate-rendered.html:579: trailing whitespace.
+      
contributions/issues/eclipse-score/score/3115/completion/candidate-rendered.html:581: trailing whitespace.
+  
contributions/issues/eclipse-score/score/3115/completion/candidate-rendered.html:582: trailing whitespace.
+  
contributions/issues/eclipse-score/score/3115/completion/candidate-rendered.html:585: trailing whitespace.
+              
contributions/issues/eclipse-score/score/3115/completion/candidate-rendered.html:586: trailing whitespace.
+              
contributions/issues/eclipse-score/score/3115/completion/candidate-rendered.html:587: trailing whitespace.
+              
contributions/issues/eclipse-score/score/3115/completion/candidate-rendered.html:588: trailing whitespace.
+                
contributions/issues/eclipse-score/score/3115/completion/candidate-rendered.html:591: trailing whitespace.
+                  
contributions/issues/eclipse-score/score/3115/completion/candidate-rendered.html:933: trailing whitespace.
+              
contributions/issues/eclipse-score/score/3115/completion/candidate-rendered.html:934: trailing whitespace.
+              
contributions/issues/eclipse-score/score/3115/completion/candidate-rendered.html:935: trailing whitespace.
+              
contributions/issues/eclipse-score/score/3115/completion/candidate-rendered.html:936: trailing whitespace.
+              
contributions/issues/eclipse-score/score/3115/completion/candidate-rendered.html:937: trailing whitespace.
+              
contributions/issues/eclipse-score/score/3115/completion/candidate-rendered.html:939: trailing whitespace.
+                  
contributions/issues/eclipse-score/score/3115/completion/candidate-rendered.html:961: trailing whitespace.
+              
contributions/issues/eclipse-score/score/3115/completion/candidate-rendered.html:963: trailing whitespace.
+            
contributions/issues/eclipse-score/score/3115/completion/candidate-rendered.html:964: trailing whitespace.
+            
contributions/issues/eclipse-score/score/3115/completion/candidate-rendered.html:965: trailing whitespace.
+              
contributions/issues/eclipse-score/score/3115/completion/candidate-rendered.html:991: trailing whitespace.
+  
contributions/issues/eclipse-score/score/3115/completion/candidate-rendered.html:995: trailing whitespace.
+      
contributions/issues/eclipse-score/score/3115/completion/candidate-rendered.html:996: trailing whitespace.
+      
contributions/issues/eclipse-score/score/3115/completion/candidate-rendered.html:997: trailing whitespace.
+        
contributions/issues/eclipse-score/score/3115/completion/candidate-rendered.html:999: trailing whitespace.
+        
contributions/issues/eclipse-score/score/3115/completion/candidate-rendered.html:1000: trailing whitespace.
+      
contributions/issues/eclipse-score/score/3115/completion/candidate-rendered.html:1006: trailing whitespace.
+              
contributions/issues/eclipse-score/score/3115/completion/candidate-rendered.html:1007: trailing whitespace.
+            
contributions/issues/eclipse-score/score/3115/completion/candidate-rendered.html:1010: trailing whitespace.
+            
contributions/issues/eclipse-score/score/3115/completion/candidate-rendered.html:1012: trailing whitespace.
+        
contributions/issues/eclipse-score/score/3115/completion/candidate-rendered.html:1016: trailing whitespace.
+  
contributions/issues/eclipse-score/score/3115/completion/candidate-rendered.html:1023: trailing whitespace.
+  
contributions/issues/eclipse-score/score/3115/completion/candidate-rendered.html:1025: trailing whitespace.
+      
contributions/issues/eclipse-score/score/3115/completion/candidate-rendered.html:1033: trailing whitespace.
+      
contributions/issues/eclipse-score/score/3115/completion/candidate-rendered.html:1035: trailing whitespace.
+  
contributions/issues/eclipse-score/score/3115/completion/candidate-rendered.html:1036: trailing whitespace.
+  
contributions/issues/eclipse-score/score/3115/completion/candidate-rendered.html:1037: trailing whitespace.
+  
contributions/issues/eclipse-score/score/3115/completion/candidate-rendered.html:1039: trailing whitespace.
+      
contributions/issues/eclipse-score/score/3115/completion/candidate-rendered.html:1045: trailing whitespace.
+      
contributions/issues/eclipse-score/score/3115/completion/candidate-rendered.html:1047: trailing whitespace.
+  
contributions/issues/eclipse-score/score/3115/completion/copyright.log:4: trailing whitespace.
+Computing main repo mapping: 
contributions/issues/eclipse-score/score/3115/completion/copyright.log:5: trailing whitespace.
+Computing main repo mapping: 
contributions/issues/eclipse-score/score/3115/completion/copyright.log:6: trailing whitespace.
+Loading: 
contributions/issues/eclipse-score/score/3115/completion/copyright.log:9: trailing whitespace.
+    currently loading: 
contributions/issues/eclipse-score/score/3115/completion/format.log:4: trailing whitespace.
+Computing main repo mapping: 
contributions/issues/eclipse-score/score/3115/completion/format.log:5: trailing whitespace.
+Computing main repo mapping: 
contributions/issues/eclipse-score/score/3115/completion/format.log:6: trailing whitespace.
+Loading: 
contributions/issues/eclipse-score/score/3115/completion/format.log:10: trailing whitespace.
+    currently loading: 
contributions/issues/eclipse-score/score/3115/completion/format.log:12: trailing whitespace.
+    currently loading: 
contributions/issues/eclipse-score/score/3115/completion/module-deps.log:11: new blank line at EOF.
