$TEST_TMPDIR defined, some defaults will be overridden
OpenJDK 64-Bit Server VM warning: Options -Xverify:none and -noverify were deprecated in JDK 13 and will likely be removed in a future release.
INFO: Invocation ID: 984076b0-b95d-4507-8275-13c0cdea9b79
Computing main repo mapping: 
Computing main repo mapping: 
Loading: 
Loading: 0 packages loaded
Loading: 0 packages loaded
Loading: 0 packages loaded
    currently loading: 
Loading: 0 packages loaded
    currently loading: 
Loading: 1 packages loaded
Analyzing: 3 targets (2 packages loaded)
Analyzing: 3 targets (2 packages loaded, 0 targets configured)
Analyzing: 3 targets (2 packages loaded, 0 targets configured)

Analyzing: 3 targets (78 packages loaded, 7 targets configured)

Analyzing: 3 targets (86 packages loaded, 59 targets configured)

Analyzing: 3 targets (134 packages loaded, 1930 targets configured)

Analyzing: 3 targets (134 packages loaded, 1930 targets configured)

Analyzing: 3 targets (134 packages loaded, 1930 targets configured)

Analyzing: 3 targets (135 packages loaded, 1935 targets configured)
[6 / 7] Testing //tools/format:format.check_YAML_with_yamlfmt; 0s local
Analyzing: 3 targets (135 packages loaded, 1935 targets configured)
[7 / 7] 1 / 1 tests; no actions running
Analyzing: 3 targets (136 packages loaded, 1940 targets configured)
[12 / 13] 2 / 2 tests; Testing //tools/format:format.check_Starlark_with_buildifier; 0s local
INFO: Analyzed 3 targets (137 packages loaded, 1945 targets configured).
[13 / 13] 2 / 2 tests; no actions running
[18 / 19] 2 / 3 tests; Testing //tools/format:format.check_Python_with_ruff; 0s local
INFO: Found 3 test targets...
INFO: Elapsed time: 24.591s, Critical Path: 0.90s
INFO: 19 processes: 13 internal, 6 local.
INFO: Build completed successfully, 19 total actions
//tools/format:format.check_Python_with_ruff                             PASSED in 0.6s
//tools/format:format.check_Starlark_with_buildifier                     PASSED in 0.6s
//tools/format:format.check_YAML_with_yamlfmt                            PASSED in 0.4s

Executed 3 out of 3 tests: 3 tests pass.
There were tests whose specified size is too big. Use the --test_verbose_timeout_warnings command line option to see which ones these are.
