$TEST_TMPDIR defined, some defaults will be overridden
WARNING: Duplicate rc file: /media/jefferson/11c42dee-73a3-4c2b-ab42-a0440011d9e0/.s-core-build/runs/score-rust-issue-queue-ycbvxir7/workspaces/1263/quality/static_analysis/static_analysis.bazelrc is read multiple times, it is a standard rc file location but must have been unnecessarily imported earlier.
OpenJDK 64-Bit Server VM warning: Options -Xverify:none and -noverify were deprecated in JDK 13 and will likely be removed in a future release.
WARNING: The following configs were expanded more than once: [linux_x64_gcc_15]. For repeatable flags, repeats are counted twice and may lead to unexpected behavior.
Computing main repo mapping: 
WARNING: The following configs were expanded more than once: [linux_x64_gcc_15]. For repeatable flags, repeats are counted twice and may lead to unexpected behavior.
Computing main repo mapping: 
Computing main repo mapping: 
Computing main repo mapping: 
Loading: 
Loading: 5 packages loaded
Analyzing: target //score/mw/com/impl/rust/com-api/com-api-runtime-lola:com-api-runtime-lola (6 packages loaded, 0 targets configured)
Analyzing: target //score/mw/com/impl/rust/com-api/com-api-runtime-lola:com-api-runtime-lola (6 packages loaded, 0 targets configured)

Analyzing: target //score/mw/com/impl/rust/com-api/com-api-runtime-lola:com-api-runtime-lola (158 packages loaded, 2249 targets configured)

Analyzing: target //score/mw/com/impl/rust/com-api/com-api-runtime-lola:com-api-runtime-lola (354 packages loaded, 14168 targets configured)

DEBUG: Rule 'score_baselibs++_repo_rules+acl-deb' indicated that a canonical reproducible form can be obtained by modifying arguments integrity = "sha256-5AjUxw54AQdOpFkYAgilQtVPVjibpIU3BDTy0A6VCYA=" and dropping ["visibility"]
DEBUG: Repository score_baselibs++_repo_rules+acl-deb instantiated at:
  <builtin>: in <toplevel>
Repository rule deb defined at:
  /media/jefferson/11c42dee-73a3-4c2b-ab42-a0440011d9e0/.s-core-build/runs/score-rust-issue-queue-ycbvxir7/bazel-output/b11a435e2cdb09e9ab8492a668399749/external/download_utils+/download/deb/repository.bzl:78:22: in <toplevel>
INFO: Analyzed target //score/mw/com/impl/rust/com-api/com-api-runtime-lola:com-api-runtime-lola (360 packages loaded, 14910 targets configured).
[53 / 243] [Prepa] Writing repo mapping manifest for @@rules_rust++crate+crate_index__libc-0.2.186//:_bs-
[241 / 289] [Prepa] ExtractCargoTomlEnvVars external/rules_rust++crate+crate_index__libc-0.2.186/cargo_toml_env_vars.env [for tool]
[282 / 289] Compiling Rust rlib libc v0.2.186 (346 files); 0s linux-sandbox
INFO: Found 1 target...
Target //score/mw/com/impl/rust/com-api/com-api-runtime-lola:com-api-runtime-lola up-to-date:
  bazel-bin/score/mw/com/impl/rust/com-api/com-api-runtime-lola/libcom_api_runtime_lola-946635990.rlib
INFO: Elapsed time: 12.365s, Critical Path: 2.83s
INFO: 16 processes: 286 action cache hit, 5 internal, 11 linux-sandbox.
INFO: Build completed successfully, 16 total actions
