[T+0.003s] run 20260922T192821Z start
[T+0.019s] path A: reset
[T+3.036s] PASS  [A] gateway serves diag_api resources: expected=cabin_temp,sensor_fault_status,sensor_stuck observed=cabin_temp,sensor_fault_status,sensor_stuck
[T+3.041s] PASS  [A] no demo.* ids left: expected=0 observed=0
[T+3.051s] PASS  [A] fault status before injection: expected=passed observed=passed
[T+3.054s] path A: inject stuck sensor over SOVD
[T+3.061s] PASS  [A] injection accepted: expected=204 observed=204
[T+3.077s] PASS  [A] status right after injection: expected=prefailed observed=prefailed
[T+8.301s] PASS  [A] status after debounce: expected=failed observed=failed
[T+8.305s] path A: debounce qualified after 5.21s
[T+9.324s] PASS  [A] stuck reading is frozen: expected=21.6 observed=21.6
[T+9.327s] path A: clear
[T+11.402s] PASS  [A] status after clear: expected=passed observed=passed
[T+11.412s] path B: clear ECU fault memory
[T+11.428s] PASS  [B] active faults before injection: expected= observed=
[T+11.431s] path B: inject DTC 0x01E240 status 0x2F into the simulator
[T+11.443s] PASS  [B] injection accepted: expected=201 observed=201
[T+11.457s] PASS  [B] CDA reports the DTC over SOVD: expected=01E240/2F observed=01E240/2F
[T+11.461s] path B: clear
[T+11.476s] PASS  [B] active faults after clear: expected= observed=
[T+11.481s] run 20260922T192821Z done: 12/12 passed
