$TEST_TMPDIR defined, some defaults will be overridden
OpenJDK 64-Bit Server VM warning: Options -Xverify:none and -noverify were deprecated in JDK 13 and will likely be removed in a future release.
Computing main repo mapping: 
Loading: 
Loading: 6 packages loaded
Loading: 316 packages loaded
    currently loading: score/mw/com/design/doxygen_build
WARNING: /media/jefferson/11c42dee-73a3-4c2b-ab42-a0440011d9e0/.s-core-build/runs/communication-complete-3c7jhdey/workspaces/integrated/score/memory/shared/BUILD:437:11: target '//score/memory/shared:types' is deprecated: This aggregation target is deprecated and pulls in the unmaintained/broken ':map' target on some platforms. Depend directly on the specific score/memory/shared sub-targets you need (e.g. ':offset_ptr', ':vector', ':string', ...) instead.
Analyzing: 2924 targets (317 packages loaded, 0 targets configured)
Analyzing: 2924 targets (317 packages loaded, 0 targets configured)

WARNING: /media/jefferson/11c42dee-73a3-4c2b-ab42-a0440011d9e0/.s-core-build/runs/communication-complete-3c7jhdey/workspaces/integrated/MODULE.bazel:196:20: The module extension apt defined in @rules_distroless//apt:extensions.bzl reported incorrect imports of repositories via use_repo():

Imported, but reported as indirect dependencies by the extension:
    ubuntu24_04_sysroot_resolve

Fix the use_repo calls by running 'bazel mod tidy'.
DEBUG: Rule '+_repo_rules+jsonschema' indicated that a canonical reproducible form can be obtained by modifying arguments integrity = "sha256-rugv6PaV/h4ielG3dMOujCuyVpUGUampKGbFI7FQQs4="
DEBUG: Repository +_repo_rules+jsonschema instantiated at:
  <builtin>: in <toplevel>
Repository rule archive defined at:
  /media/jefferson/11c42dee-73a3-4c2b-ab42-a0440011d9e0/.s-core-build/runs/communication-complete-3c7jhdey/bazel-output/8d7477de0cf318c0a7997a7b39c23d59/external/download_utils+/download/archive/repository.bzl:83:26: in <toplevel>
Analyzing: 2924 targets (841 packages loaded, 26509 targets configured)
[1 / 1] no actions running
Analyzing: 2924 targets (906 packages loaded, 28818 targets configured)
[1 / 1] no actions running
Analyzing: 2924 targets (1038 packages loaded, 36218 targets configured)
[1 / 1] no actions running
Analyzing: 2924 targets (1046 packages loaded, 36460 targets configured)
[1 / 1] no actions running
Analyzing: 2924 targets (1061 packages loaded, 43233 targets configured)
[1 / 1] no actions running
Analyzing: 2924 targets (1166 packages loaded, 45220 targets configured)
[21 / 119] checking cached actions
Analyzing: 2924 targets (1278 packages loaded, 47481 targets configured)
[23 / 119] checking cached actions
Analyzing: 2924 targets (1356 packages loaded, 50812 targets configured)
[112 / 122] checking cached actions
Analyzing: 2924 targets (1398 packages loaded, 53136 targets configured)
[116 / 122] Clippy //score/mw/com/impl/plumbing/rust/test_support:test_utils_rs; 0s linux-sandbox ... (2 actions, 1 running)
INFO: From Action score/mw/com/impl/plumbing/rust/test_support/test_utils_rs.AspectRulesLintClippy.out:

INFO: From Action score/mw/com/impl/plumbing/rust/test_support/test_utils_rs.AspectRulesLintClippy.report:
Successfully wrote output to bazel-out/k8-fastbuild/bin/score/mw/com/impl/plumbing/rust/test_support/test_utils_rs.AspectRulesLintClippy.report
INFO: From Action score/mw/com/impl/plumbing/rust/test_support/test_helper_size_ffi_rs.AspectRulesLintClippy.out:

INFO: From Action score/mw/com/impl/plumbing/rust/test_support/test_helper_size_ffi_rs.AspectRulesLintClippy.report:
Successfully wrote output to bazel-out/k8-fastbuild/bin/score/mw/com/impl/plumbing/rust/test_support/test_helper_size_ffi_rs.AspectRulesLintClippy.report
Analyzing: 2924 targets (1471 packages loaded, 55438 targets configured)
[122 / 122] no actions running
WARNING: /media/jefferson/11c42dee-73a3-4c2b-ab42-a0440011d9e0/.s-core-build/runs/communication-complete-3c7jhdey/workspaces/integrated/score/mw/com/test/api/BUILD:18:11: in cc_library rule //score/mw/com/test/api:api: target '//score/mw/com/test/api:api' depends on deprecated target '//score/memory/shared:types': This aggregation target is deprecated and pulls in the unmaintained/broken ':map' target on some platforms. Depend directly on the specific score/memory/shared sub-targets you need (e.g. ':offset_ptr', ':vector', ':string', ...) instead.
Analyzing: 2924 targets (1537 packages loaded, 57836 targets configured)
[122 / 122] no actions running
Analyzing: 2924 targets (1649 packages loaded, 64730 targets configured)
[213 / 1,679] checking cached actions
INFO: From Action score/mw/com/impl/plumbing/rust/common_rs.AspectRulesLintClippy.out:

INFO: From Action score/mw/com/impl/plumbing/rust/common_rs.AspectRulesLintClippy.report:
Successfully wrote output to bazel-out/k8-fastbuild/bin/score/mw/com/impl/plumbing/rust/common_rs.AspectRulesLintClippy.report
INFO: From Action score/mw/com/impl/rust/com-api/com-api-ffi-lola/bridge_ffi_rs.AspectRulesLintClippy.out:

INFO: From Action score/mw/com/impl/rust/com-api/com-api-ffi-lola/bridge_ffi_rs.AspectRulesLintClippy.report:
Successfully wrote output to bazel-out/k8-fastbuild/bin/score/mw/com/impl/rust/com-api/com-api-ffi-lola/bridge_ffi_rs.AspectRulesLintClippy.report
INFO: From Action score/mw/com/impl/plumbing/rust/sample_ptr_rs.AspectRulesLintClippy.out:

INFO: From Action score/mw/com/impl/plumbing/rust/sample_ptr_rs.AspectRulesLintClippy.report:
Successfully wrote output to bazel-out/k8-fastbuild/bin/score/mw/com/impl/plumbing/rust/sample_ptr_rs.AspectRulesLintClippy.report
INFO: From Action score/mw/com/impl/plumbing/rust/sample_allocatee_ptr_rs.AspectRulesLintClippy.out:
warning: struct `SomeIpSampleAllocateePtrBinding` is never constructed
  --> score/mw/com/impl/plumbing/rust/sample_allocatee_ptr.rs:64:8
   |
64 | struct SomeIpSampleAllocateePtrBinding<T> {
   |        ^^^^^^^^^^^^^^^^^^^^^^^^^^^^^^^
   |
   = note: `#[warn(dead_code)]` (part of `#[warn(unused)]`) on by default

warning: union `SomeIpSampleAllocateePtrVariant` is never used
  --> score/mw/com/impl/plumbing/rust/sample_allocatee_ptr.rs:71:7
   |
71 | union SomeIpSampleAllocateePtrVariant<T> {
   |       ^^^^^^^^^^^^^^^^^^^^^^^^^^^^^^^

warning: 2 warnings emitted
INFO: From Action score/mw/com/impl/plumbing/rust/sample_allocatee_ptr_rs.AspectRulesLintClippy.report:
Successfully wrote output to bazel-out/k8-fastbuild/bin/score/mw/com/impl/plumbing/rust/sample_allocatee_ptr_rs.AspectRulesLintClippy.report
INFO: From Action score/mw/com/impl/rust/com-api/com-api-ffi-lola/bridge_ffi_lola.AspectRulesLintClippy.out:

INFO: From Action score/mw/com/impl/rust/com-api/com-api-ffi-lola/bridge_ffi_lola.AspectRulesLintClippy.report:
Successfully wrote output to bazel-out/k8-fastbuild/bin/score/mw/com/impl/rust/com-api/com-api-ffi-lola/bridge_ffi_lola.AspectRulesLintClippy.report
INFO: From Action score/mw/com/rust/score_com_concept/score_com_concept.AspectRulesLintClippy.out:

INFO: From Action score/mw/com/rust/score_com_concept/score_com_concept.AspectRulesLintClippy.report:
Successfully wrote output to bazel-out/k8-fastbuild/bin/score/mw/com/rust/score_com_concept/score_com_concept.AspectRulesLintClippy.report
INFO: From Action score/mw/com/impl/rust/com-api/com-api-runtime-mock/com-api-runtime-mock.AspectRulesLintClippy.out:

INFO: From Action score/mw/com/impl/rust/com-api/com-api-runtime-mock/com-api-runtime-mock.AspectRulesLintClippy.report:
Successfully wrote output to bazel-out/k8-fastbuild/bin/score/mw/com/impl/rust/com-api/com-api-runtime-mock/com-api-runtime-mock.AspectRulesLintClippy.report
INFO: From Action score/mw/com/rust/score_com.AspectRulesLintClippy.out:

INFO: From Action score/mw/com/rust/score_com.AspectRulesLintClippy.report:
Successfully wrote output to bazel-out/k8-fastbuild/bin/score/mw/com/rust/score_com.AspectRulesLintClippy.report
INFO: From Action score/mw/com/rust/score_com_mock.AspectRulesLintClippy.out:

INFO: From Action score/mw/com/rust/score_com_mock.AspectRulesLintClippy.report:
Successfully wrote output to bazel-out/k8-fastbuild/bin/score/mw/com/rust/score_com_mock.AspectRulesLintClippy.report
INFO: From Action score/mw/com/test/basic_rust_api/consumer_async_apis/bigdata-consumer-async.AspectRulesLintClippy.out:

INFO: From Action score/mw/com/impl/rust/com-api/com-api-runtime-lola/com-api-runtime-lola.AspectRulesLintClippy.out:

INFO: From Action score/mw/com/test/basic_rust_api/consumer_async_apis/bigdata-consumer-async.AspectRulesLintClippy.report:
Successfully wrote output to bazel-out/k8-fastbuild/bin/score/mw/com/test/basic_rust_api/consumer_async_apis/bigdata-consumer-async.AspectRulesLintClippy.report
INFO: From Action score/mw/com/impl/rust/com-api/com-api-runtime-lola/com-api-runtime-lola.AspectRulesLintClippy.report:
Successfully wrote output to bazel-out/k8-fastbuild/bin/score/mw/com/impl/rust/com-api/com-api-runtime-lola/com-api-runtime-lola.AspectRulesLintClippy.report
INFO: From Action score/mw/com/test/basic_rust_api/bigdata_com_api_gen_rs.AspectRulesLintClippy.out:

INFO: From Action score/mw/com/test/basic_rust_api/bigdata_com_api_gen_rs.AspectRulesLintClippy.report:
Successfully wrote output to bazel-out/k8-fastbuild/bin/score/mw/com/test/basic_rust_api/bigdata_com_api_gen_rs.AspectRulesLintClippy.report
INFO: From Action score/mw/com/test/basic_rust_api/all_services_stream/all-services-provider.AspectRulesLintClippy.out:

Analyzing: 2924 targets (1653 packages loaded, 64833 targets configured)
[1,742 / 1,779] Compiling Rust proc-macro tokio_macros v2.7.2 (3 files) [for tool]; 6s linux-sandbox ... (6 actions running)
INFO: From Action score/mw/com/test/basic_rust_api/all_services_stream/all-services-provider.AspectRulesLintClippy.report:
Successfully wrote output to bazel-out/k8-fastbuild/bin/score/mw/com/test/basic_rust_api/all_services_stream/all-services-provider.AspectRulesLintClippy.report
INFO: From Action score/mw/com/test/basic_rust_api/consumer_any_apis/bigdata-consumer-any.AspectRulesLintClippy.out:
warning: called `.into_iter().count()` on a `Vec`
   --> score/mw/com/test/basic_rust_api/consumer_any_apis/consumer_app.rs:186:17
    |
186 |       let count = discovery
    |  _________________^
187 | |         .get_available_instances()
188 | |         .expect("no-offer Any discovery must return the documented Ok(empty), not an error")
189 | |         .into_iter()
190 | |         .count();
    | |________________^
    |
    = help: for further information visit https://rust-lang.github.io/rust-clippy/master/index.html#iter_count
    = note: `#[warn(clippy::iter_count)]` on by default
help: try
    |
186 ~     let count = discovery
187 +         .get_available_instances()
188 ~         .expect("no-offer Any discovery must return the documented Ok(empty), not an error").len();
    |

warning: 1 warning emitted
INFO: From Action score/mw/com/test/basic_rust_api/consumer_any_apis/bigdata-consumer-any.AspectRulesLintClippy.report:
Successfully wrote output to bazel-out/k8-fastbuild/bin/score/mw/com/test/basic_rust_api/consumer_any_apis/bigdata-consumer-any.AspectRulesLintClippy.report
INFO: From Action score/mw/com/impl/rust/com-api/com-api-ffi-lola/bridge_ffi_mock.AspectRulesLintClippy.out:

INFO: From Action score/mw/com/example/com-api-example/com-api-gen/com-api-gen.AspectRulesLintClippy.out:

INFO: From Action score/mw/com/impl/rust/com-api/com-api-ffi-lola/bridge_ffi_mock.AspectRulesLintClippy.report:
Successfully wrote output to bazel-out/k8-fastbuild/bin/score/mw/com/impl/rust/com-api/com-api-ffi-lola/bridge_ffi_mock.AspectRulesLintClippy.report
INFO: From Action score/mw/com/example/com-api-example/com-api-gen/com-api-gen.AspectRulesLintClippy.report:
Successfully wrote output to bazel-out/k8-fastbuild/bin/score/mw/com/example/com-api-example/com-api-gen/com-api-gen.AspectRulesLintClippy.report
INFO: From Action score/mw/com/test/basic_rust_api/producer_app/bigdata-producer.AspectRulesLintClippy.out:

INFO: From Action score/mw/com/test/basic_rust_api/all_services_stream/all-services-consumer.AspectRulesLintClippy.out:

INFO: From Action score/mw/com/test/basic_rust_api/producer_app/bigdata-producer.AspectRulesLintClippy.report:
Successfully wrote output to bazel-out/k8-fastbuild/bin/score/mw/com/test/basic_rust_api/producer_app/bigdata-producer.AspectRulesLintClippy.report
INFO: From Action score/mw/com/test/basic_rust_api/all_services_stream/all-services-consumer.AspectRulesLintClippy.report:
Successfully wrote output to bazel-out/k8-fastbuild/bin/score/mw/com/test/basic_rust_api/all_services_stream/all-services-consumer.AspectRulesLintClippy.report
INFO: From Action score/mw/com/example/com-api-example/com-api-example-lib.AspectRulesLintClippy.out:

INFO: From Action score/mw/com/example/com-api-example/com-api-example-lib.AspectRulesLintClippy.report:
Successfully wrote output to bazel-out/k8-fastbuild/bin/score/mw/com/example/com-api-example/com-api-example-lib.AspectRulesLintClippy.report
INFO: From Action score/mw/com/test/basic_rust_api/subscription_state_apis/subscription-state-apis.AspectRulesLintClippy.out:

INFO: From Action score/mw/com/test/basic_rust_api/subscription_state_apis/subscription-state-apis.AspectRulesLintClippy.report:
Successfully wrote output to bazel-out/k8-fastbuild/bin/score/mw/com/test/basic_rust_api/subscription_state_apis/subscription-state-apis.AspectRulesLintClippy.report
INFO: From Action score/mw/com/test/basic_rust_api/consumer_sync_apis/bigdata-consumer.AspectRulesLintClippy.out:

INFO: From Action score/mw/com/test/basic_rust_api/consumer_sync_apis/bigdata-consumer.AspectRulesLintClippy.report:
Successfully wrote output to bazel-out/k8-fastbuild/bin/score/mw/com/test/basic_rust_api/consumer_sync_apis/bigdata-consumer.AspectRulesLintClippy.report
INFO: From Compiling score/mw/com/example/com-api-example/com-api-gen/vehicle_gen.cpp:
In file included from ./score/mw/com/impl/instance_identifier.h:16,
                 from ./score/mw/com/impl/handle_type.h:18,
                 from ./score/mw/com/impl/proxy_base.h:18,
                 from ./score/mw/com/impl/generic_proxy_event.h:18,
                 from ./score/mw/com/impl/generic_proxy.h:18,
                 from ./score/mw/com/types.h:24,
                 from score/mw/com/example/com-api-example/com-api-gen/vehicle_gen.h:17,
                 from score/mw/com/example/com-api-example/com-api-gen/vehicle_gen.cpp:14:
./score/mw/com/impl/com_error.h: In member function 'virtual std::string_view score::mw::com::impl::ComErrorDomain::MessageFor(const score::result::ErrorCode&) const':
./score/mw/com/impl/com_error.h:186:65: warning: 'score::mw::com::impl::ComErrc::kServiceInstanceAlreadyOffered' is deprecated: Value has never been used. Calls to OfferService shall be idempotent. [-Wdeprecated-declarations]
  186 |             case static_cast<score::result::ErrorCode>(ComErrc::kServiceInstanceAlreadyOffered):
      |                                                                 ^~~~~~~~~~~~~~~~~~~~~~~~~~~~~~
./score/mw/com/impl/com_error.h:57:5: note: declared here
   57 |     kServiceInstanceAlreadyOffered
      |     ^~~~~~~~~~~~~~~~~~~~~~~~~~~~~~
INFO: From Action score/mw/com/example/com-api-example/com-api-example.AspectRulesLintClippy.out:

INFO: From Action score/mw/com/example/com-api-example/com-api-example.AspectRulesLintClippy.report:
Successfully wrote output to bazel-out/k8-fastbuild/bin/score/mw/com/example/com-api-example/com-api-example.AspectRulesLintClippy.report
Analyzing: 2924 targets (1660 packages loaded, 64879 targets configured)
[1,775 / 1,779] Compiling Rust rlib tokio v1.53.2 (555 files); 9s linux-sandbox
Analyzing: 2924 targets (1660 packages loaded, 64879 targets configured)
[1,776 / 1,779] Clippy //score/mw/com/example/com-api-example:com-api-example-tokio-integration-test; 0s linux-sandbox
INFO: From Action score/mw/com/example/com-api-example/test-1311856799/com-api-example-tokio-integration-test.AspectRulesLintClippy.out:

INFO: From Action score/mw/com/example/com-api-example/test-1311856799/com-api-example-tokio-integration-test.AspectRulesLintClippy.report:
Successfully wrote output to bazel-out/k8-fastbuild/bin/score/mw/com/example/com-api-example/test-1311856799/com-api-example-tokio-integration-test.AspectRulesLintClippy.report
Analyzing: 2924 targets (1660 packages loaded, 64879 targets configured)
[1,779 / 1,779] no actions running
Analyzing: 2924 targets (1660 packages loaded, 64879 targets configured)
[1,779 / 1,779] no actions running
Analyzing: 2924 targets (1660 packages loaded, 64879 targets configured)
[1,779 / 1,779] no actions running
Analyzing: 2924 targets (1661 packages loaded, 65027 targets configured)
[1,779 / 1,779] no actions running
Analyzing: 2924 targets (1661 packages loaded, 65027 targets configured)
[1,779 / 1,779] no actions running
Analyzing: 2924 targets (1661 packages loaded, 65027 targets configured)
[1,779 / 1,779] no actions running
Analyzing: 2924 targets (1661 packages loaded, 65027 targets configured)
[1,779 / 1,779] no actions running
Analyzing: 2924 targets (1661 packages loaded, 65027 targets configured)
[1,779 / 1,779] no actions running
Analyzing: 2924 targets (1662 packages loaded, 67095 targets configured)
[1,779 / 1,779] no actions running
Analyzing: 2924 targets (1662 packages loaded, 67095 targets configured)
[1,779 / 1,779] no actions running
Analyzing: 2924 targets (1662 packages loaded, 67095 targets configured)
[1,779 / 1,779] no actions running
Analyzing: 2924 targets (1662 packages loaded, 67095 targets configured)
[1,779 / 1,779] no actions running
Analyzing: 2924 targets (1662 packages loaded, 67095 targets configured)
[1,779 / 1,779] no actions running
Analyzing: 2924 targets (1662 packages loaded, 67095 targets configured)
[1,779 / 1,779] no actions running
Analyzing: 2924 targets (1662 packages loaded, 67095 targets configured)
[1,779 / 1,779] no actions running
Analyzing: 2924 targets (1662 packages loaded, 67095 targets configured)
[1,779 / 1,779] no actions running
Analyzing: 2924 targets (1662 packages loaded, 67095 targets configured)
[1,779 / 1,779] no actions running
Analyzing: 2924 targets (1662 packages loaded, 67095 targets configured)
[1,779 / 1,779] no actions running
Analyzing: 2924 targets (1662 packages loaded, 67095 targets configured)
[1,779 / 1,779] no actions running
Analyzing: 2924 targets (1662 packages loaded, 67095 targets configured)
[1,779 / 1,779] no actions running
Analyzing: 2924 targets (1662 packages loaded, 67095 targets configured)
[1,779 / 1,779] no actions running
Analyzing: 2924 targets (1662 packages loaded, 67095 targets configured)
[1,779 / 1,779] no actions running
Analyzing: 2924 targets (1662 packages loaded, 67095 targets configured)
[1,779 / 1,779] no actions running
Analyzing: 2924 targets (1662 packages loaded, 67095 targets configured)
[1,779 / 1,779] no actions running
Analyzing: 2924 targets (1662 packages loaded, 67095 targets configured)
[1,779 / 1,779] no actions running
Analyzing: 2924 targets (1663 packages loaded, 67104 targets configured)
[1,779 / 1,779] no actions running
Analyzing: 2924 targets (1663 packages loaded, 67104 targets configured)
[1,779 / 1,779] no actions running
Analyzing: 2924 targets (1663 packages loaded, 67104 targets configured)
[1,779 / 1,779] no actions running
Analyzing: 2924 targets (1664 packages loaded, 67107 targets configured)
[1,779 / 1,779] no actions running
Analyzing: 2924 targets (1664 packages loaded, 67107 targets configured)
[1,779 / 1,779] no actions running
Analyzing: 2924 targets (1665 packages loaded, 99909 targets configured)
[1,779 / 1,779] no actions running
Analyzing: 2924 targets (1665 packages loaded, 99909 targets configured)
[1,779 / 1,779] no actions running
Analyzing: 2924 targets (1665 packages loaded, 99909 targets configured)
[1,779 / 1,779] no actions running
Analyzing: 2924 targets (1665 packages loaded, 99909 targets configured)
[1,779 / 1,779] no actions running
Analyzing: 2924 targets (1665 packages loaded, 99909 targets configured)
[1,779 / 1,779] no actions running
Analyzing: 2924 targets (1665 packages loaded, 99909 targets configured)
[1,779 / 1,779] no actions running
Analyzing: 2924 targets (1665 packages loaded, 99909 targets configured)
[1,779 / 1,779] no actions running
Analyzing: 2924 targets (1665 packages loaded, 99909 targets configured)
[1,779 / 1,779] no actions running
Analyzing: 2924 targets (1665 packages loaded, 99909 targets configured)
[1,779 / 1,779] no actions running
Analyzing: 2924 targets (1665 packages loaded, 99909 targets configured)
[1,779 / 1,779] no actions running
Analyzing: 2924 targets (1665 packages loaded, 99909 targets configured)
[1,779 / 1,779] no actions running
