$TEST_TMPDIR defined, some defaults will be overridden
OpenJDK 64-Bit Server VM warning: Options -Xverify:none and -noverify were deprecated in JDK 13 and will likely be removed in a future release.
WARNING: The following configs were expanded more than once: [linux_x64_gcc_15]. For repeatable flags, repeats are counted twice and may lead to unexpected behavior.
Computing main repo mapping: 
WARNING: The following configs were expanded more than once: [linux_x64_gcc_15]. For repeatable flags, repeats are counted twice and may lead to unexpected behavior.
Computing main repo mapping: 
Computing main repo mapping: 
Computing main repo mapping: 
Loading: 
Loading: 5 packages loaded
Analyzing: target //score/mw/com/rust/score_com_concept:score_com_concept-macros-tests (6 packages loaded, 0 targets configured)
Analyzing: target //score/mw/com/rust/score_com_concept:score_com_concept-macros-tests (6 packages loaded, 0 targets configured)

Analyzing: target //score/mw/com/rust/score_com_concept:score_com_concept-macros-tests (157 packages loaded, 889 targets configured)

Analyzing: target //score/mw/com/rust/score_com_concept:score_com_concept-macros-tests (361 packages loaded, 14602 targets configured)

INFO: Analyzed target //score/mw/com/rust/score_com_concept:score_com_concept-macros-tests (365 packages loaded, 14937 targets configured).
[90 / 299] checking cached actions
[297 / 299] Compiling Rust bin rustdoc_test_writer (1 file) [for tool]; 0s linux-sandbox
INFO: Found 1 test target...
Target //score/mw/com/rust/score_com_concept:score_com_concept-macros-tests up-to-date:
  bazel-bin/score/mw/com/rust/score_com_concept/score_com_concept-macros-tests.rustdoc_test.sh
[300 / 300] 1 / 1 tests; no actions running
INFO: Elapsed time: 10.280s, Critical Path: 1.54s
INFO: 11 processes: 303 action cache hit, 6 internal, 5 linux-sandbox.
INFO: Build completed successfully, 11 total actions
INFO: 
//score/mw/com/rust/score_com_concept:score_com_concept-macros-tests     PASSED in 0.3s

Executed 1 out of 1 test: 1 test passes.
There were tests whose specified size is too big. Use the --test_verbose_timeout_warnings command line option to see which ones these are.
INFO: Build Event Protocol files produced successfully.
