$TEST_TMPDIR defined, some defaults will be overridden
OpenJDK 64-Bit Server VM warning: Options -Xverify:none and -noverify were deprecated in JDK 13 and will likely be removed in a future release.
WARNING: The following configs were expanded more than once: [linux_x64_gcc_15]. For repeatable flags, repeats are counted twice and may lead to unexpected behavior.
Computing main repo mapping: 
WARNING: The following configs were expanded more than once: [linux_x64_gcc_15]. For repeatable flags, repeats are counted twice and may lead to unexpected behavior.
Computing main repo mapping: 
Computing main repo mapping: 
Loading: 
Loading: 5 packages loaded
Analyzing: target //score/mw/com/impl/rust/com-api/com-api-runtime-lola:com-api-runtime-lola-tests (6 packages loaded, 0 targets configured)
Analyzing: target //score/mw/com/impl/rust/com-api/com-api-runtime-lola:com-api-runtime-lola-tests (6 packages loaded, 0 targets configured)

Analyzing: target //score/mw/com/impl/rust/com-api/com-api-runtime-lola:com-api-runtime-lola-tests (159 packages loaded, 3160 targets configured)

Analyzing: target //score/mw/com/impl/rust/com-api/com-api-runtime-lola:com-api-runtime-lola-tests (369 packages loaded, 14933 targets configured)

INFO: Analyzed target //score/mw/com/impl/rust/com-api/com-api-runtime-lola:com-api-runtime-lola-tests (373 packages loaded, 15138 targets configured).
[150 / 1,272] checking cached actions
[1,125 / 1,272] [Prepa] Creating symlink external/rules_rust++crate+crate_index__mockall_derive-0.14.0/_bs- [for tool]
[1,268 / 1,272] Compiling Rust proc-macro mockall_derive v0.14.0 (9 files) [for tool]; 1s linux-sandbox
[1,269 / 1,272] [Prepa] Compiling Rust rlib mockall v0.14.0 (3 files)
[1,271 / 1,272] [Prepa] Compiling Rust bin com-api-runtime-lola-tests (4 files)
[1,271 / 1,272] Compiling Rust bin com-api-runtime-lola-tests (4 files); 1s linux-sandbox
INFO: Found 1 test target...
Target //score/mw/com/impl/rust/com-api/com-api-runtime-lola:com-api-runtime-lola-tests up-to-date:
  bazel-bin/score/mw/com/impl/rust/com-api/com-api-runtime-lola/test-54569430/com-api-runtime-lola-tests
INFO: Elapsed time: 17.368s, Critical Path: 8.18s
INFO: 70 processes: 1217 action cache hit, 41 internal, 29 linux-sandbox.
INFO: Build completed successfully, 70 total actions
INFO: 
//score/mw/com/impl/rust/com-api/com-api-runtime-lola:com-api-runtime-lola-tests PASSED in 0.0s

Executed 1 out of 1 test: 1 test passes.
There were tests whose specified size is too big. Use the --test_verbose_timeout_warnings command line option to see which ones these are.
INFO: Build Event Protocol files produced successfully.
