$TEST_TMPDIR defined, some defaults will be overridden
OpenJDK 64-Bit Server VM warning: Options -Xverify:none and -noverify were deprecated in JDK 13 and will likely be removed in a future release.
WARNING: The following configs were expanded more than once: [linux_x64_gcc_15]. For repeatable flags, repeats are counted twice and may lead to unexpected behavior.
Computing main repo mapping: 
WARNING: The following configs were expanded more than once: [linux_x64_gcc_15]. For repeatable flags, repeats are counted twice and may lead to unexpected behavior.
Computing main repo mapping: 
Computing main repo mapping: 
Computing main repo mapping: 
Loading: 
Loading: 5 packages loaded
Analyzing: 3 targets (8 packages loaded, 0 targets configured)
Analyzing: 3 targets (8 packages loaded, 0 targets configured)

Analyzing: 3 targets (156 packages loaded, 679 targets configured)

WARNING: /media/jefferson/11c42dee-73a3-4c2b-ab42-a0440011d9e0/.s-core-build/runs/score-rust-250-final-fcuqf3or/workspaces/250/MODULE.bazel:196:20: The module extension apt defined in @rules_distroless//apt:extensions.bzl reported incorrect imports of repositories via use_repo():

Imported, but reported as indirect dependencies by the extension:
    ubuntu24_04_sysroot_resolve

Fix the use_repo calls by running 'bazel mod tidy'.
Analyzing: 3 targets (529 packages loaded, 16630 targets configured)

Analyzing: 3 targets (563 packages loaded, 18904 targets configured)
[23 / 607] [Prepa] Writing file score/mw/com/test/basic_rust_api/consumer_sync_apis/integration_test/_oci_filesystem_test_com_api_sync.manifest
Analyzing: 3 targets (565 packages loaded, 19011 targets configured)
[188 / 1,534] checking cached actions
Analyzing: 3 targets (576 packages loaded, 19514 targets configured)
[890 / 1,534] OCI Descriptor external/rules_distroless++apt+ubuntu24_04_integration_testing_libc6_2.39-0ubuntu8.7_amd64/layer.tar.gz; 0s linux-sandbox
Analyzing: 3 targets (592 packages loaded, 22445 targets configured)
[1,458 / 1,534] Compiling Rust bin bigdata-consumer-async (1 file); 0s linux-sandbox ... (2 actions running)
INFO: Analyzed 3 targets (602 packages loaded, 23026 targets configured).
[1,504 / 1,534] Compiling Rust bin bigdata-consumer-async (1 file); 1s linux-sandbox ... (2 actions, 1 running)
[1,527 / 1,534] Compiling Rust bin bigdata-consumer (1 file); 0s linux-sandbox ... (2 actions running)
[1,531 / 1,534] OCI Image //score/mw/com/test/basic_rust_api/consumer_sync_apis/integration_test:_image_test_com_api_sync; 0s linux-sandbox ... (2 actions, 1 running)
[1,560 / 1,625] OCI Image //score/mw/com/test/basic_rust_api/consumer_sync_apis/integration_test:_image_test_com_api_sync; 1s linux-sandbox ... (2 actions, 1 running)
[1,587 / 1,634] Compiling score/mw/com/test/common_test_resources/timeout_supervisor.cpp; 0s linux-sandbox ... (2 actions, 1 running)
[1,589 / 1,634] Testing //score/mw/com/test/basic_rust_api/consumer_async_apis/integration_test:test_com_api_async; 1s linux-sandbox ... (2 actions, 1 running)
[1,595 / 1,634] Testing //score/mw/com/test/basic_rust_api/consumer_async_apis/integration_test:test_com_api_async; 2s linux-sandbox ... (2 actions, 1 running)
[1,598 / 1,634] Testing //score/mw/com/test/basic_rust_api/consumer_async_apis/integration_test:test_com_api_async; 3s linux-sandbox ... (2 actions running)
[1,603 / 1,634] Testing //score/mw/com/test/basic_rust_api/consumer_async_apis/integration_test:test_com_api_async; 4s linux-sandbox ... (2 actions, 1 running)
[1,606 / 1,634] Testing //score/mw/com/test/basic_rust_api/consumer_async_apis/integration_test:test_com_api_async; 6s linux-sandbox ... (2 actions running)
INFO: From Compiling score/mw/com/test/common_test_resources/sctf_test_runner.cpp:
In file included from ./score/mw/com/impl/instance_identifier.h:16,
                 from ./score/mw/com/impl/handle_type.h:18,
                 from ./score/mw/com/impl/proxy_base.h:18,
                 from ./score/mw/com/impl/generic_proxy_event.h:18,
                 from ./score/mw/com/impl/generic_proxy.h:18,
                 from ./score/mw/com/types.h:24,
                 from ./score/mw/com/mocking/i_runtime.h:17,
                 from ./score/mw/com/runtime.h:24,
                 from score/mw/com/test/common_test_resources/sctf_test_runner.cpp:16:
./score/mw/com/impl/com_error.h: In member function 'virtual std::string_view score::mw::com::impl::ComErrorDomain::MessageFor(const score::result::ErrorCode&) const':
./score/mw/com/impl/com_error.h:186:65: warning: 'score::mw::com::impl::ComErrc::kServiceInstanceAlreadyOffered' is deprecated: Value has never been used. Calls to OfferService shall be idempotent. [-Wdeprecated-declarations]
  186 |             case static_cast<score::result::ErrorCode>(ComErrc::kServiceInstanceAlreadyOffered):
      |                                                                 ^~~~~~~~~~~~~~~~~~~~~~~~~~~~~~
./score/mw/com/impl/com_error.h:57:5: note: declared here
   57 |     kServiceInstanceAlreadyOffered
      |     ^~~~~~~~~~~~~~~~~~~~~~~~~~~~~~
[1,607 / 1,634] Testing //score/mw/com/test/basic_rust_api/consumer_async_apis/integration_test:test_com_api_async; 7s linux-sandbox ... (2 actions, 1 running)
[1,609 / 1,634] Testing //score/mw/com/test/basic_rust_api/consumer_async_apis/integration_test:test_com_api_async; 9s linux-sandbox ... (2 actions, 1 running)
[1,611 / 1,634] Testing //score/mw/com/test/basic_rust_api/consumer_async_apis/integration_test:test_com_api_async; 10s linux-sandbox ... (2 actions, 1 running)
[1,612 / 1,634] Testing //score/mw/com/test/basic_rust_api/consumer_async_apis/integration_test:test_com_api_async; 11s linux-sandbox ... (2 actions running)
[1,613 / 1,634] Testing //score/mw/com/test/basic_rust_api/consumer_async_apis/integration_test:test_com_api_async; 12s linux-sandbox ... (2 actions running)
[1,615 / 1,634] Testing //score/mw/com/test/basic_rust_api/consumer_async_apis/integration_test:test_com_api_async; 14s linux-sandbox ... (2 actions, 1 running)
[1,617 / 1,634] Testing //score/mw/com/test/basic_rust_api/consumer_async_apis/integration_test:test_com_api_async; 15s linux-sandbox ... (2 actions, 1 running)
[1,618 / 1,634] Testing //score/mw/com/test/basic_rust_api/consumer_async_apis/integration_test:test_com_api_async; 16s linux-sandbox ... (2 actions running)
[1,620 / 1,634] Testing //score/mw/com/test/basic_rust_api/consumer_async_apis/integration_test:test_com_api_async; 18s linux-sandbox ... (2 actions, 1 running)
[1,622 / 1,634] Testing //score/mw/com/test/basic_rust_api/consumer_async_apis/integration_test:test_com_api_async; 19s linux-sandbox ... (2 actions running)
INFO: From Compiling score/mw/com/test/find_any_semantics/client.cpp:
In file included from ./score/mw/com/impl/instance_identifier.h:16,
                 from ./score/mw/com/impl/handle_type.h:18,
                 from ./score/mw/com/impl/proxy_base.h:18,
                 from ./score/mw/com/impl/generic_proxy_event.h:18,
                 from ./score/mw/com/impl/generic_proxy.h:18,
                 from ./score/mw/com/types.h:24,
                 from ./score/mw/com/test/find_any_semantics/test_datatype.h:17,
                 from score/mw/com/test/find_any_semantics/client.cpp:15:
./score/mw/com/impl/com_error.h: In member function 'virtual std::string_view score::mw::com::impl::ComErrorDomain::MessageFor(const score::result::ErrorCode&) const':
./score/mw/com/impl/com_error.h:186:65: warning: 'score::mw::com::impl::ComErrc::kServiceInstanceAlreadyOffered' is deprecated: Value has never been used. Calls to OfferService shall be idempotent. [-Wdeprecated-declarations]
  186 |             case static_cast<score::result::ErrorCode>(ComErrc::kServiceInstanceAlreadyOffered):
      |                                                                 ^~~~~~~~~~~~~~~~~~~~~~~~~~~~~~
./score/mw/com/impl/com_error.h:57:5: note: declared here
   57 |     kServiceInstanceAlreadyOffered
      |     ^~~~~~~~~~~~~~~~~~~~~~~~~~~~~~
[1,623 / 1,634] Testing //score/mw/com/test/basic_rust_api/consumer_async_apis/integration_test:test_com_api_async; 21s linux-sandbox ... (2 actions, 1 running)
[1,623 / 1,634] 1 / 3 tests; Testing //score/mw/com/test/basic_rust_api/consumer_async_apis/integration_test:test_com_api_async; 23s linux-sandbox ... (2 actions running)
INFO: From Compiling score/mw/com/test/find_any_semantics/service.cpp:
In file included from ./score/mw/com/impl/instance_identifier.h:16,
                 from ./score/mw/com/impl/handle_type.h:18,
                 from ./score/mw/com/impl/proxy_base.h:18,
                 from ./score/mw/com/impl/generic_proxy_event.h:18,
                 from ./score/mw/com/impl/generic_proxy.h:18,
                 from ./score/mw/com/types.h:24,
                 from ./score/mw/com/test/find_any_semantics/test_datatype.h:17,
                 from score/mw/com/test/find_any_semantics/service.cpp:15:
./score/mw/com/impl/com_error.h: In member function 'virtual std::string_view score::mw::com::impl::ComErrorDomain::MessageFor(const score::result::ErrorCode&) const':
./score/mw/com/impl/com_error.h:186:65: warning: 'score::mw::com::impl::ComErrc::kServiceInstanceAlreadyOffered' is deprecated: Value has never been used. Calls to OfferService shall be idempotent. [-Wdeprecated-declarations]
  186 |             case static_cast<score::result::ErrorCode>(ComErrc::kServiceInstanceAlreadyOffered):
      |                                                                 ^~~~~~~~~~~~~~~~~~~~~~~~~~~~~~
./score/mw/com/impl/com_error.h:57:5: note: declared here
   57 |     kServiceInstanceAlreadyOffered
      |     ^~~~~~~~~~~~~~~~~~~~~~~~~~~~~~
[1,625 / 1,634] 1 / 3 tests; Testing //score/mw/com/test/basic_rust_api/consumer_sync_apis/integration_test:test_com_api_sync; 1s linux-sandbox ... (2 actions running)
INFO: From Compiling score/mw/com/test/find_any_semantics/test_datatype.cpp:
In file included from ./score/mw/com/impl/instance_identifier.h:16,
                 from ./score/mw/com/impl/handle_type.h:18,
                 from ./score/mw/com/impl/proxy_base.h:18,
                 from ./score/mw/com/impl/generic_proxy_event.h:18,
                 from ./score/mw/com/impl/generic_proxy.h:18,
                 from ./score/mw/com/types.h:24,
                 from ./score/mw/com/test/find_any_semantics/test_datatype.h:17,
                 from score/mw/com/test/find_any_semantics/test_datatype.cpp:14:
./score/mw/com/impl/com_error.h: In member function 'virtual std::string_view score::mw::com::impl::ComErrorDomain::MessageFor(const score::result::ErrorCode&) const':
./score/mw/com/impl/com_error.h:186:65: warning: 'score::mw::com::impl::ComErrc::kServiceInstanceAlreadyOffered' is deprecated: Value has never been used. Calls to OfferService shall be idempotent. [-Wdeprecated-declarations]
  186 |             case static_cast<score::result::ErrorCode>(ComErrc::kServiceInstanceAlreadyOffered):
      |                                                                 ^~~~~~~~~~~~~~~~~~~~~~~~~~~~~~
./score/mw/com/impl/com_error.h:57:5: note: declared here
   57 |     kServiceInstanceAlreadyOffered
      |     ^~~~~~~~~~~~~~~~~~~~~~~~~~~~~~
[1,626 / 1,634] 1 / 3 tests; Testing //score/mw/com/test/basic_rust_api/consumer_sync_apis/integration_test:test_com_api_sync; 2s linux-sandbox ... (2 actions, 1 running)
[1,629 / 1,634] 1 / 3 tests; Testing //score/mw/com/test/basic_rust_api/consumer_sync_apis/integration_test:test_com_api_sync; 3s linux-sandbox ... (2 actions, 1 running)
[1,631 / 1,634] 1 / 3 tests; Testing //score/mw/com/test/basic_rust_api/consumer_sync_apis/integration_test:test_com_api_sync; 5s linux-sandbox ... (2 actions running)
[1,632 / 1,634] 1 / 3 tests; Testing //score/mw/com/test/basic_rust_api/consumer_sync_apis/integration_test:test_com_api_sync; 6s linux-sandbox ... (2 actions, 1 running)
[1,633 / 1,635] 1 / 3 tests; Testing //score/mw/com/test/basic_rust_api/consumer_sync_apis/integration_test:test_com_api_sync; 8s linux-sandbox ... (2 actions, 1 running)
[1,633 / 1,635] 1 / 3 tests; Testing //score/mw/com/test/basic_rust_api/consumer_sync_apis/integration_test:test_com_api_sync; 18s linux-sandbox ... (2 actions, 1 running)
[1,633 / 1,635] 1 / 3 tests; Testing //score/mw/com/test/basic_rust_api/consumer_sync_apis/integration_test:test_com_api_sync; 28s linux-sandbox ... (2 actions running)
[1,634 / 1,635] 2 / 3 tests; Testing //score/mw/com/test/find_any_semantics/integration_test:test_find_any_semantics; 1s linux-sandbox
[1,634 / 1,635] 3 / 3 tests; Testing //score/mw/com/test/find_any_semantics/integration_test:test_find_any_semantics; 5s linux-sandbox
INFO: Found 3 test targets...
INFO: Elapsed time: 74.000s, Critical Path: 33.55s
INFO: 276 processes: 1375 action cache hit, 109 internal, 167 linux-sandbox.
INFO: Build completed successfully, 276 total actions
INFO: 
//score/mw/com/test/basic_rust_api/consumer_async_apis/integration_test:test_com_api_async PASSED in 23.3s
//score/mw/com/test/basic_rust_api/consumer_sync_apis/integration_test:test_com_api_sync PASSED in 28.4s
//score/mw/com/test/find_any_semantics/integration_test:test_find_any_semantics PASSED in 5.5s

Executed 3 out of 3 tests: 3 tests pass.
There were tests whose specified size is too big. Use the --test_verbose_timeout_warnings command line option to see which ones these are.
INFO: Build Event Protocol files produced successfully.
