INFO:__main__:Initializing Zenoh session...
INFO:__main__:Zenoh session opened successfully
INFO:__main__:Initializing CAN bus 'zonal' (slcan:/dev/serial/by-id/usb-STMicroelectronics_STM32_STLink_066AFF3537334D4E43145226-if02)
INFO:__main__:CAN bus 'zonal' initialized successfully
INFO:__main__:Subscribed to Zenoh key: vcu/control/status
INFO:__main__:Subscribed to Zenoh signal key: vcu/control/cc_engage_sts
INFO:__main__:Subscribed to Zenoh signal key: vcu/control/reverse_sts
INFO:__main__:Subscribed to Zenoh signal key: vcu/control/brake_sts
INFO:__main__:CAN RX dispatcher thread started for bus 'zonal'
INFO:__main__:Bridge init complete (multi-CAN + Zenoh + CAN forwarding)
INFO:__main__:Zenoh-CAN Bridge running. Press Ctrl+C to exit.
INFO:__main__:(CAN→Zenoh updated) bus=zonal vehicle/lights/reverse_lights_cmd :: bcm_reverse_lights_cmd: None → 0.0
INFO:__main__:(CAN→Zenoh updated) bus=zonal vehicle/lights/brake_lights_cmd :: bcm_brake_lights_cmd: None → 0.0
INFO:__main__:(CAN→Zenoh updated) bus=zonal vehicle/lights/frame :: bcm_brake_lights_cmd: None → False, bcm_reverse_lights_cmd: None → False
INFO:__main__:(Zenoh RX updated) vcu/control/brake_sts [0x1F1/vcu_brake_sts] :: vcu_brake_sts: None → 1.0
INFO:__main__:(Zenoh→CAN sent) bus=zonal id=0x1F1 data=0400000000000000
INFO:__main__:(CAN→Zenoh updated) bus=zonal vehicle/lights/brake_lights_cmd :: bcm_brake_lights_cmd: 0.0 → 1.0
INFO:__main__:(CAN→Zenoh updated) bus=zonal vehicle/lights/frame :: bcm_brake_lights_cmd: False → True
INFO:__main__:(Zenoh RX updated) vcu/control/brake_sts [0x1F1/vcu_brake_sts] :: vcu_brake_sts: 1.0 → 0.0
INFO:__main__:(Zenoh→CAN sent) bus=zonal id=0x1F1 data=0000000000000000
INFO:__main__:(CAN→Zenoh updated) bus=zonal vehicle/lights/brake_lights_cmd :: bcm_brake_lights_cmd: 1.0 → 0.0
INFO:__main__:(CAN→Zenoh updated) bus=zonal vehicle/lights/frame :: bcm_brake_lights_cmd: True → False
INFO:__main__:(Zenoh RX updated) vcu/control/brake_sts [0x1F1/vcu_brake_sts] :: vcu_brake_sts: 0.0 → 1.0
INFO:__main__:(Zenoh→CAN sent) bus=zonal id=0x1F1 data=0400000000000000
INFO:__main__:(CAN→Zenoh updated) bus=zonal vehicle/lights/brake_lights_cmd :: bcm_brake_lights_cmd: 0.0 → 1.0
INFO:__main__:(CAN→Zenoh updated) bus=zonal vehicle/lights/frame :: bcm_brake_lights_cmd: False → True
INFO:__main__:(Zenoh RX updated) vcu/control/brake_sts [0x1F1/vcu_brake_sts] :: vcu_brake_sts: 1.0 → 0.0
INFO:__main__:(Zenoh→CAN sent) bus=zonal id=0x1F1 data=0000000000000000
INFO:__main__:(CAN→Zenoh updated) bus=zonal vehicle/lights/brake_lights_cmd :: bcm_brake_lights_cmd: 1.0 → 0.0
INFO:__main__:(CAN→Zenoh updated) bus=zonal vehicle/lights/frame :: bcm_brake_lights_cmd: True → False
INFO:__main__:(Zenoh RX updated) vcu/control/reverse_sts [0x1F1/vcu_reverse_sts] :: vcu_reverse_sts: None → 1.0
INFO:__main__:(Zenoh→CAN sent) bus=zonal id=0x1F1 data=0200000000000000
INFO:__main__:(CAN→Zenoh updated) bus=zonal vehicle/lights/reverse_lights_cmd :: bcm_reverse_lights_cmd: 0.0 → 1.0
INFO:__main__:(CAN→Zenoh updated) bus=zonal vehicle/lights/frame :: bcm_reverse_lights_cmd: False → True
INFO:__main__:(Zenoh RX updated) vcu/control/brake_sts [0x1F1/vcu_brake_sts] :: vcu_brake_sts: 0.0 → 1.0
INFO:__main__:(Zenoh→CAN sent) bus=zonal id=0x1F1 data=0600000000000000
INFO:__main__:(CAN→Zenoh updated) bus=zonal vehicle/lights/brake_lights_cmd :: bcm_brake_lights_cmd: 0.0 → 1.0
INFO:__main__:(CAN→Zenoh updated) bus=zonal vehicle/lights/frame :: bcm_brake_lights_cmd: False → True
INFO:__main__:(Zenoh RX updated) vcu/control/brake_sts [0x1F1/vcu_brake_sts] :: vcu_brake_sts: 1.0 → 0.0
INFO:__main__:(Zenoh→CAN sent) bus=zonal id=0x1F1 data=0200000000000000
INFO:__main__:(CAN→Zenoh updated) bus=zonal vehicle/lights/brake_lights_cmd :: bcm_brake_lights_cmd: 1.0 → 0.0
INFO:__main__:(CAN→Zenoh updated) bus=zonal vehicle/lights/frame :: bcm_brake_lights_cmd: True → False
INFO:__main__:(Zenoh RX updated) vcu/control/reverse_sts [0x1F1/vcu_reverse_sts] :: vcu_reverse_sts: 1.0 → 0.0
INFO:__main__:(Zenoh→CAN sent) bus=zonal id=0x1F1 data=0000000000000000
INFO:__main__:(CAN→Zenoh updated) bus=zonal vehicle/lights/reverse_lights_cmd :: bcm_reverse_lights_cmd: 1.0 → 0.0
INFO:__main__:(CAN→Zenoh updated) bus=zonal vehicle/lights/frame :: bcm_reverse_lights_cmd: True → False
