/home/jefferson/.local/lib/python3.10/site-packages/pygame/pkgdata.py:25: UserWarning: pkg_resources is deprecated as an API. See https://setuptools.pypa.io/en/latest/pkg_resources.html. The pkg_resources package is slated for removal as early as 2025-11-30. Refrain from using this package or pin to Setuptools<81.
  from pkg_resources import resource_stream, resource_exists
pygame 2.6.1 (SDL 2.28.4, Python 3.10.12)
Hello from the pygame community. https://www.pygame.org/contribute.html
[
  {
    "id": "two-real-peers",
    "status": "passed"
  },
  {
    "id": "one-real-cluster",
    "status": "passed"
  },
  {
    "id": "managed-bridge-a",
    "status": "passed"
  },
  {
    "id": "managed-bridge-b",
    "status": "passed"
  },
  {
    "id": "startup-unknown",
    "status": "passed"
  },
  {
    "id": "fault-startup-not-healthy",
    "status": "passed"
  },
  {
    "id": "receiver-through-opendut",
    "status": "passed"
  },
  {
    "id": "real-carla-moving-actor",
    "status": "failed"
  },
  {
    "id": "execution",
    "status": "failed",
    "reason": "real-carla-moving-actor"
  },
  {
    "id": "restore-tunnel",
    "status": "passed"
  },
  {
    "id": "stop-capture-a-sdv-net-6b3cb2b30c-dut.pid",
    "status": "passed"
  },
  {
    "id": "stop-capture-a-sdv-net-6b3cb2b30c-gre.pid",
    "status": "passed"
  },
  {
    "id": "stop-capture-b-sdv-net-6b3cb2b30c-dut.pid",
    "status": "passed"
  },
  {
    "id": "stop-capture-b-sdv-net-6b3cb2b30c-gre.pid",
    "status": "passed"
  },
  {
    "id": "read-capture-a-dut",
    "status": "passed"
  },
  {
    "id": "read-capture-a-gre",
    "status": "passed"
  },
  {
    "id": "read-capture-b-dut",
    "status": "passed"
  },
  {
    "id": "read-capture-b-gre",
    "status": "passed"
  },
  {
    "id": "cleanup-sdv-net-6b3cb2b30c-score",
    "status": "passed"
  },
  {
    "id": "cleanup-sdv-net-6b3cb2b30c-diag",
    "status": "passed"
  },
  {
    "id": "cleanup-sdv-net-6b3cb2b30c-bridge",
    "status": "passed"
  },
  {
    "id": "cleanup-owned-carla",
    "status": "passed"
  },
  {
    "id": "restore-private-directory-owner",
    "status": "passed"
  }
]
