Started sdv-lighting-diagnostics.service - Native OpenSOVD lighting observations.
Started sdv-zenoh-can.service - Zenoh2CAN lighting gateway.
2026-10-04 19:07:43.734607317 +0000 UTC m=+0.051680554 container create 7a6e111d0cbe3b169848c52d15dd3ced810d93021527d449e694a257aab94e75 (image=docker.io/library/sdv-autosd-lighting:1.0, name=sdv-zenoh-can, org.opencontainers.image.version=22.04)
2026-10-04 19:07:43.726471326 +0000 UTC m=+0.043544579 image pull 2ab15b6119d79864caa31233608a89cc5e5660128ae037a7c367651495846aea sdv-autosd-lighting:1.0
2026-10-04 19:07:43.83756746 +0000 UTC m=+0.154640713 container init 7a6e111d0cbe3b169848c52d15dd3ced810d93021527d449e694a257aab94e75 (image=docker.io/library/sdv-autosd-lighting:1.0, name=sdv-zenoh-can, org.opencontainers.image.version=22.04)
2026-10-04 19:07:43.842571609 +0000 UTC m=+0.159644844 container start 7a6e111d0cbe3b169848c52d15dd3ced810d93021527d449e694a257aab94e75 (image=docker.io/library/sdv-autosd-lighting:1.0, name=sdv-zenoh-can, org.opencontainers.image.version=22.04)
2026-10-04 19:07:43.842804776 +0000 UTC m=+0.159878031 container attach 7a6e111d0cbe3b169848c52d15dd3ced810d93021527d449e694a257aab94e75 (image=docker.io/library/sdv-autosd-lighting:1.0, name=sdv-zenoh-can, org.opencontainers.image.version=22.04)
INFO:__main__:Initializing Zenoh session...

INFO:__main__:Initializing Zenoh session...
INFO:__main__:Zenoh session opened successfully

INFO:__main__:Initializing CAN bus 'zonal' (socketcan:avcan1)

INFO:__main__:Zenoh session opened successfully
INFO:__main__:Initializing CAN bus 'zonal' (socketcan:avcan1)
INFO:can.interfaces.socketcan.socketcan:Created a socket

INFO:can.interfaces.socketcan.socketcan:Created a socket
INFO:__main__:CAN bus 'zonal' initialized successfully

INFO:__main__:CAN bus 'zonal' initialized successfully
INFO:__main__:Subscribed to Zenoh key: vcu/control/status

INFO:__main__:Subscribed to Zenoh key: vcu/control/status
INFO:__main__:Subscribed to Zenoh signal key: vcu/control/cc_engage_sts

INFO:__main__:Subscribed to Zenoh signal key: vcu/control/cc_engage_sts
INFO:__main__:Subscribed to Zenoh signal key: vcu/control/reverse_sts

INFO:__main__:Subscribed to Zenoh signal key: vcu/control/reverse_sts
INFO:__main__:Subscribed to Zenoh signal key: vcu/control/brake_sts

INFO:__main__:Subscribed to Zenoh signal key: vcu/control/brake_sts
INFO:__main__:CAN RX dispatcher thread started for bus 'zonal'

INFO:__main__:Bridge init complete (multi-CAN + Zenoh + CAN forwarding)

INFO:__main__:CAN RX dispatcher thread started for bus 'zonal'
INFO:__main__:Bridge init complete (multi-CAN + Zenoh + CAN forwarding)
INFO:__main__:Zenoh-CAN Bridge running. Press Ctrl+C to exit.
INFO:__main__:Zenoh-CAN Bridge running. Press Ctrl+C to exit.

Started sdv-threadx.service - ThreadX Linux zonal lighting controller.
2026-10-04 19:07:45.752280124 +0000 UTC m=+0.058726852 container create 41169c88572eaf10a72416af2eea06ec30caa8a404b0bbec98f874465ca0fa9e (image=docker.io/library/sdv-autosd-lighting:1.0, name=sdv-threadx, org.opencontainers.image.version=22.04)
2026-10-04 19:07:45.743027376 +0000 UTC m=+0.049474148 image pull 2ab15b6119d79864caa31233608a89cc5e5660128ae037a7c367651495846aea sdv-autosd-lighting:1.0
2026-10-04 19:07:45.853350893 +0000 UTC m=+0.159797630 container init 41169c88572eaf10a72416af2eea06ec30caa8a404b0bbec98f874465ca0fa9e (image=docker.io/library/sdv-autosd-lighting:1.0, name=sdv-threadx, org.opencontainers.image.version=22.04)
2026-10-04 19:07:45.85934679 +0000 UTC m=+0.165793522 container start 41169c88572eaf10a72416af2eea06ec30caa8a404b0bbec98f874465ca0fa9e (image=docker.io/library/sdv-autosd-lighting:1.0, name=sdv-threadx, org.opencontainers.image.version=22.04)
2026-10-04 19:07:45.859966414 +0000 UTC m=+0.166413146 container attach 41169c88572eaf10a72416af2eea06ec30caa8a404b0bbec98f874465ca0fa9e (image=docker.io/library/sdv-autosd-lighting:1.0, name=sdv-threadx, org.opencontainers.image.version=22.04)
{"event":"started","component":"threadx-zonal-lights","simulation":true,"version":"1.0.0","threadx_revision":"b91b03b9e75fa523b17127f9e0eca09dca916459","interface":"avcan0","timeout_ms":0}

{"event":"started","component":"threadx-zonal-lights","simulation":true,"version":"1.0.0","threadx_revision":"b91b03b9e75fa523b17127f9e0eca09dca916459","interface":"avcan0","timeout_ms":0}
INFO:__main__:(CAN→Zenoh updated) bus=zonal vehicle/lights/reverse_lights_cmd :: bcm_reverse_lights_cmd: None → 0.0

INFO:__main__:(CAN→Zenoh updated) bus=zonal vehicle/lights/reverse_lights_cmd :: bcm_reverse_lights_cmd: None → 0.0
INFO:__main__:(CAN→Zenoh updated) bus=zonal vehicle/lights/brake_lights_cmd :: bcm_brake_lights_cmd: None → 0.0
INFO:__main__:(CAN→Zenoh updated) bus=zonal vehicle/lights/frame :: bcm_brake_lights_cmd: None → False, bcm_reverse_lights_cmd: None → False
INFO:__main__:(CAN→Zenoh updated) bus=zonal vehicle/lights/brake_lights_cmd :: bcm_brake_lights_cmd: None → 0.0

INFO:__main__:(CAN→Zenoh updated) bus=zonal vehicle/lights/frame :: bcm_brake_lights_cmd: None → False, bcm_reverse_lights_cmd: None → False

{"event":"heartbeat","tick":100,"received":0,"rejected":0,"queue_dropped":0,"log_dropped":0,"stale":false}

{"event":"heartbeat","tick":100,"received":0,"rejected":0,"queue_dropped":0,"log_dropped":0,"stale":false}
{"event":"heartbeat","tick":200,"received":0,"rejected":0,"queue_dropped":0,"log_dropped":0,"stale":false}

{"event":"heartbeat","tick":200,"received":0,"rejected":0,"queue_dropped":0,"log_dropped":0,"stale":false}
{"event":"heartbeat","tick":300,"received":0,"rejected":0,"queue_dropped":0,"log_dropped":0,"stale":false}

{"event":"heartbeat","tick":300,"received":0,"rejected":0,"queue_dropped":0,"log_dropped":0,"stale":false}
{"event":"heartbeat","tick":400,"received":0,"rejected":0,"queue_dropped":0,"log_dropped":0,"stale":false}

{"event":"heartbeat","tick":400,"received":0,"rejected":0,"queue_dropped":0,"log_dropped":0,"stale":false}
{"event":"heartbeat","tick":500,"received":0,"rejected":0,"queue_dropped":0,"log_dropped":0,"stale":false}

{"event":"heartbeat","tick":500,"received":0,"rejected":0,"queue_dropped":0,"log_dropped":0,"stale":false}
{"event":"heartbeat","tick":600,"received":0,"rejected":0,"queue_dropped":0,"log_dropped":0,"stale":false}

{"event":"heartbeat","tick":600,"received":0,"rejected":0,"queue_dropped":0,"log_dropped":0,"stale":false}
{"event":"heartbeat","tick":700,"received":0,"rejected":0,"queue_dropped":0,"log_dropped":0,"stale":false}

{"event":"heartbeat","tick":700,"received":0,"rejected":0,"queue_dropped":0,"log_dropped":0,"stale":false}
{"event":"heartbeat","tick":800,"received":0,"rejected":0,"queue_dropped":0,"log_dropped":0,"stale":false}

{"event":"heartbeat","tick":800,"received":0,"rejected":0,"queue_dropped":0,"log_dropped":0,"stale":false}
{"event":"heartbeat","tick":900,"received":0,"rejected":0,"queue_dropped":0,"log_dropped":0,"stale":false}

{"event":"heartbeat","tick":900,"received":0,"rejected":0,"queue_dropped":0,"log_dropped":0,"stale":false}
{"event":"heartbeat","tick":1000,"received":0,"rejected":0,"queue_dropped":0,"log_dropped":0,"stale":false}

{"event":"heartbeat","tick":1000,"received":0,"rejected":0,"queue_dropped":0,"log_dropped":0,"stale":false}
{"event":"heartbeat","tick":1100,"received":0,"rejected":0,"queue_dropped":0,"log_dropped":0,"stale":false}

{"event":"heartbeat","tick":1100,"received":0,"rejected":0,"queue_dropped":0,"log_dropped":0,"stale":false}
{"event":"heartbeat","tick":1200,"received":0,"rejected":0,"queue_dropped":0,"log_dropped":0,"stale":false}

{"event":"heartbeat","tick":1200,"received":0,"rejected":0,"queue_dropped":0,"log_dropped":0,"stale":false}
{"event":"heartbeat","tick":1300,"received":0,"rejected":0,"queue_dropped":0,"log_dropped":0,"stale":false}

{"event":"heartbeat","tick":1300,"received":0,"rejected":0,"queue_dropped":0,"log_dropped":0,"stale":false}
{"event":"heartbeat","tick":1400,"received":0,"rejected":0,"queue_dropped":0,"log_dropped":0,"stale":false}

{"event":"heartbeat","tick":1400,"received":0,"rejected":0,"queue_dropped":0,"log_dropped":0,"stale":false}
{"event":"heartbeat","tick":1500,"received":0,"rejected":0,"queue_dropped":0,"log_dropped":0,"stale":false}

{"event":"heartbeat","tick":1500,"received":0,"rejected":0,"queue_dropped":0,"log_dropped":0,"stale":false}
{"event":"heartbeat","tick":1600,"received":0,"rejected":0,"queue_dropped":0,"log_dropped":0,"stale":false}

{"event":"heartbeat","tick":1600,"received":0,"rejected":0,"queue_dropped":0,"log_dropped":0,"stale":false}
{"event":"heartbeat","tick":1700,"received":0,"rejected":0,"queue_dropped":0,"log_dropped":0,"stale":false}

{"event":"heartbeat","tick":1700,"received":0,"rejected":0,"queue_dropped":0,"log_dropped":0,"stale":false}
{"event":"heartbeat","tick":1800,"received":0,"rejected":0,"queue_dropped":0,"log_dropped":0,"stale":false}

{"event":"heartbeat","tick":1800,"received":0,"rejected":0,"queue_dropped":0,"log_dropped":0,"stale":false}
{"event":"heartbeat","tick":1900,"received":0,"rejected":0,"queue_dropped":0,"log_dropped":0,"stale":false}

{"event":"heartbeat","tick":1900,"received":0,"rejected":0,"queue_dropped":0,"log_dropped":0,"stale":false}
{"event":"heartbeat","tick":2000,"received":0,"rejected":0,"queue_dropped":0,"log_dropped":0,"stale":false}

{"event":"heartbeat","tick":2000,"received":0,"rejected":0,"queue_dropped":0,"log_dropped":0,"stale":false}
{"event":"heartbeat","tick":2100,"received":0,"rejected":0,"queue_dropped":0,"log_dropped":0,"stale":false}

{"event":"heartbeat","tick":2100,"received":0,"rejected":0,"queue_dropped":0,"log_dropped":0,"stale":false}
{"event":"heartbeat","tick":2200,"received":0,"rejected":0,"queue_dropped":0,"log_dropped":0,"stale":false}

{"event":"heartbeat","tick":2200,"received":0,"rejected":0,"queue_dropped":0,"log_dropped":0,"stale":false}
{"event":"heartbeat","tick":2300,"received":0,"rejected":0,"queue_dropped":0,"log_dropped":0,"stale":false}

{"event":"heartbeat","tick":2300,"received":0,"rejected":0,"queue_dropped":0,"log_dropped":0,"stale":false}
{"event":"heartbeat","tick":2400,"received":0,"rejected":0,"queue_dropped":0,"log_dropped":0,"stale":false}

{"event":"heartbeat","tick":2400,"received":0,"rejected":0,"queue_dropped":0,"log_dropped":0,"stale":false}
{"event":"heartbeat","tick":2500,"received":0,"rejected":0,"queue_dropped":0,"log_dropped":0,"stale":false}

{"event":"heartbeat","tick":2500,"received":0,"rejected":0,"queue_dropped":0,"log_dropped":0,"stale":false}
{"event":"heartbeat","tick":2600,"received":0,"rejected":0,"queue_dropped":0,"log_dropped":0,"stale":false}

{"event":"heartbeat","tick":2600,"received":0,"rejected":0,"queue_dropped":0,"log_dropped":0,"stale":false}
{"event":"heartbeat","tick":2700,"received":0,"rejected":0,"queue_dropped":0,"log_dropped":0,"stale":false}

{"event":"heartbeat","tick":2700,"received":0,"rejected":0,"queue_dropped":0,"log_dropped":0,"stale":false}
{"event":"heartbeat","tick":2800,"received":0,"rejected":0,"queue_dropped":0,"log_dropped":0,"stale":false}

{"event":"heartbeat","tick":2800,"received":0,"rejected":0,"queue_dropped":0,"log_dropped":0,"stale":false}
{"event":"heartbeat","tick":2900,"received":0,"rejected":0,"queue_dropped":0,"log_dropped":0,"stale":false}

{"event":"heartbeat","tick":2900,"received":0,"rejected":0,"queue_dropped":0,"log_dropped":0,"stale":false}
{"event":"heartbeat","tick":3000,"received":0,"rejected":0,"queue_dropped":0,"log_dropped":0,"stale":false}

{"event":"heartbeat","tick":3000,"received":0,"rejected":0,"queue_dropped":0,"log_dropped":0,"stale":false}
{"event":"heartbeat","tick":3100,"received":0,"rejected":0,"queue_dropped":0,"log_dropped":0,"stale":false}

{"event":"heartbeat","tick":3100,"received":0,"rejected":0,"queue_dropped":0,"log_dropped":0,"stale":false}
{"event":"heartbeat","tick":3200,"received":0,"rejected":0,"queue_dropped":0,"log_dropped":0,"stale":false}

{"event":"heartbeat","tick":3200,"received":0,"rejected":0,"queue_dropped":0,"log_dropped":0,"stale":false}
{"event":"heartbeat","tick":3300,"received":0,"rejected":0,"queue_dropped":0,"log_dropped":0,"stale":false}

{"event":"heartbeat","tick":3300,"received":0,"rejected":0,"queue_dropped":0,"log_dropped":0,"stale":false}
{"event":"heartbeat","tick":3400,"received":0,"rejected":0,"queue_dropped":0,"log_dropped":0,"stale":false}

{"event":"heartbeat","tick":3400,"received":0,"rejected":0,"queue_dropped":0,"log_dropped":0,"stale":false}
{"event":"heartbeat","tick":3500,"received":0,"rejected":0,"queue_dropped":0,"log_dropped":0,"stale":false}

{"event":"heartbeat","tick":3500,"received":0,"rejected":0,"queue_dropped":0,"log_dropped":0,"stale":false}
{"event":"heartbeat","tick":3600,"received":0,"rejected":0,"queue_dropped":0,"log_dropped":0,"stale":false}

{"event":"heartbeat","tick":3600,"received":0,"rejected":0,"queue_dropped":0,"log_dropped":0,"stale":false}
{"event":"heartbeat","tick":3700,"received":0,"rejected":0,"queue_dropped":0,"log_dropped":0,"stale":false}

{"event":"heartbeat","tick":3700,"received":0,"rejected":0,"queue_dropped":0,"log_dropped":0,"stale":false}
{"event":"heartbeat","tick":3800,"received":0,"rejected":0,"queue_dropped":0,"log_dropped":0,"stale":false}

{"event":"heartbeat","tick":3800,"received":0,"rejected":0,"queue_dropped":0,"log_dropped":0,"stale":false}
{"event":"heartbeat","tick":3900,"received":0,"rejected":0,"queue_dropped":0,"log_dropped":0,"stale":false}

{"event":"heartbeat","tick":3900,"received":0,"rejected":0,"queue_dropped":0,"log_dropped":0,"stale":false}
{"event":"heartbeat","tick":4000,"received":0,"rejected":0,"queue_dropped":0,"log_dropped":0,"stale":false}

{"event":"heartbeat","tick":4000,"received":0,"rejected":0,"queue_dropped":0,"log_dropped":0,"stale":false}
{"event":"heartbeat","tick":4100,"received":0,"rejected":0,"queue_dropped":0,"log_dropped":0,"stale":false}

{"event":"heartbeat","tick":4100,"received":0,"rejected":0,"queue_dropped":0,"log_dropped":0,"stale":false}
{"event":"heartbeat","tick":4200,"received":0,"rejected":0,"queue_dropped":0,"log_dropped":0,"stale":false}

{"event":"heartbeat","tick":4200,"received":0,"rejected":0,"queue_dropped":0,"log_dropped":0,"stale":false}
{"event":"heartbeat","tick":4300,"received":0,"rejected":0,"queue_dropped":0,"log_dropped":0,"stale":false}

{"event":"heartbeat","tick":4300,"received":0,"rejected":0,"queue_dropped":0,"log_dropped":0,"stale":false}
{"event":"heartbeat","tick":4400,"received":0,"rejected":0,"queue_dropped":0,"log_dropped":0,"stale":false}

{"event":"heartbeat","tick":4400,"received":0,"rejected":0,"queue_dropped":0,"log_dropped":0,"stale":false}
{"event":"heartbeat","tick":4500,"received":0,"rejected":0,"queue_dropped":0,"log_dropped":0,"stale":false}

{"event":"heartbeat","tick":4500,"received":0,"rejected":0,"queue_dropped":0,"log_dropped":0,"stale":false}
{"event":"heartbeat","tick":4600,"received":0,"rejected":0,"queue_dropped":0,"log_dropped":0,"stale":false}

{"event":"heartbeat","tick":4600,"received":0,"rejected":0,"queue_dropped":0,"log_dropped":0,"stale":false}
{"event":"heartbeat","tick":4700,"received":0,"rejected":0,"queue_dropped":0,"log_dropped":0,"stale":false}

{"event":"heartbeat","tick":4700,"received":0,"rejected":0,"queue_dropped":0,"log_dropped":0,"stale":false}
{"event":"heartbeat","tick":4800,"received":0,"rejected":0,"queue_dropped":0,"log_dropped":0,"stale":false}

{"event":"heartbeat","tick":4800,"received":0,"rejected":0,"queue_dropped":0,"log_dropped":0,"stale":false}
{"event":"heartbeat","tick":4900,"received":0,"rejected":0,"queue_dropped":0,"log_dropped":0,"stale":false}

{"event":"heartbeat","tick":4900,"received":0,"rejected":0,"queue_dropped":0,"log_dropped":0,"stale":false}
{"event":"heartbeat","tick":5000,"received":0,"rejected":0,"queue_dropped":0,"log_dropped":0,"stale":false}

{"event":"heartbeat","tick":5000,"received":0,"rejected":0,"queue_dropped":0,"log_dropped":0,"stale":false}
{"event":"heartbeat","tick":5100,"received":0,"rejected":0,"queue_dropped":0,"log_dropped":0,"stale":false}

{"event":"heartbeat","tick":5100,"received":0,"rejected":0,"queue_dropped":0,"log_dropped":0,"stale":false}
{"event":"heartbeat","tick":5200,"received":0,"rejected":0,"queue_dropped":0,"log_dropped":0,"stale":false}

{"event":"heartbeat","tick":5200,"received":0,"rejected":0,"queue_dropped":0,"log_dropped":0,"stale":false}
{"event":"heartbeat","tick":5300,"received":0,"rejected":0,"queue_dropped":0,"log_dropped":0,"stale":false}

{"event":"heartbeat","tick":5300,"received":0,"rejected":0,"queue_dropped":0,"log_dropped":0,"stale":false}
{"event":"heartbeat","tick":5400,"received":0,"rejected":0,"queue_dropped":0,"log_dropped":0,"stale":false}

{"event":"heartbeat","tick":5400,"received":0,"rejected":0,"queue_dropped":0,"log_dropped":0,"stale":false}
{"event":"heartbeat","tick":5500,"received":0,"rejected":0,"queue_dropped":0,"log_dropped":0,"stale":false}

{"event":"heartbeat","tick":5500,"received":0,"rejected":0,"queue_dropped":0,"log_dropped":0,"stale":false}
{"event":"heartbeat","tick":5600,"received":0,"rejected":0,"queue_dropped":0,"log_dropped":0,"stale":false}

{"event":"heartbeat","tick":5600,"received":0,"rejected":0,"queue_dropped":0,"log_dropped":0,"stale":false}
{"event":"heartbeat","tick":5700,"received":0,"rejected":0,"queue_dropped":0,"log_dropped":0,"stale":false}

{"event":"heartbeat","tick":5700,"received":0,"rejected":0,"queue_dropped":0,"log_dropped":0,"stale":false}
{"event":"heartbeat","tick":5800,"received":0,"rejected":0,"queue_dropped":0,"log_dropped":0,"stale":false}

{"event":"heartbeat","tick":5800,"received":0,"rejected":0,"queue_dropped":0,"log_dropped":0,"stale":false}
{"event":"heartbeat","tick":5900,"received":0,"rejected":0,"queue_dropped":0,"log_dropped":0,"stale":false}

{"event":"heartbeat","tick":5900,"received":0,"rejected":0,"queue_dropped":0,"log_dropped":0,"stale":false}
{"event":"heartbeat","tick":6000,"received":0,"rejected":0,"queue_dropped":0,"log_dropped":0,"stale":false}

{"event":"heartbeat","tick":6000,"received":0,"rejected":0,"queue_dropped":0,"log_dropped":0,"stale":false}
{"event":"heartbeat","tick":6100,"received":0,"rejected":0,"queue_dropped":0,"log_dropped":0,"stale":false}

{"event":"heartbeat","tick":6100,"received":0,"rejected":0,"queue_dropped":0,"log_dropped":0,"stale":false}
{"event":"heartbeat","tick":6200,"received":0,"rejected":0,"queue_dropped":0,"log_dropped":0,"stale":false}

{"event":"heartbeat","tick":6200,"received":0,"rejected":0,"queue_dropped":0,"log_dropped":0,"stale":false}
{"event":"heartbeat","tick":6300,"received":0,"rejected":0,"queue_dropped":0,"log_dropped":0,"stale":false}

{"event":"heartbeat","tick":6300,"received":0,"rejected":0,"queue_dropped":0,"log_dropped":0,"stale":false}
{"event":"heartbeat","tick":6400,"received":0,"rejected":0,"queue_dropped":0,"log_dropped":0,"stale":false}

{"event":"heartbeat","tick":6400,"received":0,"rejected":0,"queue_dropped":0,"log_dropped":0,"stale":false}
{"event":"heartbeat","tick":6500,"received":0,"rejected":0,"queue_dropped":0,"log_dropped":0,"stale":false}

{"event":"heartbeat","tick":6500,"received":0,"rejected":0,"queue_dropped":0,"log_dropped":0,"stale":false}
{"event":"heartbeat","tick":6600,"received":0,"rejected":0,"queue_dropped":0,"log_dropped":0,"stale":false}

{"event":"heartbeat","tick":6600,"received":0,"rejected":0,"queue_dropped":0,"log_dropped":0,"stale":false}
{"event":"heartbeat","tick":6700,"received":0,"rejected":0,"queue_dropped":0,"log_dropped":0,"stale":false}

{"event":"heartbeat","tick":6700,"received":0,"rejected":0,"queue_dropped":0,"log_dropped":0,"stale":false}
{"event":"heartbeat","tick":6800,"received":0,"rejected":0,"queue_dropped":0,"log_dropped":0,"stale":false}

{"event":"heartbeat","tick":6800,"received":0,"rejected":0,"queue_dropped":0,"log_dropped":0,"stale":false}
{"event":"heartbeat","tick":6900,"received":0,"rejected":0,"queue_dropped":0,"log_dropped":0,"stale":false}

{"event":"heartbeat","tick":6900,"received":0,"rejected":0,"queue_dropped":0,"log_dropped":0,"stale":false}
{"event":"heartbeat","tick":7000,"received":0,"rejected":0,"queue_dropped":0,"log_dropped":0,"stale":false}

{"event":"heartbeat","tick":7000,"received":0,"rejected":0,"queue_dropped":0,"log_dropped":0,"stale":false}
{"event":"heartbeat","tick":7100,"received":0,"rejected":0,"queue_dropped":0,"log_dropped":0,"stale":false}

{"event":"heartbeat","tick":7100,"received":0,"rejected":0,"queue_dropped":0,"log_dropped":0,"stale":false}
{"event":"heartbeat","tick":7200,"received":0,"rejected":0,"queue_dropped":0,"log_dropped":0,"stale":false}

{"event":"heartbeat","tick":7200,"received":0,"rejected":0,"queue_dropped":0,"log_dropped":0,"stale":false}
{"event":"heartbeat","tick":7300,"received":0,"rejected":0,"queue_dropped":0,"log_dropped":0,"stale":false}

{"event":"heartbeat","tick":7300,"received":0,"rejected":0,"queue_dropped":0,"log_dropped":0,"stale":false}
{"event":"heartbeat","tick":7400,"received":0,"rejected":0,"queue_dropped":0,"log_dropped":0,"stale":false}

{"event":"heartbeat","tick":7400,"received":0,"rejected":0,"queue_dropped":0,"log_dropped":0,"stale":false}
{"event":"heartbeat","tick":7500,"received":0,"rejected":0,"queue_dropped":0,"log_dropped":0,"stale":false}

{"event":"heartbeat","tick":7500,"received":0,"rejected":0,"queue_dropped":0,"log_dropped":0,"stale":false}
{"event":"heartbeat","tick":7600,"received":0,"rejected":0,"queue_dropped":0,"log_dropped":0,"stale":false}

{"event":"heartbeat","tick":7600,"received":0,"rejected":0,"queue_dropped":0,"log_dropped":0,"stale":false}
INFO:__main__:(Zenoh RX updated) vcu/control/status [0x1F1] :: vcu_brake_sts: None → False, vcu_cc_engage_sts: None → False, vcu_reverse_sts: None → True

INFO:__main__:(Zenoh RX updated) vcu/control/status [0x1F1] :: vcu_brake_sts: None → False, vcu_cc_engage_sts: None → False, vcu_reverse_sts: None → True
INFO:__main__:(Zenoh→CAN sent) bus=zonal id=0x1F1 data=0200000000000000
INFO:__main__:(Zenoh→CAN sent) bus=zonal id=0x1F1 data=0200000000000000

{"event":"lights","sequence":1,"reverse":true,"brake":false,"stale":false,"can_id":500}

INFO:__main__:(CAN→Zenoh updated) bus=zonal vehicle/lights/reverse_lights_cmd :: bcm_reverse_lights_cmd: 0.0 → 1.0

INFO:__main__:(CAN→Zenoh updated) bus=zonal vehicle/lights/reverse_lights_cmd :: bcm_reverse_lights_cmd: 0.0 → 1.0
INFO:__main__:(CAN→Zenoh updated) bus=zonal vehicle/lights/frame :: bcm_reverse_lights_cmd: False → True
{"event":"lights","sequence":1,"reverse":true,"brake":false,"stale":false,"can_id":500}
INFO:__main__:(CAN→Zenoh updated) bus=zonal vehicle/lights/frame :: bcm_reverse_lights_cmd: False → True

INFO:__main__:(Zenoh RX updated) vcu/control/status [0x1F1] :: vcu_brake_sts: False → True

INFO:__main__:(Zenoh→CAN sent) bus=zonal id=0x1F1 data=0600000000000000

INFO:__main__:(Zenoh RX updated) vcu/control/status [0x1F1] :: vcu_brake_sts: False → True
INFO:__main__:(Zenoh→CAN sent) bus=zonal id=0x1F1 data=0600000000000000
{"event":"lights","sequence":2,"reverse":true,"brake":true,"stale":false,"can_id":500}

{"event":"lights","sequence":2,"reverse":true,"brake":true,"stale":false,"can_id":500}
INFO:__main__:(CAN→Zenoh updated) bus=zonal vehicle/lights/brake_lights_cmd :: bcm_brake_lights_cmd: 0.0 → 1.0

INFO:__main__:(CAN→Zenoh updated) bus=zonal vehicle/lights/brake_lights_cmd :: bcm_brake_lights_cmd: 0.0 → 1.0
INFO:__main__:(CAN→Zenoh updated) bus=zonal vehicle/lights/frame :: bcm_brake_lights_cmd: False → True
INFO:__main__:(CAN→Zenoh updated) bus=zonal vehicle/lights/frame :: bcm_brake_lights_cmd: False → True

{"event":"heartbeat","tick":7700,"received":2,"rejected":0,"queue_dropped":0,"log_dropped":0,"stale":false}

{"event":"heartbeat","tick":7700,"received":2,"rejected":0,"queue_dropped":0,"log_dropped":0,"stale":false}
INFO:__main__:(Zenoh RX updated) vcu/control/status [0x1F1] :: vcu_reverse_sts: True → False

INFO:__main__:(Zenoh RX updated) vcu/control/status [0x1F1] :: vcu_reverse_sts: True → False
INFO:__main__:(Zenoh→CAN sent) bus=zonal id=0x1F1 data=0400000000000000
INFO:__main__:(Zenoh→CAN sent) bus=zonal id=0x1F1 data=0400000000000000

{"event":"lights","sequence":3,"reverse":false,"brake":true,"stale":false,"can_id":500}

{"event":"lights","sequence":3,"reverse":false,"brake":true,"stale":false,"can_id":500}
INFO:__main__:(CAN→Zenoh updated) bus=zonal vehicle/lights/reverse_lights_cmd :: bcm_reverse_lights_cmd: 1.0 → 0.0

INFO:__main__:(CAN→Zenoh updated) bus=zonal vehicle/lights/reverse_lights_cmd :: bcm_reverse_lights_cmd: 1.0 → 0.0
INFO:__main__:(CAN→Zenoh updated) bus=zonal vehicle/lights/frame :: bcm_reverse_lights_cmd: True → False

INFO:__main__:(CAN→Zenoh updated) bus=zonal vehicle/lights/frame :: bcm_reverse_lights_cmd: True → False
INFO:__main__:(Zenoh RX updated) vcu/control/status [0x1F1] :: vcu_brake_sts: True → False

INFO:__main__:(Zenoh→CAN sent) bus=zonal id=0x1F1 data=0000000000000000

INFO:__main__:(Zenoh RX updated) vcu/control/status [0x1F1] :: vcu_brake_sts: True → False
INFO:__main__:(Zenoh→CAN sent) bus=zonal id=0x1F1 data=0000000000000000
{"event":"lights","sequence":4,"reverse":false,"brake":false,"stale":false,"can_id":500}

INFO:__main__:(CAN→Zenoh updated) bus=zonal vehicle/lights/brake_lights_cmd :: bcm_brake_lights_cmd: 1.0 → 0.0

INFO:__main__:(CAN→Zenoh updated) bus=zonal vehicle/lights/brake_lights_cmd :: bcm_brake_lights_cmd: 1.0 → 0.0
{"event":"lights","sequence":4,"reverse":false,"brake":false,"stale":false,"can_id":500}
INFO:__main__:(CAN→Zenoh updated) bus=zonal vehicle/lights/frame :: bcm_brake_lights_cmd: True → False

INFO:__main__:(CAN→Zenoh updated) bus=zonal vehicle/lights/frame :: bcm_brake_lights_cmd: True → False
INFO:__main__:(Zenoh RX updated) vcu/control/brake_sts [0x1F1/vcu_brake_sts] :: vcu_brake_sts: None → 1.0

INFO:__main__:(Zenoh→CAN sent) bus=zonal id=0x1F1 data=0400000000000000

INFO:__main__:(Zenoh RX updated) vcu/control/brake_sts [0x1F1/vcu_brake_sts] :: vcu_brake_sts: None → 1.0
INFO:__main__:(Zenoh→CAN sent) bus=zonal id=0x1F1 data=0400000000000000
{"event":"lights","sequence":5,"reverse":false,"brake":true,"stale":false,"can_id":500}

INFO:__main__:(CAN→Zenoh updated) bus=zonal vehicle/lights/brake_lights_cmd :: bcm_brake_lights_cmd: 0.0 → 1.0

{"event":"lights","sequence":5,"reverse":false,"brake":true,"stale":false,"can_id":500}
INFO:__main__:(CAN→Zenoh updated) bus=zonal vehicle/lights/frame :: bcm_brake_lights_cmd: False → True

INFO:__main__:(CAN→Zenoh updated) bus=zonal vehicle/lights/brake_lights_cmd :: bcm_brake_lights_cmd: 0.0 → 1.0
INFO:__main__:(CAN→Zenoh updated) bus=zonal vehicle/lights/frame :: bcm_brake_lights_cmd: False → True
INFO:__main__:(Zenoh RX updated) vcu/control/status [0x1F1] :: vcu_brake_sts: False → True, vcu_reverse_sts: False → True

INFO:__main__:(Zenoh→CAN sent) bus=zonal id=0x1F1 data=0600000000000000

INFO:__main__:(Zenoh RX updated) vcu/control/status [0x1F1] :: vcu_brake_sts: False → True, vcu_reverse_sts: False → True
INFO:__main__:(Zenoh→CAN sent) bus=zonal id=0x1F1 data=0600000000000000
{"event":"lights","sequence":6,"reverse":true,"brake":true,"stale":false,"can_id":500}

{"event":"lights","sequence":6,"reverse":true,"brake":true,"stale":false,"can_id":500}
INFO:__main__:(CAN→Zenoh updated) bus=zonal vehicle/lights/reverse_lights_cmd :: bcm_reverse_lights_cmd: 0.0 → 1.0
INFO:__main__:(CAN→Zenoh updated) bus=zonal vehicle/lights/reverse_lights_cmd :: bcm_reverse_lights_cmd: 0.0 → 1.0

INFO:__main__:(CAN→Zenoh updated) bus=zonal vehicle/lights/frame :: bcm_reverse_lights_cmd: False → True

INFO:__main__:(CAN→Zenoh updated) bus=zonal vehicle/lights/frame :: bcm_reverse_lights_cmd: False → True
Stopping sdv-threadx.service - ThreadX Linux zonal lighting controller...
{"event":"stopped","received":6,"lights_off":true}

INFO:__main__:(CAN→Zenoh updated) bus=zonal vehicle/lights/reverse_lights_cmd :: bcm_reverse_lights_cmd: 1.0 → 0.0

INFO:__main__:(CAN→Zenoh updated) bus=zonal vehicle/lights/brake_lights_cmd :: bcm_brake_lights_cmd: 1.0 → 0.0

INFO:__main__:(CAN→Zenoh updated) bus=zonal vehicle/lights/reverse_lights_cmd :: bcm_reverse_lights_cmd: 1.0 → 0.0
INFO:__main__:(CAN→Zenoh updated) bus=zonal vehicle/lights/brake_lights_cmd :: bcm_brake_lights_cmd: 1.0 → 0.0
INFO:__main__:(CAN→Zenoh updated) bus=zonal vehicle/lights/frame :: bcm_brake_lights_cmd: True → False, bcm_reverse_lights_cmd: True → False
{"event":"stopped","received":6,"lights_off":true}
INFO:__main__:(CAN→Zenoh updated) bus=zonal vehicle/lights/frame :: bcm_brake_lights_cmd: True → False, bcm_reverse_lights_cmd: True → False

2026-10-04 19:09:03.749694658 +0000 UTC m=+78.056141412 container died 41169c88572eaf10a72416af2eea06ec30caa8a404b0bbec98f874465ca0fa9e (image=docker.io/library/sdv-autosd-lighting:1.0, name=sdv-threadx, org.opencontainers.image.version=22.04)
2026-10-04 19:09:03.775067538 +0000 UTC m=+0.100820034 container remove 41169c88572eaf10a72416af2eea06ec30caa8a404b0bbec98f874465ca0fa9e (image=docker.io/library/sdv-autosd-lighting:1.0, name=sdv-threadx, org.opencontainers.image.version=22.04)
sdv-threadx
sdv-threadx.service: Deactivated successfully.
Stopped sdv-threadx.service - ThreadX Linux zonal lighting controller.
Started sdv-threadx.service - ThreadX Linux zonal lighting controller.
2026-10-04 19:09:07.070032322 +0000 UTC m=+0.046102813 container create a91b9ce46fe4359dac9bdde252ffe4368f89505f72cf47b28469d42eb37b8db8 (image=docker.io/library/sdv-autosd-lighting:1.0, name=sdv-threadx, org.opencontainers.image.version=22.04)
2026-10-04 19:09:07.155269846 +0000 UTC m=+0.131340356 container init a91b9ce46fe4359dac9bdde252ffe4368f89505f72cf47b28469d42eb37b8db8 (image=docker.io/library/sdv-autosd-lighting:1.0, name=sdv-threadx, org.opencontainers.image.version=22.04)
2026-10-04 19:09:07.061737861 +0000 UTC m=+0.037808401 image pull 2ab15b6119d79864caa31233608a89cc5e5660128ae037a7c367651495846aea sdv-autosd-lighting:1.0
2026-10-04 19:09:07.161616558 +0000 UTC m=+0.137687063 container start a91b9ce46fe4359dac9bdde252ffe4368f89505f72cf47b28469d42eb37b8db8 (image=docker.io/library/sdv-autosd-lighting:1.0, name=sdv-threadx, org.opencontainers.image.version=22.04)
2026-10-04 19:09:07.161881988 +0000 UTC m=+0.137952485 container attach a91b9ce46fe4359dac9bdde252ffe4368f89505f72cf47b28469d42eb37b8db8 (image=docker.io/library/sdv-autosd-lighting:1.0, name=sdv-threadx, org.opencontainers.image.version=22.04)
{"event":"started","component":"threadx-zonal-lights","simulation":true,"version":"1.0.0","threadx_revision":"b91b03b9e75fa523b17127f9e0eca09dca916459","interface":"avcan0","timeout_ms":0}

{"event":"started","component":"threadx-zonal-lights","simulation":true,"version":"1.0.0","threadx_revision":"b91b03b9e75fa523b17127f9e0eca09dca916459","interface":"avcan0","timeout_ms":0}
INFO:__main__:(Zenoh RX updated) vcu/control/status [0x1F1] :: vcu_reverse_sts: True → False

INFO:__main__:(Zenoh→CAN sent) bus=zonal id=0x1F1 data=0400000000000000

INFO:__main__:(Zenoh RX updated) vcu/control/status [0x1F1] :: vcu_reverse_sts: True → False
INFO:__main__:(Zenoh→CAN sent) bus=zonal id=0x1F1 data=0400000000000000
{"event":"lights","sequence":1,"reverse":false,"brake":true,"stale":false,"can_id":500}

{"event":"lights","sequence":1,"reverse":false,"brake":true,"stale":false,"can_id":500}
INFO:__main__:(CAN→Zenoh updated) bus=zonal vehicle/lights/brake_lights_cmd :: bcm_brake_lights_cmd: 0.0 → 1.0

INFO:__main__:(CAN→Zenoh updated) bus=zonal vehicle/lights/brake_lights_cmd :: bcm_brake_lights_cmd: 0.0 → 1.0
INFO:__main__:(CAN→Zenoh updated) bus=zonal vehicle/lights/frame :: bcm_brake_lights_cmd: False → True
INFO:__main__:(CAN→Zenoh updated) bus=zonal vehicle/lights/frame :: bcm_brake_lights_cmd: False → True

Stopping sdv-zenoh-can.service - Zenoh2CAN lighting gateway...
INFO:__main__:Shutdown requested...

INFO:__main__:Shutdown requested...
{"event":"heartbeat","tick":100,"received":1,"rejected":0,"queue_dropped":0,"log_dropped":0,"stale":false}

{"event":"heartbeat","tick":100,"received":1,"rejected":0,"queue_dropped":0,"log_dropped":0,"stale":false}
INFO:__main__:Bridge stopped cleanly.

INFO:__main__:Bridge stopped cleanly.
2026-10-04 19:09:08.232057755 +0000 UTC m=+84.549131003 container died 7a6e111d0cbe3b169848c52d15dd3ced810d93021527d449e694a257aab94e75 (image=docker.io/library/sdv-autosd-lighting:1.0, name=sdv-zenoh-can, org.opencontainers.image.version=22.04)
2026-10-04 19:09:08.260813322 +0000 UTC m=+84.577886557 container remove 7a6e111d0cbe3b169848c52d15dd3ced810d93021527d449e694a257aab94e75 (image=docker.io/library/sdv-autosd-lighting:1.0, name=sdv-zenoh-can, org.opencontainers.image.version=22.04)
sdv-zenoh-can
sdv-zenoh-can.service: Deactivated successfully.
Stopped sdv-zenoh-can.service - Zenoh2CAN lighting gateway.
Started sdv-zenoh-can.service - Zenoh2CAN lighting gateway.
2026-10-04 19:09:08.948052115 +0000 UTC m=+0.045269597 container create 88ca1c520daa9801f39f9c34bc9a3dd110de0861a08023ee01f7996f83c0cde6 (image=docker.io/library/sdv-autosd-lighting:1.0, name=sdv-zenoh-can, org.opencontainers.image.version=22.04)
2026-10-04 19:09:08.940720387 +0000 UTC m=+0.037937917 image pull 2ab15b6119d79864caa31233608a89cc5e5660128ae037a7c367651495846aea sdv-autosd-lighting:1.0
2026-10-04 19:09:09.074653347 +0000 UTC m=+0.171870842 container init 88ca1c520daa9801f39f9c34bc9a3dd110de0861a08023ee01f7996f83c0cde6 (image=docker.io/library/sdv-autosd-lighting:1.0, name=sdv-zenoh-can, org.opencontainers.image.version=22.04)
2026-10-04 19:09:09.079842786 +0000 UTC m=+0.177060267 container start 88ca1c520daa9801f39f9c34bc9a3dd110de0861a08023ee01f7996f83c0cde6 (image=docker.io/library/sdv-autosd-lighting:1.0, name=sdv-zenoh-can, org.opencontainers.image.version=22.04)
2026-10-04 19:09:09.080167243 +0000 UTC m=+0.177384724 container attach 88ca1c520daa9801f39f9c34bc9a3dd110de0861a08023ee01f7996f83c0cde6 (image=docker.io/library/sdv-autosd-lighting:1.0, name=sdv-zenoh-can, org.opencontainers.image.version=22.04)
{"event":"heartbeat","tick":200,"received":1,"rejected":0,"queue_dropped":0,"log_dropped":0,"stale":false}

{"event":"heartbeat","tick":200,"received":1,"rejected":0,"queue_dropped":0,"log_dropped":0,"stale":false}
INFO:__main__:Initializing Zenoh session...

INFO:__main__:Initializing Zenoh session...
INFO:__main__:Zenoh session opened successfully

INFO:__main__:Initializing CAN bus 'zonal' (socketcan:avcan1)

INFO:__main__:Zenoh session opened successfully
INFO:__main__:Initializing CAN bus 'zonal' (socketcan:avcan1)
INFO:can.interfaces.socketcan.socketcan:Created a socket

INFO:__main__:CAN bus 'zonal' initialized successfully

INFO:__main__:Subscribed to Zenoh key: vcu/control/status

INFO:can.interfaces.socketcan.socketcan:Created a socket
INFO:__main__:CAN bus 'zonal' initialized successfully
INFO:__main__:Subscribed to Zenoh key: vcu/control/status
INFO:__main__:Subscribed to Zenoh signal key: vcu/control/cc_engage_sts

INFO:__main__:Subscribed to Zenoh signal key: vcu/control/cc_engage_sts
INFO:__main__:Subscribed to Zenoh signal key: vcu/control/reverse_sts

INFO:__main__:Subscribed to Zenoh signal key: vcu/control/reverse_sts
INFO:__main__:Subscribed to Zenoh signal key: vcu/control/brake_sts

INFO:__main__:Subscribed to Zenoh signal key: vcu/control/brake_sts
INFO:__main__:CAN RX dispatcher thread started for bus 'zonal'

INFO:__main__:CAN RX dispatcher thread started for bus 'zonal'
INFO:__main__:Bridge init complete (multi-CAN + Zenoh + CAN forwarding)

INFO:__main__:Bridge init complete (multi-CAN + Zenoh + CAN forwarding)
INFO:__main__:Zenoh-CAN Bridge running. Press Ctrl+C to exit.

INFO:__main__:Zenoh-CAN Bridge running. Press Ctrl+C to exit.
{"event":"heartbeat","tick":300,"received":1,"rejected":0,"queue_dropped":0,"log_dropped":0,"stale":false}

{"event":"heartbeat","tick":300,"received":1,"rejected":0,"queue_dropped":0,"log_dropped":0,"stale":false}
INFO:__main__:(Zenoh RX updated) vcu/control/status [0x1F1] :: vcu_brake_sts: None → False, vcu_cc_engage_sts: None → False, vcu_reverse_sts: None → True

INFO:__main__:(Zenoh→CAN sent) bus=zonal id=0x1F1 data=0200000000000000

INFO:__main__:(Zenoh RX updated) vcu/control/status [0x1F1] :: vcu_brake_sts: None → False, vcu_cc_engage_sts: None → False, vcu_reverse_sts: None → True
INFO:__main__:(Zenoh→CAN sent) bus=zonal id=0x1F1 data=0200000000000000
{"event":"lights","sequence":2,"reverse":true,"brake":false,"stale":false,"can_id":500}

{"event":"lights","sequence":2,"reverse":true,"brake":false,"stale":false,"can_id":500}
INFO:__main__:(CAN→Zenoh updated) bus=zonal vehicle/lights/reverse_lights_cmd :: bcm_reverse_lights_cmd: None → 1.0

INFO:__main__:(CAN→Zenoh updated) bus=zonal vehicle/lights/reverse_lights_cmd :: bcm_reverse_lights_cmd: None → 1.0
INFO:__main__:(CAN→Zenoh updated) bus=zonal vehicle/lights/brake_lights_cmd :: bcm_brake_lights_cmd: None → 0.0

INFO:__main__:(CAN→Zenoh updated) bus=zonal vehicle/lights/brake_lights_cmd :: bcm_brake_lights_cmd: None → 0.0
INFO:__main__:(CAN→Zenoh updated) bus=zonal vehicle/lights/frame :: bcm_brake_lights_cmd: None → False, bcm_reverse_lights_cmd: None → True

INFO:__main__:(CAN→Zenoh updated) bus=zonal vehicle/lights/frame :: bcm_brake_lights_cmd: None → False, bcm_reverse_lights_cmd: None → True
INFO:__main__:(Zenoh RX updated) vcu/control/status [0x1F1] :: vcu_reverse_sts: True → False

INFO:__main__:(Zenoh→CAN sent) bus=zonal id=0x1F1 data=0000000000000000

INFO:__main__:(Zenoh RX updated) vcu/control/status [0x1F1] :: vcu_reverse_sts: True → False
INFO:__main__:(Zenoh→CAN sent) bus=zonal id=0x1F1 data=0000000000000000
{"event":"lights","sequence":3,"reverse":false,"brake":false,"stale":false,"can_id":500}

{"event":"lights","sequence":3,"reverse":false,"brake":false,"stale":false,"can_id":500}
INFO:__main__:(CAN→Zenoh updated) bus=zonal vehicle/lights/reverse_lights_cmd :: bcm_reverse_lights_cmd: 1.0 → 0.0

INFO:__main__:(CAN→Zenoh updated) bus=zonal vehicle/lights/frame :: bcm_reverse_lights_cmd: True → False

INFO:__main__:(CAN→Zenoh updated) bus=zonal vehicle/lights/reverse_lights_cmd :: bcm_reverse_lights_cmd: 1.0 → 0.0
INFO:__main__:(CAN→Zenoh updated) bus=zonal vehicle/lights/frame :: bcm_reverse_lights_cmd: True → False
{"event":"heartbeat","tick":400,"received":3,"rejected":0,"queue_dropped":0,"log_dropped":0,"stale":false}

{"event":"heartbeat","tick":400,"received":3,"rejected":0,"queue_dropped":0,"log_dropped":0,"stale":false}
INFO:__main__:(Zenoh RX updated) vcu/control/status [0x1F1] :: vcu_cc_engage_sts: False → None

INFO:__main__:(Zenoh RX updated) vcu/control/status [0x1F1] :: vcu_cc_engage_sts: False → None
INFO:__main__:(Zenoh→CAN sent) bus=zonal id=0x1F1 data=0000000000000000

INFO:__main__:(Zenoh→CAN sent) bus=zonal id=0x1F1 data=0000000000000000
{"event":"lights","sequence":4,"reverse":false,"brake":false,"stale":false,"can_id":500}

{"event":"lights","sequence":4,"reverse":false,"brake":false,"stale":false,"can_id":500}
