[1/202] Building C object threadx/CMakeFiles/threadx.dir/ports/linux/gnu/src/tx_thread_context_save.c.o
[2/202] Building C object threadx/CMakeFiles/threadx.dir/ports/linux/gnu/src/tx_thread_interrupt_control.c.o
[3/202] Building C object threadx/CMakeFiles/threadx.dir/ports/linux/gnu/src/tx_thread_context_restore.c.o
[4/202] Building C object threadx/CMakeFiles/threadx.dir/ports/linux/gnu/src/tx_initialize_low_level.c.o
[5/202] Building C object threadx/CMakeFiles/threadx.dir/ports/linux/gnu/src/tx_thread_schedule.c.o
[6/202] Building C object threadx/CMakeFiles/threadx.dir/ports/linux/gnu/src/tx_thread_stack_build.c.o
[7/202] Building C object threadx/CMakeFiles/threadx.dir/ports/linux/gnu/src/tx_thread_system_return.c.o
[8/202] Building C object threadx/CMakeFiles/threadx.dir/ports/linux/gnu/src/tx_timer_interrupt.c.o
[9/202] Building C object threadx/CMakeFiles/threadx.dir/common/src/tx_thread_delete.c.o
[10/202] Building C object threadx/CMakeFiles/threadx.dir/common/src/tx_thread_reset.c.o
[11/202] Building C object threadx/CMakeFiles/threadx.dir/common/src/tx_block_pool_cleanup.c.o
[12/202] Building C object threadx/CMakeFiles/threadx.dir/common/src/tx_block_allocate.c.o
[13/202] Building C object threadx/CMakeFiles/threadx.dir/common/src/tx_block_pool_create.c.o
[14/202] Building C object threadx/CMakeFiles/threadx.dir/common/src/tx_block_pool_delete.c.o
[15/202] Building C object threadx/CMakeFiles/threadx.dir/common/src/tx_block_pool_initialize.c.o
[16/202] Building C object threadx/CMakeFiles/threadx.dir/common/src/tx_block_pool_performance_info_get.c.o
[17/202] Building C object threadx/CMakeFiles/threadx.dir/common/src/tx_block_pool_performance_system_info_get.c.o
[18/202] Building C object threadx/CMakeFiles/threadx.dir/common/src/tx_block_pool_info_get.c.o
[19/202] Building C object threadx/CMakeFiles/threadx.dir/common/src/tx_block_release.c.o
[20/202] Building C object threadx/CMakeFiles/threadx.dir/common/src/tx_block_pool_prioritize.c.o
[21/202] Building C object threadx/CMakeFiles/threadx.dir/common/src/tx_byte_pool_cleanup.c.o
[22/202] Building C object threadx/CMakeFiles/threadx.dir/common/src/tx_byte_pool_create.c.o
[23/202] Building C object threadx/CMakeFiles/threadx.dir/common/src/tx_byte_allocate.c.o
[24/202] Building C object threadx/CMakeFiles/threadx.dir/common/src/tx_byte_pool_delete.c.o
[25/202] Building C object threadx/CMakeFiles/threadx.dir/common/src/tx_byte_pool_initialize.c.o
[26/202] Building C object threadx/CMakeFiles/threadx.dir/common/src/tx_byte_pool_info_get.c.o
[27/202] Building C object threadx/CMakeFiles/threadx.dir/common/src/tx_byte_pool_performance_info_get.c.o
[28/202] Building C object threadx/CMakeFiles/threadx.dir/common/src/tx_byte_pool_performance_system_info_get.c.o
[29/202] Building C object threadx/CMakeFiles/threadx.dir/common/src/tx_byte_pool_prioritize.c.o
[30/202] Building C object threadx/CMakeFiles/threadx.dir/common/src/tx_byte_release.c.o
[31/202] Building C object threadx/CMakeFiles/threadx.dir/common/src/tx_event_flags_create.c.o
[32/202] Building C object threadx/CMakeFiles/threadx.dir/common/src/tx_event_flags_cleanup.c.o
[33/202] Building C object threadx/CMakeFiles/threadx.dir/common/src/tx_event_flags_delete.c.o
[34/202] Building C object threadx/CMakeFiles/threadx.dir/common/src/tx_byte_pool_search.c.o
[35/202] Building C object threadx/CMakeFiles/threadx.dir/common/src/tx_event_flags_initialize.c.o
[36/202] Building C object threadx/CMakeFiles/threadx.dir/common/src/tx_event_flags_info_get.c.o
[37/202] Building C object threadx/CMakeFiles/threadx.dir/common/src/tx_event_flags_performance_info_get.c.o
[38/202] Building C object threadx/CMakeFiles/threadx.dir/common/src/tx_event_flags_get.c.o
[39/202] Building C object threadx/CMakeFiles/threadx.dir/common/src/tx_event_flags_performance_system_info_get.c.o
[40/202] Building C object threadx/CMakeFiles/threadx.dir/common/src/tx_initialize_high_level.c.o
[41/202] Building C object threadx/CMakeFiles/threadx.dir/common/src/tx_event_flags_set_notify.c.o
[42/202] Building C object threadx/CMakeFiles/threadx.dir/common/src/tx_initialize_kernel_enter.c.o
[43/202] Building C object threadx/CMakeFiles/threadx.dir/common/src/tx_event_flags_set.c.o
[44/202] Building C object threadx/CMakeFiles/threadx.dir/common/src/tx_initialize_kernel_setup.c.o
[45/202] Building C object threadx/CMakeFiles/threadx.dir/common/src/tx_misra.c.o
[46/202] Building C object threadx/CMakeFiles/threadx.dir/common/src/tx_mutex_cleanup.c.o
[47/202] Building C object threadx/CMakeFiles/threadx.dir/common/src/tx_mutex_delete.c.o
[48/202] Building C object threadx/CMakeFiles/threadx.dir/common/src/tx_mutex_create.c.o
[49/202] Building C object threadx/CMakeFiles/threadx.dir/common/src/tx_mutex_get.c.o
[50/202] Building C object threadx/CMakeFiles/threadx.dir/common/src/tx_mutex_performance_system_info_get.c.o
[51/202] Building C object threadx/CMakeFiles/threadx.dir/common/src/tx_mutex_initialize.c.o
[52/202] Building C object threadx/CMakeFiles/threadx.dir/common/src/tx_mutex_performance_info_get.c.o
[53/202] Building C object threadx/CMakeFiles/threadx.dir/common/src/tx_mutex_info_get.c.o
[54/202] Building C object threadx/CMakeFiles/threadx.dir/common/src/tx_mutex_prioritize.c.o
[55/202] Building C object threadx/CMakeFiles/threadx.dir/common/src/tx_queue_cleanup.c.o
[56/202] Building C object threadx/CMakeFiles/threadx.dir/common/src/tx_mutex_priority_change.c.o
[57/202] Building C object threadx/CMakeFiles/threadx.dir/common/src/tx_mutex_put.c.o
[58/202] Building C object threadx/CMakeFiles/threadx.dir/common/src/tx_queue_create.c.o
[59/202] Building C object threadx/CMakeFiles/threadx.dir/common/src/tx_queue_delete.c.o
[60/202] Building C object threadx/CMakeFiles/threadx.dir/common/src/tx_queue_flush.c.o
[61/202] Building C object threadx/CMakeFiles/threadx.dir/common/src/tx_queue_initialize.c.o
[62/202] Building C object threadx/CMakeFiles/threadx.dir/common/src/tx_queue_front_send.c.o
[63/202] Building C object threadx/CMakeFiles/threadx.dir/common/src/tx_queue_info_get.c.o
[64/202] Building C object threadx/CMakeFiles/threadx.dir/common/src/tx_queue_performance_info_get.c.o
[65/202] Building C object threadx/CMakeFiles/threadx.dir/common/src/tx_queue_prioritize.c.o
[66/202] Building C object threadx/CMakeFiles/threadx.dir/common/src/tx_queue_performance_system_info_get.c.o
[67/202] Building C object threadx/CMakeFiles/threadx.dir/common/src/tx_queue_receive.c.o
[68/202] Building C object threadx/CMakeFiles/threadx.dir/common/src/tx_queue_send_notify.c.o
[69/202] Building C object threadx/CMakeFiles/threadx.dir/common/src/tx_semaphore_cleanup.c.o
[70/202] Building C object threadx/CMakeFiles/threadx.dir/common/src/tx_semaphore_ceiling_put.c.o
[71/202] Building C object threadx/CMakeFiles/threadx.dir/common/src/tx_queue_send.c.o
[72/202] Building C object threadx/CMakeFiles/threadx.dir/common/src/tx_semaphore_delete.c.o
[73/202] Building C object threadx/CMakeFiles/threadx.dir/common/src/tx_semaphore_create.c.o
[74/202] Building C object threadx/CMakeFiles/threadx.dir/common/src/tx_semaphore_get.c.o
[75/202] Building C object threadx/CMakeFiles/threadx.dir/common/src/tx_semaphore_initialize.c.o
[76/202] Building C object threadx/CMakeFiles/threadx.dir/common/src/tx_semaphore_info_get.c.o
[77/202] Building C object threadx/CMakeFiles/threadx.dir/common/src/tx_semaphore_performance_info_get.c.o
[78/202] Building C object threadx/CMakeFiles/threadx.dir/common/src/tx_semaphore_performance_system_info_get.c.o
[79/202] Building C object threadx/CMakeFiles/threadx.dir/common/src/tx_semaphore_put.c.o
[80/202] Building C object threadx/CMakeFiles/threadx.dir/common/src/tx_semaphore_prioritize.c.o
[81/202] Building C object threadx/CMakeFiles/threadx.dir/common/src/tx_semaphore_put_notify.c.o
[82/202] Building C object threadx/CMakeFiles/threadx.dir/common/src/tx_thread_info_get.c.o
[83/202] Building C object threadx/CMakeFiles/threadx.dir/common/src/tx_thread_entry_exit_notify.c.o
[84/202] Building C object threadx/CMakeFiles/threadx.dir/common/src/tx_thread_initialize.c.o
[85/202] Building C object threadx/CMakeFiles/threadx.dir/common/src/tx_thread_create.c.o
[86/202] Building C object threadx/CMakeFiles/threadx.dir/common/src/tx_thread_identify.c.o
[87/202] Building C object threadx/CMakeFiles/threadx.dir/common/src/tx_thread_performance_info_get.c.o
[88/202] Building C object threadx/CMakeFiles/threadx.dir/common/src/tx_thread_preemption_change.c.o
[89/202] Building C object threadx/CMakeFiles/threadx.dir/common/src/tx_thread_performance_system_info_get.c.o
[90/202] Building C object threadx/CMakeFiles/threadx.dir/common/src/tx_thread_priority_change.c.o
[91/202] Building C object threadx/CMakeFiles/threadx.dir/common/src/tx_thread_resume.c.o
[92/202] Building C object threadx/CMakeFiles/threadx.dir/common/src/tx_thread_relinquish.c.o
[93/202] Building C object threadx/CMakeFiles/threadx.dir/common/src/tx_thread_shell_entry.c.o
[94/202] Building C object threadx/CMakeFiles/threadx.dir/common/src/tx_thread_stack_analyze.c.o
[95/202] Building C object threadx/CMakeFiles/threadx.dir/common/src/tx_thread_stack_error_notify.c.o
[96/202] Building C object threadx/CMakeFiles/threadx.dir/common/src/tx_thread_stack_error_handler.c.o
[97/202] Building C object threadx/CMakeFiles/threadx.dir/common/src/tx_thread_sleep.c.o
[98/202] Building C object threadx/CMakeFiles/threadx.dir/common/src/tx_thread_system_preempt_check.c.o
[99/202] Building C object threadx/CMakeFiles/threadx.dir/common/src/tx_thread_system_resume.c.o
[100/202] Building C object threadx/CMakeFiles/threadx.dir/common/src/tx_thread_suspend.c.o
[101/202] Building C object threadx/CMakeFiles/threadx.dir/common/src/tx_thread_time_slice.c.o
[102/202] Building C object threadx/CMakeFiles/threadx.dir/common/src/tx_thread_time_slice_change.c.o
[103/202] Building C object threadx/CMakeFiles/threadx.dir/common/src/tx_thread_system_suspend.c.o
[104/202] Building C object threadx/CMakeFiles/threadx.dir/common/src/tx_thread_timeout.c.o
[105/202] Building C object threadx/CMakeFiles/threadx.dir/common/src/tx_thread_terminate.c.o
[106/202] Building C object threadx/CMakeFiles/threadx.dir/common/src/tx_thread_wait_abort.c.o
[107/202] Building C object threadx/CMakeFiles/threadx.dir/common/src/tx_time_set.c.o
[108/202] Building C object threadx/CMakeFiles/threadx.dir/common/src/tx_time_get.c.o
[109/202] Building C object threadx/CMakeFiles/threadx.dir/common/src/tx_timer_activate.c.o
[110/202] Building C object threadx/CMakeFiles/threadx.dir/common/src/tx_timer_change.c.o
[111/202] Building C object threadx/CMakeFiles/threadx.dir/common/src/tx_timer_create.c.o
[112/202] Building C object threadx/CMakeFiles/threadx.dir/common/src/tx_timer_deactivate.c.o
[113/202] Building C object threadx/CMakeFiles/threadx.dir/common/src/tx_timer_delete.c.o
[114/202] Building C object threadx/CMakeFiles/threadx.dir/common/src/tx_timer_info_get.c.o
[115/202] Building C object threadx/CMakeFiles/threadx.dir/common/src/tx_timer_expiration_process.c.o
[116/202] Building C object threadx/CMakeFiles/threadx.dir/common/src/tx_timer_performance_system_info_get.c.o
[117/202] Building C object threadx/CMakeFiles/threadx.dir/common/src/tx_timer_performance_info_get.c.o
[118/202] Building C object threadx/CMakeFiles/threadx.dir/common/src/tx_timer_system_deactivate.c.o
[119/202] Building C object threadx/CMakeFiles/threadx.dir/common/src/tx_timer_initialize.c.o
[120/202] Building C object threadx/CMakeFiles/threadx.dir/common/src/tx_timer_system_activate.c.o
[121/202] Building C object threadx/CMakeFiles/threadx.dir/common/src/tx_trace_buffer_full_notify.c.o
[122/202] Building C object threadx/CMakeFiles/threadx.dir/common/src/tx_trace_enable.c.o
[123/202] Building C object threadx/CMakeFiles/threadx.dir/common/src/tx_trace_disable.c.o
[124/202] Building C object threadx/CMakeFiles/threadx.dir/common/src/tx_timer_thread_entry.c.o
[125/202] Building C object threadx/CMakeFiles/threadx.dir/common/src/tx_trace_event_filter.c.o
[126/202] Building C object threadx/CMakeFiles/threadx.dir/common/src/tx_trace_initialize.c.o
[127/202] Building C object threadx/CMakeFiles/threadx.dir/common/src/tx_trace_event_unfilter.c.o
[128/202] Building C object threadx/CMakeFiles/threadx.dir/common/src/tx_trace_isr_enter_insert.c.o
[129/202] Building C object threadx/CMakeFiles/threadx.dir/common/src/tx_trace_interrupt_control.c.o
[130/202] Building C object threadx/CMakeFiles/threadx.dir/common/src/tx_trace_isr_exit_insert.c.o
[131/202] Building C object threadx/CMakeFiles/threadx.dir/common/src/tx_trace_object_unregister.c.o
[132/202] Building C object threadx/CMakeFiles/threadx.dir/common/src/txe_block_allocate.c.o
[133/202] Building C object threadx/CMakeFiles/threadx.dir/common/src/tx_trace_object_register.c.o
[134/202] Building C object threadx/CMakeFiles/threadx.dir/common/src/tx_trace_user_event_insert.c.o
[135/202] Building C object threadx/CMakeFiles/threadx.dir/common/src/txe_block_pool_create.c.o
[136/202] Building C object threadx/CMakeFiles/threadx.dir/common/src/txe_block_pool_info_get.c.o
[137/202] Building C object threadx/CMakeFiles/threadx.dir/common/src/txe_block_pool_prioritize.c.o
[138/202] Building C object threadx/CMakeFiles/threadx.dir/common/src/txe_block_pool_delete.c.o
[139/202] Building C object threadx/CMakeFiles/threadx.dir/common/src/txe_block_release.c.o
[140/202] Building C object threadx/CMakeFiles/threadx.dir/common/src/txe_byte_pool_delete.c.o
[141/202] Building C object threadx/CMakeFiles/threadx.dir/common/src/txe_byte_allocate.c.o
[142/202] Building C object threadx/CMakeFiles/threadx.dir/common/src/txe_byte_pool_create.c.o
[143/202] Building C object threadx/CMakeFiles/threadx.dir/common/src/txe_byte_pool_info_get.c.o
[144/202] Building C object threadx/CMakeFiles/threadx.dir/common/src/txe_byte_release.c.o
[145/202] Building C object threadx/CMakeFiles/threadx.dir/common/src/txe_byte_pool_prioritize.c.o
[146/202] Building C object threadx/CMakeFiles/threadx.dir/common/src/txe_event_flags_create.c.o
[147/202] Building C object threadx/CMakeFiles/threadx.dir/common/src/txe_event_flags_info_get.c.o
[148/202] Building C object threadx/CMakeFiles/threadx.dir/common/src/txe_event_flags_set.c.o
[149/202] Building C object threadx/CMakeFiles/threadx.dir/common/src/txe_event_flags_delete.c.o
[150/202] Building C object threadx/CMakeFiles/threadx.dir/common/src/txe_event_flags_get.c.o
[151/202] Building C object threadx/CMakeFiles/threadx.dir/common/src/txe_mutex_get.c.o
[152/202] Building C object threadx/CMakeFiles/threadx.dir/common/src/txe_mutex_create.c.o
[153/202] Building C object threadx/CMakeFiles/threadx.dir/common/src/txe_event_flags_set_notify.c.o
[154/202] Building C object threadx/CMakeFiles/threadx.dir/common/src/txe_mutex_delete.c.o
[155/202] Building C object threadx/CMakeFiles/threadx.dir/common/src/txe_mutex_info_get.c.o
[156/202] Building C object threadx/CMakeFiles/threadx.dir/common/src/txe_mutex_put.c.o
[157/202] Building C object threadx/CMakeFiles/threadx.dir/common/src/txe_mutex_prioritize.c.o
[158/202] Building C object threadx/CMakeFiles/threadx.dir/common/src/txe_queue_create.c.o
[159/202] Building C object threadx/CMakeFiles/threadx.dir/common/src/txe_queue_flush.c.o
[160/202] Building C object threadx/CMakeFiles/threadx.dir/common/src/txe_queue_delete.c.o
[161/202] Building C object threadx/CMakeFiles/threadx.dir/common/src/txe_queue_receive.c.o
[162/202] Building C object threadx/CMakeFiles/threadx.dir/common/src/txe_queue_info_get.c.o
[163/202] Building C object threadx/CMakeFiles/threadx.dir/common/src/txe_queue_front_send.c.o
[164/202] Building C object threadx/CMakeFiles/threadx.dir/common/src/txe_queue_prioritize.c.o
[165/202] Building C object threadx/CMakeFiles/threadx.dir/common/src/txe_semaphore_create.c.o
[166/202] Building C object threadx/CMakeFiles/threadx.dir/common/src/txe_queue_send_notify.c.o
[167/202] Building C object threadx/CMakeFiles/threadx.dir/common/src/txe_queue_send.c.o
[168/202] Building C object threadx/CMakeFiles/threadx.dir/common/src/txe_semaphore_ceiling_put.c.o
[169/202] Building C object threadx/CMakeFiles/threadx.dir/common/src/txe_semaphore_get.c.o
[170/202] Building C object threadx/CMakeFiles/threadx.dir/common/src/txe_semaphore_delete.c.o
[171/202] Building C object threadx/CMakeFiles/threadx.dir/common/src/txe_semaphore_prioritize.c.o
[172/202] Building C object threadx/CMakeFiles/threadx.dir/common/src/txe_semaphore_info_get.c.o
[173/202] Building C object threadx/CMakeFiles/threadx.dir/common/src/txe_semaphore_put.c.o
[174/202] Building C object threadx/CMakeFiles/threadx.dir/common/src/txe_thread_delete.c.o
[175/202] Building C object threadx/CMakeFiles/threadx.dir/common/src/txe_thread_entry_exit_notify.c.o
[176/202] Building C object threadx/CMakeFiles/threadx.dir/common/src/txe_semaphore_put_notify.c.o
[177/202] Building C object threadx/CMakeFiles/threadx.dir/common/src/txe_thread_info_get.c.o
[178/202] Building C object threadx/CMakeFiles/threadx.dir/common/src/txe_thread_preemption_change.c.o
[179/202] Building C object threadx/CMakeFiles/threadx.dir/common/src/txe_thread_priority_change.c.o
[180/202] Building C object threadx/CMakeFiles/threadx.dir/common/src/txe_thread_create.c.o
[181/202] Building C object threadx/CMakeFiles/threadx.dir/common/src/txe_thread_resume.c.o
[182/202] Building C object threadx/CMakeFiles/threadx.dir/common/src/txe_thread_relinquish.c.o
[183/202] Building C object threadx/CMakeFiles/threadx.dir/common/src/txe_thread_reset.c.o
[184/202] Building C object threadx/CMakeFiles/threadx.dir/common/src/txe_thread_suspend.c.o
[185/202] Building C object threadx/CMakeFiles/threadx.dir/common/src/txe_thread_time_slice_change.c.o
[186/202] Building C object threadx/CMakeFiles/threadx.dir/common/src/txe_thread_terminate.c.o
[187/202] Building C object threadx/CMakeFiles/threadx.dir/common/src/txe_timer_activate.c.o
[188/202] Building C object threadx/CMakeFiles/threadx.dir/common/src/txe_thread_wait_abort.c.o
[189/202] Building C object threadx/CMakeFiles/threadx.dir/common/src/txe_timer_change.c.o
[190/202] Building C object threadx/CMakeFiles/threadx.dir/common/src/txe_timer_create.c.o
[191/202] Building C object threadx/CMakeFiles/threadx.dir/common/src/txe_timer_deactivate.c.o
[192/202] Building C object threadx/CMakeFiles/threadx.dir/common/src/txe_timer_info_get.c.o
[193/202] Building C object regression/CMakeFiles/freertos_layer_under_test.dir/work/utility/rtos_compatibility_layers/FreeRTOS/tx_freertos.c.o
FAILED: regression/CMakeFiles/freertos_layer_under_test.dir/work/utility/rtos_compatibility_layers/FreeRTOS/tx_freertos.c.o 
/usr/bin/gcc-14 -DTX_INCLUDE_USER_DEFINE_FILE -D_GNU_SOURCE -DTX_LINUX_DEBUG_ENABLE -I/work/test/freertos/cmake/regression/../../../../utility/rtos_compatibility_layers/FreeRTOS -I/work/test/freertos/cmake/regression/../../fixtures -isystem /work/ports/linux/gnu/inc -isystem /work/common/inc -isystem /evidence/build/freertos-const/threadx/custom_inc -g -pthread  -std=c99 -m32 -ggdb -g3 -fdiagnostics-color -MD -MT regression/CMakeFiles/freertos_layer_under_test.dir/work/utility/rtos_compatibility_layers/FreeRTOS/tx_freertos.c.o -MF regression/CMakeFiles/freertos_layer_under_test.dir/work/utility/rtos_compatibility_layers/FreeRTOS/tx_freertos.c.o.d -o regression/CMakeFiles/freertos_layer_under_test.dir/work/utility/rtos_compatibility_layers/FreeRTOS/tx_freertos.c.o -c /work/utility/rtos_compatibility_layers/FreeRTOS/tx_freertos.c
/work/utility/rtos_compatibility_layers/FreeRTOS/tx_freertos.c: In function 'pcTaskGetName':
/work/utility/rtos_compatibility_layers/FreeRTOS/tx_freertos.c:664:40: error: passing argument 2 of '_txe_thread_info_get' from incompatible pointer type [-Wincompatible-pointer-types]
  664 |     ret = tx_thread_info_get(p_thread, &p_task_name, NULL, NULL, NULL, NULL, NULL, NULL, NULL);
      |                                        ^~~~~~~~~~~~
      |                                        |
      |                                        const char **
In file included from /work/utility/rtos_compatibility_layers/FreeRTOS/tx_freertos.c:28:
/work/common/inc/tx_api.h:1746:78: note: expected 'CHAR **' {aka 'char **'} but argument is of type 'const char **'
 1746 | UINT        _txe_thread_info_get(TX_THREAD *thread_ptr, TX_NAME_CONST CHAR **name, UINT *state, ULONG *run_count,
      |                                                                       ~~~~~~~^~~~
[194/202] Building C object threadx/CMakeFiles/threadx.dir/common/src/txe_timer_delete.c.o
[195/202] Building C object regression/CMakeFiles/txfr_queue_create_test.dir/work/test/freertos/regression/txfr_queue_create_test.c.o
[196/202] Building C object regression/CMakeFiles/freertos_test_harness.dir/work/test/freertos/regression/txfr_test_harness.c.o
ninja: build stopped: subcommand failed.
