[T+0.003s] run 20260925T174650Z start
[T+0.026s] path A: reset
[T+3.043s] PASS  [A] gateway serves diag_api resources: expected=cabin_temp,sensor_fault_status,sensor_stuck observed=cabin_temp,sensor_fault_status,sensor_stuck
[T+3.048s] PASS  [A] no demo.* ids left: expected=0 observed=0
[T+3.058s] PASS  [A] fault status before injection: expected=passed observed=passed
[T+3.061s] path A: inject stuck sensor over SOVD
[T+3.069s] PASS  [A] injection accepted: expected=204 observed=204
[T+3.079s] PASS  [A] status right after injection: expected=prefailed observed=prefailed
[T+8.304s] PASS  [A] status after debounce: expected=failed observed=failed
[T+8.308s] path A: debounce qualified after 5.21s
[T+9.326s] PASS  [A] stuck reading is frozen: expected=20.5 observed=20.5
[T+9.330s] path A: clear
[T+11.403s] PASS  [A] status after clear: expected=passed observed=passed
[T+11.412s] path B: clear ECU fault memory
[T+11.426s] PASS  [B] active faults before injection: expected= observed=
[T+11.430s] path B: inject DTC 0x01E240 status 0x2F into the simulator
[T+11.441s] PASS  [B] injection accepted: expected=201 observed=201
[T+11.452s] PASS  [B] CDA reports the DTC over SOVD: expected=01E240/2F observed=01E240/2F
[T+11.456s] path B: clear
[T+11.471s] PASS  [B] active faults after clear: expected= observed=
[T+11.477s] run 20260925T174650Z done: 12/12 passed
