$TEST_TMPDIR defined, some defaults will be overridden
OpenJDK 64-Bit Server VM warning: Options -Xverify:none and -noverify were deprecated in JDK 13 and will likely be removed in a future release.
WARNING: The following configs were expanded more than once: [linux_x64_gcc_15]. For repeatable flags, repeats are counted twice and may lead to unexpected behavior.
Computing main repo mapping: 
WARNING: The following configs were expanded more than once: [linux_x64_gcc_15]. For repeatable flags, repeats are counted twice and may lead to unexpected behavior.
Computing main repo mapping: 
Computing main repo mapping: 
Computing main repo mapping: 
Loading: 
Loading: 5 packages loaded
Analyzing: target //:copyright.check (6 packages loaded, 0 targets configured)
Analyzing: target //:copyright.check (6 packages loaded, 0 targets configured)

Analyzing: target //:copyright.check (158 packages loaded, 1082 targets configured)

INFO: Analyzed target //:copyright.check (172 packages loaded, 8243 targets configured).
INFO: Found 1 target...
Target //:copyright.check up-to-date:
  bazel-bin/copyright.check
  bazel-bin/copyright.check.venv.pth
INFO: Elapsed time: 6.749s, Critical Path: 0.12s
INFO: 1 process: 6 action cache hit, 1 internal.
INFO: Build completed successfully, 1 total action
INFO: 
INFO: Running command line: bazel-bin/copyright.check -t third_party/cr_checker/templates.ini -c third_party/cr_checker/config.json .github BUILD MODULE.bazel quality score third_party tools <args omitted>
INFO: Build Event Protocol files produced successfully.
[32mINFO:[0m ================================================================
[32mINFO:[0m Process completed.
[32mINFO:[0m Total files missing a copyright header: [32m0[0m
[32mINFO:[0m Total files with a misplaced (but correctly formatted) header: [32m0[0m
[32mINFO:[0m Total files with a wrong-format header: [32m0[0m
[32mINFO:[0m Total files with duplicate copyright: [32m0[0m
[32mINFO:[0m Total files with a license mismatch: [32m0[0m
[32mINFO:[0m ================================================================
