$TEST_TMPDIR defined, some defaults will be overridden
OpenJDK 64-Bit Server VM warning: Options -Xverify:none and -noverify were deprecated in JDK 13 and will likely be removed in a future release.
WARNING: The following configs were expanded more than once: [linux_x64_gcc_15]. For repeatable flags, repeats are counted twice and may lead to unexpected behavior.
Computing main repo mapping: 
Computing main repo mapping: 
WARNING: The following configs were expanded more than once: [linux_x64_gcc_15]. For repeatable flags, repeats are counted twice and may lead to unexpected behavior.
Computing main repo mapping: 
Computing main repo mapping: 
Computing main repo mapping: 
Computing main repo mapping: 
Computing main repo mapping: 
Computing main repo mapping: 
Computing main repo mapping: 
Computing main repo mapping: 
Computing main repo mapping: 
Loading: 
Loading: 5 packages loaded
Analyzing: target //tools/lint:rustfmt_with_config (6 packages loaded)
Analyzing: target //tools/lint:rustfmt_with_config (6 packages loaded)
Analyzing: target //tools/lint:rustfmt_with_config (6 packages loaded, 0 targets configured)
Analyzing: target //tools/lint:rustfmt_with_config (6 packages loaded, 0 targets configured)

Analyzing: target //tools/lint:rustfmt_with_config (11 packages loaded, 7 targets configured)

Analyzing: target //tools/lint:rustfmt_with_config (42 packages loaded, 7 targets configured)

Analyzing: target //tools/lint:rustfmt_with_config (86 packages loaded, 7 targets configured)

Analyzing: target //tools/lint:rustfmt_with_config (96 packages loaded, 7 targets configured)

Analyzing: target //tools/lint:rustfmt_with_config (158 packages loaded, 794 targets configured)

Analyzing: target //tools/lint:rustfmt_with_config (178 packages loaded, 6439 targets configured)

Analyzing: target //tools/lint:rustfmt_with_config (178 packages loaded, 12554 targets configured)

Analyzing: target //tools/lint:rustfmt_with_config (182 packages loaded, 12699 targets configured)

INFO: Analyzed target //tools/lint:rustfmt_with_config (182 packages loaded, 12699 targets configured).
[9 / 15] checking cached actions
INFO: Found 1 target...
Target //tools/lint:rustfmt_with_config up-to-date:
  bazel-bin/tools/lint/rustfmt_wrapper.sh
  bazel-bin/tools/lint/rustfmt_with_config
INFO: Elapsed time: 53.819s, Critical Path: 0.35s
INFO: 1 process: 113 action cache hit, 1 internal.
INFO: Build completed successfully, 1 total action
INFO: Running command line: bazel-bin/tools/lint/rustfmt_with_config <args omitted>
