$TEST_TMPDIR defined, some defaults will be overridden
WARNING: Duplicate rc file: /media/jefferson/11c42dee-73a3-4c2b-ab42-a0440011d9e0/.s-core-build/runs/score-rust-issue-queue-ycbvxir7/workspaces/781/quality/static_analysis/static_analysis.bazelrc is read multiple times, it is a standard rc file location but must have been unnecessarily imported earlier.
OpenJDK 64-Bit Server VM warning: Options -Xverify:none and -noverify were deprecated in JDK 13 and will likely be removed in a future release.
WARNING: The following configs were expanded more than once: [linux_x64_gcc_15]. For repeatable flags, repeats are counted twice and may lead to unexpected behavior.
Computing main repo mapping: 
Computing main repo mapping: 
WARNING: The following configs were expanded more than once: [linux_x64_gcc_15]. For repeatable flags, repeats are counted twice and may lead to unexpected behavior.
Computing main repo mapping: 
Computing main repo mapping: 
Computing main repo mapping: 
Computing main repo mapping: 
Computing main repo mapping: 
Computing main repo mapping: 
Loading: 
Loading: 5 packages loaded
Analyzing: target //score/mw/com/impl/plumbing/rust:method_in_arg_ptr_test_rs (6 packages loaded, 0 targets configured)
Analyzing: target //score/mw/com/impl/plumbing/rust:method_in_arg_ptr_test_rs (6 packages loaded, 0 targets configured)

Analyzing: target //score/mw/com/impl/plumbing/rust:method_in_arg_ptr_test_rs (95 packages loaded, 10 targets configured)

Analyzing: target //score/mw/com/impl/plumbing/rust:method_in_arg_ptr_test_rs (156 packages loaded, 930 targets configured)

Analyzing: target //score/mw/com/impl/plumbing/rust:method_in_arg_ptr_test_rs (179 packages loaded, 9633 targets configured)

INFO: Analyzed target //score/mw/com/impl/plumbing/rust:method_in_arg_ptr_test_rs (229 packages loaded, 10343 targets configured).
[1 / 1] no actions running
[35 / 473] checking cached actions
[473 / 474] [Prepa] Testing //score/mw/com/impl/plumbing/rust:method_in_arg_ptr_test_rs
INFO: Found 1 test target...
Target //score/mw/com/impl/plumbing/rust:method_in_arg_ptr_test_rs up-to-date:
  bazel-bin/score/mw/com/impl/plumbing/rust/method_in_arg_ptr_test_rs
INFO: Elapsed time: 20.724s, Critical Path: 0.18s
INFO: 2 processes: 475 action cache hit, 2 linux-sandbox.
INFO: Build completed successfully, 2 total actions
INFO: 
//score/mw/com/impl/plumbing/rust:method_in_arg_ptr_test_rs              PASSED in 0.0s

Executed 1 out of 1 test: 1 test passes.
There were tests whose specified size is too big. Use the --test_verbose_timeout_warnings command line option to see which ones these are.
INFO: Build Event Protocol files produced successfully.
