$TEST_TMPDIR defined, some defaults will be overridden
OpenJDK 64-Bit Server VM warning: Options -Xverify:none and -noverify were deprecated in JDK 13 and will likely be removed in a future release.
WARNING: The following configs were expanded more than once: [linux_x64_gcc_15]. For repeatable flags, repeats are counted twice and may lead to unexpected behavior.
Computing main repo mapping: 
WARNING: The following configs were expanded more than once: [linux_x64_gcc_15]. For repeatable flags, repeats are counted twice and may lead to unexpected behavior.
Computing main repo mapping: 
Computing main repo mapping: 
Computing main repo mapping: 
Computing main repo mapping: 
Loading: 
Loading: 5 packages loaded
Analyzing: target //score/mw/com/test/basic_rust_api/consumer_async_apis/integration_test:test_com_api_async (6 packages loaded, 0 targets configured)
Analyzing: target //score/mw/com/test/basic_rust_api/consumer_async_apis/integration_test:test_com_api_async (6 packages loaded, 0 targets configured)

Analyzing: target //score/mw/com/test/basic_rust_api/consumer_async_apis/integration_test:test_com_api_async (103 packages loaded, 22 targets configured)

WARNING: /media/jefferson/11c42dee-73a3-4c2b-ab42-a0440011d9e0/.s-core-build/runs/communication-complete-3c7jhdey/workspaces/integrated/MODULE.bazel:196:20: The module extension apt defined in @rules_distroless//apt:extensions.bzl reported incorrect imports of repositories via use_repo():

Imported, but reported as indirect dependencies by the extension:
    ubuntu24_04_sysroot_resolve

Fix the use_repo calls by running 'bazel mod tidy'.
Analyzing: target //score/mw/com/test/basic_rust_api/consumer_async_apis/integration_test:test_com_api_async (456 packages loaded, 12947 targets configured)

Analyzing: target //score/mw/com/test/basic_rust_api/consumer_async_apis/integration_test:test_com_api_async (539 packages loaded, 18035 targets configured)

INFO: Analyzed target //score/mw/com/test/basic_rust_api/consumer_async_apis/integration_test:test_com_api_async (559 packages loaded, 18861 targets configured).
[249 / 1,501] checking cached actions
[1,496 / 1,501] [Sched] Compiling Rust bin bigdata-consumer-async (1 file)
[1,496 / 1,501] Compiling Rust bin bigdata-consumer-async (1 file); 1s linux-sandbox
[1,499 / 1,501] OCI Image //score/mw/com/test/basic_rust_api/consumer_async_apis/integration_test:_image_test_com_api_async; 1s linux-sandbox
[1,501 / 1,502] Testing //score/mw/com/test/basic_rust_api/consumer_async_apis/integration_test:test_com_api_async; 0s linux-sandbox
[1,501 / 1,502] Testing //score/mw/com/test/basic_rust_api/consumer_async_apis/integration_test:test_com_api_async; 11s linux-sandbox
[1,501 / 1,502] 1 / 1 tests; Testing //score/mw/com/test/basic_rust_api/consumer_async_apis/integration_test:test_com_api_async; 37s linux-sandbox
INFO: Found 1 test target...
Target //score/mw/com/test/basic_rust_api/consumer_async_apis/integration_test:test_com_api_async up-to-date:
  bazel-bin/score/mw/com/test/basic_rust_api/consumer_async_apis/integration_test/test_com_api_async
INFO: Elapsed time: 55.389s, Critical Path: 43.16s
INFO: 7 processes: 1511 action cache hit, 1 internal, 6 linux-sandbox.
INFO: Build completed successfully, 7 total actions
INFO: 
//score/mw/com/test/basic_rust_api/consumer_async_apis/integration_test:test_com_api_async PASSED in 37.8s

Executed 1 out of 1 test: 1 test passes.
INFO: Build Event Protocol files produced successfully.
