$TEST_TMPDIR defined, some defaults will be overridden
OpenJDK 64-Bit Server VM warning: Options -Xverify:none and -noverify were deprecated in JDK 13 and will likely be removed in a future release.
WARNING: The following configs were expanded more than once: [linux_x64_gcc_15]. For repeatable flags, repeats are counted twice and may lead to unexpected behavior.
Computing main repo mapping: 
WARNING: The following configs were expanded more than once: [linux_x64_gcc_15]. For repeatable flags, repeats are counted twice and may lead to unexpected behavior.
Computing main repo mapping: 
Computing main repo mapping: 
Computing main repo mapping: 
Computing main repo mapping: 
Loading: 
Loading: 5 packages loaded
Analyzing: target //score/mw/com/test/basic_rust_api/consumer_any_apis/integration_test:test_com_api_any (6 packages loaded, 0 targets configured)
Analyzing: target //score/mw/com/test/basic_rust_api/consumer_any_apis/integration_test:test_com_api_any (6 packages loaded, 0 targets configured)

Analyzing: target //score/mw/com/test/basic_rust_api/consumer_any_apis/integration_test:test_com_api_any (149 packages loaded, 673 targets configured)

WARNING: /media/jefferson/11c42dee-73a3-4c2b-ab42-a0440011d9e0/.s-core-build/runs/communication-complete-3c7jhdey/workspaces/integrated/MODULE.bazel:196:20: The module extension apt defined in @rules_distroless//apt:extensions.bzl reported incorrect imports of repositories via use_repo():

Imported, but reported as indirect dependencies by the extension:
    ubuntu24_04_sysroot_resolve

Fix the use_repo calls by running 'bazel mod tidy'.
Analyzing: target //score/mw/com/test/basic_rust_api/consumer_any_apis/integration_test:test_com_api_any (486 packages loaded, 16172 targets configured)

INFO: Analyzed target //score/mw/com/test/basic_rust_api/consumer_any_apis/integration_test:test_com_api_any (559 packages loaded, 18861 targets configured).
[1 / 1] no actions running
[950 / 1,501] checking cached actions
[1,495 / 1,501] Compiling Rust bin bigdata-consumer-any (1 file); 1s linux-sandbox ... (2 actions running)
[1,499 / 1,501] OCI Image //score/mw/com/test/basic_rust_api/consumer_any_apis/integration_test:_image_test_com_api_any; 0s linux-sandbox
[1,500 / 1,501] [Prepa] OCITarballManifest score/mw/com/test/basic_rust_api/consumer_any_apis/integration_test/_image_test_com_api_any_loader/tarball.spec
[1,501 / 1,502] Testing //score/mw/com/test/basic_rust_api/consumer_any_apis/integration_test:test_com_api_any; 1s linux-sandbox
[1,501 / 1,502] Testing //score/mw/com/test/basic_rust_api/consumer_any_apis/integration_test:test_com_api_any; 11s linux-sandbox
[1,501 / 1,502] 1 / 1 tests; Testing //score/mw/com/test/basic_rust_api/consumer_any_apis/integration_test:test_com_api_any; 20s linux-sandbox
INFO: Found 1 test target...
Target //score/mw/com/test/basic_rust_api/consumer_any_apis/integration_test:test_com_api_any up-to-date:
  bazel-bin/score/mw/com/test/basic_rust_api/consumer_any_apis/integration_test/test_com_api_any
INFO: Elapsed time: 35.490s, Critical Path: 25.00s
INFO: 8 processes: 1510 action cache hit, 1 internal, 7 linux-sandbox.
INFO: Build completed successfully, 8 total actions
INFO: 
//score/mw/com/test/basic_rust_api/consumer_any_apis/integration_test:test_com_api_any PASSED in 20.2s

Executed 1 out of 1 test: 1 test passes.
There were tests whose specified size is too big. Use the --test_verbose_timeout_warnings command line option to see which ones these are.
INFO: Build Event Protocol files produced successfully.
