$TEST_TMPDIR defined, some defaults will be overridden
OpenJDK 64-Bit Server VM warning: Options -Xverify:none and -noverify were deprecated in JDK 13 and will likely be removed in a future release.
WARNING: The following configs were expanded more than once: [linux_x64_gcc_15]. For repeatable flags, repeats are counted twice and may lead to unexpected behavior.
Computing main repo mapping: 
WARNING: The following configs were expanded more than once: [linux_x64_gcc_15]. For repeatable flags, repeats are counted twice and may lead to unexpected behavior.
Computing main repo mapping: 
Computing main repo mapping: 
Computing main repo mapping: 
Computing main repo mapping: 
Computing main repo mapping: 
Computing main repo mapping: 
Loading: 
Loading: 5 packages loaded
Analyzing: target //score/mw/com/test/basic_rust_api/subscription_state_apis/integration_test:test_subscription_state_apis (6 packages loaded, 0 targets configured)
Analyzing: target //score/mw/com/test/basic_rust_api/subscription_state_apis/integration_test:test_subscription_state_apis (6 packages loaded, 0 targets configured)

Analyzing: target //score/mw/com/test/basic_rust_api/subscription_state_apis/integration_test:test_subscription_state_apis (103 packages loaded, 22 targets configured)

WARNING: /media/jefferson/11c42dee-73a3-4c2b-ab42-a0440011d9e0/.s-core-build/runs/communication-complete-3c7jhdey/workspaces/integrated/MODULE.bazel:196:20: The module extension apt defined in @rules_distroless//apt:extensions.bzl reported incorrect imports of repositories via use_repo():

Imported, but reported as indirect dependencies by the extension:
    ubuntu24_04_sysroot_resolve

Fix the use_repo calls by running 'bazel mod tidy'.
Analyzing: target //score/mw/com/test/basic_rust_api/subscription_state_apis/integration_test:test_subscription_state_apis (419 packages loaded, 11294 targets configured)

Analyzing: target //score/mw/com/test/basic_rust_api/subscription_state_apis/integration_test:test_subscription_state_apis (529 packages loaded, 17684 targets configured)

INFO: Analyzed target //score/mw/com/test/basic_rust_api/subscription_state_apis/integration_test:test_subscription_state_apis (545 packages loaded, 18463 targets configured).
[667 / 1,434] checking cached actions
[1,429 / 1,434] Compiling Rust bin subscription-state-apis (1 file); 1s linux-sandbox
[1,430 / 1,434] [Prepa] Writing: bazel-out/k8-fastbuild/bin/score/mw/com/test/basic_rust_api/subscription_state_apis/integration_test/_oci_filesystem_test_subscription_state_apis.tar
[1,432 / 1,434] OCI Image //score/mw/com/test/basic_rust_api/subscription_state_apis/integration_test:_image_test_subscription_state_apis; 1s linux-sandbox
[1,433 / 1,434] [Prepa] OCITarballManifest score/mw/com/test/basic_rust_api/subscription_state_apis/integration_test/_image_test_subscription_state_apis_loader/tarball.spec
[1,434 / 1,435] Testing //score/mw/com/test/basic_rust_api/subscription_state_apis/integration_test:test_subscription_state_apis; 1s linux-sandbox
[1,434 / 1,435] Testing //score/mw/com/test/basic_rust_api/subscription_state_apis/integration_test:test_subscription_state_apis; 10s linux-sandbox
[1,434 / 1,435] 1 / 1 tests; Testing //score/mw/com/test/basic_rust_api/subscription_state_apis/integration_test:test_subscription_state_apis; 27s linux-sandbox
INFO: Found 1 test target...
Target //score/mw/com/test/basic_rust_api/subscription_state_apis/integration_test:test_subscription_state_apis up-to-date:
  bazel-bin/score/mw/com/test/basic_rust_api/subscription_state_apis/integration_test/test_subscription_state_apis
INFO: Elapsed time: 48.080s, Critical Path: 33.41s
INFO: 7 processes: 1444 action cache hit, 1 internal, 6 linux-sandbox.
INFO: Build completed successfully, 7 total actions
INFO: 
//score/mw/com/test/basic_rust_api/subscription_state_apis/integration_test:test_subscription_state_apis PASSED in 27.3s

Executed 1 out of 1 test: 1 test passes.
There were tests whose specified size is too big. Use the --test_verbose_timeout_warnings command line option to see which ones these are.
INFO: Build Event Protocol files produced successfully.
