$TEST_TMPDIR defined, some defaults will be overridden
Extracting Bazel installation...
OpenJDK 64-Bit Server VM warning: Options -Xverify:none and -noverify were deprecated in JDK 13 and will likely be removed in a future release.
WARNING: The following configs were expanded more than once: [linux_x64_gcc_15]. For repeatable flags, repeats are counted twice and may lead to unexpected behavior.
Computing main repo mapping: 
Computing main repo mapping: 
WARNING: The following configs were expanded more than once: [linux_x64_gcc_15]. For repeatable flags, repeats are counted twice and may lead to unexpected behavior.
Computing main repo mapping: 
Computing main repo mapping: 
Computing main repo mapping: 
Computing main repo mapping: 
Loading: 
Loading: 5 packages loaded
ERROR: no such target '//score/mw/com/impl/rust/com-api/com-api-ffi-lola:bridge-ffi-lola-tests': target 'bridge-ffi-lola-tests' not declared in package 'score/mw/com/impl/rust/com-api/com-api-ffi-lola' defined by /media/jefferson/11c42dee-73a3-4c2b-ab42-a0440011d9e0/.s-core-build/runs/communication-complete-3c7jhdey/workspaces/integrated/score/mw/com/impl/rust/com-api/com-api-ffi-lola/BUILD
INFO: Elapsed time: 11.650s
INFO: 0 processes.
ERROR: Build did NOT complete successfully
FAILED: 
ERROR: Couldn't start the build. Unable to run tests
INFO: Build Event Protocol files produced successfully.
