OpenJDK 64-Bit Server VM warning: Options -Xverify:none and -noverify were deprecated in JDK 13 and will likely be removed in a future release.
Computing main repo mapping: 
Computing main repo mapping: 
Computing main repo mapping: 
Computing main repo mapping: 
Computing main repo mapping: 
Computing main repo mapping: 
Loading: 
Loading: 5 packages loaded
Analyzing: target //:format.check (6 packages loaded, 0 targets configured)
Analyzing: target //:format.check (6 packages loaded, 0 targets configured)

Analyzing: target //:format.check (31 packages loaded, 10 targets configured)

Analyzing: target //:format.check (104 packages loaded, 11 targets configured)

DEBUG: Rule '+_repo_rules3+clang_format' indicated that a canonical reproducible form can be obtained by modifying arguments integrity = "sha256-Lj6lg0XiCgKLjDWv+WT3TfFOTNF+LVJKjvwbqeztfaI="
DEBUG: Repository +_repo_rules3+clang_format instantiated at:
  <builtin>: in <toplevel>
Repository rule file defined at:
  /media/jefferson/11c42dee-73a3-4c2b-ab42-a0440011d9e0/.s-core-build/runs/score-communication-bug-recovery-fw8j963z/bazel-output/c206fe6ea158a2c03fb7588dc2fb0570/external/download_utils+/download/file/repository.bzl:75:23: in <toplevel>
Analyzing: target //:format.check (168 packages loaded, 3172 targets configured)

Analyzing: target //:format.check (185 packages loaded, 12572 targets configured)

Analyzing: target //:format.check (188 packages loaded, 12636 targets configured)

Analyzing: target //:format.check (188 packages loaded, 12636 targets configured)

INFO: Analyzed target //:format.check (198 packages loaded, 14633 targets configured).
[22 / 31] [Prepa] Creating runfiles tree bazel-out/k8-fastbuild/bin/format.check.bash.runfiles
[120 / 126] [Prepa] Creating symlink external/score_toolchains_rust++ferrocene_toolchain_ext+ferrocene_x86_64_unknown_linux_gnu/rust_ferrocene/lib/librustc_driver-c236fde3428c5a4d.so
INFO: Found 1 target...
Target //:format.check up-to-date:
  bazel-bin/format.check.bash
INFO: Elapsed time: 25.470s, Critical Path: 0.73s
INFO: 68 processes: 60 action cache hit, 66 internal, 2 processwrapper-sandbox.
INFO: Build completed successfully, 68 total actions
INFO: Running command line: bazel-bin/format.check.bash
168 files already formatted
Formatted Python in 0m0.032s
Formatted Starlark in 0m0.137s
Formatted C++ in 0m21.292s
Formatted Rust in 0m0.178s
