OpenJDK 64-Bit Server VM warning: Options -Xverify:none and -noverify were deprecated in JDK 13 and will likely be removed in a future release.
Computing main repo mapping: 
Computing main repo mapping: 
Computing main repo mapping: 
Computing main repo mapping: 
Computing main repo mapping: 
Computing main repo mapping: 
Loading: 
Loading: 5 packages loaded
Analyzing: target //quality/visibility_guard:visibility_guard_test (6 packages loaded, 0 targets configured)
Analyzing: target //quality/visibility_guard:visibility_guard_test (6 packages loaded, 0 targets configured)

Analyzing: target //quality/visibility_guard:visibility_guard_test (38 packages loaded, 10 targets configured)

Analyzing: target //quality/visibility_guard:visibility_guard_test (105 packages loaded, 385 targets configured)

Analyzing: target //quality/visibility_guard:visibility_guard_test (168 packages loaded, 6243 targets configured)

INFO: Analyzed target //quality/visibility_guard:visibility_guard_test (175 packages loaded, 11295 targets configured).
[9 / 10] [Prepa] Creating runfiles tree bazel-out/k8-fastbuild/bin/quality/visibility_guard/visibility_guard_test.runfiles
[10 / 11] Testing //quality/visibility_guard:visibility_guard_test; 1s local
[10 / 11] Testing //quality/visibility_guard:visibility_guard_test; 11s local
[10 / 11] Testing //quality/visibility_guard:visibility_guard_test; 41s local
[10 / 11] Testing //quality/visibility_guard:visibility_guard_test; 59s local
INFO: Found 1 test target...
Target //quality/visibility_guard:visibility_guard_test up-to-date:
  bazel-bin/quality/visibility_guard/visibility_guard_test
INFO: Elapsed time: 72.011s, Critical Path: 59.85s
INFO: 11 processes: 9 internal, 2 local.
INFO: Build completed successfully, 11 total actions
