OpenJDK 64-Bit Server VM warning: Options -Xverify:none and -noverify were deprecated in JDK 13 and will likely be removed in a future release.
Computing main repo mapping: 
Computing main repo mapping: 
Computing main repo mapping: 
Computing main repo mapping: 
Computing main repo mapping: 
Computing main repo mapping: 
Computing main repo mapping: 
Loading: 
Loading: 5 packages loaded
Analyzing: 3 targets (6 packages loaded, 0 targets configured)
Analyzing: 3 targets (6 packages loaded, 0 targets configured)

Analyzing: 3 targets (99 packages loaded, 13 targets configured)
[1 / 1] no actions running
Analyzing: 3 targets (99 packages loaded, 13 targets configured)
[1 / 1] no actions running
Analyzing: 3 targets (114 packages loaded, 930 targets configured)
[1 / 1] no actions running
Analyzing: 3 targets (159 packages loaded, 3160 targets configured)
[1 / 1] no actions running
Analyzing: 3 targets (159 packages loaded, 3160 targets configured)
[1 / 1] no actions running
Analyzing: 3 targets (160 packages loaded, 3164 targets configured)
[1 / 1] no actions running
Analyzing: 3 targets (178 packages loaded, 13694 targets configured)
[1 / 1] no actions running
Analyzing: 3 targets (182 packages loaded, 17659 targets configured)
[1 / 1] no actions running
Analyzing: 3 targets (184 packages loaded, 17679 targets configured)
[10 / 11] 1 / 1 tests; Testing //quality/static_analysis:codeql_lint_test; 0s local
Analyzing: 3 targets (184 packages loaded, 17679 targets configured)
[11 / 11] 1 / 1 tests; no actions running
Analyzing: 3 targets (194 packages loaded, 17789 targets configured)
[11 / 11] 1 / 1 tests; no actions running
Analyzing: 3 targets (198 packages loaded, 17893 targets configured)
[11 / 11] 1 / 1 tests; no actions running
Analyzing: 3 targets (200 packages loaded, 17920 targets configured)
[11 / 11] 1 / 1 tests; no actions running
INFO: Analyzed 3 targets (202 packages loaded, 50740 targets configured).
[11 / 11] 1 / 1 tests; no actions running
[38 / 39] 1 / 1 tests; [Prepa] Creating runfiles tree bazel-out/k8-fastbuild/bin/quality/static_analysis/codeql_lint.runfiles
INFO: Found 2 targets and 1 test target...
INFO: Elapsed time: 40.564s, Critical Path: 2.01s
INFO: 39 processes: 37 internal, 2 local.
INFO: Build completed successfully, 39 total actions
