$TEST_TMPDIR defined, some defaults will be overridden
OpenJDK 64-Bit Server VM warning: Options -Xverify:none and -noverify were deprecated in JDK 13 and will likely be removed in a future release.
WARNING: The following configs were expanded more than once: [linux_x64_gcc_15]. For repeatable flags, repeats are counted twice and may lead to unexpected behavior.
Computing main repo mapping: 
WARNING: The following configs were expanded more than once: [linux_x64_gcc_15]. For repeatable flags, repeats are counted twice and may lead to unexpected behavior.
Computing main repo mapping: 
Computing main repo mapping: 
Computing main repo mapping: 
Computing main repo mapping: 
Computing main repo mapping: 
Loading: 
Loading: 5 packages loaded
Analyzing: 4 targets (9 packages loaded, 0 targets configured)
Analyzing: 4 targets (9 packages loaded, 0 targets configured)

Analyzing: 4 targets (156 packages loaded, 614 targets configured)

Analyzing: 4 targets (194 packages loaded, 9945 targets configured)

Analyzing: 4 targets (379 packages loaded, 15297 targets configured)
[4 / 1,206] checking cached actions
INFO: Analyzed 4 targets (379 packages loaded, 15297 targets configured).
[138 / 2,260] checking cached actions
[423 / 2,260] [Scann] Compiling score/mw/com/impl/rust/com-api/com-api-ffi-lola/registry_bridge_macro.cpp
[941 / 2,260] Compiling score/mw/com/impl/rust/com-api/com-api-ffi-lola/registry_bridge_macro.cpp; 1s linux-sandbox
INFO: From Compiling score/mw/com/impl/rust/com-api/com-api-ffi-lola/registry_bridge_macro.cpp:
In file included from ./score/mw/com/impl/instance_identifier.h:16,
                 from ./score/mw/com/impl/handle_type.h:18,
                 from ./score/mw/com/impl/proxy_base.h:18,
                 from ./score/mw/com/impl/rust/com-api/com-api-ffi-lola/registry_bridge_macro.h:68,
                 from score/mw/com/impl/rust/com-api/com-api-ffi-lola/registry_bridge_macro.cpp:24:
./score/mw/com/impl/com_error.h: In member function 'virtual std::string_view score::mw::com::impl::ComErrorDomain::MessageFor(const score::result::ErrorCode&) const':
./score/mw/com/impl/com_error.h:186:65: warning: 'score::mw::com::impl::ComErrc::kServiceInstanceAlreadyOffered' is deprecated: Value has never been used. Calls to OfferService shall be idempotent. [-Wdeprecated-declarations]
  186 |             case static_cast<score::result::ErrorCode>(ComErrc::kServiceInstanceAlreadyOffered):
      |                                                                 ^~~~~~~~~~~~~~~~~~~~~~~~~~~~~~
./score/mw/com/impl/com_error.h:57:5: note: declared here
   57 |     kServiceInstanceAlreadyOffered
      |     ^~~~~~~~~~~~~~~~~~~~~~~~~~~~~~
[1,388 / 2,260] [Prepa] Linking score/mw/com/impl/rust/com-api/com-api-ffi-lola/libregistry_bridge_macro_cpp.a
[1,665 / 2,260] checking cached actions
[1,889 / 2,260] [Prepa] Compiling Rust rlib bridge_ffi_rs (2 files)
[2,048 / 2,260] Compiling Rust rlib bridge_ffi_rs (2 files); 1s linux-sandbox ... (2 actions running)
INFO: From Compiling score/mw/com/impl/rust/com-api/com-api-ffi-lola/callback_ownership_test.cpp:
In file included from ./score/mw/com/impl/instance_identifier.h:16,
                 from ./score/mw/com/impl/handle_type.h:18,
                 from ./score/mw/com/impl/proxy_base.h:18,
                 from ./score/mw/com/impl/rust/com-api/com-api-ffi-lola/registry_bridge_macro.h:68,
                 from score/mw/com/impl/rust/com-api/com-api-ffi-lola/callback_ownership_test.cpp:13:
./score/mw/com/impl/com_error.h: In member function 'virtual std::string_view score::mw::com::impl::ComErrorDomain::MessageFor(const score::result::ErrorCode&) const':
./score/mw/com/impl/com_error.h:186:65: warning: 'score::mw::com::impl::ComErrc::kServiceInstanceAlreadyOffered' is deprecated: Value has never been used. Calls to OfferService shall be idempotent. [-Wdeprecated-declarations]
  186 |             case static_cast<score::result::ErrorCode>(ComErrc::kServiceInstanceAlreadyOffered):
      |                                                                 ^~~~~~~~~~~~~~~~~~~~~~~~~~~~~~
./score/mw/com/impl/com_error.h:57:5: note: declared here
   57 |     kServiceInstanceAlreadyOffered
      |     ^~~~~~~~~~~~~~~~~~~~~~~~~~~~~~
[2,061 / 2,260] Compiling Rust rlib bridge_ffi_rs (2 files); 3s linux-sandbox
[2,222 / 2,260] Compiling Rust rlib bridge_ffi_rs (2 files); 5s linux-sandbox ... (2 actions, 1 running)
[2,252 / 2,261] 1 / 4 tests; Compiling Rust rlib bridge_ffi_rs (2 files); 6s linux-sandbox ... (3 actions running)
[2,255 / 2,262] 2 / 4 tests; Compiling Rust rlib bridge_ffi_rs (2 files); 7s linux-sandbox
[2,256 / 2,262] 2 / 4 tests; [Prepa] Compiling Rust rlib bridge_ffi_lola (1 file)
[2,259 / 2,262] 2 / 4 tests; Compiling Rust rlib bridge_ffi_mock (1 file); 1s linux-sandbox ... (2 actions running)
[2,262 / 2,263] 3 / 4 tests; Compiling Rust bin com-api-runtime-lola-tests (5 files); 1s linux-sandbox
INFO: Found 4 test targets...
INFO: Elapsed time: 38.802s, Critical Path: 18.57s
INFO: 16 processes: 2265 action cache hit, 17 linux-sandbox.
INFO: Build completed successfully, 16 total actions
INFO: 
//score/mw/com/impl:runtime_test                                         PASSED in 0.8s
//score/mw/com/impl/rust/com-api/com-api-ffi-lola:callback_ownership_test PASSED in 0.4s
//score/mw/com/impl/rust/com-api/com-api-runtime-lola:com-api-runtime-lola-tests PASSED in 0.0s
//score/mw/com/rust/score_com_concept:score_com_concept-test             PASSED in 0.0s

Executed 4 out of 4 tests: 4 tests pass.
There were tests whose specified size is too big. Use the --test_verbose_timeout_warnings command line option to see which ones these are.
INFO: Build Event Protocol files produced successfully.
