COMMAND ["docker", "run", "--rm", "--network", "none", "--user", "1000:1000", "--cap-add", "SYS_NICE", "--ulimit", "rtprio=3:3", "-v", "/media/jefferson/11c42dee-73a3-4c2b-ab42-a0440011d9e0/threadx-contributions/744/baseline:/work", "-v", "/media/jefferson/11c42dee-73a3-4c2b-ab42-a0440011d9e0/threadx-contributions/744/evidence:/evidence", "-w", "/work", "sha256:a8a3d92ee0ba622304a79ce1dcc51aba1ad1d0ac52767c71b7c1e158520275cc", "cmake", "--build", "/evidence/build/baseline", "--parallel", "4"]
[1/204] Building C object CMakeFiles/tx_stack_alignment_misra.dir/work/common/src/tx_thread_create.c.o
[2/204] Building C object CMakeFiles/tx_stack_alignment_misra.dir/work/test/tx/thread_stack_alignment/threadx_thread_stack_alignment_test.c.o
[3/204] Building C object CMakeFiles/tx_stack_alignment_misra.dir/work/common/src/tx_misra.c.o
/work/common/src/tx_misra.c: In function '_tx_misra_pointer_to_ulong_convert':
/work/common/src/tx_misra.c:110:12: warning: cast from pointer to integer of different size [-Wpointer-to-int-cast]
  110 |     return((ULONG) ptr);
      |            ^
/work/common/src/tx_misra.c: In function '_tx_misra_ulong_to_pointer_convert':
/work/common/src/tx_misra.c:169:12: warning: cast to pointer from integer of different size [-Wint-to-pointer-cast]
  169 |     return((VOID *) input);
      |            ^
/work/common/src/tx_misra.c: In function '_tx_misra_ulong_to_thread_pointer_convert':
/work/common/src/tx_misra.c:692:27: warning: cast to pointer from integer of different size [-Wint-to-pointer-cast]
  692 |     return((TX_THREAD *) ((VOID *) value));
      |                           ^
[4/204] Building C object CMakeFiles/tx_stack_alignment_control.dir/work/test/tx/thread_stack_alignment/threadx_thread_stack_alignment_test.c.o
[5/204] Linking C executable tx_stack_alignment_misra
[6/204] Building C object CMakeFiles/tx_stack_alignment_control.dir/work/common/src/tx_misra.c.o
[7/204] Building C object CMakeFiles/tx_stack_alignment_control.dir/work/common/src/tx_thread_create.c.o
[8/204] Building C object CMakeFiles/tx_stack_alignment_linux.dir/work/common/src/tx_thread_delete.c.o
[9/204] Building C object CMakeFiles/tx_stack_alignment_linux.dir/work/common/src/tx_block_allocate.c.o
[10/204] Linking C executable tx_stack_alignment_control
[11/204] Building C object CMakeFiles/tx_stack_alignment_linux.dir/work/common/src/tx_thread_reset.c.o
[12/204] Building C object CMakeFiles/tx_stack_alignment_linux.dir/work/common/src/tx_block_pool_cleanup.c.o
[13/204] Building C object CMakeFiles/tx_stack_alignment_linux.dir/work/common/src/tx_block_pool_create.c.o
[14/204] Building C object CMakeFiles/tx_stack_alignment_linux.dir/work/common/src/tx_block_pool_delete.c.o
[15/204] Building C object CMakeFiles/tx_stack_alignment_linux.dir/work/common/src/tx_block_pool_info_get.c.o
[16/204] Building C object CMakeFiles/tx_stack_alignment_linux.dir/work/common/src/tx_block_pool_initialize.c.o
[17/204] Building C object CMakeFiles/tx_stack_alignment_linux.dir/work/common/src/tx_block_pool_performance_system_info_get.c.o
[18/204] Building C object CMakeFiles/tx_stack_alignment_linux.dir/work/common/src/tx_block_pool_performance_info_get.c.o
[19/204] Building C object CMakeFiles/tx_stack_alignment_linux.dir/work/common/src/tx_block_pool_prioritize.c.o
[20/204] Building C object CMakeFiles/tx_stack_alignment_linux.dir/work/common/src/tx_block_release.c.o
[21/204] Building C object CMakeFiles/tx_stack_alignment_linux.dir/work/common/src/tx_byte_allocate.c.o
[22/204] Building C object CMakeFiles/tx_stack_alignment_linux.dir/work/common/src/tx_byte_pool_cleanup.c.o
[23/204] Building C object CMakeFiles/tx_stack_alignment_linux.dir/work/common/src/tx_byte_pool_create.c.o
[24/204] Building C object CMakeFiles/tx_stack_alignment_linux.dir/work/common/src/tx_byte_pool_delete.c.o
[25/204] Building C object CMakeFiles/tx_stack_alignment_linux.dir/work/common/src/tx_byte_pool_initialize.c.o
[26/204] Building C object CMakeFiles/tx_stack_alignment_linux.dir/work/common/src/tx_byte_pool_info_get.c.o
[27/204] Building C object CMakeFiles/tx_stack_alignment_linux.dir/work/common/src/tx_byte_pool_performance_info_get.c.o
[28/204] Building C object CMakeFiles/tx_stack_alignment_linux.dir/work/common/src/tx_byte_pool_prioritize.c.o
[29/204] Building C object CMakeFiles/tx_stack_alignment_linux.dir/work/common/src/tx_byte_pool_performance_system_info_get.c.o
[30/204] Building C object CMakeFiles/tx_stack_alignment_linux.dir/work/common/src/tx_byte_pool_search.c.o
[31/204] Building C object CMakeFiles/tx_stack_alignment_linux.dir/work/common/src/tx_byte_release.c.o
[32/204] Building C object CMakeFiles/tx_stack_alignment_linux.dir/work/common/src/tx_event_flags_cleanup.c.o
[33/204] Building C object CMakeFiles/tx_stack_alignment_linux.dir/work/common/src/tx_event_flags_create.c.o
[34/204] Building C object CMakeFiles/tx_stack_alignment_linux.dir/work/common/src/tx_event_flags_delete.c.o
[35/204] Building C object CMakeFiles/tx_stack_alignment_linux.dir/work/common/src/tx_event_flags_get.c.o
[36/204] Building C object CMakeFiles/tx_stack_alignment_linux.dir/work/common/src/tx_event_flags_initialize.c.o
[37/204] Building C object CMakeFiles/tx_stack_alignment_linux.dir/work/common/src/tx_event_flags_info_get.c.o
[38/204] Building C object CMakeFiles/tx_stack_alignment_linux.dir/work/common/src/tx_event_flags_performance_info_get.c.o
[39/204] Building C object CMakeFiles/tx_stack_alignment_linux.dir/work/common/src/tx_event_flags_performance_system_info_get.c.o
[40/204] Building C object CMakeFiles/tx_stack_alignment_linux.dir/work/common/src/tx_event_flags_set.c.o
[41/204] Building C object CMakeFiles/tx_stack_alignment_linux.dir/work/common/src/tx_event_flags_set_notify.c.o
[42/204] Building C object CMakeFiles/tx_stack_alignment_linux.dir/work/common/src/tx_initialize_high_level.c.o
[43/204] Building C object CMakeFiles/tx_stack_alignment_linux.dir/work/common/src/tx_initialize_kernel_enter.c.o
[44/204] Building C object CMakeFiles/tx_stack_alignment_linux.dir/work/common/src/tx_initialize_kernel_setup.c.o
[45/204] Building C object CMakeFiles/tx_stack_alignment_linux.dir/work/common/src/tx_mutex_cleanup.c.o
[46/204] Building C object CMakeFiles/tx_stack_alignment_linux.dir/work/common/src/tx_misra.c.o
/work/common/src/tx_misra.c: In function '_tx_misra_pointer_to_ulong_convert':
/work/common/src/tx_misra.c:110:12: warning: cast from pointer to integer of different size [-Wpointer-to-int-cast]
  110 |     return((ULONG) ptr);
      |            ^
/work/common/src/tx_misra.c: In function '_tx_misra_ulong_to_pointer_convert':
/work/common/src/tx_misra.c:169:12: warning: cast to pointer from integer of different size [-Wint-to-pointer-cast]
  169 |     return((VOID *) input);
      |            ^
/work/common/src/tx_misra.c: In function '_tx_misra_ulong_to_thread_pointer_convert':
/work/common/src/tx_misra.c:692:27: warning: cast to pointer from integer of different size [-Wint-to-pointer-cast]
  692 |     return((TX_THREAD *) ((VOID *) value));
      |                           ^
[47/204] Building C object CMakeFiles/tx_stack_alignment_linux.dir/work/common/src/tx_mutex_delete.c.o
[48/204] Building C object CMakeFiles/tx_stack_alignment_linux.dir/work/common/src/tx_mutex_create.c.o
[49/204] Building C object CMakeFiles/tx_stack_alignment_linux.dir/work/common/src/tx_mutex_get.c.o
[50/204] Building C object CMakeFiles/tx_stack_alignment_linux.dir/work/common/src/tx_mutex_info_get.c.o
[51/204] Building C object CMakeFiles/tx_stack_alignment_linux.dir/work/common/src/tx_mutex_initialize.c.o
[52/204] Building C object CMakeFiles/tx_stack_alignment_linux.dir/work/common/src/tx_mutex_performance_info_get.c.o
[53/204] Building C object CMakeFiles/tx_stack_alignment_linux.dir/work/common/src/tx_mutex_performance_system_info_get.c.o
[54/204] Building C object CMakeFiles/tx_stack_alignment_linux.dir/work/common/src/tx_mutex_priority_change.c.o
[55/204] Building C object CMakeFiles/tx_stack_alignment_linux.dir/work/common/src/tx_mutex_prioritize.c.o
[56/204] Building C object CMakeFiles/tx_stack_alignment_linux.dir/work/common/src/tx_mutex_put.c.o
[57/204] Building C object CMakeFiles/tx_stack_alignment_linux.dir/work/common/src/tx_queue_cleanup.c.o
[58/204] Building C object CMakeFiles/tx_stack_alignment_linux.dir/work/common/src/tx_queue_create.c.o
[59/204] Building C object CMakeFiles/tx_stack_alignment_linux.dir/work/common/src/tx_queue_delete.c.o
[60/204] Building C object CMakeFiles/tx_stack_alignment_linux.dir/work/common/src/tx_queue_flush.c.o
[61/204] Building C object CMakeFiles/tx_stack_alignment_linux.dir/work/common/src/tx_queue_info_get.c.o
[62/204] Building C object CMakeFiles/tx_stack_alignment_linux.dir/work/common/src/tx_queue_initialize.c.o
[63/204] Building C object CMakeFiles/tx_stack_alignment_linux.dir/work/common/src/tx_queue_performance_info_get.c.o
[64/204] Building C object CMakeFiles/tx_stack_alignment_linux.dir/work/common/src/tx_queue_front_send.c.o
[65/204] Building C object CMakeFiles/tx_stack_alignment_linux.dir/work/common/src/tx_queue_prioritize.c.o
[66/204] Building C object CMakeFiles/tx_stack_alignment_linux.dir/work/common/src/tx_queue_performance_system_info_get.c.o
[67/204] Building C object CMakeFiles/tx_stack_alignment_linux.dir/work/common/src/tx_queue_receive.c.o
[68/204] Building C object CMakeFiles/tx_stack_alignment_linux.dir/work/common/src/tx_queue_send.c.o
[69/204] Building C object CMakeFiles/tx_stack_alignment_linux.dir/work/common/src/tx_queue_send_notify.c.o
[70/204] Building C object CMakeFiles/tx_stack_alignment_linux.dir/work/common/src/tx_semaphore_ceiling_put.c.o
[71/204] Building C object CMakeFiles/tx_stack_alignment_linux.dir/work/common/src/tx_semaphore_cleanup.c.o
[72/204] Building C object CMakeFiles/tx_stack_alignment_linux.dir/work/common/src/tx_semaphore_create.c.o
[73/204] Building C object CMakeFiles/tx_stack_alignment_linux.dir/work/common/src/tx_semaphore_delete.c.o
[74/204] Building C object CMakeFiles/tx_stack_alignment_linux.dir/work/common/src/tx_semaphore_get.c.o
[75/204] Building C object CMakeFiles/tx_stack_alignment_linux.dir/work/common/src/tx_semaphore_initialize.c.o
[76/204] Building C object CMakeFiles/tx_stack_alignment_linux.dir/work/common/src/tx_semaphore_info_get.c.o
[77/204] Building C object CMakeFiles/tx_stack_alignment_linux.dir/work/common/src/tx_semaphore_performance_info_get.c.o
[78/204] Building C object CMakeFiles/tx_stack_alignment_linux.dir/work/common/src/tx_semaphore_performance_system_info_get.c.o
[79/204] Building C object CMakeFiles/tx_stack_alignment_linux.dir/work/common/src/tx_semaphore_prioritize.c.o
[80/204] Building C object CMakeFiles/tx_stack_alignment_linux.dir/work/common/src/tx_semaphore_put_notify.c.o
[81/204] Building C object CMakeFiles/tx_stack_alignment_linux.dir/work/common/src/tx_semaphore_put.c.o
[82/204] Building C object CMakeFiles/tx_stack_alignment_linux.dir/work/common/src/tx_thread_create.c.o
[83/204] Building C object CMakeFiles/tx_stack_alignment_linux.dir/work/common/src/tx_thread_entry_exit_notify.c.o
[84/204] Building C object CMakeFiles/tx_stack_alignment_linux.dir/work/common/src/tx_thread_identify.c.o
[85/204] Building C object CMakeFiles/tx_stack_alignment_linux.dir/work/common/src/tx_thread_info_get.c.o
[86/204] Building C object CMakeFiles/tx_stack_alignment_linux.dir/work/common/src/tx_thread_initialize.c.o
[87/204] Building C object CMakeFiles/tx_stack_alignment_linux.dir/work/common/src/tx_thread_performance_info_get.c.o
[88/204] Building C object CMakeFiles/tx_stack_alignment_linux.dir/work/common/src/tx_thread_preemption_change.c.o
[89/204] Building C object CMakeFiles/tx_stack_alignment_linux.dir/work/common/src/tx_thread_performance_system_info_get.c.o
[90/204] Building C object CMakeFiles/tx_stack_alignment_linux.dir/work/common/src/tx_thread_priority_change.c.o
[91/204] Building C object CMakeFiles/tx_stack_alignment_linux.dir/work/common/src/tx_thread_relinquish.c.o
[92/204] Building C object CMakeFiles/tx_stack_alignment_linux.dir/work/common/src/tx_thread_resume.c.o
[93/204] Building C object CMakeFiles/tx_stack_alignment_linux.dir/work/common/src/tx_thread_sleep.c.o
[94/204] Building C object CMakeFiles/tx_stack_alignment_linux.dir/work/common/src/tx_thread_shell_entry.c.o
[95/204] Building C object CMakeFiles/tx_stack_alignment_linux.dir/work/common/src/tx_thread_stack_analyze.c.o
[96/204] Building C object CMakeFiles/tx_stack_alignment_linux.dir/work/common/src/tx_thread_stack_error_handler.c.o
[97/204] Building C object CMakeFiles/tx_stack_alignment_linux.dir/work/common/src/tx_thread_stack_error_notify.c.o
[98/204] Building C object CMakeFiles/tx_stack_alignment_linux.dir/work/common/src/tx_thread_suspend.c.o
[99/204] Building C object CMakeFiles/tx_stack_alignment_linux.dir/work/common/src/tx_thread_system_preempt_check.c.o
[100/204] Building C object CMakeFiles/tx_stack_alignment_linux.dir/work/common/src/tx_thread_terminate.c.o
[101/204] Building C object CMakeFiles/tx_stack_alignment_linux.dir/work/common/src/tx_thread_system_resume.c.o
[102/204] Building C object CMakeFiles/tx_stack_alignment_linux.dir/work/common/src/tx_thread_system_suspend.c.o
[103/204] Building C object CMakeFiles/tx_stack_alignment_linux.dir/work/common/src/tx_thread_time_slice.c.o
[104/204] Building C object CMakeFiles/tx_stack_alignment_linux.dir/work/common/src/tx_thread_timeout.c.o
/work/common/src/tx_thread_timeout.c: In function '_tx_thread_timeout':
/work/common/src/tx_thread_timeout.c:71:32: warning: unused parameter 'timeout_input' [-Wunused-parameter]
   71 | VOID  _tx_thread_timeout(ULONG timeout_input)
      |                          ~~~~~~^~~~~~~~~~~~~
[105/204] Building C object CMakeFiles/tx_stack_alignment_linux.dir/work/common/src/tx_thread_time_slice_change.c.o
[106/204] Building C object CMakeFiles/tx_stack_alignment_linux.dir/work/common/src/tx_time_get.c.o
[107/204] Building C object CMakeFiles/tx_stack_alignment_linux.dir/work/common/src/tx_thread_wait_abort.c.o
[108/204] Building C object CMakeFiles/tx_stack_alignment_linux.dir/work/common/src/tx_timer_activate.c.o
[109/204] Building C object CMakeFiles/tx_stack_alignment_linux.dir/work/common/src/tx_time_set.c.o
[110/204] Building C object CMakeFiles/tx_stack_alignment_linux.dir/work/common/src/tx_timer_create.c.o
[111/204] Building C object CMakeFiles/tx_stack_alignment_linux.dir/work/common/src/tx_timer_change.c.o
[112/204] Building C object CMakeFiles/tx_stack_alignment_linux.dir/work/common/src/tx_timer_deactivate.c.o
[113/204] Building C object CMakeFiles/tx_stack_alignment_linux.dir/work/common/src/tx_timer_expiration_process.c.o
[114/204] Building C object CMakeFiles/tx_stack_alignment_linux.dir/work/common/src/tx_timer_delete.c.o
[115/204] Building C object CMakeFiles/tx_stack_alignment_linux.dir/work/common/src/tx_timer_info_get.c.o
[116/204] Building C object CMakeFiles/tx_stack_alignment_linux.dir/work/common/src/tx_timer_initialize.c.o
[117/204] Building C object CMakeFiles/tx_stack_alignment_linux.dir/work/common/src/tx_timer_performance_system_info_get.c.o
[118/204] Building C object CMakeFiles/tx_stack_alignment_linux.dir/work/common/src/tx_timer_system_activate.c.o
[119/204] Building C object CMakeFiles/tx_stack_alignment_linux.dir/work/common/src/tx_timer_performance_info_get.c.o
[120/204] Building C object CMakeFiles/tx_stack_alignment_linux.dir/work/common/src/tx_timer_system_deactivate.c.o
[121/204] Building C object CMakeFiles/tx_stack_alignment_linux.dir/work/common/src/tx_timer_thread_entry.c.o
[122/204] Building C object CMakeFiles/tx_stack_alignment_linux.dir/work/common/src/tx_trace_buffer_full_notify.c.o
[123/204] Building C object CMakeFiles/tx_stack_alignment_linux.dir/work/common/src/tx_trace_disable.c.o
[124/204] Building C object CMakeFiles/tx_stack_alignment_linux.dir/work/common/src/tx_trace_enable.c.o
[125/204] Building C object CMakeFiles/tx_stack_alignment_linux.dir/work/common/src/tx_trace_event_unfilter.c.o
[126/204] Building C object CMakeFiles/tx_stack_alignment_linux.dir/work/common/src/tx_trace_event_filter.c.o
[127/204] Building C object CMakeFiles/tx_stack_alignment_linux.dir/work/common/src/tx_trace_initialize.c.o
[128/204] Building C object CMakeFiles/tx_stack_alignment_linux.dir/work/common/src/tx_trace_interrupt_control.c.o
[129/204] Building C object CMakeFiles/tx_stack_alignment_linux.dir/work/common/src/tx_trace_isr_enter_insert.c.o
[130/204] Building C object CMakeFiles/tx_stack_alignment_linux.dir/work/common/src/tx_trace_isr_exit_insert.c.o
[131/204] Building C object CMakeFiles/tx_stack_alignment_linux.dir/work/common/src/tx_trace_object_register.c.o
[132/204] Building C object CMakeFiles/tx_stack_alignment_linux.dir/work/common/src/tx_trace_object_unregister.c.o
[133/204] Building C object CMakeFiles/tx_stack_alignment_linux.dir/work/common/src/tx_trace_user_event_insert.c.o
[134/204] Building C object CMakeFiles/tx_stack_alignment_linux.dir/work/common/src/txe_block_allocate.c.o
[135/204] Building C object CMakeFiles/tx_stack_alignment_linux.dir/work/common/src/txe_block_pool_delete.c.o
[136/204] Building C object CMakeFiles/tx_stack_alignment_linux.dir/work/common/src/txe_block_pool_create.c.o
[137/204] Building C object CMakeFiles/tx_stack_alignment_linux.dir/work/common/src/txe_block_pool_info_get.c.o
[138/204] Building C object CMakeFiles/tx_stack_alignment_linux.dir/work/common/src/txe_block_pool_prioritize.c.o
[139/204] Building C object CMakeFiles/tx_stack_alignment_linux.dir/work/common/src/txe_block_release.c.o
[140/204] Building C object CMakeFiles/tx_stack_alignment_linux.dir/work/common/src/txe_byte_allocate.c.o
[141/204] Building C object CMakeFiles/tx_stack_alignment_linux.dir/work/common/src/txe_byte_pool_create.c.o
[142/204] Building C object CMakeFiles/tx_stack_alignment_linux.dir/work/common/src/txe_byte_pool_delete.c.o
[143/204] Building C object CMakeFiles/tx_stack_alignment_linux.dir/work/common/src/txe_byte_pool_info_get.c.o
[144/204] Building C object CMakeFiles/tx_stack_alignment_linux.dir/work/common/src/txe_byte_pool_prioritize.c.o
[145/204] Building C object CMakeFiles/tx_stack_alignment_linux.dir/work/common/src/txe_event_flags_create.c.o
[146/204] Building C object CMakeFiles/tx_stack_alignment_linux.dir/work/common/src/txe_byte_release.c.o
[147/204] Building C object CMakeFiles/tx_stack_alignment_linux.dir/work/common/src/txe_event_flags_delete.c.o
[148/204] Building C object CMakeFiles/tx_stack_alignment_linux.dir/work/common/src/txe_event_flags_get.c.o
[149/204] Building C object CMakeFiles/tx_stack_alignment_linux.dir/work/common/src/txe_event_flags_set.c.o
[150/204] Building C object CMakeFiles/tx_stack_alignment_linux.dir/work/common/src/txe_event_flags_info_get.c.o
[151/204] Building C object CMakeFiles/tx_stack_alignment_linux.dir/work/common/src/txe_mutex_create.c.o
[152/204] Building C object CMakeFiles/tx_stack_alignment_linux.dir/work/common/src/txe_event_flags_set_notify.c.o
[153/204] Building C object CMakeFiles/tx_stack_alignment_linux.dir/work/common/src/txe_mutex_delete.c.o
[154/204] Building C object CMakeFiles/tx_stack_alignment_linux.dir/work/common/src/txe_mutex_get.c.o
[155/204] Building C object CMakeFiles/tx_stack_alignment_linux.dir/work/common/src/txe_mutex_info_get.c.o
[156/204] Building C object CMakeFiles/tx_stack_alignment_linux.dir/work/common/src/txe_mutex_prioritize.c.o
[157/204] Building C object CMakeFiles/tx_stack_alignment_linux.dir/work/common/src/txe_mutex_put.c.o
[158/204] Building C object CMakeFiles/tx_stack_alignment_linux.dir/work/common/src/txe_queue_create.c.o
[159/204] Building C object CMakeFiles/tx_stack_alignment_linux.dir/work/common/src/txe_queue_flush.c.o
[160/204] Building C object CMakeFiles/tx_stack_alignment_linux.dir/work/common/src/txe_queue_delete.c.o
[161/204] Building C object CMakeFiles/tx_stack_alignment_linux.dir/work/common/src/txe_queue_front_send.c.o
[162/204] Building C object CMakeFiles/tx_stack_alignment_linux.dir/work/common/src/txe_queue_info_get.c.o
[163/204] Building C object CMakeFiles/tx_stack_alignment_linux.dir/work/common/src/txe_queue_prioritize.c.o
[164/204] Building C object CMakeFiles/tx_stack_alignment_linux.dir/work/common/src/txe_queue_send.c.o
[165/204] Building C object CMakeFiles/tx_stack_alignment_linux.dir/work/common/src/txe_queue_receive.c.o
[166/204] Building C object CMakeFiles/tx_stack_alignment_linux.dir/work/common/src/txe_semaphore_create.c.o
[167/204] Building C object CMakeFiles/tx_stack_alignment_linux.dir/work/common/src/txe_queue_send_notify.c.o
[168/204] Building C object CMakeFiles/tx_stack_alignment_linux.dir/work/common/src/txe_semaphore_delete.c.o
[169/204] Building C object CMakeFiles/tx_stack_alignment_linux.dir/work/common/src/txe_semaphore_ceiling_put.c.o
[170/204] Building C object CMakeFiles/tx_stack_alignment_linux.dir/work/common/src/txe_semaphore_prioritize.c.o
[171/204] Building C object CMakeFiles/tx_stack_alignment_linux.dir/work/common/src/txe_semaphore_info_get.c.o
[172/204] Building C object CMakeFiles/tx_stack_alignment_linux.dir/work/common/src/txe_semaphore_get.c.o
[173/204] Building C object CMakeFiles/tx_stack_alignment_linux.dir/work/common/src/txe_semaphore_put.c.o
[174/204] Building C object CMakeFiles/tx_stack_alignment_linux.dir/work/common/src/txe_semaphore_put_notify.c.o
[175/204] Building C object CMakeFiles/tx_stack_alignment_linux.dir/work/common/src/txe_thread_create.c.o
[176/204] Building C object CMakeFiles/tx_stack_alignment_linux.dir/work/common/src/txe_thread_delete.c.o
[177/204] Building C object CMakeFiles/tx_stack_alignment_linux.dir/work/common/src/txe_thread_entry_exit_notify.c.o
[178/204] Building C object CMakeFiles/tx_stack_alignment_linux.dir/work/common/src/txe_thread_info_get.c.o
[179/204] Building C object CMakeFiles/tx_stack_alignment_linux.dir/work/common/src/txe_thread_preemption_change.c.o
[180/204] Building C object CMakeFiles/tx_stack_alignment_linux.dir/work/common/src/txe_thread_priority_change.c.o
[181/204] Building C object CMakeFiles/tx_stack_alignment_linux.dir/work/common/src/txe_thread_relinquish.c.o
[182/204] Building C object CMakeFiles/tx_stack_alignment_linux.dir/work/common/src/txe_thread_reset.c.o
[183/204] Building C object CMakeFiles/tx_stack_alignment_linux.dir/work/common/src/txe_thread_terminate.c.o
[184/204] Building C object CMakeFiles/tx_stack_alignment_linux.dir/work/common/src/txe_thread_resume.c.o
[185/204] Building C object CMakeFiles/tx_stack_alignment_linux.dir/work/common/src/txe_thread_suspend.c.o
[186/204] Building C object CMakeFiles/tx_stack_alignment_linux.dir/work/common/src/txe_thread_time_slice_change.c.o
[187/204] Building C object CMakeFiles/tx_stack_alignment_linux.dir/work/common/src/txe_thread_wait_abort.c.o
[188/204] Building C object CMakeFiles/tx_stack_alignment_linux.dir/work/common/src/txe_timer_activate.c.o
[189/204] Building C object CMakeFiles/tx_stack_alignment_linux.dir/work/common/src/txe_timer_change.c.o
[190/204] Building C object CMakeFiles/tx_stack_alignment_linux.dir/work/common/src/txe_timer_create.c.o
[191/204] Building C object CMakeFiles/tx_stack_alignment_linux.dir/work/common/src/txe_timer_deactivate.c.o
[192/204] Building C object CMakeFiles/tx_stack_alignment_linux.dir/work/common/src/txe_timer_delete.c.o
[193/204] Building C object CMakeFiles/tx_stack_alignment_linux.dir/work/common/src/txe_timer_info_get.c.o
[194/204] Building C object CMakeFiles/tx_stack_alignment_linux.dir/work/ports/linux/gnu/src/tx_thread_context_restore.c.o
[195/204] Building C object CMakeFiles/tx_stack_alignment_linux.dir/work/ports/linux/gnu/src/tx_thread_context_save.c.o
[196/204] Building C object CMakeFiles/tx_stack_alignment_linux.dir/work/ports/linux/gnu/src/tx_thread_interrupt_control.c.o
[197/204] Building C object CMakeFiles/tx_stack_alignment_linux.dir/work/ports/linux/gnu/src/tx_initialize_low_level.c.o
[198/204] Building C object CMakeFiles/tx_stack_alignment_linux.dir/work/ports/linux/gnu/src/tx_thread_schedule.c.o
[199/204] Building C object CMakeFiles/tx_stack_alignment_linux.dir/work/ports/linux/gnu/src/tx_thread_stack_build.c.o
[200/204] Building C object CMakeFiles/tx_stack_alignment_linux.dir/work/ports/linux/gnu/src/tx_thread_system_return.c.o
[201/204] Building C object CMakeFiles/tx_stack_alignment_linux.dir/work/ports/linux/gnu/src/tx_timer_interrupt.c.o
[202/204] Building C object CMakeFiles/tx_stack_alignment_schedule.dir/work/test/tx/thread_stack_alignment/threadx_thread_stack_alignment_schedule_test.c.o
[203/204] Linking C static library libtx_stack_alignment_linux.a
[204/204] Linking C executable tx_stack_alignment_schedule
