$TEST_TMPDIR defined, some defaults will be overridden
WARNING: Duplicate rc file: /media/jefferson/11c42dee-73a3-4c2b-ab42-a0440011d9e0/.s-core-build/runs/score-rust-issue-queue-ycbvxir7/workspaces/782/quality/static_analysis/static_analysis.bazelrc is read multiple times, it is a standard rc file location but must have been unnecessarily imported earlier.
OpenJDK 64-Bit Server VM warning: Options -Xverify:none and -noverify were deprecated in JDK 13 and will likely be removed in a future release.
WARNING: The following configs were expanded more than once: [linux_x64_gcc_15]. For repeatable flags, repeats are counted twice and may lead to unexpected behavior.
Computing main repo mapping: 
Computing main repo mapping: 
WARNING: The following configs were expanded more than once: [linux_x64_gcc_15]. For repeatable flags, repeats are counted twice and may lead to unexpected behavior.
Computing main repo mapping: 
Computing main repo mapping: 
Computing main repo mapping: 
Computing main repo mapping: 
Computing main repo mapping: 
Loading: 
Loading: 5 packages loaded
Analyzing: target //score/mw/com/impl/rust/com-api/com-api-ffi-lola:bridge_ffi_rs (6 packages loaded, 0 targets configured)
Analyzing: target //score/mw/com/impl/rust/com-api/com-api-ffi-lola:bridge_ffi_rs (6 packages loaded, 0 targets configured)

Analyzing: target //score/mw/com/impl/rust/com-api/com-api-ffi-lola:bridge_ffi_rs (98 packages loaded, 9 targets configured)

Analyzing: target //score/mw/com/impl/rust/com-api/com-api-ffi-lola:bridge_ffi_rs (242 packages loaded, 10375 targets configured)

Analyzing: target //score/mw/com/impl/rust/com-api/com-api-ffi-lola:bridge_ffi_rs (330 packages loaded, 13723 targets configured)

DEBUG: Rule 'score_baselibs++_repo_rules+acl-deb' indicated that a canonical reproducible form can be obtained by modifying arguments integrity = "sha256-5AjUxw54AQdOpFkYAgilQtVPVjibpIU3BDTy0A6VCYA=" and dropping ["visibility"]
DEBUG: Repository score_baselibs++_repo_rules+acl-deb instantiated at:
  <builtin>: in <toplevel>
Repository rule deb defined at:
  /media/jefferson/11c42dee-73a3-4c2b-ab42-a0440011d9e0/.s-core-build/runs/score-rust-issue-queue-ycbvxir7/bazel-output/80112c988c31215ffa45d91434de24b2/external/download_utils+/download/deb/repository.bzl:78:22: in <toplevel>
INFO: Analyzed target //score/mw/com/impl/rust/com-api/com-api-ffi-lola:bridge_ffi_rs (331 packages loaded, 13818 targets configured).
[40 / 212] [Prepa] Writing repo mapping manifest for @@rules_rust++crate+crate_index__libc-0.2.186//:_bs-
[161 / 219] checking cached actions
[213 / 219] [Prepa] Creating symlink external/rules_rust++crate+crate_index__libc-0.2.186/_bs-
[215 / 219] Compiling Rust rlib libc v0.2.186 (346 files); 1s linux-sandbox
[218 / 219] Compiling Rust rlib bridge_ffi_rs (2 files); 0s linux-sandbox
INFO: Found 1 target...
Target //score/mw/com/impl/rust/com-api/com-api-ffi-lola:bridge_ffi_rs up-to-date:
  bazel-bin/score/mw/com/impl/rust/com-api/com-api-ffi-lola/libbridge_ffi_rs-3711718677.rlib
INFO: Elapsed time: 19.780s, Critical Path: 4.02s
INFO: 13 processes: 216 action cache hit, 5 internal, 8 linux-sandbox.
INFO: Build completed successfully, 13 total actions
