$TEST_TMPDIR defined, some defaults will be overridden
WARNING: Duplicate rc file: /media/jefferson/11c42dee-73a3-4c2b-ab42-a0440011d9e0/.s-core-build/runs/score-rust-issue-queue-ycbvxir7/workspaces/782/quality/static_analysis/static_analysis.bazelrc is read multiple times, it is a standard rc file location but must have been unnecessarily imported earlier.
OpenJDK 64-Bit Server VM warning: Options -Xverify:none and -noverify were deprecated in JDK 13 and will likely be removed in a future release.
WARNING: The following configs were expanded more than once: [linux_x64_gcc_15]. For repeatable flags, repeats are counted twice and may lead to unexpected behavior.
Computing main repo mapping: 
Computing main repo mapping: 
WARNING: The following configs were expanded more than once: [linux_x64_gcc_15]. For repeatable flags, repeats are counted twice and may lead to unexpected behavior.
Computing main repo mapping: 
Computing main repo mapping: 
Computing main repo mapping: 
Computing main repo mapping: 
Computing main repo mapping: 
Computing main repo mapping: 
Loading: 
Loading: 5 packages loaded
Analyzing: target //score/mw/com/test/basic_rust_api/consumer_sync_apis/integration_test:test_com_api_sync (6 packages loaded, 0 targets configured)
Analyzing: target //score/mw/com/test/basic_rust_api/consumer_sync_apis/integration_test:test_com_api_sync (6 packages loaded, 0 targets configured)

Analyzing: target //score/mw/com/test/basic_rust_api/consumer_sync_apis/integration_test:test_com_api_sync (96 packages loaded, 22 targets configured)

Analyzing: target //score/mw/com/test/basic_rust_api/consumer_sync_apis/integration_test:test_com_api_sync (148 packages loaded, 817 targets configured)

WARNING: /media/jefferson/11c42dee-73a3-4c2b-ab42-a0440011d9e0/.s-core-build/runs/score-rust-issue-queue-ycbvxir7/workspaces/782/MODULE.bazel:196:20: The module extension apt defined in @rules_distroless//apt:extensions.bzl reported incorrect imports of repositories via use_repo():

Imported, but reported as indirect dependencies by the extension:
    ubuntu24_04_sysroot_resolve

Fix the use_repo calls by running 'bazel mod tidy'.
Analyzing: target //score/mw/com/test/basic_rust_api/consumer_sync_apis/integration_test:test_com_api_sync (316 packages loaded, 9398 targets configured)

Analyzing: target //score/mw/com/test/basic_rust_api/consumer_sync_apis/integration_test:test_com_api_sync (505 packages loaded, 15414 targets configured)

Analyzing: target //score/mw/com/test/basic_rust_api/consumer_sync_apis/integration_test:test_com_api_sync (508 packages loaded, 15818 targets configured)

Analyzing: target //score/mw/com/test/basic_rust_api/consumer_sync_apis/integration_test:test_com_api_sync (508 packages loaded, 15818 targets configured)

Analyzing: target //score/mw/com/test/basic_rust_api/consumer_sync_apis/integration_test:test_com_api_sync (524 packages loaded, 17766 targets configured)

Analyzing: target //score/mw/com/test/basic_rust_api/consumer_sync_apis/integration_test:test_com_api_sync (524 packages loaded, 17766 targets configured)

Analyzing: target //score/mw/com/test/basic_rust_api/consumer_sync_apis/integration_test:test_com_api_sync (524 packages loaded, 17766 targets configured)

Analyzing: target //score/mw/com/test/basic_rust_api/consumer_sync_apis/integration_test:test_com_api_sync (538 packages loaded, 17978 targets configured)

Analyzing: target //score/mw/com/test/basic_rust_api/consumer_sync_apis/integration_test:test_com_api_sync (550 packages loaded, 18224 targets configured)

Analyzing: target //score/mw/com/test/basic_rust_api/consumer_sync_apis/integration_test:test_com_api_sync (552 packages loaded, 18688 targets configured)

Analyzing: target //score/mw/com/test/basic_rust_api/consumer_sync_apis/integration_test:test_com_api_sync (557 packages loaded, 18776 targets configured)

INFO: Analyzed target //score/mw/com/test/basic_rust_api/consumer_sync_apis/integration_test:test_com_api_sync (558 packages loaded, 18804 targets configured).
[18 / 104] [Prepa] Writing file score/mw/com/test/basic_rust_api/consumer_sync_apis/integration_test/_oci_filesystem_test_com_api_sync.manifest
[242 / 1,447] Compiling support/getopt1.c [for tool]; 0s linux-sandbox ... (2 actions, 1 running)
[254 / 1,447] Compiling support/dfa.c [for tool]; 0s linux-sandbox ... (2 actions running)
[255 / 1,447] Compiling support/regex.c [for tool]; 2s linux-sandbox ... (2 actions, 1 running)
[256 / 1,447] Compiling support/regex.c [for tool]; 3s linux-sandbox ... (2 actions, 1 running)
[256 / 1,447] Compiling support/regex.c [for tool]; 4s linux-sandbox ... (2 actions running)
[259 / 1,447] Compiling awkgram.c [for tool]; 1s linux-sandbox ... (2 actions, 1 running)
[263 / 1,447] Compiling io.c [for tool]; 0s linux-sandbox ... (2 actions, 1 running)
[268 / 1,447] Compiling debug.c [for tool]; 0s linux-sandbox ... (2 actions running)
[269 / 1,447] Compiling eval.c [for tool]; 2s linux-sandbox ... (2 actions, 1 running)
[269 / 1,447] Compiling eval.c [for tool]; 3s linux-sandbox ... (2 actions running)
[271 / 1,447] Compiling builtin.c [for tool]; 2s linux-sandbox ... (2 actions, 1 running)
[272 / 1,447] Compiling builtin.c [for tool]; 3s linux-sandbox ... (2 actions, 1 running)
[718 / 1,447] [Scann] Compiling node.c [for tool]
INFO: From Compiling score/mw/com/com_error_domain.cpp:
In file included from ./score/mw/com/com_error_domain.h:16,
                 from score/mw/com/com_error_domain.cpp:13:
./score/mw/com/impl/com_error.h: In member function 'virtual std::string_view score::mw::com::impl::ComErrorDomain::MessageFor(const score::result::ErrorCode&) const':
./score/mw/com/impl/com_error.h:186:65: warning: 'score::mw::com::impl::ComErrc::kServiceInstanceAlreadyOffered' is deprecated: Value has never been used. Calls to OfferService shall be idempotent. [-Wdeprecated-declarations]
  186 |             case static_cast<score::result::ErrorCode>(ComErrc::kServiceInstanceAlreadyOffered):
      |                                                                 ^~~~~~~~~~~~~~~~~~~~~~~~~~~~~~
./score/mw/com/impl/com_error.h:57:5: note: declared here
   57 |     kServiceInstanceAlreadyOffered
      |     ^~~~~~~~~~~~~~~~~~~~~~~~~~~~~~
[1,043 / 1,447] Compiling printf.c [for tool]; 0s linux-sandbox ... (2 actions, 1 running)
[1,225 / 1,447] Compiling Rust rlib anstyle_parse v1.0.0 (7 files); 0s linux-sandbox ... (2 actions, 1 running)
[1,268 / 1,447] Compiling Rust rlib heck v0.5.0 (9 files) [for tool]; 1s linux-sandbox ... (2 actions running)
[1,279 / 1,447] Compiling Rust proc-macro clap_derive v4.6.7 (16 files) [for tool]; 0s linux-sandbox ... (2 actions running)
[1,284 / 1,447] Compiling Rust proc-macro clap_derive v4.6.7 (16 files) [for tool]; 2s linux-sandbox ... (2 actions, 1 running)
[1,298 / 1,447] Compiling Rust proc-macro clap_derive v4.6.7 (16 files) [for tool]; 3s linux-sandbox ... (2 actions, 1 running)
[1,300 / 1,447] Compiling Rust proc-macro clap_derive v4.6.7 (16 files) [for tool]; 4s linux-sandbox ... (2 actions, 1 running)
[1,312 / 1,447] Compiling Rust proc-macro clap_derive v4.6.7 (16 files) [for tool]; 5s linux-sandbox ... (2 actions, 1 running)
[1,323 / 1,447] Compiling Rust proc-macro clap_derive v4.6.7 (16 files) [for tool]; 6s linux-sandbox ... (2 actions running)
[1,337 / 1,447] Compiling Rust proc-macro clap_derive v4.6.7 (16 files) [for tool]; 7s linux-sandbox ... (2 actions, 1 running)
[1,345 / 1,447] Compiling Rust rlib clap_lex v1.1.1 (2 files); 0s linux-sandbox ... (2 actions, 1 running)
[1,407 / 1,447] Compiling Rust rlib anstream v1.0.0 (13 files); 0s linux-sandbox ... (2 actions, 1 running)
[1,433 / 1,447] Compiling Rust rlib clap_builder v4.6.7 (57 files); 1s linux-sandbox ... (2 actions running)
[1,434 / 1,447] Compiling Rust rlib clap_builder v4.6.7 (57 files); 2s linux-sandbox ... (2 actions, 1 running)
[1,435 / 1,447] Compiling Rust rlib clap_builder v4.6.7 (57 files); 4s linux-sandbox ... (2 actions running)
INFO: From Compiling score/mw/com/test/common_test_resources/big_datatype.cpp:
In file included from ./score/mw/com/impl/instance_identifier.h:16,
                 from ./score/mw/com/impl/handle_type.h:18,
                 from ./score/mw/com/impl/proxy_base.h:18,
                 from ./score/mw/com/impl/generic_proxy_event.h:18,
                 from ./score/mw/com/impl/generic_proxy.h:18,
                 from ./score/mw/com/types.h:24,
                 from ./score/mw/com/test/common_test_resources/big_datatype.h:20,
                 from score/mw/com/test/common_test_resources/big_datatype.cpp:14:
./score/mw/com/impl/com_error.h: In member function 'virtual std::string_view score::mw::com::impl::ComErrorDomain::MessageFor(const score::result::ErrorCode&) const':
./score/mw/com/impl/com_error.h:186:65: warning: 'score::mw::com::impl::ComErrc::kServiceInstanceAlreadyOffered' is deprecated: Value has never been used. Calls to OfferService shall be idempotent. [-Wdeprecated-declarations]
  186 |             case static_cast<score::result::ErrorCode>(ComErrc::kServiceInstanceAlreadyOffered):
      |                                                                 ^~~~~~~~~~~~~~~~~~~~~~~~~~~~~~
./score/mw/com/impl/com_error.h:57:5: note: declared here
   57 |     kServiceInstanceAlreadyOffered
      |     ^~~~~~~~~~~~~~~~~~~~~~~~~~~~~~
[1,438 / 1,447] Compiling score/mw/com/test/basic_rust_api/bigdata_com_api_gen.cpp; 1s linux-sandbox ... (2 actions, 1 running)
[1,439 / 1,447] Compiling score/mw/com/test/basic_rust_api/bigdata_com_api_gen.cpp; 2s linux-sandbox
INFO: From Compiling score/mw/com/test/basic_rust_api/bigdata_com_api_gen.cpp:
In file included from ./score/mw/com/impl/instance_identifier.h:16,
                 from ./score/mw/com/impl/handle_type.h:18,
                 from ./score/mw/com/impl/proxy_base.h:18,
                 from ./score/mw/com/impl/generic_proxy_event.h:18,
                 from ./score/mw/com/impl/generic_proxy.h:18,
                 from ./score/mw/com/types.h:24,
                 from ./score/mw/com/test/common_test_resources/big_datatype.h:20,
                 from ./score/mw/com/test/basic_rust_api/bigdata_com_api_gen.h:19,
                 from score/mw/com/test/basic_rust_api/bigdata_com_api_gen.cpp:14:
./score/mw/com/impl/com_error.h: In member function 'virtual std::string_view score::mw::com::impl::ComErrorDomain::MessageFor(const score::result::ErrorCode&) const':
./score/mw/com/impl/com_error.h:186:65: warning: 'score::mw::com::impl::ComErrc::kServiceInstanceAlreadyOffered' is deprecated: Value has never been used. Calls to OfferService shall be idempotent. [-Wdeprecated-declarations]
  186 |             case static_cast<score::result::ErrorCode>(ComErrc::kServiceInstanceAlreadyOffered):
      |                                                                 ^~~~~~~~~~~~~~~~~~~~~~~~~~~~~~
./score/mw/com/impl/com_error.h:57:5: note: declared here
   57 |     kServiceInstanceAlreadyOffered
      |     ^~~~~~~~~~~~~~~~~~~~~~~~~~~~~~
[1,440 / 1,447] [Prepa] Linking score/mw/com/test/basic_rust_api/libbigdata_com_api_gen_cpp.lo
[1,441 / 1,447] Compiling Rust bin bigdata-consumer (1 file); 1s linux-sandbox ... (2 actions running)
[1,442 / 1,447] Compiling Rust bin bigdata-consumer (1 file); 4s linux-sandbox
[1,443 / 1,447] Writing: bazel-out/k8-fastbuild/bin/score/mw/com/test/basic_rust_api/consumer_sync_apis/integration_test/_oci_filesystem_test_com_api_sync.tar; 0s linux-sandbox
[1,445 / 1,447] OCI Image //score/mw/com/test/basic_rust_api/consumer_sync_apis/integration_test:_image_test_com_api_sync; 0s linux-sandbox
[1,446 / 1,447] [Prepa] OCITarballManifest score/mw/com/test/basic_rust_api/consumer_sync_apis/integration_test/_image_test_com_api_sync_loader/tarball.spec
[1,447 / 1,448] Testing //score/mw/com/test/basic_rust_api/consumer_sync_apis/integration_test:test_com_api_sync; 1s linux-sandbox
[1,447 / 1,448] Testing //score/mw/com/test/basic_rust_api/consumer_sync_apis/integration_test:test_com_api_sync; 11s linux-sandbox
[1,447 / 1,448] 1 / 1 tests; Testing //score/mw/com/test/basic_rust_api/consumer_sync_apis/integration_test:test_com_api_sync; 25s linux-sandbox
INFO: Found 1 test target...
Target //score/mw/com/test/basic_rust_api/consumer_sync_apis/integration_test:test_com_api_sync up-to-date:
  bazel-bin/score/mw/com/test/basic_rust_api/consumer_sync_apis/integration_test/test_com_api_sync
INFO: Elapsed time: 112.078s, Critical Path: 46.86s
INFO: 242 processes: 1220 action cache hit, 90 internal, 152 linux-sandbox.
INFO: Build completed successfully, 242 total actions
INFO: 
//score/mw/com/test/basic_rust_api/consumer_sync_apis/integration_test:test_com_api_sync PASSED in 25.6s

Executed 1 out of 1 test: 1 test passes.
There were tests whose specified size is too big. Use the --test_verbose_timeout_warnings command line option to see which ones these are.
INFO: Build Event Protocol files produced successfully.
