$TEST_TMPDIR defined, some defaults will be overridden
WARNING: Duplicate rc file: /media/jefferson/11c42dee-73a3-4c2b-ab42-a0440011d9e0/.s-core-build/runs/score-rust-issue-queue-ycbvxir7/workspaces/782/quality/static_analysis/static_analysis.bazelrc is read multiple times, it is a standard rc file location but must have been unnecessarily imported earlier.
OpenJDK 64-Bit Server VM warning: Options -Xverify:none and -noverify were deprecated in JDK 13 and will likely be removed in a future release.
WARNING: The following configs were expanded more than once: [linux_x64_gcc_15]. For repeatable flags, repeats are counted twice and may lead to unexpected behavior.
Computing main repo mapping: 
WARNING: The following configs were expanded more than once: [linux_x64_gcc_15]. For repeatable flags, repeats are counted twice and may lead to unexpected behavior.
Computing main repo mapping: 
Computing main repo mapping: 
Computing main repo mapping: 
Computing main repo mapping: 
Loading: 
Loading: 5 packages loaded
Analyzing: target //score/mw/com/rust:score_com (6 packages loaded, 0 targets configured)
Analyzing: target //score/mw/com/rust:score_com (6 packages loaded, 0 targets configured)

Analyzing: target //score/mw/com/rust:score_com (98 packages loaded, 9 targets configured)

Analyzing: target //score/mw/com/rust:score_com (230 packages loaded, 8636 targets configured)

Analyzing: target //score/mw/com/rust:score_com (360 packages loaded, 14744 targets configured)

INFO: Analyzed target //score/mw/com/rust:score_com (361 packages loaded, 14912 targets configured).
[70 / 290] checking cached actions
[289 / 290] [Prepa] Compiling Rust rlib score_com (1 file)
INFO: Found 1 target...
Target //score/mw/com/rust:score_com up-to-date:
  bazel-bin/score/mw/com/rust/libscore_com-340770749.rlib
INFO: Elapsed time: 12.830s, Critical Path: 0.37s
INFO: 2 processes: 302 action cache hit, 1 internal, 1 linux-sandbox.
INFO: Build completed successfully, 2 total actions
