$TEST_TMPDIR defined, some defaults will be overridden
WARNING: Duplicate rc file: /media/jefferson/11c42dee-73a3-4c2b-ab42-a0440011d9e0/.s-core-build/runs/score-rust-issue-queue-ycbvxir7/workspaces/1263/quality/static_analysis/static_analysis.bazelrc is read multiple times, it is a standard rc file location but must have been unnecessarily imported earlier.
OpenJDK 64-Bit Server VM warning: Options -Xverify:none and -noverify were deprecated in JDK 13 and will likely be removed in a future release.
WARNING: The following configs were expanded more than once: [linux_x64_gcc_15]. For repeatable flags, repeats are counted twice and may lead to unexpected behavior.
Computing main repo mapping: 
WARNING: The following configs were expanded more than once: [linux_x64_gcc_15]. For repeatable flags, repeats are counted twice and may lead to unexpected behavior.
Computing main repo mapping: 
Computing main repo mapping: 
Computing main repo mapping: 
Computing main repo mapping: 
Computing main repo mapping: 
Loading: 
Loading: 5 packages loaded
Analyzing: target //score/mw/com/rust/score_com_concept:score_com_concept-macros-tests (6 packages loaded, 0 targets configured)
Analyzing: target //score/mw/com/rust/score_com_concept:score_com_concept-macros-tests (6 packages loaded, 0 targets configured)

Analyzing: target //score/mw/com/rust/score_com_concept:score_com_concept-macros-tests (109 packages loaded, 37 targets configured)

Analyzing: target //score/mw/com/rust/score_com_concept:score_com_concept-macros-tests (210 packages loaded, 9628 targets configured)

Analyzing: target //score/mw/com/rust/score_com_concept:score_com_concept-macros-tests (361 packages loaded, 14913 targets configured)

INFO: Analyzed target //score/mw/com/rust/score_com_concept:score_com_concept-macros-tests (365 packages loaded, 14937 targets configured).
[116 / 299] checking cached actions
[298 / 299] [Prepa] Generating Rustdoc test runner for @@//score/mw/com/rust/score_com_concept:score_com_concept
INFO: Found 1 target...
Target //score/mw/com/rust/score_com_concept:score_com_concept-macros-tests up-to-date:
  bazel-bin/score/mw/com/rust/score_com_concept/score_com_concept-macros-tests.rustdoc_test.sh
INFO: Elapsed time: 14.946s, Critical Path: 0.70s
INFO: 5 processes: 309 action cache hit, 4 internal, 1 linux-sandbox.
INFO: Build completed successfully, 5 total actions
