$TEST_TMPDIR defined, some defaults will be overridden
WARNING: Duplicate rc file: /media/jefferson/11c42dee-73a3-4c2b-ab42-a0440011d9e0/.s-core-build/runs/score-rust-issue-queue-ycbvxir7/workspaces/1263/quality/static_analysis/static_analysis.bazelrc is read multiple times, it is a standard rc file location but must have been unnecessarily imported earlier.
OpenJDK 64-Bit Server VM warning: Options -Xverify:none and -noverify were deprecated in JDK 13 and will likely be removed in a future release.
WARNING: The following configs were expanded more than once: [linux_x64_gcc_15]. For repeatable flags, repeats are counted twice and may lead to unexpected behavior.
Computing main repo mapping: 
Computing main repo mapping: 
WARNING: The following configs were expanded more than once: [linux_x64_gcc_15]. For repeatable flags, repeats are counted twice and may lead to unexpected behavior.
Computing main repo mapping: 
Computing main repo mapping: 
Computing main repo mapping: 
Computing main repo mapping: 
Computing main repo mapping: 
Loading: 
Loading: 5 packages loaded
Analyzing: target //score/mw/com/test/basic_rust_api/consumer_async_apis/integration_test:test_com_api_async (6 packages loaded, 0 targets configured)
Analyzing: target //score/mw/com/test/basic_rust_api/consumer_async_apis/integration_test:test_com_api_async (6 packages loaded, 0 targets configured)

Analyzing: target //score/mw/com/test/basic_rust_api/consumer_async_apis/integration_test:test_com_api_async (103 packages loaded, 22 targets configured)

Analyzing: target //score/mw/com/test/basic_rust_api/consumer_async_apis/integration_test:test_com_api_async (153 packages loaded, 752 targets configured)

Analyzing: target //score/mw/com/test/basic_rust_api/consumer_async_apis/integration_test:test_com_api_async (224 packages loaded, 6069 targets configured)

WARNING: /media/jefferson/11c42dee-73a3-4c2b-ab42-a0440011d9e0/.s-core-build/runs/score-rust-issue-queue-ycbvxir7/workspaces/1263/MODULE.bazel:196:20: The module extension apt defined in @rules_distroless//apt:extensions.bzl reported incorrect imports of repositories via use_repo():

Imported, but reported as indirect dependencies by the extension:
    ubuntu24_04_sysroot_resolve

Fix the use_repo calls by running 'bazel mod tidy'.
Analyzing: target //score/mw/com/test/basic_rust_api/consumer_async_apis/integration_test:test_com_api_async (435 packages loaded, 13958 targets configured)

Analyzing: target //score/mw/com/test/basic_rust_api/consumer_async_apis/integration_test:test_com_api_async (468 packages loaded, 15072 targets configured)

Analyzing: target //score/mw/com/test/basic_rust_api/consumer_async_apis/integration_test:test_com_api_async (495 packages loaded, 15533 targets configured)

Analyzing: target //score/mw/com/test/basic_rust_api/consumer_async_apis/integration_test:test_com_api_async (499 packages loaded, 15553 targets configured)

Analyzing: target //score/mw/com/test/basic_rust_api/consumer_async_apis/integration_test:test_com_api_async (508 packages loaded, 17675 targets configured)

Analyzing: target //score/mw/com/test/basic_rust_api/consumer_async_apis/integration_test:test_com_api_async (510 packages loaded, 17697 targets configured)

Analyzing: target //score/mw/com/test/basic_rust_api/consumer_async_apis/integration_test:test_com_api_async (524 packages loaded, 17766 targets configured)

Analyzing: target //score/mw/com/test/basic_rust_api/consumer_async_apis/integration_test:test_com_api_async (524 packages loaded, 17766 targets configured)

Analyzing: target //score/mw/com/test/basic_rust_api/consumer_async_apis/integration_test:test_com_api_async (524 packages loaded, 17766 targets configured)

Analyzing: target //score/mw/com/test/basic_rust_api/consumer_async_apis/integration_test:test_com_api_async (524 packages loaded, 17766 targets configured)

Analyzing: target //score/mw/com/test/basic_rust_api/consumer_async_apis/integration_test:test_com_api_async (538 packages loaded, 17978 targets configured)

Analyzing: target //score/mw/com/test/basic_rust_api/consumer_async_apis/integration_test:test_com_api_async (551 packages loaded, 18577 targets configured)

Analyzing: target //score/mw/com/test/basic_rust_api/consumer_async_apis/integration_test:test_com_api_async (557 packages loaded, 18776 targets configured)

Analyzing: target //score/mw/com/test/basic_rust_api/consumer_async_apis/integration_test:test_com_api_async (557 packages loaded, 18776 targets configured)

INFO: Analyzed target //score/mw/com/test/basic_rust_api/consumer_async_apis/integration_test:test_com_api_async (558 packages loaded, 18804 targets configured).
[7 / 48] [Prepa] Creating runfiles tree bazel-out/k8-fastbuild/bin/score/mw/com/test/basic_rust_api/consumer_async_apis/integration_test/test_com_api_async.runfiles
[13 / 96] [Prepa] Expanding template external/rules_pkg+/pkg/private/tar/build_tar [for tool]
[97 / 1,447] checking cached actions
[237 / 1,447] Compiling main.c [for tool]; 0s linux-sandbox
[498 / 1,447] Compiling array.c [for tool]; 0s linux-sandbox
[927 / 1,447] Compiling awkgram.c [for tool]; 1s linux-sandbox
[1,317 / 1,447] [Scann] Compiling builtin.c [for tool]
[1,336 / 1,447] Compiling builtin.c [for tool]; 1s linux-sandbox ... (2 actions running)
[1,337 / 1,447] Compiling builtin.c [for tool]; 2s linux-sandbox ... (2 actions running)
[1,338 / 1,447] Compiling support/regex.c [for tool]; 2s linux-sandbox ... (2 actions, 1 running)
[1,339 / 1,447] Compiling support/regex.c [for tool]; 3s linux-sandbox ... (2 actions running)
[1,340 / 1,447] Compiling support/regex.c [for tool]; 4s linux-sandbox ... (2 actions running)
[1,344 / 1,447] Compiling debug.c [for tool]; 1s linux-sandbox ... (2 actions, 1 running)
[1,351 / 1,447] Compiling support/dfa.c [for tool]; 0s linux-sandbox ... (2 actions, 1 running)
[1,352 / 1,447] Compiling eval.c [for tool]; 1s linux-sandbox ... (2 actions, 1 running)
[1,355 / 1,447] Compiling eval.c [for tool]; 2s linux-sandbox ... (2 actions, 1 running)
[1,357 / 1,447] Compiling eval.c [for tool]; 3s linux-sandbox ... (2 actions, 1 running)
[1,358 / 1,447] Compiling eval.c [for tool]; 4s linux-sandbox ... (2 actions, 1 running)
[1,360 / 1,447] Compiling profile.c [for tool]; 0s linux-sandbox ... (2 actions running)
[1,361 / 1,447] Compiling field.c [for tool]; 1s linux-sandbox ... (2 actions, 1 running)
[1,363 / 1,447] Compiling printf.c [for tool]; 1s linux-sandbox ... (2 actions running)
[1,366 / 1,447] Compiling node.c [for tool]; 0s linux-sandbox ... (2 actions running)
[1,369 / 1,447] Compiling io.c [for tool]; 0s linux-sandbox ... (2 actions running)
[1,370 / 1,447] Compiling io.c [for tool]; 2s linux-sandbox
[1,374 / 1,447] Action external/rules_distroless++apt+ubuntu24_04_integration_testing/dpkg_status.tar; 0s linux-sandbox ... (2 actions running)
[1,390 / 1,447] Executing genrule @@rules_distroless++apt+ubuntu24_04_integration_testing_libc6_2.39-0ubuntu8.7_amd64//:data; 1s linux-sandbox ... (2 actions, 1 running)
[1,416 / 1,447] Executing genrule @@rules_distroless++apt+ubuntu24_04_integration_testing_binutils-x86-64-linux-gnu_2.42-4ubuntu2.10_amd64//:data; 0s linux-sandbox ... (2 actions, 1 running)
[1,433 / 1,447] Executing genrule @@rules_distroless++apt+ubuntu24_04_integration_testing_libzstd1_1.5.5-p-dfsg2-2build1.1_amd64//:data; 0s linux-sandbox ... (2 actions, 1 running)
[1,445 / 1,447] OCI Image //score/mw/com/test/basic_rust_api/consumer_async_apis/integration_test:_image_test_com_api_async; 0s linux-sandbox
[1,446 / 1,447] [Prepa] OCITarballManifest score/mw/com/test/basic_rust_api/consumer_async_apis/integration_test/_image_test_com_api_async_loader/tarball.spec
[1,447 / 1,448] Testing //score/mw/com/test/basic_rust_api/consumer_async_apis/integration_test:test_com_api_async; 1s linux-sandbox
[1,447 / 1,448] Testing //score/mw/com/test/basic_rust_api/consumer_async_apis/integration_test:test_com_api_async; 11s linux-sandbox
[1,447 / 1,448] 1 / 1 tests; Testing //score/mw/com/test/basic_rust_api/consumer_async_apis/integration_test:test_com_api_async; 27s linux-sandbox
INFO: Found 1 test target...
Target //score/mw/com/test/basic_rust_api/consumer_async_apis/integration_test:test_com_api_async up-to-date:
  bazel-bin/score/mw/com/test/basic_rust_api/consumer_async_apis/integration_test/test_com_api_async
INFO: Elapsed time: 103.940s, Critical Path: 38.02s
INFO: 147 processes: 1315 action cache hit, 30 internal, 117 linux-sandbox.
INFO: Build completed successfully, 147 total actions
INFO: 
//score/mw/com/test/basic_rust_api/consumer_async_apis/integration_test:test_com_api_async PASSED in 27.1s

Executed 1 out of 1 test: 1 test passes.
There were tests whose specified size is too big. Use the --test_verbose_timeout_warnings command line option to see which ones these are.
INFO: Build Event Protocol files produced successfully.
