/media/jefferson/11c42dee-73a3-4c2b-ab42-a0440011d9e0/.s-core-build/runs/score-2850-native-_qjqrtmg/baseline-type-comparison/eclipse-score-docs-as-code-4bc0fbf/score_harness/common.py
  /media/jefferson/11c42dee-73a3-4c2b-ab42-a0440011d9e0/.s-core-build/runs/score-2850-native-_qjqrtmg/baseline-type-comparison/eclipse-score-docs-as-code-4bc0fbf/score_harness/common.py:48:46 - warning: Expected type arguments for generic class "dict" (reportMissingTypeArgument)
  /media/jefferson/11c42dee-73a3-4c2b-ab42-a0440011d9e0/.s-core-build/runs/score-2850-native-_qjqrtmg/baseline-type-comparison/eclipse-score-docs-as-code-4bc0fbf/score_harness/common.py:55:12 - warning: Return type, "list[Unknown]", is partially unknown (reportUnknownVariableType)
/media/jefferson/11c42dee-73a3-4c2b-ab42-a0440011d9e0/.s-core-build/runs/score-2850-native-_qjqrtmg/baseline-type-comparison/eclipse-score-docs-as-code-4bc0fbf/score_harness/harness/base_harness.py
  /media/jefferson/11c42dee-73a3-4c2b-ab42-a0440011d9e0/.s-core-build/runs/score-2850-native-_qjqrtmg/baseline-type-comparison/eclipse-score-docs-as-code-4bc0fbf/score_harness/harness/base_harness.py:49:38 - warning: Expected type arguments for generic class "dict" (reportMissingTypeArgument)
  /media/jefferson/11c42dee-73a3-4c2b-ab42-a0440011d9e0/.s-core-build/runs/score-2850-native-_qjqrtmg/baseline-type-comparison/eclipse-score-docs-as-code-4bc0fbf/score_harness/harness/base_harness.py:63:58 - warning: Expected type arguments for generic class "dict" (reportMissingTypeArgument)
  /media/jefferson/11c42dee-73a3-4c2b-ab42-a0440011d9e0/.s-core-build/runs/score-2850-native-_qjqrtmg/baseline-type-comparison/eclipse-score-docs-as-code-4bc0fbf/score_harness/harness/base_harness.py:63:67 - warning: Expected type arguments for generic class "dict" (reportMissingTypeArgument)
  /media/jefferson/11c42dee-73a3-4c2b-ab42-a0440011d9e0/.s-core-build/runs/score-2850-native-_qjqrtmg/baseline-type-comparison/eclipse-score-docs-as-code-4bc0fbf/score_harness/harness/base_harness.py:70:16 - warning: Return type, "dict[Unknown, Unknown]", is partially unknown (reportUnknownVariableType)
  /media/jefferson/11c42dee-73a3-4c2b-ab42-a0440011d9e0/.s-core-build/runs/score-2850-native-_qjqrtmg/baseline-type-comparison/eclipse-score-docs-as-code-4bc0fbf/score_harness/harness/base_harness.py:81:38 - warning: Expected type arguments for generic class "dict" (reportMissingTypeArgument)
/media/jefferson/11c42dee-73a3-4c2b-ab42-a0440011d9e0/.s-core-build/runs/score-2850-native-_qjqrtmg/baseline-type-comparison/eclipse-score-docs-as-code-4bc0fbf/score_harness/harness/rule_retrieval_harness.py
  /media/jefferson/11c42dee-73a3-4c2b-ab42-a0440011d9e0/.s-core-build/runs/score-2850-native-_qjqrtmg/baseline-type-comparison/eclipse-score-docs-as-code-4bc0fbf/score_harness/harness/rule_retrieval_harness.py:67:40 - warning: Expected type arguments for generic class "dict" (reportMissingTypeArgument)
  /media/jefferson/11c42dee-73a3-4c2b-ab42-a0440011d9e0/.s-core-build/runs/score-2850-native-_qjqrtmg/baseline-type-comparison/eclipse-score-docs-as-code-4bc0fbf/score_harness/harness/rule_retrieval_harness.py:77:20 - warning: Return type, "dict[str, dict[Unknown, Unknown]]", is partially unknown (reportUnknownVariableType)
  /media/jefferson/11c42dee-73a3-4c2b-ab42-a0440011d9e0/.s-core-build/runs/score-2850-native-_qjqrtmg/baseline-type-comparison/eclipse-score-docs-as-code-4bc0fbf/score_harness/harness/rule_retrieval_harness.py:86:38 - warning: Expected type arguments for generic class "dict" (reportMissingTypeArgument)
  /media/jefferson/11c42dee-73a3-4c2b-ab42-a0440011d9e0/.s-core-build/runs/score-2850-native-_qjqrtmg/baseline-type-comparison/eclipse-score-docs-as-code-4bc0fbf/score_harness/harness/rule_retrieval_harness.py:93:9 - warning: Type of "rule_ids" is unknown (reportUnknownVariableType)
  /media/jefferson/11c42dee-73a3-4c2b-ab42-a0440011d9e0/.s-core-build/runs/score-2850-native-_qjqrtmg/baseline-type-comparison/eclipse-score-docs-as-code-4bc0fbf/score_harness/harness/rule_retrieval_harness.py:97:9 - warning: Type of "rules_by_id" is partially unknown
    Type of "rules_by_id" is "dict[str, dict[Unknown, Unknown]]" (reportUnknownVariableType)
  /media/jefferson/11c42dee-73a3-4c2b-ab42-a0440011d9e0/.s-core-build/runs/score-2850-native-_qjqrtmg/baseline-type-comparison/eclipse-score-docs-as-code-4bc0fbf/score_harness/harness/rule_retrieval_harness.py:100:13 - warning: Type of "rule_id" is unknown (reportUnknownVariableType)
  /media/jefferson/11c42dee-73a3-4c2b-ab42-a0440011d9e0/.s-core-build/runs/score-2850-native-_qjqrtmg/baseline-type-comparison/eclipse-score-docs-as-code-4bc0fbf/score_harness/harness/rule_retrieval_harness.py:101:13 - warning: Type of "rule" is partially unknown
    Type of "rule" is "dict[Unknown, Unknown] | None" (reportUnknownVariableType)
  /media/jefferson/11c42dee-73a3-4c2b-ab42-a0440011d9e0/.s-core-build/runs/score-2850-native-_qjqrtmg/baseline-type-comparison/eclipse-score-docs-as-code-4bc0fbf/score_harness/harness/rule_retrieval_harness.py:111:13 - warning: Type of "trigger" is unknown (reportUnknownVariableType)
/media/jefferson/11c42dee-73a3-4c2b-ab42-a0440011d9e0/.s-core-build/runs/score-2850-native-_qjqrtmg/baseline-type-comparison/eclipse-score-docs-as-code-4bc0fbf/score_harness/outer_loop.py
  /media/jefferson/11c42dee-73a3-4c2b-ab42-a0440011d9e0/.s-core-build/runs/score-2850-native-_qjqrtmg/baseline-type-comparison/eclipse-score-docs-as-code-4bc0fbf/score_harness/outer_loop.py:52:34 - warning: Type of "load_task_specs" is partially unknown
    Type of "load_task_specs" is "(tasks_dir: Path) -> list[dict[Unknown, Unknown]]" (reportUnknownVariableType)
  /media/jefferson/11c42dee-73a3-4c2b-ab42-a0440011d9e0/.s-core-build/runs/score-2850-native-_qjqrtmg/baseline-type-comparison/eclipse-score-docs-as-code-4bc0fbf/score_harness/outer_loop.py:53:32 - warning: Type of "validate_candidate" is partially unknown
    Type of "validate_candidate" is "(candidate_path: Path, task_spec_path: Path, skip_external_checks: bool = False) -> dict[Unknown, Unknown]" (reportUnknownVariableType)
  /media/jefferson/11c42dee-73a3-4c2b-ab42-a0440011d9e0/.s-core-build/runs/score-2850-native-_qjqrtmg/baseline-type-comparison/eclipse-score-docs-as-code-4bc0fbf/score_harness/outer_loop.py:60:6 - warning: Expected type arguments for generic class "dict" (reportMissingTypeArgument)
  /media/jefferson/11c42dee-73a3-4c2b-ab42-a0440011d9e0/.s-core-build/runs/score-2850-native-_qjqrtmg/baseline-type-comparison/eclipse-score-docs-as-code-4bc0fbf/score_harness/outer_loop.py:72:16 - warning: Return type, "dict[Unknown, Unknown]", is partially unknown (reportUnknownVariableType)
  /media/jefferson/11c42dee-73a3-4c2b-ab42-a0440011d9e0/.s-core-build/runs/score-2850-native-_qjqrtmg/baseline-type-comparison/eclipse-score-docs-as-code-4bc0fbf/score_harness/outer_loop.py:87:12 - warning: Return type, "dict[Unknown, Unknown]", is partially unknown (reportUnknownVariableType)
  /media/jefferson/11c42dee-73a3-4c2b-ab42-a0440011d9e0/.s-core-build/runs/score-2850-native-_qjqrtmg/baseline-type-comparison/eclipse-score-docs-as-code-4bc0fbf/score_harness/outer_loop.py:99:6 - warning: Expected type arguments for generic class "dict" (reportMissingTypeArgument)
  /media/jefferson/11c42dee-73a3-4c2b-ab42-a0440011d9e0/.s-core-build/runs/score-2850-native-_qjqrtmg/baseline-type-comparison/eclipse-score-docs-as-code-4bc0fbf/score_harness/outer_loop.py:112:12 - warning: Return type, "dict[Unknown, Unknown]", is partially unknown (reportUnknownVariableType)
  /media/jefferson/11c42dee-73a3-4c2b-ab42-a0440011d9e0/.s-core-build/runs/score-2850-native-_qjqrtmg/baseline-type-comparison/eclipse-score-docs-as-code-4bc0fbf/score_harness/outer_loop.py:120:32 - warning: Expected type arguments for generic class "dict" (reportMissingTypeArgument)
  /media/jefferson/11c42dee-73a3-4c2b-ab42-a0440011d9e0/.s-core-build/runs/score-2850-native-_qjqrtmg/baseline-type-comparison/eclipse-score-docs-as-code-4bc0fbf/score_harness/outer_loop.py:120:49 - warning: Expected type arguments for generic class "dict" (reportMissingTypeArgument)
  /media/jefferson/11c42dee-73a3-4c2b-ab42-a0440011d9e0/.s-core-build/runs/score-2850-native-_qjqrtmg/baseline-type-comparison/eclipse-score-docs-as-code-4bc0fbf/score_harness/outer_loop.py:120:58 - warning: Expected type arguments for generic class "dict" (reportMissingTypeArgument)
  /media/jefferson/11c42dee-73a3-4c2b-ab42-a0440011d9e0/.s-core-build/runs/score-2850-native-_qjqrtmg/baseline-type-comparison/eclipse-score-docs-as-code-4bc0fbf/score_harness/outer_loop.py:125:5 - warning: Type of "metrics" is unknown (reportUnknownVariableType)
  /media/jefferson/11c42dee-73a3-4c2b-ab42-a0440011d9e0/.s-core-build/runs/score-2850-native-_qjqrtmg/baseline-type-comparison/eclipse-score-docs-as-code-4bc0fbf/score_harness/outer_loop.py:129:9 - warning: Type of "req_type" is unknown (reportUnknownVariableType)
  /media/jefferson/11c42dee-73a3-4c2b-ab42-a0440011d9e0/.s-core-build/runs/score-2850-native-_qjqrtmg/baseline-type-comparison/eclipse-score-docs-as-code-4bc0fbf/score_harness/outer_loop.py:129:19 - warning: Type of "data" is unknown (reportUnknownVariableType)
  /media/jefferson/11c42dee-73a3-4c2b-ab42-a0440011d9e0/.s-core-build/runs/score-2850-native-_qjqrtmg/baseline-type-comparison/eclipse-score-docs-as-code-4bc0fbf/score_harness/outer_loop.py:130:9 - warning: Type of "reqs" is unknown (reportUnknownVariableType)
  /media/jefferson/11c42dee-73a3-4c2b-ab42-a0440011d9e0/.s-core-build/runs/score-2850-native-_qjqrtmg/baseline-type-comparison/eclipse-score-docs-as-code-4bc0fbf/score_harness/outer_loop.py:147:9 - warning: Type of "tests" is unknown (reportUnknownVariableType)
  /media/jefferson/11c42dee-73a3-4c2b-ab42-a0440011d9e0/.s-core-build/runs/score-2850-native-_qjqrtmg/baseline-type-comparison/eclipse-score-docs-as-code-4bc0fbf/score_harness/outer_loop.py:148:9 - warning: Type of "broken_references" is unknown (reportUnknownVariableType)
  /media/jefferson/11c42dee-73a3-4c2b-ab42-a0440011d9e0/.s-core-build/runs/score-2850-native-_qjqrtmg/baseline-type-comparison/eclipse-score-docs-as-code-4bc0fbf/score_harness/outer_loop.py:164:12 - warning: Return type, "dict[Unknown, Unknown]", is partially unknown (reportUnknownVariableType)
  /media/jefferson/11c42dee-73a3-4c2b-ab42-a0440011d9e0/.s-core-build/runs/score-2850-native-_qjqrtmg/baseline-type-comparison/eclipse-score-docs-as-code-4bc0fbf/score_harness/outer_loop.py:186:51 - warning: Expected type arguments for generic class "dict" (reportMissingTypeArgument)
  /media/jefferson/11c42dee-73a3-4c2b-ab42-a0440011d9e0/.s-core-build/runs/score-2850-native-_qjqrtmg/baseline-type-comparison/eclipse-score-docs-as-code-4bc0fbf/score_harness/outer_loop.py:258:5 - warning: Type of "task_specs" is partially unknown
    Type of "task_specs" is "list[dict[Unknown, Unknown]]" (reportUnknownVariableType)
  /media/jefferson/11c42dee-73a3-4c2b-ab42-a0440011d9e0/.s-core-build/runs/score-2850-native-_qjqrtmg/baseline-type-comparison/eclipse-score-docs-as-code-4bc0fbf/score_harness/outer_loop.py:285:9 - warning: Type of "validation_result" is partially unknown
    Type of "validation_result" is "dict[Unknown, Unknown]" (reportUnknownVariableType)
  /media/jefferson/11c42dee-73a3-4c2b-ab42-a0440011d9e0/.s-core-build/runs/score-2850-native-_qjqrtmg/baseline-type-comparison/eclipse-score-docs-as-code-4bc0fbf/score_harness/outer_loop.py:293:58 - warning: Type of "log_validation_failure" is partially unknown
    Type of "log_validation_failure" is "(iteration: int, candidate: str, failures: list[dict[Unknown, Unknown]]) -> None" (reportUnknownVariableType)
  /media/jefferson/11c42dee-73a3-4c2b-ab42-a0440011d9e0/.s-core-build/runs/score-2850-native-_qjqrtmg/baseline-type-comparison/eclipse-score-docs-as-code-4bc0fbf/score_harness/outer_loop.py:304:17 - warning: Type of "failure" is unknown (reportUnknownVariableType)
  /media/jefferson/11c42dee-73a3-4c2b-ab42-a0440011d9e0/.s-core-build/runs/score-2850-native-_qjqrtmg/baseline-type-comparison/eclipse-score-docs-as-code-4bc0fbf/score_harness/outer_loop.py:314:9 - warning: Type of "task_spec" is partially unknown
    Type of "task_spec" is "dict[Unknown, Unknown]" (reportUnknownVariableType)
  /media/jefferson/11c42dee-73a3-4c2b-ab42-a0440011d9e0/.s-core-build/runs/score-2850-native-_qjqrtmg/baseline-type-comparison/eclipse-score-docs-as-code-4bc0fbf/score_harness/outer_loop.py:319:9 - warning: Type of "task_id" is unknown (reportUnknownVariableType)
  /media/jefferson/11c42dee-73a3-4c2b-ab42-a0440011d9e0/.s-core-build/runs/score-2850-native-_qjqrtmg/baseline-type-comparison/eclipse-score-docs-as-code-4bc0fbf/score_harness/outer_loop.py:320:9 - warning: Type of "trace_dir" is unknown (reportUnknownVariableType)
  /media/jefferson/11c42dee-73a3-4c2b-ab42-a0440011d9e0/.s-core-build/runs/score-2850-native-_qjqrtmg/baseline-type-comparison/eclipse-score-docs-as-code-4bc0fbf/score_harness/outer_loop.py:326:9 - warning: Type of "gate_args" is unknown (reportUnknownVariableType)
  /media/jefferson/11c42dee-73a3-4c2b-ab42-a0440011d9e0/.s-core-build/runs/score-2850-native-_qjqrtmg/baseline-type-comparison/eclipse-score-docs-as-code-4bc0fbf/score_harness/outer_loop.py:328:9 - warning: Type of "metrics_json_path" is unknown (reportUnknownVariableType)
  /media/jefferson/11c42dee-73a3-4c2b-ab42-a0440011d9e0/.s-core-build/runs/score-2850-native-_qjqrtmg/baseline-type-comparison/eclipse-score-docs-as-code-4bc0fbf/score_harness/outer_loop.py:334:13 - warning: Type of "gate_result" is partially unknown
    Type of "gate_result" is "dict[Unknown, Unknown]" (reportUnknownVariableType)
  /media/jefferson/11c42dee-73a3-4c2b-ab42-a0440011d9e0/.s-core-build/runs/score-2850-native-_qjqrtmg/baseline-type-comparison/eclipse-score-docs-as-code-4bc0fbf/score_harness/outer_loop.py:340:13 - warning: Type of "needs_json_path" is unknown (reportUnknownVariableType)
  /media/jefferson/11c42dee-73a3-4c2b-ab42-a0440011d9e0/.s-core-build/runs/score-2850-native-_qjqrtmg/baseline-type-comparison/eclipse-score-docs-as-code-4bc0fbf/score_harness/outer_loop.py:349:13 - warning: Type of "gate_result" is partially unknown
    Type of "gate_result" is "dict[Unknown, Unknown]" (reportUnknownVariableType)
  /media/jefferson/11c42dee-73a3-4c2b-ab42-a0440011d9e0/.s-core-build/runs/score-2850-native-_qjqrtmg/baseline-type-comparison/eclipse-score-docs-as-code-4bc0fbf/score_harness/outer_loop.py:354:9 - warning: Type of "trace" is partially unknown
    Type of "trace" is "dict[Unknown, Unknown]" (reportUnknownVariableType)
  /media/jefferson/11c42dee-73a3-4c2b-ab42-a0440011d9e0/.s-core-build/runs/score-2850-native-_qjqrtmg/baseline-type-comparison/eclipse-score-docs-as-code-4bc0fbf/score_harness/outer_loop.py:382:27 - warning: Type of "r" is unknown (reportUnknownVariableType)
/media/jefferson/11c42dee-73a3-4c2b-ab42-a0440011d9e0/.s-core-build/runs/score-2850-native-_qjqrtmg/baseline-type-comparison/eclipse-score-docs-as-code-4bc0fbf/score_harness/query_runs.py
  /media/jefferson/11c42dee-73a3-4c2b-ab42-a0440011d9e0/.s-core-build/runs/score-2850-native-_qjqrtmg/baseline-type-comparison/eclipse-score-docs-as-code-4bc0fbf/score_harness/query_runs.py:42:46 - warning: Expected type arguments for generic class "dict" (reportMissingTypeArgument)
  /media/jefferson/11c42dee-73a3-4c2b-ab42-a0440011d9e0/.s-core-build/runs/score-2850-native-_qjqrtmg/baseline-type-comparison/eclipse-score-docs-as-code-4bc0fbf/score_harness/query_runs.py:44:16 - warning: Return type, "list[dict[Unknown, Unknown]]", is partially unknown (reportUnknownVariableType)
  /media/jefferson/11c42dee-73a3-4c2b-ab42-a0440011d9e0/.s-core-build/runs/score-2850-native-_qjqrtmg/baseline-type-comparison/eclipse-score-docs-as-code-4bc0fbf/score_harness/query_runs.py:50:12 - warning: Return type, "list[Unknown]", is partially unknown (reportUnknownVariableType)
  /media/jefferson/11c42dee-73a3-4c2b-ab42-a0440011d9e0/.s-core-build/runs/score-2850-native-_qjqrtmg/baseline-type-comparison/eclipse-score-docs-as-code-4bc0fbf/score_harness/query_runs.py:53:37 - warning: Expected type arguments for generic class "dict" (reportMissingTypeArgument)
  /media/jefferson/11c42dee-73a3-4c2b-ab42-a0440011d9e0/.s-core-build/runs/score-2850-native-_qjqrtmg/baseline-type-comparison/eclipse-score-docs-as-code-4bc0fbf/score_harness/query_runs.py:54:5 - warning: Type of "ranked" is partially unknown
    Type of "ranked" is "list[dict[Unknown, Unknown]]" (reportUnknownVariableType)
  /media/jefferson/11c42dee-73a3-4c2b-ab42-a0440011d9e0/.s-core-build/runs/score-2850-native-_qjqrtmg/baseline-type-comparison/eclipse-score-docs-as-code-4bc0fbf/score_harness/query_runs.py:55:9 - warning: Type of "row" is partially unknown
    Type of "row" is "dict[Unknown, Unknown]" (reportUnknownVariableType)
  /media/jefferson/11c42dee-73a3-4c2b-ab42-a0440011d9e0/.s-core-build/runs/score-2850-native-_qjqrtmg/baseline-type-comparison/eclipse-score-docs-as-code-4bc0fbf/score_harness/query_runs.py:78:67 - warning: Expected type arguments for generic class "dict" (reportMissingTypeArgument)
  /media/jefferson/11c42dee-73a3-4c2b-ab42-a0440011d9e0/.s-core-build/runs/score-2850-native-_qjqrtmg/baseline-type-comparison/eclipse-score-docs-as-code-4bc0fbf/score_harness/query_runs.py:79:5 - warning: Type of "scores" is partially unknown
    Type of "scores" is "dict[str, dict[Unknown, Unknown]]" (reportUnknownVariableType)
  /media/jefferson/11c42dee-73a3-4c2b-ab42-a0440011d9e0/.s-core-build/runs/score-2850-native-_qjqrtmg/baseline-type-comparison/eclipse-score-docs-as-code-4bc0fbf/score_harness/query_runs.py:79:23 - warning: Expected type arguments for generic class "dict" (reportMissingTypeArgument)
  /media/jefferson/11c42dee-73a3-4c2b-ab42-a0440011d9e0/.s-core-build/runs/score-2850-native-_qjqrtmg/baseline-type-comparison/eclipse-score-docs-as-code-4bc0fbf/score_harness/query_runs.py:84:12 - warning: Return type, "dict[str, dict[Unknown, Unknown]]", is partially unknown (reportUnknownVariableType)
  /media/jefferson/11c42dee-73a3-4c2b-ab42-a0440011d9e0/.s-core-build/runs/score-2850-native-_qjqrtmg/baseline-type-comparison/eclipse-score-docs-as-code-4bc0fbf/score_harness/query_runs.py:88:5 - warning: Type of "left_scores" is partially unknown
    Type of "left_scores" is "dict[str, dict[Unknown, Unknown]]" (reportUnknownVariableType)
  /media/jefferson/11c42dee-73a3-4c2b-ab42-a0440011d9e0/.s-core-build/runs/score-2850-native-_qjqrtmg/baseline-type-comparison/eclipse-score-docs-as-code-4bc0fbf/score_harness/query_runs.py:89:5 - warning: Type of "right_scores" is partially unknown
    Type of "right_scores" is "dict[str, dict[Unknown, Unknown]]" (reportUnknownVariableType)
  /media/jefferson/11c42dee-73a3-4c2b-ab42-a0440011d9e0/.s-core-build/runs/score-2850-native-_qjqrtmg/baseline-type-comparison/eclipse-score-docs-as-code-4bc0fbf/score_harness/query_runs.py:93:9 - warning: Type of "left_score" is partially unknown
    Type of "left_score" is "dict[Unknown, Unknown] | None" (reportUnknownVariableType)
  /media/jefferson/11c42dee-73a3-4c2b-ab42-a0440011d9e0/.s-core-build/runs/score-2850-native-_qjqrtmg/baseline-type-comparison/eclipse-score-docs-as-code-4bc0fbf/score_harness/query_runs.py:94:9 - warning: Type of "right_score" is partially unknown
    Type of "right_score" is "dict[Unknown, Unknown] | None" (reportUnknownVariableType)
  /media/jefferson/11c42dee-73a3-4c2b-ab42-a0440011d9e0/.s-core-build/runs/score-2850-native-_qjqrtmg/baseline-type-comparison/eclipse-score-docs-as-code-4bc0fbf/score_harness/query_runs.py:118:5 - warning: Type of "rows" is partially unknown
    Type of "rows" is "list[dict[Unknown, Unknown]]" (reportUnknownVariableType)
/media/jefferson/11c42dee-73a3-4c2b-ab42-a0440011d9e0/.s-core-build/runs/score-2850-native-_qjqrtmg/baseline-type-comparison/eclipse-score-docs-as-code-4bc0fbf/score_harness/tests/common_test.py
  /media/jefferson/11c42dee-73a3-4c2b-ab42-a0440011d9e0/.s-core-build/runs/score-2850-native-_qjqrtmg/baseline-type-comparison/eclipse-score-docs-as-code-4bc0fbf/score_harness/tests/common_test.py:43:5 - warning: Type of "tasks" is partially unknown
    Type of "tasks" is "list[dict[Unknown, Unknown]]" (reportUnknownVariableType)
  /media/jefferson/11c42dee-73a3-4c2b-ab42-a0440011d9e0/.s-core-build/runs/score-2850-native-_qjqrtmg/baseline-type-comparison/eclipse-score-docs-as-code-4bc0fbf/score_harness/tests/common_test.py:47:9 - warning: Type of "task" is partially unknown
    Type of "task" is "dict[Unknown, Unknown]" (reportUnknownVariableType)
/media/jefferson/11c42dee-73a3-4c2b-ab42-a0440011d9e0/.s-core-build/runs/score-2850-native-_qjqrtmg/baseline-type-comparison/eclipse-score-docs-as-code-4bc0fbf/score_harness/tests/validate_candidate_test.py
  /media/jefferson/11c42dee-73a3-4c2b-ab42-a0440011d9e0/.s-core-build/runs/score-2850-native-_qjqrtmg/baseline-type-comparison/eclipse-score-docs-as-code-4bc0fbf/score_harness/tests/validate_candidate_test.py:41:5 - warning: Type of "result" is partially unknown
    Type of "result" is "dict[Unknown, Unknown]" (reportUnknownVariableType)
  /media/jefferson/11c42dee-73a3-4c2b-ab42-a0440011d9e0/.s-core-build/runs/score-2850-native-_qjqrtmg/baseline-type-comparison/eclipse-score-docs-as-code-4bc0fbf/score_harness/tests/validate_candidate_test.py:57:5 - warning: Type of "result" is partially unknown
    Type of "result" is "dict[Unknown, Unknown]" (reportUnknownVariableType)
/media/jefferson/11c42dee-73a3-4c2b-ab42-a0440011d9e0/.s-core-build/runs/score-2850-native-_qjqrtmg/baseline-type-comparison/eclipse-score-docs-as-code-4bc0fbf/score_harness/validate_candidate.py
  /media/jefferson/11c42dee-73a3-4c2b-ab42-a0440011d9e0/.s-core-build/runs/score-2850-native-_qjqrtmg/baseline-type-comparison/eclipse-score-docs-as-code-4bc0fbf/score_harness/validate_candidate.py:65:6 - warning: Expected type arguments for generic class "dict" (reportMissingTypeArgument)
  /media/jefferson/11c42dee-73a3-4c2b-ab42-a0440011d9e0/.s-core-build/runs/score-2850-native-_qjqrtmg/baseline-type-comparison/eclipse-score-docs-as-code-4bc0fbf/score_harness/validate_candidate.py:159:16 - warning: Return type, "dict[Unknown, Unknown]", is partially unknown (reportUnknownVariableType)
  /media/jefferson/11c42dee-73a3-4c2b-ab42-a0440011d9e0/.s-core-build/runs/score-2850-native-_qjqrtmg/baseline-type-comparison/eclipse-score-docs-as-code-4bc0fbf/score_harness/validate_candidate.py:166:12 - warning: Return type, "dict[Unknown, Unknown]", is partially unknown (reportUnknownVariableType)
  /media/jefferson/11c42dee-73a3-4c2b-ab42-a0440011d9e0/.s-core-build/runs/score-2850-native-_qjqrtmg/baseline-type-comparison/eclipse-score-docs-as-code-4bc0fbf/score_harness/validate_candidate.py:176:52 - warning: Expected type arguments for generic class "dict" (reportMissingTypeArgument)
  /media/jefferson/11c42dee-73a3-4c2b-ab42-a0440011d9e0/.s-core-build/runs/score-2850-native-_qjqrtmg/baseline-type-comparison/eclipse-score-docs-as-code-4bc0fbf/score_harness/validate_candidate.py:181:9 - warning: Type of "failure" is partially unknown
    Type of "failure" is "dict[Unknown, Unknown]" (reportUnknownVariableType)
  /media/jefferson/11c42dee-73a3-4c2b-ab42-a0440011d9e0/.s-core-build/runs/score-2850-native-_qjqrtmg/baseline-type-comparison/eclipse-score-docs-as-code-4bc0fbf/score_harness/validate_candidate.py:182:9 - warning: Type of "entry" is partially unknown
    Type of "entry" is "dict[str, Unknown]" (reportUnknownVariableType)
  /media/jefferson/11c42dee-73a3-4c2b-ab42-a0440011d9e0/.s-core-build/runs/score-2850-native-_qjqrtmg/baseline-type-comparison/eclipse-score-docs-as-code-4bc0fbf/score_harness/validate_candidate.py:220:5 - warning: Type of "result" is partially unknown
    Type of "result" is "dict[Unknown, Unknown]" (reportUnknownVariableType)
/media/jefferson/11c42dee-73a3-4c2b-ab42-a0440011d9e0/.s-core-build/runs/score-2850-native-_qjqrtmg/baseline-type-comparison/eclipse-score-docs-as-code-4bc0fbf/score_pytest/attribute_plugin.py
  /media/jefferson/11c42dee-73a3-4c2b-ab42-a0440011d9e0/.s-core-build/runs/score-2850-native-_qjqrtmg/baseline-type-comparison/eclipse-score-docs-as-code-4bc0fbf/score_pytest/attribute_plugin.py:93:5 - warning: Type of "outcome" is unknown (reportUnknownVariableType)
  /media/jefferson/11c42dee-73a3-4c2b-ab42-a0440011d9e0/.s-core-build/runs/score-2850-native-_qjqrtmg/baseline-type-comparison/eclipse-score-docs-as-code-4bc0fbf/score_pytest/attribute_plugin.py:94:5 - warning: Type of "report" is unknown (reportUnknownVariableType)
  /media/jefferson/11c42dee-73a3-4c2b-ab42-a0440011d9e0/.s-core-build/runs/score-2850-native-_qjqrtmg/baseline-type-comparison/eclipse-score-docs-as-code-4bc0fbf/score_pytest/attribute_plugin.py:118:13 - warning: Type of "k" is unknown (reportUnknownVariableType)
  /media/jefferson/11c42dee-73a3-4c2b-ab42-a0440011d9e0/.s-core-build/runs/score-2850-native-_qjqrtmg/baseline-type-comparison/eclipse-score-docs-as-code-4bc0fbf/score_pytest/attribute_plugin.py:118:16 - warning: Type of "v" is unknown (reportUnknownVariableType)
  /media/jefferson/11c42dee-73a3-4c2b-ab42-a0440011d9e0/.s-core-build/runs/score-2850-native-_qjqrtmg/baseline-type-comparison/eclipse-score-docs-as-code-4bc0fbf/score_pytest/attribute_plugin.py:127:5 - warning: Type of "node" is unknown (reportUnknownVariableType)
  /media/jefferson/11c42dee-73a3-4c2b-ab42-a0440011d9e0/.s-core-build/runs/score-2850-native-_qjqrtmg/baseline-type-comparison/eclipse-score-docs-as-code-4bc0fbf/score_pytest/attribute_plugin.py:128:5 - warning: Type of "raw_file_path" is unknown (reportUnknownVariableType)
  /media/jefferson/11c42dee-73a3-4c2b-ab42-a0440011d9e0/.s-core-build/runs/score-2850-native-_qjqrtmg/baseline-type-comparison/eclipse-score-docs-as-code-4bc0fbf/score_pytest/attribute_plugin.py:128:20 - warning: Type of "line_number" is unknown (reportUnknownVariableType)
  /media/jefferson/11c42dee-73a3-4c2b-ab42-a0440011d9e0/.s-core-build/runs/score-2850-native-_qjqrtmg/baseline-type-comparison/eclipse-score-docs-as-code-4bc0fbf/score_pytest/attribute_plugin.py:128:33 - warning: Type of "_" is unknown (reportUnknownVariableType)
  /media/jefferson/11c42dee-73a3-4c2b-ab42-a0440011d9e0/.s-core-build/runs/score-2850-native-_qjqrtmg/baseline-type-comparison/eclipse-score-docs-as-code-4bc0fbf/score_pytest/attribute_plugin.py:131:5 - warning: Type of "clean_file_path" is unknown (reportUnknownVariableType)
/media/jefferson/11c42dee-73a3-4c2b-ab42-a0440011d9e0/.s-core-build/runs/score-2850-native-_qjqrtmg/baseline-type-comparison/eclipse-score-docs-as-code-4bc0fbf/score_pytest/tests/test_rules_are_working_correctly.py
  /media/jefferson/11c42dee-73a3-4c2b-ab42-a0440011d9e0/.s-core-build/runs/score-2850-native-_qjqrtmg/baseline-type-comparison/eclipse-score-docs-as-code-4bc0fbf/score_pytest/tests/test_rules_are_working_correctly.py:13:42 - warning: Type annotation is missing for parameter "fixture42" (reportMissingParameterType)
/media/jefferson/11c42dee-73a3-4c2b-ab42-a0440011d9e0/.s-core-build/runs/score-2850-native-_qjqrtmg/baseline-type-comparison/eclipse-score-docs-as-code-4bc0fbf/scripts_bazel/tests/traceability_gate_test.py
  /media/jefferson/11c42dee-73a3-4c2b-ab42-a0440011d9e0/.s-core-build/runs/score-2850-native-_qjqrtmg/baseline-type-comparison/eclipse-score-docs-as-code-4bc0fbf/scripts_bazel/tests/traceability_gate_test.py:30:58 - warning: Expected type arguments for generic class "dict" (reportMissingTypeArgument)
  /media/jefferson/11c42dee-73a3-4c2b-ab42-a0440011d9e0/.s-core-build/runs/score-2850-native-_qjqrtmg/baseline-type-comparison/eclipse-score-docs-as-code-4bc0fbf/scripts_bazel/tests/traceability_gate_test.py:33:9 - warning: Type of "metrics_by_type" is partially unknown
    Type of "metrics_by_type" is "dict[Unknown, Unknown]" (reportUnknownVariableType)
  /media/jefferson/11c42dee-73a3-4c2b-ab42-a0440011d9e0/.s-core-build/runs/score-2850-native-_qjqrtmg/baseline-type-comparison/eclipse-score-docs-as-code-4bc0fbf/scripts_bazel/tests/traceability_gate_test.py:57:5 - warning: Type of "payload" is partially unknown
    Type of "payload" is "dict[str, Unknown]" (reportUnknownVariableType)
  /media/jefferson/11c42dee-73a3-4c2b-ab42-a0440011d9e0/.s-core-build/runs/score-2850-native-_qjqrtmg/baseline-type-comparison/eclipse-score-docs-as-code-4bc0fbf/scripts_bazel/tests/traceability_gate_test.py:67:61 - warning: Expected type arguments for generic class "CompletedProcess" (reportMissingTypeArgument)
  /media/jefferson/11c42dee-73a3-4c2b-ab42-a0440011d9e0/.s-core-build/runs/score-2850-native-_qjqrtmg/baseline-type-comparison/eclipse-score-docs-as-code-4bc0fbf/scripts_bazel/tests/traceability_gate_test.py:79:5 - warning: Type of "result" is partially unknown
    Type of "result" is "CompletedProcess[Unknown]" (reportUnknownVariableType)
  /media/jefferson/11c42dee-73a3-4c2b-ab42-a0440011d9e0/.s-core-build/runs/score-2850-native-_qjqrtmg/baseline-type-comparison/eclipse-score-docs-as-code-4bc0fbf/scripts_bazel/tests/traceability_gate_test.py:91:5 - warning: Type of "result" is partially unknown
    Type of "result" is "CompletedProcess[Unknown]" (reportUnknownVariableType)
  /media/jefferson/11c42dee-73a3-4c2b-ab42-a0440011d9e0/.s-core-build/runs/score-2850-native-_qjqrtmg/baseline-type-comparison/eclipse-score-docs-as-code-4bc0fbf/scripts_bazel/tests/traceability_gate_test.py:104:5 - warning: Type of "result" is partially unknown
    Type of "result" is "CompletedProcess[Unknown]" (reportUnknownVariableType)
  /media/jefferson/11c42dee-73a3-4c2b-ab42-a0440011d9e0/.s-core-build/runs/score-2850-native-_qjqrtmg/baseline-type-comparison/eclipse-score-docs-as-code-4bc0fbf/scripts_bazel/tests/traceability_gate_test.py:111:5 - warning: Type of "metrics_by_type" is partially unknown
    Type of "metrics_by_type" is "dict[str, dict[str, Unknown]]" (reportUnknownVariableType)
  /media/jefferson/11c42dee-73a3-4c2b-ab42-a0440011d9e0/.s-core-build/runs/score-2850-native-_qjqrtmg/baseline-type-comparison/eclipse-score-docs-as-code-4bc0fbf/scripts_bazel/tests/traceability_gate_test.py:139:5 - warning: Type of "result" is partially unknown
    Type of "result" is "CompletedProcess[Unknown]" (reportUnknownVariableType)
  /media/jefferson/11c42dee-73a3-4c2b-ab42-a0440011d9e0/.s-core-build/runs/score-2850-native-_qjqrtmg/baseline-type-comparison/eclipse-score-docs-as-code-4bc0fbf/scripts_bazel/tests/traceability_gate_test.py:146:5 - warning: Type of "metrics_by_type" is partially unknown
    Type of "metrics_by_type" is "dict[str, dict[str, Unknown]]" (reportUnknownVariableType)
  /media/jefferson/11c42dee-73a3-4c2b-ab42-a0440011d9e0/.s-core-build/runs/score-2850-native-_qjqrtmg/baseline-type-comparison/eclipse-score-docs-as-code-4bc0fbf/scripts_bazel/tests/traceability_gate_test.py:195:5 - warning: Type of "result" is partially unknown
    Type of "result" is "CompletedProcess[Unknown]" (reportUnknownVariableType)
  /media/jefferson/11c42dee-73a3-4c2b-ab42-a0440011d9e0/.s-core-build/runs/score-2850-native-_qjqrtmg/baseline-type-comparison/eclipse-score-docs-as-code-4bc0fbf/scripts_bazel/tests/traceability_gate_test.py:208:5 - warning: Type of "result" is partially unknown
    Type of "result" is "CompletedProcess[Unknown]" (reportUnknownVariableType)
  /media/jefferson/11c42dee-73a3-4c2b-ab42-a0440011d9e0/.s-core-build/runs/score-2850-native-_qjqrtmg/baseline-type-comparison/eclipse-score-docs-as-code-4bc0fbf/scripts_bazel/tests/traceability_gate_test.py:220:5 - warning: Type of "result" is partially unknown
    Type of "result" is "CompletedProcess[Unknown]" (reportUnknownVariableType)
  /media/jefferson/11c42dee-73a3-4c2b-ab42-a0440011d9e0/.s-core-build/runs/score-2850-native-_qjqrtmg/baseline-type-comparison/eclipse-score-docs-as-code-4bc0fbf/scripts_bazel/tests/traceability_gate_test.py:227:5 - warning: Type of "result" is partially unknown
    Type of "result" is "CompletedProcess[Unknown]" (reportUnknownVariableType)
/media/jefferson/11c42dee-73a3-4c2b-ab42-a0440011d9e0/.s-core-build/runs/score-2850-native-_qjqrtmg/baseline-type-comparison/eclipse-score-docs-as-code-4bc0fbf/src/extensions/score_metamodel/tests/test_traceability_metrics.py
  /media/jefferson/11c42dee-73a3-4c2b-ab42-a0440011d9e0/.s-core-build/runs/score-2850-native-_qjqrtmg/baseline-type-comparison/eclipse-score-docs-as-code-4bc0fbf/src/extensions/score_metamodel/tests/test_traceability_metrics.py:147:5 - warning: Type of "all_needs" is partially unknown
    Type of "all_needs" is "list[dict[str, Unknown]]" (reportUnknownVariableType)
/media/jefferson/11c42dee-73a3-4c2b-ab42-a0440011d9e0/.s-core-build/runs/score-2850-native-_qjqrtmg/baseline-type-comparison/eclipse-score-docs-as-code-4bc0fbf/src/extensions/score_metamodel/tests/test_traceability_metrics_json_generation.py
  /media/jefferson/11c42dee-73a3-4c2b-ab42-a0440011d9e0/.s-core-build/runs/score-2850-native-_qjqrtmg/baseline-type-comparison/eclipse-score-docs-as-code-4bc0fbf/src/extensions/score_metamodel/tests/test_traceability_metrics_json_generation.py:68:20 - warning: "_write_metrics_json" is private and used outside of the module in which it is declared (reportPrivateUsage)
  /media/jefferson/11c42dee-73a3-4c2b-ab42-a0440011d9e0/.s-core-build/runs/score-2850-native-_qjqrtmg/baseline-type-comparison/eclipse-score-docs-as-code-4bc0fbf/src/extensions/score_metamodel/tests/test_traceability_metrics_json_generation.py:87:20 - warning: "_write_metrics_json" is private and used outside of the module in which it is declared (reportPrivateUsage)
/media/jefferson/11c42dee-73a3-4c2b-ab42-a0440011d9e0/.s-core-build/runs/score-2850-native-_qjqrtmg/baseline-type-comparison/eclipse-score-docs-as-code-4bc0fbf/src/extensions/score_metamodel/traceability_metrics.py
  /media/jefferson/11c42dee-73a3-4c2b-ab42-a0440011d9e0/.s-core-build/runs/score-2850-native-_qjqrtmg/baseline-type-comparison/eclipse-score-docs-as-code-4bc0fbf/src/extensions/score_metamodel/traceability_metrics.py:41:13 - warning: Type of "item" is unknown (reportUnknownVariableType)
0 errors, 101 warnings, 0 notes
