$TEST_TMPDIR defined, some defaults will be overridden
INFO: Invocation ID: 0e60c2e7-f368-41b4-9d7a-fdee0db30354
Computing main repo mapping: 
Loading: 
Loading: 0 packages loaded
Analyzing: target //score_harness:outer_loop (0 packages loaded, 0 targets configured)
Analyzing: target //score_harness:outer_loop (0 packages loaded, 0 targets configured)

INFO: Analyzed target //score_harness:outer_loop (0 packages loaded, 5 targets configured).
INFO: Found 1 target...
Target //score_harness:outer_loop up-to-date:
  bazel-bin/score_harness/outer_loop
  bazel-bin/score_harness/outer_loop.venv.pth
INFO: Elapsed time: 1.061s, Critical Path: 0.17s
INFO: 1 process: 8 action cache hit, 1 internal.
INFO: Build completed successfully, 1 total action
INFO: Running command line: bazel-bin/score_harness/outer_loop <args omitted>
[validation] candidate=pinned_context_harness task=task_002_threshold_fail status=ok
  [SKIP] task_001_complies_link_removed: inactive task spec
  [+] task_002_threshold_fail
  [+] task_003_broken_refs_fail
  [+] task_004_need_type_scope_pass
  [+] task_005_build_output_pass

pinned_context_harness: 4/4 correct
Traces written to /media/jefferson/11c42dee-73a3-4c2b-ab42-a0440011d9e0/.s-core-build/runs/score-2850-native-_qjqrtmg/complete-seed-runs/iteration_001/pinned_context_harness
Summary appended to /media/jefferson/11c42dee-73a3-4c2b-ab42-a0440011d9e0/.s-core-build/runs/score-2850-native-_qjqrtmg/complete-seed-runs/evolution_summary.jsonl
