$TEST_TMPDIR defined, some defaults will be overridden
INFO: Invocation ID: 634c8fbc-4ebf-43fc-880a-e3718d55bf9f
Computing main repo mapping: 
Loading: 
Loading: 0 packages loaded
Analyzing: target //score_harness:evaluate (0 packages loaded, 0 targets configured)
Analyzing: target //score_harness:evaluate (0 packages loaded, 0 targets configured)

INFO: Analyzed target //score_harness:evaluate (0 packages loaded, 0 targets configured).
INFO: Found 1 target...
Target //score_harness:evaluate up-to-date:
  bazel-bin/score_harness/evaluate
  bazel-bin/score_harness/evaluate.venv.pth
INFO: Elapsed time: 2.029s, Critical Path: 0.08s
INFO: 1 process: 2 action cache hit, 1 internal.
INFO: Build completed successfully, 1 total action
INFO: Running command line: bazel-bin/score_harness/evaluate <args omitted>
{
  "candidate": "pinned_context_harness",
  "iteration": 5,
  "split": "search",
  "tasks_total": 30,
  "tasks_correct": 30,
  "timestamp": "2026-10-07T15:13:06.411295+00:00",
  "environment_hash": "0e04a9a344bdc358c403a1b20697448284641a05b8099ec384266617c6f84279",
  "pass_rate": 1.0
}
