$TEST_TMPDIR defined, some defaults will be overridden
INFO: Invocation ID: fa4e3742-2d7c-4369-9f82-4bb52407c5ff
Computing main repo mapping: 
Loading: 
Loading: 0 packages loaded
Analyzing: target //score_harness:evaluate (0 packages loaded, 0 targets configured)
Analyzing: target //score_harness:evaluate (0 packages loaded, 0 targets configured)

INFO: Analyzed target //score_harness:evaluate (0 packages loaded, 0 targets configured).
INFO: Found 1 target...
Target //score_harness:evaluate up-to-date:
  bazel-bin/score_harness/evaluate
  bazel-bin/score_harness/evaluate.venv.pth
INFO: Elapsed time: 0.353s, Critical Path: 0.05s
INFO: 1 process: 1 action cache hit, 1 internal.
INFO: Build completed successfully, 1 total action
INFO: Running command line: bazel-bin/score_harness/evaluate <args omitted>
Traceback (most recent call last):
  File "/media/jefferson/11c42dee-73a3-4c2b-ab42-a0440011d9e0/.s-core-build/runs/score-2850-native-_qjqrtmg/draft-bazel-output/execroot/_main/bazel-out/k8-fastbuild/bin/score_harness/evaluate.runfiles/_main/score_harness/evaluate.py", line 335, in <module>
    main()
  File "/media/jefferson/11c42dee-73a3-4c2b-ab42-a0440011d9e0/.s-core-build/runs/score-2850-native-_qjqrtmg/draft-bazel-output/execroot/_main/bazel-out/k8-fastbuild/bin/score_harness/evaluate.runfiles/_main/score_harness/evaluate.py", line 326, in main
    result = evaluate(
             ^^^^^^^^^
  File "/media/jefferson/11c42dee-73a3-4c2b-ab42-a0440011d9e0/.s-core-build/runs/score-2850-native-_qjqrtmg/draft-bazel-output/execroot/_main/bazel-out/k8-fastbuild/bin/score_harness/evaluate.runfiles/_main/score_harness/evaluate.py", line 154, in evaluate
    validation = validate_before_run(
                 ^^^^^^^^^^^^^^^^^^^^
  File "/media/jefferson/11c42dee-73a3-4c2b-ab42-a0440011d9e0/.s-core-build/runs/score-2850-native-_qjqrtmg/draft-bazel-output/execroot/_main/bazel-out/k8-fastbuild/bin/score_harness/evaluate.runfiles/_main/score_harness/evaluate.py", line 112, in validate_before_run
    input_path=str(artifact(task_path, first["after"])),
                   ^^^^^^^^^^^^^^^^^^^^^^^^^^^^^^^^^^^
  File "/media/jefferson/11c42dee-73a3-4c2b-ab42-a0440011d9e0/.s-core-build/runs/score-2850-native-_qjqrtmg/draft-bazel-output/execroot/_main/bazel-out/k8-fastbuild/bin/score_harness/evaluate.runfiles/_main/score_harness/evaluate.py", line 58, in artifact
    raise ValueError(f"missing or symlink corpus artifact: {value}")
ValueError: missing or symlink corpus artifact: after.json
