/media/jefferson/11c42dee-73a3-4c2b-ab42-a0440011d9e0/.s-core-build/runs/score-2850-native-_qjqrtmg/draft-native/score_harness/consistency.py
  /media/jefferson/11c42dee-73a3-4c2b-ab42-a0440011d9e0/.s-core-build/runs/score-2850-native-_qjqrtmg/draft-native/score_harness/consistency.py:38:66 - warning: Type of "item" is unknown (reportUnknownVariableType)
  /media/jefferson/11c42dee-73a3-4c2b-ab42-a0440011d9e0/.s-core-build/runs/score-2850-native-_qjqrtmg/draft-native/score_harness/consistency.py:57:9 - warning: Type of "key" is unknown (reportUnknownVariableType)
  /media/jefferson/11c42dee-73a3-4c2b-ab42-a0440011d9e0/.s-core-build/runs/score-2850-native-_qjqrtmg/draft-native/score_harness/consistency.py:57:14 - warning: Type of "value" is unknown (reportUnknownVariableType)
  /media/jefferson/11c42dee-73a3-4c2b-ab42-a0440011d9e0/.s-core-build/runs/score-2850-native-_qjqrtmg/draft-native/score_harness/consistency.py:60:12 - warning: Return type, "dict[Unknown, Unknown]", is partially unknown (reportUnknownVariableType)
/media/jefferson/11c42dee-73a3-4c2b-ab42-a0440011d9e0/.s-core-build/runs/score-2850-native-_qjqrtmg/draft-native/score_harness/evaluate.py
  /media/jefferson/11c42dee-73a3-4c2b-ab42-a0440011d9e0/.s-core-build/runs/score-2850-native-_qjqrtmg/draft-native/score_harness/evaluate.py:38:46 - warning: Type of "validate_candidate" is partially unknown
    Type of "validate_candidate" is "(candidate_path: Path, task_spec_path: Path, skip_external_checks: bool = False) -> dict[Unknown, Unknown]" (reportUnknownVariableType)
  /media/jefferson/11c42dee-73a3-4c2b-ab42-a0440011d9e0/.s-core-build/runs/score-2850-native-_qjqrtmg/draft-native/score_harness/evaluate.py:99:12 - warning: Return type, "dict[Unknown, Unknown]", is partially unknown (reportUnknownVariableType)
  /media/jefferson/11c42dee-73a3-4c2b-ab42-a0440011d9e0/.s-core-build/runs/score-2850-native-_qjqrtmg/draft-native/score_harness/evaluate.py:137:9 - warning: Type of "validation" is partially unknown
    Type of "validation" is "dict[Unknown, Unknown]" (reportUnknownVariableType)
  /media/jefferson/11c42dee-73a3-4c2b-ab42-a0440011d9e0/.s-core-build/runs/score-2850-native-_qjqrtmg/draft-native/score_harness/evaluate.py:158:5 - warning: Type of "environment" is partially unknown
    Type of "environment" is "dict[str, Unknown]" (reportUnknownVariableType)
  /media/jefferson/11c42dee-73a3-4c2b-ab42-a0440011d9e0/.s-core-build/runs/score-2850-native-_qjqrtmg/draft-native/score_harness/evaluate.py:184:30 - warning: Type of "r" is unknown (reportUnknownVariableType)
  /media/jefferson/11c42dee-73a3-4c2b-ab42-a0440011d9e0/.s-core-build/runs/score-2850-native-_qjqrtmg/draft-native/score_harness/evaluate.py:230:9 - warning: Type of "order" is partially unknown
    Type of "order" is "(item: Unknown) -> tuple[Unknown, Unknown, Unknown]" (reportUnknownVariableType)
  /media/jefferson/11c42dee-73a3-4c2b-ab42-a0440011d9e0/.s-core-build/runs/score-2850-native-_qjqrtmg/draft-native/score_harness/evaluate.py:249:9 - warning: Type of "provenance" is partially unknown
    Type of "provenance" is "dict[str, Unknown]" (reportUnknownVariableType)
  /media/jefferson/11c42dee-73a3-4c2b-ab42-a0440011d9e0/.s-core-build/runs/score-2850-native-_qjqrtmg/draft-native/score_harness/evaluate.py:261:9 - warning: Type of "score" is partially unknown
    Type of "score" is "dict[str, Unknown]" (reportUnknownVariableType)
  /media/jefferson/11c42dee-73a3-4c2b-ab42-a0440011d9e0/.s-core-build/runs/score-2850-native-_qjqrtmg/draft-native/score_harness/evaluate.py:275:5 - warning: Type of "summary" is partially unknown
    Type of "summary" is "dict[str, Unknown]" (reportUnknownVariableType)
  /media/jefferson/11c42dee-73a3-4c2b-ab42-a0440011d9e0/.s-core-build/runs/score-2850-native-_qjqrtmg/draft-native/score_harness/evaluate.py:280:55 - warning: Type of "r" is unknown (reportUnknownVariableType)
  /media/jefferson/11c42dee-73a3-4c2b-ab42-a0440011d9e0/.s-core-build/runs/score-2850-native-_qjqrtmg/draft-native/score_harness/evaluate.py:289:67 - warning: Type of "r" is unknown (reportUnknownVariableType)
  /media/jefferson/11c42dee-73a3-4c2b-ab42-a0440011d9e0/.s-core-build/runs/score-2850-native-_qjqrtmg/draft-native/score_harness/evaluate.py:295:12 - warning: Return type, "dict[str, Unknown]", is partially unknown (reportUnknownVariableType)
/media/jefferson/11c42dee-73a3-4c2b-ab42-a0440011d9e0/.s-core-build/runs/score-2850-native-_qjqrtmg/draft-native/score_harness/tests/assurance_lane_a_test.py
  /media/jefferson/11c42dee-73a3-4c2b-ab42-a0440011d9e0/.s-core-build/runs/score-2850-native-_qjqrtmg/draft-native/score_harness/tests/assurance_lane_a_test.py:25:38 - warning: Type of "read_summary" is partially unknown
    Type of "read_summary" is "(summary_path: Path) -> list[dict[Unknown, Unknown]]" (reportUnknownVariableType)
  /media/jefferson/11c42dee-73a3-4c2b-ab42-a0440011d9e0/.s-core-build/runs/score-2850-native-_qjqrtmg/draft-native/score_harness/tests/assurance_lane_a_test.py:82:5 - warning: Type of "search_ids" is partially unknown
    Type of "search_ids" is "set[Unknown | str]" (reportUnknownVariableType)
  /media/jefferson/11c42dee-73a3-4c2b-ab42-a0440011d9e0/.s-core-build/runs/score-2850-native-_qjqrtmg/draft-native/score_harness/tests/assurance_lane_a_test.py:88:5 - warning: Type of "heldout_ids" is partially unknown
    Type of "heldout_ids" is "set[Unknown | str]" (reportUnknownVariableType)
0 errors, 19 warnings, 0 notes
