$TEST_TMPDIR defined, some defaults will be overridden
Starting local Bazel server (8.4.2) and connecting to it...
INFO: Invocation ID: 46a75d54-962d-4c7c-a2bb-4781bca6bcc1
Computing main repo mapping: 
Loading: 
Loading: 0 packages loaded
Loading: 0 packages loaded
    currently loading: score_harness
Loading: 0 packages loaded
    currently loading: score_harness
Analyzing: target //score_harness:evaluate (1 packages loaded, 0 targets configured)
Analyzing: target //score_harness:evaluate (1 packages loaded, 0 targets configured)

Analyzing: target //score_harness:evaluate (63 packages loaded, 8 targets configured)

Analyzing: target //score_harness:evaluate (181 packages loaded, 821 targets configured)

Analyzing: target //score_harness:evaluate (234 packages loaded, 4187 targets configured)

Analyzing: target //score_harness:evaluate (276 packages loaded, 11627 targets configured)

INFO: Analyzed target //score_harness:evaluate (277 packages loaded, 21684 targets configured).
[1 / 1] no actions running
INFO: Found 1 target...
Target //score_harness:evaluate up-to-date:
  bazel-bin/score_harness/evaluate
  bazel-bin/score_harness/evaluate.venv.pth
INFO: Elapsed time: 20.579s, Critical Path: 1.22s
INFO: 1 process: 47 action cache hit, 1 internal.
INFO: Build completed successfully, 1 total action
INFO: Running command line: bazel-bin/score_harness/evaluate <args omitted>
{
  "candidate": "base_harness",
  "iteration": 3,
  "split": "search",
  "tasks_total": 30,
  "tasks_correct": 30,
  "timestamp": "2026-10-07T15:00:22.214391+00:00",
  "environment_hash": "7bab1c0bdb7693fa14d49fe39089efa0be803440ef272854a376bd782c1aa0d0",
  "pass_rate": 1.0
}
