$TEST_TMPDIR defined, some defaults will be overridden
INFO: Invocation ID: 8be7bca4-4c4b-4a92-aea1-75bbe6ebebf9
Computing main repo mapping: 
Loading: 
Loading: 0 packages loaded
WARNING: Build option --test_env has changed, discarding analysis cache (this can be expensive, see https://bazel.build/advanced/performance/iteration-speed).
Analyzing: target //:docs_check (0 packages loaded, 0 targets configured)
Analyzing: target //:docs_check (0 packages loaded, 0 targets configured)

INFO: Analyzed target //:docs_check (0 packages loaded, 23190 targets configured).
[1 / 1] no actions running
INFO: Found 1 target...
Target //:docs_check up-to-date:
  bazel-bin/docs_check
  bazel-bin/docs_check.venv.pth
INFO: Elapsed time: 3.472s, Critical Path: 0.13s
INFO: 1 process: 475 action cache hit, 1 internal.
INFO: Build completed successfully, 1 total action
INFO: Running command line: bazel-bin/docs_check
Running Sphinx v9.1.0
loading translations [en]... done
making output directory... done
calculate directory_hash = e3b0c44298fc1c149afbf4c8996fb92427ae41e4649b934ca495991b7852b855 within 0.00016188621520996094 seconds.
Read in collections ...
Clean collections ...
Executing collections ...
myst v5.0.0: MdParserConfig(commonmark_only=False, gfm_only=False, enable_extensions={'colon_fence'}, disable_syntax=[], all_links_external=False, links_external_new_tab=False, url_schemes=('http', 'https', 'mailto', 'ftp'), ref_domains=None, fence_as_directive=set(), number_code_blocks=[], title_to_header=False, heading_anchors=0, heading_slug_func=None, html_meta={}, footnote_sort=True, footnote_transition=True, words_per_minute=200, substitutions={}, linkify_fuzzy_links=True, dmath_allow_labels=True, dmath_allow_space=True, dmath_allow_digits=True, dmath_double_inline=False, update_mathjax=True, mathjax_classes='tex2jax_process|mathjax_process|math|output_area', enable_checkboxes=False, suppress_warnings=[], highlight_code_blocks=True)
building [mo]: targets for 0 po files that are out of date
writing output... 
building [needs]: targets for 0 source files that are out of date
updating environment: [new config] 38 added, 0 changed, 0 removed
Path 'needs.flow_configs.score_config' matches pattern 'needs_flow_configs.score_config' (prefix='!include ', suffix=None)
Relativizing embedded string path at 'needs.flow_configs.score_config': !include /media/jefferson/11c42dee-73a3-4c2b-ab42-a0440011d9e0/.s-core-build/runs/score-2850-native-_qjqrtmg/draft-bazel-output/execroot/_main/bazel-out/k8-fastbuild/bin/docs_check.runfiles/_main/src/extensions/score_layout/assets/puml-theme-score.puml -> !include ../src/extensions/score_layout/assets/puml-theme-score.puml
Path 'needs.external_needs[0].json_path' matches pattern 'needs_external_needs[*].json_path' (prefix=None, suffix=None)
Relativizing path at 'needs.external_needs[0].json_path': /media/jefferson/11c42dee-73a3-4c2b-ab42-a0440011d9e0/.s-core-build/runs/score-2850-native-_qjqrtmg/draft-bazel-output/execroot/_main/bazel-out/k8-fastbuild/bin/docs_check.runfiles/score_process+/needs_json/_build/needs/needs.json -> ../bazel-bin/external/score_process+/needs_json/_build/needs/needs.json
Merged TOML configuration from '/media/jefferson/11c42dee-73a3-4c2b-ab42-a0440011d9e0/.s-core-build/runs/score-2850-native-_qjqrtmg/draft-bazel-output/execroot/_main/bazel-out/k8-fastbuild/bin/docs_check.runfiles/_main/src/extensions/score_sync_toml/shared.toml'
Needs configuration written to '/media/jefferson/11c42dee-73a3-4c2b-ab42-a0440011d9e0/.s-core-build/runs/score-2850-native-_qjqrtmg/draft-native/docs/ubproject.toml'
reading sources... [  3%] concepts/agentic_software_development
reading sources... [  5%] concepts/assurance_context
reading sources... [  8%] concepts/bidirectional_traceability
reading sources... [ 11%] concepts/docs_deps
reading sources... [ 13%] concepts/index
reading sources... [ 16%] how-to/add_extensions
reading sources... [ 18%] how-to/agentic_software_development
reading sources... [ 21%] how-to/dashboards_and_quality_gates
reading sources... [ 24%] how-to/faq
reading sources... [ 26%] how-to/get_started
reading sources... [ 29%] how-to/index
reading sources... [ 32%] how-to/other_modules
reading sources... [ 34%] how-to/setup
reading sources... [ 37%] how-to/source_to_doc_links
reading sources... [ 39%] how-to/test_to_doc_links
reading sources... [ 42%] how-to/write_docs
reading sources... [ 45%] index
reading sources... [ 47%] internals/agent_harness
reading sources... [ 50%] internals/benchmark_results
reading sources... [ 53%] internals/decisions/001-test-results-in-workflow
reading sources... [ 55%] internals/decisions/index
reading sources... [ 58%] internals/extensions/extension_guide
reading sources... [ 61%] internals/extensions/index
reading sources... [ 63%] internals/extensions/metamodel
reading sources... [ 66%] internals/extensions/rst_filebased_testing
reading sources... [ 68%] internals/extensions/source_code_linker
reading sources... [ 71%] internals/extensions/sync_toml
reading sources... [ 74%] internals/index
reading sources... [ 76%] internals/requirements/capabilities
reading sources... [ 79%] internals/requirements/implementation_state
reading sources... [ 82%] internals/requirements/index
reading sources... [ 84%] internals/requirements/process_overview
reading sources... [ 87%] internals/requirements/requirements
reading sources... [ 89%] internals/requirements/tool_req_overview
reading sources... [ 92%] internals/requirements/tooling_verification
reading sources... [ 95%] reference/bazel_macros
reading sources... [ 97%] reference/commands
reading sources... [100%] reference/index

Tests missing all properties: merge_sourcelinks_test__test_merge_sourcelinks_basic, merge_sourcelinks_test__test_merge_sourcelinks_with_one_empty_file, merge_sourcelinks_test__test_merge_sourcelinks_wrong_schema, merge_sourcelinks_test__test_merge_sourcelinks_with_known_good
Tests missing all properties: generate_sourcelinks_cli_test__test_clean_external_prefix[input_path0-expected_output0], generate_sourcelinks_cli_test__test_clean_external_prefix[input_path1-expected_output1], generate_sourcelinks_cli_test__test_clean_external_prefix[input_path2-expected_output2], generate_sourcelinks_cli_test__test_clean_external_prefix[input_path3-expected_output3], generate_sourcelinks_cli_test__test_clean_external_prefix[input_path4-expected_output4], generate_sourcelinks_cli_test__test_generate_sourcelinks_cli_basic, generate_sourcelinks_cli_test__test_generate_sourcelinks_cli_parse_external_module, generate_sourcelinks_cli_test__test_generate_sourcelinks_cli_file_not_exists
Tests missing all properties: traceability_gate_test__test_gate_passes_when_thresholds_met, traceability_gate_test__test_gate_fails_when_threshold_not_met, traceability_gate_test__test_gate_require_all_links_fails, traceability_gate_test__test_gate_fail_on_broken_refs, traceability_gate_test__test_gate_specific_need_type, traceability_gate_test__test_gate_unknown_need_type_fails, traceability_gate_test__test_gate_unsupported_schema_version, traceability_gate_test__test_gate_missing_file_returns_error
Tests missing all properties: assurance_lane_a_test__test_native_corpus[search-30-base_harness], assurance_lane_a_test__test_native_corpus[search-30-pinned_context_harness], assurance_lane_a_test__test_native_corpus[heldout-10-base_harness], assurance_lane_a_test__test_native_corpus[heldout-10-pinned_context_harness], assurance_lane_a_test__test_disjoint_corpus, assurance_lane_a_test__test_reject_corpus_escape[../escape.json], assurance_lane_a_test__test_reject_corpus_escape[/etc/passwd], assurance_lane_a_test__test_reject_corpus_escape[], assurance_lane_a_test__test_reject_corpus_escape[https://example.org/file], assurance_lane_a_test__test_reject_symlink_artifact, assurance_lane_a_test__test_invalid_needs_and_rule, assurance_lane_a_test__test_rule_selection_and_new_broken_link, assurance_lane_a_test__test_missing_validation_tool_fails[ruff], assurance_lane_a_test__test_missing_validation_tool_fails[basedpyright]
Tests missing all properties: validate_candidate_test__test_validate_harness_baseline, validate_candidate_test__test_validate_harness_rule_retrieval, validate_candidate_test__test_task_spec_schema
Tests missing all properties: pinned_context_harness_test__test_prepared_rule_catalog_matches_native_yaml, pinned_context_harness_test__test_native_loader_and_lightweight_validation, pinned_context_harness_test__test_native_rule_ids_retrieve_only_selected_rules, pinned_context_harness_test__test_unknown_native_rule_id_fails_closed, pinned_context_harness_test__test_single_file_candidate_loads_in_isolated_stdlib_interpreter, pinned_context_harness_test__test_preserves_native_needs_graph_and_source_provenance, pinned_context_harness_test__test_preserves_prepared_assistant_export, pinned_context_harness_test__test_directory_order_and_relocation_are_deterministic, pinned_context_harness_test__test_rules_are_explicit_sorted_and_deduplicated, pinned_context_harness_test__test_allows_only_explicit_absolute_external_rule, pinned_context_harness_test__test_rejects_invalid_input_paths[../secret.txt], pinned_context_harness_test__test_rejects_invalid_input_paths[https://example.com/needs.json], pinned_context_harness_test__test_rejects_invalid_input_paths[], pinned_context_harness_test__test_rejects_invalid_input_paths[None], pinned_context_harness_test__test_rejects_invalid_rule_paths[../secret.txt], pinned_context_harness_test__test_rejects_invalid_rule_paths[https://example.com/rule.json], pinned_context_harness_test__test_rejects_symlink_escapes[file], pinned_context_harness_test__test_rejects_symlink_escapes[directory], pinned_context_harness_test__test_rejects_symlink_escapes[parent], pinned_context_harness_test__test_rejects_symlink_escapes[rule], pinned_context_harness_test__test_rejects_fifo_without_blocking, pinned_context_harness_test__test_rejects_ambiguous_or_invalid_json[{"id":"REQ_1","id":"REQ_2"}], pinned_context_harness_test__test_rejects_ambiguous_or_invalid_json[{"n":NaN}], pinned_context_harness_test__test_rejects_ambiguous_or_invalid_json[not json], pinned_context_harness_test__test_rejects_invalid_utf8, pinned_context_harness_test__test_missing_input_and_rule_abort_context, pinned_context_harness_test__test_context_limits_fail_closed[file_bytes], pinned_context_harness_test__test_context_limits_fail_closed[total_bytes], pinned_context_harness_test__test_context_limits_fail_closed[file_count], pinned_context_harness_test__test_context_limits_fail_closed[empty], pinned_context_harness_test__test_no_writes_network_or_execution_and_inert_document_links, pinned_context_harness_test__test_rules_must_be_explicit_paths
Tests missing all properties: common_test__test_load_harness_baseline, common_test__test_load_task_specs
Tests missing all properties: test_rules_are_working_correctly__test_local_fixture_has_correct_value
Tests missing all properties: test_codelink__test_need, test_codelink__test_get_cache_filename, test_codelink__test_find_need_direct_match, test_codelink__test_find_need_not_found, test_codelink__test_group_by_need, test_codelink__test_group_by_need_empty_list, test_codelink__test_cache_file_operations, test_codelink__test_cache_file_with_encoded_comments, test_codelink__test_group_by_need_and_find_need_integration, test_codelink__test_source_linker_end_to_end_with_real_files, test_codelink__test_multiple_commits_hash_consistency, test_codelink__test_is_metadata_missing_keys, test_codelink__test_needlink_to_dict_without_metadata, test_codelink__test_needlink_to_dict_full, test_codelink__test_needlink_encoder_includes_metadata, test_codelink__test_needlink_decoder_with_all_fields, test_codelink__test_needlink_decoder_non_needlink_dict, test_codelink__test_load_validates_list_type, test_codelink__test_load_validates_all_items_are_needlinks, test_codelink__test_store_and_load_with_metadata, test_codelink__test_load_with_metadata_missing_metadata_dict, test_codelink__test_load_with_metadata_invalid_items_after_metadata, test_codelink__test_load_resolves_relative_path_with_env_var, test_codelink__test_load_with_metadata_resolves_relative_path, test_codelink__test_roundtrip_standard_format, test_codelink__test_roundtrip_metadata_format_applies_metadata, test_codelink__test_roundtrip_empty_lists, test_codelink__test_json_format_with_metadata_has_separate_dict, test_codelink__test_needlink_equality_same_values, test_codelink__test_needlink_inequality_different_values, test_helpers__test_parse_repo_name_from_external_path, test_helpers__test_parse_repo_name_from_external_path_2, test_helpers__test_parse_repo_name_from_local_path, test_helpers__test_parse_repo_name_from_empty_path, test_helpers__test_parse_repo_name_without_plus_suffix, test_helpers__test_parse_info_from_known_good_happy_path, test_helpers__test_parse_info_from_known_good_different_category, test_helpers__test_parse_info_from_known_good_repo_not_found, test_helpers__test_parse_info_from_known_good_empty_json, test_helpers__test_parse_info_from_known_good_no_repo_in_json, test_helpers__test_parse_info_from_known_good_empty_repo_dict_in_json, test_helpers__test_parse_info_from_known_good_with_version, test_helpers__test_parse_info_from_known_good_with_version_different_category, test_helpers__test_parse_info_from_known_good_neither_hash_nor_version, test_helpers__test_get_github_link_from_json_happy_path, test_helpers__test_get_github_link_from_json_with_none_link, test_helpers__test_get_github_link_from_json_with_line_zero, test_helpers__test_get_github_link_with_hash, test_helpers__test_get_github_link_with_real_repo, test_helpers__test_complete_workflow, test_need_source_links__test_encoder_outputs_serializable_dict, test_need_source_links__test_decoder_reconstructs_object, test_need_source_links__test_store_and_load_json, test_need_source_links__test_load_invalid_json_type, test_need_source_links__test_load_invalid_json_items, test_repo_source_link_integration__test_repo_grouped_cache_generated, test_repo_source_link_integration__test_repo_grouping_preserves_metadata, test_repo_source_link_integration__test_repo_grouping_multiple_needs_per_repo, test_repo_source_link_integration__test_repo_cache_json_format, test_repo_source_link_integration__test_repo_cache_rebuilds_when_missing, test_repo_source_link_integration__test_repo_grouping_with_golden_file, test_repo_source_links__test_json_encoder_removes_metadata_from_needlink, test_repo_source_links__test_json_encoder_removes_metadata_from_testlink, test_repo_source_links__test_json_encoder_converts_path_to_string, test_repo_source_links__test_json_decoder_reconstructs_repo_source_links, test_repo_source_links__test_json_decoder_returns_unchanged_for_non_repo_dict, test_repo_source_links__test_store_and_load_roundtrip, test_repo_source_links__test_store_creates_parent_directories, test_repo_source_links__test_load_empty_list, test_repo_source_links__test_load_validates_is_list, test_repo_source_links__test_load_validates_items_are_correct_type, test_repo_source_links__test_group_needs_single_repo_with_codelinks, test_repo_source_links__test_group_needs_multiple_repos, test_repo_source_links__test_group_needs_with_testlinks_only, test_repo_source_links__test_group_needs_with_testlinks_different_repos, test_repo_source_links__test_group_needs_empty_list, test_repo_source_links__test_group_needs_skips_needs_without_links, test_repo_source_links__test_group_needs_mixed_codelinks_and_testlinks, test_source_code_link_integration__test_source_link_integration_ok, test_source_code_link_integration__test_source_link_integration_non_existent_id, test_testlink__test_testlink_encoder_handles_path, test_testlink__test_datafortestlink_to_dict_full, test_testlink__test_datafortestlink_equality_with_non_testlink, test_testlink__test_dataoftestcase_check_verifies_fields_missing_both, test_testlink__test_dataoftestcase_is_valid_fails_on_none_field, test_testlink__test_dataoftestcase_get_test_links_returns_empty_when_invalid, test_testlink__test_dataoftestcase_decoder_valid_dict, test_testlink__test_dataoftestcase_decoder_non_testcase_dict, test_testlink__test_store_and_load_data_of_test_case_roundtrip, test_testlink__test_load_data_of_test_case_validates_list, test_testlink__test_load_data_of_test_case_validates_items, test_testlink__test_dataoftestcase_encoder_fallback, test_testlink__test_datafortestlink_encoder_fallback, test_testlink__test_datafortestlink_decoder_non_testlink_dict, test_xml_parser__test_find_xml_folder, test_xml_parser__test_find_xml_folder_test_reports, test_xml_parser__test_find_xml_files_test_reports, test_xml_parser__test_early_return, test_xml_parser__test_construct_and_add_need_uses_fallback_url_for_missing_repo_metadata, test_xml_parser__test_clean_test_file_name_local_path, test_xml_parser__test_clean_test_file_name_combo_path, test_xml_parser__test_clean_test_file_name_tests_report_path, test_xml_parser__test_clean_test_file_name_nested_bazel_testlogs, test_xml_parser__test_clean_test_file_name_invalid_path_raises_error, test_xml_parser__test_clean_test_file_name_empty_path_raises_error, test_xml_parser__test_get_metadata_from_test_path_local, test_xml_parser__test_get_metadata_from_test_path_combo_with_hash, test_xml_parser__test_get_metadata_from_test_path_combo_with_version
Did not find origin remote name. Will now take first result from:'git remote -v'
/media/jefferson/11c42dee-73a3-4c2b-ab42-a0440011d9e0/.s-core-build/runs/score-2850-native-_qjqrtmg/draft-native/docs/concepts/assurance_context.rst:99: WARNING: Title underline too short.

Executable consistency and change scenarios
------------------------------------------ [docutils]
WARNING: Got wrong input line from 'get_github_repo_info'. Input: . Expected example: 'origin git@github.com:user/repo.git'
Final clean of collections ...

Extension error (score_source_code_linker)!

Versions
========

* Platform:         linux; (Linux-6.8.0-138-generic-x86_64-with-glibc2.35)
* Python version:   3.12.12 (CPython)
* Sphinx version:   9.1.0
* Docutils version: 0.22.4
* Jinja2 version:   3.1.6
* Pygments version: 2.20.0

Last Messages
=============

    Tests missing all properties: generate_sourcelinks_cli_test__test_clean_external_prefix[input_path0-expected_output0], generate_sourcelinks_cli_test__test_clean_external_prefix[input_path1-expected_output1], generate_sourcelinks_cli_test__test_clean_external_prefix[input_path2-expected_output2], generate_sourcelinks_cli_test__test_clean_external_prefix[input_path3-expected_output3], generate_sourcelinks_cli_test__test_clean_external_prefix[input_path4-expected_output4], generate_sourcelinks_cli_test__test_generate_sourcelinks_cli_basic, generate_sourcelinks_cli_test__test_generate_sourcelinks_cli_parse_external_module, generate_sourcelinks_cli_test__test_generate_sourcelinks_cli_file_not_exists
    Tests missing all properties: traceability_gate_test__test_gate_passes_when_thresholds_met, traceability_gate_test__test_gate_fails_when_threshold_not_met, traceability_gate_test__test_gate_require_all_links_fails, traceability_gate_test__test_gate_fail_on_broken_refs, traceability_gate_test__test_gate_specific_need_type, traceability_gate_test__test_gate_unknown_need_type_fails, traceability_gate_test__test_gate_unsupported_schema_version, traceability_gate_test__test_gate_missing_file_returns_error
    Tests missing all properties: assurance_lane_a_test__test_native_corpus[search-30-base_harness], assurance_lane_a_test__test_native_corpus[search-30-pinned_context_harness], assurance_lane_a_test__test_native_corpus[heldout-10-base_harness], assurance_lane_a_test__test_native_corpus[heldout-10-pinned_context_harness], assurance_lane_a_test__test_disjoint_corpus, assurance_lane_a_test__test_reject_corpus_escape[../escape.json], assurance_lane_a_test__test_reject_corpus_escape[/etc/passwd], assurance_lane_a_test__test_reject_corpus_escape[], assurance_lane_a_test__test_reject_corpus_escape[https://example.org/file], assurance_lane_a_test__test_reject_symlink_artifact, assurance_lane_a_test__test_invalid_needs_and_rule, assurance_lane_a_test__test_rule_selection_and_new_broken_link, assurance_lane_a_test__test_missing_validation_tool_fails[ruff], assurance_lane_a_test__test_missing_validation_tool_fails[basedpyright]
    Tests missing all properties: validate_candidate_test__test_validate_harness_baseline, validate_candidate_test__test_validate_harness_rule_retrieval, validate_candidate_test__test_task_spec_schema
    Tests missing all properties: pinned_context_harness_test__test_prepared_rule_catalog_matches_native_yaml, pinned_context_harness_test__test_native_loader_and_lightweight_validation, pinned_context_harness_test__test_native_rule_ids_retrieve_only_selected_rules, pinned_context_harness_test__test_unknown_native_rule_id_fails_closed, pinned_context_harness_test__test_single_file_candidate_loads_in_isolated_stdlib_interpreter, pinned_context_harness_test__test_preserves_native_needs_graph_and_source_provenance, pinned_context_harness_test__test_preserves_prepared_assistant_export, pinned_context_harness_test__test_directory_order_and_relocation_are_deterministic, pinned_context_harness_test__test_rules_are_explicit_sorted_and_deduplicated, pinned_context_harness_test__test_allows_only_explicit_absolute_external_rule, pinned_context_harness_test__test_rejects_invalid_input_paths[../secret.txt], pinned_context_harness_test__test_rejects_invalid_input_paths[https://example.com/needs.json], pinned_context_harness_test__test_rejects_invalid_input_paths[], pinned_context_harness_test__test_rejects_invalid_input_paths[None], pinned_context_harness_test__test_rejects_invalid_rule_paths[../secret.txt], pinned_context_harness_test__test_rejects_invalid_rule_paths[https://example.com/rule.json], pinned_context_harness_test__test_rejects_symlink_escapes[file], pinned_context_harness_test__test_rejects_symlink_escapes[directory], pinned_context_harness_test__test_rejects_symlink_escapes[parent], pinned_context_harness_test__test_rejects_symlink_escapes[rule], pinned_context_harness_test__test_rejects_fifo_without_blocking, pinned_context_harness_test__test_rejects_ambiguous_or_invalid_json[{"id":"REQ_1","id":"REQ_2"}], pinned_context_harness_test__test_rejects_ambiguous_or_invalid_json[{"n":NaN}], pinned_context_harness_test__test_rejects_ambiguous_or_invalid_json[not json], pinned_context_harness_test__test_rejects_invalid_utf8, pinned_context_harness_test__test_missing_input_and_rule_abort_context, pinned_context_harness_test__test_context_limits_fail_closed[file_bytes], pinned_context_harness_test__test_context_limits_fail_closed[total_bytes], pinned_context_harness_test__test_context_limits_fail_closed[file_count], pinned_context_harness_test__test_context_limits_fail_closed[empty], pinned_context_harness_test__test_no_writes_network_or_execution_and_inert_document_links, pinned_context_harness_test__test_rules_must_be_explicit_paths
    Tests missing all properties: common_test__test_load_harness_baseline, common_test__test_load_task_specs
    Tests missing all properties: test_rules_are_working_correctly__test_local_fixture_has_correct_value
    Tests missing all properties: test_codelink__test_need, test_codelink__test_get_cache_filename, test_codelink__test_find_need_direct_match, test_codelink__test_find_need_not_found, test_codelink__test_group_by_need, test_codelink__test_group_by_need_empty_list, test_codelink__test_cache_file_operations, test_codelink__test_cache_file_with_encoded_comments, test_codelink__test_group_by_need_and_find_need_integration, test_codelink__test_source_linker_end_to_end_with_real_files, test_codelink__test_multiple_commits_hash_consistency, test_codelink__test_is_metadata_missing_keys, test_codelink__test_needlink_to_dict_without_metadata, test_codelink__test_needlink_to_dict_full, test_codelink__test_needlink_encoder_includes_metadata, test_codelink__test_needlink_decoder_with_all_fields, test_codelink__test_needlink_decoder_non_needlink_dict, test_codelink__test_load_validates_list_type, test_codelink__test_load_validates_all_items_are_needlinks, test_codelink__test_store_and_load_with_metadata, test_codelink__test_load_with_metadata_missing_metadata_dict, test_codelink__test_load_with_metadata_invalid_items_after_metadata, test_codelink__test_load_resolves_relative_path_with_env_var, test_codelink__test_load_with_metadata_resolves_relative_path, test_codelink__test_roundtrip_standard_format, test_codelink__test_roundtrip_metadata_format_applies_metadata, test_codelink__test_roundtrip_empty_lists, test_codelink__test_json_format_with_metadata_has_separate_dict, test_codelink__test_needlink_equality_same_values, test_codelink__test_needlink_inequality_different_values, test_helpers__test_parse_repo_name_from_external_path, test_helpers__test_parse_repo_name_from_external_path_2, test_helpers__test_parse_repo_name_from_local_path, test_helpers__test_parse_repo_name_from_empty_path, test_helpers__test_parse_repo_name_without_plus_suffix, test_helpers__test_parse_info_from_known_good_happy_path, test_helpers__test_parse_info_from_known_good_different_category, test_helpers__test_parse_info_from_known_good_repo_not_found, test_helpers__test_parse_info_from_known_good_empty_json, test_helpers__test_parse_info_from_known_good_no_repo_in_json, test_helpers__test_parse_info_from_known_good_empty_repo_dict_in_json, test_helpers__test_parse_info_from_known_good_with_version, test_helpers__test_parse_info_from_known_good_with_version_different_category, test_helpers__test_parse_info_from_known_good_neither_hash_nor_version, test_helpers__test_get_github_link_from_json_happy_path, test_helpers__test_get_github_link_from_json_with_none_link, test_helpers__test_get_github_link_from_json_with_line_zero, test_helpers__test_get_github_link_with_hash, test_helpers__test_get_github_link_with_real_repo, test_helpers__test_complete_workflow, test_need_source_links__test_encoder_outputs_serializable_dict, test_need_source_links__test_decoder_reconstructs_object, test_need_source_links__test_store_and_load_json, test_need_source_links__test_load_invalid_json_type, test_need_source_links__test_load_invalid_json_items, test_repo_source_link_integration__test_repo_grouped_cache_generated, test_repo_source_link_integration__test_repo_grouping_preserves_metadata, test_repo_source_link_integration__test_repo_grouping_multiple_needs_per_repo, test_repo_source_link_integration__test_repo_cache_json_format, test_repo_source_link_integration__test_repo_cache_rebuilds_when_missing, test_repo_source_link_integration__test_repo_grouping_with_golden_file, test_repo_source_links__test_json_encoder_removes_metadata_from_needlink, test_repo_source_links__test_json_encoder_removes_metadata_from_testlink, test_repo_source_links__test_json_encoder_converts_path_to_string, test_repo_source_links__test_json_decoder_reconstructs_repo_source_links, test_repo_source_links__test_json_decoder_returns_unchanged_for_non_repo_dict, test_repo_source_links__test_store_and_load_roundtrip, test_repo_source_links__test_store_creates_parent_directories, test_repo_source_links__test_load_empty_list, test_repo_source_links__test_load_validates_is_list, test_repo_source_links__test_load_validates_items_are_correct_type, test_repo_source_links__test_group_needs_single_repo_with_codelinks, test_repo_source_links__test_group_needs_multiple_repos, test_repo_source_links__test_group_needs_with_testlinks_only, test_repo_source_links__test_group_needs_with_testlinks_different_repos, test_repo_source_links__test_group_needs_empty_list, test_repo_source_links__test_group_needs_skips_needs_without_links, test_repo_source_links__test_group_needs_mixed_codelinks_and_testlinks, test_source_code_link_integration__test_source_link_integration_ok, test_source_code_link_integration__test_source_link_integration_non_existent_id, test_testlink__test_testlink_encoder_handles_path, test_testlink__test_datafortestlink_to_dict_full, test_testlink__test_datafortestlink_equality_with_non_testlink, test_testlink__test_dataoftestcase_check_verifies_fields_missing_both, test_testlink__test_dataoftestcase_is_valid_fails_on_none_field, test_testlink__test_dataoftestcase_get_test_links_returns_empty_when_invalid, test_testlink__test_dataoftestcase_decoder_valid_dict, test_testlink__test_dataoftestcase_decoder_non_testcase_dict, test_testlink__test_store_and_load_data_of_test_case_roundtrip, test_testlink__test_load_data_of_test_case_validates_list, test_testlink__test_load_data_of_test_case_validates_items, test_testlink__test_dataoftestcase_encoder_fallback, test_testlink__test_datafortestlink_encoder_fallback, test_testlink__test_datafortestlink_decoder_non_testlink_dict, test_xml_parser__test_find_xml_folder, test_xml_parser__test_find_xml_folder_test_reports, test_xml_parser__test_find_xml_files_test_reports, test_xml_parser__test_early_return, test_xml_parser__test_construct_and_add_need_uses_fallback_url_for_missing_repo_metadata, test_xml_parser__test_clean_test_file_name_local_path, test_xml_parser__test_clean_test_file_name_combo_path, test_xml_parser__test_clean_test_file_name_tests_report_path, test_xml_parser__test_clean_test_file_name_nested_bazel_testlogs, test_xml_parser__test_clean_test_file_name_invalid_path_raises_error, test_xml_parser__test_clean_test_file_name_empty_path_raises_error, test_xml_parser__test_get_metadata_from_test_path_local, test_xml_parser__test_get_metadata_from_test_path_combo_with_hash, test_xml_parser__test_get_metadata_from_test_path_combo_with_version
    Did not find origin remote name. Will now take first result from:'git remote -v'
    Final clean of collections ...

Loaded Extensions
=================

* sphinx.ext.mathjax (9.1.0)
* alabaster (1.0.0)
* sphinxcontrib.applehelp (2.0.0)
* sphinxcontrib.devhelp (2.0.0)
* sphinxcontrib.htmlhelp (2.1.0)
* sphinxcontrib.serializinghtml (2.0.0)
* sphinxcontrib.qthelp (2.0.0)
* sphinxcontrib.plantuml (unknown version)
* score_plantuml (unknown version)
* sphinx_data_viewer (0.1.5)
* sphinxcontrib.jquery (4.1)
* sphinx.ext.graphviz (9.1.0)
* sphinx_needs (8.0.0)
* score_metamodel (0.1)
* sphinx_design (0.7.0)
* myst_parser (5.0.0)
* score_source_code_linker (0.1)
* score_draw_uml_funcs (0.1)
* score_layout (0.1)
* sphinx_collections (0.3.1)
* sphinxcontrib.mermaid (9.1.0)
* needs_config_writer (0.2.4)
* score_sync_toml (0.1)
* score_sphinx_bundle (3.0.0)

Traceback
=========

    Traceback (most recent call last):
      File "/media/jefferson/11c42dee-73a3-4c2b-ab42-a0440011d9e0/.s-core-build/runs/score-2850-native-_qjqrtmg/draft-bazel-output/execroot/_main/bazel-out/k8-fastbuild/bin/docs_check.runfiles/.docs_check.venv/lib/python3.12/site-packages/sphinx/events.py", line 441, in emit
        results.append(listener.handler(self._app, *args))
                       ^^^^^^^^^^^^^^^^^^^^^^^^^^^^^^^^^^
      File "/media/jefferson/11c42dee-73a3-4c2b-ab42-a0440011d9e0/.s-core-build/runs/score-2850-native-_qjqrtmg/draft-bazel-output/execroot/_main/bazel-out/k8-fastbuild/bin/docs_check.runfiles/_main/src/extensions/score_source_code_linker/__init__.py", line 228, in setup_test_code_linker
        run_xml_parser(app, env)
      File "/media/jefferson/11c42dee-73a3-4c2b-ab42-a0440011d9e0/.s-core-build/runs/score-2850-native-_qjqrtmg/draft-bazel-output/execroot/_main/bazel-out/k8-fastbuild/bin/docs_check.runfiles/_main/src/extensions/score_source_code_linker/xml_parser.py", line 287, in run_xml_parser
        test_case_needs = build_test_needs_from_files(app, env, xml_file_paths)
                          ^^^^^^^^^^^^^^^^^^^^^^^^^^^^^^^^^^^^^^^^^^^^^^^^^^^^^
      File "/media/jefferson/11c42dee-73a3-4c2b-ab42-a0440011d9e0/.s-core-build/runs/score-2850-native-_qjqrtmg/draft-bazel-output/execroot/_main/bazel-out/k8-fastbuild/bin/docs_check.runfiles/_main/src/extensions/score_source_code_linker/xml_parser.py", line 319, in build_test_needs_from_files
        construct_and_add_need(app, tc)
      File "/media/jefferson/11c42dee-73a3-4c2b-ab42-a0440011d9e0/.s-core-build/runs/score-2850-native-_qjqrtmg/draft-bazel-output/execroot/_main/bazel-out/k8-fastbuild/bin/docs_check.runfiles/_main/src/extensions/score_source_code_linker/xml_parser.py", line 356, in construct_and_add_need
        external_url = get_github_link(metadata, tn)
                       ^^^^^^^^^^^^^^^^^^^^^^^^^^^^^
      File "/media/jefferson/11c42dee-73a3-4c2b-ab42-a0440011d9e0/.s-core-build/runs/score-2850-native-_qjqrtmg/draft-bazel-output/execroot/_main/bazel-out/k8-fastbuild/bin/docs_check.runfiles/_main/src/extensions/score_source_code_linker/helpers.py", line 38, in get_github_link
        return get_github_link_from_git(link)
               ^^^^^^^^^^^^^^^^^^^^^^^^^^^^^^
      File "/media/jefferson/11c42dee-73a3-4c2b-ab42-a0440011d9e0/.s-core-build/runs/score-2850-native-_qjqrtmg/draft-bazel-output/execroot/_main/bazel-out/k8-fastbuild/bin/docs_check.runfiles/_main/src/extensions/score_source_code_linker/helpers.py", line 51, in get_github_link_from_git
        base_url = get_github_base_url()
                   ^^^^^^^^^^^^^^^^^^^^^
      File "/media/jefferson/11c42dee-73a3-4c2b-ab42-a0440011d9e0/.s-core-build/runs/score-2850-native-_qjqrtmg/draft-bazel-output/execroot/_main/bazel-out/k8-fastbuild/bin/docs_check.runfiles/_main/src/helper_lib/__init__.py", line 150, in get_github_base_url
        repo_info = get_github_repo_info(passed_git_root)
                    ^^^^^^^^^^^^^^^^^^^^^^^^^^^^^^^^^^^^^
      File "/media/jefferson/11c42dee-73a3-4c2b-ab42-a0440011d9e0/.s-core-build/runs/score-2850-native-_qjqrtmg/draft-bazel-output/execroot/_main/bazel-out/k8-fastbuild/bin/docs_check.runfiles/_main/src/helper_lib/__init__.py", line 128, in get_github_repo_info
        assert repo != "", (
               ^^^^^^^^^^
    AssertionError: Remote repository is not defined. Make sure you have a remote set. Check this via 'git remote -v'
    
    The above exception was the direct cause of the following exception:
    
    Traceback (most recent call last):
      File "/media/jefferson/11c42dee-73a3-4c2b-ab42-a0440011d9e0/.s-core-build/runs/score-2850-native-_qjqrtmg/draft-bazel-output/execroot/_main/bazel-out/k8-fastbuild/bin/docs_check.runfiles/.docs_check.venv/lib/python3.12/site-packages/sphinx/cmd/build.py", line 432, in build_main
        app.build(args.force_all, args.filenames)
      File "/media/jefferson/11c42dee-73a3-4c2b-ab42-a0440011d9e0/.s-core-build/runs/score-2850-native-_qjqrtmg/draft-bazel-output/execroot/_main/bazel-out/k8-fastbuild/bin/docs_check.runfiles/.docs_check.venv/lib/python3.12/site-packages/sphinx/application.py", line 442, in build
        self.builder.build_update()
      File "/media/jefferson/11c42dee-73a3-4c2b-ab42-a0440011d9e0/.s-core-build/runs/score-2850-native-_qjqrtmg/draft-bazel-output/execroot/_main/bazel-out/k8-fastbuild/bin/docs_check.runfiles/.docs_check.venv/lib/python3.12/site-packages/sphinx/builders/__init__.py", line 381, in build_update
        self.build(
      File "/media/jefferson/11c42dee-73a3-4c2b-ab42-a0440011d9e0/.s-core-build/runs/score-2850-native-_qjqrtmg/draft-bazel-output/execroot/_main/bazel-out/k8-fastbuild/bin/docs_check.runfiles/.docs_check.venv/lib/python3.12/site-packages/sphinx/builders/__init__.py", line 409, in build
        updated_docnames = set(self.read())
                               ^^^^^^^^^^^
      File "/media/jefferson/11c42dee-73a3-4c2b-ab42-a0440011d9e0/.s-core-build/runs/score-2850-native-_qjqrtmg/draft-bazel-output/execroot/_main/bazel-out/k8-fastbuild/bin/docs_check.runfiles/.docs_check.venv/lib/python3.12/site-packages/sphinx/builders/__init__.py", line 570, in read
        for retval in self.events.emit('env-updated', self.env):
                      ^^^^^^^^^^^^^^^^^^^^^^^^^^^^^^^^^^^^^^^^^
      File "/media/jefferson/11c42dee-73a3-4c2b-ab42-a0440011d9e0/.s-core-build/runs/score-2850-native-_qjqrtmg/draft-bazel-output/execroot/_main/bazel-out/k8-fastbuild/bin/docs_check.runfiles/.docs_check.venv/lib/python3.12/site-packages/sphinx/events.py", line 452, in emit
        raise ExtensionError(
    sphinx.errors.ExtensionError: Handler <function setup_test_code_linker at 0x7a8031931bc0> for event 'env-updated' threw an exception (exception: Remote repository is not defined. Make sure you have a remote set. Check this via 'git remote -v')


The full traceback has been saved in:
/media/jefferson/11c42dee-73a3-4c2b-ab42-a0440011d9e0/.s-core-build/runs/score-2850-native-_qjqrtmg/tool-tmp/sphinx-err-egh_bzkp.log

To report this error to the developers, please open an issue at <https://github.com/sphinx-doc/sphinx/issues/>. Thanks!
Please also report this if it was a user error, so that a better error message can be provided next time.
docs (check) finished in 11.3 seconds
