$TEST_TMPDIR defined, some defaults will be overridden
WARNING: Duplicate rc file: /media/jefferson/11c42dee-73a3-4c2b-ab42-a0440011d9e0/.s-core-build/runs/score-rust-issue-queue-ycbvxir7/workspaces/794/quality/static_analysis/static_analysis.bazelrc is read multiple times, it is a standard rc file location but must have been unnecessarily imported earlier.
OpenJDK 64-Bit Server VM warning: Options -Xverify:none and -noverify were deprecated in JDK 13 and will likely be removed in a future release.
WARNING: The following configs were expanded more than once: [linux_x64_gcc_15]. For repeatable flags, repeats are counted twice and may lead to unexpected behavior.
Computing main repo mapping: 
Computing main repo mapping: 
WARNING: The following configs were expanded more than once: [linux_x64_gcc_15]. For repeatable flags, repeats are counted twice and may lead to unexpected behavior.
Computing main repo mapping: 
Computing main repo mapping: 
Computing main repo mapping: 
Computing main repo mapping: 
Computing main repo mapping: 
Computing main repo mapping: 
Loading: 
Loading: 5 packages loaded
Analyzing: target //score/mw/com/impl/rust/com-api/com-api-runtime-lola:com-api-runtime-lola-tests (6 packages loaded, 0 targets configured)
Analyzing: target //score/mw/com/impl/rust/com-api/com-api-runtime-lola:com-api-runtime-lola-tests (6 packages loaded, 0 targets configured)

Analyzing: target //score/mw/com/impl/rust/com-api/com-api-runtime-lola:com-api-runtime-lola-tests (98 packages loaded, 9 targets configured)

Analyzing: target //score/mw/com/impl/rust/com-api/com-api-runtime-lola:com-api-runtime-lola-tests (159 packages loaded, 3022 targets configured)

Analyzing: target //score/mw/com/impl/rust/com-api/com-api-runtime-lola:com-api-runtime-lola-tests (310 packages loaded, 12108 targets configured)

INFO: Analyzed target //score/mw/com/impl/rust/com-api/com-api-runtime-lola:com-api-runtime-lola-tests (373 packages loaded, 15138 targets configured).
[1 / 1] no actions running
[221 / 1,272] checking cached actions
[1,272 / 1,273] [Prepa] Testing //score/mw/com/impl/rust/com-api/com-api-runtime-lola:com-api-runtime-lola-tests
INFO: Found 1 test target...
Target //score/mw/com/impl/rust/com-api/com-api-runtime-lola:com-api-runtime-lola-tests up-to-date:
  bazel-bin/score/mw/com/impl/rust/com-api/com-api-runtime-lola/test-54569430/com-api-runtime-lola-tests
INFO: Elapsed time: 20.883s, Critical Path: 0.36s
INFO: 2 processes: 1288 action cache hit, 2 linux-sandbox.
INFO: Build completed successfully, 2 total actions
INFO: 
//score/mw/com/impl/rust/com-api/com-api-runtime-lola:com-api-runtime-lola-tests PASSED in 0.0s

Executed 1 out of 1 test: 1 test passes.
There were tests whose specified size is too big. Use the --test_verbose_timeout_warnings command line option to see which ones these are.
INFO: Build Event Protocol files produced successfully.
