$TEST_TMPDIR defined, some defaults will be overridden
WARNING: Duplicate rc file: /media/jefferson/11c42dee-73a3-4c2b-ab42-a0440011d9e0/.s-core-build/runs/score-rust-issue-queue-ycbvxir7/workspaces/173/quality/static_analysis/static_analysis.bazelrc is read multiple times, it is a standard rc file location but must have been unnecessarily imported earlier.
OpenJDK 64-Bit Server VM warning: Options -Xverify:none and -noverify were deprecated in JDK 13 and will likely be removed in a future release.
WARNING: The following configs were expanded more than once: [linux_x64_gcc_15]. For repeatable flags, repeats are counted twice and may lead to unexpected behavior.
Computing main repo mapping: 
WARNING: The following configs were expanded more than once: [linux_x64_gcc_15]. For repeatable flags, repeats are counted twice and may lead to unexpected behavior.
Computing main repo mapping: 
Computing main repo mapping: 
Computing main repo mapping: 
Computing main repo mapping: 
Computing main repo mapping: 
Computing main repo mapping: 
Computing main repo mapping: 
Computing main repo mapping: 
Computing main repo mapping: 
Loading: 
Loading: 5 packages loaded
Analyzing: target //score/mw/com/rust/score_com_concept:score_com_concept (6 packages loaded, 0 targets configured)
Analyzing: target //score/mw/com/rust/score_com_concept:score_com_concept (6 packages loaded, 0 targets configured)

Analyzing: target //score/mw/com/rust/score_com_concept:score_com_concept (97 packages loaded, 9 targets configured)

Analyzing: target //score/mw/com/rust/score_com_concept:score_com_concept (97 packages loaded, 9 targets configured)

Analyzing: target //score/mw/com/rust/score_com_concept:score_com_concept (140 packages loaded, 253 targets configured)

Analyzing: target //score/mw/com/rust/score_com_concept:score_com_concept (158 packages loaded, 3158 targets configured)

Analyzing: target //score/mw/com/rust/score_com_concept:score_com_concept (158 packages loaded, 3158 targets configured)

Analyzing: target //score/mw/com/rust/score_com_concept:score_com_concept (158 packages loaded, 3158 targets configured)

Analyzing: target //score/mw/com/rust/score_com_concept:score_com_concept (158 packages loaded, 3158 targets configured)

Analyzing: target //score/mw/com/rust/score_com_concept:score_com_concept (241 packages loaded, 11743 targets configured)

INFO: Analyzed target //score/mw/com/rust/score_com_concept:score_com_concept (269 packages loaded, 12799 targets configured).
[7 / 15] [Prepa] Creating symlink external/score_toolchains_rust++ferrocene_toolchain_ext+ferrocene_x86_64_unknown_linux_gnu/rust_ferrocene/bin/cargo [for tool]
[133 / 274] [Prepa] Creating symlink external/score_toolchains_rust++ferrocene_toolchain_ext+ferrocene_x86_64_unknown_linux_gnu/rust_ferrocene/lib/librustc_driver-c236fde3428c5a4d.so
[136 / 274] [Prepa] Compiling Rust (without process_wrapper) bin process_wrapper (6 files) [for tool]
[136 / 274] Compiling Rust (without process_wrapper) bin process_wrapper (6 files) [for tool]; 1s linux-sandbox
[137 / 274] Compiling Rust rlib cargo_build_script_runner (2 files) [for tool]; 0s linux-sandbox ... (2 actions running)
[140 / 274] Compiling Rust rlib percent_encoding v2.3.1 (1 file) [for tool]; 0s linux-sandbox ... (2 actions, 1 running)
[145 / 274] Compiling Rust bin runner (1 file) [for tool]; 1s linux-sandbox ... (2 actions, 1 running)
[148 / 274] Compiling Rust bin runner (1 file) [for tool]; 2s linux-sandbox ... (2 actions, 1 running)
[154 / 274] Compiling Rust bin _bs_ (3 files) [for tool]; 0s linux-sandbox ... (2 actions, 1 running)
[163 / 274] Compiling Rust rlib autocfg v1.5.0 (15 files) [for tool]; 0s linux-sandbox ... (2 actions running)
[165 / 274] Compiling Rust rlib winnow v0.7.2 (93 files) [for tool]; 1s linux-sandbox ... (2 actions, 1 running)
[167 / 274] Compiling Rust rlib winnow v0.7.2 (93 files) [for tool]; 3s linux-sandbox ... (2 actions running)
[168 / 274] Compiling Rust rlib winnow v0.7.2 (93 files) [for tool]; 5s linux-sandbox ... (2 actions, 1 running)
[171 / 274] Compiling Rust rlib hashbrown v0.15.2 (34 files) [for tool]; 0s linux-sandbox ... (2 actions, 1 running)
[177 / 274] Compiling Rust bin _bs_ (17 files) [for tool]; 0s linux-sandbox ... (2 actions running)
[181 / 274] Compiling Rust rlib indexmap v2.7.1 (30 files) [for tool]; 1s linux-sandbox ... (2 actions running)
[182 / 274] Compiling Rust rlib proc_macro2 v1.0.93 (17 files) [for tool]; 2s linux-sandbox
[183 / 274] Compiling Rust rlib quote v1.0.38 (16 files) [for tool]; 0s linux-sandbox
[184 / 274] Compiling Rust rlib syn v2.0.98 (96 files) [for tool]; 1s linux-sandbox
[185 / 274] [Prepa] Compiling Rust proc-macro thiserror_impl v1.0.69 (10 files) [for tool]
[185 / 274] Compiling Rust proc-macro thiserror_impl v1.0.69 (10 files) [for tool]; 1s linux-sandbox ... (2 actions running)
[186 / 274] Compiling Rust proc-macro serde_derive v1.0.217 (18 files) [for tool]; 3s linux-sandbox ... (2 actions, 1 running)
[187 / 274] Compiling Rust proc-macro serde_derive v1.0.217 (18 files) [for tool]; 5s linux-sandbox ... (2 actions running)
[188 / 274] Compiling Rust proc-macro serde_derive v1.0.217 (18 files) [for tool]; 6s linux-sandbox ... (2 actions, 1 running)
[188 / 274] Compiling Rust proc-macro serde_derive v1.0.217 (18 files) [for tool]; 8s linux-sandbox ... (2 actions running)
[190 / 274] Compiling Rust proc-macro yoke_derive v0.7.5 (3 files) [for tool]; 1s linux-sandbox ... (2 actions, 1 running)
[190 / 274] Compiling Rust proc-macro yoke_derive v0.7.5 (3 files) [for tool]; 2s linux-sandbox ... (2 actions running)
[191 / 274] Compiling Rust rlib serde v1.0.217 (20 files) [for tool]; 2s linux-sandbox ... (2 actions running)
[192 / 274] Compiling Rust proc-macro zerofrom_derive v0.1.5 (3 files) [for tool]; 2s linux-sandbox ... (2 actions, 1 running)
[196 / 274] Compiling Rust proc-macro zerovec_derive v0.10.3 (9 files) [for tool]; 0s linux-sandbox ... (2 actions running)
[198 / 274] Compiling Rust proc-macro zerovec_derive v0.10.3 (9 files) [for tool]; 1s linux-sandbox ... (2 actions running)
[201 / 274] Compiling Rust proc-macro zerovec_derive v0.10.3 (9 files) [for tool]; 3s linux-sandbox ... (2 actions, 1 running)
[202 / 274] Compiling Rust rlib toml_edit v0.22.24 (58 files) [for tool]; 1s linux-sandbox ... (2 actions running)
[203 / 274] Compiling Rust rlib toml_edit v0.22.24 (58 files) [for tool]; 2s linux-sandbox ... (2 actions running)
[204 / 274] Compiling Rust rlib toml_edit v0.22.24 (58 files) [for tool]; 4s linux-sandbox ... (2 actions, 1 running)
[205 / 274] Compiling Rust rlib icu_collections v1.5.0 (26 files) [for tool]; 1s linux-sandbox ... (2 actions, 1 running)
[207 / 274] Compiling Rust rlib toml v0.8.20 (29 files) [for tool]; 1s linux-sandbox ... (2 actions running)
[209 / 274] [Prepa] Compiling Rust rlib icu_provider v1.5.0 (20 files) [for tool]
[210 / 274] Compiling Rust rlib icu_locid_transform v1.5.0 (15 files) [for tool]; 0s linux-sandbox
[211 / 274] Compiling Rust rlib icu_properties v1.5.1 (14 files) [for tool]; 1s linux-sandbox
[212 / 274] [Prepa] Compiling Rust rlib icu_normalizer v1.5.0 (13 files) [for tool]
[212 / 274] Compiling Rust rlib icu_normalizer v1.5.0 (13 files) [for tool]; 1s linux-sandbox
[213 / 274] [Prepa] Compiling Rust rlib idna_adapter v1.2.0 (1 file) [for tool]
[214 / 274] Compiling Rust rlib idna v1.0.3 (11 files) [for tool]; 1s linux-sandbox
[215 / 274] Compiling Rust rlib url v2.5.4 (9 files) [for tool]; 1s linux-sandbox
[216 / 274] [Prepa] Compiling Rust rlib cargo_util_schemas v0.3.1 (8 files) [for tool]
[216 / 274] Compiling Rust rlib cargo_util_schemas v0.3.1 (8 files) [for tool]; 1s linux-sandbox
[217 / 274] [Prepa] Compiling Rust bin cargo_toml_variable_extractor (1 file) [for tool]
[217 / 274] Compiling Rust bin cargo_toml_variable_extractor (1 file) [for tool]; 1s linux-sandbox
[217 / 274] Compiling Rust bin cargo_toml_variable_extractor (1 file) [for tool]; 11s linux-sandbox
[218 / 274] [Prepa] ExtractCargoTomlEnvVars external/rules_rust++crate+crate_index__memchr-2.8.3/cargo_toml_env_vars.env
[222 / 274] Compiling Rust bin _bs_ (22 files) [for tool]; 0s linux-sandbox ... (2 actions running)
[233 / 274] Compiling Rust bin _bs_ (17 files) [for tool]; 0s linux-sandbox ... (2 actions, 1 running)
[242 / 274] Compiling Rust proc-macro pastey v0.2.3 (5 files) [for tool]; 0s linux-sandbox ... (2 actions running)
[251 / 274] Compiling Rust proc-macro pastey v0.2.3 (5 files) [for tool]; 1s linux-sandbox ... (2 actions running)
[255 / 274] Compiling Rust bin _bs_ (57 files) [for tool]; 1s linux-sandbox ... (2 actions, 1 running)
[258 / 274] Compiling Rust rlib proc_macro2 v1.0.107 (22 files) [for tool]; 1s linux-sandbox
[259 / 274] [Prepa] Compiling Rust rlib quote v1.0.47 (17 files) [for tool]
[260 / 274] Compiling Rust rlib syn v3.0.6 (96 files) [for tool]; 0s linux-sandbox ... (2 actions running)
[260 / 274] Compiling Rust rlib syn v3.0.6 (96 files) [for tool]; 11s linux-sandbox ... (2 actions running)
[261 / 274] Compiling Rust rlib syn v3.0.6 (96 files) [for tool]; 17s linux-sandbox ... (2 actions, 1 running)
[262 / 274] Compiling Rust proc-macro score_log_fmt_macro (3 files) [for tool]; 1s linux-sandbox ... (2 actions, 1 running)
[262 / 274] Compiling Rust proc-macro score_log_fmt_macro (3 files) [for tool]; 2s linux-sandbox ... (2 actions running)
[263 / 274] Compiling Rust proc-macro futures_macro v0.3.34 (5 files) [for tool]; 2s linux-sandbox ... (2 actions, 1 running)
[266 / 274] Compiling Rust proc-macro futures_macro v0.3.34 (5 files) [for tool]; 4s linux-sandbox ... (2 actions running)
[267 / 274] Compiling Rust proc-macro score-com-macros (1 file) [for tool]; 1s linux-sandbox ... (2 actions running)
[268 / 274] Compiling Rust rlib futures_util v0.3.34 (186 files); 3s linux-sandbox ... (2 actions, 1 running)
[268 / 274] Compiling Rust rlib futures_util v0.3.34 (186 files); 4s linux-sandbox ... (2 actions running)
[269 / 274] Compiling Rust proc-macro thiserror_impl v2.0.21 (11 files) [for tool]; 4s linux-sandbox ... (2 actions, 1 running)
[271 / 274] Compiling Rust proc-macro thiserror_impl v2.0.21 (11 files) [for tool]; 5s linux-sandbox
[272 / 274] [Prepa] Compiling Rust rlib thiserror v2.0.21 (57 files)
INFO: Found 1 target...
Target //score/mw/com/rust/score_com_concept:score_com_concept up-to-date:
  bazel-bin/score/mw/com/rust/score_com_concept/libscore_com_concept-1105774421.rlib
INFO: Elapsed time: 200.969s, Critical Path: 103.91s
INFO: 274 processes: 144 internal, 130 linux-sandbox.
INFO: Build completed successfully, 274 total actions
