$TEST_TMPDIR defined, some defaults will be overridden
Starting local Bazel server (8.4.2) and connecting to it...
INFO: Invocation ID: b5839ebf-d59c-46f5-b836-61abd9e9e1d7
Computing main repo mapping: 
Loading: 
Loading: 0 packages loaded
Analyzing: target //score_harness:outer_loop (1 packages loaded)
Analyzing: target //score_harness:outer_loop (1 packages loaded, 0 targets configured)
Analyzing: target //score_harness:outer_loop (1 packages loaded, 0 targets configured)

Analyzing: target //score_harness:outer_loop (182 packages loaded, 660 targets configured)

Analyzing: target //score_harness:outer_loop (241 packages loaded, 5702 targets configured)

Analyzing: target //score_harness:outer_loop (276 packages loaded, 11601 targets configured)

INFO: Analyzed target //score_harness:outer_loop (277 packages loaded, 21523 targets configured).
[1 / 1] no actions running
INFO: Found 1 target...
Target //score_harness:outer_loop up-to-date:
  bazel-bin/score_harness/outer_loop
  bazel-bin/score_harness/outer_loop.venv.pth
INFO: Elapsed time: 20.670s, Critical Path: 0.99s
INFO: 1 process: 49 action cache hit, 1 internal.
INFO: Build completed successfully, 1 total action
INFO: Running command line: bazel-bin/score_harness/outer_loop <args omitted>
[validation] candidate=base_harness task=task_002_threshold_fail status=ok
  [SKIP] task_001_complies_link_removed: inactive task spec
  [+] task_002_threshold_fail
  [+] task_003_broken_refs_fail
  [+] task_004_need_type_scope_pass
  [+] task_005_build_output_pass

base_harness: 4/4 correct
Traces written to /media/jefferson/11c42dee-73a3-4c2b-ab42-a0440011d9e0/.s-core-build/runs/score-2850-native-_qjqrtmg/complete-seed-runs/iteration_001/base_harness
Summary appended to /media/jefferson/11c42dee-73a3-4c2b-ab42-a0440011d9e0/.s-core-build/runs/score-2850-native-_qjqrtmg/complete-seed-runs/evolution_summary.jsonl
