$TEST_TMPDIR defined, some defaults will be overridden
Starting local Bazel server (8.4.2) and connecting to it...
INFO: Invocation ID: c137b37e-3623-4e99-9c09-b029bbc0b340
Computing main repo mapping: 
Loading: 
Loading: 0 packages loaded
Loading: 0 packages loaded
    currently loading: score_harness
Analyzing: target //score_harness:evaluate (1 packages loaded)
Analyzing: target //score_harness:evaluate (1 packages loaded, 0 targets configured)
Analyzing: target //score_harness:evaluate (1 packages loaded, 0 targets configured)

Analyzing: target //score_harness:evaluate (16 packages loaded, 8 targets configured)

Analyzing: target //score_harness:evaluate (79 packages loaded, 190 targets configured)

Analyzing: target //score_harness:evaluate (188 packages loaded, 818 targets configured)

Analyzing: target //score_harness:evaluate (234 packages loaded, 4533 targets configured)

Analyzing: target //score_harness:evaluate (276 packages loaded, 11694 targets configured)

INFO: Analyzed target //score_harness:evaluate (277 packages loaded, 21684 targets configured).
[1 / 1] no actions running
INFO: Found 1 target...
Target //score_harness:evaluate up-to-date:
  bazel-bin/score_harness/evaluate
  bazel-bin/score_harness/evaluate.venv.pth
INFO: Elapsed time: 20.583s, Critical Path: 1.25s
INFO: 1 process: 47 action cache hit, 1 internal.
INFO: Build completed successfully, 1 total action
INFO: Running command line: bazel-bin/score_harness/evaluate <args omitted>
{
  "candidate": "base_harness",
  "iteration": 5,
  "split": "search",
  "tasks_total": 30,
  "tasks_correct": 30,
  "timestamp": "2026-10-07T15:11:56.982412+00:00",
  "environment_hash": "7bab1c0bdb7693fa14d49fe39089efa0be803440ef272854a376bd782c1aa0d0",
  "pass_rate": 1.0
}
