Using Python 3.12.14 environment at: /media/jefferson/11c42dee-73a3-4c2b-ab42-a0440011d9e0/.s-core-build/runs/score-2850-native-_qjqrtmg/verification-venv
Resolved 89 packages in 6.47s
Downloading matplotlib (8.3MiB)
Downloading sphinx (3.7MiB)
Downloading kiwisolver (1.4MiB)
Downloading cryptography (4.3MiB)
Downloading sphinx-needs (2.6MiB)
Downloading jsonschema-rs (2.3MiB)
Downloading pillow (6.8MiB)
Downloading debugpy (4.1MiB)
Downloading numpy (15.9MiB)
Downloading babel (9.7MiB)
Downloading pynacl (1.3MiB)
Downloading pyspellchecker (6.9MiB)
Downloading pygments (1.2MiB)
Downloading pydata-sphinx-theme (6.5MiB)
Downloading fonttools (4.8MiB)
Downloading sphinx-design (2.1MiB)
Downloading minijinja (1.1MiB)
Downloading accessible-pygments (1.3MiB)
Downloading basedpyright (11.8MiB)
Downloading nodejs-wheel-binaries (57.2MiB)
   Building sphinxcontrib-plantuml==0.31
 Downloaded minijinja
 Downloaded pygments
      Built sphinxcontrib-plantuml==0.31
 Downloaded pynacl
 Downloaded accessible-pygments
 Downloaded kiwisolver
 Downloaded sphinx-design
 Downloaded jsonschema-rs
 Downloaded sphinx-needs
 Downloaded sphinx
 Downloaded debugpy
 Downloaded cryptography
 Downloaded fonttools
 Downloaded pydata-sphinx-theme
 Downloaded pyspellchecker
 Downloaded pillow
 Downloaded matplotlib
 Downloaded babel
 Downloaded basedpyright
 Downloaded numpy
 Downloaded nodejs-wheel-binaries
Prepared 89 packages in 1m 26s
Installed 89 packages in 1.06s
 + accessible-pygments==0.0.5
 + alabaster==1.0.0
 + anyio==4.13.0
 + attrs==26.1.0
 + babel==2.18.0
 + basedpyright==1.39.0
 + bazel-runfiles==1.9.0
 + beautifulsoup4==4.14.3
 + cattrs==26.1.0
 + certifi==2026.2.25
 + cffi==2.0.0
 + charset-normalizer==3.4.7
 + click==8.3.2
 + colorama==0.4.6
 + contourpy==1.3.3
 + cryptography==46.0.7
 + cycler==0.12.1
 + debugpy==1.8.20
 + docutils==0.22.4
 + esbonio==0.16.5
 + fonttools==4.62.1
 + gitdb==4.0.12
 + gitpython==3.1.46
 + h11==0.16.0
 + idna==3.11
 + imagesize==2.0.0
 + iniconfig==2.3.0
 + jinja2==3.1.6
 + jsonschema-rs==0.37.4
 + kiwisolver==1.5.0
 + lsprotocol==2023.0.1
 + markdown-it-py==4.0.0
 + markupsafe==3.0.3
 + matplotlib==3.10.8
 + mdit-py-plugins==0.5.0
 + mdurl==0.1.2
 + minijinja==2.19.0
 + myst-parser==5.0.0
 + needs-config-writer==0.2.4
 + nodejs-wheel-binaries==24.14.1
 + numpy==2.4.4
 + packaging==26.0
 + pillow==12.2.0
 + platformdirs==4.9.6
 + pluggy==1.6.0
 + pycparser==3.0
 + pydata-sphinx-theme==0.17.0
 + pygithub==2.9.0
 + pygls==1.3.1
 + pygments==2.20.0
 + pyjwt==2.12.1
 + pynacl==1.6.2
 + pyparsing==3.3.2
 + pyspellchecker==0.9.0
 + pytest==9.0.3
 + python-dateutil==2.9.0.post0
 + pyyaml==6.0.3
 + requests==2.33.1
 + requests-file==2.1.0
 + rich==14.3.3
 + roman-numerals==4.1.0
 + ruamel-yaml==0.19.1
 + six==1.17.0
 + smmap==5.0.3
 + snowballstemmer==3.0.1
 + soupsieve==2.8.3
 + sphinx==9.1.0
 + sphinx-autobuild==2025.8.25
 + sphinx-collections==0.3.1
 + sphinx-data-viewer==0.1.5
 + sphinx-design==0.7.0
 + sphinx-needs==8.0.0
 + sphinxcontrib-applehelp==2.0.0
 + sphinxcontrib-devhelp==2.0.0
 + sphinxcontrib-htmlhelp==2.1.0
 + sphinxcontrib-jquery==4.1
 + sphinxcontrib-jsmath==1.0.1
 + sphinxcontrib-mermaid==2.0.1
 + sphinxcontrib-plantuml==0.31
 + sphinxcontrib-qthelp==2.0.0
 + sphinxcontrib-serializinghtml==2.0.0
 + starlette==1.0.0
 + tomli==2.4.1
 + tomli-w==1.2.0
 + typing-extensions==4.15.0
 + urllib3==2.6.3
 + uvicorn==0.44.0
 + watchfiles==1.1.1
 + websockets==16.0
