$TEST_TMPDIR defined, some defaults will be overridden
Starting local Bazel server (8.4.2) and connecting to it...
INFO: Invocation ID: 256d3a33-a7b6-40ca-b0c2-1fead436e5cf
Computing main repo mapping: 
Computing main repo mapping: 
Loading: 
Loading: 0 packages loaded
Loading: 0 packages loaded
Loading: 0 packages loaded
    currently loading: scripts_bazel/tests ... (2 packages)
Loading: 0 packages loaded
    currently loading: scripts_bazel/tests ... (2 packages)
Analyzing: 5 targets (2 packages loaded)
Analyzing: 5 targets (2 packages loaded, 0 targets configured)
Analyzing: 5 targets (2 packages loaded, 0 targets configured)

Analyzing: 5 targets (8 packages loaded, 6 targets configured)

Analyzing: 5 targets (66 packages loaded, 10 targets configured)

Analyzing: 5 targets (83 packages loaded, 615 targets configured)

Analyzing: 5 targets (192 packages loaded, 872 targets configured)

Analyzing: 5 targets (230 packages loaded, 3797 targets configured)

Analyzing: 5 targets (258 packages loaded, 7428 targets configured)

Analyzing: 5 targets (287 packages loaded, 11764 targets configured)

Analyzing: 5 targets (289 packages loaded, 21838 targets configured)

INFO: Analyzed 5 targets (294 packages loaded, 21886 targets configured).
[19 / 43] checking cached actions
[28 / 74] checking cached actions
[81 / 86] [Prepa] Testing //score_harness/tests:validate_candidate_test
[82 / 86] 1 / 5 tests; [Prepa] Testing //score_harness/tests:pinned_context_harness_test ... (4 actions, 0 running)
[82 / 86] 1 / 5 tests; Testing //score_harness/tests:assurance_lane_a_test; 0s disk-cache, linux-sandbox ... (4 actions running)
[82 / 86] 1 / 5 tests; Testing //score_harness/tests:assurance_lane_a_test; 10s disk-cache, linux-sandbox ... (4 actions running)
[82 / 86] 2 / 5 tests; Testing //score_harness/tests:assurance_lane_a_test; 14s disk-cache, linux-sandbox ... (4 actions running)
[84 / 86] 3 / 5 tests; Testing //score_harness/tests:assurance_lane_a_test; 15s disk-cache, linux-sandbox ... (2 actions running)
[84 / 86] 4 / 5 tests; Testing //score_harness/tests:assurance_lane_a_test; 17s disk-cache, linux-sandbox ... (2 actions running)
[85 / 86] 4 / 5 tests; Testing //score_harness/tests:assurance_lane_a_test; 19s disk-cache, linux-sandbox
[85 / 86] 4 / 5 tests; Testing //score_harness/tests:assurance_lane_a_test; 28s disk-cache, linux-sandbox
[85 / 86] 4 / 5 tests; Testing //score_harness/tests:assurance_lane_a_test; 58s disk-cache, linux-sandbox
[85 / 86] 5 / 5 tests; Testing //score_harness/tests:assurance_lane_a_test; 71s disk-cache, linux-sandbox
INFO: Found 5 test targets...
INFO: Elapsed time: 121.562s, Critical Path: 75.87s
INFO: 5 processes: 82 action cache hit, 1 internal, 4 linux-sandbox.
INFO: Build completed successfully, 5 total actions
//scripts_bazel/tests:traceability_gate_test                    (cached) PASSED in 6.3s
//score_harness/tests:assurance_lane_a_test                              PASSED in 62.0s
//score_harness/tests:common_test                                        PASSED in 4.5s
//score_harness/tests:pinned_context_harness_test                        PASSED in 7.1s
//score_harness/tests:validate_candidate_test                            PASSED in 6.2s

Executed 4 out of 5 tests: 5 tests pass.
There were tests whose specified size is too big. Use the --test_verbose_timeout_warnings command line option to see which ones these are.
