I001 [*] Import block is un-sorted or un-formatted
  --> score_harness/tests/pinned_context_harness_test.py:44:5
   |
43 |   def test_native_loader_and_lightweight_validation(tmp_path: Path) -> None:
44 | /     from score_harness.common import load_harness
45 | |     from score_harness.harness import pinned_context_harness
46 | |     from score_harness import validate_candidate as validator
   | |_____________________________________________________________^
47 |
48 |       assert pinned_context_harness.__file__ is not None
   |
help: Organize imports
   |
43 | def test_native_loader_and_lightweight_validation(tmp_path: Path) -> None:
44 +     from score_harness import validate_candidate as validator
45 |     from score_harness.common import load_harness
46 |     from score_harness.harness import pinned_context_harness
   -     from score_harness import validate_candidate as validator
47 |
   |

Found 1 error.
[*] 1 fixable with the `--fix` option.
