/media/jefferson/11c42dee-73a3-4c2b-ab42-a0440011d9e0/.s-core-build/runs/score-2850-native-_qjqrtmg/draft-native/score_harness/consistency.py
  /media/jefferson/11c42dee-73a3-4c2b-ab42-a0440011d9e0/.s-core-build/runs/score-2850-native-_qjqrtmg/draft-native/score_harness/consistency.py:203:5 - warning: Type of "direct" is partially unknown
    Type of "direct" is "set[Unknown]" (reportUnknownVariableType)
  /media/jefferson/11c42dee-73a3-4c2b-ab42-a0440011d9e0/.s-core-build/runs/score-2850-native-_qjqrtmg/draft-native/score_harness/consistency.py:212:9 - warning: Type of "impact" is unknown (reportUnknownVariableType)
/media/jefferson/11c42dee-73a3-4c2b-ab42-a0440011d9e0/.s-core-build/runs/score-2850-native-_qjqrtmg/draft-native/score_harness/evaluate.py
  /media/jefferson/11c42dee-73a3-4c2b-ab42-a0440011d9e0/.s-core-build/runs/score-2850-native-_qjqrtmg/draft-native/score_harness/evaluate.py:158:5 - warning: Type of "environment" is partially unknown
    Type of "environment" is "dict[str, Unknown]" (reportUnknownVariableType)
  /media/jefferson/11c42dee-73a3-4c2b-ab42-a0440011d9e0/.s-core-build/runs/score-2850-native-_qjqrtmg/draft-native/score_harness/evaluate.py:252:9 - warning: Type of "provenance" is partially unknown
    Type of "provenance" is "dict[str, Unknown]" (reportUnknownVariableType)
  /media/jefferson/11c42dee-73a3-4c2b-ab42-a0440011d9e0/.s-core-build/runs/score-2850-native-_qjqrtmg/draft-native/score_harness/evaluate.py:264:9 - warning: Type of "score" is partially unknown
    Type of "score" is "dict[str, Unknown]" (reportUnknownVariableType)
  /media/jefferson/11c42dee-73a3-4c2b-ab42-a0440011d9e0/.s-core-build/runs/score-2850-native-_qjqrtmg/draft-native/score_harness/evaluate.py:278:5 - warning: Type of "summary" is partially unknown
    Type of "summary" is "dict[str, Unknown]" (reportUnknownVariableType)
  /media/jefferson/11c42dee-73a3-4c2b-ab42-a0440011d9e0/.s-core-build/runs/score-2850-native-_qjqrtmg/draft-native/score_harness/evaluate.py:298:12 - warning: Return type, "dict[str, Unknown]", is partially unknown (reportUnknownVariableType)
/media/jefferson/11c42dee-73a3-4c2b-ab42-a0440011d9e0/.s-core-build/runs/score-2850-native-_qjqrtmg/draft-native/score_harness/query_runs.py
  /media/jefferson/11c42dee-73a3-4c2b-ab42-a0440011d9e0/.s-core-build/runs/score-2850-native-_qjqrtmg/draft-native/score_harness/query_runs.py:51:12 - warning: Return type, "list[Unknown]", is partially unknown (reportUnknownVariableType)
/media/jefferson/11c42dee-73a3-4c2b-ab42-a0440011d9e0/.s-core-build/runs/score-2850-native-_qjqrtmg/draft-native/score_harness/validate_candidate.py
  /media/jefferson/11c42dee-73a3-4c2b-ab42-a0440011d9e0/.s-core-build/runs/score-2850-native-_qjqrtmg/draft-native/score_harness/validate_candidate.py:194:9 - warning: Type of "entry" is partially unknown
    Type of "entry" is "dict[str, Unknown]" (reportUnknownVariableType)
0 errors, 9 warnings, 0 notes
