$TEST_TMPDIR defined, some defaults will be overridden
Starting local Bazel server (8.4.2) and connecting to it...
INFO: Invocation ID: 49d5b614-5017-4eb3-bfbb-3082bcb117d9
Computing main repo mapping: 
Computing main repo mapping: 
Loading: 
Loading: 0 packages loaded
Loading: 0 packages loaded
Loading: 0 packages loaded
    currently loading: score_harness
Analyzing: target //score_harness:evaluate (1 packages loaded)
Analyzing: target //score_harness:evaluate (1 packages loaded, 0 targets configured)
Analyzing: target //score_harness:evaluate (1 packages loaded, 0 targets configured)

Analyzing: target //score_harness:evaluate (70 packages loaded, 55 targets configured)

Analyzing: target //score_harness:evaluate (193 packages loaded, 870 targets configured)

Analyzing: target //score_harness:evaluate (276 packages loaded, 11728 targets configured)

INFO: Analyzed target //score_harness:evaluate (277 packages loaded, 21684 targets configured).
[1 / 1] no actions running
INFO: Found 1 target...
Target //score_harness:evaluate up-to-date:
  bazel-bin/score_harness/evaluate
  bazel-bin/score_harness/evaluate.venv.pth
INFO: Elapsed time: 24.975s, Critical Path: 3.64s
INFO: 1 process: 47 action cache hit, 1 internal.
INFO: Build completed successfully, 1 total action
INFO: Running command line: bazel-bin/score_harness/evaluate <args omitted>
{
  "candidate": "pinned_context_harness",
  "iteration": 3,
  "split": "search",
  "tasks_total": 30,
  "tasks_correct": 30,
  "timestamp": "2026-10-07T15:02:17.236548+00:00",
  "environment_hash": "0e04a9a344bdc358c403a1b20697448284641a05b8099ec384266617c6f84279",
  "pass_rate": 1.0
}
