$TEST_TMPDIR defined, some defaults will be overridden
Starting local Bazel server (8.4.2) and connecting to it...
INFO: Invocation ID: 85e8c63b-4bb0-4928-8a4d-b4105a354c55
Computing main repo mapping: 
Loading: 
Loading: 0 packages loaded
Loading: 1 packages loaded
Analyzing: target //:ide_support (1 packages loaded, 0 targets configured)
Analyzing: target //:ide_support (1 packages loaded, 0 targets configured)

Analyzing: target //:ide_support (186 packages loaded, 681 targets configured)

Analyzing: target //:ide_support (300 packages loaded, 10234 targets configured)

INFO: Analyzed target //:ide_support (305 packages loaded, 23198 targets configured).
[1 / 1] no actions running
INFO: Found 1 target...
Target //:ide_support up-to-date:
  bazel-bin/ide_support
  bazel-bin/ide_support.venv.pth
INFO: Elapsed time: 11.711s, Critical Path: 1.15s
INFO: 1 process: 474 action cache hit, 1 internal.
INFO: Build completed successfully, 1 total action
INFO: Running command line: bazel-bin/ide_support
Created virtualenv in /media/jefferson/11c42dee-73a3-4c2b-ab42-a0440011d9e0/.s-core-build/runs/score-2850-native-_qjqrtmg/draft-native/.venv_docs
