/media/jefferson/11c42dee-73a3-4c2b-ab42-a0440011d9e0/.s-core-build/runs/score-2850-native-_qjqrtmg/draft-native/score_pytest/attribute_plugin.py
  /media/jefferson/11c42dee-73a3-4c2b-ab42-a0440011d9e0/.s-core-build/runs/score-2850-native-_qjqrtmg/draft-native/score_pytest/attribute_plugin.py:93:5 - warning: Type of "outcome" is unknown (reportUnknownVariableType)
  /media/jefferson/11c42dee-73a3-4c2b-ab42-a0440011d9e0/.s-core-build/runs/score-2850-native-_qjqrtmg/draft-native/score_pytest/attribute_plugin.py:94:5 - warning: Type of "report" is unknown (reportUnknownVariableType)
  /media/jefferson/11c42dee-73a3-4c2b-ab42-a0440011d9e0/.s-core-build/runs/score-2850-native-_qjqrtmg/draft-native/score_pytest/attribute_plugin.py:118:13 - warning: Type of "k" is unknown (reportUnknownVariableType)
  /media/jefferson/11c42dee-73a3-4c2b-ab42-a0440011d9e0/.s-core-build/runs/score-2850-native-_qjqrtmg/draft-native/score_pytest/attribute_plugin.py:118:16 - warning: Type of "v" is unknown (reportUnknownVariableType)
  /media/jefferson/11c42dee-73a3-4c2b-ab42-a0440011d9e0/.s-core-build/runs/score-2850-native-_qjqrtmg/draft-native/score_pytest/attribute_plugin.py:127:5 - warning: Type of "node" is unknown (reportUnknownVariableType)
  /media/jefferson/11c42dee-73a3-4c2b-ab42-a0440011d9e0/.s-core-build/runs/score-2850-native-_qjqrtmg/draft-native/score_pytest/attribute_plugin.py:128:5 - warning: Type of "raw_file_path" is unknown (reportUnknownVariableType)
  /media/jefferson/11c42dee-73a3-4c2b-ab42-a0440011d9e0/.s-core-build/runs/score-2850-native-_qjqrtmg/draft-native/score_pytest/attribute_plugin.py:128:20 - warning: Type of "line_number" is unknown (reportUnknownVariableType)
  /media/jefferson/11c42dee-73a3-4c2b-ab42-a0440011d9e0/.s-core-build/runs/score-2850-native-_qjqrtmg/draft-native/score_pytest/attribute_plugin.py:128:33 - warning: Type of "_" is unknown (reportUnknownVariableType)
  /media/jefferson/11c42dee-73a3-4c2b-ab42-a0440011d9e0/.s-core-build/runs/score-2850-native-_qjqrtmg/draft-native/score_pytest/attribute_plugin.py:131:5 - warning: Type of "clean_file_path" is unknown (reportUnknownVariableType)
/media/jefferson/11c42dee-73a3-4c2b-ab42-a0440011d9e0/.s-core-build/runs/score-2850-native-_qjqrtmg/draft-native/score_pytest/tests/test_rules_are_working_correctly.py
  /media/jefferson/11c42dee-73a3-4c2b-ab42-a0440011d9e0/.s-core-build/runs/score-2850-native-_qjqrtmg/draft-native/score_pytest/tests/test_rules_are_working_correctly.py:13:42 - warning: Type annotation is missing for parameter "fixture42" (reportMissingParameterType)
/media/jefferson/11c42dee-73a3-4c2b-ab42-a0440011d9e0/.s-core-build/runs/score-2850-native-_qjqrtmg/draft-native/scripts_bazel/tests/traceability_gate_test.py
  /media/jefferson/11c42dee-73a3-4c2b-ab42-a0440011d9e0/.s-core-build/runs/score-2850-native-_qjqrtmg/draft-native/scripts_bazel/tests/traceability_gate_test.py:30:58 - warning: Expected type arguments for generic class "dict" (reportMissingTypeArgument)
  /media/jefferson/11c42dee-73a3-4c2b-ab42-a0440011d9e0/.s-core-build/runs/score-2850-native-_qjqrtmg/draft-native/scripts_bazel/tests/traceability_gate_test.py:33:9 - warning: Type of "metrics_by_type" is partially unknown
    Type of "metrics_by_type" is "dict[Unknown, Unknown]" (reportUnknownVariableType)
  /media/jefferson/11c42dee-73a3-4c2b-ab42-a0440011d9e0/.s-core-build/runs/score-2850-native-_qjqrtmg/draft-native/scripts_bazel/tests/traceability_gate_test.py:57:5 - warning: Type of "payload" is partially unknown
    Type of "payload" is "dict[str, Unknown]" (reportUnknownVariableType)
  /media/jefferson/11c42dee-73a3-4c2b-ab42-a0440011d9e0/.s-core-build/runs/score-2850-native-_qjqrtmg/draft-native/scripts_bazel/tests/traceability_gate_test.py:67:61 - warning: Expected type arguments for generic class "CompletedProcess" (reportMissingTypeArgument)
  /media/jefferson/11c42dee-73a3-4c2b-ab42-a0440011d9e0/.s-core-build/runs/score-2850-native-_qjqrtmg/draft-native/scripts_bazel/tests/traceability_gate_test.py:79:5 - warning: Type of "result" is partially unknown
    Type of "result" is "CompletedProcess[Unknown]" (reportUnknownVariableType)
  /media/jefferson/11c42dee-73a3-4c2b-ab42-a0440011d9e0/.s-core-build/runs/score-2850-native-_qjqrtmg/draft-native/scripts_bazel/tests/traceability_gate_test.py:91:5 - warning: Type of "result" is partially unknown
    Type of "result" is "CompletedProcess[Unknown]" (reportUnknownVariableType)
  /media/jefferson/11c42dee-73a3-4c2b-ab42-a0440011d9e0/.s-core-build/runs/score-2850-native-_qjqrtmg/draft-native/scripts_bazel/tests/traceability_gate_test.py:104:5 - warning: Type of "result" is partially unknown
    Type of "result" is "CompletedProcess[Unknown]" (reportUnknownVariableType)
  /media/jefferson/11c42dee-73a3-4c2b-ab42-a0440011d9e0/.s-core-build/runs/score-2850-native-_qjqrtmg/draft-native/scripts_bazel/tests/traceability_gate_test.py:111:5 - warning: Type of "metrics_by_type" is partially unknown
    Type of "metrics_by_type" is "dict[str, dict[str, Unknown]]" (reportUnknownVariableType)
  /media/jefferson/11c42dee-73a3-4c2b-ab42-a0440011d9e0/.s-core-build/runs/score-2850-native-_qjqrtmg/draft-native/scripts_bazel/tests/traceability_gate_test.py:139:5 - warning: Type of "result" is partially unknown
    Type of "result" is "CompletedProcess[Unknown]" (reportUnknownVariableType)
  /media/jefferson/11c42dee-73a3-4c2b-ab42-a0440011d9e0/.s-core-build/runs/score-2850-native-_qjqrtmg/draft-native/scripts_bazel/tests/traceability_gate_test.py:146:5 - warning: Type of "metrics_by_type" is partially unknown
    Type of "metrics_by_type" is "dict[str, dict[str, Unknown]]" (reportUnknownVariableType)
  /media/jefferson/11c42dee-73a3-4c2b-ab42-a0440011d9e0/.s-core-build/runs/score-2850-native-_qjqrtmg/draft-native/scripts_bazel/tests/traceability_gate_test.py:195:5 - warning: Type of "result" is partially unknown
    Type of "result" is "CompletedProcess[Unknown]" (reportUnknownVariableType)
  /media/jefferson/11c42dee-73a3-4c2b-ab42-a0440011d9e0/.s-core-build/runs/score-2850-native-_qjqrtmg/draft-native/scripts_bazel/tests/traceability_gate_test.py:208:5 - warning: Type of "result" is partially unknown
    Type of "result" is "CompletedProcess[Unknown]" (reportUnknownVariableType)
  /media/jefferson/11c42dee-73a3-4c2b-ab42-a0440011d9e0/.s-core-build/runs/score-2850-native-_qjqrtmg/draft-native/scripts_bazel/tests/traceability_gate_test.py:220:5 - warning: Type of "result" is partially unknown
    Type of "result" is "CompletedProcess[Unknown]" (reportUnknownVariableType)
  /media/jefferson/11c42dee-73a3-4c2b-ab42-a0440011d9e0/.s-core-build/runs/score-2850-native-_qjqrtmg/draft-native/scripts_bazel/tests/traceability_gate_test.py:227:5 - warning: Type of "result" is partially unknown
    Type of "result" is "CompletedProcess[Unknown]" (reportUnknownVariableType)
/media/jefferson/11c42dee-73a3-4c2b-ab42-a0440011d9e0/.s-core-build/runs/score-2850-native-_qjqrtmg/draft-native/src/extensions/score_metamodel/tests/test_traceability_metrics.py
  /media/jefferson/11c42dee-73a3-4c2b-ab42-a0440011d9e0/.s-core-build/runs/score-2850-native-_qjqrtmg/draft-native/src/extensions/score_metamodel/tests/test_traceability_metrics.py:147:5 - warning: Type of "all_needs" is partially unknown
    Type of "all_needs" is "list[dict[str, Unknown]]" (reportUnknownVariableType)
/media/jefferson/11c42dee-73a3-4c2b-ab42-a0440011d9e0/.s-core-build/runs/score-2850-native-_qjqrtmg/draft-native/src/extensions/score_metamodel/tests/test_traceability_metrics_json_generation.py
  /media/jefferson/11c42dee-73a3-4c2b-ab42-a0440011d9e0/.s-core-build/runs/score-2850-native-_qjqrtmg/draft-native/src/extensions/score_metamodel/tests/test_traceability_metrics_json_generation.py:68:20 - warning: "_write_metrics_json" is private and used outside of the module in which it is declared (reportPrivateUsage)
  /media/jefferson/11c42dee-73a3-4c2b-ab42-a0440011d9e0/.s-core-build/runs/score-2850-native-_qjqrtmg/draft-native/src/extensions/score_metamodel/tests/test_traceability_metrics_json_generation.py:87:20 - warning: "_write_metrics_json" is private and used outside of the module in which it is declared (reportPrivateUsage)
/media/jefferson/11c42dee-73a3-4c2b-ab42-a0440011d9e0/.s-core-build/runs/score-2850-native-_qjqrtmg/draft-native/src/extensions/score_metamodel/traceability_metrics.py
  /media/jefferson/11c42dee-73a3-4c2b-ab42-a0440011d9e0/.s-core-build/runs/score-2850-native-_qjqrtmg/draft-native/src/extensions/score_metamodel/traceability_metrics.py:41:13 - warning: Type of "item" is unknown (reportUnknownVariableType)
0 errors, 28 warnings, 0 notes
