$TEST_TMPDIR defined, some defaults will be overridden
INFO: Invocation ID: e1c2b187-c7e2-43ac-83b5-09e142e2e2a9
Computing main repo mapping: 
Loading: 
Loading: 0 packages loaded
Analyzing: target //:docs_check (0 packages loaded, 0 targets configured)
Analyzing: target //:docs_check (0 packages loaded, 0 targets configured)

Analyzing: target //:docs_check (13 packages loaded, 1022 targets configured)

Analyzing: target //:docs_check (13 packages loaded, 1022 targets configured)

Analyzing: target //:docs_check (13 packages loaded, 1022 targets configured)

Analyzing: target //:docs_check (13 packages loaded, 1022 targets configured)

Analyzing: target //:docs_check (13 packages loaded, 1022 targets configured)

Analyzing: target //:docs_check (16 packages loaded, 1413 targets configured)

Analyzing: target //:docs_check (16 packages loaded, 1413 targets configured)

Analyzing: target //:docs_check (16 packages loaded, 1413 targets configured)

Analyzing: target //:docs_check (16 packages loaded, 1413 targets configured)

Analyzing: target //:docs_check (16 packages loaded, 1413 targets configured)

Analyzing: target //:docs_check (17 packages loaded, 1433 targets configured)

Analyzing: target //:docs_check (17 packages loaded, 1433 targets configured)

Analyzing: target //:docs_check (18 packages loaded, 1434 targets configured)

Analyzing: target //:docs_check (18 packages loaded, 1434 targets configured)

Analyzing: target //:docs_check (18 packages loaded, 1434 targets configured)

Analyzing: target //:docs_check (18 packages loaded, 1434 targets configured)

Analyzing: target //:docs_check (18 packages loaded, 1434 targets configured)

Analyzing: target //:docs_check (18 packages loaded, 1434 targets configured)

Analyzing: target //:docs_check (18 packages loaded, 1434 targets configured)

Analyzing: target //:docs_check (18 packages loaded, 1434 targets configured)

Analyzing: target //:docs_check (18 packages loaded, 1434 targets configured)

Analyzing: target //:docs_check (18 packages loaded, 1434 targets configured)

Analyzing: target //:docs_check (19 packages loaded, 1442 targets configured)

Analyzing: target //:docs_check (19 packages loaded, 1442 targets configured)

Analyzing: target //:docs_check (19 packages loaded, 1442 targets configured)

Analyzing: target //:docs_check (19 packages loaded, 1442 targets configured)

Analyzing: target //:docs_check (19 packages loaded, 1442 targets configured)

Analyzing: target //:docs_check (19 packages loaded, 1442 targets configured)

Analyzing: target //:docs_check (19 packages loaded, 1442 targets configured)

Analyzing: target //:docs_check (19 packages loaded, 1442 targets configured)

Analyzing: target //:docs_check (19 packages loaded, 1442 targets configured)

Analyzing: target //:docs_check (19 packages loaded, 1442 targets configured)

Analyzing: target //:docs_check (19 packages loaded, 1442 targets configured)

Analyzing: target //:docs_check (19 packages loaded, 1442 targets configured)

Analyzing: target //:docs_check (19 packages loaded, 1442 targets configured)

Analyzing: target //:docs_check (19 packages loaded, 1442 targets configured)

Analyzing: target //:docs_check (19 packages loaded, 1442 targets configured)

Analyzing: target //:docs_check (19 packages loaded, 1442 targets configured)

Analyzing: target //:docs_check (19 packages loaded, 1442 targets configured)

Analyzing: target //:docs_check (19 packages loaded, 1442 targets configured)

Analyzing: target //:docs_check (19 packages loaded, 1442 targets configured)

Analyzing: target //:docs_check (19 packages loaded, 1442 targets configured)

Analyzing: target //:docs_check (19 packages loaded, 1442 targets configured)

Analyzing: target //:docs_check (19 packages loaded, 1442 targets configured)

Analyzing: target //:docs_check (19 packages loaded, 1442 targets configured)

Analyzing: target //:docs_check (19 packages loaded, 1442 targets configured)

Analyzing: target //:docs_check (19 packages loaded, 1442 targets configured)

Analyzing: target //:docs_check (19 packages loaded, 1442 targets configured)

Analyzing: target //:docs_check (19 packages loaded, 1442 targets configured)

Analyzing: target //:docs_check (19 packages loaded, 1442 targets configured)

Analyzing: target //:docs_check (19 packages loaded, 1442 targets configured)

Analyzing: target //:docs_check (19 packages loaded, 1442 targets configured)

Analyzing: target //:docs_check (19 packages loaded, 1442 targets configured)

Analyzing: target //:docs_check (19 packages loaded, 1442 targets configured)

Analyzing: target //:docs_check (19 packages loaded, 1442 targets configured)

Analyzing: target //:docs_check (19 packages loaded, 1442 targets configured)

Analyzing: target //:docs_check (19 packages loaded, 1442 targets configured)

Analyzing: target //:docs_check (19 packages loaded, 1442 targets configured)

Analyzing: target //:docs_check (19 packages loaded, 1442 targets configured)

Analyzing: target //:docs_check (19 packages loaded, 1442 targets configured)

Analyzing: target //:docs_check (19 packages loaded, 1442 targets configured)

Analyzing: target //:docs_check (19 packages loaded, 1442 targets configured)

Analyzing: target //:docs_check (19 packages loaded, 1442 targets configured)

Analyzing: target //:docs_check (19 packages loaded, 1442 targets configured)

Analyzing: target //:docs_check (19 packages loaded, 1442 targets configured)

Analyzing: target //:docs_check (19 packages loaded, 1442 targets configured)

Analyzing: target //:docs_check (19 packages loaded, 1442 targets configured)

Analyzing: target //:docs_check (19 packages loaded, 1442 targets configured)

Analyzing: target //:docs_check (19 packages loaded, 1442 targets configured)

Analyzing: target //:docs_check (19 packages loaded, 1442 targets configured)

Analyzing: target //:docs_check (20 packages loaded, 1567 targets configured)

Analyzing: target //:docs_check (20 packages loaded, 1567 targets configured)

Analyzing: target //:docs_check (20 packages loaded, 1567 targets configured)

Analyzing: target //:docs_check (20 packages loaded, 1567 targets configured)

Analyzing: target //:docs_check (20 packages loaded, 1567 targets configured)

Analyzing: target //:docs_check (20 packages loaded, 1567 targets configured)

Analyzing: target //:docs_check (20 packages loaded, 1567 targets configured)

INFO: Analyzed target //:docs_check (21 packages loaded, 1702 targets configured).
[1 / 1] no actions running
[458 / 473] Creating source manifest for @@score_process+//:sphinx_build [for tool]; 0s local ... (5 actions, 3 running)
[461 / 473] JavaToolchainCompileClasses external/rules_java+/toolchains/platformclasspath_classes; 1s disk-cache, linux-sandbox ... (5 actions running)
[463 / 473] Creating runfiles tree bazel-out/k8-fastbuild/bin/docs_check.runfiles; 3s local ... (4 actions, 3 running)
[463 / 473] Creating runfiles tree bazel-out/k8-fastbuild/bin/docs_check.runfiles; 5s local ... (5 actions running)
[465 / 473] Creating runfiles tree bazel-out/k8-fastbuild/bin/docs_check.runfiles; 6s local ... (5 actions, 3 running)
[465 / 473] Creating runfiles tree bazel-out/k8-fastbuild/bin/docs_check.runfiles; 7s local ... (5 actions running)
[465 / 473] Creating runfiles tree bazel-out/k8-fastbuild/bin/docs_check.runfiles; 8s local ... (5 actions running)
[465 / 473] Creating runfiles tree bazel-out/k8-fastbuild/bin/docs_check.runfiles; 9s local ... (5 actions running)
[467 / 473] Creating runfiles tree bazel-out/k8-fastbuild/bin/docs_check.runfiles; 11s local ... (3 actions running)
[470 / 473] [Prepa] Executing genrule @@score_process+//:sourcelinks_json [for tool]
[470 / 473] Executing genrule @@score_process+//:sourcelinks_json [for tool]; 1s disk-cache, linux-sandbox ... (2 actions running)
[470 / 473] Executing genrule @@score_process+//:sourcelinks_json [for tool]; 10s disk-cache, linux-sandbox ... (2 actions running)
[470 / 473] Executing genrule @@score_process+//:sourcelinks_json [for tool]; 40s disk-cache, linux-sandbox ... (2 actions running)
INFO: From Executing genrule @@score_process+//:sourcelinks_json [for tool]:
Found 0 need references in 0 files
[471 / 473] Executing genrule //:sourcelinks_json; 52s disk-cache, linux-sandbox ... (2 actions, 1 running)
INFO: From Executing genrule //:sourcelinks_json:
Found 151 need references in 67 files
[472 / 473] Sphinx building needs for @score_process//:needs_json; 0s disk-cache, linux-sandbox
[472 / 473] Sphinx building needs for @score_process//:needs_json; 11s disk-cache, linux-sandbox
[472 / 473] Sphinx building needs for @score_process//:needs_json; 41s disk-cache, linux-sandbox
INFO: Found 1 target...
Target //:docs_check up-to-date:
  bazel-bin/docs_check
  bazel-bin/docs_check.venv.pth
INFO: Elapsed time: 209.310s, Critical Path: 119.97s
INFO: 434 processes: 386 internal, 46 linux-sandbox, 2 worker.
INFO: Build completed successfully, 434 total actions
INFO: Running command line: bazel-bin/docs_check
Running Sphinx v9.1.0
loading translations [en]... done


Versions
========

* Platform:         linux; (Linux-6.8.0-138-generic-x86_64-with-glibc2.35)
* Python version:   3.12.12 (CPython)
* Sphinx version:   9.1.0
* Docutils version: 0.22.4
* Jinja2 version:   3.1.6
* Pygments version: 2.20.0

Last Messages
=============

None.

Loaded Extensions
=================

None.

Traceback
=========

    Traceback (most recent call last):
      File "/media/jefferson/11c42dee-73a3-4c2b-ab42-a0440011d9e0/.s-core-build/runs/score-2850-native-_qjqrtmg/draft-bazel-output/execroot/_main/bazel-out/k8-fastbuild/bin/docs_check.runfiles/.docs_check.venv/lib/python3.12/site-packages/sphinx/cmd/build.py", line 414, in build_main
        app = Sphinx(
              ^^^^^^^
      File "/media/jefferson/11c42dee-73a3-4c2b-ab42-a0440011d9e0/.s-core-build/runs/score-2850-native-_qjqrtmg/draft-bazel-output/execroot/_main/bazel-out/k8-fastbuild/bin/docs_check.runfiles/.docs_check.venv/lib/python3.12/site-packages/sphinx/application.py", line 299, in __init__
        self.setup_extension(extension)
      File "/media/jefferson/11c42dee-73a3-4c2b-ab42-a0440011d9e0/.s-core-build/runs/score-2850-native-_qjqrtmg/draft-bazel-output/execroot/_main/bazel-out/k8-fastbuild/bin/docs_check.runfiles/.docs_check.venv/lib/python3.12/site-packages/sphinx/application.py", line 505, in setup_extension
        self.registry.load_extension(self, extname)
      File "/media/jefferson/11c42dee-73a3-4c2b-ab42-a0440011d9e0/.s-core-build/runs/score-2850-native-_qjqrtmg/draft-bazel-output/execroot/_main/bazel-out/k8-fastbuild/bin/docs_check.runfiles/.docs_check.venv/lib/python3.12/site-packages/sphinx/registry.py", line 569, in load_extension
        metadata = setup(app)
                   ^^^^^^^^^^
      File "/media/jefferson/11c42dee-73a3-4c2b-ab42-a0440011d9e0/.s-core-build/runs/score-2850-native-_qjqrtmg/draft-bazel-output/execroot/_main/bazel-out/k8-fastbuild/bin/docs_check.runfiles/_main/src/extensions/score_sphinx_bundle/__init__.py", line 65, in setup
        app.setup_extension(e)
      File "/media/jefferson/11c42dee-73a3-4c2b-ab42-a0440011d9e0/.s-core-build/runs/score-2850-native-_qjqrtmg/draft-bazel-output/execroot/_main/bazel-out/k8-fastbuild/bin/docs_check.runfiles/.docs_check.venv/lib/python3.12/site-packages/sphinx/application.py", line 505, in setup_extension
        self.registry.load_extension(self, extname)
      File "/media/jefferson/11c42dee-73a3-4c2b-ab42-a0440011d9e0/.s-core-build/runs/score-2850-native-_qjqrtmg/draft-bazel-output/execroot/_main/bazel-out/k8-fastbuild/bin/docs_check.runfiles/.docs_check.venv/lib/python3.12/site-packages/sphinx/registry.py", line 569, in load_extension
        metadata = setup(app)
                   ^^^^^^^^^^
      File "/media/jefferson/11c42dee-73a3-4c2b-ab42-a0440011d9e0/.s-core-build/runs/score-2850-native-_qjqrtmg/draft-bazel-output/execroot/_main/bazel-out/k8-fastbuild/bin/docs_check.runfiles/_main/src/extensions/score_source_code_linker/__init__.py", line 333, in setup
        setup_once(app)
      File "/media/jefferson/11c42dee-73a3-4c2b-ab42-a0440011d9e0/.s-core-build/runs/score-2850-native-_qjqrtmg/draft-bazel-output/execroot/_main/bazel-out/k8-fastbuild/bin/docs_check.runfiles/_main/src/extensions/score_source_code_linker/__init__.py", line 310, in setup_once
        assert find_git_root()
               ^^^^^^^^^^^^^^^
    AssertionError


The full traceback has been saved in:
/media/jefferson/11c42dee-73a3-4c2b-ab42-a0440011d9e0/.s-core-build/runs/score-2850-native-_qjqrtmg/tool-tmp/sphinx-err-w0wlvc12.log

To report this error to the developers, please open an issue at <https://github.com/sphinx-doc/sphinx/issues/>. Thanks!
Please also report this if it was a user error, so that a better error message can be provided next time.
docs (check) finished in 19.2 seconds
