{
  "status": "pass",
  "metrics_schema": "native v2",
  "trace_validation": "explicit native shape and verdict assertions; no complete native trace JSON schema supplied",
  "results": [
    {
      "task_id": "task_002_threshold_fail",
      "candidate": "base_harness",
      "expected_verdict": "fail",
      "gate_returncode": 2,
      "context_sha256": "6265d712f650e4785c5eac32c3e85f3311bf6d0e8b8e173220f7f89aef05526c"
    },
    {
      "task_id": "task_002_threshold_fail",
      "candidate": "pinned_context_harness",
      "expected_verdict": "fail",
      "gate_returncode": 2,
      "context_sha256": "6265d712f650e4785c5eac32c3e85f3311bf6d0e8b8e173220f7f89aef05526c"
    },
    {
      "task_id": "task_003_broken_refs_fail",
      "candidate": "base_harness",
      "expected_verdict": "fail",
      "gate_returncode": 2,
      "context_sha256": "24fe71a379c3d873d33aa85e8b53074816f5b06212259c6b5432a4430e401782"
    },
    {
      "task_id": "task_003_broken_refs_fail",
      "candidate": "pinned_context_harness",
      "expected_verdict": "fail",
      "gate_returncode": 2,
      "context_sha256": "24fe71a379c3d873d33aa85e8b53074816f5b06212259c6b5432a4430e401782"
    },
    {
      "task_id": "task_004_need_type_scope_pass",
      "candidate": "base_harness",
      "expected_verdict": "pass",
      "gate_returncode": 0,
      "context_sha256": "6a369962de46ec20721a1cc3261ec26f48f117bea830a3be0d6d3693e40c61be"
    },
    {
      "task_id": "task_004_need_type_scope_pass",
      "candidate": "pinned_context_harness",
      "expected_verdict": "pass",
      "gate_returncode": 0,
      "context_sha256": "6a369962de46ec20721a1cc3261ec26f48f117bea830a3be0d6d3693e40c61be"
    }
  ]
}
