$TEST_TMPDIR defined, some defaults will be overridden
OpenJDK 64-Bit Server VM warning: Options -Xverify:none and -noverify were deprecated in JDK 13 and will likely be removed in a future release.
WARNING: The following configs were expanded more than once: [linux_x64_gcc_15]. For repeatable flags, repeats are counted twice and may lead to unexpected behavior.
Computing main repo mapping: 
Computing main repo mapping: 
WARNING: The following configs were expanded more than once: [linux_x64_gcc_15]. For repeatable flags, repeats are counted twice and may lead to unexpected behavior.
Computing main repo mapping: 
Computing main repo mapping: 
Computing main repo mapping: 
Computing main repo mapping: 
Computing main repo mapping: 
Computing main repo mapping: 
Loading: 
Loading: 5 packages loaded
Analyzing: target //:format (6 packages loaded, 0 targets configured)
Analyzing: target //:format (6 packages loaded, 0 targets configured)

Analyzing: target //:format (101 packages loaded, 12 targets configured)

Analyzing: target //:format (156 packages loaded, 1315 targets configured)

Analyzing: target //:format (186 packages loaded, 12628 targets configured)

INFO: Analyzed target //:format (198 packages loaded, 14633 targets configured).
[68 / 126] checking cached actions
INFO: Found 1 target...
Target //:format up-to-date:
  bazel-bin/format.bash
INFO: Elapsed time: 17.465s, Critical Path: 0.08s
INFO: 1 process: 128 action cache hit, 1 internal.
INFO: Build completed successfully, 1 total action
INFO: Running command line: bazel-bin/format.bash <args omitted>
3 files left unchanged
Formatted Python in 0m0.018s
Formatted Starlark in 0m0.021s
Formatted C++ in 0m0.272s
Formatted Rust in 0m0.267s
