OpenJDK 64-Bit Server VM warning: Options -Xverify:none and -noverify were deprecated in JDK 13 and will likely be removed in a future release.
Computing main repo mapping: 
Computing main repo mapping: 
Computing main repo mapping: 
Computing main repo mapping: 
Computing main repo mapping: 
Computing main repo mapping: 
Computing main repo mapping: 
Computing main repo mapping: 
Computing main repo mapping: 
Computing main repo mapping: 
WARNING: For repository 'platforms', the root module requires module version platforms@1.0.0, but got platforms@1.1.0 in the resolved dependency graph. Please update the version in your MODULE.bazel or set --check_direct_dependencies=off
WARNING: For repository 'rules_rust', the root module requires module version rules_rust@0.68.1-score, but got rules_rust@0.68.2-score in the resolved dependency graph. Please update the version in your MODULE.bazel or set --check_direct_dependencies=off
WARNING: For repository 'rules_cc', the root module requires module version rules_cc@0.2.17, but got rules_cc@0.2.22 in the resolved dependency graph. Please update the version in your MODULE.bazel or set --check_direct_dependencies=off
WARNING: For repository 'aspect_rules_lint', the root module requires module version aspect_rules_lint@2.3.0, but got aspect_rules_lint@2.5.0 in the resolved dependency graph. Please update the version in your MODULE.bazel or set --check_direct_dependencies=off
WARNING: For repository 'grpc-java', the root module requires module version grpc-java@1.70.0, but got grpc-java@1.78.0 in the resolved dependency graph. Please update the version in your MODULE.bazel or set --check_direct_dependencies=off
Computing main repo mapping: 
Computing main repo mapping: 
Computing main repo mapping: 
Computing main repo mapping: 
Computing main repo mapping: 
Computing main repo mapping: 
Computing main repo mapping: 
Computing main repo mapping: 
Computing main repo mapping: 
Computing main repo mapping: 
Computing main repo mapping: 
Loading: 
Loading: 3 packages loaded
Analyzing: target //requirements/component_requirements/config_provider:component_requirements (4 packages loaded, 0 targets configured)
Analyzing: target //requirements/component_requirements/config_provider:component_requirements (4 packages loaded, 0 targets configured)

Analyzing: target //requirements/component_requirements/config_provider:component_requirements (43 packages loaded, 112 targets configured)

ERROR: /media/jefferson/11c42dee-73a3-4c2b-ab42-a0440011d9e0/.s-core-build/runs/score-communication-followup-pivi6gt7/config-management-consumer-candidate/bazel/toolchains/BUILD:9:19: //bazel/toolchains:score_config_management_libclang: missing value for mandatory attribute 'cc_toolchain' in 'libclang_toolchain' rule
ERROR: /media/jefferson/11c42dee-73a3-4c2b-ab42-a0440011d9e0/.s-core-build/runs/score-communication-followup-pivi6gt7/bazel-output/9de61ab6940929be1d8e2615b63cf866/external/score_tooling+/validation/core/BUILD:98:12: While resolving toolchains for target @@score_tooling+//validation/core:validation_cli (09f0531): invalid registered toolchain '//bazel/toolchains:score_config_management_libclang_toolchain': Error evaluating '//bazel/toolchains:score_config_management_libclang_toolchain': error loading package 'bazel/toolchains': Package 'bazel/toolchains' contains errors
ERROR: Analysis of target '//requirements/component_requirements/config_provider:component_requirements' failed; build aborted: Analysis failed
INFO: Elapsed time: 35.566s, Critical Path: 0.18s
INFO: 1 process: 1 internal.
ERROR: Build did NOT complete successfully
