OpenJDK 64-Bit Server VM warning: Options -Xverify:none and -noverify were deprecated in JDK 13 and will likely be removed in a future release.
Computing main repo mapping: 
Computing main repo mapping: 
Computing main repo mapping: 
WARNING: For repository 'platforms', the root module requires module version platforms@1.0.0, but got platforms@1.1.0 in the resolved dependency graph. Please update the version in your MODULE.bazel or set --check_direct_dependencies=off
WARNING: For repository 'rules_rust', the root module requires module version rules_rust@0.68.1-score, but got rules_rust@0.68.2-score in the resolved dependency graph. Please update the version in your MODULE.bazel or set --check_direct_dependencies=off
WARNING: For repository 'rules_cc', the root module requires module version rules_cc@0.2.17, but got rules_cc@0.2.22 in the resolved dependency graph. Please update the version in your MODULE.bazel or set --check_direct_dependencies=off
WARNING: For repository 'aspect_rules_lint', the root module requires module version aspect_rules_lint@2.3.0, but got aspect_rules_lint@2.5.0 in the resolved dependency graph. Please update the version in your MODULE.bazel or set --check_direct_dependencies=off
WARNING: For repository 'grpc-java', the root module requires module version grpc-java@1.70.0, but got grpc-java@1.78.0 in the resolved dependency graph. Please update the version in your MODULE.bazel or set --check_direct_dependencies=off
Computing main repo mapping: 
Computing main repo mapping: 
Computing main repo mapping: 
Computing main repo mapping: 
Computing main repo mapping: 
Loading: 
Loading: 3 packages loaded
Analyzing: 2 targets (5 packages loaded, 0 targets configured)
Analyzing: 2 targets (5 packages loaded, 0 targets configured)

ERROR: Traceback (most recent call last):
	File "/media/jefferson/11c42dee-73a3-4c2b-ab42-a0440011d9e0/.s-core-build/runs/score-communication-followup-pivi6gt7/config-management-consumer-candidate/requirements/safety_analysis/BUILD", line 18, column 6, in <toplevel>
		"fmea",
Error: file '@score_tooling//bazel/rules/rules_score:rules_score.bzl' does not contain symbol 'fmea'
ERROR: Traceback (most recent call last):
	File "/media/jefferson/11c42dee-73a3-4c2b-ab42-a0440011d9e0/.s-core-build/runs/score-communication-followup-pivi6gt7/bazel-output/9de61ab6940929be1d8e2615b63cf866/external/score_communication+/score/mw/com/dependability/safety_analysis/BUILD", line 18, column 6, in <toplevel>
		"fmea",
Error: file '@score_tooling//bazel/rules/rules_score:rules_score.bzl' does not contain symbol 'fmea'
ERROR: /media/jefferson/11c42dee-73a3-4c2b-ab42-a0440011d9e0/.s-core-build/runs/score-communication-followup-pivi6gt7/config-management-consumer-candidate/requirements/safety_analysis/BUILD: no such target '//requirements/safety_analysis:dependability_analysis': target 'dependability_analysis' not declared in package 'requirements/safety_analysis' defined by /media/jefferson/11c42dee-73a3-4c2b-ab42-a0440011d9e0/.s-core-build/runs/score-communication-followup-pivi6gt7/config-management-consumer-candidate/requirements/safety_analysis/BUILD
ERROR: /media/jefferson/11c42dee-73a3-4c2b-ab42-a0440011d9e0/.s-core-build/runs/score-communication-followup-pivi6gt7/config-management-consumer-candidate/score/config_management/dependability/BUILD:42:19: no such target '//requirements/safety_analysis:dependability_analysis': target 'dependability_analysis' not declared in package 'requirements/safety_analysis' defined by /media/jefferson/11c42dee-73a3-4c2b-ab42-a0440011d9e0/.s-core-build/runs/score-communication-followup-pivi6gt7/config-management-consumer-candidate/requirements/safety_analysis/BUILD and referenced by '//score/config_management/dependability:config_management_index'
ERROR: Analysis of target '//score/config_management/dependability:config_management_index' failed; build aborted: Analysis failed
INFO: Elapsed time: 11.064s, Critical Path: 0.04s
INFO: 1 process: 1 internal.
ERROR: Build did NOT complete successfully
FAILED: 
