Another command holds the output base lock: 
pid=1
owner=client
cwd=/media/jefferson/11c42dee-73a3-4c2b-ab42-a0440011d9e0/.s-core-build/runs/score-communication-followup-pivi6gt7/candidate

Waiting for it to complete...
OpenJDK 64-Bit Server VM warning: Options -Xverify:none and -noverify were deprecated in JDK 13 and will likely be removed in a future release.
Computing main repo mapping: 
Computing main repo mapping: 
Computing main repo mapping: 
Computing main repo mapping: 
Computing main repo mapping: 
Computing main repo mapping: 
Computing main repo mapping: 
Loading: 
Loading: 5 packages loaded
Analyzing: target //quality/static_analysis:codeql_lint (6 packages loaded)
Analyzing: target //quality/static_analysis:codeql_lint (6 packages loaded, 0 targets configured)
Analyzing: target //quality/static_analysis:codeql_lint (6 packages loaded, 0 targets configured)

Analyzing: target //quality/static_analysis:codeql_lint (24 packages loaded, 10 targets configured)

Analyzing: target //quality/static_analysis:codeql_lint (25 packages loaded, 10 targets configured)

Analyzing: target //quality/static_analysis:codeql_lint (99 packages loaded, 10 targets configured)

Analyzing: target //quality/static_analysis:codeql_lint (99 packages loaded, 10 targets configured)

Analyzing: target //quality/static_analysis:codeql_lint (168 packages loaded, 6253 targets configured)

Analyzing: target //quality/static_analysis:codeql_lint (170 packages loaded, 10190 targets configured)

Analyzing: target //quality/static_analysis:codeql_lint (173 packages loaded, 13313 targets configured)

Analyzing: target //quality/static_analysis:codeql_lint (174 packages loaded, 17619 targets configured)

INFO: Analyzed target //quality/static_analysis:codeql_lint (201 packages loaded, 50723 targets configured).

[29 / 29] no actions running
INFO: Found 1 target...
Target //quality/static_analysis:codeql_lint up-to-date:
  bazel-bin/quality/static_analysis/codeql_lint
INFO: Elapsed time: 370.485s, Critical Path: 0.64s
INFO: 1 process: 29 action cache hit, 1 internal.
INFO: Build completed successfully, 1 total action
INFO: Running command line: bazel-bin/quality/static_analysis/codeql_lint '--codeql_path=../+_repo_rules4+codeql_bundle/codeql_cli' '--config_path=quality/static_analysis/config.yaml' '--analysis_report_path=../+_repo_rules4+codeql_coding_standards/analysis_report' '--guideline_recategorize_path=../+_repo_rules4+codeql_coding_standards/guideline_recategorize' <args omitted>
Calculating baseline information in /media/jefferson/11c42dee-73a3-4c2b-ab42-a0440011d9e0/.s-core-build/runs/score-communication-followup-pivi6gt7/candidate
Running command in /media/jefferson/11c42dee-73a3-4c2b-ab42-a0440011d9e0/.s-core-build/runs/score-communication-followup-pivi6gt7/candidate: [/media/jefferson/11c42dee-73a3-4c2b-ab42-a0440011d9e0/.s-core-build/runs/score-communication-followup-pivi6gt7/bazel-output/4b9334f3199c06dc7413ff31e3d2964d/external/+_repo_rules4+codeql_bundle/codeql/javascript/tools/configure-baseline.sh]
Calculated baseline information for languages: cpp, javascript, python (447ms).
Resolving extractor cpp.
Successfully loaded extractor C/C++ (cpp) from /media/jefferson/11c42dee-73a3-4c2b-ab42-a0440011d9e0/.s-core-build/runs/score-communication-followup-pivi6gt7/bazel-output/4b9334f3199c06dc7413ff31e3d2964d/external/+_repo_rules4+codeql_bundle/codeql/cpp.
Created skeleton CodeQL database at /media/jefferson/11c42dee-73a3-4c2b-ab42-a0440011d9e0/.s-core-build/runs/score-communication-followup-pivi6gt7/build-error-db-verified. This in-progress database is ready to be populated by an extractor.
WARNING: ignoring LD_PRELOAD in environment.
OpenJDK 64-Bit Server VM warning: Options -Xverify:none and -noverify were deprecated in JDK 13 and will likely be removed in a future release.
Computing main repo mapping: 
Computing main repo mapping: 
Computing main repo mapping: 
Loading: 
Loading: 5 packages loaded
Analyzing: target @@+_repo_rules4+codeql_coding_standards//:process_coding_standards_config (6 packages loaded, 0 targets configured)
Analyzing: target @@+_repo_rules4+codeql_coding_standards//:process_coding_standards_config (6 packages loaded, 0 targets configured)

Analyzing: target @@+_repo_rules4+codeql_coding_standards//:process_coding_standards_config (54 packages loaded, 10 targets configured)

Analyzing: target @@+_repo_rules4+codeql_coding_standards//:process_coding_standards_config (158 packages loaded, 1089 targets configured)

Analyzing: target @@+_repo_rules4+codeql_coding_standards//:process_coding_standards_config (173 packages loaded, 11262 targets configured)

INFO: Analyzed target @@+_repo_rules4+codeql_coding_standards//:process_coding_standards_config (176 packages loaded, 11301 targets configured).
[10 / 10] no actions running
INFO: Found 1 target...
Target @@+_repo_rules4+codeql_coding_standards//:process_coding_standards_config up-to-date:
  bazel-bin/external/+_repo_rules4+codeql_coding_standards/process_coding_standards_config
INFO: Elapsed time: 9.052s, Critical Path: 0.13s
INFO: 1 process: 10 action cache hit, 1 internal.
INFO: Build completed successfully, 1 total action
INFO: Running command line: bazel-bin/external/+_repo_rules4+codeql_coding_standards/process_coding_standards_config <args omitted>
Scanning for files in /media/jefferson/11c42dee-73a3-4c2b-ab42-a0440011d9e0/.s-core-build/runs/score-communication-followup-pivi6gt7/candidate...
/media/jefferson/11c42dee-73a3-4c2b-ab42-a0440011d9e0/.s-core-build/runs/score-communication-followup-pivi6gt7/build-error-db-verified: Indexing files in in /media/jefferson/11c42dee-73a3-4c2b-ab42-a0440011d9e0/.s-core-build/runs/score-communication-followup-pivi6gt7/candidate...
Running command in /media/jefferson/11c42dee-73a3-4c2b-ab42-a0440011d9e0/.s-core-build/runs/score-communication-followup-pivi6gt7/candidate: [/media/jefferson/11c42dee-73a3-4c2b-ab42-a0440011d9e0/.s-core-build/runs/score-communication-followup-pivi6gt7/bazel-output/4b9334f3199c06dc7413ff31e3d2964d/external/+_repo_rules4+codeql_bundle/codeql/xml/tools/index-files.sh, /media/jefferson/11c42dee-73a3-4c2b-ab42-a0440011d9e0/.s-core-build/runs/score-communication-followup-pivi6gt7/build-error-db-verified/working/files-to-index17710144024782107327.list]
WARNING: ignoring LD_PRELOAD in environment.
OpenJDK 64-Bit Server VM warning: Options -Xverify:none and -noverify were deprecated in JDK 13 and will likely be removed in a future release.
Computing main repo mapping: 
Computing main repo mapping: 
Loading: 
Loading: 5 packages loaded
Analyzing: 3 targets (7 packages loaded, 0 targets configured)
Analyzing: 3 targets (7 packages loaded, 0 targets configured)

Analyzing: 3 targets (29 packages loaded, 13 targets configured)

Analyzing: 3 targets (103 packages loaded, 22 targets configured)

Analyzing: 3 targets (164 packages loaded, 3174 targets configured)

WARNING: /media/jefferson/11c42dee-73a3-4c2b-ab42-a0440011d9e0/.s-core-build/runs/score-communication-followup-pivi6gt7/candidate/MODULE.bazel:196:20: The module extension apt defined in @rules_distroless//apt:extensions.bzl reported incorrect imports of repositories via use_repo():

Imported, but reported as indirect dependencies by the extension:
    ubuntu24_04_sysroot_resolve

Fix the use_repo calls by running 'bazel mod tidy'.
Analyzing: 3 targets (185 packages loaded, 12603 targets configured)

INFO: Analyzed 3 targets (188 packages loaded, 15726 targets configured).
[7 / 25] checking cached actions
[7 / 26] [Prepa] Writing script external/score_baselibs+/score/result/details/expected/extensions.cppmap
[10 / 35] checking cached actions
[16 / 41] checking cached actions
[22 / 52] checking cached actions
[22 / 52] [Scann] Compiling score/language/futurecpp/src/charconv.cpp
ERROR: /media/jefferson/11c42dee-73a3-4c2b-ab42-a0440011d9e0/.s-core-build/runs/score-communication-followup-pivi6gt7/candidate/score/mw/com/impl/util/test/BUILD:48:20: Action score/mw/com/impl/util/test/arithmetic_utils_addition_build_error_test__0__0/compile_output failed: (Exit 2): bash failed: error executing Action command (from target //score/mw/com/impl/util/test:arithmetic_utils_addition_build_error_test__0__0) /bin/bash -c '"$@"' '' external/rules_build_error+/lang/private/script/try_build.bash -e ... (remaining 87 arguments skipped)

Use --sandbox_debug to see verbose messages from the sandbox and retain the sandbox build root for debugging
external/rules_build_error+/lang/private/script/try_build.bash: 1: set: Illegal option -o pipefail
[30 / 52] checking cached actions
Use --verbose_failures to see the command lines of failed build steps.
INFO: Elapsed time: 31.158s, Critical Path: 0.90s
INFO: 30 processes: 30 internal.
ERROR: Build did NOT complete successfully
Traceback (most recent call last):
  File "/media/jefferson/11c42dee-73a3-4c2b-ab42-a0440011d9e0/.s-core-build/runs/score-communication-followup-pivi6gt7/bazel-output/4b9334f3199c06dc7413ff31e3d2964d/execroot/_main/bazel-out/k8-fastbuild/bin/quality/static_analysis/codeql_lint.runfiles/_main/quality/static_analysis/_codeql_lint_stage2_bootstrap.py", line 499, in <module>
    main()
  File "/media/jefferson/11c42dee-73a3-4c2b-ab42-a0440011d9e0/.s-core-build/runs/score-communication-followup-pivi6gt7/bazel-output/4b9334f3199c06dc7413ff31e3d2964d/execroot/_main/bazel-out/k8-fastbuild/bin/quality/static_analysis/codeql_lint.runfiles/_main/quality/static_analysis/_codeql_lint_stage2_bootstrap.py", line 493, in main
    _run_py_path(main_filename, args=sys.argv[1:])
  File "/media/jefferson/11c42dee-73a3-4c2b-ab42-a0440011d9e0/.s-core-build/runs/score-communication-followup-pivi6gt7/bazel-output/4b9334f3199c06dc7413ff31e3d2964d/execroot/_main/bazel-out/k8-fastbuild/bin/quality/static_analysis/codeql_lint.runfiles/_main/quality/static_analysis/_codeql_lint_stage2_bootstrap.py", line 287, in _run_py_path
    runpy.run_path(main_filename, run_name="__main__")
  File "<frozen runpy>", line 287, in run_path
  File "<frozen runpy>", line 98, in _run_module_code
  File "<frozen runpy>", line 88, in _run_code
  File "/media/jefferson/11c42dee-73a3-4c2b-ab42-a0440011d9e0/.s-core-build/runs/score-communication-followup-pivi6gt7/bazel-output/4b9334f3199c06dc7413ff31e3d2964d/execroot/_main/bazel-out/k8-fastbuild/bin/quality/static_analysis/codeql_lint.runfiles/_main/quality/static_analysis/codeql_lint.py", line 770, in <module>
    main()
  File "/media/jefferson/11c42dee-73a3-4c2b-ab42-a0440011d9e0/.s-core-build/runs/score-communication-followup-pivi6gt7/bazel-output/4b9334f3199c06dc7413ff31e3d2964d/execroot/_main/bazel-out/k8-fastbuild/bin/quality/static_analysis/codeql_lint.runfiles/_main/quality/static_analysis/codeql_lint.py", line 664, in main
    create_database(
  File "/media/jefferson/11c42dee-73a3-4c2b-ab42-a0440011d9e0/.s-core-build/runs/score-communication-followup-pivi6gt7/bazel-output/4b9334f3199c06dc7413ff31e3d2964d/execroot/_main/bazel-out/k8-fastbuild/bin/quality/static_analysis/codeql_lint.runfiles/_main/quality/static_analysis/codeql_lint.py", line 361, in create_database
    subprocess.run(f"{bazel_cmd} {target}", shell=True, env=env, cwd=source_root, check=True)
  File "/media/jefferson/11c42dee-73a3-4c2b-ab42-a0440011d9e0/.s-core-build/runs/score-communication-followup-pivi6gt7/bazel-output/4b9334f3199c06dc7413ff31e3d2964d/external/rules_python++python+python_3_12_x86_64-unknown-linux-gnu/lib/python3.12/subprocess.py", line 571, in run
    raise CalledProcessError(retcode, process.args,
subprocess.CalledProcessError: Command 'bazel build --config=codeql --stamp --action_env=CODEQL_SEED_FORCE_RECOMPILE=20261007153823179906 --action_env=CODEQL_SCRATCH_DIR --action_env=CODEQL_VERBOSITY --action_env=CODEQL_DIST --action_env=CODEQL_PLATFORM --action_env=CODEQL_PLATFORM_DLL_EXTENSION --action_env=CODEQL_JAVA_HOME --action_env=CODEQL_EXTRACTOR_CPP_ROOT --action_env=CODEQL_EXTRACTOR_CPP_WIP_DATABASE --action_env=CODEQL_EXTRACTOR_CPP_DIAGNOSTIC_DIR --action_env=CODEQL_EXTRACTOR_CPP_LOG_DIR --action_env=CODEQL_EXTRACTOR_CPP_SCRATCH_DIR --action_env=CODEQL_EXTRACTOR_CPP_TRAP_DIR --action_env=CODEQL_EXTRACTOR_CPP_SOURCE_ARCHIVE_DIR --action_env=CODEQL_TRACER_LOG --action_env=CODEQL_TRACER_DIAGNOSTICS_DIR --action_env=CODEQL_TRACER_LANGUAGES --action_env=SEMMLE_PRELOAD_libtrace --action_env=SEMMLE_PRELOAD_libtrace32 --action_env=SEMMLE_PRELOAD_libtrace64 --action_env=CODEQL_RUNNER --action_env=LD_PRELOAD //score/mw/com/impl:error //score/mw/com/impl/util/test:arithmetic_utils_addition_build_error_test //score/mw/com/impl/util/test:arithmetic_utils_multiplication_build_error_test' returned non-zero exit status 1.
