Running queries.
ERROR: Pack 'advanced-security/qtil@0.0.3' was not found in the pack download cache. Run 'codeql pack install' to download the dependencies. (/media/jefferson/11c42dee-73a3-4c2b-ab42-a0440011d9e0/.s-core-build/runs/score-communication-followup-pivi6gt7/candidate/bazel-bin/quality/static_analysis/codeql_lint.runfiles/_main/quality/static_analysis/query_overrides/qlpack.yml:1,1-1)
ERROR: The --search-path option was ignored when resolving dependencies for pack 'score/communication-query-overrides'. This option is required only for finding extractors, or packs that do not have a lock file. To search for dependencies in additional directories, consider using the --additional-packs option instead. (/media/jefferson/11c42dee-73a3-4c2b-ab42-a0440011d9e0/.s-core-build/runs/score-communication-followup-pivi6gt7/candidate/bazel-bin/quality/static_analysis/codeql_lint.runfiles/_main/quality/static_analysis/query_overrides/qlpack.yml:1,1-1)
ERROR: No valid pack solution found:
Because 'codeql/misra-cpp-coding-standards' depends on 'advanced-security/qtil@0.0.3', but pack 'advanced-security/qtil' was not found, 'codeql/misra-cpp-coding-standards' is forbidden.
So, because 'score/communication-query-overrides' depends on 'codeql/misra-cpp-coding-standards@*', version solving failed.
 (/media/jefferson/11c42dee-73a3-4c2b-ab42-a0440011d9e0/.s-core-build/runs/score-communication-followup-pivi6gt7/candidate/bazel-bin/quality/static_analysis/codeql_lint.runfiles/_main/quality/static_analysis/query_overrides/qlpack.yml:1,1-1)
A fatal error occurred: A 'codeql resolve extensions-by-pack' operation failed with error code 2
Traceback (most recent call last):
  File "/media/jefferson/11c42dee-73a3-4c2b-ab42-a0440011d9e0/.s-core-build/runs/score-communication-followup-pivi6gt7/candidate/bazel-bin/quality/static_analysis/codeql_lint.runfiles/_main/quality/static_analysis/_codeql_lint_stage2_bootstrap.py", line 499, in <module>
    main()
  File "/media/jefferson/11c42dee-73a3-4c2b-ab42-a0440011d9e0/.s-core-build/runs/score-communication-followup-pivi6gt7/candidate/bazel-bin/quality/static_analysis/codeql_lint.runfiles/_main/quality/static_analysis/_codeql_lint_stage2_bootstrap.py", line 493, in main
    _run_py_path(main_filename, args=sys.argv[1:])
  File "/media/jefferson/11c42dee-73a3-4c2b-ab42-a0440011d9e0/.s-core-build/runs/score-communication-followup-pivi6gt7/candidate/bazel-bin/quality/static_analysis/codeql_lint.runfiles/_main/quality/static_analysis/_codeql_lint_stage2_bootstrap.py", line 287, in _run_py_path
    runpy.run_path(main_filename, run_name="__main__")
  File "<frozen runpy>", line 287, in run_path
  File "<frozen runpy>", line 98, in _run_module_code
  File "<frozen runpy>", line 88, in _run_code
  File "/media/jefferson/11c42dee-73a3-4c2b-ab42-a0440011d9e0/.s-core-build/runs/score-communication-followup-pivi6gt7/candidate/bazel-bin/quality/static_analysis/codeql_lint.runfiles/_main/quality/static_analysis/codeql_lint.py", line 770, in <module>
    main()
  File "/media/jefferson/11c42dee-73a3-4c2b-ab42-a0440011d9e0/.s-core-build/runs/score-communication-followup-pivi6gt7/candidate/bazel-bin/quality/static_analysis/codeql_lint.runfiles/_main/quality/static_analysis/codeql_lint.py", line 687, in main
    analyze_database(
  File "/media/jefferson/11c42dee-73a3-4c2b-ab42-a0440011d9e0/.s-core-build/runs/score-communication-followup-pivi6gt7/candidate/bazel-bin/quality/static_analysis/codeql_lint.runfiles/_main/quality/static_analysis/codeql_lint.py", line 430, in analyze_database
    subprocess.run(
  File "/media/jefferson/11c42dee-73a3-4c2b-ab42-a0440011d9e0/.s-core-build/runs/score-communication-followup-pivi6gt7/bazel-output/4b9334f3199c06dc7413ff31e3d2964d/external/rules_python++python+python_3_12_x86_64-unknown-linux-gnu/lib/python3.12/subprocess.py", line 571, in run
    raise CalledProcessError(retcode, process.args,
subprocess.CalledProcessError: Command '/media/jefferson/11c42dee-73a3-4c2b-ab42-a0440011d9e0/.s-core-build/runs/score-communication-followup-pivi6gt7/bazel-output/4b9334f3199c06dc7413ff31e3d2964d/external/+_repo_rules4+codeql_bundle/codeql/codeql database analyze -j=0 /media/jefferson/11c42dee-73a3-4c2b-ab42-a0440011d9e0/.s-core-build/runs/score-communication-followup-pivi6gt7/coverage-db /media/jefferson/11c42dee-73a3-4c2b-ab42-a0440011d9e0/.s-core-build/runs/score-communication-followup-pivi6gt7/candidate/bazel-bin/quality/static_analysis/codeql_lint.runfiles/_main/quality/static_analysis/query_overrides/communication-default.qls --search-path=/media/jefferson/11c42dee-73a3-4c2b-ab42-a0440011d9e0/.s-core-build/runs/score-communication-followup-pivi6gt7/bazel-output/4b9334f3199c06dc7413ff31e3d2964d/external/+_repo_rules5+codeql_coding_standards_compiled/pack --additional-packs=/media/jefferson/11c42dee-73a3-4c2b-ab42-a0440011d9e0/.s-core-build/runs/score-communication-followup-pivi6gt7/bazel-output/4b9334f3199c06dc7413ff31e3d2964d/external/+_repo_rules5+codeql_coding_standards_compiled/pack:/media/jefferson/11c42dee-73a3-4c2b-ab42-a0440011d9e0/.s-core-build/runs/score-communication-followup-pivi6gt7/candidate/bazel-bin/quality/static_analysis/codeql_lint.runfiles/+_repo_rules4+codeql_coding_standards/cpp/common/src --format=sarifv2.1.0 --output=/media/jefferson/11c42dee-73a3-4c2b-ab42-a0440011d9e0/.s-core-build/runs/score-communication-followup-pivi6gt7/full-analysis/communication.sarif' returned non-zero exit status 2.
