//score/message_passing:message_passing (c4ba628)
//score/mw/com:com (c4ba628)
//score/message_passing:message_passing_unix_domain (c4ba628)
//score/mw/com:types (c4ba628)
//score/mw/com:runtime_configuration (c4ba628)
//score/mw/com:runtime (c4ba628)
//score/mw/com:com_error_domain (c4ba628)
@score_baselibs//score/os/utils:signal (c4ba628)
//score/message_passing:message_passing_common (c4ba628)
//score/mw/com/impl:impl (c4ba628)
@score_baselibs//score/os:socket (c4ba628)
//score/mw/com/mocking:i_runtime (c4ba628)
@score_baselibs//score/language/safecpp/string_view:zstring_view (c4ba628)
@score_baselibs//score/os:sys_poll (c4ba628)
//score/mw/com/impl:runtime (c4ba628)
//score/mw/com/impl:error (c4ba628)
//score/mw/com/impl:event_receive_handler (c4ba628)
@score_baselibs//score/filesystem:filesystem (c4ba628)
@score_baselibs//score/os:unistd (c4ba628)
@score_baselibs//score/language/futurecpp:futurecpp (c4ba628)
@score_baselibs//score/os:errno (c4ba628)
//score/message_passing:common_headers (c4ba628)
@score_baselibs//score/filesystem:struct (c4ba628)
@score_baselibs//score/utils:static_destruction_guard (c4ba628)
//score/mw/com/impl:proxy_field (c4ba628)
//score/mw/com/impl:skeleton_field (c4ba628)
//score/memory/shared:memory_resource_registry (c4ba628)
//score/mw/com/impl:generic_proxy_event (c4ba628)
@score_baselibs//score/language/safecpp/string_view:char_traits_wrapper (c4ba628)
//score/mw/com/impl/tracing:tracing_runtime (c4ba628)
//score/mw/com/impl:traits (c4ba628)
@score_baselibs//score/utils/meyer_singleton:meyer_singleton (c4ba628)
//score/mw/com/impl:runtime_interfaces (c4ba628)
//score/mw/com/impl:service_discovery (c4ba628)
//score/mw/com/impl/tracing/configuration:tracing_filter_config_parser (c4ba628)
//score/mw/com/impl/configuration:configuration (c4ba628)
@score_baselibs//score/mw/log:console (c4ba628)
//score/mw/com/impl:generic_skeleton (c4ba628)
//score/mw/com/impl:instance_identifier (c4ba628)
@score_baselibs//score/filesystem/factory:factory (c4ba628)
@score_baselibs//score/language/safecpp/string_view/details:zspan (c4ba628)
@score_baselibs//score/result:result (c4ba628)
//score/mw/com/impl:generic_proxy (c4ba628)
@score_baselibs//score/os:object_seam (c4ba628)
@score_baselibs//score/language/futurecpp:math (c4ba628)
//score/message_passing/non_allocating_future:non_allocating_future (c4ba628)
//score/mw/com/impl/tracing/configuration:tracing_filter_config (c4ba628)
//score/mw/com/impl:instance_specifier (c4ba628)
@score_baselibs//score/concurrency:long_running_threads_container (c4ba628)
//score/mw/com/impl/plumbing:runtime (c4ba628)
//score/mw/com/impl/methods:proxy_method (c4ba628)
//score/mw/com/impl/methods:skeleton_method (c4ba628)
//score/mw/com/impl:skeleton_event (c4ba628)
//score/mw/com/impl:proxy_event (c4ba628)
@score_baselibs//score/os/utils:signal_headers (c4ba628)
@score_baselibs//score/bitmanipulation:bitmask_operators (c4ba628)
//score/mw/com/impl/methods:proxy_method_binding (c4ba628)
//score/mw/com/impl:skeleton_base (c4ba628)
//score/mw/com/impl/tracing:proxy_event_tracing (c4ba628)
//score/mw/com/impl/plumbing:proxy_method_binding_factory (c4ba628)
//score/mw/com/impl:proxy_event_binding (c4ba628)
@score_baselibs//score/concurrency:atomic_indirector (c4ba628)
//score/mw/com/impl/plumbing:field (c4ba628)
//score/mw/com/impl:flag_owner (c4ba628)
//score/mw/com/impl:data_type_meta_info (c4ba628)
//score/mw/com/impl:reference_to_moveable (c4ba628)
//score/mw/com/impl:field_getter_setter_signatures (c4ba628)
//score/mw/com/impl/methods:method_traits_checker (c4ba628)
//score/mw/com/impl/tracing/configuration:i_tracing_filter_config (c4ba628)
//score/mw/com/impl:proxy_base (c4ba628)
@score_baselibs//score/mw/log/detail:backend_console (c4ba628)
//score/message_passing/log:log (c4ba628)
//score/mw/com/impl:service_element_type (c4ba628)
//score/mw/com/impl/tracing/configuration:service_element_identifier_view (c4ba628)
//score/mw/com/impl:method_type (c4ba628)
//score/mw/com/impl:proxy_binding (c4ba628)
//score/mw/com/impl/configuration:shm_size_calc_mode (c4ba628)
@score_baselibs//score/containers:dynamic_array (c4ba628)
@score_baselibs//score/concurrency:condition_variable (c4ba628)
//score/mw/com/impl/tracing:i_tracing_runtime (c4ba628)
@score_baselibs//score/containers:intrusivelist (c4ba628)
//score/memory/shared:shared_memory_error (c4ba628)
//score/memory/shared:memory_region_map (c4ba628)
//score/memory/shared:managed_memory_resource (c4ba628)
@score_baselibs//score/language/safecpp/string_view:null_termination_violation_policies (c4ba628)
@score_baselibs//score/filesystem/file_utils:file_utils (c4ba628)
@score_baselibs//score/memory:data_type_size_info (c4ba628)
//score/mw/com/impl:skeleton_event_base (c4ba628)
//score/mw/com/impl/bindings/lola:runtime (c4ba628)
//score/mw/com/impl/util:type_erased_storage (c4ba628)
//score/mw/com/impl/configuration:service_instance_id (c4ba628)
//score/mw/com/impl:skeleton_event_binding (c4ba628)
//score/mw/com/impl/plumbing:skeleton_method_binding_factory (c4ba628)
//score/mw/com/impl:handle_type (c4ba628)
//score/mw/com/impl/tracing/configuration:hash_helper_utility (c4ba628)
//score/mw/com/impl/methods:method_signature_element_ptr (c4ba628)
//score/mw/com/impl/plumbing:sample_ptr (c4ba628)
//score/mw/com/impl:i_service_discovery (c4ba628)
@score_baselibs//score/result:error (c4ba628)
//score/mw/com/impl:proxy_field_base (c4ba628)
//score/mw/com/impl/configuration:service_identifier_type (c4ba628)
//score/mw/com/impl:find_service_handler (c4ba628)
//score/mw/com/impl:find_service_handle (c4ba628)
//score/mw/com/impl:skeleton_field_base (c4ba628)
//score/mw/com/impl/configuration:lola_service_instance_deployment (c4ba628)
//score/mw/com/impl/tracing:trace_error (c4ba628)
//score/mw/com/impl/configuration:lola_service_type_deployment (c4ba628)
@score_baselibs//score/filesystem:standard_filesystem (c4ba628)
//score/mw/com/impl:service_element_map_view_factory (c4ba628)
//score/mw/com/impl/tracing:skeleton_event_tracing (c4ba628)
//score/mw/com/impl/plumbing:plumbing (c4ba628)
//score/mw/com/impl/configuration:configuration_local (c4ba628)
//score/mw/com/impl/mocking:i_skeleton_event (c4ba628)
//score/mw/com/impl:enriched_instance_identifier (c4ba628)
//score/mw/com/impl/methods:proxy_method_base (c4ba628)
//score/mw/com/impl/plumbing:sample_allocatee_ptr (c4ba628)
//score/memory/shared:memory_region_bounds (c4ba628)
//score/memory/shared:pointer_arithmetic_util (c4ba628)
//score/mw/com/impl/configuration:lola_event_instance_deployment (c4ba628)
@score_baselibs//score/result/details/expected:extensions (c4ba628)
//score/mw/com/impl/configuration:config_parser (c4ba628)
//score/mw/com/impl/configuration:lola_event_id (c4ba628)
//score/mw/com/impl/mocking:i_proxy_event (c4ba628)
@score_baselibs//score/mw/log:frontend (c4ba628)
//score/mw/com/impl:binding_type (c4ba628)
//score/mw/com/impl:skeleton_binding (c4ba628)
//score/mw/com/impl/configuration:configuration_error (c4ba628)
//score/mw/com/impl/tracing/configuration:trace_point_key (c4ba628)
//score/mw/com/impl/configuration:lola_field_id (c4ba628)
//score/mw/com/impl/plumbing:event (c4ba628)
//score/mw/com/impl:generic_skeleton_event (c4ba628)
@score_baselibs//score/json:json (c4ba628)
//score/mw/com/impl/configuration:service_version_type (c4ba628)
@score_baselibs//score/concurrency:executor (c4ba628)
//score/mw/com/impl/configuration:lola_method_id (c4ba628)
//score/mw/com/impl:service_element_map_view (c4ba628)
//score/mw/com/impl/methods:skeleton_method_binding (c4ba628)
@score_baselibs//score/filesystem/filestream:filestream (c4ba628)
//score/mw/com/impl/configuration:service_type_deployment (c4ba628)
//score/mw/com/impl/tracing:i_binding_tracing_runtime (c4ba628)
@score_baselibs//score/result/details/expected:expected (c4ba628)
//score/mw/com/impl:field_tags (c4ba628)
@score_baselibs//score/quality/compiler_warnings:compiler_warnings (c4ba628)
//score/mw/com/impl/mocking:i_skeleton_field (c4ba628)
//score/mw/com/impl:i_service_discovery_client (c4ba628)
//score/mw/com/impl/configuration:service_instance_deployment (c4ba628)
//score/mw/com/impl:generic_proxy_event_binding (c4ba628)
//score/mw/com/impl/plumbing:skeleton_event_binding_factory (c4ba628)
//score/mw/com/impl/plumbing:skeleton_binding_factory (c4ba628)
//score/mw/com/impl/bindings/lola/tracing:tracing_runtime (c4ba628)
//score/mw/com/impl:proxy_event_base (c4ba628)
@score_baselibs//score/json:json_parser_impl (c4ba628)
//score/mw/com/impl/tracing:common_event_tracing (c4ba628)
//score/mw/com/impl/tracing/configuration:tracing_config (c4ba628)
//score/mw/com/impl/methods:skeleton_method_base (c4ba628)
//score/mw/com/impl/plumbing:binding_runtime_factory (c4ba628)
//score/mw/com/impl/plumbing:i_skeleton_method_binding_factory (c4ba628)
//score/mw/com/impl/plumbing:skeleton_binding_factory_impl (c4ba628)
@score_baselibs//score/mw/log/detail/text_recorder:console_recorder_factory (c4ba628)
//score/mw/com/impl/plumbing:i_proxy_method_binding_factory (c4ba628)
@score_baselibs//score/concurrency:task_result (c4ba628)
//score/mw/com/impl/mocking:i_skeleton_base (c4ba628)
//score/mw/com/impl/plumbing:proxy_field_binding_factory (c4ba628)
//score/mw/com/impl/bindings/lola:event (c4ba628)
//score/memory/shared:offset_ptr (c4ba628)
//score/mw/com/impl/bindings/mock_binding:sample_ptr (c4ba628)
//score/mw/com/impl:sample_reference_tracker (c4ba628)
//score/mw/com/impl/configuration:tracing_configuration (c4ba628)
//score/mw/com/impl/configuration:lola_service_element_id (c4ba628)
//score/mw/com/impl/tracing/configuration:proxy_field_trace_point_type (c4ba628)
//score/mw/com/impl/methods:callable_traits (c4ba628)
@score_baselibs//score/containers:non_relocatable_vector (c4ba628)
@score_baselibs//score/os:stdio (c4ba628)
@score_baselibs//score/json:json_writer_impl (c4ba628)
@score_baselibs//score/os:fcntl (c4ba628)
//score/mw/com/impl/tracing/configuration:hash_helper_for_service_element_and_se_view (c4ba628)
//score/mw/com/impl/plumbing:skeleton_method_binding_factory_impl (c4ba628)
//score/mw/com/impl/plumbing:i_skeleton_binding_factory (c4ba628)
@score_baselibs//score/concurrency:destruction_guard (c4ba628)
@score_baselibs//score/filesystem:path (c4ba628)
@score_baselibs//score/filesystem:error (c4ba628)
@score_baselibs//score/mw/log:backend_table (c4ba628)
//score/mw/com/impl/tracing:service_element_tracing_data (c4ba628)
//score/mw/com/impl/tracing:proxy_event_tracing_data (c4ba628)
//score/mw/com/impl/configuration:lola_service_instance_id (c4ba628)
//score/mw/com/impl/configuration:lola_method_instance_deployment (c4ba628)
//score/memory/shared:shared (c4ba628)
@score_baselibs//score/mw/log:recorder (c4ba628)
@score_baselibs//score/scope_exit:scope_exit (c4ba628)
//score/mw/com/impl/configuration:lola_service_id (c4ba628)
//score/memory/shared:i_shared_memory_resource (c4ba628)
@score_baselibs//score/os:dirent (c4ba628)
//score/mw/com/impl:initialize_sample_callback (c4ba628)
@score_baselibs//score/os:stat (c4ba628)
//score/mw/com/impl:scoped_event_receive_handler (c4ba628)
@score_baselibs//score/mw/log:log_stream (c4ba628)
//score/mw/com/impl:enable_reference_to_moveable_from_this (c4ba628)
//score/mw/com/impl/bindings/lola/service_discovery/client:service_discovery_client (c4ba628)
//score/mw/com/impl:subscription_state_change_handler (c4ba628)
//score/mw/com/impl:sample_allocatee_tracker (c4ba628)
//score/mw/com/impl/configuration:configuration_common_resources (c4ba628)
@score_baselibs//score/os:stdlib (c4ba628)
@score_baselibs//score/os:pthread_default (c4ba628)
//score/mw/com/impl/plumbing:skeleton_event_binding_factory_impl (c4ba628)
@score_baselibs//score/language/safecpp/scoped_function:move_only_scoped_function (c4ba628)
//score/mw/com/impl/bindings/lola:i_runtime (c4ba628)
//score/mw/com/impl/bindings/lola:event_data_control_composite (c4ba628)
//score/mw/com/impl/tracing:skeleton_event_tracing_data (c4ba628)
//score/mw/com/impl/tracing/configuration:skeleton_event_trace_point_type (c4ba628)
//score/mw/com/impl/plumbing:i_skeleton_event_binding_factory (c4ba628)
@score_baselibs//score/language/safecpp/scoped_function:scope (c4ba628)
//score/mw/com/impl/bindings/lola/messaging:messaging (c4ba628)
//score/mw/com/impl/configuration:lola_field_instance_deployment (c4ba628)
@score_baselibs//score/mw/log/detail:registry_aware_recorder_factory (c4ba628)
@score_baselibs//score/mw/log/detail/wait_free_stack:wait_free_stack (c4ba628)
@score_baselibs//score/os:grp (c4ba628)
//score/mw/com/impl/bindings/mock_binding:sample_allocatee_ptr (c4ba628)
//score/mw/com/impl:subscription_state (c4ba628)
//score/mw/com/impl/tracing/configuration:service_element_instance_identifier_view (c4ba628)
@score_baselibs//score/analysis/tracing/generic_trace_library/stub_implementation:stub_implementation (c4ba628)
//score/mw/com/impl/plumbing:skeleton_field_binding_factory (c4ba628)
//score/mw/com/impl/configuration:quality_type (c4ba628)
//score/mw/com/impl/tracing:skeleton_tracing (c4ba628)
@score_baselibs//score/concurrency/future:future (c4ba628)
@score_baselibs//score/mw/log/detail:recorder_interface (c4ba628)
//score/mw/com/impl/plumbing:proxy_method_binding_factory_impl (c4ba628)
//score/mw/com/impl/plumbing:proxy_event_binding_factory (c4ba628)
@score_baselibs//score/mw/log/detail:thread_local_guard (c4ba628)
//score/mw/com/impl/tracing/configuration:proxy_event_trace_point_type (c4ba628)
@score_baselibs//score/filesystem:file_status (c4ba628)
//score/mw/com/impl/configuration:global_configuration (c4ba628)
@score_baselibs//score/language/safecpp/safe_math:safe_math (c4ba628)
@score_baselibs//score/mw/log/detail:empty_recorder (c4ba628)
//score/mw/com/impl/configuration:binding_service_type_deployment (c4ba628)
//score/mw/com/impl/plumbing:proxy_binding_factory (c4ba628)
//score/mw/com/impl:receive_handler_registration_changed_handler (c4ba628)
@score_baselibs//score/mw/log/detail:circular_allocator (c4ba628)
//score/mw/com/impl/tracing/configuration:service_element_identifier (c4ba628)
//score/mw/com/impl/configuration:configuration_json_parsing_strategy (c4ba628)
@score_baselibs//score/concurrency:atomic_interface (c4ba628)
//score/mw/com/impl/tracing/configuration:skeleton_field_trace_point_type (c4ba628)
@score_baselibs//score/os/utils/acl:acl (c4ba628)
//score/mw/com/impl/bindings/lola:event_control (c4ba628)
//score/mw/com/impl/bindings/lola/service_discovery:flag_file (c4ba628)
@score_baselibs//score/analysis/tracing/generic_trace_library/interface_types:generic_trace_api (c4ba628)
@score_baselibs//score/mw/log/detail:log_entry (c4ba628)
//score/mw/com/impl/bindings/lola:event_slot_status (c4ba628)
@score_baselibs//score/concurrency:task_result_base (c4ba628)
@score_baselibs//score/concurrency:interruptible_wait (c4ba628)
@score_baselibs//score/language/safecpp/safe_math/details/multiplication:multiplication (c4ba628)
@score_baselibs//score/mw/log/detail:composite_recorder (c4ba628)
@score_baselibs//score/concurrency:shared_task_result (c4ba628)
//score/mw/com/impl/bindings/lola:sample_ptr (c4ba628)
@score_baselibs//score/language/safecpp/safe_math:return_mode (c4ba628)
//score/memory/shared:offset_ptr_bounds_check (c4ba628)
@score_baselibs//score/language/safecpp/safe_math/details/cast:cast (c4ba628)
//score/mw/com/impl/bindings/lola:lola (c4ba628)
@score_baselibs//score/language/safecpp/scoped_function/details:function_wrapper (c4ba628)
//score/mw/com/impl/bindings/lola:control_slot_types (c4ba628)
@score_baselibs//score/language/safecpp/safe_math/details/negate:negate (c4ba628)
@score_baselibs//score/language/safecpp/scoped_function/details:allocator_aware_type_erasure_pointer (c4ba628)
@score_baselibs//score/mw/log/detail:initialization_reporter (c4ba628)
//score/mw/com/impl/bindings/lola/service_discovery:known_instances_container (c4ba628)
//score/mw/com/impl/bindings/lola:shm_path_builder (c4ba628)
//score/mw/com/impl/bindings/lola:sample_allocatee_ptr (c4ba628)
@score_baselibs//score/mw/log/detail:log_data_types (c4ba628)
@score_baselibs//score/mw/log:shared_types (c4ba628)
@score_baselibs//score/language/safecpp/safe_math:error (c4ba628)
//score/memory/shared:shared_memory_factory (c4ba628)
@score_baselibs//score/scope_exit:flag_owner (c4ba628)
@score_baselibs//score/language/safecpp/scoped_function/details:scope_state (c4ba628)
//score/mw/com/impl/plumbing:i_proxy_field_binding_factory (c4ba628)
//score/mw/com/impl/bindings/lola/service_discovery:flag_file_crawler (c4ba628)
@score_baselibs//score/mw/log/configuration:configuration_parser (c4ba628)
//score/mw/com/impl/plumbing:proxy_field_binding_factory_impl (c4ba628)
@score_baselibs//score/os/utils/inotify:inotify_instance_impl (c4ba628)
//score/mw/com/impl/bindings/lola:provider_event_data_control_local_view (c4ba628)
@score_baselibs//score/mw/log/detail:logging_identifier (c4ba628)
//score/mw/com/impl/bindings/lola/messaging:message_passing_service_instance_factory (c4ba628)
@score_baselibs//score/language/safecpp/scoped_function:copyable_scoped_function (c4ba628)
//score/mw/com/impl/plumbing:skeleton_service_element_binding_factory_impl (c4ba628)
@score_baselibs//score/analysis/tracing/generic_trace_library/interface_types:trace_library_interface (c4ba628)
@score_baselibs//score/json:parser_interface (c4ba628)
//score/mw/com/impl/plumbing:i_proxy_binding_factory (c4ba628)
@score_baselibs//score/mw/log/detail/text_recorder:text_recorder (c4ba628)
//score/mw/com/impl/configuration:config_validate (c4ba628)
@score_baselibs//score/language/safecpp/safe_math/details/addition_subtraction:addition_subtraction (c4ba628)
//score/mw/com/impl/bindings/lola:event_data_control (c4ba628)
//score/mw/com/impl/bindings/lola/messaging:message_passing_service (c4ba628)
//score/mw/com/impl/bindings/lola:rollback_synchronization (c4ba628)
//score/memory/shared:user_permission (c4ba628)
//score/mw/com/impl/plumbing:proxy_binding_factory_impl (c4ba628)
//score/mw/com/impl/bindings/lola:event_data_storage (c4ba628)
@score_baselibs//score/mw/log/detail:log_recorder_factory (c4ba628)
//score/mw/com/impl/plumbing:i_skeleton_field_binding_factory (c4ba628)
@score_baselibs//score/language/safecpp/scoped_function/details:modify_signature (c4ba628)
@score_baselibs//score/language/safecpp/scoped_function/details:scoped_function_invoker (c4ba628)
@score_baselibs//score/language/safecpp/scoped_function/details:allocator_wrapper (c4ba628)
//score/mw/com/impl/bindings/lola/messaging:message_passing_client_cache (c4ba628)
@score_baselibs//score/mw/log/detail:types_and_errors (c4ba628)
//score/mw/com/impl/bindings/lola:event_subscription_control (c4ba628)
@score_baselibs//score/language/safecpp/safe_math/details/division:division (c4ba628)
//score/mw/com/impl/bindings/lola:partial_restart_path_builder (c4ba628)
//score/mw/com/impl/plumbing:binding_factory_error (c4ba628)
@score_baselibs//score/language/safecpp/scoped_function/details:invoker (c4ba628)
//score/mw/com/impl/plumbing:lola_proxy_element_building_blocks (c4ba628)
@score_baselibs//score/language/safecpp/safe_math/details/comparison:comparison (c4ba628)
@score_baselibs//score/json/internal/writer:writer_backend (c4ba628)
@score_baselibs//score/language/safecpp/safe_math/details/type_traits:type_traits (c4ba628)
@score_baselibs//score/os/utils/inotify:inotify_instance (c4ba628)
//score/mw/com/impl/bindings/lola/service_discovery:lola_service_instance_identifier (c4ba628)
//score/mw/com/impl/configuration:i_configuration_parsing_strategy (c4ba628)
@score_baselibs//score/json:writer_interface (c4ba628)
@score_baselibs//score/language/safecpp/scoped_function/details:is_callable_from (c4ba628)
@score_baselibs//score/mw/log/configuration:configuration (c4ba628)
//score/mw/com/impl/bindings/lola:consumer_event_data_control_local_view (c4ba628)
//score/mw/com/impl/plumbing:skeleton_field_binding_factory_impl (c4ba628)
@score_baselibs//score/language/safecpp/safe_math/details/absolute:absolute (c4ba628)
//score/mw/com/impl/plumbing:i_proxy_event_binding_factory (c4ba628)
//score/mw/com/impl/bindings/lola/service_discovery:quality_aware_container (c4ba628)
//score/mw/com/impl/plumbing:proxy_event_binding_factory_impl (c4ba628)
//score/memory/shared:shared_memory_resource (c4ba628)
@score_baselibs//score/analysis/tracing/generic_trace_library/interface_types/chunk_list:chunk_list (c4ba628)
//score/memory/shared/sealedshm/sealedshm_wrapper:sealedshm (c4ba628)
@score_baselibs//score/analysis/tracing/generic_trace_library/interface_types/error_code:error_code (c4ba628)
@score_baselibs//score/os/utils/inotify:inotify_event (c4ba628)
//score/memory/shared:memory_resource_proxy (c4ba628)
//score/memory/shared:i_shared_memory_factory (c4ba628)
@score_baselibs//score/analysis/tracing/generic_trace_library/interface_types:meta_info (c4ba628)
@score_baselibs//score/os/utils:high_resolution_steady_clock (c4ba628)
@score_baselibs//score/static_reflection_with_serialization/visitor:visitor (c4ba628)
//score/mw/com/impl/bindings/lola/messaging:asil_specific_cfg (c4ba628)
//score/memory/shared/typedshm/typedshm_wrapper:typedmemory (c4ba628)
//score/memory/shared:lock_file (c4ba628)
//score/mw/com/impl/bindings/lola/messaging:mw_log_logger (c4ba628)
@score_baselibs//score/mw/log/detail/text_recorder:file_output_backend (c4ba628)
//score/memory/shared/typedshm/utils:typed_memory_utils (c4ba628)
@score_baselibs//score/language/safecpp/scoped_function/details:call_and_return_modified (c4ba628)
@score_baselibs//score/os:errno_logging (c4ba628)
@score_baselibs//score/language/safecpp/scoped_function/details:allocator_aware_erased_type (c4ba628)
//score/mw/com/impl/bindings/lola:skeleton (c4ba628)
//score/mw/com/impl/bindings/lola/messaging:i_message_passing_service_instance_factory (c4ba628)
//score/mw/com/impl/bindings/lola/messaging:message_passing_service_instance (c4ba628)
//score/mw/com/impl/bindings/lola:skeleton_instance_identifier (c4ba628)
//score/mw/com/impl/bindings/lola:slot_decrementer (c4ba628)
@score_baselibs//score/string_manipulation:split_string_view (c4ba628)
@score_baselibs//score/mw/log/detail/text_recorder:text_content_formatting (c4ba628)
//score/mw/com/impl/bindings/lola/messaging:i_message_passing_service (c4ba628)
@score_baselibs//score/mw/log/detail:dlt_argument_counter (c4ba628)
@score_baselibs//score/os:mman (c4ba628)
@score_baselibs//score/mw/log/detail:backend_interface (c4ba628)
@score_baselibs//score/os:inotify (c4ba628)
@score_baselibs//score/json/internal/parser/nlohmann:nlohmann_parser (c4ba628)
//score/mw/com/impl/bindings/lola/messaging:client_quality_type (c4ba628)
//score/mw/com/impl/bindings/lola:proxy (c4ba628)
@score_baselibs//score/os:acl (c4ba628)
@score_baselibs//score/os/utils:path (c4ba628)
@score_baselibs//score/concurrency:concurrency (c4ba628)
@score_baselibs//score/os/utils/inotify:inotify_watch_descriptor (c4ba628)
@score_baselibs//score/os/utils:abortable_blocking_reader (c4ba628)
@score_baselibs//score/mw/log/configuration:configuration_interface (c4ba628)
@score_baselibs//score/analysis/tracing/common/interface_types:generic_trace_api_types (c4ba628)
@score_baselibs//score/language/safecpp/scoped_function/details:modify_return_type (c4ba628)
//score/mw/com/impl/bindings/lola:transaction_log_local_view (c4ba628)
//score/mw/com/impl:field_tags_store (c4ba628)
@score_baselibs//score/json/internal/writer/json_serialize:json_serialize_backend (c4ba628)
@score_baselibs//score/json/internal/model:model (c4ba628)
//score/memory/shared:shared_memory_factory_impl (c4ba628)
@score_baselibs//score/language/safecpp/safe_math/details:floating_point_environment (c4ba628)
//score/mw/com/impl/bindings/lola:i_partial_restart_path_builder (c4ba628)
//score/memory/shared:polymorphic_offset_ptr_allocator (c4ba628)
@score_baselibs//score/mw/log/detail:helper_functions (c4ba628)
@score_baselibs//score/mw/log/detail/text_recorder:message_builder_interface (c4ba628)
//score/mw/com/impl/bindings/lola:path_builder (c4ba628)
//score/mw/com/impl/bindings/lola:i_shm_path_builder (c4ba628)
//score/mw/com/impl/bindings/lola:transaction_log_set (c4ba628)
//score/mw/com/impl/bindings/lola/methods:proxy_method_instance_identifier (c4ba628)
//score/mw/com/impl/bindings/lola/methods:method_resource_map (c4ba628)
@score_baselibs//score/analysis/tracing/common/interface_types:shared_memory_chunk (c4ba628)
@score_baselibs//score/concurrency/timed_executor:timed_executor (c4ba628)
//score/mw/com/impl/bindings/lola:transaction_log_rollback_executor (c4ba628)
//score/mw/com/impl/bindings/lola/messaging:i_message_passing_service_instance (c4ba628)
//score/mw/com/impl/bindings/lola:transaction_log (c4ba628)
//score/mw/com/impl/bindings/lola/methods:method_data (c4ba628)
//score/mw/com/impl/util:arithmetic_utils (c4ba628)
@score_baselibs//score/os/utils:path_header (c4ba628)
//score/mw/com/impl/bindings/lola:service_data_storage (c4ba628)
@score_baselibs//score/analysis/tracing/generic_trace_library/interface_types:type_definitions (c4ba628)
//score/mw/com/impl/bindings/lola:slot_collector (c4ba628)
@score_baselibs//score/quality/compiler_warnings:macro_deprecation (c4ba628)
@score_baselibs//score/concurrency:delayed_task (c4ba628)
@score_baselibs//score/mw/log/detail:integer_representation (c4ba628)
//score/mw/com/impl/bindings/lola/methods:offered_state_machine (c4ba628)
@nlohmann_json//:json (c4ba628)
//score/mw/com/impl/bindings/lola:element_fq_id (c4ba628)
@score_baselibs//score/os:glob (c4ba628)
@score_baselibs//score/concurrency:synchronized_queue (c4ba628)
//score/memory/shared/flock:exclusive_flock_mutex (c4ba628)
@score_baselibs//score/json/internal/writer/json_serialize:json_serialize (c4ba628)
//score/mw/com/impl:generic_skeleton_event_binding (c4ba628)
//score/mw/com/impl:error_serializer (c4ba628)
@score_baselibs//score/concurrency:thread_pool (c4ba628)
//score/mw/com/impl/bindings/lola:subscription_state_machine (c4ba628)
@score_baselibs//score/concurrency/timed_executor:concurrent_timed_executor (c4ba628)
//score/mw/com/impl/bindings/lola:service_data_control (c4ba628)
@score_baselibs//score/concurrency:interruptible_interprocess_condition_variable (c4ba628)
@score_baselibs//score/language/safecpp/safe_atomics:try_atomic_add (c4ba628)
//score/mw/com/impl/bindings/lola/methods:method_error (c4ba628)
@score_baselibs//score/language/safecpp/scoped_function/details:type_erasure_pointer (c4ba628)
//score/mw/com/impl/util:copyable_atomic (c4ba628)
@score_baselibs//score/string_manipulation:string_comparison_adaptor (c4ba628)
//score/memory/shared/flock:flock_mutex_and_lock (c4ba628)
@score_baselibs//score/concurrency:synchronized (c4ba628)
//score/mw/com/impl/bindings/lola:proxy_instance_identifier (c4ba628)
//score/mw/com/impl/bindings/lola:type_erased_sample_ptrs_guard (c4ba628)
@score_baselibs//score/json/internal/parser/nlohmann:json_builder (c4ba628)
@score_baselibs//score/os:libgen (c4ba628)
//score/mw/com/impl/bindings/lola:transaction_log_index (c4ba628)
//score/mw/com/impl/bindings/lola/messaging:thread_abstraction (c4ba628)
@score_baselibs//score/mw/log/detail/text_recorder:non_blocking_writer (c4ba628)
//score/mw/com/impl/bindings/lola:transaction_log_id (c4ba628)
@score_baselibs//score/concurrency:periodic_task (c4ba628)
//score/memory/shared:new_delete_delegate_resource (c4ba628)
//score/memory/shared/flock:shared_flock_mutex (c4ba628)
//score/mw/com/impl/bindings/lola/methods:type_erased_call_queue (c4ba628)
@score_baselibs//score/concurrency:notification (c4ba628)
//score/memory/shared/flock:flock_mutex (c4ba628)
@score_baselibs//score/concurrency:type_traits (c4ba628)
@score_baselibs//score/language/safecpp/safe_atomics:error (c4ba628)
@score_baselibs//score/os/utils/interprocess:interprocess_conditional_variable (c4ba628)
@score_baselibs//score/analysis/tracing/common/interface_types:shared_memory_location (c4ba628)
//score/mw/com/impl/bindings/lola:event_meta_info (c4ba628)
//score/mw/com/impl/bindings/lola:transaction_log_slot (c4ba628)
@score_baselibs//score/os:rt_default (c4ba628)
@@score_baselibs++_repo_rules+acl-deb//:acl (c4ba628)
@score_baselibs//score/string_manipulation:string_literal (c4ba628)
//score/mw/com/impl/bindings/lola:application_id_pid_mapping (c4ba628)
@score_baselibs//score/analysis/tracing/common/canary_wrapper:canary_wrapper (c4ba628)
@score_baselibs//score/concurrency/timed_executor:periodic_task (c4ba628)
@score_baselibs//score/concurrency/timed_executor:delayed_task (c4ba628)
//score/mw/com/impl/bindings/lola:application_id_pid_mapping_entry (c4ba628)
@score_baselibs//score/concurrency:locked_ptr (c4ba628)
//score/mw/com/impl/bindings/lola:linear_search_map (c4ba628)
@score_baselibs//score/os/utils/interprocess:interprocess_mutex (c4ba628)
//score/mw/com/impl/bindings/lola/methods:unique_method_identifier (c4ba628)
@score_baselibs//score/concurrency:unlock_guard (c4ba628)
@score_baselibs//score/concurrency/timed_executor:timed_task (c4ba628)
//score/mw/com/impl/bindings/lola:register_pid_fake (c4ba628)
