Another command holds the output base lock: 
pid=1
owner=client
cwd=/media/jefferson/11c42dee-73a3-4c2b-ab42-a0440011d9e0/.s-core-build/runs/score-communication-followup-pivi6gt7/candidate

Waiting for it to complete...
OpenJDK 64-Bit Server VM warning: Options -Xverify:none and -noverify were deprecated in JDK 13 and will likely be removed in a future release.
Computing main repo mapping: 
Computing main repo mapping: 
Computing main repo mapping: 
Computing main repo mapping: 
Computing main repo mapping: 
Computing main repo mapping: 
Computing main repo mapping: 
Computing main repo mapping: 
Computing main repo mapping: 
Computing main repo mapping: 
Computing main repo mapping: 
Computing main repo mapping: 
Loading: 
Loading: 5 packages loaded
Analyzing: target //:format.check (6 packages loaded)
Analyzing: target //:format.check (6 packages loaded, 0 targets configured)
Analyzing: target //:format.check (6 packages loaded, 0 targets configured)

Analyzing: target //:format.check (27 packages loaded, 10 targets configured)

Analyzing: target //:format.check (40 packages loaded, 11 targets configured)

DEBUG: Rule '+_repo_rules3+clang_format' indicated that a canonical reproducible form can be obtained by modifying arguments integrity = "sha256-Lj6lg0XiCgKLjDWv+WT3TfFOTNF+LVJKjvwbqeztfaI="
DEBUG: Repository +_repo_rules3+clang_format instantiated at:
  <builtin>: in <toplevel>
Repository rule file defined at:
  /media/jefferson/11c42dee-73a3-4c2b-ab42-a0440011d9e0/.s-core-build/runs/score-communication-followup-pivi6gt7/bazel-output/4b9334f3199c06dc7413ff31e3d2964d/external/download_utils+/download/file/repository.bzl:75:23: in <toplevel>
Analyzing: target //:format.check (105 packages loaded, 12 targets configured)

Analyzing: target //:format.check (159 packages loaded, 655 targets configured)

Analyzing: target //:format.check (179 packages loaded, 3271 targets configured)

Analyzing: target //:format.check (185 packages loaded, 9184 targets configured)

Analyzing: target //:format.check (188 packages loaded, 12633 targets configured)

Analyzing: target //:format.check (188 packages loaded, 12636 targets configured)

Analyzing: target //:format.check (188 packages loaded, 12636 targets configured)

Analyzing: target //:format.check (189 packages loaded, 12717 targets configured)

INFO: Analyzed target //:format.check (198 packages loaded, 14633 targets configured).
[8 / 24] Writing repo mapping manifest for //:format.check; 0s local ... (3 actions, 2 running)
[28 / 40] checking cached actions
[32 / 83] [Prepa] Creating symlink external/score_toolchains_rust++ferrocene_toolchain_ext+ferrocene_x86_64_unknown_linux_gnu/rust_ferrocene/bin/cargo [for tool]
[36 / 126] checking cached actions
[36 / 126] [Prepa] Creating symlink external/score_toolchains_rust++ferrocene_toolchain_ext+ferrocene_x86_64_unknown_linux_gnu/rust_ferrocene/lib/rustlib/x86_64-unknown-linux-gnu/lib/libsysroot-6666c5c3ee3f77c9.rlib [for tool]
[114 / 126] [Prepa] Creating symlink external/score_toolchains_rust++ferrocene_toolchain_ext+ferrocene_x86_64_unknown_linux_gnu/rust_ferrocene/lib/rustlib/x86_64-unknown-linux-gnu/lib/libcore-df25267d4d34b785.rlib [for tool]
[118 / 126] [Prepa] Creating symlink external/score_toolchains_rust++ferrocene_toolchain_ext+ferrocene_x86_64_unknown_linux_gnu/rust_ferrocene/lib/rustlib/x86_64-unknown-linux-gnu/bin/rust-lld [for tool] ... (2 actions, 0 running)
[122 / 126] Compiling Rust (without process_wrapper) rlib tinyjson (4 files) [for tool]; 0s processwrapper-sandbox
[123 / 126] [Prepa] Compiling Rust (without process_wrapper) bin process_wrapper (6 files) [for tool]
[123 / 126] Compiling Rust (without process_wrapper) bin process_wrapper (6 files) [for tool]; 1s processwrapper-sandbox
[124 / 126] [Prepa] Compiling Rust rlib runfiles (1 file)
[125 / 126] [Prepa] Compiling Rust bin rustfmt (1 file)
INFO: Found 1 target...
Target //:format.check up-to-date:
  bazel-bin/format.check.bash
INFO: Elapsed time: 337.913s, Critical Path: 8.57s
INFO: 125 processes: 1 action cache hit, 121 internal, 4 processwrapper-sandbox.
INFO: Build completed successfully, 125 total actions
INFO: Running command line: bazel-bin/format.check.bash
171 files already formatted
Formatted Python in 0m0.489s
Formatted Starlark in 0m0.506s
Formatted C++ in 0m53.607s
Formatted Rust in 0m0.991s
