/home/jefferson/Thinking_CAPs/contributions/communication-followup-20261007/patches/communication.patch:1347: trailing whitespace.
 
/home/jefferson/Thinking_CAPs/contributions/communication-followup-20261007/patches/communication.patch:1355: trailing whitespace.
 
Applied patch to '.github/workflows/_codeql.yml' cleanly.
Applied patch to '.github/workflows/_linter.yml' cleanly.
Applied patch to 'BUILD' cleanly.
Applied patch to 'MODULE.bazel' cleanly.
Applied patch to 'quality/api_surface/api_surface.bzl' cleanly.
Applied patch to 'quality/compiler_warnings/test/BUILD' cleanly.
Applied patch to 'quality/coverage/coverage_scope.bzl' cleanly.
Applied patch to 'quality/coverage/llvm_cov/reporter_wrapper.bzl' cleanly.
Applied patch to 'quality/integration_testing/integration_testing.bzl' cleanly.
Applied patch to 'quality/static_analysis/BUILD' cleanly.
Applied patch to 'quality/static_analysis/codeql_lint.py' cleanly.
error: quality/static_analysis/codeql_lint_test.py: does not exist in index
error: cannot read the current contents of 'quality/static_analysis/codeql_lint_test.py'
Falling back to direct application...
error: quality/static_analysis/query_overrides/LICENSE.md: does not exist in index
error: cannot read the current contents of 'quality/static_analysis/query_overrides/LICENSE.md'
Falling back to direct application...
error: quality/static_analysis/query_overrides/README.md: does not exist in index
error: cannot read the current contents of 'quality/static_analysis/query_overrides/README.md'
Falling back to direct application...
error: quality/static_analysis/query_overrides/TypeAliasesDeclaration.ql: does not exist in index
error: cannot read the current contents of 'quality/static_analysis/query_overrides/TypeAliasesDeclaration.ql'
Falling back to direct application...
error: quality/static_analysis/query_overrides/base-minus-location-query.qls: does not exist in index
error: cannot read the current contents of 'quality/static_analysis/query_overrides/base-minus-location-query.qls'
Falling back to direct application...
error: quality/static_analysis/query_overrides/codeql-pack.lock.yml: does not exist in index
error: cannot read the current contents of 'quality/static_analysis/query_overrides/codeql-pack.lock.yml'
Falling back to direct application...
error: quality/static_analysis/query_overrides/communication-default.qls: does not exist in index
error: cannot read the current contents of 'quality/static_analysis/query_overrides/communication-default.qls'
Falling back to direct application...
error: quality/static_analysis/query_overrides/qlpack.yml: does not exist in index
error: cannot read the current contents of 'quality/static_analysis/query_overrides/qlpack.yml'
Falling back to direct application...
Applied patch to 'quality/unit_testing/unit_testing.bzl' cleanly.
Applied patch to 'quality/visibility_guard/public_targets.golden' cleanly.
Applied patch to 'score/mw/com/dependability/safety_analysis/BUILD' cleanly.
error: score/mw/com/dependability/safety_analysis/README.md: does not exist in index
error: cannot read the current contents of 'score/mw/com/dependability/safety_analysis/README.md'
Falling back to direct application...
error: score/mw/com/dependability/safety_analysis/aou_forwarding_test/BUILD: does not exist in index
error: cannot read the current contents of 'score/mw/com/dependability/safety_analysis/aou_forwarding_test/BUILD'
Falling back to direct application...
error: score/mw/com/dependability/safety_analysis/aou_forwarding_test/component_requirements.trlc: does not exist in index
error: cannot read the current contents of 'score/mw/com/dependability/safety_analysis/aou_forwarding_test/component_requirements.trlc'
Falling back to direct application...
Applied patch to 'score/mw/com/impl/configuration/converter/json_to_flatbuffer_rule.bzl' cleanly.
Applied patch to 'third_party/codeql/codeql_release_pack.bzl' cleanly.
Applied patch to 'third_party/lobster/lobster.bzl' cleanly.
error: third_party/rules_build_error/BUILD: does not exist in index
error: cannot read the current contents of 'third_party/rules_build_error/BUILD'
Falling back to direct application...
error: third_party/rules_build_error/bash-interpreters.patch: does not exist in index
error: cannot read the current contents of 'third_party/rules_build_error/bash-interpreters.patch'
Falling back to direct application...
Applied patch to 'tools/lint/BUILD' cleanly.
error: tools/lint/buildifier/BUILD: does not exist in index
error: cannot read the current contents of 'tools/lint/buildifier/BUILD'
Falling back to direct application...
error: tools/lint/buildifier/buildifier_lint.py: does not exist in index
error: cannot read the current contents of 'tools/lint/buildifier/buildifier_lint.py'
Falling back to direct application...
error: tools/lint/buildifier/buildifier_lint_test.py: does not exist in index
error: cannot read the current contents of 'tools/lint/buildifier/buildifier_lint_test.py'
Falling back to direct application...
error: tools/lint/buildifier/clean_fixture.bzl.txt: does not exist in index
error: cannot read the current contents of 'tools/lint/buildifier/clean_fixture.bzl.txt'
Falling back to direct application...
error: tools/lint/buildifier/warning_fixture.bzl.txt: does not exist in index
error: cannot read the current contents of 'tools/lint/buildifier/warning_fixture.bzl.txt'
Falling back to direct application...
Applied patch to 'tools/lint/rustfmt_wrapper.sh.tpl' cleanly.
warning: 2 lines add whitespace errors.
