Running main() from gmock_main.cc
StateCallback 0
StateCallback 1
StateCallback Ready 
RefusingConnectCallback
StateCallback 2
StateCallback Stopping 4
StateCallback 3
StateCallback Stopped 4
StateCallback 0
StateCallback 1
StateCallback Ready 
RefusingConnectCallback
StateCallback 2
StateCallback Stopping 4
StateCallback 3
StateCallback Stopped 4
StateCallback 0
StateCallback 1
StateCallback Ready 
RefusingConnectCallback
StateCallback 2
StateCallback Stopping 4
StateCallback 3
StateCallback Stopped 4
StateCallback 0
StateCallback 1
StateCallback Ready 
RefusingConnectCallback
StateCallback 2
StateCallback Stopping 4
StateCallback 3
StateCallback Stopped 4
StateCallback 0
StateCallback 1
StateCallback Ready 
RefusingConnectCallback
StateCallback 2
StateCallback Stopping 4
StateCallback 3
StateCallback Stopped 4
StateCallback 0
StateCallback 1
StateCallback Ready 
RefusingConnectCallback
StateCallback 2
StateCallback Stopping 4
StateCallback 3
StateCallback Stopped 4
StateCallback 0
StateCallback 1
StateCallback Ready 
RefusingConnectCallback
StateCallback 2
StateCallback Stopping 4
StateCallback 3
StateCallback Stopped 4
StateCallback 0
StateCallback 1
StateCallback Ready 
RefusingConnectCallback
StateCallback 2
StateCallback Stopping 4
StateCallback 3
StateCallback Stopped 4
StateCallback 0
StateCallback 1
StateCallback Ready 
RefusingConnectCallback
StateCallback 2
StateCallback Stopping 4
StateCallback 3
StateCallback Stopped 4
StateCallback 0
StateCallback 1
StateCallback Ready 
RefusingConnectCallback
StateCallback 2
StateCallback Stopping 4
StateCallback 3
StateCallback Stopped 4
StateCallback 0
StateCallback 1
StateCallback Ready 
RefusingConnectCallback
StateCallback 2
StateCallback Stopping 4
StateCallback 3
StateCallback Stopped 4
StateCallback 0
StateCallback 1
StateCallback Ready 
RefusingConnectCallback
StateCallback 2
StateCallback Stopping 4
StateCallback 3
StateCallback Stopped 4
StateCallback 0
StateCallback 1
StateCallback Ready 
RefusingConnectCallback
StateCallback 2
StateCallback Stopping 4
StateCallback 3
StateCallback Stopped 4
StateCallback 0
StateCallback 1
StateCallback Ready 
RefusingConnectCallback
StateCallback 2
StateCallback Stopping 4
StateCallback 3
StateCallback Stopped 4
StateCallback 0
StateCallback 1
StateCallback Ready 
EchoConnectCallback 0x7ccc80001920
StateCallback 2
StateCallback Stopping 2
EchoDisconnectCallback 0x7ccc80001920StateCallback 
3
StateCallback Stopped 2
StateCallback 0
StateCallback 1
StateCallback Ready 
EchoConnectCallback 0x7ccc80001d30
StateCallback 2
StateCallback Stopping 2
StateCallback 3
StateCallback Stopped 2
EchoDisconnectCallback 0x7ccc80001d30
StateCallback 0
StateCallback 1
StateCallback Ready 
EchoConnectCallback 0x7ccc78001800
EchoSentWithReplyCallback 0x7ccc78001800
EchoSentWithReplyCallback 0x7ccc78001800
StateCallback 2
StateCallback Stopping 2
EchoDisconnectCallback 0x7ccc78001800
StateCallback 3
StateCallback Stopped 2
StateCallback 0
StateCallback 1
StateCallback Ready 
EchoConnectCallback 0x7ccc78001c70
EchoSentWithReplyCallback 0x7ccc78001c70
EchoSentWithReplyCallback 0x7ccc78001c70
StateCallback 2
StateCallback Stopping 2
StateCallback 3
StateCallback Stopped 2
EchoDisconnectCallback 0x7ccc78001c70
StateCallback 0
StateCallback 1
StateCallback Ready 
EchoConnectCallback 0x7ccc80001920
EchoSentWithReplyCallback 0x7ccc80001920
EchoSentWithReplyCallback 0x7ccc80001920
StateCallback 2
StateCallback Stopping 2
EchoDisconnectCallback 0x7ccc80001920
StateCallback 3
StateCallback Stopped 2
StateCallback 0
StateCallback 1
StateCallback Ready 
EchoConnectCallback 0x7ccc80001920
EchoSentWithReplyCallback 0x7ccc80001920
EchoSentWithReplyCallback 0x7ccc80001920
StateCallback 2
StateCallback Stopping 2
EchoDisconnectCallback 0x7ccc80001920
StateCallback 3
StateCallback Stopped 2
StateCallback 0
StateCallback 1
StateCallback Ready 
EchoConnectCallback 0x7ccc80001d30
EchoSentWithReplyCallback 0x7ccc80001d30
EchoSentWithReplyCallback 0x7ccc80001d30
StateCallback 2
StateCallback Stopping 2
StateCallback 3
StateCallback Stopped 2
EchoDisconnectCallback 0x7ccc80001d30
StateCallback 0
StateCallback 1
StateCallback Ready 
EchoConnectCallback 0x7ccc80001d30
EchoSentWithReplyCallback 0x7ccc80001d30
EchoSentWithReplyCallback 0x7ccc80001d30
StateCallback 2
StateCallback Stopping 2
StateCallback 3
StateCallback Stopped 2
EchoDisconnectCallback 0x7ccc80001d30
[==========] 17 tests from 2 test suites ran. (611 ms total)
[  PASSED  ] 17 tests.
Generated 4 RST files with 61 API items
Written output for 17 items to bazel-out/k8-fastbuild/bin/score/message_passing/dependability/dispatch.lobster
