OpenJDK 64-Bit Server VM warning: Options -Xverify:none and -noverify were deprecated in JDK 13 and will likely be removed in a future release.
Computing main repo mapping: 
Computing main repo mapping: 
Computing main repo mapping: 
Computing main repo mapping: 
Computing main repo mapping: 
Computing main repo mapping: 
Loading: 
Loading: 5 packages loaded
Analyzing: target //quality/coverage:coverage_scope (6 packages loaded, 0 targets configured)
Analyzing: target //quality/coverage:coverage_scope (6 packages loaded, 0 targets configured)

Analyzing: target //quality/coverage:coverage_scope (98 packages loaded, 10 targets configured)

Analyzing: target //quality/coverage:coverage_scope (162 packages loaded, 3162 targets configured)

Analyzing: target //quality/coverage:coverage_scope (298 packages loaded, 12143 targets configured)

INFO: Analyzed target //quality/coverage:coverage_scope (363 packages loaded, 14972 targets configured).
INFO: Found 1 target...
Target //quality/coverage:coverage_scope up-to-date:
  bazel-bin/quality/coverage/coverage_scope_allowlist.txt
INFO: Elapsed time: 12.647s, Critical Path: 0.02s
INFO: 1 process: 1 action cache hit, 1 internal.
INFO: Build completed successfully, 1 total action
