Usage: codeql database run-queries [OPTIONS] -- <database> [<query|dir|suite|pack>...]
[Plumbing] Run a set of queries together.

Run one or more queries against a CodeQL database, saving the results to the
results subdirectory of the database directory.

The results can later be converted to readable formats by codeql database
interpret-results, or query-for-query by with codeql bqrs decode or codeql bqrs
interpret.

If your queries produce results in a form that can be interpreted as
source-code alerts, you may find codeql database analyze a more convenient way
to run them. codeql database analyze combines codeql database run-queries with
codeql database interpret-results in a single step. In particular, codeql
database analyze can produce output in the SARIF format, which can be used with
an variety of alert viewers.

Alternatively, if you have only a single query to run, you might prefer codeql
query run, which can display human-readable output for quick inspection of
results while you're debugging.

      <database>             [Mandatory] Path to the CodeQL database to query.
      [<query|dir|suite|pack>...]
                             Queries to execute. Each argument is in the form
                               scope/name@range:path where:
                             * scope/name is the qualified name of a CodeQL
                               pack.
                             * range is a semver range.
                             * path is a file system path.

                             If a scope/name is specified, the range and path
                               are optional. A missing range implies the latest
                               version of the specified pack. A missing path
                               implies the default query suite of the specified
                               pack.

                             The path can be one of a *.ql query file, a
                               directory containing one or more queries, or a .
                               qls query suite file. If there is no pack name
                               specified, then a path must be provided, and
                               will be interpreted relative to the current
                               working directory of the current process.
                             To specify a path that contains a literal @ or :,
                               use path: as a prefix to the argument, like
                               this: path:directory/with:and@/chars.
                             If a scope/name and path are specified, then the
                               path cannot be absolute. It is considered
                               relative to the root of the CodeQL pack.


                             If no queries are specified, the CLI will
                               automatically determine a suitable set of
                               queries to run. In particular, if a Code
                               Scanning configuration file was specified at
                               database creation time using
                               --codescanning-config then the queries from this
                               will be used. Otherwise, the default queries for
                               the language being analyzed will be used.
      --no-rerun             Omit evaluation of queries that already seem to
                               have a BQRS result stored in the output location.
Options to control the model packs to be used:
      --model-packs=<name@range>...
                             A list of CodeQL pack names, each with an optional
                               version range, to be used as model packs to
                               customize the queries that are about to be
                               evaluated.


Options to control the threat models to be used:
      --threat-model=<name>...
                             A list of threat models to enable or disable.
                             The argument is the name of a threat model,
                               optionally preceded by a '!'. If no '!' is
                               present, the named threat model and all of its
                               descendants are enabled. If a '!' is present,
                               the named threat model and all of its
                               descendants are disabled.
                             The 'default' threat model is enabled by default,
                               but can be disabled by specifying
                               '--threat-model !default'.
                             The 'all' threat model can be used to enable or
                               disable all threat models.
                             The --threat-model options are processed in order.
                               For example, '--threat-model local
                               --threat-model !environment' enables all of the
                               threat models in the 'local' group except for
                               the 'environment' threat model.
                             This option only has an effect for languages that
                               support threat models.
Options to control the query evaluator:
  -j, --threads=<num>        Use this many threads to evaluate queries.
                             Defaults to 1. You can pass 0 to use one thread
                               per core on the machine, or -N to leave N cores
                               unused (except still use at least one thread).
      --max-disk-cache=<MB>  Set the maximum amount of space that the disk
                               cache for intermediate query results can use.
                             If this size is not configured explicitly, the
                               evaluator will try to use a "reasonable" amount
                               of cache space, based on the size of the dataset
                               and the complexity of the queries. Explicitly
                               setting a higher limit than this default usage
                               will enable additional caching which can speed
                               up later queries.
      --external=<pred>=<file.csv>
                             A CSV file that contains rows for external
                               predicate <pred>. Multiple --external options
                               can be supplied.
Options to control RAM usage:
  -M, --ram=<MB>             The query evaluator will try hard to keep its
                               total memory footprint below this value.
                               (However, for large databases it is possible
                               that the threshold may be broken by file-backed
                               memory maps, which can be swapped to disk in
                               case of memory pressure).
                             The value should be at least 2048 MB; smaller
                               values will be transparently rounded up.
Options to control QL compilation:
      --warnings=<mode>      How to handle warnings from the QL compiler. One
                               of:
                             hide: Suppress warnings.
                             show (default): Print warnings but continue with
                               compilation.
                             error: Treat warnings as errors.
      --no-debug-info        Don't emit source location info in RA for
                               debugging.
      --[no-]fast-compilation
                             [Deprecated] [Advanced] Omit particularly slow
                               optimization steps.
      --[no-]local-checking  Only perform initial checks on the part of the QL
                               source that is used.
      --no-metadata-verification
                             Don't check embedded query metadata in QLDoc
                               comments for validity.
Options to set up compilation environment:
      --search-path=<dir>[:<dir>...]
                             A list of directories under which QL packs may be
                               found. Each directory can either be a QL pack
                               (or bundle of packs containing a .codeqlmanifest.
                               json file at the root) or the immediate parent
                               of one or more such directories.
                             If the path contains more than one directory,
                               their order defines precedence between them:
                               when a pack name that must be resolved is
                               matched in more than one of the directory trees,
                               the one given first wins.
                             Pointing this at a checkout of the open-source
                               CodeQL repository ought to work when querying
                               one of the languages that live there.
                             If you have checked out the CodeQL repository as a
                               sibling of the unpacked CodeQL toolchain, you
                               don't need to give this option; such sibling
                               directories will always be searched for QL packs
                               that cannot be found otherwise. (If this default
                               does not work, it is strongly recommended to set
                               up --search-path once and for all in a per-user
                               configuration file).
      --additional-packs=<dir>[:<dir>...]
                             If this list of directories is given, they will be
                               searched for packs before the ones in
                               --search-path. The order between these doesn't
                               matter; it is an error if a pack name is found
                               in two different places through this list.
                             This is useful if you're temporarily developing a
                               new version of a pack that also appears in the
                               default path. On the other hand, it is not
                               recommended to override this option in a config
                               file; some internal actions will add this option
                               on the fly, overriding any configured value.
Options for configuring the CodeQL package manager:
      --registries-auth-stdin
                             Authenticate to GitHub Enterprise Server Container
                               registries by passing a comma-separated list of
                               <registry_url>=<token> pairs.

                             For example, you can pass "https://containers.
                               GHEHOSTNAME1/v2/=TOKEN1,https://containers.
                               GHEHOSTNAME2/v2/=TOKEN2" to authenticate to two
                               GitHub Enterprise Server instances.

                             This overrides the CODEQL_REGISTRIES_AUTH and
                               GITHUB_TOKEN environment variables. If you only
                               need to authenticate to the github.com Container
                               registry, you can instead authenticate using the
                               simpler --github-auth-stdin option.
      --github-auth-stdin    Authenticate to the github.com Container registry
                               by passing a github.com GitHub Apps token or
                               personal access token via standard input.

                             To authenticate to GitHub Enterprise Server
                               Container registries, pass
                               --registries-auth-stdin or use the
                               CODEQL_REGISTRIES_AUTH environment variable.

                             This overrides the GITHUB_TOKEN environment
                               variable.
Common options:
  -h, --help                 Show this help text.
  -v, --verbose              Incrementally increase the number of progress
                               messages printed.
  -q, --quiet                Incrementally decrease the number of progress
                               messages printed.
Some advanced options have been hidden; try --help -v for a fuller view.
