OpenJDK 64-Bit Server VM warning: Options -Xverify:none and -noverify were deprecated in JDK 13 and will likely be removed in a future release.
Computing main repo mapping: 
Computing main repo mapping: 
WARNING: For repository 'platforms', the root module requires module version platforms@1.0.0, but got platforms@1.1.0 in the resolved dependency graph. Please update the version in your MODULE.bazel or set --check_direct_dependencies=off
WARNING: For repository 'rules_rust', the root module requires module version rules_rust@0.68.1-score, but got rules_rust@0.68.2-score in the resolved dependency graph. Please update the version in your MODULE.bazel or set --check_direct_dependencies=off
WARNING: For repository 'rules_cc', the root module requires module version rules_cc@0.2.17, but got rules_cc@0.2.22 in the resolved dependency graph. Please update the version in your MODULE.bazel or set --check_direct_dependencies=off
WARNING: For repository 'score_rust_policies', the root module requires module version score_rust_policies@0.0.2, but got score_rust_policies@0.0.5 in the resolved dependency graph. Please update the version in your MODULE.bazel or set --check_direct_dependencies=off
WARNING: For repository 'aspect_rules_lint', the root module requires module version aspect_rules_lint@2.3.0, but got aspect_rules_lint@2.5.0 in the resolved dependency graph. Please update the version in your MODULE.bazel or set --check_direct_dependencies=off
WARNING: For repository 'grpc-java', the root module requires module version grpc-java@1.70.0, but got grpc-java@1.78.0 in the resolved dependency graph. Please update the version in your MODULE.bazel or set --check_direct_dependencies=off
Computing main repo mapping: 
Loading: 
Loading: 3 packages loaded
Analyzing: target //:copyright.check (4 packages loaded, 0 targets configured)
Analyzing: target //:copyright.check (4 packages loaded, 0 targets configured)

Analyzing: target //:copyright.check (48 packages loaded, 8 targets configured)

Analyzing: target //:copyright.check (130 packages loaded, 509 targets configured)

Analyzing: target //:copyright.check (164 packages loaded, 3175 targets configured)

Analyzing: target //:copyright.check (164 packages loaded, 3175 targets configured)

Analyzing: target //:copyright.check (166 packages loaded, 5056 targets configured)

Analyzing: target //:copyright.check (166 packages loaded, 5056 targets configured)

Analyzing: target //:copyright.check (166 packages loaded, 5056 targets configured)

INFO: Analyzed target //:copyright.check (168 packages loaded, 8240 targets configured).
INFO: Found 1 target...
Target //:copyright.check up-to-date:
  bazel-bin/copyright.check
  bazel-bin/copyright.check.venv.pth
INFO: Elapsed time: 16.583s, Critical Path: 0.29s
INFO: 6 processes: 6 internal.
INFO: Build completed successfully, 6 total actions
INFO: Running command line: bazel-bin/copyright.check -t ../score_tooling+/cr_checker/resources/templates.ini -c ../score_tooling+/cr_checker/resources/config.json .
[31mERROR:[0m Missing copyright header in: /media/jefferson/11c42dee-73a3-4c2b-ab42-a0440011d9e0/.s-core-build/runs/score-communication-followup-pivi6gt7/config-management-consumer-candidate/bazel/format/README.md, use --fix to introduce it
[31mERROR:[0m Missing copyright header in: /media/jefferson/11c42dee-73a3-4c2b-ab42-a0440011d9e0/.s-core-build/runs/score-communication-followup-pivi6gt7/config-management-consumer-candidate/.github/ISSUE_TEMPLATE/bug_fix.md, use --fix to introduce it
[31mERROR:[0m Missing copyright header in: /media/jefferson/11c42dee-73a3-4c2b-ab42-a0440011d9e0/.s-core-build/runs/score-communication-followup-pivi6gt7/config-management-consumer-candidate/.github/ISSUE_TEMPLATE/improvement.md, use --fix to introduce it
[31mERROR:[0m Missing copyright header in: /media/jefferson/11c42dee-73a3-4c2b-ab42-a0440011d9e0/.s-core-build/runs/score-communication-followup-pivi6gt7/config-management-consumer-candidate/.github/PULL_REQUEST_TEMPLATE/bug_fix.md, use --fix to introduce it
[31mERROR:[0m Missing copyright header in: /media/jefferson/11c42dee-73a3-4c2b-ab42-a0440011d9e0/.s-core-build/runs/score-communication-followup-pivi6gt7/config-management-consumer-candidate/.github/PULL_REQUEST_TEMPLATE/improvement.md, use --fix to introduce it
[31mERROR:[0m Missing copyright header in: /media/jefferson/11c42dee-73a3-4c2b-ab42-a0440011d9e0/.s-core-build/runs/score-communication-followup-pivi6gt7/config-management-consumer-candidate/CONTRIBUTION.md, use --fix to introduce it
[31mERROR:[0m Missing copyright header in: /media/jefferson/11c42dee-73a3-4c2b-ab42-a0440011d9e0/.s-core-build/runs/score-communication-followup-pivi6gt7/config-management-consumer-candidate/README.md, use --fix to introduce it
[31mERROR:[0m Missing copyright header in: /media/jefferson/11c42dee-73a3-4c2b-ab42-a0440011d9e0/.s-core-build/runs/score-communication-followup-pivi6gt7/config-management-consumer-candidate/requirements/assumed_system_requirements/README.md, use --fix to introduce it
[31mERROR:[0m Wrong copyright format in: /media/jefferson/11c42dee-73a3-4c2b-ab42-a0440011d9e0/.s-core-build/runs/score-communication-followup-pivi6gt7/config-management-consumer-candidate/score/config_management/config_daemon/code/app/config_daemon.h (similarity to template: 96%), expected format from template
[31mERROR:[0m Wrong copyright format in: /media/jefferson/11c42dee-73a3-4c2b-ab42-a0440011d9e0/.s-core-build/runs/score-communication-followup-pivi6gt7/config-management-consumer-candidate/score/config_management/config_daemon/code/app/config_daemon_mock.h (similarity to template: 96%), expected format from template
[31mERROR:[0m Wrong copyright format in: /media/jefferson/11c42dee-73a3-4c2b-ab42-a0440011d9e0/.s-core-build/runs/score-communication-followup-pivi6gt7/config-management-consumer-candidate/score/config_management/config_daemon/code/app/details/config_daemon_impl.cpp (similarity to template: 96%), expected format from template
[31mERROR:[0m Wrong copyright format in: /media/jefferson/11c42dee-73a3-4c2b-ab42-a0440011d9e0/.s-core-build/runs/score-communication-followup-pivi6gt7/config-management-consumer-candidate/score/config_management/config_daemon/code/app/details/config_daemon_impl.h (similarity to template: 96%), expected format from template
[31mERROR:[0m Wrong copyright format in: /media/jefferson/11c42dee-73a3-4c2b-ab42-a0440011d9e0/.s-core-build/runs/score-communication-followup-pivi6gt7/config-management-consumer-candidate/score/config_management/config_daemon/code/app/details/config_daemon_impl_test.cpp (similarity to template: 96%), expected format from template
[31mERROR:[0m Wrong copyright format in: /media/jefferson/11c42dee-73a3-4c2b-ab42-a0440011d9e0/.s-core-build/runs/score-communication-followup-pivi6gt7/config-management-consumer-candidate/score/config_management/config_daemon/code/data_model/details/common.cpp (similarity to template: 96%), expected format from template
[31mERROR:[0m Wrong copyright format in: /media/jefferson/11c42dee-73a3-4c2b-ab42-a0440011d9e0/.s-core-build/runs/score-communication-followup-pivi6gt7/config-management-consumer-candidate/score/config_management/config_daemon/code/data_model/details/common.h (similarity to template: 96%), expected format from template
[31mERROR:[0m Wrong copyright format in: /media/jefferson/11c42dee-73a3-4c2b-ab42-a0440011d9e0/.s-core-build/runs/score-communication-followup-pivi6gt7/config-management-consumer-candidate/score/config_management/config_daemon/code/data_model/details/parameter_impl.h (similarity to template: 96%), expected format from template
[31mERROR:[0m Wrong copyright format in: /media/jefferson/11c42dee-73a3-4c2b-ab42-a0440011d9e0/.s-core-build/runs/score-communication-followup-pivi6gt7/config-management-consumer-candidate/score/config_management/config_daemon/code/data_model/details/parameter_set_impl.cpp (similarity to template: 96%), expected format from template
[31mERROR:[0m Wrong copyright format in: /media/jefferson/11c42dee-73a3-4c2b-ab42-a0440011d9e0/.s-core-build/runs/score-communication-followup-pivi6gt7/config-management-consumer-candidate/score/config_management/config_daemon/code/data_model/details/parameter_set_impl.h (similarity to template: 96%), expected format from template
[31mERROR:[0m Wrong copyright format in: /media/jefferson/11c42dee-73a3-4c2b-ab42-a0440011d9e0/.s-core-build/runs/score-communication-followup-pivi6gt7/config-management-consumer-candidate/score/config_management/config_daemon/code/data_model/details/parameter_set_impl_test.cpp (similarity to template: 96%), expected format from template
[31mERROR:[0m Wrong copyright format in: /media/jefferson/11c42dee-73a3-4c2b-ab42-a0440011d9e0/.s-core-build/runs/score-communication-followup-pivi6gt7/config-management-consumer-candidate/score/config_management/config_daemon/code/data_model/details/parameterset_collection_impl.cpp (similarity to template: 96%), expected format from template
[31mERROR:[0m Wrong copyright format in: /media/jefferson/11c42dee-73a3-4c2b-ab42-a0440011d9e0/.s-core-build/runs/score-communication-followup-pivi6gt7/config-management-consumer-candidate/score/config_management/config_daemon/code/data_model/details/parameterset_collection_impl.h (similarity to template: 96%), expected format from template
[31mERROR:[0m Wrong copyright format in: /media/jefferson/11c42dee-73a3-4c2b-ab42-a0440011d9e0/.s-core-build/runs/score-communication-followup-pivi6gt7/config-management-consumer-candidate/score/config_management/config_daemon/code/data_model/details/parameterset_collection_impl_test.cpp (similarity to template: 96%), expected format from template
[31mERROR:[0m Wrong copyright format in: /media/jefferson/11c42dee-73a3-4c2b-ab42-a0440011d9e0/.s-core-build/runs/score-communication-followup-pivi6gt7/config-management-consumer-candidate/score/config_management/config_daemon/code/data_model/details/parameterset_collection_manager_impl.cpp (similarity to template: 96%), expected format from template
[31mERROR:[0m Wrong copyright format in: /media/jefferson/11c42dee-73a3-4c2b-ab42-a0440011d9e0/.s-core-build/runs/score-communication-followup-pivi6gt7/config-management-consumer-candidate/score/config_management/config_daemon/code/data_model/details/parameterset_collection_manager_impl.h (similarity to template: 96%), expected format from template
[31mERROR:[0m Wrong copyright format in: /media/jefferson/11c42dee-73a3-4c2b-ab42-a0440011d9e0/.s-core-build/runs/score-communication-followup-pivi6gt7/config-management-consumer-candidate/score/config_management/config_daemon/code/data_model/details/parameterset_collection_manager_impl_test.cpp (similarity to template: 96%), expected format from template
[31mERROR:[0m Wrong copyright format in: /media/jefferson/11c42dee-73a3-4c2b-ab42-a0440011d9e0/.s-core-build/runs/score-communication-followup-pivi6gt7/config-management-consumer-candidate/score/config_management/config_daemon/code/data_model/error/error.cpp (similarity to template: 96%), expected format from template
[31mERROR:[0m Wrong copyright format in: /media/jefferson/11c42dee-73a3-4c2b-ab42-a0440011d9e0/.s-core-build/runs/score-communication-followup-pivi6gt7/config-management-consumer-candidate/score/config_management/config_daemon/code/data_model/error/error.h (similarity to template: 96%), expected format from template
[31mERROR:[0m Wrong copyright format in: /media/jefferson/11c42dee-73a3-4c2b-ab42-a0440011d9e0/.s-core-build/runs/score-communication-followup-pivi6gt7/config-management-consumer-candidate/score/config_management/config_daemon/code/data_model/error/error_test.cpp (similarity to template: 96%), expected format from template
[31mERROR:[0m Wrong copyright format in: /media/jefferson/11c42dee-73a3-4c2b-ab42-a0440011d9e0/.s-core-build/runs/score-communication-followup-pivi6gt7/config-management-consumer-candidate/score/config_management/config_daemon/code/data_model/parameter_set_qualifier.h (similarity to template: 96%), expected format from template
[31mERROR:[0m Wrong copyright format in: /media/jefferson/11c42dee-73a3-4c2b-ab42-a0440011d9e0/.s-core-build/runs/score-communication-followup-pivi6gt7/config-management-consumer-candidate/score/config_management/config_daemon/code/data_model/parameter_set_storage/details/parameter_set_storage_score_impl.cpp (similarity to template: 96%), expected format from template
[31mERROR:[0m Wrong copyright format in: /media/jefferson/11c42dee-73a3-4c2b-ab42-a0440011d9e0/.s-core-build/runs/score-communication-followup-pivi6gt7/config-management-consumer-candidate/score/config_management/config_daemon/code/data_model/parameter_set_storage/details/parameter_set_storage_score_impl.h (similarity to template: 96%), expected format from template
[31mERROR:[0m Wrong copyright format in: /media/jefferson/11c42dee-73a3-4c2b-ab42-a0440011d9e0/.s-core-build/runs/score-communication-followup-pivi6gt7/config-management-consumer-candidate/score/config_management/config_daemon/code/data_model/parameter_set_storage/details/parameter_set_storage_score_impl_test.cpp (similarity to template: 96%), expected format from template
[31mERROR:[0m Wrong copyright format in: /media/jefferson/11c42dee-73a3-4c2b-ab42-a0440011d9e0/.s-core-build/runs/score-communication-followup-pivi6gt7/config-management-consumer-candidate/score/config_management/config_daemon/code/data_model/parameter_set_storage/details/score_kvs_stub/kvs.hpp (similarity to template: 96%), expected format from template
[31mERROR:[0m Wrong copyright format in: /media/jefferson/11c42dee-73a3-4c2b-ab42-a0440011d9e0/.s-core-build/runs/score-communication-followup-pivi6gt7/config-management-consumer-candidate/score/config_management/config_daemon/code/data_model/parameter_set_storage/details/score_kvs_stub/kvs_mock.cpp (similarity to template: 96%), expected format from template
[31mERROR:[0m Wrong copyright format in: /media/jefferson/11c42dee-73a3-4c2b-ab42-a0440011d9e0/.s-core-build/runs/score-communication-followup-pivi6gt7/config-management-consumer-candidate/score/config_management/config_daemon/code/data_model/parameter_set_storage/details/score_kvs_stub/kvs_mock.hpp (similarity to template: 96%), expected format from template
[31mERROR:[0m Wrong copyright format in: /media/jefferson/11c42dee-73a3-4c2b-ab42-a0440011d9e0/.s-core-build/runs/score-communication-followup-pivi6gt7/config-management-consumer-candidate/score/config_management/config_daemon/code/data_model/parameter_set_storage/details/score_kvs_stub/kvsbuilder.hpp (similarity to template: 96%), expected format from template
[31mERROR:[0m Wrong copyright format in: /media/jefferson/11c42dee-73a3-4c2b-ab42-a0440011d9e0/.s-core-build/runs/score-communication-followup-pivi6gt7/config-management-consumer-candidate/score/config_management/config_daemon/code/data_model/parameter_set_storage/details/score_kvs_stub/kvsvalue.hpp (similarity to template: 96%), expected format from template
[31mERROR:[0m Wrong copyright format in: /media/jefferson/11c42dee-73a3-4c2b-ab42-a0440011d9e0/.s-core-build/runs/score-communication-followup-pivi6gt7/config-management-consumer-candidate/score/config_management/config_daemon/code/data_model/parameter_set_storage/error/parameter_set_storage_error.cpp (similarity to template: 96%), expected format from template
[31mERROR:[0m Wrong copyright format in: /media/jefferson/11c42dee-73a3-4c2b-ab42-a0440011d9e0/.s-core-build/runs/score-communication-followup-pivi6gt7/config-management-consumer-candidate/score/config_management/config_daemon/code/data_model/parameter_set_storage/error/parameter_set_storage_error.h (similarity to template: 96%), expected format from template
[31mERROR:[0m Wrong copyright format in: /media/jefferson/11c42dee-73a3-4c2b-ab42-a0440011d9e0/.s-core-build/runs/score-communication-followup-pivi6gt7/config-management-consumer-candidate/score/config_management/config_daemon/code/data_model/parameter_set_storage/error/parameter_set_storage_error_test.cpp (similarity to template: 96%), expected format from template
[31mERROR:[0m Wrong copyright format in: /media/jefferson/11c42dee-73a3-4c2b-ab42-a0440011d9e0/.s-core-build/runs/score-communication-followup-pivi6gt7/config-management-consumer-candidate/score/config_management/config_daemon/code/data_model/parameter_set_storage/parameter_set_storage.cpp (similarity to template: 96%), expected format from template
[31mERROR:[0m Wrong copyright format in: /media/jefferson/11c42dee-73a3-4c2b-ab42-a0440011d9e0/.s-core-build/runs/score-communication-followup-pivi6gt7/config-management-consumer-candidate/score/config_management/config_daemon/code/data_model/parameter_set_storage/parameter_set_storage.h (similarity to template: 96%), expected format from template
[31mERROR:[0m Wrong copyright format in: /media/jefferson/11c42dee-73a3-4c2b-ab42-a0440011d9e0/.s-core-build/runs/score-communication-followup-pivi6gt7/config-management-consumer-candidate/score/config_management/config_daemon/code/data_model/parameter_set_storage/parameter_set_storage_mock.h (similarity to template: 96%), expected format from template
[31mERROR:[0m Wrong copyright format in: /media/jefferson/11c42dee-73a3-4c2b-ab42-a0440011d9e0/.s-core-build/runs/score-communication-followup-pivi6gt7/config-management-consumer-candidate/score/config_management/config_daemon/code/data_model/parameterset_collection.cpp (similarity to template: 96%), expected format from template
[31mERROR:[0m Wrong copyright format in: /media/jefferson/11c42dee-73a3-4c2b-ab42-a0440011d9e0/.s-core-build/runs/score-communication-followup-pivi6gt7/config-management-consumer-candidate/score/config_management/config_daemon/code/data_model/parameterset_collection.h (similarity to template: 96%), expected format from template
[31mERROR:[0m Wrong copyright format in: /media/jefferson/11c42dee-73a3-4c2b-ab42-a0440011d9e0/.s-core-build/runs/score-communication-followup-pivi6gt7/config-management-consumer-candidate/score/config_management/config_daemon/code/data_model/parameterset_collection_interfaces/read_only_parameterset_collection.cpp (similarity to template: 96%), expected format from template
[31mERROR:[0m Wrong copyright format in: /media/jefferson/11c42dee-73a3-4c2b-ab42-a0440011d9e0/.s-core-build/runs/score-communication-followup-pivi6gt7/config-management-consumer-candidate/score/config_management/config_daemon/code/data_model/parameterset_collection_interfaces/read_only_parameterset_collection.h (similarity to template: 96%), expected format from template
[31mERROR:[0m Wrong copyright format in: /media/jefferson/11c42dee-73a3-4c2b-ab42-a0440011d9e0/.s-core-build/runs/score-communication-followup-pivi6gt7/config-management-consumer-candidate/score/config_management/config_daemon/code/data_model/parameterset_collection_interfaces/read_only_parameterset_collection_mock.cpp (similarity to template: 96%), expected format from template
[31mERROR:[0m Wrong copyright format in: /media/jefferson/11c42dee-73a3-4c2b-ab42-a0440011d9e0/.s-core-build/runs/score-communication-followup-pivi6gt7/config-management-consumer-candidate/score/config_management/config_daemon/code/data_model/parameterset_collection_interfaces/read_only_parameterset_collection_mock.h (similarity to template: 96%), expected format from template
[31mERROR:[0m Wrong copyright format in: /media/jefferson/11c42dee-73a3-4c2b-ab42-a0440011d9e0/.s-core-build/runs/score-communication-followup-pivi6gt7/config-management-consumer-candidate/score/config_management/config_daemon/code/data_model/parameterset_collection_manager.cpp (similarity to template: 96%), expected format from template
[31mERROR:[0m Wrong copyright format in: /media/jefferson/11c42dee-73a3-4c2b-ab42-a0440011d9e0/.s-core-build/runs/score-communication-followup-pivi6gt7/config-management-consumer-candidate/score/config_management/config_daemon/code/data_model/parameterset_collection_manager.h (similarity to template: 96%), expected format from template
[31mERROR:[0m Wrong copyright format in: /media/jefferson/11c42dee-73a3-4c2b-ab42-a0440011d9e0/.s-core-build/runs/score-communication-followup-pivi6gt7/config-management-consumer-candidate/score/config_management/config_daemon/code/data_model/parameterset_collection_manager_mock.cpp (similarity to template: 96%), expected format from template
[31mERROR:[0m Wrong copyright format in: /media/jefferson/11c42dee-73a3-4c2b-ab42-a0440011d9e0/.s-core-build/runs/score-communication-followup-pivi6gt7/config-management-consumer-candidate/score/config_management/config_daemon/code/data_model/parameterset_collection_manager_mock.h (similarity to template: 96%), expected format from template
[31mERROR:[0m Wrong copyright format in: /media/jefferson/11c42dee-73a3-4c2b-ab42-a0440011d9e0/.s-core-build/runs/score-communication-followup-pivi6gt7/config-management-consumer-candidate/score/config_management/config_daemon/code/data_model/parameterset_collection_mock.cpp (similarity to template: 96%), expected format from template
[31mERROR:[0m Wrong copyright format in: /media/jefferson/11c42dee-73a3-4c2b-ab42-a0440011d9e0/.s-core-build/runs/score-communication-followup-pivi6gt7/config-management-consumer-candidate/score/config_management/config_daemon/code/data_model/parameterset_collection_mock.h (similarity to template: 96%), expected format from template
[31mERROR:[0m Wrong copyright format in: /media/jefferson/11c42dee-73a3-4c2b-ab42-a0440011d9e0/.s-core-build/runs/score-communication-followup-pivi6gt7/config-management-consumer-candidate/score/config_management/config_daemon/code/factory/details/factory_impl.h (similarity to template: 96%), expected format from template
[31mERROR:[0m Wrong copyright format in: /media/jefferson/11c42dee-73a3-4c2b-ab42-a0440011d9e0/.s-core-build/runs/score-communication-followup-pivi6gt7/config-management-consumer-candidate/score/config_management/config_daemon/code/factory/details/factory_mw_impl.cpp (similarity to template: 96%), expected format from template
[31mERROR:[0m Wrong copyright format in: /media/jefferson/11c42dee-73a3-4c2b-ab42-a0440011d9e0/.s-core-build/runs/score-communication-followup-pivi6gt7/config-management-consumer-candidate/score/config_management/config_daemon/code/factory/details/factory_mw_impl_test.cpp (similarity to template: 96%), expected format from template
[31mERROR:[0m Wrong copyright format in: /media/jefferson/11c42dee-73a3-4c2b-ab42-a0440011d9e0/.s-core-build/runs/score-communication-followup-pivi6gt7/config-management-consumer-candidate/score/config_management/config_daemon/code/factory/factory.h (similarity to template: 96%), expected format from template
[31mERROR:[0m Wrong copyright format in: /media/jefferson/11c42dee-73a3-4c2b-ab42-a0440011d9e0/.s-core-build/runs/score-communication-followup-pivi6gt7/config-management-consumer-candidate/score/config_management/config_daemon/code/factory/factory_mock.cpp (similarity to template: 96%), expected format from template
[31mERROR:[0m Wrong copyright format in: /media/jefferson/11c42dee-73a3-4c2b-ab42-a0440011d9e0/.s-core-build/runs/score-communication-followup-pivi6gt7/config-management-consumer-candidate/score/config_management/config_daemon/code/factory/factory_mock.h (similarity to template: 96%), expected format from template
[31mERROR:[0m Wrong copyright format in: /media/jefferson/11c42dee-73a3-4c2b-ab42-a0440011d9e0/.s-core-build/runs/score-communication-followup-pivi6gt7/config-management-consumer-candidate/score/config_management/config_daemon/code/fault_event_reporter/details/fault_event_reporter_score_impl.cpp (similarity to template: 96%), expected format from template
[31mERROR:[0m Wrong copyright format in: /media/jefferson/11c42dee-73a3-4c2b-ab42-a0440011d9e0/.s-core-build/runs/score-communication-followup-pivi6gt7/config-management-consumer-candidate/score/config_management/config_daemon/code/fault_event_reporter/details/fault_event_reporter_score_impl.h (similarity to template: 96%), expected format from template
[31mERROR:[0m Wrong copyright format in: /media/jefferson/11c42dee-73a3-4c2b-ab42-a0440011d9e0/.s-core-build/runs/score-communication-followup-pivi6gt7/config-management-consumer-candidate/score/config_management/config_daemon/code/fault_event_reporter/details/fault_event_reporter_score_impl_test.cpp (similarity to template: 96%), expected format from template
[31mERROR:[0m Wrong copyright format in: /media/jefferson/11c42dee-73a3-4c2b-ab42-a0440011d9e0/.s-core-build/runs/score-communication-followup-pivi6gt7/config-management-consumer-candidate/score/config_management/config_daemon/code/fault_event_reporter/fault_event_reporter.cpp (similarity to template: 96%), expected format from template
[31mERROR:[0m Wrong copyright format in: /media/jefferson/11c42dee-73a3-4c2b-ab42-a0440011d9e0/.s-core-build/runs/score-communication-followup-pivi6gt7/config-management-consumer-candidate/score/config_management/config_daemon/code/fault_event_reporter/fault_event_reporter.h (similarity to template: 96%), expected format from template
[31mERROR:[0m Wrong copyright format in: /media/jefferson/11c42dee-73a3-4c2b-ab42-a0440011d9e0/.s-core-build/runs/score-communication-followup-pivi6gt7/config-management-consumer-candidate/score/config_management/config_daemon/code/fault_event_reporter/fault_event_reporter_mock.h (similarity to template: 96%), expected format from template
[31mERROR:[0m Wrong copyright format in: /media/jefferson/11c42dee-73a3-4c2b-ab42-a0440011d9e0/.s-core-build/runs/score-communication-followup-pivi6gt7/config-management-consumer-candidate/score/config_management/config_daemon/code/fault_event_reporter/fault_event_score_types.h (similarity to template: 96%), expected format from template
[31mERROR:[0m Wrong copyright format in: /media/jefferson/11c42dee-73a3-4c2b-ab42-a0440011d9e0/.s-core-build/runs/score-communication-followup-pivi6gt7/config-management-consumer-candidate/score/config_management/config_daemon/code/json_helper/details/json_helper_impl.cpp (similarity to template: 96%), expected format from template
[31mERROR:[0m Wrong copyright format in: /media/jefferson/11c42dee-73a3-4c2b-ab42-a0440011d9e0/.s-core-build/runs/score-communication-followup-pivi6gt7/config-management-consumer-candidate/score/config_management/config_daemon/code/json_helper/details/json_helper_impl.h (similarity to template: 96%), expected format from template
[31mERROR:[0m Wrong copyright format in: /media/jefferson/11c42dee-73a3-4c2b-ab42-a0440011d9e0/.s-core-build/runs/score-communication-followup-pivi6gt7/config-management-consumer-candidate/score/config_management/config_daemon/code/json_helper/json_helper.cpp (similarity to template: 96%), expected format from template
[31mERROR:[0m Wrong copyright format in: /media/jefferson/11c42dee-73a3-4c2b-ab42-a0440011d9e0/.s-core-build/runs/score-communication-followup-pivi6gt7/config-management-consumer-candidate/score/config_management/config_daemon/code/json_helper/json_helper.h (similarity to template: 96%), expected format from template
[31mERROR:[0m Wrong copyright format in: /media/jefferson/11c42dee-73a3-4c2b-ab42-a0440011d9e0/.s-core-build/runs/score-communication-followup-pivi6gt7/config-management-consumer-candidate/score/config_management/config_daemon/code/json_helper/json_helper_mock.cpp (similarity to template: 96%), expected format from template
[31mERROR:[0m Wrong copyright format in: /media/jefferson/11c42dee-73a3-4c2b-ab42-a0440011d9e0/.s-core-build/runs/score-communication-followup-pivi6gt7/config-management-consumer-candidate/score/config_management/config_daemon/code/json_helper/json_helper_mock.h (similarity to template: 96%), expected format from template
[31mERROR:[0m Wrong copyright format in: /media/jefferson/11c42dee-73a3-4c2b-ab42-a0440011d9e0/.s-core-build/runs/score-communication-followup-pivi6gt7/config-management-consumer-candidate/score/config_management/config_daemon/code/main.cpp (similarity to template: 96%), expected format from template
[31mERROR:[0m Wrong copyright format in: /media/jefferson/11c42dee-73a3-4c2b-ab42-a0440011d9e0/.s-core-build/runs/score-communication-followup-pivi6gt7/config-management-consumer-candidate/score/config_management/config_daemon/code/main_test.cpp (similarity to template: 96%), expected format from template
[31mERROR:[0m Missing copyright header in: /media/jefferson/11c42dee-73a3-4c2b-ab42-a0440011d9e0/.s-core-build/runs/score-communication-followup-pivi6gt7/config-management-consumer-candidate/score/config_management/config_daemon/code/plugins/demo_json/README.md, use --fix to introduce it
[31mERROR:[0m Wrong copyright format in: /media/jefferson/11c42dee-73a3-4c2b-ab42-a0440011d9e0/.s-core-build/runs/score-communication-followup-pivi6gt7/config-management-consumer-candidate/score/config_management/config_daemon/code/plugins/demo_json/details/demo_json_plugin_impl.cpp (similarity to template: 96%), expected format from template
[31mERROR:[0m Wrong copyright format in: /media/jefferson/11c42dee-73a3-4c2b-ab42-a0440011d9e0/.s-core-build/runs/score-communication-followup-pivi6gt7/config-management-consumer-candidate/score/config_management/config_daemon/code/plugins/demo_json/details/demo_json_plugin_impl.h (similarity to template: 96%), expected format from template
[31mERROR:[0m Wrong copyright format in: /media/jefferson/11c42dee-73a3-4c2b-ab42-a0440011d9e0/.s-core-build/runs/score-communication-followup-pivi6gt7/config-management-consumer-candidate/score/config_management/config_daemon/code/plugins/demo_json/details/demo_json_plugin_impl_test.cpp (similarity to template: 96%), expected format from template
[31mERROR:[0m Wrong copyright format in: /media/jefferson/11c42dee-73a3-4c2b-ab42-a0440011d9e0/.s-core-build/runs/score-communication-followup-pivi6gt7/config-management-consumer-candidate/score/config_management/config_daemon/code/plugins/demo_json/parameter_loader/demo_parameter_loader.cpp (similarity to template: 96%), expected format from template
[31mERROR:[0m Wrong copyright format in: /media/jefferson/11c42dee-73a3-4c2b-ab42-a0440011d9e0/.s-core-build/runs/score-communication-followup-pivi6gt7/config-management-consumer-candidate/score/config_management/config_daemon/code/plugins/demo_json/parameter_loader/demo_parameter_loader.h (similarity to template: 96%), expected format from template
[31mERROR:[0m Wrong copyright format in: /media/jefferson/11c42dee-73a3-4c2b-ab42-a0440011d9e0/.s-core-build/runs/score-communication-followup-pivi6gt7/config-management-consumer-candidate/score/config_management/config_daemon/code/plugins/demo_json/parameter_loader/details/demo_parameter_loader_impl.cpp (similarity to template: 96%), expected format from template
[31mERROR:[0m Wrong copyright format in: /media/jefferson/11c42dee-73a3-4c2b-ab42-a0440011d9e0/.s-core-build/runs/score-communication-followup-pivi6gt7/config-management-consumer-candidate/score/config_management/config_daemon/code/plugins/demo_json/parameter_loader/details/demo_parameter_loader_impl.h (similarity to template: 96%), expected format from template
[31mERROR:[0m Wrong copyright format in: /media/jefferson/11c42dee-73a3-4c2b-ab42-a0440011d9e0/.s-core-build/runs/score-communication-followup-pivi6gt7/config-management-consumer-candidate/score/config_management/config_daemon/code/plugins/demo_json/parameter_loader/details/demo_parameter_loader_impl_test.cpp (similarity to template: 96%), expected format from template
[31mERROR:[0m Wrong copyright format in: /media/jefferson/11c42dee-73a3-4c2b-ab42-a0440011d9e0/.s-core-build/runs/score-communication-followup-pivi6gt7/config-management-consumer-candidate/score/config_management/config_daemon/code/plugins/demo_json/plugin_creator/demo_json_plugin_creator_impl.cpp (similarity to template: 96%), expected format from template
[31mERROR:[0m Wrong copyright format in: /media/jefferson/11c42dee-73a3-4c2b-ab42-a0440011d9e0/.s-core-build/runs/score-communication-followup-pivi6gt7/config-management-consumer-candidate/score/config_management/config_daemon/code/plugins/demo_json/plugin_creator/demo_json_plugin_creator_impl.h (similarity to template: 96%), expected format from template
[31mERROR:[0m Wrong copyright format in: /media/jefferson/11c42dee-73a3-4c2b-ab42-a0440011d9e0/.s-core-build/runs/score-communication-followup-pivi6gt7/config-management-consumer-candidate/score/config_management/config_daemon/code/plugins/demo_json/plugin_creator/demo_json_plugin_creator_test.cpp (similarity to template: 96%), expected format from template
[31mERROR:[0m Wrong copyright format in: /media/jefferson/11c42dee-73a3-4c2b-ab42-a0440011d9e0/.s-core-build/runs/score-communication-followup-pivi6gt7/config-management-consumer-candidate/score/config_management/config_daemon/code/plugins/plugin.h (similarity to template: 96%), expected format from template
[31mERROR:[0m Wrong copyright format in: /media/jefferson/11c42dee-73a3-4c2b-ab42-a0440011d9e0/.s-core-build/runs/score-communication-followup-pivi6gt7/config-management-consumer-candidate/score/config_management/config_daemon/code/plugins/plugin_collector/details/plugin_collector_impl.cpp (similarity to template: 96%), expected format from template
[31mERROR:[0m Wrong copyright format in: /media/jefferson/11c42dee-73a3-4c2b-ab42-a0440011d9e0/.s-core-build/runs/score-communication-followup-pivi6gt7/config-management-consumer-candidate/score/config_management/config_daemon/code/plugins/plugin_collector/details/plugin_collector_impl.h (similarity to template: 96%), expected format from template
[31mERROR:[0m Wrong copyright format in: /media/jefferson/11c42dee-73a3-4c2b-ab42-a0440011d9e0/.s-core-build/runs/score-communication-followup-pivi6gt7/config-management-consumer-candidate/score/config_management/config_daemon/code/plugins/plugin_collector/details/plugin_collector_impl_test.cpp (similarity to template: 96%), expected format from template
[31mERROR:[0m Wrong copyright format in: /media/jefferson/11c42dee-73a3-4c2b-ab42-a0440011d9e0/.s-core-build/runs/score-communication-followup-pivi6gt7/config-management-consumer-candidate/score/config_management/config_daemon/code/plugins/plugin_collector/plugin_collector.h (similarity to template: 96%), expected format from template
[31mERROR:[0m Wrong copyright format in: /media/jefferson/11c42dee-73a3-4c2b-ab42-a0440011d9e0/.s-core-build/runs/score-communication-followup-pivi6gt7/config-management-consumer-candidate/score/config_management/config_daemon/code/plugins/plugin_collector/plugin_collector_mock.h (similarity to template: 96%), expected format from template
[31mERROR:[0m Wrong copyright format in: /media/jefferson/11c42dee-73a3-4c2b-ab42-a0440011d9e0/.s-core-build/runs/score-communication-followup-pivi6gt7/config-management-consumer-candidate/score/config_management/config_daemon/code/plugins/plugin_creator.h (similarity to template: 96%), expected format from template
[31mERROR:[0m Wrong copyright format in: /media/jefferson/11c42dee-73a3-4c2b-ab42-a0440011d9e0/.s-core-build/runs/score-communication-followup-pivi6gt7/config-management-consumer-candidate/score/config_management/config_daemon/code/plugins/plugin_creator_mock.h (similarity to template: 96%), expected format from template
[31mERROR:[0m Wrong copyright format in: /media/jefferson/11c42dee-73a3-4c2b-ab42-a0440011d9e0/.s-core-build/runs/score-communication-followup-pivi6gt7/config-management-consumer-candidate/score/config_management/config_daemon/code/plugins/plugin_mock.h (similarity to template: 96%), expected format from template
[31mERROR:[0m Wrong copyright format in: /media/jefferson/11c42dee-73a3-4c2b-ab42-a0440011d9e0/.s-core-build/runs/score-communication-followup-pivi6gt7/config-management-consumer-candidate/score/config_management/config_daemon/code/services/details/internal_config_provider_service_reactor_impl.cpp (similarity to template: 96%), expected format from template
[31mERROR:[0m Wrong copyright format in: /media/jefferson/11c42dee-73a3-4c2b-ab42-a0440011d9e0/.s-core-build/runs/score-communication-followup-pivi6gt7/config-management-consumer-candidate/score/config_management/config_daemon/code/services/details/internal_config_provider_service_reactor_impl.h (similarity to template: 96%), expected format from template
[31mERROR:[0m Wrong copyright format in: /media/jefferson/11c42dee-73a3-4c2b-ab42-a0440011d9e0/.s-core-build/runs/score-communication-followup-pivi6gt7/config-management-consumer-candidate/score/config_management/config_daemon/code/services/details/internal_config_provider_service_reactor_test.cpp (similarity to template: 96%), expected format from template
[31mERROR:[0m Wrong copyright format in: /media/jefferson/11c42dee-73a3-4c2b-ab42-a0440011d9e0/.s-core-build/runs/score-communication-followup-pivi6gt7/config-management-consumer-candidate/score/config_management/config_daemon/code/services/details/mw_com/generated_service/internal_config_provider_type.cpp (similarity to template: 96%), expected format from template
[31mERROR:[0m Wrong copyright format in: /media/jefferson/11c42dee-73a3-4c2b-ab42-a0440011d9e0/.s-core-build/runs/score-communication-followup-pivi6gt7/config-management-consumer-candidate/score/config_management/config_daemon/code/services/details/mw_com/generated_service/internal_config_provider_type.h (similarity to template: 96%), expected format from template
[31mERROR:[0m Wrong copyright format in: /media/jefferson/11c42dee-73a3-4c2b-ab42-a0440011d9e0/.s-core-build/runs/score-communication-followup-pivi6gt7/config-management-consumer-candidate/score/config_management/config_daemon/code/services/details/mw_com/internal_config_provider_service_impl.cpp (similarity to template: 96%), expected format from template
[31mERROR:[0m Wrong copyright format in: /media/jefferson/11c42dee-73a3-4c2b-ab42-a0440011d9e0/.s-core-build/runs/score-communication-followup-pivi6gt7/config-management-consumer-candidate/score/config_management/config_daemon/code/services/details/mw_com/internal_config_provider_service_impl.h (similarity to template: 96%), expected format from template
[31mERROR:[0m Wrong copyright format in: /media/jefferson/11c42dee-73a3-4c2b-ab42-a0440011d9e0/.s-core-build/runs/score-communication-followup-pivi6gt7/config-management-consumer-candidate/score/config_management/config_daemon/code/services/details/mw_com/internal_config_provider_service_impl_test.cpp (similarity to template: 96%), expected format from template
[31mERROR:[0m Wrong copyright format in: /media/jefferson/11c42dee-73a3-4c2b-ab42-a0440011d9e0/.s-core-build/runs/score-communication-followup-pivi6gt7/config-management-consumer-candidate/score/config_management/config_daemon/code/services/internal_config_provider_service.cpp (similarity to template: 96%), expected format from template
[31mERROR:[0m Wrong copyright format in: /media/jefferson/11c42dee-73a3-4c2b-ab42-a0440011d9e0/.s-core-build/runs/score-communication-followup-pivi6gt7/config-management-consumer-candidate/score/config_management/config_daemon/code/services/internal_config_provider_service.h (similarity to template: 96%), expected format from template
[31mERROR:[0m Wrong copyright format in: /media/jefferson/11c42dee-73a3-4c2b-ab42-a0440011d9e0/.s-core-build/runs/score-communication-followup-pivi6gt7/config-management-consumer-candidate/score/config_management/config_daemon/code/services/internal_config_provider_service_mock.cpp (similarity to template: 96%), expected format from template
[31mERROR:[0m Wrong copyright format in: /media/jefferson/11c42dee-73a3-4c2b-ab42-a0440011d9e0/.s-core-build/runs/score-communication-followup-pivi6gt7/config-management-consumer-candidate/score/config_management/config_daemon/code/services/internal_config_provider_service_mock.h (similarity to template: 96%), expected format from template
[31mERROR:[0m Wrong copyright format in: /media/jefferson/11c42dee-73a3-4c2b-ab42-a0440011d9e0/.s-core-build/runs/score-communication-followup-pivi6gt7/config-management-consumer-candidate/score/config_management/config_daemon/code/services/internal_config_provider_service_reactor.cpp (similarity to template: 96%), expected format from template
[31mERROR:[0m Wrong copyright format in: /media/jefferson/11c42dee-73a3-4c2b-ab42-a0440011d9e0/.s-core-build/runs/score-communication-followup-pivi6gt7/config-management-consumer-candidate/score/config_management/config_daemon/code/services/internal_config_provider_service_reactor.h (similarity to template: 96%), expected format from template
[31mERROR:[0m Wrong copyright format in: /media/jefferson/11c42dee-73a3-4c2b-ab42-a0440011d9e0/.s-core-build/runs/score-communication-followup-pivi6gt7/config-management-consumer-candidate/score/config_management/config_daemon/code/services/internal_config_provider_service_reactor_mock.cpp (similarity to template: 96%), expected format from template
[31mERROR:[0m Wrong copyright format in: /media/jefferson/11c42dee-73a3-4c2b-ab42-a0440011d9e0/.s-core-build/runs/score-communication-followup-pivi6gt7/config-management-consumer-candidate/score/config_management/config_daemon/code/services/internal_config_provider_service_reactor_mock.h (similarity to template: 96%), expected format from template
[31mERROR:[0m Wrong copyright format in: /media/jefferson/11c42dee-73a3-4c2b-ab42-a0440011d9e0/.s-core-build/runs/score-communication-followup-pivi6gt7/config-management-consumer-candidate/score/config_management/config_daemon/code/types/initial_qualifier_state/initial_qualifier_state.cpp (similarity to template: 96%), expected format from template
[31mERROR:[0m Wrong copyright format in: /media/jefferson/11c42dee-73a3-4c2b-ab42-a0440011d9e0/.s-core-build/runs/score-communication-followup-pivi6gt7/config-management-consumer-candidate/score/config_management/config_daemon/code/types/initial_qualifier_state/initial_qualifier_state.h (similarity to template: 96%), expected format from template
[31mERROR:[0m Missing copyright header in: /media/jefferson/11c42dee-73a3-4c2b-ab42-a0440011d9e0/.s-core-build/runs/score-communication-followup-pivi6gt7/config-management-consumer-candidate/score/config_management/config_daemon/detailed_design/README.md, use --fix to introduce it
[31mERROR:[0m Missing copyright header in: /media/jefferson/11c42dee-73a3-4c2b-ab42-a0440011d9e0/.s-core-build/runs/score-communication-followup-pivi6gt7/config-management-consumer-candidate/score/config_management/config_daemon/detailed_design/score_usage.md, use --fix to introduce it
[31mERROR:[0m Missing copyright header in: /media/jefferson/11c42dee-73a3-4c2b-ab42-a0440011d9e0/.s-core-build/runs/score-communication-followup-pivi6gt7/config-management-consumer-candidate/score/config_management/config_provider/README_score.md, use --fix to introduce it
[31mERROR:[0m Wrong copyright format in: /media/jefferson/11c42dee-73a3-4c2b-ab42-a0440011d9e0/.s-core-build/runs/score-communication-followup-pivi6gt7/config-management-consumer-candidate/score/config_management/config_provider/code/config_provider/config_provider.cpp (similarity to template: 96%), expected format from template
[31mERROR:[0m Wrong copyright format in: /media/jefferson/11c42dee-73a3-4c2b-ab42-a0440011d9e0/.s-core-build/runs/score-communication-followup-pivi6gt7/config-management-consumer-candidate/score/config_management/config_provider/code/config_provider/config_provider.h (similarity to template: 96%), expected format from template
[31mERROR:[0m Wrong copyright format in: /media/jefferson/11c42dee-73a3-4c2b-ab42-a0440011d9e0/.s-core-build/runs/score-communication-followup-pivi6gt7/config-management-consumer-candidate/score/config_management/config_provider/code/config_provider/config_provider_mock.cpp (similarity to template: 96%), expected format from template
[31mERROR:[0m Wrong copyright format in: /media/jefferson/11c42dee-73a3-4c2b-ab42-a0440011d9e0/.s-core-build/runs/score-communication-followup-pivi6gt7/config-management-consumer-candidate/score/config_management/config_provider/code/config_provider/config_provider_mock.h (similarity to template: 96%), expected format from template
[31mERROR:[0m Wrong copyright format in: /media/jefferson/11c42dee-73a3-4c2b-ab42-a0440011d9e0/.s-core-build/runs/score-communication-followup-pivi6gt7/config-management-consumer-candidate/score/config_management/config_provider/code/config_provider/details/config_provider_impl.cpp (similarity to template: 96%), expected format from template
[31mERROR:[0m Wrong copyright format in: /media/jefferson/11c42dee-73a3-4c2b-ab42-a0440011d9e0/.s-core-build/runs/score-communication-followup-pivi6gt7/config-management-consumer-candidate/score/config_management/config_provider/code/config_provider/details/config_provider_impl.h (similarity to template: 96%), expected format from template
[31mERROR:[0m Wrong copyright format in: /media/jefferson/11c42dee-73a3-4c2b-ab42-a0440011d9e0/.s-core-build/runs/score-communication-followup-pivi6gt7/config-management-consumer-candidate/score/config_management/config_provider/code/config_provider/details/config_provider_impl_test.cpp (similarity to template: 96%), expected format from template
[31mERROR:[0m Wrong copyright format in: /media/jefferson/11c42dee-73a3-4c2b-ab42-a0440011d9e0/.s-core-build/runs/score-communication-followup-pivi6gt7/config-management-consumer-candidate/score/config_management/config_provider/code/config_provider/error/error.cpp (similarity to template: 96%), expected format from template
[31mERROR:[0m Wrong copyright format in: /media/jefferson/11c42dee-73a3-4c2b-ab42-a0440011d9e0/.s-core-build/runs/score-communication-followup-pivi6gt7/config-management-consumer-candidate/score/config_management/config_provider/code/config_provider/error/error.h (similarity to template: 96%), expected format from template
[31mERROR:[0m Wrong copyright format in: /media/jefferson/11c42dee-73a3-4c2b-ab42-a0440011d9e0/.s-core-build/runs/score-communication-followup-pivi6gt7/config-management-consumer-candidate/score/config_management/config_provider/code/config_provider/error/error_test.cpp (similarity to template: 96%), expected format from template
[31mERROR:[0m Wrong copyright format in: /media/jefferson/11c42dee-73a3-4c2b-ab42-a0440011d9e0/.s-core-build/runs/score-communication-followup-pivi6gt7/config-management-consumer-candidate/score/config_management/config_provider/code/config_provider/factory/factory_mw_com.cpp (similarity to template: 96%), expected format from template
[31mERROR:[0m Wrong copyright format in: /media/jefferson/11c42dee-73a3-4c2b-ab42-a0440011d9e0/.s-core-build/runs/score-communication-followup-pivi6gt7/config-management-consumer-candidate/score/config_management/config_provider/code/config_provider/factory/factory_mw_com.h (similarity to template: 96%), expected format from template
[31mERROR:[0m Wrong copyright format in: /media/jefferson/11c42dee-73a3-4c2b-ab42-a0440011d9e0/.s-core-build/runs/score-communication-followup-pivi6gt7/config-management-consumer-candidate/score/config_management/config_provider/code/config_provider/factory/factory_mw_com_test.cpp (similarity to template: 96%), expected format from template
[31mERROR:[0m Wrong copyright format in: /media/jefferson/11c42dee-73a3-4c2b-ab42-a0440011d9e0/.s-core-build/runs/score-communication-followup-pivi6gt7/config-management-consumer-candidate/score/config_management/config_provider/code/config_provider/initial_qualifier_state_types.cpp (similarity to template: 96%), expected format from template
[31mERROR:[0m Wrong copyright format in: /media/jefferson/11c42dee-73a3-4c2b-ab42-a0440011d9e0/.s-core-build/runs/score-communication-followup-pivi6gt7/config-management-consumer-candidate/score/config_management/config_provider/code/config_provider/initial_qualifier_state_types.h (similarity to template: 96%), expected format from template
[31mERROR:[0m Wrong copyright format in: /media/jefferson/11c42dee-73a3-4c2b-ab42-a0440011d9e0/.s-core-build/runs/score-communication-followup-pivi6gt7/config-management-consumer-candidate/score/config_management/config_provider/code/parameter_set/parameter_set.cpp (similarity to template: 96%), expected format from template
[31mERROR:[0m Wrong copyright format in: /media/jefferson/11c42dee-73a3-4c2b-ab42-a0440011d9e0/.s-core-build/runs/score-communication-followup-pivi6gt7/config-management-consumer-candidate/score/config_management/config_provider/code/parameter_set/parameter_set.h (similarity to template: 96%), expected format from template
[31mERROR:[0m Wrong copyright format in: /media/jefferson/11c42dee-73a3-4c2b-ab42-a0440011d9e0/.s-core-build/runs/score-communication-followup-pivi6gt7/config-management-consumer-candidate/score/config_management/config_provider/code/parameter_set/parameter_set_test.cpp (similarity to template: 96%), expected format from template
[31mERROR:[0m Wrong copyright format in: /media/jefferson/11c42dee-73a3-4c2b-ab42-a0440011d9e0/.s-core-build/runs/score-communication-followup-pivi6gt7/config-management-consumer-candidate/score/config_management/config_provider/code/persistency/details/persistency_impl.cpp (similarity to template: 96%), expected format from template
[31mERROR:[0m Wrong copyright format in: /media/jefferson/11c42dee-73a3-4c2b-ab42-a0440011d9e0/.s-core-build/runs/score-communication-followup-pivi6gt7/config-management-consumer-candidate/score/config_management/config_provider/code/persistency/details/persistency_impl.h (similarity to template: 96%), expected format from template
[31mERROR:[0m Wrong copyright format in: /media/jefferson/11c42dee-73a3-4c2b-ab42-a0440011d9e0/.s-core-build/runs/score-communication-followup-pivi6gt7/config-management-consumer-candidate/score/config_management/config_provider/code/persistency/details/persistency_impl_test.cpp (similarity to template: 96%), expected format from template
[31mERROR:[0m Wrong copyright format in: /media/jefferson/11c42dee-73a3-4c2b-ab42-a0440011d9e0/.s-core-build/runs/score-communication-followup-pivi6gt7/config-management-consumer-candidate/score/config_management/config_provider/code/persistency/error/persistency_error.cpp (similarity to template: 96%), expected format from template
[31mERROR:[0m Wrong copyright format in: /media/jefferson/11c42dee-73a3-4c2b-ab42-a0440011d9e0/.s-core-build/runs/score-communication-followup-pivi6gt7/config-management-consumer-candidate/score/config_management/config_provider/code/persistency/error/persistency_error.h (similarity to template: 96%), expected format from template
[31mERROR:[0m Wrong copyright format in: /media/jefferson/11c42dee-73a3-4c2b-ab42-a0440011d9e0/.s-core-build/runs/score-communication-followup-pivi6gt7/config-management-consumer-candidate/score/config_management/config_provider/code/persistency/error/persistency_error_test.cpp (similarity to template: 96%), expected format from template
[31mERROR:[0m Wrong copyright format in: /media/jefferson/11c42dee-73a3-4c2b-ab42-a0440011d9e0/.s-core-build/runs/score-communication-followup-pivi6gt7/config-management-consumer-candidate/score/config_management/config_provider/code/persistency/persistency.cpp (similarity to template: 96%), expected format from template
[31mERROR:[0m Wrong copyright format in: /media/jefferson/11c42dee-73a3-4c2b-ab42-a0440011d9e0/.s-core-build/runs/score-communication-followup-pivi6gt7/config-management-consumer-candidate/score/config_management/config_provider/code/persistency/persistency.h (similarity to template: 96%), expected format from template
[31mERROR:[0m Wrong copyright format in: /media/jefferson/11c42dee-73a3-4c2b-ab42-a0440011d9e0/.s-core-build/runs/score-communication-followup-pivi6gt7/config-management-consumer-candidate/score/config_management/config_provider/code/persistency/persistency_mock.h (similarity to template: 96%), expected format from template
[31mERROR:[0m Wrong copyright format in: /media/jefferson/11c42dee-73a3-4c2b-ab42-a0440011d9e0/.s-core-build/runs/score-communication-followup-pivi6gt7/config-management-consumer-candidate/score/config_management/config_provider/code/proxies/details/mw_com/generated_service/internal_config_provider_type.cpp (similarity to template: 96%), expected format from template
[31mERROR:[0m Wrong copyright format in: /media/jefferson/11c42dee-73a3-4c2b-ab42-a0440011d9e0/.s-core-build/runs/score-communication-followup-pivi6gt7/config-management-consumer-candidate/score/config_management/config_provider/code/proxies/details/mw_com/generated_service/internal_config_provider_type.h (similarity to template: 96%), expected format from template
[31mERROR:[0m Wrong copyright format in: /media/jefferson/11c42dee-73a3-4c2b-ab42-a0440011d9e0/.s-core-build/runs/score-communication-followup-pivi6gt7/config-management-consumer-candidate/score/config_management/config_provider/code/proxies/details/mw_com/internal_config_provider_impl.cpp (similarity to template: 96%), expected format from template
[31mERROR:[0m Wrong copyright format in: /media/jefferson/11c42dee-73a3-4c2b-ab42-a0440011d9e0/.s-core-build/runs/score-communication-followup-pivi6gt7/config-management-consumer-candidate/score/config_management/config_provider/code/proxies/details/mw_com/internal_config_provider_impl.h (similarity to template: 96%), expected format from template
[31mERROR:[0m Wrong copyright format in: /media/jefferson/11c42dee-73a3-4c2b-ab42-a0440011d9e0/.s-core-build/runs/score-communication-followup-pivi6gt7/config-management-consumer-candidate/score/config_management/config_provider/code/proxies/details/mw_com/internal_config_provider_impl_test.cpp (similarity to template: 96%), expected format from template
[31mERROR:[0m Wrong copyright format in: /media/jefferson/11c42dee-73a3-4c2b-ab42-a0440011d9e0/.s-core-build/runs/score-communication-followup-pivi6gt7/config-management-consumer-candidate/score/config_management/config_provider/code/proxies/internal_config_provider.cpp (similarity to template: 96%), expected format from template
[31mERROR:[0m Wrong copyright format in: /media/jefferson/11c42dee-73a3-4c2b-ab42-a0440011d9e0/.s-core-build/runs/score-communication-followup-pivi6gt7/config-management-consumer-candidate/score/config_management/config_provider/code/proxies/internal_config_provider.h (similarity to template: 96%), expected format from template
[31mERROR:[0m Wrong copyright format in: /media/jefferson/11c42dee-73a3-4c2b-ab42-a0440011d9e0/.s-core-build/runs/score-communication-followup-pivi6gt7/config-management-consumer-candidate/score/config_management/config_provider/code/proxies/internal_config_provider_mock.h (similarity to template: 96%), expected format from template
[31mERROR:[0m Missing copyright header in: /media/jefferson/11c42dee-73a3-4c2b-ab42-a0440011d9e0/.s-core-build/runs/score-communication-followup-pivi6gt7/config-management-consumer-candidate/score/config_management/config_provider/detailed_design/README_score.md, use --fix to introduce it
[31mERROR:[0m Missing copyright header in: /media/jefferson/11c42dee-73a3-4c2b-ab42-a0440011d9e0/.s-core-build/runs/score-communication-followup-pivi6gt7/config-management-consumer-candidate/third_party/traceability/README.md, use --fix to introduce it
[31mERROR:[0m Missing copyright header in: /media/jefferson/11c42dee-73a3-4c2b-ab42-a0440011d9e0/.s-core-build/runs/score-communication-followup-pivi6gt7/config-management-consumer-candidate/third_party/traceability/bazel/README.md, use --fix to introduce it
[31mERROR:[0m Missing copyright header in: /media/jefferson/11c42dee-73a3-4c2b-ab42-a0440011d9e0/.s-core-build/runs/score-communication-followup-pivi6gt7/config-management-consumer-candidate/third_party/traceability/config/README.md, use --fix to introduce it
[31mERROR:[0m Missing copyright header in: /media/jefferson/11c42dee-73a3-4c2b-ab42-a0440011d9e0/.s-core-build/runs/score-communication-followup-pivi6gt7/config-management-consumer-candidate/third_party/traceability/config/plantuml/README.md, use --fix to introduce it
[31mERROR:[0m Missing copyright header in: /media/jefferson/11c42dee-73a3-4c2b-ab42-a0440011d9e0/.s-core-build/runs/score-communication-followup-pivi6gt7/config-management-consumer-candidate/third_party/traceability/doc/concept.md, use --fix to introduce it
[31mERROR:[0m Missing copyright header in: /media/jefferson/11c42dee-73a3-4c2b-ab42-a0440011d9e0/.s-core-build/runs/score-communication-followup-pivi6gt7/config-management-consumer-candidate/third_party/traceability/doc/safety_analysis.md, use --fix to introduce it
[31mERROR:[0m Missing copyright header in: /media/jefferson/11c42dee-73a3-4c2b-ab42-a0440011d9e0/.s-core-build/runs/score-communication-followup-pivi6gt7/config-management-consumer-candidate/third_party/traceability/doc/tooling.md, use --fix to introduce it
[31mERROR:[0m Missing copyright header in: /media/jefferson/11c42dee-73a3-4c2b-ab42-a0440011d9e0/.s-core-build/runs/score-communication-followup-pivi6gt7/config-management-consumer-candidate/third_party/traceability/tools/README.md, use --fix to introduce it
[31mERROR:[0m Missing copyright header in: /media/jefferson/11c42dee-73a3-4c2b-ab42-a0440011d9e0/.s-core-build/runs/score-communication-followup-pivi6gt7/config-management-consumer-candidate/third_party/traceability/tools/source_code_linker/README.md, use --fix to introduce it
[31mERROR:[0m Missing copyright header in: /media/jefferson/11c42dee-73a3-4c2b-ab42-a0440011d9e0/.s-core-build/runs/score-communication-followup-pivi6gt7/config-management-consumer-candidate/third_party/traceability/tools/source_code_linker/tests/README.md, use --fix to introduce it
[31mERROR:[0m Missing copyright header in: /media/jefferson/11c42dee-73a3-4c2b-ab42-a0440011d9e0/.s-core-build/runs/score-communication-followup-pivi6gt7/config-management-consumer-candidate/third_party/traceability/tools/trlc_renderer/README.md, use --fix to introduce it
[32mINFO:[0m ================================================================
[32mINFO:[0m Process completed.
[32mINFO:[0m Total files missing a copyright header: [31m24[0m
[32mINFO:[0m Total files with a misplaced (but correctly formatted) header: [32m0[0m
[32mINFO:[0m Total files with a wrong-format header: [31m141[0m
[32mINFO:[0m Total files with duplicate copyright: [32m0[0m
[32mINFO:[0m Total files with a license mismatch: [32m0[0m
[32mINFO:[0m ================================================================
