OpenJDK 64-Bit Server VM warning: Options -Xverify:none and -noverify were deprecated in JDK 13 and will likely be removed in a future release.
Computing main repo mapping: 
Computing main repo mapping: 
Computing main repo mapping: 
Computing main repo mapping: 
Loading: 
Loading: 5 packages loaded
Analyzing: target //:copyright.check (6 packages loaded)
Analyzing: target //:copyright.check (6 packages loaded, 0 targets configured)
Analyzing: target //:copyright.check (6 packages loaded, 0 targets configured)

Analyzing: target //:copyright.check (97 packages loaded, 8 targets configured)

INFO: Analyzed target //:copyright.check (172 packages loaded, 8245 targets configured).
[1 / 1] no actions running
[5 / 6] Creating runfiles tree bazel-out/k8-fastbuild/bin/copyright.check.runfiles; 1s local
INFO: Found 1 target...
Target //:copyright.check up-to-date:
  bazel-bin/copyright.check
  bazel-bin/copyright.check.venv.pth
INFO: Elapsed time: 11.906s, Critical Path: 1.49s
INFO: 4 processes: 2 action cache hit, 4 internal.
INFO: Build completed successfully, 4 total actions
INFO: Running command line: bazel-bin/copyright.check -t third_party/cr_checker/templates.ini -c third_party/cr_checker/config.json --exclusion-file third_party/cr_checker/exclusion.txt .
[31mERROR:[0m Wrong copyright format in: /media/jefferson/11c42dee-73a3-4c2b-ab42-a0440011d9e0/.s-core-build/runs/score-communication-followup-pivi6gt7/candidate/.github/actions/00_infrastructure/setup_bazel_cache/src/main.js (similarity to template: 96%), expected format from template
[31mERROR:[0m Wrong copyright format in: /media/jefferson/11c42dee-73a3-4c2b-ab42-a0440011d9e0/.s-core-build/runs/score-communication-followup-pivi6gt7/candidate/.github/actions/00_infrastructure/setup_bazel_cache/src/post.js (similarity to template: 96%), expected format from template
[31mERROR:[0m Wrong copyright format in: /media/jefferson/11c42dee-73a3-4c2b-ab42-a0440011d9e0/.s-core-build/runs/score-communication-followup-pivi6gt7/candidate/.github/actions/00_infrastructure/setup_qnx_environment/main.js (similarity to template: 96%), expected format from template
[31mERROR:[0m Wrong copyright format in: /media/jefferson/11c42dee-73a3-4c2b-ab42-a0440011d9e0/.s-core-build/runs/score-communication-followup-pivi6gt7/candidate/.github/actions/00_infrastructure/setup_qnx_environment/post.js (similarity to template: 96%), expected format from template
[31mERROR:[0m Copyright header in /media/jefferson/11c42dee-73a3-4c2b-ab42-a0440011d9e0/.s-core-build/runs/score-communication-followup-pivi6gt7/candidate/score/mw/com/rust/design/architecture.puml is preceded by other content and doesn't match the expected format (similarity to template: 83%)
[31mERROR:[0m Copyright header in /media/jefferson/11c42dee-73a3-4c2b-ab42-a0440011d9e0/.s-core-build/runs/score-communication-followup-pivi6gt7/candidate/score/mw/com/rust/design/architecture_layers.puml is preceded by other content and doesn't match the expected format (similarity to template: 83%)
[31mERROR:[0m Copyright header in /media/jefferson/11c42dee-73a3-4c2b-ab42-a0440011d9e0/.s-core-build/runs/score-communication-followup-pivi6gt7/candidate/score/mw/com/rust/design/module_structure.puml is preceded by other content and doesn't match the expected format (similarity to template: 83%)
[31mERROR:[0m Copyright header in /media/jefferson/11c42dee-73a3-4c2b-ab42-a0440011d9e0/.s-core-build/runs/score-communication-followup-pivi6gt7/candidate/score/mw/com/rust/design/sequence_diagram/async_cancellable_receive_data.puml is preceded by other content and doesn't match the expected format (similarity to template: 83%)
[31mERROR:[0m Copyright header in /media/jefferson/11c42dee-73a3-4c2b-ab42-a0440011d9e0/.s-core-build/runs/score-communication-followup-pivi6gt7/candidate/score/mw/com/rust/design/sequence_diagram/async_find_service_and_subscribe.puml is preceded by other content and doesn't match the expected format (similarity to template: 83%)
[31mERROR:[0m Copyright header in /media/jefferson/11c42dee-73a3-4c2b-ab42-a0440011d9e0/.s-core-build/runs/score-communication-followup-pivi6gt7/candidate/score/mw/com/rust/design/sequence_diagram/async_receive_data.puml is preceded by other content and doesn't match the expected format (similarity to template: 83%)
[31mERROR:[0m Copyright header in /media/jefferson/11c42dee-73a3-4c2b-ab42-a0440011d9e0/.s-core-build/runs/score-communication-followup-pivi6gt7/candidate/score/mw/com/rust/design/sequence_diagram/async_stream_data.puml is preceded by other content and doesn't match the expected format (similarity to template: 83%)
[31mERROR:[0m Copyright header in /media/jefferson/11c42dee-73a3-4c2b-ab42-a0440011d9e0/.s-core-build/runs/score-communication-followup-pivi6gt7/candidate/score/mw/com/rust/design/sequence_diagram/complete_publisher_subscriber_cycle.puml is preceded by other content and doesn't match the expected format (similarity to template: 83%)
[31mERROR:[0m Copyright header in /media/jefferson/11c42dee-73a3-4c2b-ab42-a0440011d9e0/.s-core-build/runs/score-communication-followup-pivi6gt7/candidate/score/mw/com/rust/design/sequence_diagram/consumer_initialization.puml is preceded by other content and doesn't match the expected format (similarity to template: 83%)
[31mERROR:[0m Copyright header in /media/jefferson/11c42dee-73a3-4c2b-ab42-a0440011d9e0/.s-core-build/runs/score-communication-followup-pivi6gt7/candidate/score/mw/com/rust/design/sequence_diagram/producer_initialization.puml is preceded by other content and doesn't match the expected format (similarity to template: 83%)
[31mERROR:[0m Copyright header in /media/jefferson/11c42dee-73a3-4c2b-ab42-a0440011d9e0/.s-core-build/runs/score-communication-followup-pivi6gt7/candidate/score/mw/com/rust/design/sequence_diagram/sync_find_service_and_subscribe.puml is preceded by other content and doesn't match the expected format (similarity to template: 83%)
[31mERROR:[0m Copyright header in /media/jefferson/11c42dee-73a3-4c2b-ab42-a0440011d9e0/.s-core-build/runs/score-communication-followup-pivi6gt7/candidate/score/mw/com/rust/design/sequence_diagram/sync_offer_service.puml is preceded by other content and doesn't match the expected format (similarity to template: 83%)
[31mERROR:[0m Copyright header in /media/jefferson/11c42dee-73a3-4c2b-ab42-a0440011d9e0/.s-core-build/runs/score-communication-followup-pivi6gt7/candidate/score/mw/com/rust/design/sequence_diagram/sync_receive_data.puml is preceded by other content and doesn't match the expected format (similarity to template: 83%)
[31mERROR:[0m Copyright header in /media/jefferson/11c42dee-73a3-4c2b-ab42-a0440011d9e0/.s-core-build/runs/score-communication-followup-pivi6gt7/candidate/score/mw/com/rust/design/sequence_diagram/sync_send_data.puml is preceded by other content and doesn't match the expected format (similarity to template: 83%)
[32mINFO:[0m ================================================================
[32mINFO:[0m Process completed.
[32mINFO:[0m Total files missing a copyright header: [32m0[0m
[32mINFO:[0m Total files with a misplaced (but correctly formatted) header: [32m0[0m
[32mINFO:[0m Total files with a wrong-format header: [31m18[0m
[32mINFO:[0m Total files with duplicate copyright: [32m0[0m
[32mINFO:[0m Total files with a license mismatch: [32m0[0m
[32mINFO:[0m ================================================================
