Another command holds the output base lock: 
pid=1
owner=client
cwd=/media/jefferson/11c42dee-73a3-4c2b-ab42-a0440011d9e0/.s-core-build/runs/score-communication-followup-pivi6gt7/candidate

Waiting for it to complete...
OpenJDK 64-Bit Server VM warning: Options -Xverify:none and -noverify were deprecated in JDK 13 and will likely be removed in a future release.
Computing main repo mapping: 
Computing main repo mapping: 
Computing main repo mapping: 
Computing main repo mapping: 
Computing main repo mapping: 
Computing main repo mapping: 
Computing main repo mapping: 
Computing main repo mapping: 
Computing main repo mapping: 
Computing main repo mapping: 
Computing main repo mapping: 
Computing main repo mapping: 
Loading: 
Loading: 5 packages loaded
Analyzing: target //quality/coverage:coverage_scope (6 packages loaded)
Analyzing: target //quality/coverage:coverage_scope (6 packages loaded, 0 targets configured)
Analyzing: target //quality/coverage:coverage_scope (6 packages loaded, 0 targets configured)

Analyzing: target //quality/coverage:coverage_scope (20 packages loaded, 10 targets configured)

Analyzing: target //quality/coverage:coverage_scope (50 packages loaded, 10 targets configured)

Analyzing: target //quality/coverage:coverage_scope (101 packages loaded, 10 targets configured)

Analyzing: target //quality/coverage:coverage_scope (115 packages loaded, 644 targets configured)

Analyzing: target //quality/coverage:coverage_scope (162 packages loaded, 2820 targets configured)

Analyzing: target //quality/coverage:coverage_scope (181 packages loaded, 6508 targets configured)

Analyzing: target //quality/coverage:coverage_scope (245 packages loaded, 9108 targets configured)

Analyzing: target //quality/coverage:coverage_scope (287 packages loaded, 10931 targets configured)

Analyzing: target //quality/coverage:coverage_scope (339 packages loaded, 13136 targets configured)

Analyzing: target //quality/coverage:coverage_scope (362 packages loaded, 14903 targets configured)

INFO: Analyzed target //quality/coverage:coverage_scope (362 packages loaded, 14917 targets configured).
[1 / 1] no actions running
INFO: Found 1 target...
Target //quality/coverage:coverage_scope up-to-date:
  bazel-bin/quality/coverage/coverage_scope_allowlist.txt
INFO: Elapsed time: 940.841s, Critical Path: 0.21s
INFO: 2 processes: 2 internal.
INFO: Build completed successfully, 2 total actions
