RUN 1
********************** ThreadX Validation/Regression Test Suite *********************************

Version: (c) 2024 Microsoft Corp. (c) 2026-present Eclipse ThreadX contributors.  *  ThreadX SMP/Linux/gcc Version 6.5.2.202603 *

Running validation/regression test:

Running SMP Random Suspensions/Resumptions/Exclusions/PT Test....... SUCCESS!
**** Testing Complete ****
**** Test Summary:  Tests Passed:  1   Tests Failed:  0    System Errors:   0
RUN 2
********************** ThreadX Validation/Regression Test Suite *********************************

Version: (c) 2024 Microsoft Corp. (c) 2026-present Eclipse ThreadX contributors.  *  ThreadX SMP/Linux/gcc Version 6.5.2.202603 *

Running validation/regression test:

Running SMP Random Suspensions/Resumptions/Exclusions/PT Test....... SUCCESS!
**** Testing Complete ****
**** Test Summary:  Tests Passed:  1   Tests Failed:  0    System Errors:   0
RUN 3
********************** ThreadX Validation/Regression Test Suite *********************************

Version: (c) 2024 Microsoft Corp. (c) 2026-present Eclipse ThreadX contributors.  *  ThreadX SMP/Linux/gcc Version 6.5.2.202603 *

Running validation/regression test:

Running SMP Random Suspensions/Resumptions/Exclusions/PT Test....... SUCCESS!
**** Testing Complete ****
**** Test Summary:  Tests Passed:  1   Tests Failed:  0    System Errors:   0
RUN 4
********************** ThreadX Validation/Regression Test Suite *********************************

Version: (c) 2024 Microsoft Corp. (c) 2026-present Eclipse ThreadX contributors.  *  ThreadX SMP/Linux/gcc Version 6.5.2.202603 *

Running validation/regression test:

Running SMP Random Suspensions/Resumptions/Exclusions/PT Test....... SUCCESS!
**** Testing Complete ****
**** Test Summary:  Tests Passed:  1   Tests Failed:  0    System Errors:   0
RUN 5
********************** ThreadX Validation/Regression Test Suite *********************************

Version: (c) 2024 Microsoft Corp. (c) 2026-present Eclipse ThreadX contributors.  *  ThreadX SMP/Linux/gcc Version 6.5.2.202603 *

Running validation/regression test:

Running SMP Random Suspensions/Resumptions/Exclusions/PT Test....... SUCCESS!
**** Testing Complete ****
**** Test Summary:  Tests Passed:  1   Tests Failed:  0    System Errors:   0
RUN 6
********************** ThreadX Validation/Regression Test Suite *********************************

Version: (c) 2024 Microsoft Corp. (c) 2026-present Eclipse ThreadX contributors.  *  ThreadX SMP/Linux/gcc Version 6.5.2.202603 *

Running validation/regression test:

Running SMP Random Suspensions/Resumptions/Exclusions/PT Test....... ERROR #7
**** Testing Complete ****
**** Test Summary:  Tests Passed:  0   Tests Failed:  1    System Errors:   0
