COMMAND ["docker", "run", "--rm", "--network", "none", "--user", "1000:1000", "--cap-add", "SYS_NICE", "--ulimit", "rtprio=3:3", "--cpuset-cpus=0-3", "-v", "/media/jefferson/11c42dee-73a3-4c2b-ab42-a0440011d9e0/threadx-contributions/744/source:/work", "-v", "/media/jefferson/11c42dee-73a3-4c2b-ab42-a0440011d9e0/threadx-contributions/744/evidence:/evidence", "-w", "/work", "threadx-contribution-checks:744", "ctest", "--test-dir", "/work/test/smp/cmake/build/disable_notify_callbacks_build", "-R", "threadx_smp_random_resume_suspend_exclusion_pt_test$", "--repeat", "until-fail:10", "--timeout", "10", "--output-on-failure", "--output-junit", "/evidence/diagnostics/smp-four-cpus.xml"]
Internal ctest changing into directory: /work/test/smp/cmake/build/disable_notify_callbacks_build
Test project /work/test/smp/cmake/build/disable_notify_callbacks_build
    Start 67: disable_notify_callbacks_build::threadx_smp_random_resume_suspend_exclusion_pt_test
    Test #67: disable_notify_callbacks_build::threadx_smp_random_resume_suspend_exclusion_pt_test ...   Passed    1.74 sec
    Start 67: disable_notify_callbacks_build::threadx_smp_random_resume_suspend_exclusion_pt_test
    Test #67: disable_notify_callbacks_build::threadx_smp_random_resume_suspend_exclusion_pt_test ...   Passed    1.75 sec
    Start 67: disable_notify_callbacks_build::threadx_smp_random_resume_suspend_exclusion_pt_test
    Test #67: disable_notify_callbacks_build::threadx_smp_random_resume_suspend_exclusion_pt_test ...   Passed    1.48 sec
    Start 67: disable_notify_callbacks_build::threadx_smp_random_resume_suspend_exclusion_pt_test
    Test #67: disable_notify_callbacks_build::threadx_smp_random_resume_suspend_exclusion_pt_test ...   Passed    1.61 sec
    Start 67: disable_notify_callbacks_build::threadx_smp_random_resume_suspend_exclusion_pt_test
    Test #67: disable_notify_callbacks_build::threadx_smp_random_resume_suspend_exclusion_pt_test ...   Passed    1.71 sec
    Start 67: disable_notify_callbacks_build::threadx_smp_random_resume_suspend_exclusion_pt_test
    Test #67: disable_notify_callbacks_build::threadx_smp_random_resume_suspend_exclusion_pt_test ...   Passed    1.75 sec
    Start 67: disable_notify_callbacks_build::threadx_smp_random_resume_suspend_exclusion_pt_test
    Test #67: disable_notify_callbacks_build::threadx_smp_random_resume_suspend_exclusion_pt_test ...   Passed    1.73 sec
    Start 67: disable_notify_callbacks_build::threadx_smp_random_resume_suspend_exclusion_pt_test
    Test #67: disable_notify_callbacks_build::threadx_smp_random_resume_suspend_exclusion_pt_test ...   Passed    1.58 sec
    Start 67: disable_notify_callbacks_build::threadx_smp_random_resume_suspend_exclusion_pt_test
    Test #67: disable_notify_callbacks_build::threadx_smp_random_resume_suspend_exclusion_pt_test ...   Passed    1.39 sec
    Start 67: disable_notify_callbacks_build::threadx_smp_random_resume_suspend_exclusion_pt_test
1/1 Test #67: disable_notify_callbacks_build::threadx_smp_random_resume_suspend_exclusion_pt_test ...   Passed    1.50 sec

100% tests passed, 0 tests failed out of 1

Total Test time (real) =  16.24 sec
