+ [ -w /home/jefferson/.local/state/s-core/fabro/score-rust-linux-integration-xfiuopbb/rust_linux_integration_docker/runtime ]
+ [ -d /home/jefferson ]
+ rootlesskit=
+ command -v docker-rootlesskit
+ command -v rootlesskit
+ rootlesskit=rootlesskit
+ break
+ [ -z rootlesskit ]
+ : /home/jefferson/.local/state/s-core/fabro/score-rust-linux-integration-xfiuopbb/rust_linux_integration_docker/runtime/containerd-rootless
+ [ -e /home/jefferson/.local/state/s-core/fabro/score-rust-linux-integration-xfiuopbb/rust_linux_integration_docker/runtime/containerd-rootless ]
+ : /home/jefferson/.local/state/s-core/fabro/score-rust-linux-integration-xfiuopbb/rust_linux_integration_docker/rootlesskit
+ : 
+ : 
+ : 
+ : auto
+ : auto
+ : 
+ : true
+ net=
+ port_driver=
+ mtu=
+ [ -z  ]
+ command -v slirp4netns
+ slirp4netns --help
+ grep -qw -- --netns-type
+ net=slirp4netns
+ [ -z slirp4netns ]
+ [ -z slirp4netns ]
+ [ -z slirp4netns ]
+ [ slirp4netns = host ]
+ [ -z  ]
+ mtu=65520
+ [ -z  ]
+ [ slirp4netns = pasta ]
+ port_driver=builtin
+ host_loopback=--disable-host-loopback
+ [  = false ]
+ dockerd=dockerd
+ [ -z  ]
+ _DOCKERD_ROOTLESS_CHILD=1
+ export _DOCKERD_ROOTLESS_CHILD
+ id -u
+ [ 1000 = 0 ]
+ command -v selinuxenabled
+ DOCKERD_ROOTLESS_ROOTLESSKIT_FLAGS=--detach-netns 
+ exec rootlesskit --state-dir=/home/jefferson/.local/state/s-core/fabro/score-rust-linux-integration-xfiuopbb/rust_linux_integration_docker/rootlesskit --net=slirp4netns --mtu=65520 --slirp4netns-sandbox=auto --slirp4netns-seccomp=auto --disable-host-loopback --port-driver=builtin --copy-up=/etc --copy-up=/run --propagation=rslave --detach-netns /usr/bin/dockerd-rootless.sh --config-file /home/jefferson/.local/state/s-core/fabro/score-rust-linux-integration-xfiuopbb/rust_linux_integration_docker/daemon.json --data-root /media/jefferson/11c42dee-73a3-4c2b-ab42-a0440011d9e0/.s-core-build/runs/score-rust-linux-integration-xfiuopbb/docker-data --exec-root /home/jefferson/.local/state/s-core/fabro/score-rust-linux-integration-xfiuopbb/rust_linux_integration_docker/exec --pidfile /home/jefferson/.local/state/s-core/fabro/score-rust-linux-integration-xfiuopbb/rust_linux_integration_docker/dockerd.pid --host unix:///home/jefferson/.local/state/s-core/fabro/score-rust-linux-integration-xfiuopbb/rust_linux_integration_docker/runtime/docker.sock
+ [ -w /home/jefferson/.local/state/s-core/fabro/score-rust-linux-integration-xfiuopbb/rust_linux_integration_docker/runtime ]
+ [ -d /home/jefferson ]
+ rootlesskit=
+ command -v docker-rootlesskit
+ command -v rootlesskit
+ rootlesskit=rootlesskit
+ break
+ [ -z rootlesskit ]
+ : /home/jefferson/.local/state/s-core/fabro/score-rust-linux-integration-xfiuopbb/rust_linux_integration_docker/runtime/containerd-rootless
+ [ -e /home/jefferson/.local/state/s-core/fabro/score-rust-linux-integration-xfiuopbb/rust_linux_integration_docker/runtime/containerd-rootless ]
+ : /home/jefferson/.local/state/s-core/fabro/score-rust-linux-integration-xfiuopbb/rust_linux_integration_docker/rootlesskit
+ : 
+ : 
+ : 
+ : auto
+ : auto
+ : 
+ : true
+ net=
+ port_driver=
+ mtu=
+ [ -z  ]
+ command -v slirp4netns
+ slirp4netns --help
+ grep -qw -- --netns-type
+ net=slirp4netns
+ [ -z slirp4netns ]
+ [ -z slirp4netns ]
+ [ -z slirp4netns ]
+ [ slirp4netns = host ]
+ [ -z  ]
+ mtu=65520
+ [ -z  ]
+ [ slirp4netns = pasta ]
+ port_driver=builtin
+ host_loopback=--disable-host-loopback
+ [  = false ]
+ dockerd=dockerd
+ [ -z 1 ]
+ [ 1 = 1 ]
+ rm -f /run/docker /run/containerd /run/xtables.lock
+ [ -n  ]
+ stat -c %T -f /etc
+ [ tmpfs = tmpfs ]
+ [ -L /etc/ssl ]
+ mount_directory /etc/ssl --rbind
+ [ -z 1 ]
+ DIRECTORY=/etc/ssl
+ [ ! -d /etc/ssl ]
+ realpath /etc/ssl
+ DIRECTORY_REALPATH=/etc/.ro4073607303/ssl
+ MOUNT_OPTIONS=--rbind
+ rm -rf /etc/ssl
+ mkdir -p /etc/ssl
+ mount --rbind /etc/.ro4073607303/ssl /etc/ssl
+ netns=/proc/self/ns/net
+ netns=/home/jefferson/.local/state/s-core/fabro/score-rust-linux-integration-xfiuopbb/rust_linux_integration_docker/rootlesskit/netns
+ nsenter -n/home/jefferson/.local/state/s-core/fabro/score-rust-linux-integration-xfiuopbb/rust_linux_integration_docker/rootlesskit/netns sysctl -w net.ipv4.ip_forward=1
net.ipv4.ip_forward = 1
+ nsenter -n/home/jefferson/.local/state/s-core/fabro/score-rust-linux-integration-xfiuopbb/rust_linux_integration_docker/rootlesskit/netns sysctl -w net.ipv6.conf.all.forwarding=1
net.ipv6.conf.all.forwarding = 1
+ exec dockerd --config-file /home/jefferson/.local/state/s-core/fabro/score-rust-linux-integration-xfiuopbb/rust_linux_integration_docker/daemon.json --data-root /media/jefferson/11c42dee-73a3-4c2b-ab42-a0440011d9e0/.s-core-build/runs/score-rust-linux-integration-xfiuopbb/docker-data --exec-root /home/jefferson/.local/state/s-core/fabro/score-rust-linux-integration-xfiuopbb/rust_linux_integration_docker/exec --pidfile /home/jefferson/.local/state/s-core/fabro/score-rust-linux-integration-xfiuopbb/rust_linux_integration_docker/dockerd.pid --host unix:///home/jefferson/.local/state/s-core/fabro/score-rust-linux-integration-xfiuopbb/rust_linux_integration_docker/runtime/docker.sock
time="2026-10-06T10:02:51.913083374+01:00" level=info msg="Starting up"
time="2026-10-06T10:02:51.914098554+01:00" level=warning msg="Running in rootless mode. This mode has feature limitations."
time="2026-10-06T10:02:51.914110140+01:00" level=info msg="Running with RootlessKit integration"
time="2026-10-06T10:02:51.914412036+01:00" level=info msg="Daemon shutdown complete" error="failed to load listeners: can't create unix socket /home/jefferson/.local/state/s-core/fabro/score-rust-linux-integration-xfiuopbb/rust_linux_integration_docker/runtime/docker.sock: bind: invalid argument"
failed to load listeners: can't create unix socket /home/jefferson/.local/state/s-core/fabro/score-rust-linux-integration-xfiuopbb/rust_linux_integration_docker/runtime/docker.sock: bind: invalid argument
[rootlesskit:child ] error: command [/usr/bin/dockerd-rootless.sh --config-file /home/jefferson/.local/state/s-core/fabro/score-rust-linux-integration-xfiuopbb/rust_linux_integration_docker/daemon.json --data-root /media/jefferson/11c42dee-73a3-4c2b-ab42-a0440011d9e0/.s-core-build/runs/score-rust-linux-integration-xfiuopbb/docker-data --exec-root /home/jefferson/.local/state/s-core/fabro/score-rust-linux-integration-xfiuopbb/rust_linux_integration_docker/exec --pidfile /home/jefferson/.local/state/s-core/fabro/score-rust-linux-integration-xfiuopbb/rust_linux_integration_docker/dockerd.pid --host unix:///home/jefferson/.local/state/s-core/fabro/score-rust-linux-integration-xfiuopbb/rust_linux_integration_docker/runtime/docker.sock] exited: exit status 1
[rootlesskit:parent] error: dial unix /home/jefferson/.local/state/s-core/fabro/score-rust-linux-integration-xfiuopbb/rust_linux_integration_docker/rootlesskit/.bp.sock: connect: invalid argument
