$TEST_TMPDIR defined, some defaults will be overridden
OpenJDK 64-Bit Server VM warning: Options -Xverify:none and -noverify were deprecated in JDK 13 and will likely be removed in a future release.
WARNING: The following configs were expanded more than once: [linux_x64_gcc_15]. For repeatable flags, repeats are counted twice and may lead to unexpected behavior.
Computing main repo mapping: 
Computing main repo mapping: 
WARNING: The following configs were expanded more than once: [linux_x64_gcc_15]. For repeatable flags, repeats are counted twice and may lead to unexpected behavior.
Computing main repo mapping: 
Computing main repo mapping: 
Computing main repo mapping: 
Computing main repo mapping: 
Computing main repo mapping: 
Computing main repo mapping: 
Computing main repo mapping: 
Computing main repo mapping: 
Computing main repo mapping: 
Computing main repo mapping: 
Computing main repo mapping: 
Loading: 
Loading: 5 packages loaded
Analyzing: target //tools/lint:rustfmt_with_config (6 packages loaded, 0 targets configured)
Analyzing: target //tools/lint:rustfmt_with_config (6 packages loaded, 0 targets configured)

Analyzing: target //tools/lint:rustfmt_with_config (36 packages loaded, 7 targets configured)

Analyzing: target //tools/lint:rustfmt_with_config (66 packages loaded, 7 targets configured)

Analyzing: target //tools/lint:rustfmt_with_config (97 packages loaded, 7 targets configured)

Analyzing: target //tools/lint:rustfmt_with_config (159 packages loaded, 3159 targets configured)

Analyzing: target //tools/lint:rustfmt_with_config (178 packages loaded, 11511 targets configured)

Analyzing: target //tools/lint:rustfmt_with_config (181 packages loaded, 12619 targets configured)

Analyzing: target //tools/lint:rustfmt_with_config (181 packages loaded, 12619 targets configured)

Analyzing: target //tools/lint:rustfmt_with_config (181 packages loaded, 12619 targets configured)

Analyzing: target //tools/lint:rustfmt_with_config (181 packages loaded, 12619 targets configured)

Analyzing: target //tools/lint:rustfmt_with_config (181 packages loaded, 12619 targets configured)

Analyzing: target //tools/lint:rustfmt_with_config (181 packages loaded, 12619 targets configured)

Analyzing: target //tools/lint:rustfmt_with_config (181 packages loaded, 12619 targets configured)

Analyzing: target //tools/lint:rustfmt_with_config (181 packages loaded, 12619 targets configured)

Analyzing: target //tools/lint:rustfmt_with_config (181 packages loaded, 12619 targets configured)

Analyzing: target //tools/lint:rustfmt_with_config (181 packages loaded, 12619 targets configured)

Analyzing: target //tools/lint:rustfmt_with_config (181 packages loaded, 12619 targets configured)

Analyzing: target //tools/lint:rustfmt_with_config (181 packages loaded, 12619 targets configured)

Analyzing: target //tools/lint:rustfmt_with_config (181 packages loaded, 12619 targets configured)

Analyzing: target //tools/lint:rustfmt_with_config (181 packages loaded, 12619 targets configured)

Analyzing: target //tools/lint:rustfmt_with_config (181 packages loaded, 12619 targets configured)

Analyzing: target //tools/lint:rustfmt_with_config (181 packages loaded, 12619 targets configured)

Analyzing: target //tools/lint:rustfmt_with_config (182 packages loaded, 12687 targets configured)

INFO: Analyzed target //tools/lint:rustfmt_with_config (182 packages loaded, 12699 targets configured).
[1 / 1] no actions running
[12 / 17] checking cached actions
[109 / 111] [Prepa] Compiling Rust rlib runfiles (1 file)
[109 / 111] Compiling Rust rlib runfiles (1 file); 1s linux-sandbox
[110 / 111] [Prepa] Compiling Rust bin rustfmt (1 file)
INFO: Found 1 target...
Target //tools/lint:rustfmt_with_config up-to-date:
  bazel-bin/tools/lint/rustfmt_wrapper.sh
  bazel-bin/tools/lint/rustfmt_with_config
[111 / 111] no actions running
INFO: Elapsed time: 129.818s, Critical Path: 3.88s
INFO: 8 processes: 105 action cache hit, 6 internal, 2 linux-sandbox.
INFO: Build completed successfully, 8 total actions
INFO: Running command line: bazel-bin/tools/lint/rustfmt_with_config <args omitted>
Diff in /media/jefferson/11c42dee-73a3-4c2b-ab42-a0440011d9e0/.s-core-build/runs/communication-review-pb5v82w4/workspaces/560/score/mw/com/test/basic_rust_api/subscription_state_apis/subscription_state_app.rs:95:
                  <notifications|replacement|unset|false-then-drop|drop-active>"
             );
             std::process::exit(2);
-        }
+        },
     };
 
     if let Err(error) = controller_entry(scenario) {
Diff in /media/jefferson/11c42dee-73a3-4c2b-ab42-a0440011d9e0/.s-core-build/runs/communication-review-pb5v82w4/workspaces/560/score/mw/com/test/basic_rust_api/subscription_state_apis/subscription_state_app.rs:102:
-        eprintln!("[subscription-state-apis] controller scenario '{}' failed: {}", scenario, error);
+        eprintln!(
+            "[subscription-state-apis] controller scenario '{}' failed: {}",
+            scenario, error
+        );
         std::process::exit(1);
     }
 }
Diff in /media/jefferson/11c42dee-73a3-4c2b-ab42-a0440011d9e0/.s-core-build/runs/communication-review-pb5v82w4/workspaces/560/score/mw/com/test/basic_rust_api/subscription_state_apis/subscription_state_app.rs:301:
         self.stdin.take();
         let deadline = deadline_after(EXIT_TIMEOUT);
         let status = loop {
-            let child = self.child.as_mut().ok_or_else(|| "provider child is missing".to_string())?;
+            let child = self
+                .child
+                .as_mut()
+                .ok_or_else(|| "provider child is missing".to_string())?;
             match try_wait(child) {
                 Ok(Some(status)) => break status,
                 Ok(None) => {
Diff in /media/jefferson/11c42dee-73a3-4c2b-ab42-a0440011d9e0/.s-core-build/runs/communication-review-pb5v82w4/workspaces/560/score/mw/com/test/basic_rust_api/subscription_state_apis/subscription_state_app.rs:315:
         };
         self.child.take();
         if let Some(reader) = self.reader.take() {
-            reader.join().map_err(|_| "provider stdout reader panicked".to_string())?;
+            reader
+                .join()
+                .map_err(|_| "provider stdout reader panicked".to_string())?;
         }
         if !status.success() {
             return Err(format!("provider child exited unsuccessfully after FINISH: {}", status));
Diff in /media/jefferson/11c42dee-73a3-4c2b-ab42-a0440011d9e0/.s-core-build/runs/communication-review-pb5v82w4/workspaces/560/score/mw/com/test/basic_rust_api/subscription_state_apis/subscription_state_app.rs:362:
             match self.receiver.recv_timeout(deadline - now) {
                 Ok(line) => {
                     if line.starts_with(PROTOCOL_PREFIX) {
-                        let parsed = parse_protocol(&line)
-                            .ok_or_else(|| format!("malformed protocol message: {}", line))?;
+                        let parsed =
+                            parse_protocol(&line).ok_or_else(|| format!("malformed protocol message: {}", line))?;
                         let (received_phase, received_command, ok) = parsed;
                         if received_phase != phase {
                             return Err(format!(
Diff in /media/jefferson/11c42dee-73a3-4c2b-ab42-a0440011d9e0/.s-core-build/runs/communication-review-pb5v82w4/workspaces/560/score/mw/com/test/basic_rust_api/subscription_state_apis/subscription_state_app.rs:388:
                     return Err(format!("timeout awaiting {} phase {}", command, phase));
                 },
                 Err(RecvTimeoutError::Disconnected) => {
-                    return Err(format!("provider stdout closed while awaiting {} phase {}", command, phase));
+                    return Err(format!(
+                        "provider stdout closed while awaiting {} phase {}",
+                        command, phase
+                    ));
                 },
             }
         }
Diff in /media/jefferson/11c42dee-73a3-4c2b-ab42-a0440011d9e0/.s-core-build/runs/communication-review-pb5v82w4/workspaces/560/score/mw/com/test/basic_rust_api/subscription_state_apis/subscription_state_app.rs:619:
         // Referencing the probe keeps it owned by, and disposed with, this callable.
         let _ = probe.handler_id();
         invocations_counter.fetch_add(1, Ordering::SeqCst);
-        let observation = Observation {
-            handler_id: id,
-            state,
-        };
+        let observation = Observation { handler_id: id, state };
         if sender.send(observation).is_err() {
             send_failures_counter.fetch_add(1, Ordering::SeqCst);
         }
Diff in /media/jefferson/11c42dee-73a3-4c2b-ab42-a0440011d9e0/.s-core-build/runs/communication-review-pb5v82w4/workspaces/560/score/mw/com/test/basic_rust_api/subscription_state_apis/subscription_state_app.rs:713:
     S: Subscription<MixedPrimitivesPayload, R>,
 {
     let (control, handler) = make_handler(1, true);
-    subscription.set_subscription_state_change_handler(handler).map_err(err_str)?;
+    subscription
+        .set_subscription_state_change_handler(handler)
+        .map_err(err_str)?;
 
     session.withdraw()?;
     let pending = await_observation(&control, SubscriptionState::SubscriptionPending, CALLBACK_TIMEOUT)?;
Diff in /media/jefferson/11c42dee-73a3-4c2b-ab42-a0440011d9e0/.s-core-build/runs/communication-review-pb5v82w4/workspaces/560/score/mw/com/test/basic_rust_api/subscription_state_apis/subscription_state_app.rs:726:
     session.send_sample(SAMPLE_MARKER_NOTIFICATIONS)?;
     receive_marker::<R, S>(&subscription, SAMPLE_MARKER_NOTIFICATIONS, SAMPLE_TIMEOUT)?;
 
-    subscription.unset_subscription_state_change_handler().map_err(err_str)?;
+    subscription
+        .unset_subscription_state_change_handler()
+        .map_err(err_str)?;
     require_eq(
         control.disposals.load(Ordering::SeqCst),
         1,
Diff in /media/jefferson/11c42dee-73a3-4c2b-ab42-a0440011d9e0/.s-core-build/runs/communication-review-pb5v82w4/workspaces/560/score/mw/com/test/basic_rust_api/subscription_state_apis/subscription_state_app.rs:759:
     let (control_a, handler_a) = make_handler(1, true);
     let (control_b, handler_b) = make_handler(2, true);
 
-    subscription.set_subscription_state_change_handler(handler_a).map_err(err_str)?;
-    subscription.set_subscription_state_change_handler(handler_b).map_err(err_str)?;
+    subscription
+        .set_subscription_state_change_handler(handler_a)
+        .map_err(err_str)?;
+    subscription
+        .set_subscription_state_change_handler(handler_b)
+        .map_err(err_str)?;
     require_eq(
         control_a.disposals.load(Ordering::SeqCst),
         1,
Diff in /media/jefferson/11c42dee-73a3-4c2b-ab42-a0440011d9e0/.s-core-build/runs/communication-review-pb5v82w4/workspaces/560/score/mw/com/test/basic_rust_api/subscription_state_apis/subscription_state_app.rs:781:
         "replacement: replaced handler A never invoked",
     )?;
 
-    subscription.unset_subscription_state_change_handler().map_err(err_str)?;
+    subscription
+        .unset_subscription_state_change_handler()
+        .map_err(err_str)?;
     require_eq(
         control_b.disposals.load(Ordering::SeqCst),
         1,
Diff in /media/jefferson/11c42dee-73a3-4c2b-ab42-a0440011d9e0/.s-core-build/runs/communication-review-pb5v82w4/workspaces/560/score/mw/com/test/basic_rust_api/subscription_state_apis/subscription_state_app.rs:811:
     let (control_a, handler_a) = make_handler(1, true);
     let (control_b, handler_b) = make_handler(2, true);
 
-    subscription.set_subscription_state_change_handler(handler_a).map_err(err_str)?;
-    subscription.unset_subscription_state_change_handler().map_err(err_str)?;
+    subscription
+        .set_subscription_state_change_handler(handler_a)
+        .map_err(err_str)?;
+    subscription
+        .unset_subscription_state_change_handler()
+        .map_err(err_str)?;
     require_eq(
         control_a.disposals.load(Ordering::SeqCst),
         1,
Diff in /media/jefferson/11c42dee-73a3-4c2b-ab42-a0440011d9e0/.s-core-build/runs/communication-review-pb5v82w4/workspaces/560/score/mw/com/test/basic_rust_api/subscription_state_apis/subscription_state_app.rs:829:
         "unset: handler A never invoked after unset",
     )?;
 
-    subscription.set_subscription_state_change_handler(handler_b).map_err(err_str)?;
+    subscription
+        .set_subscription_state_change_handler(handler_b)
+        .map_err(err_str)?;
     session.withdraw()?;
     await_observation(&control_b, SubscriptionState::SubscriptionPending, CALLBACK_TIMEOUT)?;
     wait_for_state::<R, S>(&subscription, SubscriptionState::SubscriptionPending, QUERY_TIMEOUT)?;
Diff in /media/jefferson/11c42dee-73a3-4c2b-ab42-a0440011d9e0/.s-core-build/runs/communication-review-pb5v82w4/workspaces/560/score/mw/com/test/basic_rust_api/subscription_state_apis/subscription_state_app.rs:837:
     await_observation(&control_b, SubscriptionState::Subscribed, CALLBACK_TIMEOUT)?;
     wait_for_state::<R, S>(&subscription, SubscriptionState::Subscribed, QUERY_TIMEOUT)?;
 
-    subscription.unset_subscription_state_change_handler().map_err(err_str)?;
+    subscription
+        .unset_subscription_state_change_handler()
+        .map_err(err_str)?;
     require_eq(
         control_b.disposals.load(Ordering::SeqCst),
         1,
Diff in /media/jefferson/11c42dee-73a3-4c2b-ab42-a0440011d9e0/.s-core-build/runs/communication-review-pb5v82w4/workspaces/560/score/mw/com/test/basic_rust_api/subscription_state_apis/subscription_state_app.rs:864:
     S: Subscription<MixedPrimitivesPayload, R>,
 {
     let (control_a, handler_a) = make_handler(1, false);
-    subscription.set_subscription_state_change_handler(handler_a).map_err(err_str)?;
+    subscription
+        .set_subscription_state_change_handler(handler_a)
+        .map_err(err_str)?;
 
     session.withdraw()?;
     await_observation(&control_a, SubscriptionState::SubscriptionPending, CALLBACK_TIMEOUT)?;
Diff in /media/jefferson/11c42dee-73a3-4c2b-ab42-a0440011d9e0/.s-core-build/runs/communication-review-pb5v82w4/workspaces/560/score/mw/com/test/basic_rust_api/subscription_state_apis/subscription_state_app.rs:901:
 
 /// Case 5: dropping a subscription with an active handler disposes it once; a fresh
 /// subscription with a positive-control handler verifies a full withdrawal/re-offer cycle.
-fn scenario_drop_active<R, S>(
-    session: &mut ProviderSession,
-    runtime: &R,
-    subscription: S,
-) -> AppResult<()>
+fn scenario_drop_active<R, S>(session: &mut ProviderSession, runtime: &R, subscription: S) -> AppResult<()>
 where
     R: Runtime,
     S: Subscription<MixedPrimitivesPayload, R>,
Diff in /media/jefferson/11c42dee-73a3-4c2b-ab42-a0440011d9e0/.s-core-build/runs/communication-review-pb5v82w4/workspaces/560/score/mw/com/test/basic_rust_api/subscription_state_apis/subscription_state_app.rs:912:
 {
     let (control_a, handler_a) = make_handler(1, true);
-    subscription.set_subscription_state_change_handler(handler_a).map_err(err_str)?;
+    subscription
+        .set_subscription_state_change_handler(handler_a)
+        .map_err(err_str)?;
     drop(subscription);
     require_eq(
         control_a.disposals.load(Ordering::SeqCst),
Diff in /media/jefferson/11c42dee-73a3-4c2b-ab42-a0440011d9e0/.s-core-build/runs/communication-review-pb5v82w4/workspaces/560/score/mw/com/test/basic_rust_api/subscription_state_apis/subscription_state_app.rs:943:
     await_observation(&control_b, SubscriptionState::Subscribed, CALLBACK_TIMEOUT)?;
     wait_for_state::<R, _>(&fresh_subscription, SubscriptionState::Subscribed, QUERY_TIMEOUT)?;
 
-    fresh_subscription.unset_subscription_state_change_handler().map_err(err_str)?;
+    fresh_subscription
+        .unset_subscription_state_change_handler()
+        .map_err(err_str)?;
     require_eq(
         control_b.disposals.load(Ordering::SeqCst),
         1,
Diff in /media/jefferson/11c42dee-73a3-4c2b-ab42-a0440011d9e0/.s-core-build/runs/communication-review-pb5v82w4/workspaces/560/score/mw/com/test/basic_rust_api/subscription_state_apis/subscription_state_app.rs:986:
     #[test]
     fn provider_failure_after_finish_is_rejected() {
         let mut session = scripted_provider("read -r line; printf 'SSAPI-PROTO 1 FINISH OK\\n'; exit 7");
-        let error = session.finish().expect_err("a FINISH acknowledgement cannot hide a failed exit");
+        let error = session
+            .finish()
+            .expect_err("a FINISH acknowledgement cannot hide a failed exit");
         assert!(error.contains("exited unsuccessfully"), "{error}");
         assert!(session.child.is_none(), "the exited child must already be reaped");
     }
Diff in /media/jefferson/11c42dee-73a3-4c2b-ab42-a0440011d9e0/.s-core-build/runs/communication-review-pb5v82w4/workspaces/560/score/mw/com/test/basic_rust_api/subscription_state_apis/subscription_state_app.rs:1002:
             .expect_err("wait errors must propagate");
         assert!(error.contains("injected wait error"), "{error}");
         assert!(session.child.is_some(), "wait error must preserve cleanup ownership");
-        assert!(session.child.as_mut().expect("owned child").try_wait().expect("real wait").is_none());
+        assert!(session
+            .child
+            .as_mut()
+            .expect("owned child")
+            .try_wait()
+            .expect("real wait")
+            .is_none());
         drop(session);
-        assert!(!Path::new(&format!("/proc/{pid}")).exists(), "the owned child must be reaped");
+        assert!(
+            !Path::new(&format!("/proc/{pid}")).exists(),
+            "the owned child must be reaped"
+        );
     }
 }
 
