OpenJDK 64-Bit Server VM warning: Options -Xverify:none and -noverify were deprecated in JDK 13 and will likely be removed in a future release.
Computing main repo mapping: 
Computing main repo mapping: 
Computing main repo mapping: 
Computing main repo mapping: 
Computing main repo mapping: 
Computing main repo mapping: 
Computing main repo mapping: 
Loading: 
Loading: 5 packages loaded
Analyzing: 3 targets (6 packages loaded, 0 targets configured)
Analyzing: 3 targets (6 packages loaded, 0 targets configured)

Analyzing: 3 targets (40 packages loaded, 13 targets configured)
[1 / 1] no actions running
Analyzing: 3 targets (109 packages loaded, 362 targets configured)
[1 / 1] no actions running
Analyzing: 3 targets (166 packages loaded, 6234 targets configured)
[1 / 1] no actions running
Analyzing: 3 targets (173 packages loaded, 11386 targets configured)
[1 / 1] no actions running
Analyzing: 3 targets (201 packages loaded, 17920 targets configured)
[8 / 10] checking cached actions
Analyzing: 3 targets (202 packages loaded, 17934 targets configured)
[10 / 11] [Prepa] Testing //quality/static_analysis:codeql_lint_test
FAIL: //quality/static_analysis:codeql_lint_test (Exit 1) (see /media/jefferson/11c42dee-73a3-4c2b-ab42-a0440011d9e0/.s-core-build/runs/score-communication-bug-recovery-fw8j963z/bazel-output/b10b30927e7a248cee436d763dc58bdc/execroot/_main/bazel-out/k8-fastbuild/testlogs/quality/static_analysis/codeql_lint_test/test.log)
INFO: From Testing //quality/static_analysis:codeql_lint_test:
INFO: Analyzed 3 targets (202 packages loaded, 50740 targets configured).
[11 / 11] 1 / 1 tests, 1 failed; no actions running
INFO: Found 2 targets and 1 test target...
INFO: Elapsed time: 24.689s, Critical Path: 0.58s
INFO: 2 processes: 37 action cache hit, 2 local.
INFO: Build completed, 1 test FAILED, 2 total actions
