OpenJDK 64-Bit Server VM warning: Options -Xverify:none and -noverify were deprecated in JDK 13 and will likely be removed in a future release.
Computing main repo mapping: 
Computing main repo mapping: 
Computing main repo mapping: 
Computing main repo mapping: 
Computing main repo mapping: 
Computing main repo mapping: 
Computing main repo mapping: 
Computing main repo mapping: 
Loading: 
Loading: 5 packages loaded
Analyzing: target //:format_Python_with_ruff (6 packages loaded, 0 targets configured)
Analyzing: target //:format_Python_with_ruff (6 packages loaded, 0 targets configured)

Analyzing: target //:format_Python_with_ruff (61 packages loaded, 9 targets configured)

Analyzing: target //:format_Python_with_ruff (139 packages loaded, 466 targets configured)

INFO: Analyzed target //:format_Python_with_ruff (164 packages loaded, 3173 targets configured).
INFO: Found 1 target...
Target //:format_Python_with_ruff up-to-date:
  bazel-bin/format_Python_with_ruff.bash
INFO: Elapsed time: 13.141s, Critical Path: 0.04s
INFO: 1 process: 7 action cache hit, 1 internal.
INFO: Build completed successfully, 1 total action
INFO: Running command line: bazel-bin/format_Python_with_ruff.bash <args omitted>
2 files left unchanged
Formatted Python in 0m0.015s
