OpenJDK 64-Bit Server VM warning: Options -Xverify:none and -noverify were deprecated in JDK 13 and will likely be removed in a future release.
Computing main repo mapping: 
Computing main repo mapping: 
Computing main repo mapping: 
Computing main repo mapping: 
Computing main repo mapping: 
Computing main repo mapping: 
Computing main repo mapping: 
Loading: 
Loading: 5 packages loaded
Analyzing: 2 targets (6 packages loaded, 0 targets configured)
Analyzing: 2 targets (6 packages loaded, 0 targets configured)

Analyzing: 2 targets (36 packages loaded, 11 targets configured)

Analyzing: 2 targets (108 packages loaded, 425 targets configured)

Analyzing: 2 targets (161 packages loaded, 3170 targets configured)

Analyzing: 2 targets (178 packages loaded, 11310 targets configured)
[1 / 1] no actions running
INFO: Analyzed 2 targets (178 packages loaded, 11310 targets configured).
[20 / 21] Testing //tools/lint/buildifier:buildifier_lint_test; 0s processwrapper-sandbox
INFO: Found 1 target and 1 test target...
INFO: Elapsed time: 14.548s, Critical Path: 0.40s
INFO: 2 processes: 20 action cache hit, 2 processwrapper-sandbox.
INFO: Build completed successfully, 2 total actions
