OpenJDK 64-Bit Server VM warning: Options -Xverify:none and -noverify were deprecated in JDK 13 and will likely be removed in a future release.
Computing main repo mapping: 
Computing main repo mapping: 
Computing main repo mapping: 
Computing main repo mapping: 
Computing main repo mapping: 
Computing main repo mapping: 
Computing main repo mapping: 
Loading: 
Loading: 5 packages loaded
Analyzing: target //tools/lint/buildifier:buildifier_lint (6 packages loaded, 0 targets configured)
Analyzing: target //tools/lint/buildifier:buildifier_lint (6 packages loaded, 0 targets configured)

Analyzing: target //tools/lint/buildifier:buildifier_lint (32 packages loaded, 10 targets configured)

Analyzing: target //tools/lint/buildifier:buildifier_lint (100 packages loaded, 10 targets configured)

Analyzing: target //tools/lint/buildifier:buildifier_lint (160 packages loaded, 3159 targets configured)

Analyzing: target //tools/lint/buildifier:buildifier_lint (176 packages loaded, 11275 targets configured)

INFO: Analyzed target //tools/lint/buildifier:buildifier_lint (176 packages loaded, 11282 targets configured).
INFO: Found 1 target...
Target //tools/lint/buildifier:buildifier_lint up-to-date:
  bazel-bin/tools/lint/buildifier/buildifier_lint
INFO: Elapsed time: 14.239s, Critical Path: 0.27s
INFO: 1 process: 11 action cache hit, 1 internal.
INFO: Build completed successfully, 1 total action
INFO: Running command line: bazel-bin/tools/lint/buildifier/buildifier_lint <args omitted>
/media/jefferson/11c42dee-73a3-4c2b-ab42-a0440011d9e0/.s-core-build/runs/score-communication-bug-recovery-fw8j963z/issue-1236/quality/api_surface/api_surface.bzl:115: unsorted-dict-items: Dictionary items are out of their lexicographical order. (https://github.com/bazelbuild/buildtools/blob/main/WARNINGS.md#unsorted-dict-items)
/media/jefferson/11c42dee-73a3-4c2b-ab42-a0440011d9e0/.s-core-build/runs/score-communication-bug-recovery-fw8j963z/issue-1236/quality/api_surface/api_surface.bzl:330: unsorted-dict-items: Dictionary items are out of their lexicographical order. (https://github.com/bazelbuild/buildtools/blob/main/WARNINGS.md#unsorted-dict-items)
/media/jefferson/11c42dee-73a3-4c2b-ab42-a0440011d9e0/.s-core-build/runs/score-communication-bug-recovery-fw8j963z/issue-1236/quality/compiler_warnings/test/BUILD:25: unsorted-dict-items: Dictionary items are out of their lexicographical order. (https://github.com/bazelbuild/buildtools/blob/main/WARNINGS.md#unsorted-dict-items)
/media/jefferson/11c42dee-73a3-4c2b-ab42-a0440011d9e0/.s-core-build/runs/score-communication-bug-recovery-fw8j963z/issue-1236/quality/compiler_warnings/test/BUILD:27: unsorted-dict-items: Dictionary items are out of their lexicographical order. (https://github.com/bazelbuild/buildtools/blob/main/WARNINGS.md#unsorted-dict-items)
/media/jefferson/11c42dee-73a3-4c2b-ab42-a0440011d9e0/.s-core-build/runs/score-communication-bug-recovery-fw8j963z/issue-1236/quality/coverage/coverage_scope.bzl:45: unsorted-dict-items: Dictionary items are out of their lexicographical order. (https://github.com/bazelbuild/buildtools/blob/main/WARNINGS.md#unsorted-dict-items)
/media/jefferson/11c42dee-73a3-4c2b-ab42-a0440011d9e0/.s-core-build/runs/score-communication-bug-recovery-fw8j963z/issue-1236/quality/coverage/coverage_scope.bzl:70: canonical-repository: String contains "@@" which indicates a canonical repository name reference that should be avoided. (https://github.com/bazelbuild/buildtools/blob/main/WARNINGS.md#canonical-repository)
/media/jefferson/11c42dee-73a3-4c2b-ab42-a0440011d9e0/.s-core-build/runs/score-communication-bug-recovery-fw8j963z/issue-1236/quality/coverage/coverage_scope.bzl:70: canonical-repository: String contains "@@" which indicates a canonical repository name reference that should be avoided. (https://github.com/bazelbuild/buildtools/blob/main/WARNINGS.md#canonical-repository)
/media/jefferson/11c42dee-73a3-4c2b-ab42-a0440011d9e0/.s-core-build/runs/score-communication-bug-recovery-fw8j963z/issue-1236/quality/coverage/coverage_scope.bzl:75: external-path: String contains "/external/" which may indicate a dependency on external repositories that could be fragile. (https://github.com/bazelbuild/buildtools/blob/main/WARNINGS.md#external-path)
/media/jefferson/11c42dee-73a3-4c2b-ab42-a0440011d9e0/.s-core-build/runs/score-communication-bug-recovery-fw8j963z/issue-1236/quality/coverage/coverage_scope.bzl:85: external-path: String contains "/external/" which may indicate a dependency on external repositories that could be fragile. (https://github.com/bazelbuild/buildtools/blob/main/WARNINGS.md#external-path)
/media/jefferson/11c42dee-73a3-4c2b-ab42-a0440011d9e0/.s-core-build/runs/score-communication-bug-recovery-fw8j963z/issue-1236/quality/coverage/coverage_scope.bzl:150: unused-variable: Variable "settings" is unused. Please remove it. (https://github.com/bazelbuild/buildtools/blob/main/WARNINGS.md#unused-variable)
/media/jefferson/11c42dee-73a3-4c2b-ab42-a0440011d9e0/.s-core-build/runs/score-communication-bug-recovery-fw8j963z/issue-1236/quality/coverage/coverage_scope.bzl:150: unused-variable: Variable "attr" is unused. Please remove it. (https://github.com/bazelbuild/buildtools/blob/main/WARNINGS.md#unused-variable)
/media/jefferson/11c42dee-73a3-4c2b-ab42-a0440011d9e0/.s-core-build/runs/score-communication-bug-recovery-fw8j963z/issue-1236/quality/coverage/llvm_cov/reporter_wrapper.bzl:80: unsorted-dict-items: Dictionary items are out of their lexicographical order. (https://github.com/bazelbuild/buildtools/blob/main/WARNINGS.md#unsorted-dict-items)
/media/jefferson/11c42dee-73a3-4c2b-ab42-a0440011d9e0/.s-core-build/runs/score-communication-bug-recovery-fw8j963z/issue-1236/quality/integration_testing/integration_testing.bzl:51: unsorted-dict-items: Dictionary items are out of their lexicographical order. (https://github.com/bazelbuild/buildtools/blob/main/WARNINGS.md#unsorted-dict-items)
/media/jefferson/11c42dee-73a3-4c2b-ab42-a0440011d9e0/.s-core-build/runs/score-communication-bug-recovery-fw8j963z/issue-1236/quality/integration_testing/integration_testing.bzl:92: unsorted-dict-items: Dictionary items are out of their lexicographical order. (https://github.com/bazelbuild/buildtools/blob/main/WARNINGS.md#unsorted-dict-items)
/media/jefferson/11c42dee-73a3-4c2b-ab42-a0440011d9e0/.s-core-build/runs/score-communication-bug-recovery-fw8j963z/issue-1236/quality/integration_testing/integration_testing.bzl:110: unsorted-dict-items: Dictionary items are out of their lexicographical order. (https://github.com/bazelbuild/buildtools/blob/main/WARNINGS.md#unsorted-dict-items)
/media/jefferson/11c42dee-73a3-4c2b-ab42-a0440011d9e0/.s-core-build/runs/score-communication-bug-recovery-fw8j963z/issue-1236/quality/integration_testing/integration_testing.bzl:121: unsorted-dict-items: Dictionary items are out of their lexicographical order. (https://github.com/bazelbuild/buildtools/blob/main/WARNINGS.md#unsorted-dict-items)
/media/jefferson/11c42dee-73a3-4c2b-ab42-a0440011d9e0/.s-core-build/runs/score-communication-bug-recovery-fw8j963z/issue-1236/quality/integration_testing/integration_testing.bzl:160: unsorted-dict-items: Dictionary items are out of their lexicographical order. (https://github.com/bazelbuild/buildtools/blob/main/WARNINGS.md#unsorted-dict-items)
/media/jefferson/11c42dee-73a3-4c2b-ab42-a0440011d9e0/.s-core-build/runs/score-communication-bug-recovery-fw8j963z/issue-1236/quality/integration_testing/integration_testing.bzl:199: unsorted-dict-items: Dictionary items are out of their lexicographical order. (https://github.com/bazelbuild/buildtools/blob/main/WARNINGS.md#unsorted-dict-items)
/media/jefferson/11c42dee-73a3-4c2b-ab42-a0440011d9e0/.s-core-build/runs/score-communication-bug-recovery-fw8j963z/issue-1236/quality/unit_testing/unit_testing.bzl:62: unsorted-dict-items: Dictionary items are out of their lexicographical order. (https://github.com/bazelbuild/buildtools/blob/main/WARNINGS.md#unsorted-dict-items)
/media/jefferson/11c42dee-73a3-4c2b-ab42-a0440011d9e0/.s-core-build/runs/score-communication-bug-recovery-fw8j963z/issue-1236/quality/unit_testing/unit_testing.bzl:149: unused-variable: Variable "target_compatible_with" is unused. Please remove it. (https://github.com/bazelbuild/buildtools/blob/main/WARNINGS.md#unused-variable)
/media/jefferson/11c42dee-73a3-4c2b-ab42-a0440011d9e0/.s-core-build/runs/score-communication-bug-recovery-fw8j963z/issue-1236/score/mw/com/impl/configuration/converter/json_to_flatbuffer_rule.bzl:62: unsorted-dict-items: Dictionary items are out of their lexicographical order. (https://github.com/bazelbuild/buildtools/blob/main/WARNINGS.md#unsorted-dict-items)
/media/jefferson/11c42dee-73a3-4c2b-ab42-a0440011d9e0/.s-core-build/runs/score-communication-bug-recovery-fw8j963z/issue-1236/score/mw/com/impl/configuration/converter/json_to_flatbuffer_rule.bzl:104: unsorted-dict-items: Dictionary items are out of their lexicographical order. (https://github.com/bazelbuild/buildtools/blob/main/WARNINGS.md#unsorted-dict-items)
/media/jefferson/11c42dee-73a3-4c2b-ab42-a0440011d9e0/.s-core-build/runs/score-communication-bug-recovery-fw8j963z/issue-1236/third_party/codeql/codeql_release_pack.bzl:69: unsorted-dict-items: Dictionary items are out of their lexicographical order. (https://github.com/bazelbuild/buildtools/blob/main/WARNINGS.md#unsorted-dict-items)
/media/jefferson/11c42dee-73a3-4c2b-ab42-a0440011d9e0/.s-core-build/runs/score-communication-bug-recovery-fw8j963z/issue-1236/third_party/codeql/codeql_release_pack.bzl:73: unsorted-dict-items: Dictionary items are out of their lexicographical order. (https://github.com/bazelbuild/buildtools/blob/main/WARNINGS.md#unsorted-dict-items)
/media/jefferson/11c42dee-73a3-4c2b-ab42-a0440011d9e0/.s-core-build/runs/score-communication-bug-recovery-fw8j963z/issue-1236/third_party/lobster/lobster.bzl:25: unused-variable: Variable "ctx" is unused. Please remove it. (https://github.com/bazelbuild/buildtools/blob/main/WARNINGS.md#unused-variable)
/media/jefferson/11c42dee-73a3-4c2b-ab42-a0440011d9e0/.s-core-build/runs/score-communication-bug-recovery-fw8j963z/issue-1236/tools/lint/BUILD:42: canonical-repository: String contains "@@" which indicates a canonical repository name reference that should be avoided. (https://github.com/bazelbuild/buildtools/blob/main/WARNINGS.md#canonical-repository)
/media/jefferson/11c42dee-73a3-4c2b-ab42-a0440011d9e0/.s-core-build/runs/score-communication-bug-recovery-fw8j963z/issue-1236/tools/lint/BUILD:43: canonical-repository: String contains "@@" which indicates a canonical repository name reference that should be avoided. (https://github.com/bazelbuild/buildtools/blob/main/WARNINGS.md#canonical-repository)

