$TEST_TMPDIR defined, some defaults will be overridden
WARNING: Duplicate rc file: /media/jefferson/11c42dee-73a3-4c2b-ab42-a0440011d9e0/.s-core-build/runs/score-rust-issue-queue-ycbvxir7/workspaces/1261/quality/static_analysis/static_analysis.bazelrc is read multiple times, it is a standard rc file location but must have been unnecessarily imported earlier.
OpenJDK 64-Bit Server VM warning: Options -Xverify:none and -noverify were deprecated in JDK 13 and will likely be removed in a future release.
WARNING: The following configs were expanded more than once: [linux_x64_gcc_15]. For repeatable flags, repeats are counted twice and may lead to unexpected behavior.
Computing main repo mapping: 
Computing main repo mapping: 
WARNING: The following configs were expanded more than once: [linux_x64_gcc_15]. For repeatable flags, repeats are counted twice and may lead to unexpected behavior.
Computing main repo mapping: 
Computing main repo mapping: 
Computing main repo mapping: 
Computing main repo mapping: 
Computing main repo mapping: 
Loading: 
Loading: 5 packages loaded
Analyzing: 2 targets (7 packages loaded, 0 targets configured)
Analyzing: 2 targets (7 packages loaded, 0 targets configured)

Analyzing: 2 targets (99 packages loaded, 9 targets configured)

Analyzing: 2 targets (198 packages loaded, 8401 targets configured)

Analyzing: 2 targets (374 packages loaded, 15141 targets configured)
[1 / 1] no actions running
INFO: Analyzed 2 targets (374 packages loaded, 15141 targets configured).
[54 / 1,237] checking cached actions
[138 / 1,268] [Prepa] Creating symlink to ambiguous lib: external/score_baselibs++_repo_rules+acl-deb/usr/lib/x86_64-linux-gnu/libacl.a
[594 / 1,307] [Prepa] Creating symlink to ambiguous lib: bazel-out/k8-fastbuild/bin/score/mw/com/impl/bindings/lola/tracing/libtracing_runtime.a
[976 / 1,307] [Prepa] Creating symlink to ambiguous lib: bazel-out/k8-fastbuild/bin/score/mw/com/impl/bindings/lola/libsample_allocatee_ptr.a
[1,288 / 1,307] Compiling Rust bin score_com_concept-test (5 files); 0s linux-sandbox ... (2 actions running)
[1,294 / 1,308] Compiling Rust proc-macro mockall_derive v0.14.0 (9 files) [for tool]; 1s linux-sandbox ... (2 actions, 1 running)
[1,302 / 1,308] Compiling Rust proc-macro mockall_derive v0.14.0 (9 files) [for tool]; 2s linux-sandbox ... (2 actions, 1 running)
[1,304 / 1,308] 1 / 2 tests; Compiling Rust proc-macro mockall_derive v0.14.0 (9 files) [for tool]; 3s linux-sandbox
[1,305 / 1,308] 1 / 2 tests; [Prepa] Compiling Rust rlib mockall v0.14.0 (3 files)
[1,306 / 1,308] 1 / 2 tests; Compiling Rust rlib bridge_ffi_mock (1 file); 1s linux-sandbox
[1,307 / 1,308] 1 / 2 tests; Compiling Rust bin com-api-runtime-lola-tests (4 files); 1s linux-sandbox
INFO: Found 2 test targets...
INFO: Elapsed time: 36.143s, Critical Path: 15.53s
INFO: 105 processes: 1218 action cache hit, 73 internal, 32 linux-sandbox.
INFO: Build completed successfully, 105 total actions
INFO: 
//score/mw/com/impl/rust/com-api/com-api-runtime-lola:com-api-runtime-lola-tests PASSED in 0.0s
//score/mw/com/rust/score_com_concept:score_com_concept-test             PASSED in 0.1s

Executed 2 out of 2 tests: 2 tests pass.
There were tests whose specified size is too big. Use the --test_verbose_timeout_warnings command line option to see which ones these are.
INFO: Build Event Protocol files produced successfully.
