$TEST_TMPDIR defined, some defaults will be overridden
WARNING: Duplicate rc file: /media/jefferson/11c42dee-73a3-4c2b-ab42-a0440011d9e0/.s-core-build/runs/score-rust-issue-queue-ycbvxir7/workspaces/1261/quality/static_analysis/static_analysis.bazelrc is read multiple times, it is a standard rc file location but must have been unnecessarily imported earlier.
OpenJDK 64-Bit Server VM warning: Options -Xverify:none and -noverify were deprecated in JDK 13 and will likely be removed in a future release.
WARNING: The following configs were expanded more than once: [linux_x64_gcc_15]. For repeatable flags, repeats are counted twice and may lead to unexpected behavior.
Computing main repo mapping: 
Computing main repo mapping: 
WARNING: The following configs were expanded more than once: [linux_x64_gcc_15]. For repeatable flags, repeats are counted twice and may lead to unexpected behavior.
Computing main repo mapping: 
Computing main repo mapping: 
Computing main repo mapping: 
Computing main repo mapping: 
Loading: 
Loading: 5 packages loaded
Analyzing: 2 targets (7 packages loaded, 0 targets configured)
Analyzing: 2 targets (7 packages loaded, 0 targets configured)

Analyzing: 2 targets (96 packages loaded, 10 targets configured)

Analyzing: 2 targets (159 packages loaded, 895 targets configured)

Analyzing: 2 targets (294 packages loaded, 11232 targets configured)

Analyzing: 2 targets (366 packages loaded, 14940 targets configured)

INFO: Analyzed 2 targets (366 packages loaded, 14965 targets configured).
[47 / 201] checking cached actions
[236 / 1,266] Compiling Rust rlib runfiles (1 file) [for tool]; 0s linux-sandbox ... (2 actions, 1 running)
[459 / 1,266] Compiling Rust rlib proc_macro2 v1.0.107 (22 files); 0s linux-sandbox ... (2 actions, 1 running)
[947 / 1,266] Compiling Rust rlib syn v2.0.119 (97 files); 0s linux-sandbox ... (2 actions, 1 running)
[1,262 / 1,266] Compiling Rust rlib syn v2.0.119 (97 files); 1s linux-sandbox ... (2 actions, 1 running)
[1,262 / 1,266] Compiling Rust rlib syn v2.0.119 (97 files); 2s linux-sandbox ... (2 actions running)
[1,263 / 1,267] Compiling Rust rlib syn v2.0.119 (97 files); 4s linux-sandbox ... (2 actions, 1 running)
[1,264 / 1,267] 1 / 2 tests; Compiling Rust rlib syn v2.0.119 (97 files); 5s linux-sandbox
[1,266 / 1,267] 1 / 2 tests; [Prepa] Generating Rustdoc test runner for @@//score/mw/com/rust/score_com_macros:score-com-macros
INFO: Found 2 test targets...
INFO: Elapsed time: 24.671s, Critical Path: 9.02s
INFO: 66 processes: 1216 action cache hit, 47 internal, 19 linux-sandbox.
INFO: Build completed successfully, 66 total actions
INFO: 
//score/mw/com/rust/score_com_concept:score_com_concept-macros-unit-tests PASSED in 0.0s
//score/mw/com/rust/score_com_macros:score-com-macros-tests              PASSED in 0.4s

Executed 2 out of 2 tests: 2 tests pass.
There were tests whose specified size is too big. Use the --test_verbose_timeout_warnings command line option to see which ones these are.
INFO: Build Event Protocol files produced successfully.
