$TEST_TMPDIR defined, some defaults will be overridden
WARNING: Duplicate rc file: /media/jefferson/11c42dee-73a3-4c2b-ab42-a0440011d9e0/.s-core-build/runs/score-rust-issue-queue-ycbvxir7/workspaces/1261/quality/static_analysis/static_analysis.bazelrc is read multiple times, it is a standard rc file location but must have been unnecessarily imported earlier.
OpenJDK 64-Bit Server VM warning: Options -Xverify:none and -noverify were deprecated in JDK 13 and will likely be removed in a future release.
WARNING: The following configs were expanded more than once: [linux_x64_gcc_15]. For repeatable flags, repeats are counted twice and may lead to unexpected behavior.
Computing main repo mapping: 
Computing main repo mapping: 
WARNING: The following configs were expanded more than once: [linux_x64_gcc_15]. For repeatable flags, repeats are counted twice and may lead to unexpected behavior.
Computing main repo mapping: 
Computing main repo mapping: 
Computing main repo mapping: 
Computing main repo mapping: 
Computing main repo mapping: 
Loading: 
Loading: 5 packages loaded
Analyzing: 3 targets (8 packages loaded, 0 targets configured)
Analyzing: 3 targets (8 packages loaded, 0 targets configured)

Analyzing: 3 targets (110 packages loaded, 46 targets configured)

Analyzing: 3 targets (168 packages loaded, 6277 targets configured)

WARNING: /media/jefferson/11c42dee-73a3-4c2b-ab42-a0440011d9e0/.s-core-build/runs/score-rust-issue-queue-ycbvxir7/workspaces/1261/MODULE.bazel:196:20: The module extension apt defined in @rules_distroless//apt:extensions.bzl reported incorrect imports of repositories via use_repo():

Imported, but reported as indirect dependencies by the extension:
    ubuntu24_04_sysroot_resolve

Fix the use_repo calls by running 'bazel mod tidy'.
Analyzing: 3 targets (546 packages loaded, 16254 targets configured)

Analyzing: 3 targets (564 packages loaded, 19851 targets configured)

Analyzing: 3 targets (565 packages loaded, 20081 targets configured)

Analyzing: 3 targets (568 packages loaded, 21983 targets configured)

Analyzing: 3 targets (568 packages loaded, 21983 targets configured)

Analyzing: 3 targets (568 packages loaded, 21983 targets configured)

Analyzing: 3 targets (582 packages loaded, 22195 targets configured)

Analyzing: 3 targets (582 packages loaded, 22195 targets configured)

Analyzing: 3 targets (596 packages loaded, 22905 targets configured)

Analyzing: 3 targets (601 packages loaded, 22993 targets configured)

Analyzing: 3 targets (602 packages loaded, 23025 targets configured)
[1 / 1] no actions running
INFO: Analyzed 3 targets (602 packages loaded, 23025 targets configured).
[23 / 695] [Prepa] Writing file score/mw/com/test/find_any_semantics/integration_test/_oci_filesystem_test_find_any_semantics.manifest
[105 / 1,632] [Prepa] Creating symlink external/gawk+/config/config.h [for tool]
[289 / 1,632] [Scann] Compiling score/mw/com/test/common_test_resources/fail_test.cpp
[376 / 1,632] Compiling array.c [for tool]; 0s linux-sandbox ... (2 actions, 1 running)
[570 / 1,632] Compiling io.c [for tool]; 0s linux-sandbox ... (2 actions running)
[571 / 1,632] Compiling awkgram.c [for tool]; 1s linux-sandbox ... (2 actions, 1 running)
[578 / 1,632] [Scann] Compiling builtin.c [for tool]
[800 / 1,632] Compiling builtin.c [for tool]; 1s linux-sandbox ... (2 actions, 1 running)
[802 / 1,632] Compiling builtin.c [for tool]; 2s linux-sandbox ... (2 actions running)
[803 / 1,632] Compiling score/mw/com/test/common_test_resources/shared_memory_object_creator.cpp; 1s linux-sandbox ... (2 actions running)
[1,020 / 1,632] Compiling score/mw/com/test/find_any_semantics/test_datatype.cpp; 0s linux-sandbox ... (2 actions, 1 running)
[1,020 / 1,632] Compiling score/mw/com/test/find_any_semantics/test_datatype.cpp; 2s linux-sandbox ... (2 actions running)
[1,021 / 1,632] Compiling score/mw/com/test/find_any_semantics/test_datatype.cpp; 4s linux-sandbox ... (2 actions, 1 running)
[1,021 / 1,632] Compiling score/mw/com/test/find_any_semantics/test_datatype.cpp; 6s linux-sandbox ... (2 actions running)
INFO: From Compiling score/mw/com/test/find_any_semantics/test_datatype.cpp:
In file included from ./score/mw/com/impl/instance_identifier.h:16,
                 from ./score/mw/com/impl/handle_type.h:18,
                 from ./score/mw/com/impl/proxy_base.h:18,
                 from ./score/mw/com/impl/generic_proxy_event.h:18,
                 from ./score/mw/com/impl/generic_proxy.h:18,
                 from ./score/mw/com/types.h:24,
                 from ./score/mw/com/test/find_any_semantics/test_datatype.h:17,
                 from score/mw/com/test/find_any_semantics/test_datatype.cpp:14:
./score/mw/com/impl/com_error.h: In member function 'virtual std::string_view score::mw::com::impl::ComErrorDomain::MessageFor(const score::result::ErrorCode&) const':
./score/mw/com/impl/com_error.h:186:65: warning: 'score::mw::com::impl::ComErrc::kServiceInstanceAlreadyOffered' is deprecated: Value has never been used. Calls to OfferService shall be idempotent. [-Wdeprecated-declarations]
  186 |             case static_cast<score::result::ErrorCode>(ComErrc::kServiceInstanceAlreadyOffered):
      |                                                                 ^~~~~~~~~~~~~~~~~~~~~~~~~~~~~~
./score/mw/com/impl/com_error.h:57:5: note: declared here
   57 |     kServiceInstanceAlreadyOffered
      |     ^~~~~~~~~~~~~~~~~~~~~~~~~~~~~~
[1,024 / 1,632] Compiling eval.c [for tool]; 3s linux-sandbox ... (2 actions, 1 running)
[1,027 / 1,632] Compiling eval.c [for tool]; 4s linux-sandbox ... (2 actions running)
[1,031 / 1,632] Compiling score/mw/com/test/common_test_resources/timeout_supervisor.cpp; 0s linux-sandbox ... (2 actions, 1 running)
[1,035 / 1,632] Compiling score/mw/com/test/common_test_resources/timeout_supervisor.cpp; 1s linux-sandbox ... (2 actions, 1 running)
[1,038 / 1,632] Compiling printf.c [for tool]; 0s linux-sandbox ... (2 actions running)
[1,041 / 1,632] Compiling profile.c [for tool]; 0s linux-sandbox ... (2 actions running)
[1,045 / 1,632] Compiling score/mw/com/test/common_test_resources/general_resources.cpp; 1s linux-sandbox ... (2 actions, 1 running)
[1,082 / 1,632] Compiling support/dfa.c [for tool]; 0s linux-sandbox ... (2 actions, 1 running)
[1,085 / 1,632] Compiling src/options_description.cpp; 1s linux-sandbox ... (2 actions, 1 running)
[1,093 / 1,632] Compiling support/regex.c [for tool]; 0s linux-sandbox ... (2 actions, 1 running)
[1,094 / 1,632] Compiling support/regex.c [for tool]; 1s linux-sandbox ... (2 actions running)
[1,095 / 1,632] Compiling src/split.cpp; 3s linux-sandbox ... (2 actions, 1 running)
[1,102 / 1,632] Compiling src/value_semantic.cpp; 0s linux-sandbox ... (2 actions running)
[1,111 / 1,632] Compiling src/value_semantic.cpp; 2s linux-sandbox ... (2 actions, 1 running)
[1,123 / 1,632] Compiling src/variables_map.cpp; 1s linux-sandbox ... (2 actions running)
[1,130 / 1,632] Compiling src/variables_map.cpp; 2s linux-sandbox ... (2 actions running)
[1,140 / 1,632] Compiling src/winmain.cpp; 0s linux-sandbox ... (2 actions running)
[1,143 / 1,632] Compiling src/parsers.cpp; 1s linux-sandbox ... (2 actions, 1 running)
[1,144 / 1,632] Compiling src/config_file.cpp; 1s linux-sandbox ... (2 actions, 1 running)
[1,146 / 1,632] Compiling src/cmdline.cpp; 1s linux-sandbox ... (2 actions, 1 running)
[1,148 / 1,632] Compiling score/mw/com/test/common_test_resources/command_line_parser.cpp; 1s linux-sandbox ... (2 actions, 1 running)
[1,149 / 1,632] Compiling score/mw/com/test/common_test_resources/command_line_parser.cpp; 2s linux-sandbox ... (2 actions running)
[1,151 / 1,632] Compiling score/mw/com/test/find_any_semantics/service.cpp; 2s linux-sandbox ... (2 actions running)
INFO: From Compiling score/mw/com/test/find_any_semantics/service.cpp:
In file included from ./score/mw/com/impl/instance_identifier.h:16,
                 from ./score/mw/com/impl/handle_type.h:18,
                 from ./score/mw/com/impl/proxy_base.h:18,
                 from ./score/mw/com/impl/generic_proxy_event.h:18,
                 from ./score/mw/com/impl/generic_proxy.h:18,
                 from ./score/mw/com/types.h:24,
                 from ./score/mw/com/test/find_any_semantics/test_datatype.h:17,
                 from score/mw/com/test/find_any_semantics/service.cpp:15:
./score/mw/com/impl/com_error.h: In member function 'virtual std::string_view score::mw::com::impl::ComErrorDomain::MessageFor(const score::result::ErrorCode&) const':
./score/mw/com/impl/com_error.h:186:65: warning: 'score::mw::com::impl::ComErrc::kServiceInstanceAlreadyOffered' is deprecated: Value has never been used. Calls to OfferService shall be idempotent. [-Wdeprecated-declarations]
  186 |             case static_cast<score::result::ErrorCode>(ComErrc::kServiceInstanceAlreadyOffered):
      |                                                                 ^~~~~~~~~~~~~~~~~~~~~~~~~~~~~~
./score/mw/com/impl/com_error.h:57:5: note: declared here
   57 |     kServiceInstanceAlreadyOffered
      |     ^~~~~~~~~~~~~~~~~~~~~~~~~~~~~~
[1,152 / 1,632] Compiling score/mw/com/test/find_any_semantics/client.cpp; 4s linux-sandbox ... (2 actions, 1 running)
[1,152 / 1,632] Compiling score/mw/com/test/find_any_semantics/client.cpp; 6s linux-sandbox ... (2 actions running)
INFO: From Compiling score/mw/com/test/find_any_semantics/client.cpp:
In file included from ./score/mw/com/impl/instance_identifier.h:16,
                 from ./score/mw/com/impl/handle_type.h:18,
                 from ./score/mw/com/impl/proxy_base.h:18,
                 from ./score/mw/com/impl/generic_proxy_event.h:18,
                 from ./score/mw/com/impl/generic_proxy.h:18,
                 from ./score/mw/com/types.h:24,
                 from ./score/mw/com/test/find_any_semantics/test_datatype.h:17,
                 from score/mw/com/test/find_any_semantics/client.cpp:15:
./score/mw/com/impl/com_error.h: In member function 'virtual std::string_view score::mw::com::impl::ComErrorDomain::MessageFor(const score::result::ErrorCode&) const':
./score/mw/com/impl/com_error.h:186:65: warning: 'score::mw::com::impl::ComErrc::kServiceInstanceAlreadyOffered' is deprecated: Value has never been used. Calls to OfferService shall be idempotent. [-Wdeprecated-declarations]
  186 |             case static_cast<score::result::ErrorCode>(ComErrc::kServiceInstanceAlreadyOffered):
      |                                                                 ^~~~~~~~~~~~~~~~~~~~~~~~~~~~~~
./score/mw/com/impl/com_error.h:57:5: note: declared here
   57 |     kServiceInstanceAlreadyOffered
      |     ^~~~~~~~~~~~~~~~~~~~~~~~~~~~~~
[1,170 / 1,632] Compiling score/mw/com/test/common_test_resources/sctf_test_runner.cpp; 2s linux-sandbox ... (2 actions, 1 running)
[1,192 / 1,632] Compiling score/mw/com/test/common_test_resources/sctf_test_runner.cpp; 3s linux-sandbox ... (2 actions, 1 running)
INFO: From Compiling score/mw/com/test/common_test_resources/sctf_test_runner.cpp:
In file included from ./score/mw/com/impl/instance_identifier.h:16,
                 from ./score/mw/com/impl/handle_type.h:18,
                 from ./score/mw/com/impl/proxy_base.h:18,
                 from ./score/mw/com/impl/generic_proxy_event.h:18,
                 from ./score/mw/com/impl/generic_proxy.h:18,
                 from ./score/mw/com/types.h:24,
                 from ./score/mw/com/mocking/i_runtime.h:17,
                 from ./score/mw/com/runtime.h:24,
                 from score/mw/com/test/common_test_resources/sctf_test_runner.cpp:16:
./score/mw/com/impl/com_error.h: In member function 'virtual std::string_view score::mw::com::impl::ComErrorDomain::MessageFor(const score::result::ErrorCode&) const':
./score/mw/com/impl/com_error.h:186:65: warning: 'score::mw::com::impl::ComErrc::kServiceInstanceAlreadyOffered' is deprecated: Value has never been used. Calls to OfferService shall be idempotent. [-Wdeprecated-declarations]
  186 |             case static_cast<score::result::ErrorCode>(ComErrc::kServiceInstanceAlreadyOffered):
      |                                                                 ^~~~~~~~~~~~~~~~~~~~~~~~~~~~~~
./score/mw/com/impl/com_error.h:57:5: note: declared here
   57 |     kServiceInstanceAlreadyOffered
      |     ^~~~~~~~~~~~~~~~~~~~~~~~~~~~~~
[1,241 / 1,632] [Prepa] OCI Descriptor external/rules_distroless++apt+ubuntu24_04_integration_testing_libctf0_2.42-4ubuntu2.10_amd64/layer.tar.gz
[1,407 / 1,632] Linking score/mw/com/test/find_any_semantics/client; 0s linux-sandbox ... (2 actions running)
[1,428 / 1,632] Linking score/mw/com/test/find_any_semantics/service; 0s linux-sandbox ... (2 actions, 1 running)
[1,494 / 1,632] [Prepa] OCI Image //score/mw/com/test/find_any_semantics/integration_test:_image_test_find_any_semantics
[1,623 / 1,632] OCI Image //score/mw/com/test/find_any_semantics/integration_test:_image_test_find_any_semantics; 1s linux-sandbox ... (2 actions, 1 running)
[1,625 / 1,632] OCI Image //score/mw/com/test/basic_rust_api/consumer_sync_apis/integration_test:_image_test_com_api_sync; 1s linux-sandbox ... (2 actions, 1 running)
[1,629 / 1,633] OCI Image //score/mw/com/test/basic_rust_api/consumer_async_apis/integration_test:_image_test_com_api_async; 0s linux-sandbox ... (2 actions, 1 running)
[1,630 / 1,634] OCI Image //score/mw/com/test/basic_rust_api/consumer_async_apis/integration_test:_image_test_com_api_async; 1s linux-sandbox ... (2 actions running)
[1,632 / 1,635] Testing //score/mw/com/test/basic_rust_api/consumer_sync_apis/integration_test:test_com_api_sync; 2s linux-sandbox ... (2 actions, 1 running)
[1,632 / 1,635] Testing //score/mw/com/test/basic_rust_api/consumer_sync_apis/integration_test:test_com_api_sync; 13s linux-sandbox ... (2 actions, 1 running)
[1,632 / 1,635] Testing //score/mw/com/test/basic_rust_api/consumer_sync_apis/integration_test:test_com_api_sync; 25s linux-sandbox ... (2 actions running)
[1,633 / 1,635] 1 / 3 tests; Testing //score/mw/com/test/find_any_semantics/integration_test:test_find_any_semantics; 1s linux-sandbox ... (2 actions, 1 running)
[1,633 / 1,635] 1 / 3 tests; Testing //score/mw/com/test/find_any_semantics/integration_test:test_find_any_semantics; 3s linux-sandbox ... (2 actions running)
[1,634 / 1,635] 2 / 3 tests; Testing //score/mw/com/test/basic_rust_api/consumer_async_apis/integration_test:test_com_api_async; 1s linux-sandbox
[1,634 / 1,635] 2 / 3 tests; Testing //score/mw/com/test/basic_rust_api/consumer_async_apis/integration_test:test_com_api_async; 11s linux-sandbox
[1,634 / 1,635] 3 / 3 tests; Testing //score/mw/com/test/basic_rust_api/consumer_async_apis/integration_test:test_com_api_async; 22s linux-sandbox
INFO: Found 3 test targets...
INFO: Elapsed time: 146.455s, Critical Path: 38.24s
INFO: 303 processes: 1346 action cache hit, 62 internal, 241 linux-sandbox.
INFO: Build completed successfully, 303 total actions
INFO: 
//score/mw/com/test/basic_rust_api/consumer_async_apis/integration_test:test_com_api_async PASSED in 22.9s
//score/mw/com/test/basic_rust_api/consumer_sync_apis/integration_test:test_com_api_sync PASSED in 25.3s
//score/mw/com/test/find_any_semantics/integration_test:test_find_any_semantics PASSED in 3.8s

Executed 3 out of 3 tests: 3 tests pass.
There were tests whose specified size is too big. Use the --test_verbose_timeout_warnings command line option to see which ones these are.
INFO: Build Event Protocol files produced successfully.
