Traceback (most recent call last):
  File "/home/jefferson/eclipse_sdv_hackathon_2026/contributions/communication-bug-queue-20261006/recovery-1/evidence4_rerun.py", line 21, in <module>
    analyzed = run('baseline-codeql-analyze-impl-rerun' + suffix, tree,
               ^^^^^^^^^^^^^^^^^^^^^^^^^^^^^^^^^^^^^^^^^^^^^^^^^^^^^^^^
  File "/home/jefferson/eclipse_sdv_hackathon_2026/contributions/communication-bug-queue-20261006/recovery-1/evidence4.py", line 24, in run
    result = measure(D, tree, label, args, timeout)
             ^^^^^^^^^^^^^^^^^^^^^^^^^^^^^^^^^^^^^^
  File "/home/jefferson/eclipse_sdv_hackathon_2026/contributions/communication-bug-queue-20261006/recovery-1/native_measure.py", line 105, in measure
    guard()
  File "/home/jefferson/eclipse_sdv_hackathon_2026/contributions/communication-bug-queue-20261006/recovery-1/native_measure.py", line 37, in guard
    validate_run_root(R)
  File "/media/jefferson/11c42dee-73a3-4c2b-ab42-a0440011d9e0/.s-core-build/runs/score-fabric-3fhaccha/fabric/src/score_sw_fabric/storage.py", line 332, in validate_run_root
  File "/home/jefferson/.local/share/uv/python/cpython-3.12.14-linux-x86_64-gnu/lib/python3.12/pathlib.py", line 1027, in read_text
    with self.open(mode='r', encoding=encoding, errors=errors) as f:
         ^^^^^^^^^^^^^^^^^^^^^^^^^^^^^^^^^^^^^^^^^^^^^^^^^^^^^
  File "/home/jefferson/.local/share/uv/python/cpython-3.12.14-linux-x86_64-gnu/lib/python3.12/pathlib.py", line 1013, in open
    return io.open(self, mode, buffering, encoding, errors, newline)
           ^^^^^^^^^^^^^^^^^^^^^^^^^^^^^^^^^^^^^^^^^^^^^^^^^^^^^^^^^
OSError: [Errno 5] Input/output error: '/media/jefferson/11c42dee-73a3-4c2b-ab42-a0440011d9e0/.s-core-build/runs/score-communication-bug-recovery-fw8j963z/storage-selection.json'
exit=1
