$TEST_TMPDIR defined, some defaults will be overridden
WARNING: Duplicate rc file: /media/jefferson/11c42dee-73a3-4c2b-ab42-a0440011d9e0/.s-core-build/runs/score-rust-issue-queue-ycbvxir7/workspaces/1264/quality/static_analysis/static_analysis.bazelrc is read multiple times, it is a standard rc file location but must have been unnecessarily imported earlier.
OpenJDK 64-Bit Server VM warning: Options -Xverify:none and -noverify were deprecated in JDK 13 and will likely be removed in a future release.
WARNING: The following configs were expanded more than once: [linux_x64_gcc_15]. For repeatable flags, repeats are counted twice and may lead to unexpected behavior.
Computing main repo mapping: 
WARNING: The following configs were expanded more than once: [linux_x64_gcc_15]. For repeatable flags, repeats are counted twice and may lead to unexpected behavior.
Computing main repo mapping: 
Computing main repo mapping: 
Computing main repo mapping: 
Computing main repo mapping: 
Computing main repo mapping: 
Computing main repo mapping: 
Loading: 
Loading: 5 packages loaded
Analyzing: 3 targets (7 packages loaded, 0 targets configured)
Analyzing: 3 targets (7 packages loaded, 0 targets configured)

Analyzing: 3 targets (99 packages loaded, 10 targets configured)

Analyzing: 3 targets (231 packages loaded, 9914 targets configured)

Analyzing: 3 targets (374 packages loaded, 14939 targets configured)

INFO: Analyzed 3 targets (374 packages loaded, 15145 targets configured).
[174 / 1,342] checking cached actions
[1,341 / 1,344] [Prepa] Testing //score/mw/com/impl/rust/com-api/com-api-runtime-lola:com-api-runtime-lola-tests
INFO: Found 3 test targets...
INFO: Elapsed time: 17.568s, Critical Path: 0.48s
INFO: 4 processes: 1360 action cache hit, 6 linux-sandbox.
INFO: Build completed successfully, 4 total actions
INFO: 
//score/mw/com/impl/rust/com-api/com-api-runtime-lola:com-api-runtime-lola-tests PASSED in 0.1s
//score/mw/com/rust/score_com_concept:score_com_concept-macros-unit-tests PASSED in 0.1s
//score/mw/com/rust/score_com_concept:score_com_concept-test             PASSED in 0.1s

Executed 3 out of 3 tests: 3 tests pass.
There were tests whose specified size is too big. Use the --test_verbose_timeout_warnings command line option to see which ones these are.
INFO: Build Event Protocol files produced successfully.
