OpenJDK 64-Bit Server VM warning: Options -Xverify:none and -noverify were deprecated in JDK 13 and will likely be removed in a future release.
Computing main repo mapping: 
Computing main repo mapping: 
Computing main repo mapping: 
Computing main repo mapping: 
Loading: 
Loading: 5 packages loaded
Analyzing: 2 targets (6 packages loaded, 0 targets configured)
Analyzing: 2 targets (6 packages loaded, 0 targets configured)

Analyzing: 2 targets (100 packages loaded, 11 targets configured)

Analyzing: 2 targets (178 packages loaded, 11310 targets configured)
[1 / 1] no actions running
INFO: Analyzed 2 targets (178 packages loaded, 11310 targets configured).
[20 / 21] [Prepa] Testing //tools/lint/buildifier:buildifier_lint_test
FAIL: //tools/lint/buildifier:buildifier_lint_test (Exit 1) (see /media/jefferson/11c42dee-73a3-4c2b-ab42-a0440011d9e0/.s-core-build/runs/score-communication-bug-recovery-fw8j963z/bazel-output/ae3faa9c0dd5776ee8fa52806c33e0fc/execroot/_main/bazel-out/k8-fastbuild/testlogs/tools/lint/buildifier/buildifier_lint_test/test.log)
INFO: From Testing //tools/lint/buildifier:buildifier_lint_test:
INFO: Found 1 target and 1 test target...
INFO: Elapsed time: 8.101s, Critical Path: 1.09s
INFO: 7 processes: 15 action cache hit, 5 internal, 2 processwrapper-sandbox.
INFO: Build completed, 1 test FAILED, 7 total actions
