OpenJDK 64-Bit Server VM warning: Options -Xverify:none and -noverify were deprecated in JDK 13 and will likely be removed in a future release.
Computing main repo mapping: 
Computing main repo mapping: 
Computing main repo mapping: 
Computing main repo mapping: 
Loading: 
Loading: 5 packages loaded
Analyzing: target //:format.check (6 packages loaded, 0 targets configured)
Analyzing: target //:format.check (6 packages loaded, 0 targets configured)

Analyzing: target //:format.check (105 packages loaded, 12 targets configured)

Analyzing: target //:format.check (188 packages loaded, 12655 targets configured)

INFO: Analyzed target //:format.check (198 packages loaded, 14633 targets configured).
[44 / 79] checking cached actions
INFO: Found 1 target...
Target //:format.check up-to-date:
  bazel-bin/format.check.bash
INFO: Elapsed time: 9.643s, Critical Path: 0.06s
INFO: 1 process: 128 action cache hit, 1 internal.
INFO: Build completed successfully, 1 total action
INFO: Running command line: bazel-bin/format.check.bash
170 files already formatted
Formatted Python in 0m0.017s
Formatted Starlark in 0m0.138s
Formatted C++ in 0m14.259s
Formatted Rust in 0m0.199s
