$TEST_TMPDIR defined, some defaults will be overridden
WARNING: Duplicate rc file: /media/jefferson/11c42dee-73a3-4c2b-ab42-a0440011d9e0/.s-core-build/runs/score-rust-issue-queue-ycbvxir7/workspaces/794/quality/static_analysis/static_analysis.bazelrc is read multiple times, it is a standard rc file location but must have been unnecessarily imported earlier.
OpenJDK 64-Bit Server VM warning: Options -Xverify:none and -noverify were deprecated in JDK 13 and will likely be removed in a future release.
WARNING: The following configs were expanded more than once: [linux_x64_gcc_15]. For repeatable flags, repeats are counted twice and may lead to unexpected behavior.
Computing main repo mapping: 
WARNING: The following configs were expanded more than once: [linux_x64_gcc_15]. For repeatable flags, repeats are counted twice and may lead to unexpected behavior.
Computing main repo mapping: 
Computing main repo mapping: 
Computing main repo mapping: 
Computing main repo mapping: 
Computing main repo mapping: 
Computing main repo mapping: 
Loading: 
Loading: 5 packages loaded
Analyzing: target //score/mw/com/rust/score_com_macros:score-com-macros-tests (6 packages loaded, 0 targets configured)
Analyzing: target //score/mw/com/rust/score_com_macros:score-com-macros-tests (6 packages loaded, 0 targets configured)

Analyzing: target //score/mw/com/rust/score_com_macros:score-com-macros-tests (98 packages loaded, 8 targets configured)

Analyzing: target //score/mw/com/rust/score_com_macros:score-com-macros-tests (172 packages loaded, 9428 targets configured)

INFO: Analyzed target //score/mw/com/rust/score_com_macros:score-com-macros-tests (250 packages loaded, 11968 targets configured).
[10 / 20] checking cached actions
INFO: Found 1 target...
Target //score/mw/com/rust/score_com_macros:score-com-macros-tests up-to-date:
  bazel-bin/score/mw/com/rust/score_com_macros/score-com-macros-tests.rustdoc_test.sh
INFO: Elapsed time: 15.697s, Critical Path: 0.43s
INFO: 1 process: 252 action cache hit, 1 internal.
INFO: Build completed successfully, 1 total action
