$TEST_TMPDIR defined, some defaults will be overridden
OpenJDK 64-Bit Server VM warning: Options -Xverify:none and -noverify were deprecated in JDK 13 and will likely be removed in a future release.
Computing main repo mapping: 
Computing main repo mapping: 
Computing main repo mapping: 
Computing main repo mapping: 
Loading: 
Loading: 5 packages loaded
Analyzing: target //:format.check (6 packages loaded, 0 targets configured)
Analyzing: target //:format.check (6 packages loaded, 0 targets configured)

Analyzing: target //:format.check (181 packages loaded, 12533 targets configured)

Analyzing: target //:format.check (185 packages loaded, 12623 targets configured)

Analyzing: target //:format.check (185 packages loaded, 12623 targets configured)

DEBUG: Rule '+_repo_rules3+clang_format' indicated that a canonical reproducible form can be obtained by modifying arguments integrity = "sha256-Lj6lg0XiCgKLjDWv+WT3TfFOTNF+LVJKjvwbqeztfaI="
DEBUG: Repository +_repo_rules3+clang_format instantiated at:
  <builtin>: in <toplevel>
Repository rule file defined at:
  /media/jefferson/11c42dee-73a3-4c2b-ab42-a0440011d9e0/.s-core-build/runs/score-fabric-3fhaccha/bazel-output/e57f7dfc140c5b8f945597d6f38a1128/external/download_utils+/download/file/repository.bzl:75:23: in <toplevel>
Analyzing: target //:format.check (186 packages loaded, 12625 targets configured)

Analyzing: target //:format.check (186 packages loaded, 12625 targets configured)

Analyzing: target //:format.check (187 packages loaded, 12631 targets configured)

Analyzing: target //:format.check (188 packages loaded, 12636 targets configured)

Analyzing: target //:format.check (188 packages loaded, 12636 targets configured)

Analyzing: target //:format.check (188 packages loaded, 12636 targets configured)

Analyzing: target //:format.check (188 packages loaded, 12636 targets configured)

Analyzing: target //:format.check (188 packages loaded, 12636 targets configured)

Analyzing: target //:format.check (188 packages loaded, 12636 targets configured)

Analyzing: target //:format.check (188 packages loaded, 12636 targets configured)

Analyzing: target //:format.check (188 packages loaded, 12636 targets configured)

Analyzing: target //:format.check (188 packages loaded, 12636 targets configured)

Analyzing: target //:format.check (188 packages loaded, 12636 targets configured)

Analyzing: target //:format.check (188 packages loaded, 12636 targets configured)

Analyzing: target //:format.check (188 packages loaded, 12636 targets configured)

Analyzing: target //:format.check (188 packages loaded, 12636 targets configured)

Analyzing: target //:format.check (188 packages loaded, 12636 targets configured)

Analyzing: target //:format.check (188 packages loaded, 12636 targets configured)

Analyzing: target //:format.check (188 packages loaded, 12636 targets configured)

Analyzing: target //:format.check (188 packages loaded, 12636 targets configured)

Analyzing: target //:format.check (188 packages loaded, 12636 targets configured)

Analyzing: target //:format.check (188 packages loaded, 12636 targets configured)

Analyzing: target //:format.check (188 packages loaded, 12636 targets configured)

Analyzing: target //:format.check (188 packages loaded, 12636 targets configured)

INFO: Analyzed target //:format.check (198 packages loaded, 14633 targets configured).
[86 / 126] [Prepa] Creating source manifest for //:format.check ... (2 actions, 0 running)
ERROR: /media/jefferson/11c42dee-73a3-4c2b-ab42-a0440011d9e0/.s-core-build/runs/score-fabric-3fhaccha/bazel-output/e57f7dfc140c5b8f945597d6f38a1128/external/rules_rust++i+rules_rust_tinyjson/BUILD.bazel:4:37: Compiling Rust (without process_wrapper) rlib tinyjson (4 files) [for tool] failed: (Exit 1): bootstrap_process_wrapper.sh failed: error executing Rustc command (from target @@rules_rust++i+rules_rust_tinyjson//:tinyjson) bazel-out/k8-opt-exec-ST-d57f47055a04/bin/external/rules_rust+/util/process_wrapper/bootstrap_process_wrapper.sh -- ... (remaining 25 arguments skipped)

Use --sandbox_debug to see verbose messages from the sandbox and retain the sandbox build root for debugging
bazel-out/k8-opt-exec-ST-d57f47055a04/bin/external/score_toolchains_rust++ferrocene_toolchain_ext+ferrocene_x86_64_unknown_linux_gnu/rust_ferrocene/bin/rustc: /lib/x86_64-linux-gnu/libstdc++.so.6: version `GLIBCXX_3.4.32' not found (required by /media/jefferson/11c42dee-73a3-4c2b-ab42-a0440011d9e0/.s-core-build/runs/score-fabric-3fhaccha/bazel-output/e57f7dfc140c5b8f945597d6f38a1128/external/score_toolchains_rust++ferrocene_toolchain_ext+ferrocene_x86_64_unknown_linux_gnu/bin/../lib/librustc_driver-c236fde3428c5a4d.so)
bazel-out/k8-opt-exec-ST-d57f47055a04/bin/external/score_toolchains_rust++ferrocene_toolchain_ext+ferrocene_x86_64_unknown_linux_gnu/rust_ferrocene/bin/rustc: /lib/x86_64-linux-gnu/libc.so.6: version `GLIBC_2.36' not found (required by /media/jefferson/11c42dee-73a3-4c2b-ab42-a0440011d9e0/.s-core-build/runs/score-fabric-3fhaccha/bazel-output/e57f7dfc140c5b8f945597d6f38a1128/external/score_toolchains_rust++ferrocene_toolchain_ext+ferrocene_x86_64_unknown_linux_gnu/bin/../lib/librustc_driver-c236fde3428c5a4d.so)
bazel-out/k8-opt-exec-ST-d57f47055a04/bin/external/score_toolchains_rust++ferrocene_toolchain_ext+ferrocene_x86_64_unknown_linux_gnu/rust_ferrocene/bin/rustc: /lib/x86_64-linux-gnu/libc.so.6: version `GLIBC_2.38' not found (required by /media/jefferson/11c42dee-73a3-4c2b-ab42-a0440011d9e0/.s-core-build/runs/score-fabric-3fhaccha/bazel-output/e57f7dfc140c5b8f945597d6f38a1128/external/score_toolchains_rust++ferrocene_toolchain_ext+ferrocene_x86_64_unknown_linux_gnu/bin/../lib/librustc_driver-c236fde3428c5a4d.so)
bazel-out/k8-opt-exec-ST-d57f47055a04/bin/external/score_toolchains_rust++ferrocene_toolchain_ext+ferrocene_x86_64_unknown_linux_gnu/rust_ferrocene/bin/rustc: /lib/x86_64-linux-gnu/libc.so.6: version `GLIBC_2.39' not found (required by /media/jefferson/11c42dee-73a3-4c2b-ab42-a0440011d9e0/.s-core-build/runs/score-fabric-3fhaccha/bazel-output/e57f7dfc140c5b8f945597d6f38a1128/external/score_toolchains_rust++ferrocene_toolchain_ext+ferrocene_x86_64_unknown_linux_gnu/bin/../lib/librustc_driver-c236fde3428c5a4d.so)
Target //:format.check failed to build
Use --verbose_failures to see the command lines of failed build steps.
INFO: Elapsed time: 39.197s, Critical Path: 0.26s
INFO: 123 processes: 123 internal.
ERROR: Build did NOT complete successfully
ERROR: Build failed. Not running target
