[1/196] Building C object threadx/CMakeFiles/threadx.dir/ports/linux/gnu/src/tx_thread_context_save.c.o
[2/196] Building C object threadx/CMakeFiles/threadx.dir/ports/linux/gnu/src/tx_thread_context_restore.c.o
[3/196] Building C object CMakeFiles/stack_create_probe.dir/stack_create_probe.c.o
[4/196] Building C object threadx/CMakeFiles/threadx.dir/ports/linux/gnu/src/tx_initialize_low_level.c.o
/media/jefferson/11c42dee-73a3-4c2b-ab42-a0440011d9e0/threadx-contributions/744/source/ports/linux/gnu/src/tx_initialize_low_level.c: In function ‘_tx_linux_timer_interrupt’:
/media/jefferson/11c42dee-73a3-4c2b-ab42-a0440011d9e0/threadx-contributions/744/source/ports/linux/gnu/src/tx_initialize_low_level.c:325:5: warning: ignoring return value of ‘nice’ declared with attribute ‘warn_unused_result’ [-Wunused-result]
  325 |     nice(10);
      |     ^~~~~~~~
[5/196] Building C object threadx/CMakeFiles/threadx.dir/ports/linux/gnu/src/tx_thread_interrupt_control.c.o
[6/196] Building C object threadx/CMakeFiles/threadx.dir/ports/linux/gnu/src/tx_thread_schedule.c.o
[7/196] Building C object threadx/CMakeFiles/threadx.dir/ports/linux/gnu/src/tx_thread_system_return.c.o
[8/196] Building C object threadx/CMakeFiles/threadx.dir/ports/linux/gnu/src/tx_thread_stack_build.c.o
/media/jefferson/11c42dee-73a3-4c2b-ab42-a0440011d9e0/threadx-contributions/744/source/ports/linux/gnu/src/tx_thread_stack_build.c: In function ‘_tx_linux_thread_entry’:
/media/jefferson/11c42dee-73a3-4c2b-ab42-a0440011d9e0/threadx-contributions/744/source/ports/linux/gnu/src/tx_thread_stack_build.c:145:5: warning: ignoring return value of ‘nice’ declared with attribute ‘warn_unused_result’ [-Wunused-result]
  145 |     nice(20);
      |     ^~~~~~~~
[9/196] Building C object threadx/CMakeFiles/threadx.dir/ports/linux/gnu/src/tx_timer_interrupt.c.o
[10/196] Building C object threadx/CMakeFiles/threadx.dir/common/src/tx_thread_delete.c.o
[11/196] Building C object threadx/CMakeFiles/threadx.dir/common/src/tx_thread_reset.c.o
[12/196] Building C object threadx/CMakeFiles/threadx.dir/common/src/tx_block_pool_cleanup.c.o
[13/196] Building C object threadx/CMakeFiles/threadx.dir/common/src/tx_block_allocate.c.o
[14/196] Building C object threadx/CMakeFiles/threadx.dir/common/src/tx_block_pool_create.c.o
[15/196] Building C object threadx/CMakeFiles/threadx.dir/common/src/tx_block_pool_info_get.c.o
[16/196] Building C object threadx/CMakeFiles/threadx.dir/common/src/tx_block_pool_initialize.c.o
[17/196] Building C object threadx/CMakeFiles/threadx.dir/common/src/tx_block_pool_performance_info_get.c.o
[18/196] Building C object threadx/CMakeFiles/threadx.dir/common/src/tx_block_pool_delete.c.o
[19/196] Building C object threadx/CMakeFiles/threadx.dir/common/src/tx_block_release.c.o
[20/196] Building C object threadx/CMakeFiles/threadx.dir/common/src/tx_block_pool_performance_system_info_get.c.o
[21/196] Building C object threadx/CMakeFiles/threadx.dir/common/src/tx_block_pool_prioritize.c.o
[22/196] Building C object threadx/CMakeFiles/threadx.dir/common/src/tx_byte_allocate.c.o
[23/196] Building C object threadx/CMakeFiles/threadx.dir/common/src/tx_byte_pool_create.c.o
[24/196] Building C object threadx/CMakeFiles/threadx.dir/common/src/tx_byte_pool_cleanup.c.o
[25/196] Building C object threadx/CMakeFiles/threadx.dir/common/src/tx_byte_pool_delete.c.o
[26/196] Building C object threadx/CMakeFiles/threadx.dir/common/src/tx_byte_pool_info_get.c.o
[27/196] Building C object threadx/CMakeFiles/threadx.dir/common/src/tx_byte_pool_initialize.c.o
[28/196] Building C object threadx/CMakeFiles/threadx.dir/common/src/tx_byte_pool_performance_info_get.c.o
[29/196] Building C object threadx/CMakeFiles/threadx.dir/common/src/tx_byte_pool_performance_system_info_get.c.o
[30/196] Building C object threadx/CMakeFiles/threadx.dir/common/src/tx_byte_pool_prioritize.c.o
[31/196] Building C object threadx/CMakeFiles/threadx.dir/common/src/tx_byte_pool_search.c.o
[32/196] Building C object threadx/CMakeFiles/threadx.dir/common/src/tx_byte_release.c.o
[33/196] Building C object threadx/CMakeFiles/threadx.dir/common/src/tx_event_flags_cleanup.c.o
[34/196] Building C object threadx/CMakeFiles/threadx.dir/common/src/tx_event_flags_create.c.o
[35/196] Building C object threadx/CMakeFiles/threadx.dir/common/src/tx_event_flags_get.c.o
[36/196] Building C object threadx/CMakeFiles/threadx.dir/common/src/tx_event_flags_delete.c.o
[37/196] Building C object threadx/CMakeFiles/threadx.dir/common/src/tx_event_flags_info_get.c.o
[38/196] Building C object threadx/CMakeFiles/threadx.dir/common/src/tx_event_flags_initialize.c.o
[39/196] Building C object threadx/CMakeFiles/threadx.dir/common/src/tx_event_flags_performance_system_info_get.c.o
[40/196] Building C object threadx/CMakeFiles/threadx.dir/common/src/tx_event_flags_performance_info_get.c.o
[41/196] Building C object threadx/CMakeFiles/threadx.dir/common/src/tx_initialize_high_level.c.o
[42/196] Building C object threadx/CMakeFiles/threadx.dir/common/src/tx_event_flags_set_notify.c.o
[43/196] Building C object threadx/CMakeFiles/threadx.dir/common/src/tx_event_flags_set.c.o
[44/196] Building C object threadx/CMakeFiles/threadx.dir/common/src/tx_initialize_kernel_enter.c.o
[45/196] Building C object threadx/CMakeFiles/threadx.dir/common/src/tx_initialize_kernel_setup.c.o
[46/196] Building C object threadx/CMakeFiles/threadx.dir/common/src/tx_mutex_create.c.o
[47/196] Building C object threadx/CMakeFiles/threadx.dir/common/src/tx_mutex_cleanup.c.o
[48/196] Building C object threadx/CMakeFiles/threadx.dir/common/src/tx_misra.c.o
/media/jefferson/11c42dee-73a3-4c2b-ab42-a0440011d9e0/threadx-contributions/744/source/common/src/tx_misra.c: In function ‘_tx_misra_pointer_to_ulong_convert’:
/media/jefferson/11c42dee-73a3-4c2b-ab42-a0440011d9e0/threadx-contributions/744/source/common/src/tx_misra.c:110:12: warning: cast from pointer to integer of different size [-Wpointer-to-int-cast]
  110 |     return((ULONG) ptr);
      |            ^
/media/jefferson/11c42dee-73a3-4c2b-ab42-a0440011d9e0/threadx-contributions/744/source/common/src/tx_misra.c: In function ‘_tx_misra_ulong_to_pointer_convert’:
/media/jefferson/11c42dee-73a3-4c2b-ab42-a0440011d9e0/threadx-contributions/744/source/common/src/tx_misra.c:169:12: warning: cast to pointer from integer of different size [-Wint-to-pointer-cast]
  169 |     return((VOID *) input);
      |            ^
/media/jefferson/11c42dee-73a3-4c2b-ab42-a0440011d9e0/threadx-contributions/744/source/common/src/tx_misra.c: In function ‘_tx_misra_ulong_to_thread_pointer_convert’:
/media/jefferson/11c42dee-73a3-4c2b-ab42-a0440011d9e0/threadx-contributions/744/source/common/src/tx_misra.c:692:27: warning: cast to pointer from integer of different size [-Wint-to-pointer-cast]
  692 |     return((TX_THREAD *) ((VOID *) value));
      |                           ^
[49/196] Building C object threadx/CMakeFiles/threadx.dir/common/src/tx_mutex_delete.c.o
[50/196] Building C object threadx/CMakeFiles/threadx.dir/common/src/tx_mutex_get.c.o
[51/196] Building C object threadx/CMakeFiles/threadx.dir/common/src/tx_mutex_info_get.c.o
[52/196] Building C object threadx/CMakeFiles/threadx.dir/common/src/tx_mutex_initialize.c.o
[53/196] Building C object threadx/CMakeFiles/threadx.dir/common/src/tx_mutex_performance_info_get.c.o
[54/196] Building C object threadx/CMakeFiles/threadx.dir/common/src/tx_mutex_performance_system_info_get.c.o
[55/196] Building C object threadx/CMakeFiles/threadx.dir/common/src/tx_mutex_priority_change.c.o
[56/196] Building C object threadx/CMakeFiles/threadx.dir/common/src/tx_mutex_prioritize.c.o
[57/196] Building C object threadx/CMakeFiles/threadx.dir/common/src/tx_queue_cleanup.c.o
[58/196] Building C object threadx/CMakeFiles/threadx.dir/common/src/tx_mutex_put.c.o
[59/196] Building C object threadx/CMakeFiles/threadx.dir/common/src/tx_queue_create.c.o
[60/196] Building C object threadx/CMakeFiles/threadx.dir/common/src/tx_queue_delete.c.o
[61/196] Building C object threadx/CMakeFiles/threadx.dir/common/src/tx_queue_flush.c.o
[62/196] Building C object threadx/CMakeFiles/threadx.dir/common/src/tx_queue_front_send.c.o
[63/196] Building C object threadx/CMakeFiles/threadx.dir/common/src/tx_queue_initialize.c.o
[64/196] Building C object threadx/CMakeFiles/threadx.dir/common/src/tx_queue_info_get.c.o
[65/196] Building C object threadx/CMakeFiles/threadx.dir/common/src/tx_queue_performance_system_info_get.c.o
[66/196] Building C object threadx/CMakeFiles/threadx.dir/common/src/tx_queue_performance_info_get.c.o
[67/196] Building C object threadx/CMakeFiles/threadx.dir/common/src/tx_queue_prioritize.c.o
[68/196] Building C object threadx/CMakeFiles/threadx.dir/common/src/tx_queue_send_notify.c.o
[69/196] Building C object threadx/CMakeFiles/threadx.dir/common/src/tx_queue_receive.c.o
[70/196] Building C object threadx/CMakeFiles/threadx.dir/common/src/tx_queue_send.c.o
[71/196] Building C object threadx/CMakeFiles/threadx.dir/common/src/tx_semaphore_ceiling_put.c.o
[72/196] Building C object threadx/CMakeFiles/threadx.dir/common/src/tx_semaphore_create.c.o
[73/196] Building C object threadx/CMakeFiles/threadx.dir/common/src/tx_semaphore_cleanup.c.o
[74/196] Building C object threadx/CMakeFiles/threadx.dir/common/src/tx_semaphore_delete.c.o
[75/196] Building C object threadx/CMakeFiles/threadx.dir/common/src/tx_semaphore_get.c.o
[76/196] Building C object threadx/CMakeFiles/threadx.dir/common/src/tx_semaphore_initialize.c.o
[77/196] Building C object threadx/CMakeFiles/threadx.dir/common/src/tx_semaphore_performance_info_get.c.o
[78/196] Building C object threadx/CMakeFiles/threadx.dir/common/src/tx_semaphore_info_get.c.o
[79/196] Building C object threadx/CMakeFiles/threadx.dir/common/src/tx_semaphore_performance_system_info_get.c.o
[80/196] Building C object threadx/CMakeFiles/threadx.dir/common/src/tx_semaphore_put.c.o
[81/196] Building C object threadx/CMakeFiles/threadx.dir/common/src/tx_semaphore_prioritize.c.o
[82/196] Building C object threadx/CMakeFiles/threadx.dir/common/src/tx_semaphore_put_notify.c.o
[83/196] Building C object threadx/CMakeFiles/threadx.dir/common/src/tx_thread_identify.c.o
[84/196] Building C object threadx/CMakeFiles/threadx.dir/common/src/tx_thread_entry_exit_notify.c.o
[85/196] Building C object threadx/CMakeFiles/threadx.dir/common/src/tx_thread_info_get.c.o
[86/196] Building C object threadx/CMakeFiles/threadx.dir/common/src/tx_thread_create.c.o
[87/196] Building C object threadx/CMakeFiles/threadx.dir/common/src/tx_thread_performance_system_info_get.c.o
[88/196] Building C object threadx/CMakeFiles/threadx.dir/common/src/tx_thread_initialize.c.o
[89/196] Building C object threadx/CMakeFiles/threadx.dir/common/src/tx_thread_performance_info_get.c.o
[90/196] Building C object threadx/CMakeFiles/threadx.dir/common/src/tx_thread_preemption_change.c.o
[91/196] Building C object threadx/CMakeFiles/threadx.dir/common/src/tx_thread_priority_change.c.o
[92/196] Building C object threadx/CMakeFiles/threadx.dir/common/src/tx_thread_resume.c.o
[93/196] Building C object threadx/CMakeFiles/threadx.dir/common/src/tx_thread_relinquish.c.o
[94/196] Building C object threadx/CMakeFiles/threadx.dir/common/src/tx_thread_shell_entry.c.o
[95/196] Building C object threadx/CMakeFiles/threadx.dir/common/src/tx_thread_sleep.c.o
[96/196] Building C object threadx/CMakeFiles/threadx.dir/common/src/tx_thread_stack_error_handler.c.o
[97/196] Building C object threadx/CMakeFiles/threadx.dir/common/src/tx_thread_stack_analyze.c.o
[98/196] Building C object threadx/CMakeFiles/threadx.dir/common/src/tx_thread_stack_error_notify.c.o
[99/196] Building C object threadx/CMakeFiles/threadx.dir/common/src/tx_thread_system_preempt_check.c.o
[100/196] Building C object threadx/CMakeFiles/threadx.dir/common/src/tx_thread_suspend.c.o
[101/196] Building C object threadx/CMakeFiles/threadx.dir/common/src/tx_thread_system_resume.c.o
[102/196] Building C object threadx/CMakeFiles/threadx.dir/common/src/tx_thread_system_suspend.c.o
[103/196] Building C object threadx/CMakeFiles/threadx.dir/common/src/tx_thread_terminate.c.o
[104/196] Building C object threadx/CMakeFiles/threadx.dir/common/src/tx_thread_time_slice_change.c.o
[105/196] Building C object threadx/CMakeFiles/threadx.dir/common/src/tx_thread_time_slice.c.o
[106/196] Building C object threadx/CMakeFiles/threadx.dir/common/src/tx_thread_timeout.c.o
[107/196] Building C object threadx/CMakeFiles/threadx.dir/common/src/tx_thread_wait_abort.c.o
[108/196] Building C object threadx/CMakeFiles/threadx.dir/common/src/tx_time_get.c.o
[109/196] Building C object threadx/CMakeFiles/threadx.dir/common/src/tx_time_set.c.o
[110/196] Building C object threadx/CMakeFiles/threadx.dir/common/src/tx_timer_activate.c.o
[111/196] Building C object threadx/CMakeFiles/threadx.dir/common/src/tx_timer_change.c.o
[112/196] Building C object threadx/CMakeFiles/threadx.dir/common/src/tx_timer_create.c.o
[113/196] Building C object threadx/CMakeFiles/threadx.dir/common/src/tx_timer_delete.c.o
[114/196] Building C object threadx/CMakeFiles/threadx.dir/common/src/tx_timer_deactivate.c.o
[115/196] Building C object threadx/CMakeFiles/threadx.dir/common/src/tx_timer_expiration_process.c.o
[116/196] Building C object threadx/CMakeFiles/threadx.dir/common/src/tx_timer_performance_info_get.c.o
[117/196] Building C object threadx/CMakeFiles/threadx.dir/common/src/tx_timer_initialize.c.o
[118/196] Building C object threadx/CMakeFiles/threadx.dir/common/src/tx_timer_performance_system_info_get.c.o
[119/196] Building C object threadx/CMakeFiles/threadx.dir/common/src/tx_timer_info_get.c.o
[120/196] Building C object threadx/CMakeFiles/threadx.dir/common/src/tx_timer_thread_entry.c.o
[121/196] Building C object threadx/CMakeFiles/threadx.dir/common/src/tx_timer_system_deactivate.c.o
[122/196] Building C object threadx/CMakeFiles/threadx.dir/common/src/tx_timer_system_activate.c.o
[123/196] Building C object threadx/CMakeFiles/threadx.dir/common/src/tx_trace_buffer_full_notify.c.o
[124/196] Building C object threadx/CMakeFiles/threadx.dir/common/src/tx_trace_enable.c.o
[125/196] Building C object threadx/CMakeFiles/threadx.dir/common/src/tx_trace_disable.c.o
[126/196] Building C object threadx/CMakeFiles/threadx.dir/common/src/tx_trace_event_filter.c.o
[127/196] Building C object threadx/CMakeFiles/threadx.dir/common/src/tx_trace_event_unfilter.c.o
[128/196] Building C object threadx/CMakeFiles/threadx.dir/common/src/tx_trace_initialize.c.o
[129/196] Building C object threadx/CMakeFiles/threadx.dir/common/src/tx_trace_interrupt_control.c.o
[130/196] Building C object threadx/CMakeFiles/threadx.dir/common/src/tx_trace_isr_enter_insert.c.o
[131/196] Building C object threadx/CMakeFiles/threadx.dir/common/src/tx_trace_isr_exit_insert.c.o
[132/196] Building C object threadx/CMakeFiles/threadx.dir/common/src/tx_trace_object_register.c.o
[133/196] Building C object threadx/CMakeFiles/threadx.dir/common/src/tx_trace_object_unregister.c.o
[134/196] Building C object threadx/CMakeFiles/threadx.dir/common/src/tx_trace_user_event_insert.c.o
[135/196] Building C object threadx/CMakeFiles/threadx.dir/common/src/txe_block_allocate.c.o
[136/196] Building C object threadx/CMakeFiles/threadx.dir/common/src/txe_block_pool_create.c.o
[137/196] Building C object threadx/CMakeFiles/threadx.dir/common/src/txe_block_pool_delete.c.o
[138/196] Building C object threadx/CMakeFiles/threadx.dir/common/src/txe_block_pool_info_get.c.o
[139/196] Building C object threadx/CMakeFiles/threadx.dir/common/src/txe_block_pool_prioritize.c.o
[140/196] Building C object threadx/CMakeFiles/threadx.dir/common/src/txe_byte_allocate.c.o
[141/196] Building C object threadx/CMakeFiles/threadx.dir/common/src/txe_block_release.c.o
[142/196] Building C object threadx/CMakeFiles/threadx.dir/common/src/txe_byte_pool_delete.c.o
[143/196] Building C object threadx/CMakeFiles/threadx.dir/common/src/txe_byte_pool_create.c.o
[144/196] Building C object threadx/CMakeFiles/threadx.dir/common/src/txe_byte_pool_prioritize.c.o
[145/196] Building C object threadx/CMakeFiles/threadx.dir/common/src/txe_byte_release.c.o
[146/196] Building C object threadx/CMakeFiles/threadx.dir/common/src/txe_byte_pool_info_get.c.o
[147/196] Building C object threadx/CMakeFiles/threadx.dir/common/src/txe_event_flags_create.c.o
[148/196] Building C object threadx/CMakeFiles/threadx.dir/common/src/txe_event_flags_info_get.c.o
[149/196] Building C object threadx/CMakeFiles/threadx.dir/common/src/txe_event_flags_get.c.o
[150/196] Building C object threadx/CMakeFiles/threadx.dir/common/src/txe_event_flags_delete.c.o
[151/196] Building C object threadx/CMakeFiles/threadx.dir/common/src/txe_event_flags_set.c.o
[152/196] Building C object threadx/CMakeFiles/threadx.dir/common/src/txe_event_flags_set_notify.c.o
[153/196] Building C object threadx/CMakeFiles/threadx.dir/common/src/txe_mutex_create.c.o
[154/196] Building C object threadx/CMakeFiles/threadx.dir/common/src/txe_mutex_get.c.o
[155/196] Building C object threadx/CMakeFiles/threadx.dir/common/src/txe_mutex_delete.c.o
[156/196] Building C object threadx/CMakeFiles/threadx.dir/common/src/txe_mutex_put.c.o
[157/196] Building C object threadx/CMakeFiles/threadx.dir/common/src/txe_mutex_prioritize.c.o
[158/196] Building C object threadx/CMakeFiles/threadx.dir/common/src/txe_mutex_info_get.c.o
[159/196] Building C object threadx/CMakeFiles/threadx.dir/common/src/txe_queue_create.c.o
[160/196] Building C object threadx/CMakeFiles/threadx.dir/common/src/txe_queue_flush.c.o
[161/196] Building C object threadx/CMakeFiles/threadx.dir/common/src/txe_queue_front_send.c.o
[162/196] Building C object threadx/CMakeFiles/threadx.dir/common/src/txe_queue_delete.c.o
[163/196] Building C object threadx/CMakeFiles/threadx.dir/common/src/txe_queue_info_get.c.o
[164/196] Building C object threadx/CMakeFiles/threadx.dir/common/src/txe_queue_receive.c.o
[165/196] Building C object threadx/CMakeFiles/threadx.dir/common/src/txe_queue_prioritize.c.o
[166/196] Building C object threadx/CMakeFiles/threadx.dir/common/src/txe_queue_send.c.o
[167/196] Building C object threadx/CMakeFiles/threadx.dir/common/src/txe_queue_send_notify.c.o
[168/196] Building C object threadx/CMakeFiles/threadx.dir/common/src/txe_semaphore_delete.c.o
[169/196] Building C object threadx/CMakeFiles/threadx.dir/common/src/txe_semaphore_ceiling_put.c.o
[170/196] Building C object threadx/CMakeFiles/threadx.dir/common/src/txe_semaphore_get.c.o
[171/196] Building C object threadx/CMakeFiles/threadx.dir/common/src/txe_semaphore_create.c.o
[172/196] Building C object threadx/CMakeFiles/threadx.dir/common/src/txe_semaphore_info_get.c.o
[173/196] Building C object threadx/CMakeFiles/threadx.dir/common/src/txe_semaphore_prioritize.c.o
[174/196] Building C object threadx/CMakeFiles/threadx.dir/common/src/txe_semaphore_put.c.o
[175/196] Building C object threadx/CMakeFiles/threadx.dir/common/src/txe_semaphore_put_notify.c.o
[176/196] Building C object threadx/CMakeFiles/threadx.dir/common/src/txe_thread_create.c.o
[177/196] Building C object threadx/CMakeFiles/threadx.dir/common/src/txe_thread_entry_exit_notify.c.o
[178/196] Building C object threadx/CMakeFiles/threadx.dir/common/src/txe_thread_delete.c.o
[179/196] Building C object threadx/CMakeFiles/threadx.dir/common/src/txe_thread_info_get.c.o
[180/196] Building C object threadx/CMakeFiles/threadx.dir/common/src/txe_thread_preemption_change.c.o
[181/196] Building C object threadx/CMakeFiles/threadx.dir/common/src/txe_thread_relinquish.c.o
[182/196] Building C object threadx/CMakeFiles/threadx.dir/common/src/txe_thread_reset.c.o
[183/196] Building C object threadx/CMakeFiles/threadx.dir/common/src/txe_thread_priority_change.c.o
[184/196] Building C object threadx/CMakeFiles/threadx.dir/common/src/txe_thread_resume.c.o
[185/196] Building C object threadx/CMakeFiles/threadx.dir/common/src/txe_thread_terminate.c.o
[186/196] Building C object threadx/CMakeFiles/threadx.dir/common/src/txe_thread_time_slice_change.c.o
[187/196] Building C object threadx/CMakeFiles/threadx.dir/common/src/txe_thread_suspend.c.o
[188/196] Building C object threadx/CMakeFiles/threadx.dir/common/src/txe_thread_wait_abort.c.o
[189/196] Building C object threadx/CMakeFiles/threadx.dir/common/src/txe_timer_activate.c.o
[190/196] Building C object threadx/CMakeFiles/threadx.dir/common/src/txe_timer_change.c.o
[191/196] Building C object threadx/CMakeFiles/threadx.dir/common/src/txe_timer_create.c.o
[192/196] Building C object threadx/CMakeFiles/threadx.dir/common/src/txe_timer_deactivate.c.o
[193/196] Building C object threadx/CMakeFiles/threadx.dir/common/src/txe_timer_delete.c.o
[194/196] Building C object threadx/CMakeFiles/threadx.dir/common/src/txe_timer_info_get.c.o
[195/196] Linking C static library threadx/libthreadx.a
[196/196] Linking C executable stack_create_probe
