{
  "checks": {
    "sections": [
      {
        "checks": [
          {
            "details": [
              {
                "text": "Setup commands: 0",
                "warn": false
              },
              {
                "text": "Git: dirty",
                "warn": true
              }
            ],
            "name": "Repository",
            "status": "pass",
            "summary": "jnsagai/s-core_sw_fabric"
          },
          {
            "details": [
              {
                "text": "Nodes: 5",
                "warn": false
              },
              {
                "text": "Edges: 7",
                "warn": false
              },
              {
                "text": "Goal: Execute reviewed S-CORE obligations",
                "warn": false
              }
            ],
            "name": "Workflow",
            "status": "pass",
            "summary": "SCoreWorkflow"
          },
          {
            "details": [
              {
                "text": "Provider: local",
                "warn": false
              }
            ],
            "name": "Sandbox",
            "status": "pass",
            "summary": "local"
          }
        ],
        "title": ""
      }
    ],
    "title": "Run Preflight"
  },
  "ok": true,
  "workflow": {
    "diagnostics": [
      {
        "message": "`[run.run_branch]` in `../eclipse_sdv_hackathon_2026/contributions/communication-1167/verification/workflow/workflow.toml` is ignored: the standalone runner performs no Git operations of its own",
        "rule": "ignored.workflow_toml.run.run_branch",
        "severity": "warning",
        "source_path": "../eclipse_sdv_hackathon_2026/contributions/communication-1167/verification/workflow/workflow.toml"
      }
    ],
    "edges": 7,
    "goal": "Execute reviewed S-CORE obligations",
    "graph_path": "../eclipse_sdv_hackathon_2026/contributions/communication-1167/verification/workflow/workflow.fabro",
    "name": "SCoreWorkflow",
    "nodes": 5
  }
}
