OpenJDK 64-Bit Server VM warning: Options -Xverify:none and -noverify were deprecated in JDK 13 and will likely be removed in a future release.
Computing main repo mapping: 
Computing main repo mapping: 
Loading: 
Loading: 1 packages loaded
DEBUG: /media/jefferson/11c42dee-73a3-4c2b-ab42-a0440011d9e0/.s-core-build/runs/score-assessment-fixes-_g8_rb47/docs-as-code/docs.bzl:705:14: INFO: ⚠️ DEPRECATED: Passing a Needs inventory through docs(data = [...]) is deprecated!!! Move it to external_needs = [...] instead.
DEBUG: /media/jefferson/11c42dee-73a3-4c2b-ab42-a0440011d9e0/.s-core-build/runs/score-assessment-fixes-_g8_rb47/docs-as-code/docs.bzl:705:14: INFO: ⚠️ DEPRECATED: Passing a Needs inventory through docs(data = [...]) is deprecated!!! Move it to external_needs = [...] instead.
Loading: 48 packages loaded
Analyzing: 99 targets (48 packages loaded)
Analyzing: 99 targets (48 packages loaded, 0 targets configured)
Analyzing: 99 targets (48 packages loaded, 0 targets configured)

Analyzing: 99 targets (216 packages loaded, 438 targets configured)
[2 / 2] no actions running
Analyzing: 99 targets (242 packages loaded, 747 targets configured)
[2 / 2] no actions running
Analyzing: 99 targets (258 packages loaded, 1155 targets configured)
[2 / 2] no actions running
Analyzing: 99 targets (341 packages loaded, 4473 targets configured)
[2 / 2] no actions running
Analyzing: 99 targets (355 packages loaded, 19601 targets configured)
[20 / 20] no actions running
Analyzing: 99 targets (356 packages loaded, 24721 targets configured)
[24 / 25] Creating runfiles tree bazel-out/k8-fastbuild/bin/scripts_bazel/merge_needs_json.runfiles; 0s local
INFO: Analyzed 99 targets (357 packages loaded, 24841 targets configured).
[49 / 114] checking cached actions
[71 / 147] Creating runfiles tree bazel-out/k8-fastbuild/bin/scripts_bazel/traceability_gate.runfiles; 0s local ... (2 actions, 1 running)
[81 / 162] Creating runfiles tree bazel-out/k8-fastbuild/bin/scripts_bazel/traceability_gate.runfiles; 2s local ... (2 actions running)
[85 / 177] Creating runfiles tree bazel-out/k8-fastbuild/bin/scripts_bazel/traceability_gate.runfiles; 5s local ... (3 actions, 2 running)
[132 / 224] Creating runfiles tree bazel-out/k8-fastbuild/bin/scripts_bazel/traceability_gate.runfiles; 6s local ... (3 actions running)
[135 / 228] Creating runfiles tree bazel-out/k8-fastbuild/bin/scripts_bazel/traceability_gate.runfiles; 10s local ... (4 actions, 3 running)
[210 / 229] Creating runfiles tree bazel-out/k8-fastbuild/bin/scripts_bazel/traceability_gate.runfiles; 11s local ... (4 actions running)
[220 / 232] Creating runfiles tree bazel-out/k8-fastbuild/bin/scripts_bazel/traceability_gate.runfiles; 17s local ... (5 actions, 4 running)
[225 / 236] Creating runfiles tree bazel-out/k8-fastbuild/bin/scripts_bazel/traceability_gate.runfiles; 18s local ... (5 actions running)
[248 / 261] Creating runfiles tree bazel-out/k8-fastbuild/bin/scripts_bazel/traceability_gate.runfiles; 21s local ... (6 actions, 5 running)
[254 / 265] Creating runfiles tree bazel-out/k8-opt-exec-ST-d57f47055a04/bin/src/extensions/score_metamodel/docs/generate_metamodel_rst_bin.runfiles [for tool]; 17s local ... (4 actions running)
[264 / 279] Creating runfiles tree bazel-out/k8-opt-exec-ST-d57f47055a04/bin/src/extensions/score_metamodel/docs/generate_metamodel_rst_bin.runfiles [for tool]; 21s local ... (5 actions running)
[305 / 321] Creating runfiles tree bazel-out/k8-fastbuild/bin/scripts_bazel/merge_sourcelinks.runfiles; 18s local ... (7 actions running)
[315 / 328] Creating runfiles tree bazel-out/k8-opt-exec-ST-d57f47055a04/bin/scripts_bazel/merge_sourcelinks.runfiles [for tool]; 13s local ... (6 actions running)
[332 / 342] Creating runfiles tree bazel-out/k8-opt-exec-ST-d57f47055a04/bin/scripts_bazel/merge_sourcelinks.runfiles [for tool]; 16s local ... (7 actions, 6 running)
[333 / 342] Creating runfiles tree bazel-out/k8-opt-exec-ST-d57f47055a04/bin/scripts_bazel/generate_sourcelinks.runfiles [for tool]; 14s local ... (6 actions running)
[334 / 342] Creating runfiles tree bazel-out/k8-opt-exec-ST-d57f47055a04/bin/scripts_bazel/generate_sourcelinks.runfiles [for tool]; 17s local ... (5 actions running)
[335 / 342] Creating runfiles tree bazel-out/k8-fastbuild/bin/scripts_bazel/generate_sourcelinks.runfiles; 18s local ... (5 actions, 4 running)
[338 / 342] Creating runfiles tree bazel-out/k8-fastbuild/bin/assurance/query.runfiles; 19s local ... (3 actions running)
[339 / 342] GenerateCodeTargetSourcelinks docs_bundle.__internal__.sourcelinks_json.json; 2s processwrapper-sandbox ... (2 actions running)
INFO: From GenerateCodeTargetSourcelinks src/tests/docs_bzl/scenarios/nested_bundles/child.__internal__.sourcelinks_json.json:
Found 3 need references in 4 files
[340 / 342] GenerateCodeTargetSourcelinks docs_bundle.__internal__.sourcelinks_json.json; 11s processwrapper-sandbox
INFO: From GenerateCodeTargetSourcelinks docs_bundle.__internal__.sourcelinks_json.json:
Found 205 need references in 3758 files
[341 / 342] MergeBundleSourcelinks sourcelinks_json.json; 0s processwrapper-sandbox
INFO: From MergeBundleSourcelinks sourcelinks_json.json:
Merged 2 files into 208 total references
INFO: Found 99 targets...
[342 / 342] no actions running
INFO: Elapsed time: 83.370s, Critical Path: 38.82s
INFO: 51 processes: 320 action cache hit, 47 internal, 4 processwrapper-sandbox.
INFO: Build completed successfully, 51 total actions
