Another command holds the output base lock: 
pid=7
owner=client
cwd=/media/jefferson/11c42dee-73a3-4c2b-ab42-a0440011d9e0/.s-core-build/runs/score-assessment-fixes-_g8_rb47/docs-as-code

Waiting for it to complete...
OpenJDK 64-Bit Server VM warning: Options -Xverify:none and -noverify were deprecated in JDK 13 and will likely be removed in a future release.
Computing main repo mapping: 
Loading: 
Loading: 0 packages loaded
Analyzing: target //:docs (1 packages loaded)
Analyzing: target //:docs (1 packages loaded, 0 targets configured)
Analyzing: target //:docs (1 packages loaded, 0 targets configured)

Analyzing: target //:docs (216 packages loaded, 1274 targets configured)

Analyzing: target //:docs (257 packages loaded, 5803 targets configured)

Analyzing: target //:docs (290 packages loaded, 14567 targets configured)

INFO: Analyzed target //:docs (317 packages loaded, 24285 targets configured).
[1 / 1] no actions running
[19 / 121] Creating runfiles tree bazel-out/k8-fastbuild/bin/_score_docs_cli.runfiles; 0s local ... (3 actions, 2 running)
[22 / 122] Creating runfiles tree bazel-out/k8-opt-exec-ST-d57f47055a04/bin/src/extensions/score_metamodel/docs/generate_metamodel_rst_bin.runfiles [for tool]; 1s local ... (2 actions running)
[23 / 125] Creating runfiles tree bazel-out/k8-opt-exec-ST-d57f47055a04/bin/scripts_bazel/merge_sourcelinks.runfiles [for tool]; 3s local ... (2 actions, 1 running)
[27 / 129] Creating runfiles tree bazel-out/k8-opt-exec-ST-d57f47055a04/bin/scripts_bazel/merge_sourcelinks.runfiles [for tool]; 4s local ... (2 actions running)
[63 / 129] Creating runfiles tree bazel-out/k8-opt-exec-ST-d57f47055a04/bin/scripts_bazel/generate_sourcelinks.runfiles [for tool]; 2s local ... (2 actions, 1 running)
[115 / 130] Creating runfiles tree bazel-out/k8-opt-exec-ST-d57f47055a04/bin/scripts_bazel/generate_sourcelinks.runfiles [for tool]; 4s local ... (2 actions running)
[117 / 130] Creating runfiles tree bazel-out/k8-opt-exec-ST-d57f47055a04/bin/scripts_bazel/generate_sourcelinks.runfiles [for tool]; 6s local ... (2 actions running)
[120 / 130] Creating runfiles tree bazel-out/k8-opt-exec-ST-d57f47055a04/bin/scripts_bazel/generate_sourcelinks.runfiles [for tool]; 8s local ... (2 actions, 1 running)
[121 / 130] Building src/plantuml.jar () [for tool]; 1s multiplex-worker ... (6 actions running)
[122 / 130] MergeBundleSourcelinks external/score_process_description+/sourcelinks_json.json; 6s processwrapper-sandbox ... (5 actions running)
[123 / 130] MergeBundleSourcelinks external/score_process_description+/sourcelinks_json.json; 15s processwrapper-sandbox ... (4 actions running)
INFO: From MergeBundleSourcelinks external/score_process_description+/sourcelinks_json.json:
Merged 0 files into 0 total references
INFO: From MergeBundleSourcelinks external/score_process_description+/sourcelinks_json.json [for tool]:
Merged 0 files into 0 total references
INFO: From GenerateCodeTargetSourcelinks src/tests/docs_bzl/scenarios/nested_bundles/child.__internal__.sourcelinks_json.json:
Found 3 need references in 4 files
[126 / 130] GenerateCodeTargetSourcelinks docs_bundle.__internal__.sourcelinks_json.json; 16s processwrapper-sandbox ... (2 actions running)
INFO: From GenerateCodeTargetSourcelinks docs_bundle.__internal__.sourcelinks_json.json:
Found 205 need references in 3742 files
[127 / 130] Building Needs inventory for @@score_process_description+//:needs_json; 6s processwrapper-sandbox ... (2 actions, 1 running)
[127 / 130] Building Needs inventory for @@score_process_description+//:needs_json; 8s processwrapper-sandbox ... (2 actions running)
INFO: From MergeBundleSourcelinks sourcelinks_json.json:
Merged 2 files into 208 total references
[128 / 130] Building Needs inventory for @@score_process_description+//:needs_json; 9s processwrapper-sandbox
[128 / 130] Building Needs inventory for @@score_process_description+//:needs_json; 20s processwrapper-sandbox
INFO: From Building Needs inventory for @@score_process_description+//:needs_json:
mkdir -p failed for path /home/vscode/.config/matplotlib: [Errno 30] Read-only file system: '/home/vscode/.config/matplotlib'
Matplotlib created a temporary cache directory at /media/jefferson/11c42dee-73a3-4c2b-ab42-a0440011d9e0/.s-core-build/runs/score-assessment-fixes-_g8_rb47/tool-tmp/matplotlib-6w1snvx1 because there was an issue with the default path ({configdir}); it is highly recommended to set the MPLCONFIGDIR environment variable to a writable directory, in particular to speed up the import of Matplotlib and to better support multiprocessing.
[129 / 130] [Prepa] Executing genrule @@score_process_description+//:needs_json_file
INFO: Found 1 target...
Target //:_score_docs_cli up-to-date:
  bazel-bin/_score_docs_cli
  bazel-bin/_score_docs_cli.venv.pth
INFO: Elapsed time: 62.550s, Critical Path: 45.08s
INFO: 40 processes: 90 action cache hit, 29 internal, 10 processwrapper-sandbox, 1 worker.
INFO: Build completed successfully, 40 total actions
INFO: Running command line: bazel-bin/_score_docs_cli
/media/jefferson/11c42dee-73a3-4c2b-ab42-a0440011d9e0/.s-core-build/runs/score-assessment-fixes-_g8_rb47/docs-as-code/docs/internals/assurance_harness.rst:14: WARNING: Explicit markup ends without a blank line; unexpected unindent. [docutils]
