OpenJDK 64-Bit Server VM warning: Options -Xverify:none and -noverify were deprecated in JDK 13 and will likely be removed in a future release.
Computing main repo mapping: 
Computing main repo mapping: 
Loading: 
Loading: 1 packages loaded
DEBUG: /media/jefferson/11c42dee-73a3-4c2b-ab42-a0440011d9e0/.s-core-build/runs/score-assessment-fixes-_g8_rb47/docs-as-code/docs.bzl:705:14: INFO: ⚠️ DEPRECATED: Passing a Needs inventory through docs(data = [...]) is deprecated!!! Move it to external_needs = [...] instead.
DEBUG: /media/jefferson/11c42dee-73a3-4c2b-ab42-a0440011d9e0/.s-core-build/runs/score-assessment-fixes-_g8_rb47/docs-as-code/docs.bzl:705:14: INFO: ⚠️ DEPRECATED: Passing a Needs inventory through docs(data = [...]) is deprecated!!! Move it to external_needs = [...] instead.
Loading: 48 packages loaded
Analyzing: 99 targets (48 packages loaded)
Analyzing: 99 targets (48 packages loaded, 0 targets configured)
Analyzing: 99 targets (48 packages loaded, 0 targets configured)

Analyzing: 99 targets (239 packages loaded, 435 targets configured)
[2 / 2] no actions running
Analyzing: 99 targets (288 packages loaded, 1034 targets configured)
[2 / 2] no actions running
Analyzing: 99 targets (349 packages loaded, 8755 targets configured)
[19 / 20] checking cached actions
Analyzing: 99 targets (357 packages loaded, 24663 targets configured)
[23 / 25] [Prepa] Creating source manifest for //scripts_bazel:merge_needs_json
Analyzing: 99 targets (357 packages loaded, 24831 targets configured)
[23 / 25] Creating source manifest for //scripts_bazel:merge_needs_json; 0s local
INFO: Analyzed 99 targets (357 packages loaded, 24841 targets configured).
[77 / 194] Creating runfiles tree bazel-out/k8-fastbuild/bin/scripts_bazel/generate_sourcelinks.runfiles; 0s local ... (5 actions, 4 running)
[84 / 201] Creating runfiles tree bazel-out/k8-fastbuild/bin/scripts_bazel/generate_sourcelinks.runfiles; 2s local ... (5 actions running)
[86 / 201] Creating runfiles tree bazel-out/k8-fastbuild/bin/scripts_bazel/generate_sourcelinks.runfiles; 5s local ... (3 actions running)
[87 / 201] Creating runfiles tree bazel-out/k8-fastbuild/bin/tools/module_verification_reports.runfiles; 7s local ... (2 actions running)
[120 / 237] Creating runfiles tree bazel-out/k8-fastbuild/bin/tools/module_verification_reports.runfiles; 8s local ... (2 actions running)
[123 / 244] Creating runfiles tree bazel-out/k8-fastbuild/bin/tools/module_verification_reports.runfiles; 9s local ... (4 actions running)
[135 / 257] Creating runfiles tree bazel-out/k8-fastbuild/bin/tools/module_verification_reports.runfiles; 14s local ... (5 actions running)
[168 / 279] Creating runfiles tree bazel-out/k8-fastbuild/bin/tools/module_verification_reports.runfiles; 15s local ... (4 actions running)
[170 / 279] Creating runfiles tree bazel-out/k8-fastbuild/bin/tools/module_verification_reports.runfiles; 21s local ... (3 actions running)
[309 / 342] Creating runfiles tree bazel-out/k8-fastbuild/bin/src/extensions/score_metamodel/docs/generate_metamodel_rst_bin.runfiles; 14s local ... (2 actions running)
[334 / 342] Creating runfiles tree bazel-out/k8-fastbuild/bin/src/extensions/score_metamodel/docs/generate_metamodel_rst_bin.runfiles; 15s local ... (4 actions, 3 running)
[336 / 342] Creating runfiles tree bazel-out/k8-fastbuild/bin/src/extensions/score_metamodel/docs/generate_metamodel_rst_bin.runfiles; 17s local ... (5 actions running)
[337 / 342] Creating runfiles tree bazel-out/k8-fastbuild/bin/src/extensions/score_metamodel/docs/generate_metamodel_rst_bin.runfiles; 21s local ... (4 actions running)
[338 / 342] GenerateCodeTargetSourcelinks docs_bundle.__internal__.sourcelinks_json.json; 14s processwrapper-sandbox ... (3 actions running)
[339 / 342] GenerateCodeTargetSourcelinks docs_bundle.__internal__.sourcelinks_json.json; 15s processwrapper-sandbox ... (2 actions running)
INFO: From GenerateCodeTargetSourcelinks src/tests/docs_bzl/scenarios/nested_bundles/child.__internal__.sourcelinks_json.json:
Found 3 need references in 4 files
[340 / 342] GenerateCodeTargetSourcelinks docs_bundle.__internal__.sourcelinks_json.json; 18s processwrapper-sandbox
INFO: From GenerateCodeTargetSourcelinks docs_bundle.__internal__.sourcelinks_json.json:
Found 205 need references in 3758 files
[341 / 342] [Prepa] MergeBundleSourcelinks sourcelinks_json.json
[341 / 342] MergeBundleSourcelinks sourcelinks_json.json; 1s processwrapper-sandbox
INFO: From MergeBundleSourcelinks sourcelinks_json.json:
Merged 2 files into 208 total references
INFO: Found 99 targets...
INFO: Elapsed time: 70.017s, Critical Path: 31.79s
INFO: 46 processes: 326 action cache hit, 42 internal, 4 processwrapper-sandbox.
INFO: Build completed successfully, 46 total actions
