OpenJDK 64-Bit Server VM warning: Options -Xverify:none and -noverify were deprecated in JDK 13 and will likely be removed in a future release.
Computing main repo mapping: 
Computing main repo mapping: 
Computing main repo mapping: 
Computing main repo mapping: 
Computing main repo mapping: 
Loading: 
Loading: 5 packages loaded
Analyzing: target //quality/static_analysis:codeql_lint (6 packages loaded, 0 targets configured)
Analyzing: target //quality/static_analysis:codeql_lint (6 packages loaded, 0 targets configured)

Analyzing: target //quality/static_analysis:codeql_lint (35 packages loaded, 10 targets configured)

Analyzing: target //quality/static_analysis:codeql_lint (157 packages loaded, 1228 targets configured)

Analyzing: target //quality/static_analysis:codeql_lint (172 packages loaded, 10068 targets configured)

Analyzing: target //quality/static_analysis:codeql_lint (198 packages loaded, 17891 targets configured)

Analyzing: target //quality/static_analysis:codeql_lint (200 packages loaded, 20419 targets configured)

INFO: Analyzed target //quality/static_analysis:codeql_lint (201 packages loaded, 50716 targets configured).
[29 / 29] no actions running
INFO: Found 1 target...
Target //quality/static_analysis:codeql_lint up-to-date:
  bazel-bin/quality/static_analysis/codeql_lint
INFO: Elapsed time: 18.539s, Critical Path: 0.54s
INFO: 1 process: 29 action cache hit, 1 internal.
INFO: Build completed successfully, 1 total action
INFO: Running command line: bazel-bin/quality/static_analysis/codeql_lint '--codeql_path=../+_repo_rules4+codeql_bundle/codeql_cli' '--config_path=quality/static_analysis/config.yaml' '--analysis_report_path=../+_repo_rules4+codeql_coding_standards/analysis_report' '--guideline_recategorize_path=../+_repo_rules4+codeql_coding_standards/guideline_recategorize' <args omitted>
Calculating baseline information in /media/jefferson/11c42dee-73a3-4c2b-ab42-a0440011d9e0/.s-core-build/runs/score-communication-bug-recovery-fw8j963z/issue-1104
Running command in /media/jefferson/11c42dee-73a3-4c2b-ab42-a0440011d9e0/.s-core-build/runs/score-communication-bug-recovery-fw8j963z/issue-1104: [/media/jefferson/11c42dee-73a3-4c2b-ab42-a0440011d9e0/.s-core-build/runs/score-communication-bug-recovery-fw8j963z/bazel-output/94ea1c2da6358fe9a16db9d10bbde52f/external/+_repo_rules4+codeql_bundle/codeql/javascript/tools/configure-baseline.sh]
Calculated baseline information for languages: cpp, javascript, python (145ms).
Resolving extractor cpp.
Successfully loaded extractor C/C++ (cpp) from /media/jefferson/11c42dee-73a3-4c2b-ab42-a0440011d9e0/.s-core-build/runs/score-communication-bug-recovery-fw8j963z/bazel-output/94ea1c2da6358fe9a16db9d10bbde52f/external/+_repo_rules4+codeql_bundle/codeql/cpp.
Created skeleton CodeQL database at /media/jefferson/11c42dee-73a3-4c2b-ab42-a0440011d9e0/.s-core-build/runs/score-communication-bug-recovery-fw8j963z/codeql-candidate/1104. This in-progress database is ready to be populated by an extractor.
WARNING: ignoring LD_PRELOAD in environment.
OpenJDK 64-Bit Server VM warning: Options -Xverify:none and -noverify were deprecated in JDK 13 and will likely be removed in a future release.
Computing main repo mapping: 
Computing main repo mapping: 
Computing main repo mapping: 
Computing main repo mapping: 
Computing main repo mapping: 
Loading: 
Loading: 5 packages loaded
Analyzing: target @@+_repo_rules4+codeql_coding_standards//:process_coding_standards_config (6 packages loaded, 0 targets configured)
Analyzing: target @@+_repo_rules4+codeql_coding_standards//:process_coding_standards_config (6 packages loaded, 0 targets configured)

Analyzing: target @@+_repo_rules4+codeql_coding_standards//:process_coding_standards_config (99 packages loaded, 10 targets configured)

Analyzing: target @@+_repo_rules4+codeql_coding_standards//:process_coding_standards_config (171 packages loaded, 6239 targets configured)

INFO: Analyzed target @@+_repo_rules4+codeql_coding_standards//:process_coding_standards_config (176 packages loaded, 11301 targets configured).
INFO: Found 1 target...
Target @@+_repo_rules4+codeql_coding_standards//:process_coding_standards_config up-to-date:
  bazel-bin/external/+_repo_rules4+codeql_coding_standards/process_coding_standards_config
INFO: Elapsed time: 12.552s, Critical Path: 0.11s
INFO: 1 process: 10 action cache hit, 1 internal.
INFO: Build completed successfully, 1 total action
INFO: Running command line: bazel-bin/external/+_repo_rules4+codeql_coding_standards/process_coding_standards_config <args omitted>
Scanning for files in /media/jefferson/11c42dee-73a3-4c2b-ab42-a0440011d9e0/.s-core-build/runs/score-communication-bug-recovery-fw8j963z/issue-1104...
/media/jefferson/11c42dee-73a3-4c2b-ab42-a0440011d9e0/.s-core-build/runs/score-communication-bug-recovery-fw8j963z/codeql-candidate/1104: Indexing files in in /media/jefferson/11c42dee-73a3-4c2b-ab42-a0440011d9e0/.s-core-build/runs/score-communication-bug-recovery-fw8j963z/issue-1104...
Running command in /media/jefferson/11c42dee-73a3-4c2b-ab42-a0440011d9e0/.s-core-build/runs/score-communication-bug-recovery-fw8j963z/issue-1104: [/media/jefferson/11c42dee-73a3-4c2b-ab42-a0440011d9e0/.s-core-build/runs/score-communication-bug-recovery-fw8j963z/bazel-output/94ea1c2da6358fe9a16db9d10bbde52f/external/+_repo_rules4+codeql_bundle/codeql/xml/tools/index-files.sh, /media/jefferson/11c42dee-73a3-4c2b-ab42-a0440011d9e0/.s-core-build/runs/score-communication-bug-recovery-fw8j963z/codeql-candidate/1104/working/files-to-index3076410375957073824.list]
WARNING: ignoring LD_PRELOAD in environment.
OpenJDK 64-Bit Server VM warning: Options -Xverify:none and -noverify were deprecated in JDK 13 and will likely be removed in a future release.
Computing main repo mapping: 
Computing main repo mapping: 
Computing main repo mapping: 
Computing main repo mapping: 
Computing main repo mapping: 
Loading: 
Loading: 5 packages loaded
Analyzing: 622 targets (68 packages loaded, 0 targets configured)
Analyzing: 622 targets (68 packages loaded, 0 targets configured)

Analyzing: 622 targets (124 packages loaded, 170 targets configured)
[6 / 6] no actions running
Analyzing: 622 targets (130 packages loaded, 170 targets configured)
[6 / 6] no actions running
Analyzing: 622 targets (224 packages loaded, 963 targets configured)
[6 / 6] no actions running
WARNING: /media/jefferson/11c42dee-73a3-4c2b-ab42-a0440011d9e0/.s-core-build/runs/score-communication-bug-recovery-fw8j963z/issue-1104/MODULE.bazel:196:20: The module extension apt defined in @rules_distroless//apt:extensions.bzl reported incorrect imports of repositories via use_repo():

Imported, but reported as indirect dependencies by the extension:
    ubuntu24_04_sysroot_resolve

Fix the use_repo calls by running 'bazel mod tidy'.
Analyzing: 622 targets (360 packages loaded, 7854 targets configured)
[6 / 6] no actions running
Analyzing: 622 targets (669 packages loaded, 17691 targets configured)
[6 / 6] no actions running
Analyzing: 622 targets (746 packages loaded, 31467 targets configured)
[32 / 72] Creating runfiles tree bazel-out/k8-fastbuild-codeql/bin/score/mw/com/impl/configuration/test/invalid_json_incomplete_event.runfiles; 0s local
Analyzing: 622 targets (748 packages loaded, 32061 targets configured)
[52 / 103] Creating runfiles tree bazel-out/k8-fastbuild-codeql/bin/score/mw/com/impl/configuration/converter/json_to_flatbuffer.runfiles; 0s local
Analyzing: 622 targets (748 packages loaded, 32852 targets configured)
[62 / 124] Creating runfiles tree bazel-out/k8-fastbuild-codeql/bin/score/mw/com/impl/configuration/converter/json_to_flatbuffer.runfiles; 1s local ... (2 actions running)
INFO: Analyzed 622 targets (748 packages loaded, 32927 targets configured).
[85 / 167] Creating runfiles tree bazel-out/k8-fastbuild-codeql/bin/score/mw/com/impl/configuration/converter/json_to_flatbuffer.runfiles; 2s local ... (3 actions, 2 running)
[184 / 603] Creating runfiles tree bazel-out/k8-fastbuild-codeql/bin/score/mw/com/impl/configuration/schema_drift_test.runfiles; 0s local ... (2 actions, 1 running)
[670 / 2,088] Creating runfiles tree bazel-out/k8-fastbuild-codeql/bin/score/mw/com/impl/configuration/schema_drift_test.runfiles; 2s local ... (6 actions, 5 running)
[996 / 3,245] Creating runfiles tree bazel-out/k8-fastbuild-codeql/bin/score/mw/com/impl/configuration/generate_schema.runfiles; 1s local ... (8 actions, 7 running)
[1,195 / 3,864] Creating runfiles tree bazel-out/k8-opt-exec-ST-d57f47055a04/bin/external/rules_pkg+/pkg/private/tar/build_tar.runfiles [for tool]; 1s local ... (6 actions, 5 running)
[1,349 / 4,123] Creating runfiles tree bazel-out/k8-fastbuild-codeql/bin/score/mw/com/impl/test/reserving_skeleton_slots/integration_test/reserving_skeleton_slots.runfiles; 1s local ... (8 actions, 7 running)
[1,480 / 4,616] Creating runfiles tree bazel-out/k8-fastbuild-codeql/bin/score/mw/com/impl/test/reserving_skeleton_slots/integration_test/reserving_skeleton_slots.runfiles; 2s local ... (8 actions, 7 running)
[1,528 / 4,682] Creating runfiles tree bazel-out/k8-fastbuild-codeql/bin/score/mw/com/impl/test/methods/semi_dynamic_methods/integration_test/semi_dynamic_methods_same_process_test.runfiles; 1s local ... (4 actions, 3 running)
[1,582 / 4,716] Creating runfiles tree bazel-out/k8-fastbuild-codeql/bin/score/mw/com/impl/test/methods/semi_dynamic_methods/integration_test/semi_dynamic_methods_same_process_test.runfiles; 2s local ... (4 actions running)
[1,601 / 4,738] Creating runfiles tree bazel-out/k8-fastbuild-codeql/bin/score/mw/com/impl/test/methods/semi_dynamic_methods/integration_test/semi_dynamic_methods_same_process_test.runfiles; 4s local ... (4 actions, 3 running)
[1,640 / 4,754] Creating runfiles tree bazel-out/k8-fastbuild-codeql/bin/score/mw/com/impl/test/methods/semi_dynamic_methods/integration_test/semi_dynamic_methods_same_process_test.runfiles; 5s local ... (4 actions, 3 running)
[1,694 / 4,762] Creating runfiles tree bazel-out/k8-fastbuild-codeql/bin/score/mw/com/impl/generic_skeleton_test.runfiles; 0s local ... (2 actions, 1 running)
[1,747 / 4,812] Creating runfiles tree bazel-out/k8-fastbuild-codeql/bin/score/mw/com/impl/rust/com-api/com-api-runtime-lola/com-api-runtime-lola-doc-tests.rustdoc_test.sh.runfiles; 1s local ... (2 actions, 1 running)
[1,772 / 4,812] Creating runfiles tree bazel-out/k8-fastbuild-codeql/bin/score/mw/com/impl/rust/com-api/com-api-runtime-lola/com-api-runtime-lola-doc-tests.rustdoc_test.sh.runfiles; 2s local
[1,784 / 4,812] Creating runfiles tree bazel-out/k8-fastbuild-codeql/bin/score/mw/com/impl/rust/com-api/com-api-runtime-lola/com-api-runtime-lola-doc-tests.rustdoc_test.sh.runfiles; 3s local ... (2 actions, 1 running)
[1,890 / 5,002] Creating runfiles tree bazel-out/k8-fastbuild-codeql/bin/score/mw/com/impl/rust/com-api/com-api-runtime-lola/com-api-runtime-lola-doc-tests.rustdoc_test.sh.runfiles; 4s local ... (5 actions, 4 running)
[1,942 / 5,079] Creating runfiles tree bazel-out/k8-fastbuild-codeql/bin/score/mw/com/impl/rust/com-api/com-api-runtime-lola/com-api-runtime-lola-doc-tests.rustdoc_test.sh.runfiles; 6s local ... (5 actions, 4 running)
[1,988 / 5,136] Creating runfiles tree bazel-out/k8-fastbuild-codeql/bin/score/mw/com/impl/rust/com-api/com-api-runtime-lola/com-api-runtime-lola-doc-tests.rustdoc_test.sh.runfiles; 7s local ... (3 actions running)
[2,010 / 5,136] Creating runfiles tree bazel-out/k8-fastbuild-codeql/bin/score/mw/com/impl/rust/com-api/com-api-runtime-lola/com-api-runtime-lola-doc-tests.rustdoc_test.sh.runfiles; 8s local ... (4 actions, 3 running)
[2,011 / 5,136] Creating runfiles tree bazel-out/k8-fastbuild-codeql/bin/score/mw/com/impl/rust/com-api/com-api-runtime-lola/com-api-runtime-lola-doc-tests.rustdoc_test.sh.runfiles; 9s local ... (4 actions, 3 running)
[2,021 / 5,136] Creating runfiles tree bazel-out/k8-fastbuild-codeql/bin/score/mw/com/impl/rust/com-api/com-api-runtime-lola/com-api-runtime-lola-doc-tests.rustdoc_test.sh.runfiles; 10s local ... (4 actions, 3 running)
[2,059 / 5,136] Creating runfiles tree bazel-out/k8-fastbuild-codeql/bin/score/mw/com/impl/rust/com-api/com-api-runtime-lola/com-api-runtime-lola-doc-tests.rustdoc_test.sh.runfiles; 12s local ... (3 actions running)
[2,071 / 5,136] Creating runfiles tree bazel-out/k8-fastbuild-codeql/bin/score/mw/com/impl/rust/com-api/com-api-runtime-lola/com-api-runtime-lola-doc-tests.rustdoc_test.sh.runfiles; 13s local ... (2 actions, 1 running)
ERROR: /media/jefferson/11c42dee-73a3-4c2b-ab42-a0440011d9e0/.s-core-build/runs/score-communication-bug-recovery-fw8j963z/issue-1104/score/mw/com/impl/util/test/BUILD:57:20: Action score/mw/com/impl/util/test/arithmetic_utils_multiplication_build_error_test__0__0/compile_output failed: (Exit 2): bash failed: error executing Action command (from target //score/mw/com/impl/util/test:arithmetic_utils_multiplication_build_error_test__0__0) /bin/bash -c '"$@"' '' external/rules_build_error+/lang/private/script/try_build.bash -e ... (remaining 87 arguments skipped)

Use --sandbox_debug to see verbose messages from the sandbox and retain the sandbox build root for debugging
external/rules_build_error+/lang/private/script/try_build.bash: 1: set: Illegal option -o pipefail
[2,080 / 5,136] checking cached actions
Use --verbose_failures to see the command lines of failed build steps.
INFO: Elapsed time: 44.928s, Critical Path: 14.30s
INFO: 2080 processes: 2074 internal, 6 processwrapper-sandbox.
ERROR: Build did NOT complete successfully
Traceback (most recent call last):
  File "/media/jefferson/11c42dee-73a3-4c2b-ab42-a0440011d9e0/.s-core-build/runs/score-communication-bug-recovery-fw8j963z/bazel-output/94ea1c2da6358fe9a16db9d10bbde52f/execroot/_main/bazel-out/k8-fastbuild/bin/quality/static_analysis/codeql_lint.runfiles/_main/quality/static_analysis/_codeql_lint_stage2_bootstrap.py", line 499, in <module>
    main()
  File "/media/jefferson/11c42dee-73a3-4c2b-ab42-a0440011d9e0/.s-core-build/runs/score-communication-bug-recovery-fw8j963z/bazel-output/94ea1c2da6358fe9a16db9d10bbde52f/execroot/_main/bazel-out/k8-fastbuild/bin/quality/static_analysis/codeql_lint.runfiles/_main/quality/static_analysis/_codeql_lint_stage2_bootstrap.py", line 493, in main
    _run_py_path(main_filename, args=sys.argv[1:])
  File "/media/jefferson/11c42dee-73a3-4c2b-ab42-a0440011d9e0/.s-core-build/runs/score-communication-bug-recovery-fw8j963z/bazel-output/94ea1c2da6358fe9a16db9d10bbde52f/execroot/_main/bazel-out/k8-fastbuild/bin/quality/static_analysis/codeql_lint.runfiles/_main/quality/static_analysis/_codeql_lint_stage2_bootstrap.py", line 287, in _run_py_path
    runpy.run_path(main_filename, run_name="__main__")
  File "<frozen runpy>", line 287, in run_path
  File "<frozen runpy>", line 98, in _run_module_code
  File "<frozen runpy>", line 88, in _run_code
  File "/media/jefferson/11c42dee-73a3-4c2b-ab42-a0440011d9e0/.s-core-build/runs/score-communication-bug-recovery-fw8j963z/bazel-output/94ea1c2da6358fe9a16db9d10bbde52f/execroot/_main/bazel-out/k8-fastbuild/bin/quality/static_analysis/codeql_lint.runfiles/_main/quality/static_analysis/codeql_lint.py", line 611, in <module>
    main()
  File "/media/jefferson/11c42dee-73a3-4c2b-ab42-a0440011d9e0/.s-core-build/runs/score-communication-bug-recovery-fw8j963z/bazel-output/94ea1c2da6358fe9a16db9d10bbde52f/execroot/_main/bazel-out/k8-fastbuild/bin/quality/static_analysis/codeql_lint.runfiles/_main/quality/static_analysis/codeql_lint.py", line 525, in main
    create_database(
  File "/media/jefferson/11c42dee-73a3-4c2b-ab42-a0440011d9e0/.s-core-build/runs/score-communication-bug-recovery-fw8j963z/bazel-output/94ea1c2da6358fe9a16db9d10bbde52f/execroot/_main/bazel-out/k8-fastbuild/bin/quality/static_analysis/codeql_lint.runfiles/_main/quality/static_analysis/codeql_lint.py", line 201, in create_database
    subprocess.run(f"{bazel_cmd} {target}", shell=True, env=env, cwd=source_root, check=True)
  File "/media/jefferson/11c42dee-73a3-4c2b-ab42-a0440011d9e0/.s-core-build/runs/score-communication-bug-recovery-fw8j963z/bazel-output/94ea1c2da6358fe9a16db9d10bbde52f/external/rules_python++python+python_3_12_x86_64-unknown-linux-gnu/lib/python3.12/subprocess.py", line 571, in run
    raise CalledProcessError(retcode, process.args,
subprocess.CalledProcessError: Command 'bazel build --config=codeql --stamp --action_env=CODEQL_SEED_FORCE_RECOMPILE=20261006191413557272 --action_env=CODEQL_SCRATCH_DIR --action_env=CODEQL_VERBOSITY --action_env=CODEQL_DIST --action_env=CODEQL_PLATFORM --action_env=CODEQL_PLATFORM_DLL_EXTENSION --action_env=CODEQL_JAVA_HOME --action_env=CODEQL_EXTRACTOR_CPP_ROOT --action_env=CODEQL_EXTRACTOR_CPP_WIP_DATABASE --action_env=CODEQL_EXTRACTOR_CPP_DIAGNOSTIC_DIR --action_env=CODEQL_EXTRACTOR_CPP_LOG_DIR --action_env=CODEQL_EXTRACTOR_CPP_SCRATCH_DIR --action_env=CODEQL_EXTRACTOR_CPP_TRAP_DIR --action_env=CODEQL_EXTRACTOR_CPP_SOURCE_ARCHIVE_DIR --action_env=CODEQL_TRACER_LOG --action_env=CODEQL_TRACER_DIAGNOSTICS_DIR --action_env=CODEQL_TRACER_LANGUAGES --action_env=SEMMLE_PRELOAD_libtrace --action_env=SEMMLE_PRELOAD_libtrace32 --action_env=SEMMLE_PRELOAD_libtrace64 --action_env=CODEQL_RUNNER --action_env=LD_PRELOAD //score/mw/com/impl/...' returned non-zero exit status 1.
